Starting http server...
Initializing cache
	Caching file: www/index.html
	Caching file: www/pbj.js
	Caching file: www/misc.js
	Caching file: www/constants.js
	Caching file: www/loader.js
	Caching file: www/shaders/shadow.vs
	Caching file: www/shaders/shadow_init.fs
	Caching file: www/shaders/simple.vs
	Caching file: www/shaders/chunk.fs
	Caching file: www/shaders/shadow_init.vs
	Caching file: www/shaders/shadow.fs
	Caching file: www/shaders/simple.fs
	Caching file: www/shaders/vis.vs
	Caching file: www/shaders/vis.fs
	Caching file: www/shaders/chunk.vs
	Caching file: www/img/terrain.png
	Caching file: www/session.js
	Caching file: www/login.pb.js
	Caching file: www/404.html
	Caching file: www/test.html
	Caching file: www/protobuf.js
	Caching file: www/network.pb.js
	Caching file: www/app.js
	Caching file: www/game.js
	Caching file: www/old_www/index.html
	Caching file: www/old_www/debug.js
	Caching file: www/old_www/linalg.js
	Caching file: www/old_www/sky.js
	Caching file: www/old_www/misc_gpu.js
	Caching file: www/old_www/chunk_worker.js
	Caching file: www/old_www/shadow.js
	Caching file: www/old_www/chunk_render.js
	Caching file: www/old_www/app.js
	Caching file: www/old_www/player.js
	Caching file: www/old_www/main.css
	Caching file: www/old_www/chunk_common.js
	Caching file: www/sha256.js
Creating listen socket
Creating epoll object
HTTP Worker 0 started
HTTP Worker 1 started
HTTP Worker 2 started
Worker started
Worker started
Worker started
Got connection
Connection successfully accepted, fd = 7
Processing header, fd = 7
parsing header
Got request header: Host, 127.0.0.1:8081
Got request header: Connection, keep-alive
Got request header: Cache-Control, max-age=0
Got request header: Accept, application/xml,application/xhtml+xml,text/html;q=0.9,text/plain;q=0.8,image/png,*/*;q=0.5
Got request header: User-Agent, Mozilla/5.0 (X11; U; Linux x86_64; en-US) AppleWebKit/534.10 (KHTML, like Gecko) Chrome/8.0.552.224 Safari/534.10
Got request header: Accept-Encoding, gzip,deflate,sdch
Got request header: Accept-Language, en-US,en;q=0.8
Got request header: Accept-Charset, ISO-8859-1,utf-8;q=0.7,*;q=0.3
Got cached HTTP request: index.html
Sending cached reply, pending_bytes = 715
Send complete
Disposing socket
Closing socket: 7
Got connection
Connection successfully accepted, fd = 7
Got connection
Connection successfully accepted, fd = 8
Got connection
Connection successfully accepted, fd = 9
Processing header, fd = 7
parsing header
Got request header: Host, 127.0.0.1:8081
Got request header: Connection, keep-alive
Got request header: Referer, http://127.0.0.1:8081/index.html
Got request header: Accept, */*
Got request header: User-Agent, Mozilla/5.0 (X11; U; Linux x86_64; en-US) AppleWebKit/534.10 (KHTML, like Gecko) Chrome/8.0.552.224 Safari/534.10
Got request header: Accept-Encoding, gzip,deflate,sdch
Got request header: Accept-Language, en-US,en;q=0.8
Got request header: Accept-Charset, ISO-8859-1,utf-8;q=0.7,*;q=0.3
Got cached HTTP request: sha256.js
Sending cached reply, pending_bytes = 3194
Send complete
Disposing socket
Closing socket: 7
Processing header, fd = 8
parsing header
Processing header, fd = 9
Got request header: Host, 127.0.0.1:8081
Got request header: Connection, keep-alive
Got request header: Referer, http://127.0.0.1:8081/index.html
Got request header: Accept, */*
Got request header: User-Agent, Mozilla/5.0 (X11; U; Linux x86_64; en-US) AppleWebKit/534.10 (KHTML, like Gecko) Chrome/8.0.552.224 Safari/534.10
Got request header: Accept-Encoding, gzip,deflate,sdch
Got request header: Accept-Language, en-US,en;q=0.8
Got request header: Accept-Charset, ISO-8859-1,utf-8;q=0.7,*;q=0.3
Got cached HTTP request: protobuf.js
Sending cached reply, pending_bytes = 12807
Send complete
Disposing socket
Closing socket: 8
parsing header
Got request header: Host, 127.0.0.1:8081
Got request header: Connection, keep-alive
Got request header: Referer, http://127.0.0.1:8081/index.html
Got request header: Accept, */*
Got request header: User-Agent, Mozilla/5.0 (X11; U; Linux x86_64; en-US) AppleWebKit/534.10 (KHTML, like Gecko) Chrome/8.0.552.224 Safari/534.10
Got request header: Accept-Encoding, gzip,deflate,sdch
Got request header: Accept-Language, en-US,en;q=0.8
Got request header: Accept-Charset, ISO-8859-1,utf-8;q=0.7,*;q=0.3
Got cached HTTP request: pbj.js
Sending cached reply, pending_bytes = 2683
Send complete
Disposing socket
Closing socket: 9
Got connection
Connection successfully accepted, fd = 7
Got connection
Got connection
Connection successfully accepted, fd = 8
Accept error, errno = 11
Got connection
Got connection
Accept error, errno = 11
Got connection
Accept error, errno = 11
Connection successfully accepted, fd = 9
Processing header, fd = 7
Socket not ready, repolling fd = 7
Socket not ready, repolling fd = 7
Socket not ready, repolling fd = 7
Socket not ready, repolling fd = 7
Socket not ready, repolling fd = 7
Socket not ready, repolling fd = 7
Socket not ready, repolling fd = 7
Socket not ready, repolling fd = 7
Socket not ready, repolling fd = 7
Socket not ready, repolling fd = 7
Socket not ready, repolling fd = 7
Socket not ready, repolling fd = 7
Socket not ready, repolling fd = 7
Socket not ready, repolling fd = 7
Socket not ready, repolling fd = 7
Socket not ready, repolling fd = 7
Socket not ready, repolling fd = 7
Socket not ready, repolling fd = 7
Socket not ready, repolling fd = 7
Socket not ready, repolling fd = 7
Socket not ready, repolling fd = 7
Socket not ready, repolling fd = 7
Socket not ready, repolling fd = 7
Socket not ready, repolling fd = 7
Socket not ready, repolling fd = 7
Socket not ready, repolling fd = 7
Socket not ready, repolling fd = 7
Socket not ready, repolling fd = 7
Socket not ready, repolling fd = 7
Socket not ready, repolling fd = 7
Socket not ready, repolling fd = 7
Socket not ready, repolling fd = 7
Socket not ready, repolling fd = 7
Socket not ready, repolling fd = 7
Socket not ready, repolling fd = 7
Socket not ready, repolling fd = 7
Socket not ready, repolling fd = 7
Socket not ready, repolling fd = 7
Socket not ready, repolling fd = 7
Socket not ready, repolling fd = 7
Socket not ready, repolling fd = 7
Socket not ready, repolling fd = 7
Socket not ready, repolling fd = 7
Socket not ready, repolling fd = 7
Socket not ready, repolling fd = 7
Socket not ready, repolling fd = 7
Socket not ready, repolling fd = 7
Socket not ready, repolling fd = 7
Socket not ready, repolling fd = 7
Socket not ready, repolling fd = 7
Socket not ready, repolling fd = 7
Socket not ready, repolling fd = 7
Socket not ready, repolling fd = 7
Socket not ready, repolling fd = 7
Socket not ready, repolling fd = 7
Socket not ready, repolling fd = 7
Socket not ready, repolling fd = 7
Socket not ready, repolling fd = 7
Socket not ready, repolling fd = 7
Socket not ready, repolling fd = 7
Socket not ready, repolling fd = 7
Socket not ready, repolling fd = 7
Socket not ready, repolling fd = 7
Socket not ready, repolling fd = 7
Socket not ready, repolling fd = 7
Socket not ready, repolling fd = 7
Socket not ready, repolling fd = 7
Socket not ready, repolling fd = 7
Socket not ready, repolling fd = 7
Socket not ready, repolling fd = 7
Socket not ready, repolling fd = 7
Socket not ready, repolling fd = 7
Socket not ready, repolling fd = 7
Socket not ready, repolling fd = 7
Socket not ready, repolling fd = 7
Socket not ready, repolling fd = 7
Socket not ready, repolling fd = 7
Socket not ready, repolling fd = 7
Socket not ready, repolling fd = 7
Socket not ready, repolling fd = 7
Socket not ready, repolling fd = 7
Socket not ready, repolling fd = 7
Socket not ready, repolling fd = 7
Socket not ready, repolling fd = 7
Socket not ready, repolling fd = 7
Socket not ready, repolling fd = 7
Socket not ready, repolling fd = 7
Socket not ready, repolling fd = 7
Socket not ready, repolling fd = 7
Socket not ready, repolling fd = 7
Socket not ready, repolling fd = 7
Socket not ready, repolling fd = 7
Socket not ready, repolling fd = 7
Socket not ready, repolling fd = 7
Socket not ready, repolling fd = 7
Socket not ready, repolling fd = 7
Socket not ready, repolling fd = 7
Socket not ready, repolling fd = 7
Socket not ready, repolling fd = 7
Socket not ready, repolling fd = 7
Socket not ready, repolling fd = 7
Socket not ready, repolling fd = 7
Socket not ready, repolling fd = 7
Socket not ready, repolling fd = 7
Socket not ready, repolling fd = 7
Socket not ready, repolling fd = 7
Socket not ready, repolling fd = 7
Socket not ready, repolling fd = 7
Socket not ready, repolling fd = 7
Socket not ready, repolling fd = 7
Socket not ready, repolling fd = 7
Socket not ready, repolling fd = 7
Socket not ready, repolling fd = 7
Socket not ready, repolling fd = 7
Socket not ready, repolling fd = 7
Socket not ready, repolling fd = 7
Socket not ready, repolling fd = 7
Socket not ready, repolling fd = 7
Socket not ready, repolling fd = 7
Socket not ready, repolling fd = 7
Socket not ready, repolling fd = 7
Socket not ready, repolling fd = 7
Socket not ready, repolling fd = 7
Socket not ready, repolling fd = 7
Socket not ready, repolling fd = 7
Socket not ready, repolling fd = 7
Socket not ready, repolling fd = 7
Socket not ready, repolling fd = 7
Socket not ready, repolling fd = 7
Socket not ready, repolling fd = 7
Socket not ready, repolling fd = 7
Socket not ready, repolling fd = 7
Socket not ready, repolling fd = 7
Socket not ready, repolling fd = 7
Socket not ready, repolling fd = 7
Socket not ready, repolling fd = 7
Socket not ready, repolling fd = 7
Socket not ready, repolling fd = 7
Socket not ready, repolling fd = 7
Socket not ready, repolling fd = 7
Socket not ready, repolling fd = 7
Socket not ready, repolling fd = 7
Socket not ready, repolling fd = 7
Socket not ready, repolling fd = 7
Socket not ready, repolling fd = 7
Socket not ready, repolling fd = 7
Socket not ready, repolling fd = 7
Socket not ready, repolling fd = 7
Socket not ready, repolling fd = 7
Socket not ready, repolling fd = 7
Socket not ready, repolling fd = 7
Socket not ready, repolling fd = 7
Socket not ready, repolling fd = 7
Socket not ready, repolling fd = 7
Socket not ready, repolling fd = 7
Socket not ready, repolling fd = 7
Socket not ready, repolling fd = 7
Socket not ready, repolling fd = 7
Socket not ready, repolling fd = 7
Socket not ready, repolling fd = 7
Socket not ready, repolling fd = 7
Socket not ready, repolling fd = 7
Socket not ready, repolling fd = 7
Socket not ready, repolling fd = 7
Socket not ready, repolling fd = 7
Socket not ready, repolling fd = 7
Socket not ready, repolling fd = 7
Socket not ready, repolling fd = 7
Socket not ready, repolling fd = 7
Socket not ready, repolling fd = 7
Socket not ready, repolling fd = 7
Socket not ready, repolling fd = 7
Socket not ready, repolling fd = 7
Socket not ready, repolling fd = 7
Socket not ready, repolling fd = 7
Socket not ready, repolling fd = 7
Socket not ready, repolling fd = 7
Socket not ready, repolling fd = 7
Socket not ready, repolling fd = 7
Socket not ready, repolling fd = 7
Socket not ready, repolling fd = 7
Socket not ready, repolling fd = 7
Socket not ready, repolling fd = 7
Socket not ready, repolling fd = 7
Socket not ready, repolling fd = 7
Socket not ready, repolling fd = 7
Socket not ready, repolling fd = 7
Socket not ready, repolling fd = 7
Socket not ready, repolling fd = 7
Socket not ready, repolling fd = 7
Socket not ready, repolling fd = 7
Socket not ready, repolling fd = 7
Socket not ready, repolling fd = 7
Socket not ready, repolling fd = 7
Socket not ready, repolling fd = 7
Socket not ready, repolling fd = 7
Socket not ready, repolling fd = 7
Socket not ready, repolling fd = 7
Socket not ready, repolling fd = 7
Socket not ready, repolling fd = 7
Socket not ready, repolling fd = 7
Socket not ready, repolling fd = 7
Socket not ready, repolling fd = 7
Socket not ready, repolling fd = 7
Socket not ready, repolling fd = 7
Socket not ready, repolling fd = 7
Socket not ready, repolling fd = 7
Socket not ready, repolling fd = 7
Socket not ready, repolling fd = 7
Socket not ready, repolling fd = 7
Socket not ready, repolling fd = 7
Socket not ready, repolling fd = 7
Socket not ready, repolling fd = 7
Socket not ready, repolling fd = 7
Socket not ready, repolling fd = 7
Socket not ready, repolling fd = 7
Socket not ready, repolling fd = 7
Socket not ready, repolling fd = 7
Socket not ready, repolling fd = 7
Socket not ready, repolling fd = 7
Socket not ready, repolling fd = 7
Socket not ready, repolling fd = 7
Socket not ready, repolling fd = 7
Socket not ready, repolling fd = 7
Socket not ready, repolling fd = 7
Socket not ready, repolling fd = 7
Socket not ready, repolling fd = 7
Socket not ready, repolling fd = 7
Socket not ready, repolling fd = 7
Socket not ready, repolling fd = 7
Socket not ready, repolling fd = 7
Socket not ready, repolling fd = 7
Socket not ready, repolling fd = 7
Socket not ready, repolling fd = 7
Socket not ready, repolling fd = 7
Socket not ready, repolling fd = 7
Socket not ready, repolling fd = 7
Socket not ready, repolling fd = 7
Socket not ready, repolling fd = 7
Socket not ready, repolling fd = 7
Socket not ready, repolling fd = 7
Socket not ready, repolling fd = 7
Socket not ready, repolling fd = 7
Socket not ready, repolling fd = 7
Socket not ready, repolling fd = 7
Socket not ready, repolling fd = 7
Processing header, fd = 9
Socket not ready, repolling fd = 9
Socket not ready, repolling fd = 9
Socket not ready, repolling fd = 9
Socket not ready, repolling fd = 9
Socket not ready, repolling fd = 9
Socket not ready, repolling fd = 9
Socket not ready, repolling fd = 9
Socket not ready, repolling fd = 9
Socket not ready, repolling fd = 9
Socket not ready, repolling fd = 9
Socket not ready, repolling fd = 9
Socket not ready, repolling fd = 9
Socket not ready, repolling fd = 9
Socket not ready, repolling fd = 9
Socket not ready, repolling fd = 9
Socket not ready, repolling fd = 9
Socket not ready, repolling fd = 9
Socket not ready, repolling fd = 9
Socket not ready, repolling fd = 9
Socket not ready, repolling fd = 9
Socket not ready, repolling fd = 9
Socket not ready, repolling fd = 9
Socket not ready, repolling fd = 9
Socket not ready, repolling fd = 9
Socket not ready, repolling fd = 9
Socket not ready, repolling fd = 9
Socket not ready, repolling fd = 9
Socket not ready, repolling fd = 9
Socket not ready, repolling fd = 9
Socket not ready, repolling fd = 9
Socket not ready, repolling fd = 9
Socket not ready, repolling fd = 9
Socket not ready, repolling fd = 9
Socket not ready, repolling fd = 9
Socket not ready, repolling fd = 9
Socket not ready, repolling fd = 9
Socket not ready, repolling fd = 9
Socket not ready, repolling fd = 9
Socket not ready, repolling fd = 9
Socket not ready, repolling fd = 9
Socket not ready, repolling fd = 9
Socket not ready, repolling fd = 9
Socket not ready, repolling fd = 9
Socket not ready, repolling fd = 9
Socket not ready, repolling fd = 9
Socket not ready, repolling fd = 9
Socket not ready, repolling fd = 9
Socket not ready, repolling fd = 9
Socket not ready, repolling fd = 9
Socket not ready, repolling fd = 9
Socket not ready, repolling fd = 9
Socket not ready, repolling fd = 9
Socket not ready, repolling fd = 9
Socket not ready, repolling fd = 9
Socket not ready, repolling fd = 9
Socket not ready, repolling fd = 9
Socket not ready, repolling fd = 9
Socket not ready, repolling fd = 9
Socket not ready, repolling fd = 9
Socket not ready, repolling fd = 9
Socket not ready, repolling fd = 9
Socket not ready, repolling fd = 9
Socket not ready, repolling fd = 9
Socket not ready, repolling fd = 9
Socket not ready, repolling fd = 9
Socket not ready, repolling fd = 9
Socket not ready, repolling fd = 9
Socket not ready, repolling fd = 9
Socket not ready, repolling fd = 9
Socket not ready, repolling fd = 9
Socket not ready, repolling fd = 9
Socket not ready, repolling fd = 9
Socket not ready, repolling fd = 9
Socket not ready, repolling fd = 9
Socket not ready, repolling fd = 9
Socket not ready, repolling fd = 9
Socket not ready, repolling fd = 9
Socket not ready, repolling fd = 9
Socket not ready, repolling fd = 9
Socket not ready, repolling fd = 9
Socket not ready, repolling fd = 9
Socket not ready, repolling fd = 9
Socket not ready, repolling fd = 9
Socket not ready, repolling fd = 9
Socket not ready, repolling fd = 9
Socket not ready, repolling fd = 9
Socket not ready, repolling fd = 9
Socket not ready, repolling fd = 9
Socket not ready, repolling fd = 9
Socket not ready, repolling fd = 9
Socket not ready, repolling fd = 9
Socket not ready, repolling fd = 9
Socket not ready, repolling fd = 9
Socket not ready, repolling fd = 9
Socket not ready, repolling fd = 9
Socket not ready, repolling fd = 9
Socket not ready, repolling fd = 9
Socket not ready, repolling fd = 9
Socket not ready, repolling fd = 9
Socket not ready, repolling fd = 9
Socket not ready, repolling fd = 9
Socket not ready, repolling fd = 9
Socket not ready, repolling fd = 9
Socket not ready, repolling fd = 9
Socket not ready, repolling fd = 9
Socket not ready, repolling fd = 9
Socket not ready, repolling fd = 9
Socket not ready, repolling fd = 9
Socket not ready, repolling fd = 9
Socket not ready, repolling fd = 9
Socket not ready, repolling fd = 9
Socket not ready, repolling fd = 9
Socket not ready, repolling fd = 9
Socket not ready, repolling fd = 9
Socket not ready, repolling fd = 9
Socket not ready, repolling fd = 9
Socket not ready, repolling fd = 9
Socket not ready, repolling fd = 9
Socket not ready, repolling fd = 9
Socket not ready, repolling fd = 9
Socket not ready, repolling fd = 9
Socket not ready, repolling fd = 9
Socket not ready, repolling fd = 9
Socket not ready, repolling fd = 9
Socket not ready, repolling fd = 9
Socket not ready, repolling fd = 9
Socket not ready, repolling fd = 9
Socket not ready, repolling fd = 9
Socket not ready, repolling fd = 9
Socket not ready, repolling fd = 9
Socket not ready, repolling fd = 9
Socket not ready, repolling fd = 9
Socket not ready, repolling fd = 9
Socket not ready, repolling fd = 9
Socket not ready, repolling fd = 9
Socket not ready, repolling fd = 9
Socket not ready, repolling fd = 9
Socket not ready, repolling fd = 9
Socket not ready, repolling fd = 9
Socket not ready, repolling fd = 9
Socket not ready, repolling fd = 9
Socket not ready, repolling fd = 9
Socket not ready, repolling fd = 9
Socket not ready, repolling fd = 9
Socket not ready, repolling fd = 9
Socket not ready, repolling fd = 9
Socket not ready, repolling fd = 9
Socket not ready, repolling fd = 9
Socket not ready, repolling fd = 9
Socket not ready, repolling fd = 9
Socket not ready, repolling fd = 9
Socket not ready, repolling fd = 9
Socket not ready, repolling fd = 9
Socket not ready, repolling fd = 9
Socket not ready, repolling fd = 9
Socket not ready, repolling fd = 9
Socket not ready, repolling fd = 9
Socket not ready, repolling fd = 9
Socket not ready, repolling fd = 9
Socket not ready, repolling fd = 9
Socket not ready, repolling fd = 9
Socket not ready, repolling fd = 9
Socket not ready, repolling fd = 9
Socket not ready, repolling fd = 9
Socket not ready, repolling fd = 9
Socket not ready, repolling fd = 9
Socket not ready, repolling fd = 9
Socket not ready, repolling fd = 9
Socket not ready, repolling fd = 9
Socket not ready, repolling fd = 9
Socket not ready, repolling fd = 9
Socket not ready, repolling fd = 9
Socket not ready, repolling fd = 9
Socket not ready, repolling fd = 9
Socket not ready, repolling fd = 9
Socket not ready, repolling fd = 9
Socket not ready, repolling fd = 9
Socket not ready, repolling fd = 9
Socket not ready, repolling fd = 9
Socket not ready, repolling fd = 9
Socket not ready, repolling fd = 9
Socket not ready, repolling fd = 9
Socket not ready, repolling fd = 9
Socket not ready, repolling fd = 9
Socket not ready, repolling fd = 9
Socket not ready, repolling fd = 9
Socket not ready, repolling fd = 9
Socket not ready, repolling fd = 9
Socket not ready, repolling fd = 9
Socket not ready, repolling fd = 9
Socket not ready, repolling fd = 9
Socket not ready, repolling fd = 9
Socket not ready, repolling fd = 9
Socket not ready, repolling fd = 9
Socket not ready, repolling fd = 9
Socket not ready, repolling fd = 9
Socket not ready, repolling fd = 9
Socket not ready, repolling fd = 9
Socket not ready, repolling fd = 9
Socket not ready, repolling fd = 9
Socket not ready, repolling fd = 9
Socket not ready, repolling fd = 9
Socket not ready, repolling fd = 9
Socket not ready, repolling fd = 9
Socket not ready, repolling fd = 9
Socket not ready, repolling fd = 9
Socket not ready, repolling fd = 9
Socket not ready, repolling fd = 9
Socket not ready, repolling fd = 9
Socket not ready, repolling fd = 9
Socket not ready, repolling fd = 9
Socket not ready, repolling fd = 9
Socket not ready, repolling fd = 9
Socket not ready, repolling fd = 9
Socket not ready, repolling fd = 9
Socket not ready, repolling fd = 9
Socket not ready, repolling fd = 9
Socket not ready, repolling fd = 9
Socket not ready, repolling fd = 9
Socket not ready, repolling fd = 9
Socket not ready, repolling fd = 9
Socket not ready, repolling fd = 9
Socket not ready, repolling fd = 9
Socket not ready, repolling fd = 9
Socket not ready, repolling fd = 9
Socket not ready, repolling fd = 9
Socket not ready, repolling fd = 9
Socket not ready, repolling fd = 9
Socket not ready, repolling fd = 9
Socket not ready, repolling fd = 9
Socket not ready, repolling fd = 9
Socket not ready, repolling fd = 9
Socket not ready, repolling fd = 9
Socket not ready, repolling fd = 9
Socket not ready, repolling fd = 9
Socket not ready, repolling fd = 9
Socket not ready, repolling fd = 9
Socket not ready, repolling fd = 9
Socket not ready, repolling fd = 9
Socket not ready, repolling fd = 9
Socket not ready, repolling fd = 9
Socket not ready, repolling fd = 9
Socket not ready, repolling fd = 9
Socket not ready, repolling fd = 9
Socket not ready, repolling fd = 9
Socket not ready, repolling fd = 9
Socket not ready, repolling fd = 9
Socket not ready, repolling fd = 9
Socket not ready, repolling fd = 9
Socket not ready, repolling fd = 9
Socket not ready, repolling fd = 9
Socket not ready, repolling fd = 9
Socket not ready, repolling fd = 9
Socket not ready, repolling fd = 9
Socket not ready, repolling fd = 9
Socket not ready, repolling fd = 9
Socket not ready, repolling fd = 9
Socket not ready, repolling fd = 9
Socket not ready, repolling fd = 9
Socket not ready, repolling fd = 9
Socket not ready, repolling fd = 9
Socket not ready, repolling fd = 9
Socket not ready, repolling fd = 9
Socket not ready, repolling fd = 9
Socket not ready, repolling fd = 9
Socket not ready, repolling fd = 9
Socket not ready, repolling fd = 9
Socket not ready, repolling fd = 9
Socket not ready, repolling fd = 9
Socket not ready, repolling fd = 9
Socket not ready, repolling fd = 9
Socket not ready, repolling fd = 9
Socket not ready, repolling fd = 9
Socket not ready, repolling fd = 9
Socket not ready, repolling fd = 9
Socket not ready, repolling fd = 9
Socket not ready, repolling fd = 9
Socket not ready, repolling fd = 9
Socket not ready, repolling fd = 9
Socket not ready, repolling fd = 9
Socket not ready, repolling fd = 9
Socket not ready, repolling fd = 9
Socket not ready, repolling fd = 9
Socket not ready, repolling fd = 9
Socket not ready, repolling fd = 9
Socket not ready, repolling fd = 9
Socket not ready, repolling fd = 9
Socket not ready, repolling fd = 9
Socket not ready, repolling fd = 9
Socket not ready, repolling fd = 9
Socket not ready, repolling fd = 9
Socket not ready, repolling fd = 9
Socket not ready, repolling fd = 9
Socket not ready, repolling fd = 9
Socket not ready, repolling fd = 9
Socket not ready, repolling fd = 9
Socket not ready, repolling fd = 9
Socket not ready, repolling fd = 9
Socket not ready, repolling fd = 9
Socket not ready, repolling fd = 9
Socket not ready, repolling fd = 9
Socket not ready, repolling fd = 9
Socket not ready, repolling fd = 9
Socket not ready, repolling fd = 9
Socket not ready, repolling fd = 9
Socket not ready, repolling fd = 9
Socket not ready, repolling fd = 9
Socket not ready, repolling fd = 9
Socket not ready, repolling fd = 9
Socket not ready, repolling fd = 9
Socket not ready, repolling fd = 9
Socket not ready, repolling fd = 9
Socket not ready, repolling fd = 9
Socket not ready, repolling fd = 9
Socket not ready, repolling fd = 9
Socket not ready, repolling fd = 9
Socket not ready, repolling fd = 9
Socket not ready, repolling fd = 9
Socket not ready, repolling fd = 9
Socket not ready, repolling fd = 9
Socket not ready, repolling fd = 9
Socket not ready, repolling fd = 9
Socket not ready, repolling fd = 9
Socket not ready, repolling fd = 9
Socket not ready, repolling fd = 9
Socket not ready, repolling fd = 9
Socket not ready, repolling fd = 9
Socket not ready, repolling fd = 9
Socket not ready, repolling fd = 9
Socket not ready, repolling fd = 9
Socket not ready, repolling fd = 9
Socket not ready, repolling fd = 9
Socket not ready, repolling fd = 9
Socket not ready, repolling fd = 9
Socket not ready, repolling fd = 9
Socket not ready, repolling fd = 9
Socket not ready, repolling fd = 9
Socket not ready, repolling fd = 9
Socket not ready, repolling fd = 9
Socket not ready, repolling fd = 9
Socket not ready, repolling fd = 9
Socket not ready, repolling fd = 9
Socket not ready, repolling fd = 9
Socket not ready, repolling fd = 9
Socket not ready, repolling fd = 9
Socket not ready, repolling fd = 9
Socket not ready, repolling fd = 9
Socket not ready, repolling fd = 9
Socket not ready, repolling fd = 9
Socket not ready, repolling fd = 9
Socket not ready, repolling fd = 9
Socket not ready, repolling fd = 9
Socket not ready, repolling fd = 9
Socket not ready, repolling fd = 9
Socket not ready, repolling fd = 9
Socket not ready, repolling fd = 9
Socket not ready, repolling fd = 9
Socket not ready, repolling fd = 9
Socket not ready, repolling fd = 9
Socket not ready, repolling fd = 9
Socket not ready, repolling fd = 9
Socket not ready, repolling fd = 9
Socket not ready, repolling fd = 9
Socket not ready, repolling fd = 9
Socket not ready, repolling fd = 9
Socket not ready, repolling fd = 9
Socket not ready, repolling fd = 9
Socket not ready, repolling fd = 9
Socket not ready, repolling fd = 9
Socket not ready, repolling fd = 9
Socket not ready, repolling fd = 9
Socket not ready, repolling fd = 9
Socket not ready, repolling fd = 9
Socket not ready, repolling fd = 9
Socket not ready, repolling fd = 9
Socket not ready, repolling fd = 9
Socket not ready, repolling fd = 9
Socket not ready, repolling fd = 9
Socket not ready, repolling fd = 9
Socket not ready, repolling fd = 9
Socket not ready, repolling fd = 9
Socket not ready, repolling fd = 9
Socket not ready, repolling fd = 9
Socket not ready, repolling fd = 9
Socket not ready, repolling fd = 9
Socket not ready, repolling fd = 9
Socket not ready, repolling fd = 9
Socket not ready, repolling fd = 9
Socket not ready, repolling fd = 9
Socket not ready, repolling fd = 9
Socket not ready, repolling fd = 9
Socket not ready, repolling fd = 9
Socket not ready, repolling fd = 9
Socket not ready, repolling fd = 9
Socket not ready, repolling fd = 9
Socket not ready, repolling fd = 9
Socket not ready, repolling fd = 9
Socket not ready, repolling fd = 9
Socket not ready, repolling fd = 9
Socket not ready, repolling fd = 9
Socket not ready, repolling fd = 9
Socket not ready, repolling fd = 9
Socket not ready, repolling fd = 9
Socket not ready, repolling fd = 9
Socket not ready, repolling fd = 9
Socket not ready, repolling fd = 9
Socket not ready, repolling fd = 9
Socket not ready, repolling fd = 9
Socket not ready, repolling fd = 9
Socket not ready, repolling fd = 9
Socket not ready, repolling fd = 9
Socket not ready, repolling fd = 9
Socket not ready, repolling fd = 9
Socket not ready, repolling fd = 9
Socket not ready, repolling fd = 9
Socket not ready, repolling fd = 9
Socket not ready, repolling fd = 9
Socket not ready, repolling fd = 9
Socket not ready, repolling fd = 9
Socket not ready, repolling fd = 9
Socket not ready, repolling fd = 9
Socket not ready, repolling fd = 9
Socket not ready, repolling fd = 9
Socket not ready, repolling fd = 9
Socket not ready, repolling fd = 9
Socket not ready, repolling fd = 9
Socket not ready, repolling fd = 9
Socket not ready, repolling fd = 9
Socket not ready, repolling fd = 9
Socket not ready, repolling fd = 9
Socket not ready, repolling fd = 9
Socket not ready, repolling fd = 9
Socket not ready, repolling fd = 9
Socket not ready, repolling fd = 9
Socket not ready, repolling fd = 9
Socket not ready, repolling fd = 9
Socket not ready, repolling fd = 9
Socket not ready, repolling fd = 9
Socket not ready, repolling fd = 9
Socket not ready, repolling fd = 9
Socket not ready, repolling fd = 9
Socket not ready, repolling fd = 9
Socket not ready, repolling fd = 9
Socket not ready, repolling fd = 9
Socket not ready, repolling fd = 9
Socket not ready, repolling fd = 9
Socket not ready, repolling fd = 9
Socket not ready, repolling fd = 9
Socket not ready, repolling fd = 9
Socket not ready, repolling fd = 9
Socket not ready, repolling fd = 9
Socket not ready, repolling fd = 9
Socket not ready, repolling fd = 9
Socket not ready, repolling fd = 9
Socket not ready, repolling fd = 9
Socket not ready, repolling fd = 9
Socket not ready, repolling fd = 9
Socket not ready, repolling fd = 9
Socket not ready, repolling fd = 9
Socket not ready, repolling fd = 9
Socket not ready, repolling fd = 9
Socket not ready, repolling fd = 9
Socket not ready, repolling fd = 9
Socket not ready, repolling fd = 9
Socket not ready, repolling fd = 9
Socket not ready, repolling fd = 9
Socket not ready, repolling fd = 9
Socket not ready, repolling fd = 9
Socket not ready, repolling fd = 9
Socket not ready, repolling fd = 9
Socket not ready, repolling fd = 9
Socket not ready, repolling fd = 9
Socket not ready, repolling fd = 9
Socket not ready, repolling fd = 9
Socket not ready, repolling fd = 9
Socket not ready, repolling fd = 9
Socket not ready, repolling fd = 9
Socket not ready, repolling fd = 9
Socket not ready, repolling fd = 9
Socket not ready, repolling fd = 9
Socket not ready, repolling fd = 9
Socket not ready, repolling fd = 9
Socket not ready, repolling fd = 9
Socket not ready, repolling fd = 9
Socket not ready, repolling fd = 9
Socket not ready, repolling fd = 9
Socket not ready, repolling fd = 9
Socket not ready, repolling fd = 9
Socket not ready, repolling fd = 9
Socket not ready, repolling fd = 9
Socket not ready, repolling fd = 9
Socket not ready, repolling fd = 9
Socket not ready, repolling fd = 9
Socket not ready, repolling fd = 9
Socket not ready, repolling fd = 9
Socket not ready, repolling fd = 9
Socket not ready, repolling fd = 9
Socket not ready, repolling fd = 9
Socket not ready, repolling fd = 9
Socket not ready, repolling fd = 9
Socket not ready, repolling fd = 9
Socket not ready, repolling fd = 9
Socket not ready, repolling fd = 9
Socket not ready, repolling fd = 9
Socket not ready, repolling fd = 9
Socket not ready, repolling fd = 9
Socket not ready, repolling fd = 9
Socket not ready, repolling fd = 9
Socket not ready, repolling fd = 9
Socket not ready, repolling fd = 9
Socket not ready, repolling fd = 9
Socket not ready, repolling fd = 9
Socket not ready, repolling fd = 9
Socket not ready, repolling fd = 9
Socket not ready, repolling fd = 9
Socket not ready, repolling fd = 9
Socket not ready, repolling fd = 9
Socket not ready, repolling fd = 9
Socket not ready, repolling fd = 9
Socket not ready, repolling fd = 9
Socket not ready, repolling fd = 9
Socket not ready, repolling fd = 9
Socket not ready, repolling fd = 9
Socket not ready, repolling fd = 9
Socket not ready, repolling fd = 9
Socket not ready, repolling fd = 9
Socket not ready, repolling fd = 9
Socket not ready, repolling fd = 9
Socket not ready, repolling fd = 9
Socket not ready, repolling fd = 9
Socket not ready, repolling fd = 9
Socket not ready, repolling fd = 9
Socket not ready, repolling fd = 9
Socket not ready, repolling fd = 9
Socket not ready, repolling fd = 9
Socket not ready, repolling fd = 9
Socket not ready, repolling fd = 9
Socket not ready, repolling fd = 9
Socket not ready, repolling fd = 9
Socket not ready, repolling fd = 9
Socket not ready, repolling fd = 9
Socket not ready, repolling fd = 9
Socket not ready, repolling fd = 9
Socket not ready, repolling fd = 9
Socket not ready, repolling fd = 9
Socket not ready, repolling fd = 9
Socket not ready, repolling fd = 9
Socket not ready, repolling fd = 9
Socket not ready, repolling fd = 9
Socket not ready, repolling fd = 9
Socket not ready, repolling fd = 9
Socket not ready, repolling fd = 9
Socket not ready, repolling fd = 9
Socket not ready, repolling fd = 9
Socket not ready, repolling fd = 9
Socket not ready, repolling fd = 9
Socket not ready, repolling fd = 9
Socket not ready, repolling fd = 9
Socket not ready, repolling fd = 9
Socket not ready, repolling fd = 9
Socket not ready, repolling fd = 9
Socket not ready, repolling fd = 9
Socket not ready, repolling fd = 9
Socket not ready, repolling fd = 9
Socket not ready, repolling fd = 9
Socket not ready, repolling fd = 9
Socket not ready, repolling fd = 9
Socket not ready, repolling fd = 9
Socket not ready, repolling fd = 9
Socket not ready, repolling fd = 9
Socket not ready, repolling fd = 9
Socket not ready, repolling fd = 9
Socket not ready, repolling fd = 9
Socket not ready, repolling fd = 9
Socket not ready, repolling fd = 9
Socket not ready, repolling fd = 9
Socket not ready, repolling fd = 9
Socket not ready, repolling fd = 9
Socket not ready, repolling fd = 9
Socket not ready, repolling fd = 9
Socket not ready, repolling fd = 9
Socket not ready, repolling fd = 9
Socket not ready, repolling fd = 9
Socket not ready, repolling fd = 9
Socket not ready, repolling fd = 9
Socket not ready, repolling fd = 9
Socket not ready, repolling fd = 9
Socket not ready, repolling fd = 9
Socket not ready, repolling fd = 9
Socket not ready, repolling fd = 9
Socket not ready, repolling fd = 9
Socket not ready, repolling fd = 9
Socket not ready, repolling fd = 9
Socket not ready, repolling fd = 9
Socket not ready, repolling fd = 9
Socket not ready, repolling fd = 9
Socket not ready, repolling fd = 9
Socket not ready, repolling fd = 9
Socket not ready, repolling fd = 9
Socket not ready, repolling fd = 9
Socket not ready, repolling fd = 9
Socket not ready, repolling fd = 9
Socket not ready, repolling fd = 9
Socket not ready, repolling fd = 9
Socket not ready, repolling fd = 9
Socket not ready, repolling fd = 9
Socket not ready, repolling fd = 9
Socket not ready, repolling fd = 9
Socket not ready, repolling fd = 9
Socket not ready, repolling fd = 9
Socket not ready, repolling fd = 9
Socket not ready, repolling fd = 9
Socket not ready, repolling fd = 9
Socket not ready, repolling fd = 9
Socket not ready, repolling fd = 9
Socket not ready, repolling fd = 9
Socket not ready, repolling fd = 9
Socket not ready, repolling fd = 9
Socket not ready, repolling fd = 9
Socket not ready, repolling fd = 9
Socket not ready, repolling fd = 9
Socket not ready, repolling fd = 9
Socket not ready, repolling fd = 9
Socket not ready, repolling fd = 9
Socket not ready, repolling fd = 9
Socket not ready, repolling fd = 9
Socket not ready, repolling fd = 9
Socket not ready, repolling fd = 9
Socket not ready, repolling fd = 9
Socket not ready, repolling fd = 9
Socket not ready, repolling fd = 9
Socket not ready, repolling fd = 9
Socket not ready, repolling fd = 9
Socket not ready, repolling fd = 9
Socket not ready, repolling fd = 9
Socket not ready, repolling fd = 9
Socket not ready, repolling fd = 9
Socket not ready, repolling fd = 9
Socket not ready, repolling fd = 9
Socket not ready, repolling fd = 9
Socket not ready, repolling fd = 9
Socket not ready, repolling fd = 9
Socket not ready, repolling fd = 9
Socket not ready, repolling fd = 9
Socket not ready, repolling fd = 9
Socket not ready, repolling fd = 9
Socket not ready, repolling fd = 9
Socket not ready, repolling fd = 9
Socket not ready, repolling fd = 9
Socket not ready, repolling fd = 9
Socket not ready, repolling fd = 9
Socket not ready, repolling fd = 9
Socket not ready, repolling fd = 9
Socket not ready, repolling fd = 9
Socket not ready, repolling fd = 9
Socket not ready, repolling fd = 9
Socket not ready, repolling fd = 9
Socket not ready, repolling fd = 9
Socket not ready, repolling fd = 9
Socket not ready, repolling fd = 9
Socket not ready, repolling fd = 9
Socket not ready, repolling fd = 9
Socket not ready, repolling fd = 9
Socket not ready, repolling fd = 9
Socket not ready, repolling fd = 9
Socket not ready, repolling fd = 9
Socket not ready, repolling fd = 9
Socket not ready, repolling fd = 9
Socket not ready, repolling fd = 9
Socket not ready, repolling fd = 9
Socket not ready, repolling fd = 9
Socket not ready, repolling fd = 9
Socket not ready, repolling fd = 9
Socket not ready, repolling fd = 9
Socket not ready, repolling fd = 9
Socket not ready, repolling fd = 9
Socket not ready, repolling fd = 9
Socket not ready, repolling fd = 9
Socket not ready, repolling fd = 9
Socket not ready, repolling fd = 9
Socket not ready, repolling fd = 9
Socket not ready, repolling fd = 9
Socket not ready, repolling fd = 9
Socket not ready, repolling fd = 9
Socket not ready, repolling fd = 9
Socket not ready, repolling fd = 9
Socket not ready, repolling fd = 9
Socket not ready, repolling fd = 9
Socket not ready, repolling fd = 9
Socket not ready, repolling fd = 9
Socket not ready, repolling fd = 9
Socket not ready, repolling fd = 9
Socket not ready, repolling fd = 9
Socket not ready, repolling fd = 9
Socket not ready, repolling fd = 9
Socket not ready, repolling fd = 9
Socket not ready, repolling fd = 9
Socket not ready, repolling fd = 9
Socket not ready, repolling fd = 9
Socket not ready, repolling fd = 9
Socket not ready, repolling fd = 9
Socket not ready, repolling fd = 9
Socket not ready, repolling fd = 9
Socket not ready, repolling fd = 9
Socket not ready, repolling fd = 9
Socket not ready, repolling fd = 9
Socket not ready, repolling fd = 9
Socket not ready, repolling fd = 9
Socket not ready, repolling fd = 9
Socket not ready, repolling fd = 9
Socket not ready, repolling fd = 9
Socket not ready, repolling fd = 9
Socket not ready, repolling fd = 9
Socket not ready, repolling fd = 9
Socket not ready, repolling fd = 9
Socket not ready, repolling fd = 9
Socket not ready, repolling fd = 9
Socket not ready, repolling fd = 9
Socket not ready, repolling fd = 9
Socket not ready, repolling fd = 9
Socket not ready, repolling fd = 9
Socket not ready, repolling fd = 9
Processing header, fd = 8
Socket not ready, repolling fd = 8
Socket not ready, repolling fd = 8
Socket not ready, repolling fd = 8
Socket not ready, repolling fd = 8
Socket not ready, repolling fd = 8
Socket not ready, repolling fd = 8
Socket not ready, repolling fd = 8
Socket not ready, repolling fd = 8
Socket not ready, repolling fd = 8
Socket not ready, repolling fd = 8
Socket not ready, repolling fd = 8
Socket not ready, repolling fd = 8
Socket not ready, repolling fd = 8
Socket not ready, repolling fd = 8
Socket not ready, repolling fd = 8
Socket not ready, repolling fd = 8
Socket not ready, repolling fd = 8
Socket not ready, repolling fd = 8
Socket not ready, repolling fd = 8
Socket not ready, repolling fd = 8
Socket not ready, repolling fd = 8
Socket not ready, repolling fd = 8
Socket not ready, repolling fd = 8
Socket not ready, repolling fd = 8
Socket not ready, repolling fd = 8
Socket not ready, repolling fd = 8
Socket not ready, repolling fd = 8
Socket not ready, repolling fd = 8
Socket not ready, repolling fd = 8
Socket not ready, repolling fd = 8
Socket not ready, repolling fd = 8
Socket not ready, repolling fd = 8
Socket not ready, repolling fd = 8
Socket not ready, repolling fd = 8
Socket not ready, repolling fd = 8
Socket not ready, repolling fd = 8
Socket not ready, repolling fd = 8
Socket not ready, repolling fd = 8
Socket not ready, repolling fd = 8
Socket not ready, repolling fd = 8
Socket not ready, repolling fd = 8
Socket not ready, repolling fd = 8
Socket not ready, repolling fd = 8
Socket not ready, repolling fd = 8
Socket not ready, repolling fd = 8
Socket not ready, repolling fd = 8
Socket not ready, repolling fd = 8
Socket not ready, repolling fd = 8
Socket not ready, repolling fd = 8
Socket not ready, repolling fd = 8
Socket not ready, repolling fd = 8
Socket not ready, repolling fd = 8
Socket not ready, repolling fd = 8
Socket not ready, repolling fd = 8
Socket not ready, repolling fd = 8
Socket not ready, repolling fd = 8
Socket not ready, repolling fd = 8
Socket not ready, repolling fd = 8
Socket not ready, repolling fd = 8
Socket not ready, repolling fd = 8
Socket not ready, repolling fd = 8
Socket not ready, repolling fd = 8
Socket not ready, repolling fd = 8
Socket not ready, repolling fd = 8
Socket not ready, repolling fd = 8
Socket not ready, repolling fd = 8
Socket not ready, repolling fd = 8
Socket not ready, repolling fd = 8
Socket not ready, repolling fd = 8
Socket not ready, repolling fd = 8
Socket not ready, repolling fd = 8
Socket not ready, repolling fd = 8
Socket not ready, repolling fd = 8
Socket not ready, repolling fd = 8
Socket not ready, repolling fd = 8
Socket not ready, repolling fd = 8
Socket not ready, repolling fd = 8
Socket not ready, repolling fd = 8
Socket not ready, repolling fd = 8
Socket not ready, repolling fd = 8
Socket not ready, repolling fd = 8
Socket not ready, repolling fd = 8
Socket not ready, repolling fd = 8
Socket not ready, repolling fd = 8
Socket not ready, repolling fd = 8
Socket not ready, repolling fd = 8
Socket not ready, repolling fd = 8
Socket not ready, repolling fd = 8
Socket not ready, repolling fd = 8
Socket not ready, repolling fd = 8
Socket not ready, repolling fd = 8
Socket not ready, repolling fd = 8
Socket not ready, repolling fd = 8
Socket not ready, repolling fd = 8
Socket not ready, repolling fd = 8
Socket not ready, repolling fd = 8
Socket not ready, repolling fd = 8
Socket not ready, repolling fd = 8
Socket not ready, repolling fd = 8
Socket not ready, repolling fd = 8
Socket not ready, repolling fd = 8
Socket not ready, repolling fd = 8
Socket not ready, repolling fd = 8
Socket not ready, repolling fd = 8
Socket not ready, repolling fd = 8
Socket not ready, repolling fd = 8
Socket not ready, repolling fd = 8
Socket not ready, repolling fd = 8
Socket not ready, repolling fd = 8
Socket not ready, repolling fd = 8
Socket not ready, repolling fd = 8
Socket not ready, repolling fd = 8
Socket not ready, repolling fd = 8
Socket not ready, repolling fd = 8
Socket not ready, repolling fd = 8
Socket not ready, repolling fd = 8
Socket not ready, repolling fd = 8
Socket not ready, repolling fd = 8
Socket not ready, repolling fd = 8
Socket not ready, repolling fd = 8
Socket not ready, repolling fd = 8
Socket not ready, repolling fd = 8
Socket not ready, repolling fd = 8
Socket not ready, repolling fd = 8
Socket not ready, repolling fd = 8
Socket not ready, repolling fd = 8
Socket not ready, repolling fd = 8
Socket not ready, repolling fd = 8
Socket not ready, repolling fd = 8
Socket not ready, repolling fd = 8
Socket not ready, repolling fd = 8
Socket not ready, repolling fd = 8
Socket not ready, repolling fd = 8
Socket not ready, repolling fd = 8
Socket not ready, repolling fd = 8
Socket not ready, repolling fd = 8
Socket not ready, repolling fd = 8
Socket not ready, repolling fd = 8
Socket not ready, repolling fd = 8
Socket not ready, repolling fd = 8
Socket not ready, repolling fd = 8
Socket not ready, repolling fd = 8
Socket not ready, repolling fd = 8
Socket not ready, repolling fd = 8
Socket not ready, repolling fd = 8
Socket not ready, repolling fd = 8
Socket not ready, repolling fd = 8
Socket not ready, repolling fd = 8
Socket not ready, repolling fd = 8
Socket not ready, repolling fd = 8
Socket not ready, repolling fd = 8
Socket not ready, repolling fd = 8
Socket not ready, repolling fd = 8
Socket not ready, repolling fd = 8
Socket not ready, repolling fd = 8
Socket not ready, repolling fd = 8
Socket not ready, repolling fd = 8
Socket not ready, repolling fd = 8
Socket not ready, repolling fd = 8
Socket not ready, repolling fd = 8
Socket not ready, repolling fd = 8
Socket not ready, repolling fd = 8
Socket not ready, repolling fd = 8
Socket not ready, repolling fd = 8
Socket not ready, repolling fd = 8
Socket not ready, repolling fd = 8
Socket not ready, repolling fd = 8
Socket not ready, repolling fd = 8
Socket not ready, repolling fd = 8
Socket not ready, repolling fd = 8
Socket not ready, repolling fd = 8
Socket not ready, repolling fd = 8
Socket not ready, repolling fd = 8
Socket not ready, repolling fd = 8
Socket not ready, repolling fd = 8
Socket not ready, repolling fd = 8
Socket not ready, repolling fd = 8
Socket not ready, repolling fd = 8
Socket not ready, repolling fd = 8
Socket not ready, repolling fd = 8
Socket not ready, repolling fd = 8
Socket not ready, repolling fd = 8
Socket not ready, repolling fd = 8
Socket not ready, repolling fd = 8
Socket not ready, repolling fd = 8
Socket not ready, repolling fd = 8
Socket not ready, repolling fd = 8
Socket not ready, repolling fd = 8
Socket not ready, repolling fd = 8
Socket not ready, repolling fd = 8
Socket not ready, repolling fd = 8
Socket not ready, repolling fd = 8
Socket not ready, repolling fd = 8
Socket not ready, repolling fd = 8
Socket not ready, repolling fd = 8
Socket not ready, repolling fd = 8
Socket not ready, repolling fd = 8
Socket not ready, repolling fd = 8
Socket not ready, repolling fd = 8
Socket not ready, repolling fd = 8
Socket not ready, repolling fd = 8
Socket not ready, repolling fd = 8
Socket not ready, repolling fd = 8
Socket not ready, repolling fd = 8
Socket not ready, repolling fd = 8
Socket not ready, repolling fd = 8
Socket not ready, repolling fd = 8
Socket not ready, repolling fd = 8
Socket not ready, repolling fd = 8
Socket not ready, repolling fd = 8
Socket not ready, repolling fd = 8
Socket not ready, repolling fd = 8
Socket not ready, repolling fd = 8
Socket not ready, repolling fd = 8
Socket not ready, repolling fd = 8
Socket not ready, repolling fd = 8
Socket not ready, repolling fd = 8
Socket not ready, repolling fd = 8
Socket not ready, repolling fd = 8
Socket not ready, repolling fd = 8
Socket not ready, repolling fd = 8
Socket not ready, repolling fd = 8
Socket not ready, repolling fd = 8
Socket not ready, repolling fd = 8
Socket not ready, repolling fd = 8
Socket not ready, repolling fd = 8
Socket not ready, repolling fd = 8
Socket not ready, repolling fd = 8
Socket not ready, repolling fd = 8
Socket not ready, repolling fd = 8
Socket not ready, repolling fd = 8
Socket not ready, repolling fd = 8
Socket not ready, repolling fd = 8
Socket not ready, repolling fd = 8
Socket not ready, repolling fd = 8
Socket not ready, repolling fd = 8
Socket not ready, repolling fd = 8
Socket not ready, repolling fd = 8
Socket not ready, repolling fd = 8
Socket not ready, repolling fd = 8
Socket not ready, repolling fd = 8
Socket not ready, repolling fd = 8
Socket not ready, repolling fd = 8
Socket not ready, repolling fd = 8
Socket not ready, repolling fd = 8
Socket not ready, repolling fd = 8
Socket not ready, repolling fd = 8
Socket not ready, repolling fd = 8
Socket not ready, repolling fd = 8
Socket not ready, repolling fd = 8
Socket not ready, repolling fd = 8
Socket not ready, repolling fd = 8
Socket not ready, repolling fd = 8
Socket not ready, repolling fd = 8
Socket not ready, repolling fd = 8
Socket not ready, repolling fd = 8
Socket not ready, repolling fd = 8
Socket not ready, repolling fd = 8
Socket not ready, repolling fd = 8
Socket not ready, repolling fd = 8
Socket not ready, repolling fd = 8
Socket not ready, repolling fd = 8
Socket not ready, repolling fd = 8
Socket not ready, repolling fd = 8
Socket not ready, repolling fd = 8
Socket not ready, repolling fd = 8
Socket not ready, repolling fd = 8
Socket not ready, repolling fd = 8
Socket not ready, repolling fd = 8
Socket not ready, repolling fd = 8
Socket not ready, repolling fd = 8
Socket not ready, repolling fd = 8
Socket not ready, repolling fd = 8
Socket not ready, repolling fd = 8
Socket not ready, repolling fd = 8
Socket not ready, repolling fd = 8
Socket not ready, repolling fd = 8
Socket not ready, repolling fd = 8
Socket not ready, repolling fd = 8
Socket not ready, repolling fd = 8
Socket not ready, repolling fd = 8
Socket not ready, repolling fd = 8
Socket not ready, repolling fd = 8
Socket not ready, repolling fd = 8
Socket not ready, repolling fd = 8
Socket not ready, repolling fd = 8
Socket not ready, repolling fd = 8
Socket not ready, repolling fd = 8
Socket not ready, repolling fd = 8
Socket not ready, repolling fd = 8
Socket not ready, repolling fd = 8
Socket not ready, repolling fd = 8
Socket not ready, repolling fd = 8
Socket not ready, repolling fd = 8
Socket not ready, repolling fd = 8
Socket not ready, repolling fd = 8
Socket not ready, repolling fd = 8
Socket not ready, repolling fd = 8
Socket not ready, repolling fd = 8
Socket not ready, repolling fd = 8
Socket not ready, repolling fd = 8
Socket not ready, repolling fd = 8
Socket not ready, repolling fd = 8
Socket not ready, repolling fd = 8
Socket not ready, repolling fd = 8
Socket not ready, repolling fd = 8
Socket not ready, repolling fd = 8
Socket not ready, repolling fd = 8
Socket not ready, repolling fd = 8
Socket not ready, repolling fd = 8
Socket not ready, repolling fd = 8
Socket not ready, repolling fd = 8
Socket not ready, repolling fd = 8
Socket not ready, repolling fd = 8
Socket not ready, repolling fd = 8
Socket not ready, repolling fd = 8
Socket not ready, repolling fd = 8
Socket not ready, repolling fd = 8
Socket not ready, repolling fd = 8
Socket not ready, repolling fd = 8
Socket not ready, repolling fd = 8
Socket not ready, repolling fd = 8
Socket not ready, repolling fd = 8
Socket not ready, repolling fd = 8
Socket not ready, repolling fd = 8
Socket not ready, repolling fd = 8
Socket not ready, repolling fd = 8
Socket not ready, repolling fd = 8
Socket not ready, repolling fd = 8
Socket not ready, repolling fd = 8
Socket not ready, repolling fd = 8
Socket not ready, repolling fd = 8
Socket not ready, repolling fd = 8
Socket not ready, repolling fd = 8
Socket not ready, repolling fd = 8
Socket not ready, repolling fd = 8
Socket not ready, repolling fd = 8
Socket not ready, repolling fd = 8
Socket not ready, repolling fd = 8
Socket not ready, repolling fd = 8
Socket not ready, repolling fd = 8
Socket not ready, repolling fd = 8
Socket not ready, repolling fd = 8
Socket not ready, repolling fd = 8
Socket not ready, repolling fd = 8
Socket not ready, repolling fd = 8
Socket not ready, repolling fd = 8
Socket not ready, repolling fd = 8
Socket not ready, repolling fd = 8
Socket not ready, repolling fd = 8
Socket not ready, repolling fd = 8
Socket not ready, repolling fd = 8
Socket not ready, repolling fd = 8
Socket not ready, repolling fd = 8
Socket not ready, repolling fd = 8
Socket not ready, repolling fd = 8
Socket not ready, repolling fd = 8
Socket not ready, repolling fd = 8
Socket not ready, repolling fd = 8
Socket not ready, repolling fd = 8
Socket not ready, repolling fd = 8
Socket not ready, repolling fd = 8
Socket not ready, repolling fd = 8
Socket not ready, repolling fd = 8
Socket not ready, repolling fd = 8
Socket not ready, repolling fd = 8
Socket not ready, repolling fd = 8
Socket not ready, repolling fd = 8
Socket not ready, repolling fd = 8
Socket not ready, repolling fd = 8
Socket not ready, repolling fd = 8
Socket not ready, repolling fd = 8
Socket not ready, repolling fd = 8
Socket not ready, repolling fd = 8
Socket not ready, repolling fd = 8
Socket not ready, repolling fd = 8
Socket not ready, repolling fd = 8
Socket not ready, repolling fd = 8
Socket not ready, repolling fd = 8
Socket not ready, repolling fd = 8
Socket not ready, repolling fd = 8
Socket not ready, repolling fd = 8
Socket not ready, repolling fd = 8
Socket not ready, repolling fd = 8
Socket not ready, repolling fd = 8
Socket not ready, repolling fd = 8
Socket not ready, repolling fd = 8
Socket not ready, repolling fd = 8
Socket not ready, repolling fd = 8
Socket not ready, repolling fd = 8
Socket not ready, repolling fd = 8
Socket not ready, repolling fd = 8
Socket not ready, repolling fd = 8
Socket not ready, repolling fd = 8
Socket not ready, repolling fd = 8
Socket not ready, repolling fd = 8
Socket not ready, repolling fd = 8
Socket not ready, repolling fd = 8
Socket not ready, repolling fd = 8
Socket not ready, repolling fd = 8
Socket not ready, repolling fd = 8
Socket not ready, repolling fd = 8
Socket not ready, repolling fd = 8
Socket not ready, repolling fd = 8
Socket not ready, repolling fd = 8
Socket not ready, repolling fd = 8
Socket not ready, repolling fd = 8
Socket not ready, repolling fd = 8
Socket not ready, repolling fd = 8
Socket not ready, repolling fd = 8
Socket not ready, repolling fd = 8
Socket not ready, repolling fd = 8
Socket not ready, repolling fd = 8
Socket not ready, repolling fd = 8
Socket not ready, repolling fd = 8
Socket not ready, repolling fd = 8
Socket not ready, repolling fd = 8
Socket not ready, repolling fd = 8
Socket not ready, repolling fd = 8
Socket not ready, repolling fd = 8
Socket not ready, repolling fd = 8
Socket not ready, repolling fd = 8
Socket not ready, repolling fd = 8
Socket not ready, repolling fd = 8
Socket not ready, repolling fd = 8
Socket not ready, repolling fd = 8
Socket not ready, repolling fd = 8
Socket not ready, repolling fd = 8
Socket not ready, repolling fd = 8
Socket not ready, repolling fd = 8
Socket not ready, repolling fd = 8
Socket not ready, repolling fd = 8
Socket not ready, repolling fd = 8
Socket not ready, repolling fd = 8
Socket not ready, repolling fd = 8
Socket not ready, repolling fd = 8
Socket not ready, repolling fd = 8
Socket not ready, repolling fd = 8
Socket not ready, repolling fd = 8
Socket not ready, repolling fd = 8
Socket not ready, repolling fd = 8
Socket not ready, repolling fd = 8
Socket not ready, repolling fd = 8
Socket not ready, repolling fd = 8
Socket not ready, repolling fd = 8
Socket not ready, repolling fd = 8
Socket not ready, repolling fd = 8
Socket not ready, repolling fd = 8
Socket not ready, repolling fd = 8
Socket not ready, repolling fd = 8
Socket not ready, repolling fd = 8
Socket not ready, repolling fd = 8
Socket not ready, repolling fd = 8
Socket not ready, repolling fd = 8
Socket not ready, repolling fd = 8
Socket not ready, repolling fd = 8
Socket not ready, repolling fd = 8
Socket not ready, repolling fd = 8
Socket not ready, repolling fd = 8
Socket not ready, repolling fd = 8
Socket not ready, repolling fd = 8
Socket not ready, repolling fd = 8
Socket not ready, repolling fd = 8
Socket not ready, repolling fd = 8
Socket not ready, repolling fd = 8
Socket not ready, repolling fd = 8
Socket not ready, repolling fd = 8
Socket not ready, repolling fd = 8
Socket not ready, repolling fd = 8
Socket not ready, repolling fd = 8
Socket not ready, repolling fd = 8
Socket not ready, repolling fd = 8
Socket not ready, repolling fd = 8
Socket not ready, repolling fd = 8
Socket not ready, repolling fd = 8
Socket not ready, repolling fd = 8
Socket not ready, repolling fd = 8
Socket not ready, repolling fd = 8
Socket not ready, repolling fd = 8
Socket not ready, repolling fd = 8
Socket not ready, repolling fd = 8
Socket not ready, repolling fd = 8
Socket not ready, repolling fd = 8
Socket not ready, repolling fd = 8
Socket not ready, repolling fd = 8
Socket not ready, repolling fd = 8
Socket not ready, repolling fd = 8
Socket not ready, repolling fd = 8
Socket not ready, repolling fd = 8
Socket not ready, repolling fd = 8
Socket not ready, repolling fd = 8
Socket not ready, repolling fd = 8
Socket not ready, repolling fd = 8
Socket not ready, repolling fd = 8
Socket not ready, repolling fd = 8
Socket not ready, repolling fd = 8
Socket not ready, repolling fd = 8
Socket not ready, repolling fd = 8
Socket not ready, repolling fd = 8
Socket not ready, repolling fd = 8
Socket not ready, repolling fd = 8
Socket not ready, repolling fd = 8
Socket not ready, repolling fd = 8
Socket not ready, repolling fd = 8
Socket not ready, repolling fd = 8
Socket not ready, repolling fd = 8
Socket not ready, repolling fd = 8
Socket not ready, repolling fd = 8
Socket not ready, repolling fd = 8
Socket not ready, repolling fd = 8
Socket not ready, repolling fd = 8
Socket not ready, repolling fd = 8
Socket not ready, repolling fd = 8
Socket not ready, repolling fd = 8
Socket not ready, repolling fd = 8
Socket not ready, repolling fd = 8
Socket not ready, repolling fd = 8
Socket not ready, repolling fd = 8
Socket not ready, repolling fd = 8
Socket not ready, repolling fd = 8
Socket not ready, repolling fd = 8
Socket not ready, repolling fd = 8
Socket not ready, repolling fd = 8
Socket not ready, repolling fd = 8
Socket not ready, repolling fd = 8
Socket not ready, repolling fd = 8
Socket not ready, repolling fd = 8
Socket not ready, repolling fd = 8
Socket not ready, repolling fd = 8
Socket not ready, repolling fd = 8
Socket not ready, repolling fd = 8
Socket not ready, repolling fd = 8
Socket not ready, repolling fd = 8
Socket not ready, repolling fd = 8
Socket not ready, repolling fd = 8
Socket not ready, repolling fd = 8
Socket not ready, repolling fd = 8
Socket not ready, repolling fd = 8
Socket not ready, repolling fd = 8
Socket not ready, repolling fd = 8
Socket not ready, repolling fd = 8
Socket not ready, repolling fd = 8
Socket not ready, repolling fd = 8
Socket not ready, repolling fd = 8
Socket not ready, repolling fd = 8
Socket not ready, repolling fd = 8
Socket not ready, repolling fd = 8
Socket not ready, repolling fd = 8
Socket not ready, repolling fd = 8
Socket not ready, repolling fd = 8
Socket not ready, repolling fd = 8
Socket not ready, repolling fd = 8
Socket not ready, repolling fd = 8
Socket not ready, repolling fd = 8
Socket not ready, repolling fd = 8
Socket not ready, repolling fd = 8
Socket not ready, repolling fd = 8
Socket not ready, repolling fd = 8
Socket not ready, repolling fd = 8
Socket not ready, repolling fd = 8
Socket not ready, repolling fd = 8
Socket not ready, repolling fd = 8
Socket not ready, repolling fd = 8
Socket not ready, repolling fd = 8
Socket not ready, repolling fd = 8
Socket not ready, repolling fd = 8
Socket not ready, repolling fd = 8
Socket not ready, repolling fd = 8
Socket not ready, repolling fd = 8
Socket not ready, repolling fd = 8
Socket not ready, repolling fd = 8
Socket not ready, repolling fd = 8
Socket not ready, repolling fd = 8
Socket not ready, repolling fd = 8
Socket not ready, repolling fd = 8
Socket not ready, repolling fd = 8
Socket not ready, repolling fd = 8
Socket not ready, repolling fd = 8
Socket not ready, repolling fd = 8
Socket not ready, repolling fd = 8
Socket not ready, repolling fd = 8
Socket not ready, repolling fd = 8
Socket not ready, repolling fd = 8
Socket not ready, repolling fd = 8
Socket not ready, repolling fd = 8
Socket not ready, repolling fd = 8
Socket not ready, repolling fd = 8
Socket not ready, repolling fd = 8
Socket not ready, repolling fd = 8
Socket not ready, repolling fd = 8
Socket not ready, repolling fd = 8
Socket not ready, repolling fd = 8
Socket not ready, repolling fd = 8
Socket not ready, repolling fd = 8
Socket not ready, repolling fd = 8
Socket not ready, repolling fd = 8
Socket not ready, repolling fd = 8
Socket not ready, repolling fd = 8
Socket not ready, repolling fd = 8
Socket not ready, repolling fd = 8
Socket not ready, repolling fd = 8
Socket not ready, repolling fd = 8
Socket not ready, repolling fd = 8
Socket not ready, repolling fd = 8
Socket not ready, repolling fd = 8
Socket not ready, repolling fd = 8
Socket not ready, repolling fd = 8
Socket not ready, repolling fd = 8
Socket not ready, repolling fd = 8
Socket not ready, repolling fd = 8
Socket not ready, repolling fd = 8
Socket not ready, repolling fd = 8
Socket not ready, repolling fd = 8
Socket not ready, repolling fd = 8
Socket not ready, repolling fd = 8
Socket not ready, repolling fd = 8
Socket not ready, repolling fd = 8
Socket not ready, repolling fd = 8
Socket not ready, repolling fd = 8
Socket not ready, repolling fd = 8
Socket not ready, repolling fd = 8
Socket not ready, repolling fd = 8
Socket not ready, repolling fd = 8
Socket not ready, repolling fd = 8
Socket not ready, repolling fd = 8
Socket not ready, repolling fd = 8
Socket not ready, repolling fd = 8
Socket not ready, repolling fd = 8
Socket not ready, repolling fd = 8
Socket not ready, repolling fd = 8
Socket not ready, repolling fd = 8
Socket not ready, repolling fd = 8
Socket not ready, repolling fd = 8
Socket not ready, repolling fd = 8
Socket not ready, repolling fd = 8
Socket not ready, repolling fd = 8
Socket not ready, repolling fd = 8
Socket not ready, repolling fd = 8
Socket not ready, repolling fd = 8
Socket not ready, repolling fd = 8
Socket not ready, repolling fd = 8
Socket not ready, repolling fd = 8
Socket not ready, repolling fd = 8
Socket not ready, repolling fd = 8
Socket not ready, repolling fd = 8
Socket not ready, repolling fd = 8
Socket not ready, repolling fd = 8
Socket not ready, repolling fd = 8
Socket not ready, repolling fd = 8
Socket not ready, repolling fd = 8
Socket not ready, repolling fd = 8
Socket not ready, repolling fd = 8
Socket not ready, repolling fd = 8
Socket not ready, repolling fd = 8
Socket not ready, repolling fd = 8
Socket not ready, repolling fd = 8
Socket not ready, repolling fd = 8
Socket not ready, repolling fd = 8
Socket not ready, repolling fd = 8
Socket not ready, repolling fd = 8
Socket not ready, repolling fd = 8
Socket not ready, repolling fd = 8
Socket not ready, repolling fd = 8
Socket not ready, repolling fd = 8
Socket not ready, repolling fd = 8
Socket not ready, repolling fd = 8
Socket not ready, repolling fd = 8
Socket not ready, repolling fd = 8
Socket not ready, repolling fd = 8
Socket not ready, repolling fd = 8
Socket not ready, repolling fd = 8
Socket not ready, repolling fd = 8
Socket not ready, repolling fd = 8
Socket not ready, repolling fd = 8
Socket not ready, repolling fd = 8
Socket not ready, repolling fd = 8
Socket not ready, repolling fd = 8
Socket not ready, repolling fd = 8
Socket not ready, repolling fd = 8
Socket not ready, repolling fd = 8
Socket not ready, repolling fd = 8
Socket not ready, repolling fd = 8
Socket not ready, repolling fd = 8
Socket not ready, repolling fd = 8
Socket not ready, repolling fd = 8
Socket not ready, repolling fd = 8
Socket not ready, repolling fd = 8
Socket not ready, repolling fd = 8
Socket not ready, repolling fd = 8
Socket not ready, repolling fd = 8
Socket not ready, repolling fd = 8
Socket not ready, repolling fd = 8
Socket not ready, repolling fd = 8
Socket not ready, repolling fd = 8
Socket not ready, repolling fd = 8
Socket not ready, repolling fd = 8
Socket not ready, repolling fd = 8
Socket not ready, repolling fd = 8
Socket not ready, repolling fd = 8
Socket not ready, repolling fd = 8
Socket not ready, repolling fd = 8
Socket not ready, repolling fd = 8
Socket not ready, repolling fd = 8
Socket not ready, repolling fd = 8
Socket not ready, repolling fd = 8
Socket not ready, repolling fd = 8
Socket not ready, repolling fd = 8
Socket not ready, repolling fd = 8
Socket not ready, repolling fd = 8
Socket not ready, repolling fd = 8
Socket not ready, repolling fd = 8
Socket not ready, repolling fd = 8
Socket not ready, repolling fd = 8
Socket not ready, repolling fd = 8
Socket not ready, repolling fd = 8
Socket not ready, repolling fd = 8
Socket not ready, repolling fd = 8
Socket not ready, repolling fd = 8
Socket not ready, repolling fd = 8
Socket not ready, repolling fd = 8
Socket not ready, repolling fd = 8
Socket not ready, repolling fd = 8
Socket not ready, repolling fd = 8
Socket not ready, repolling fd = 8
Socket not ready, repolling fd = 8
Socket not ready, repolling fd = 8
Socket not ready, repolling fd = 8
Socket not ready, repolling fd = 8
Socket not ready, repolling fd = 8
Socket not ready, repolling fd = 8
Socket not ready, repolling fd = 8
Socket not ready, repolling fd = 8
Socket not ready, repolling fd = 8
Socket not ready, repolling fd = 8
Socket not ready, repolling fd = 8
Socket not ready, repolling fd = 8
Socket not ready, repolling fd = 8
Socket not ready, repolling fd = 8
Socket not ready, repolling fd = 8
Socket not ready, repolling fd = 8
Socket not ready, repolling fd = 8
Socket not ready, repolling fd = 8
Socket not ready, repolling fd = 8
Socket not ready, repolling fd = 8
Socket not ready, repolling fd = 8
Socket not ready, repolling fd = 8
Socket not ready, repolling fd = 8
Socket not ready, repolling fd = 8
Socket not ready, repolling fd = 8
Socket not ready, repolling fd = 8
Socket not ready, repolling fd = 8
Socket not ready, repolling fd = 8
Socket not ready, repolling fd = 8
Socket not ready, repolling fd = 8
Socket not ready, repolling fd = 8
Socket not ready, repolling fd = 8
Socket not ready, repolling fd = 8
Socket not ready, repolling fd = 8
Socket not ready, repolling fd = 8
Socket not ready, repolling fd = 8
Socket not ready, repolling fd = 8
Socket not ready, repolling fd = 8
Socket not ready, repolling fd = 8
Socket not ready, repolling fd = 8
Socket not ready, repolling fd = 8
Socket not ready, repolling fd = 8
Socket not ready, repolling fd = 8
Socket not ready, repolling fd = 8
Socket not ready, repolling fd = 8
Socket not ready, repolling fd = 8
Socket not ready, repolling fd = 8
Socket not ready, repolling fd = 8
Socket not ready, repolling fd = 8
Socket not ready, repolling fd = 8
Socket not ready, repolling fd = 8
Socket not ready, repolling fd = 8
Socket not ready, repolling fd = 8
Socket not ready, repolling fd = 8
Socket not ready, repolling fd = 8
Socket not ready, repolling fd = 8
Socket not ready, repolling fd = 8
Socket not ready, repolling fd = 8
Socket not ready, repolling fd = 8
Socket not ready, repolling fd = 8
Socket not ready, repolling fd = 8
Socket not ready, repolling fd = 8
Socket not ready, repolling fd = 8
Socket not ready, repolling fd = 8
Socket not ready, repolling fd = 8
Socket not ready, repolling fd = 8
Socket not ready, repolling fd = 8
Socket not ready, repolling fd = 8
Socket not ready, repolling fd = 8
Socket not ready, repolling fd = 8
Socket not ready, repolling fd = 8
Socket not ready, repolling fd = 8
Socket not ready, repolling fd = 8
Socket not ready, repolling fd = 8
Socket not ready, repolling fd = 8
Socket not ready, repolling fd = 8
Socket not ready, repolling fd = 8
Socket not ready, repolling fd = 8
Socket not ready, repolling fd = 8
Socket not ready, repolling fd = 8
Socket not ready, repolling fd = 8
Socket not ready, repolling fd = 8
Socket not ready, repolling fd = 8
Socket not ready, repolling fd = 8
Socket not ready, repolling fd = 8
Socket not ready, repolling fd = 8
Socket not ready, repolling fd = 8
Socket not ready, repolling fd = 8
Socket not ready, repolling fd = 8
Socket not ready, repolling fd = 8
Socket not ready, repolling fd = 8
Socket not ready, repolling fd = 8
Socket not ready, repolling fd = 8
Socket not ready, repolling fd = 8
Socket not ready, repolling fd = 8
Socket not ready, repolling fd = 8
Socket not ready, repolling fd = 8
Socket not ready, repolling fd = 8
Socket not ready, repolling fd = 8
Socket not ready, repolling fd = 8
Socket not ready, repolling fd = 8
Socket not ready, repolling fd = 8
Socket not ready, repolling fd = 8
Socket not ready, repolling fd = 8
Socket not ready, repolling fd = 8
Socket not ready, repolling fd = 8
Socket not ready, repolling fd = 8
Socket not ready, repolling fd = 8
Socket not ready, repolling fd = 8
Socket not ready, repolling fd = 8
Socket not ready, repolling fd = 8
Socket not ready, repolling fd = 8
Socket not ready, repolling fd = 8
Socket not ready, repolling fd = 8
Socket not ready, repolling fd = 8
Socket not ready, repolling fd = 8
Socket not ready, repolling fd = 8
Socket not ready, repolling fd = 8
Socket not ready, repolling fd = 8
Socket not ready, repolling fd = 8
Socket not ready, repolling fd = 8
Socket not ready, repolling fd = 8
Socket not ready, repolling fd = 8
Socket not ready, repolling fd = 8
Socket not ready, repolling fd = 8
Socket not ready, repolling fd = 8
Socket not ready, repolling fd = 8
Socket not ready, repolling fd = 8
Socket not ready, repolling fd = 8
Socket not ready, repolling fd = 8
Socket not ready, repolling fd = 8
Socket not ready, repolling fd = 8
Socket not ready, repolling fd = 8
Socket not ready, repolling fd = 8
Socket not ready, repolling fd = 8
Socket not ready, repolling fd = 8
Socket not ready, repolling fd = 8
Socket not ready, repolling fd = 8
Socket not ready, repolling fd = 8
Socket not ready, repolling fd = 8
Socket not ready, repolling fd = 8
Socket not ready, repolling fd = 8
Socket not ready, repolling fd = 8
Socket not ready, repolling fd = 8
Socket not ready, repolling fd = 8
Socket not ready, repolling fd = 8
Socket not ready, repolling fd = 8
Socket not ready, repolling fd = 8
Socket not ready, repolling fd = 8
Socket not ready, repolling fd = 8
Socket not ready, repolling fd = 8
Socket not ready, repolling fd = 8
Socket not ready, repolling fd = 8
Socket not ready, repolling fd = 8
Socket not ready, repolling fd = 8
Socket not ready, repolling fd = 8
Socket not ready, repolling fd = 8
Socket not ready, repolling fd = 8
Socket not ready, repolling fd = 8
Socket not ready, repolling fd = 8
Socket not ready, repolling fd = 8
Socket not ready, repolling fd = 8
Socket not ready, repolling fd = 8
Socket not ready, repolling fd = 8
Socket not ready, repolling fd = 8
Socket not ready, repolling fd = 8
Socket not ready, repolling fd = 8
Socket not ready, repolling fd = 8
Socket not ready, repolling fd = 8
Socket not ready, repolling fd = 8
Socket not ready, repolling fd = 8
Socket not ready, repolling fd = 8
Socket not ready, repolling fd = 8
Socket not ready, repolling fd = 8
Socket not ready, repolling fd = 8
Socket not ready, repolling fd = 8
Socket not ready, repolling fd = 8
Socket not ready, repolling fd = 8
Socket not ready, repolling fd = 8
Socket not ready, repolling fd = 8
Socket not ready, repolling fd = 8
Socket not ready, repolling fd = 8
Socket not ready, repolling fd = 8
Socket not ready, repolling fd = 8
Socket not ready, repolling fd = 8
Socket not ready, repolling fd = 8
Socket not ready, repolling fd = 8
Socket not ready, repolling fd = 8
Socket not ready, repolling fd = 8
Socket not ready, repolling fd = 8
Socket not ready, repolling fd = 8
Socket not ready, repolling fd = 8
Socket not ready, repolling fd = 8
Socket not ready, repolling fd = 8
Socket not ready, repolling fd = 8
Socket not ready, repolling fd = 8
Socket not ready, repolling fd = 8
Socket not ready, repolling fd = 8
Socket not ready, repolling fd = 8
Socket not ready, repolling fd = 8
Socket not ready, repolling fd = 8
Socket not ready, repolling fd = 8
Socket not ready, repolling fd = 8
Socket not ready, repolling fd = 8
Socket not ready, repolling fd = 8
Socket not ready, repolling fd = 8
Socket not ready, repolling fd = 8
Socket not ready, repolling fd = 8
Socket not ready, repolling fd = 8
Socket not ready, repolling fd = 8
Socket not ready, repolling fd = 8
Socket not ready, repolling fd = 8
Socket not ready, repolling fd = 8
Socket not ready, repolling fd = 8
Socket not ready, repolling fd = 8
Socket not ready, repolling fd = 8
Socket not ready, repolling fd = 8
Socket not ready, repolling fd = 8
Socket not ready, repolling fd = 8
Socket not ready, repolling fd = 8
Socket not ready, repolling fd = 8
Socket not ready, repolling fd = 8
Socket not ready, repolling fd = 8
Socket not ready, repolling fd = 8
Socket not ready, repolling fd = 8
Socket not ready, repolling fd = 8
Socket not ready, repolling fd = 8
Socket not ready, repolling fd = 8
Socket not ready, repolling fd = 8
Socket not ready, repolling fd = 8
Socket not ready, repolling fd = 8
Socket not ready, repolling fd = 8
Socket not ready, repolling fd = 8
Socket not ready, repolling fd = 8
Socket not ready, repolling fd = 8
Socket not ready, repolling fd = 8
Socket not ready, repolling fd = 8
Socket not ready, repolling fd = 8
Socket not ready, repolling fd = 8
Socket not ready, repolling fd = 8
Socket not ready, repolling fd = 8
Socket not ready, repolling fd = 8
Socket not ready, repolling fd = 8
Socket not ready, repolling fd = 8
Socket not ready, repolling fd = 8
Socket not ready, repolling fd = 8
Socket not ready, repolling fd = 8
Socket not ready, repolling fd = 8
Socket not ready, repolling fd = 8
Socket not ready, repolling fd = 8
Socket not ready, repolling fd = 8
Socket not ready, repolling fd = 8
Socket not ready, repolling fd = 8
Socket not ready, repolling fd = 8
Socket not ready, repolling fd = 8
Socket not ready, repolling fd = 8
Socket not ready, repolling fd = 8
Socket not ready, repolling fd = 8
Socket not ready, repolling fd = 8
Socket not ready, repolling fd = 8
Socket not ready, repolling fd = 8
Socket not ready, repolling fd = 8
Socket not ready, repolling fd = 8
Socket not ready, repolling fd = 8
Socket not ready, repolling fd = 8
Socket not ready, repolling fd = 8
Socket not ready, repolling fd = 8
Socket not ready, repolling fd = 8
Socket not ready, repolling fd = 8
Socket not ready, repolling fd = 8
Socket not ready, repolling fd = 8
Socket not ready, repolling fd = 8
Socket not ready, repolling fd = 8
Socket not ready, repolling fd = 8
Socket not ready, repolling fd = 8
Socket not ready, repolling fd = 8
Socket not ready, repolling fd = 8
Socket not ready, repolling fd = 8
Socket not ready, repolling fd = 8
Socket not ready, repolling fd = 8
Socket not ready, repolling fd = 8
Socket not ready, repolling fd = 8
Socket not ready, repolling fd = 8
Socket not ready, repolling fd = 8
Socket not ready, repolling fd = 8
Socket not ready, repolling fd = 8
Socket not ready, repolling fd = 8
Socket not ready, repolling fd = 8
Socket not ready, repolling fd = 8
Socket not ready, repolling fd = 8
Socket not ready, repolling fd = 8
Socket not ready, repolling fd = 8
Socket not ready, repolling fd = 8
Socket not ready, repolling fd = 8
Socket not ready, repolling fd = 8
Socket not ready, repolling fd = 8
Socket not ready, repolling fd = 8
Socket not ready, repolling fd = 8
Socket not ready, repolling fd = 8
Socket not ready, repolling fd = 8
Socket not ready, repolling fd = 8
Socket not ready, repolling fd = 8
Socket not ready, repolling fd = 8
Socket not ready, repolling fd = 8
Socket not ready, repolling fd = 8
Socket not ready, repolling fd = 8
Socket not ready, repolling fd = 8
Socket not ready, repolling fd = 8
Socket not ready, repolling fd = 8
Socket not ready, repolling fd = 8
Socket not ready, repolling fd = 8
Socket not ready, repolling fd = 8
Socket not ready, repolling fd = 8
Socket not ready, repolling fd = 8
Socket not ready, repolling fd = 8
Socket not ready, repolling fd = 8
Socket not ready, repolling fd = 8
Socket not ready, repolling fd = 8
Socket not ready, repolling fd = 8
Socket not ready, repolling fd = 8
Socket not ready, repolling fd = 8
Socket not ready, repolling fd = 8
Socket not ready, repolling fd = 8
Socket not ready, repolling fd = 8
Socket not ready, repolling fd = 8
Socket not ready, repolling fd = 8
Socket not ready, repolling fd = 8
Socket not ready, repolling fd = 8
Socket not ready, repolling fd = 8
Socket not ready, repolling fd = 8
Socket not ready, repolling fd = 8
Socket not ready, repolling fd = 8
Socket not ready, repolling fd = 8
Socket not ready, repolling fd = 8
Socket not ready, repolling fd = 8
Socket not ready, repolling fd = 8
Socket not ready, repolling fd = 8
Socket not ready, repolling fd = 8
Socket not ready, repolling fd = 8
Socket not ready, repolling fd = 8
Socket not ready, repolling fd = 8
Socket not ready, repolling fd = 8
Socket not ready, repolling fd = 8
Socket not ready, repolling fd = 8
Socket not ready, repolling fd = 8
Socket not ready, repolling fd = 8
Socket not ready, repolling fd = 8
Socket not ready, repolling fd = 8
Socket not ready, repolling fd = 8
Socket not ready, repolling fd = 8
Socket not ready, repolling fd = 8
Socket not ready, repolling fd = 8
Socket not ready, repolling fd = 8
Socket not ready, repolling fd = 8
Socket not ready, repolling fd = 8
Socket not ready, repolling fd = 8
Socket not ready, repolling fd = 8
Socket not ready, repolling fd = 8
Socket not ready, repolling fd = 8
Socket not ready, repolling fd = 8
Socket not ready, repolling fd = 8
Socket not ready, repolling fd = 8
Socket not ready, repolling fd = 8
Socket not ready, repolling fd = 8
Socket not ready, repolling fd = 8
Socket not ready, repolling fd = 8
Socket not ready, repolling fd = 8
Socket not ready, repolling fd = 8
Socket not ready, repolling fd = 8
Socket not ready, repolling fd = 8
Socket not ready, repolling fd = 8
Socket not ready, repolling fd = 8
Socket not ready, repolling fd = 8
Socket not ready, repolling fd = 8
Socket not ready, repolling fd = 8
Socket not ready, repolling fd = 8
Socket not ready, repolling fd = 8
Socket not ready, repolling fd = 8
Socket not ready, repolling fd = 8
Socket not ready, repolling fd = 8
Socket not ready, repolling fd = 8
Socket not ready, repolling fd = 8
Socket not ready, repolling fd = 8
Socket not ready, repolling fd = 8
Socket not ready, repolling fd = 8
Socket not ready, repolling fd = 8
Socket not ready, repolling fd = 8
Socket not ready, repolling fd = 8
Socket not ready, repolling fd = 8
Socket not ready, repolling fd = 8
Socket not ready, repolling fd = 8
Socket not ready, repolling fd = 8
Socket not ready, repolling fd = 8
Socket not ready, repolling fd = 8
Socket not ready, repolling fd = 8
Socket not ready, repolling fd = 8
Socket not ready, repolling fd = 8
Socket not ready, repolling fd = 8
Socket not ready, repolling fd = 8
Socket not ready, repolling fd = 8
Socket not ready, repolling fd = 8
Socket not ready, repolling fd = 8
Socket not ready, repolling fd = 8
Socket not ready, repolling fd = 8
Socket not ready, repolling fd = 8
Socket not ready, repolling fd = 8
Socket not ready, repolling fd = 8
Socket not ready, repolling fd = 8
Socket not ready, repolling fd = 8
Socket not ready, repolling fd = 8
Socket not ready, repolling fd = 8
Socket not ready, repolling fd = 8
Socket not ready, repolling fd = 8
Socket not ready, repolling fd = 8
Socket not ready, repolling fd = 8
Socket not ready, repolling fd = 8
Socket not ready, repolling fd = 8
Socket not ready, repolling fd = 8
Socket not ready, repolling fd = 8
Socket not ready, repolling fd = 8
Socket not ready, repolling fd = 8
Socket not ready, repolling fd = 8
Socket not ready, repolling fd = 8
Socket not ready, repolling fd = 8
Socket not ready, repolling fd = 8
Socket not ready, repolling fd = 8
Socket not ready, repolling fd = 8
Socket not ready, repolling fd = 8
Socket not ready, repolling fd = 8
Socket not ready, repolling fd = 8
Socket not ready, repolling fd = 8
Socket not ready, repolling fd = 8
Socket not ready, repolling fd = 8
Socket not ready, repolling fd = 8
Socket not ready, repolling fd = 8
Socket not ready, repolling fd = 8
Socket not ready, repolling fd = 8
Socket not ready, repolling fd = 8
Socket not ready, repolling fd = 8
Socket not ready, repolling fd = 8
Socket not ready, repolling fd = 8
Socket not ready, repolling fd = 8
Socket not ready, repolling fd = 8
Socket not ready, repolling fd = 8
Socket not ready, repolling fd = 8
Socket not ready, repolling fd = 8
Socket not ready, repolling fd = 8
Socket not ready, repolling fd = 8
Socket not ready, repolling fd = 8
Socket not ready, repolling fd = 8
Socket not ready, repolling fd = 8
Socket not ready, repolling fd = 8
Socket not ready, repolling fd = 8
Socket not ready, repolling fd = 8
Socket not ready, repolling fd = 8
Socket not ready, repolling fd = 8
Socket not ready, repolling fd = 8
Socket not ready, repolling fd = 8
Socket not ready, repolling fd = 8
Socket not ready, repolling fd = 8
Socket not ready, repolling fd = 8
Socket not ready, repolling fd = 8
Socket not ready, repolling fd = 8
Socket not ready, repolling fd = 8
Socket not ready, repolling fd = 8
Socket not ready, repolling fd = 8
Socket not ready, repolling fd = 8
Socket not ready, repolling fd = 8
Socket not ready, repolling fd = 8
Socket not ready, repolling fd = 8
Socket not ready, repolling fd = 8
Socket not ready, repolling fd = 8
Socket not ready, repolling fd = 8
Socket not ready, repolling fd = 8
Socket not ready, repolling fd = 8
Socket not ready, repolling fd = 8
Socket not ready, repolling fd = 8
Socket not ready, repolling fd = 8
Socket not ready, repolling fd = 8
Socket not ready, repolling fd = 8
Socket not ready, repolling fd = 8
Socket not ready, repolling fd = 8
Socket not ready, repolling fd = 8
Socket not ready, repolling fd = 8
Socket not ready, repolling fd = 8
Socket not ready, repolling fd = 8
Socket not ready, repolling fd = 8
Socket not ready, repolling fd = 8
Socket not ready, repolling fd = 8
Socket not ready, repolling fd = 8
Socket not ready, repolling fd = 8
Socket not ready, repolling fd = 8
Socket not ready, repolling fd = 8
Socket not ready, repolling fd = 8
Socket not ready, repolling fd = 8
Socket not ready, repolling fd = 8
Socket not ready, repolling fd = 8
Socket not ready, repolling fd = 8
Socket not ready, repolling fd = 8
Socket not ready, repolling fd = 8
Socket not ready, repolling fd = 8
Socket not ready, repolling fd = 8
Socket not ready, repolling fd = 8
Socket not ready, repolling fd = 8
Socket not ready, repolling fd = 8
Socket not ready, repolling fd = 8
Socket not ready, repolling fd = 8
Socket not ready, repolling fd = 8
Socket not ready, repolling fd = 8
Socket not ready, repolling fd = 8
Socket not ready, repolling fd = 8
Socket not ready, repolling fd = 8
Socket not ready, repolling fd = 8
Socket not ready, repolling fd = 8
Socket not ready, repolling fd = 8
Socket not ready, repolling fd = 8
Socket not ready, repolling fd = 8
Socket not ready, repolling fd = 8
Socket not ready, repolling fd = 8
Socket not ready, repolling fd = 8
Socket not ready, repolling fd = 8
Socket not ready, repolling fd = 8
Socket not ready, repolling fd = 8
Socket not ready, repolling fd = 8
Socket not ready, repolling fd = 8
Socket not ready, repolling fd = 8
Socket not ready, repolling fd = 8
Socket not ready, repolling fd = 8
Socket not ready, repolling fd = 8
Socket not ready, repolling fd = 8
Socket not ready, repolling fd = 8
Socket not ready, repolling fd = 8
Socket not ready, repolling fd = 8
Socket not ready, repolling fd = 8
Socket not ready, repolling fd = 8
Socket not ready, repolling fd = 8
Socket not ready, repolling fd = 8
Socket not ready, repolling fd = 8
Socket not ready, repolling fd = 8
Socket not ready, repolling fd = 8
Socket not ready, repolling fd = 8
Socket not ready, repolling fd = 8
Socket not ready, repolling fd = 8
Socket not ready, repolling fd = 8
Socket not ready, repolling fd = 8
Socket not ready, repolling fd = 8
Socket not ready, repolling fd = 8
Socket not ready, repolling fd = 8
Socket not ready, repolling fd = 8
Socket not ready, repolling fd = 8
Socket not ready, repolling fd = 8
Socket not ready, repolling fd = 8
Socket not ready, repolling fd = 8
Socket not ready, repolling fd = 8
Socket not ready, repolling fd = 8
Socket not ready, repolling fd = 8
Socket not ready, repolling fd = 8
Socket not ready, repolling fd = 8
Socket not ready, repolling fd = 8
Socket not ready, repolling fd = 8
Socket not ready, repolling fd = 8
Socket not ready, repolling fd = 8
Socket not ready, repolling fd = 8
Socket not ready, repolling fd = 8
Socket not ready, repolling fd = 8
Socket not ready, repolling fd = 8
Socket not ready, repolling fd = 8
Socket not ready, repolling fd = 8
Socket not ready, repolling fd = 8
Socket not ready, repolling fd = 8
Socket not ready, repolling fd = 8
Socket not ready, repolling fd = 8
Socket not ready, repolling fd = 8
Socket not ready, repolling fd = 8
Socket not ready, repolling fd = 8
Socket not ready, repolling fd = 8
Socket not ready, repolling fd = 8
Socket not ready, repolling fd = 8
Socket not ready, repolling fd = 8
Socket not ready, repolling fd = 8
Socket not ready, repolling fd = 8
Socket not ready, repolling fd = 8
Socket not ready, repolling fd = 8
Socket not ready, repolling fd = 8
Socket not ready, repolling fd = 8
Socket not ready, repolling fd = 8
Socket not ready, repolling fd = 8
Socket not ready, repolling fd = 8
Socket not ready, repolling fd = 8
Socket not ready, repolling fd = 8
Socket not ready, repolling fd = 8
Socket not ready, repolling fd = 8
Socket not ready, repolling fd = 8
Socket not ready, repolling fd = 8
Socket not ready, repolling fd = 8
Socket not ready, repolling fd = 8
Socket not ready, repolling fd = 8
Socket not ready, repolling fd = 8
Socket not ready, repolling fd = 8
Socket not ready, repolling fd = 8
Socket not ready, repolling fd = 8
Socket not ready, repolling fd = 8
Socket not ready, repolling fd = 8
Socket not ready, repolling fd = 8
Socket not ready, repolling fd = 8
Socket not ready, repolling fd = 8
Socket not ready, repolling fd = 8
Socket not ready, repolling fd = 8
Socket not ready, repolling fd = 8
Socket not ready, repolling fd = 8
Socket not ready, repolling fd = 8
Socket not ready, repolling fd = 8
Socket not ready, repolling fd = 8
Socket not ready, repolling fd = 8
Socket not ready, repolling fd = 8
Socket not ready, repolling fd = 8
Socket not ready, repolling fd = 8
Socket not ready, repolling fd = 8
Socket not ready, repolling fd = 8
Socket not ready, repolling fd = 8
Socket not ready, repolling fd = 8
Socket not ready, repolling fd = 8
Socket not ready, repolling fd = 8
Socket not ready, repolling fd = 8
Socket not ready, repolling fd = 8
Socket not ready, repolling fd = 8
Socket not ready, repolling fd = 8
Socket not ready, repolling fd = 8
Socket not ready, repolling fd = 8
Socket not ready, repolling fd = 8
Socket not ready, repolling fd = 8
Socket not ready, repolling fd = 8
Socket not ready, repolling fd = 8
Socket not ready, repolling fd = 8
Socket not ready, repolling fd = 8
Socket not ready, repolling fd = 8
Socket not ready, repolling fd = 8
Socket not ready, repolling fd = 8
Socket not ready, repolling fd = 8
Socket not ready, repolling fd = 8
Socket not ready, repolling fd = 8
Socket not ready, repolling fd = 8
Socket not ready, repolling fd = 8
Socket not ready, repolling fd = 8
Socket not ready, repolling fd = 8
Socket not ready, repolling fd = 8
Socket not ready, repolling fd = 8
Socket not ready, repolling fd = 8
Socket not ready, repolling fd = 8
Socket not ready, repolling fd = 8
Socket not ready, repolling fd = 8
Socket not ready, repolling fd = 8
Socket not ready, repolling fd = 8
Socket not ready, repolling fd = 8
Socket not ready, repolling fd = 8
Socket not ready, repolling fd = 8
Socket not ready, repolling fd = 8
Socket not ready, repolling fd = 8
Socket not ready, repolling fd = 8
Socket not ready, repolling fd = 8
Socket not ready, repolling fd = 8
Socket not ready, repolling fd = 8
Socket not ready, repolling fd = 8
Socket not ready, repolling fd = 8
Socket not ready, repolling fd = 8
Socket not ready, repolling fd = 8
Socket not ready, repolling fd = 8
Socket not ready, repolling fd = 8
Socket not ready, repolling fd = 8
Socket not ready, repolling fd = 8
Socket not ready, repolling fd = 8
Socket not ready, repolling fd = 8
Socket not ready, repolling fd = 8
Socket not ready, repolling fd = 8
Socket not ready, repolling fd = 8
Socket not ready, repolling fd = 8
Socket not ready, repolling fd = 8
Socket not ready, repolling fd = 8
Socket not ready, repolling fd = 8
Socket not ready, repolling fd = 8
Socket not ready, repolling fd = 8
Socket not ready, repolling fd = 8
Socket not ready, repolling fd = 8
Socket not ready, repolling fd = 8
Socket not ready, repolling fd = 8
Socket not ready, repolling fd = 8
Socket not ready, repolling fd = 8
Socket not ready, repolling fd = 8
Socket not ready, repolling fd = 8
Socket not ready, repolling fd = 8
Socket not ready, repolling fd = 8
Socket not ready, repolling fd = 8
Socket not ready, repolling fd = 8
Socket not ready, repolling fd = 8
Socket not ready, repolling fd = 8
Socket not ready, repolling fd = 8
Socket not ready, repolling fd = 8
Socket not ready, repolling fd = 8
Socket not ready, repolling fd = 8
Socket not ready, repolling fd = 8
Socket not ready, repolling fd = 8
Socket not ready, repolling fd = 8
Socket not ready, repolling fd = 8
Socket not ready, repolling fd = 8
Socket not ready, repolling fd = 8
Socket not ready, repolling fd = 8
Socket not ready, repolling fd = 9
Socket not ready, repolling fd = 9
Socket not ready, repolling fd = 9
Socket not ready, repolling fd = 9
Socket not ready, repolling fd = 9
Socket not ready, repolling fd = 9
Socket not ready, repolling fd = 9
Socket not ready, repolling fd = 9
Socket not ready, repolling fd = 9
Socket not ready, repolling fd = 9
Socket not ready, repolling fd = 9
Socket not ready, repolling fd = 9
Socket not ready, repolling fd = 9
Socket not ready, repolling fd = 9
Socket not ready, repolling fd = 9
Socket not ready, repolling fd = 9
Socket not ready, repolling fd = 9
Socket not ready, repolling fd = 9
Socket not ready, repolling fd = 9
Socket not ready, repolling fd = 9
Socket not ready, repolling fd = 9
Socket not ready, repolling fd = 9
Socket not ready, repolling fd = 9
Socket not ready, repolling fd = 9
Socket not ready, repolling fd = 9
Socket not ready, repolling fd = 9
Socket not ready, repolling fd = 9
Socket not ready, repolling fd = 9
Socket not ready, repolling fd = 9
Socket not ready, repolling fd = 9
Socket not ready, repolling fd = 9
Socket not ready, repolling fd = 9
Socket not ready, repolling fd = 9
Socket not ready, repolling fd = 9
Socket not ready, repolling fd = 9
Socket not ready, repolling fd = 9
Socket not ready, repolling fd = 9
Socket not ready, repolling fd = 9
Socket not ready, repolling fd = 9
Socket not ready, repolling fd = 9
Socket not ready, repolling fd = 9
Socket not ready, repolling fd = 9
Socket not ready, repolling fd = 9
Socket not ready, repolling fd = 9
Socket not ready, repolling fd = 9
Socket not ready, repolling fd = 9
Socket not ready, repolling fd = 9
Socket not ready, repolling fd = 9
Socket not ready, repolling fd = 9
Socket not ready, repolling fd = 9
Socket not ready, repolling fd = 9
Socket not ready, repolling fd = 9
Socket not ready, repolling fd = 9
Socket not ready, repolling fd = 9
Socket not ready, repolling fd = 9
Socket not ready, repolling fd = 9
Socket not ready, repolling fd = 9
Socket not ready, repolling fd = 9
Socket not ready, repolling fd = 9
Socket not ready, repolling fd = 9
Socket not ready, repolling fd = 9
Socket not ready, repolling fd = 9
Socket not ready, repolling fd = 9
Socket not ready, repolling fd = 9
Socket not ready, repolling fd = 9
Socket not ready, repolling fd = 9
Socket not ready, repolling fd = 9
Socket not ready, repolling fd = 9
Socket not ready, repolling fd = 9
Socket not ready, repolling fd = 9
Socket not ready, repolling fd = 9
Socket not ready, repolling fd = 9
Socket not ready, repolling fd = 9
Socket not ready, repolling fd = 9
Socket not ready, repolling fd = 9
Socket not ready, repolling fd = 9
Socket not ready, repolling fd = 9
Socket not ready, repolling fd = 9
Socket not ready, repolling fd = 9
Socket not ready, repolling fd = 9
Socket not ready, repolling fd = 9
Socket not ready, repolling fd = 9
Socket not ready, repolling fd = 9
Socket not ready, repolling fd = 9
Socket not ready, repolling fd = 9
Socket not ready, repolling fd = 9
Socket not ready, repolling fd = 9
Socket not ready, repolling fd = 9
Socket not ready, repolling fd = 9
Socket not ready, repolling fd = 9
Socket not ready, repolling fd = 9
Socket not ready, repolling fd = 9
Socket not ready, repolling fd = 9
Socket not ready, repolling fd = 9
Socket not ready, repolling fd = 9
Socket not ready, repolling fd = 9
Socket not ready, repolling fd = 9
Socket not ready, repolling fd = 9
Socket not ready, repolling fd = 9
Socket not ready, repolling fd = 9
Socket not ready, repolling fd = 9
Socket not ready, repolling fd = 9
Socket not ready, repolling fd = 9
Socket not ready, repolling fd = 9
Socket not ready, repolling fd = 9
Socket not ready, repolling fd = 9
Socket not ready, repolling fd = 9
Socket not ready, repolling fd = 9
Socket not ready, repolling fd = 9
Socket not ready, repolling fd = 9
Socket not ready, repolling fd = 9
Socket not ready, repolling fd = 9
Socket not ready, repolling fd = 9
Socket not ready, repolling fd = 9
Socket not ready, repolling fd = 9
Socket not ready, repolling fd = 9
Socket not ready, repolling fd = 9
Socket not ready, repolling fd = 9
Socket not ready, repolling fd = 9
Socket not ready, repolling fd = 9
Socket not ready, repolling fd = 9
Socket not ready, repolling fd = 9
Socket not ready, repolling fd = 9
Socket not ready, repolling fd = 9
Socket not ready, repolling fd = 9
Socket not ready, repolling fd = 9
Socket not ready, repolling fd = 9
Socket not ready, repolling fd = 9
Socket not ready, repolling fd = 9
Socket not ready, repolling fd = 9
Socket not ready, repolling fd = 9
Socket not ready, repolling fd = 9
Socket not ready, repolling fd = 9
Socket not ready, repolling fd = 9
Socket not ready, repolling fd = 9
Socket not ready, repolling fd = 9
Socket not ready, repolling fd = 9
Socket not ready, repolling fd = 9
Socket not ready, repolling fd = 9
Socket not ready, repolling fd = 9
Socket not ready, repolling fd = 9
Socket not ready, repolling fd = 9
Socket not ready, repolling fd = 9
Socket not ready, repolling fd = 9
Socket not ready, repolling fd = 9
Socket not ready, repolling fd = 9
Socket not ready, repolling fd = 9
Socket not ready, repolling fd = 9
Socket not ready, repolling fd = 9
Socket not ready, repolling fd = 9
Socket not ready, repolling fd = 9
Socket not ready, repolling fd = 9
Socket not ready, repolling fd = 9
Socket not ready, repolling fd = 9
Socket not ready, repolling fd = 9
Socket not ready, repolling fd = 9
Socket not ready, repolling fd = 9
Socket not ready, repolling fd = 9
Socket not ready, repolling fd = 9
Socket not ready, repolling fd = 9
Socket not ready, repolling fd = 9
Socket not ready, repolling fd = 9
Socket not ready, repolling fd = 9
Socket not ready, repolling fd = 9
Socket not ready, repolling fd = 9
Socket not ready, repolling fd = 9
Socket not ready, repolling fd = 9
Socket not ready, repolling fd = 9
Socket not ready, repolling fd = 9
Socket not ready, repolling fd = 9
Socket not ready, repolling fd = 9
Socket not ready, repolling fd = 9
Socket not ready, repolling fd = 9
Socket not ready, repolling fd = 9
Socket not ready, repolling fd = 9
Socket not ready, repolling fd = 9
Socket not ready, repolling fd = 9
Socket not ready, repolling fd = 9
Socket not ready, repolling fd = 9
Socket not ready, repolling fd = 9
Socket not ready, repolling fd = 9
Socket not ready, repolling fd = 9
Socket not ready, repolling fd = 7
Socket not ready, repolling fd = 7
Socket not ready, repolling fd = 7
Socket not ready, repolling fd = 7
Socket not ready, repolling fd = 7
Socket not ready, repolling fd = 7
Socket not ready, repolling fd = 7
Socket not ready, repolling fd = 7
Socket not ready, repolling fd = 7
Socket not ready, repolling fd = 7
Socket not ready, repolling fd = 7
Socket not ready, repolling fd = 7
Socket not ready, repolling fd = 7
Socket not ready, repolling fd = 7
Socket not ready, repolling fd = 7
Socket not ready, repolling fd = 7
Socket not ready, repolling fd = 7
Socket not ready, repolling fd = 7
Socket not ready, repolling fd = 7
Socket not ready, repolling fd = 7
Socket not ready, repolling fd = 7
Socket not ready, repolling fd = 7
Socket not ready, repolling fd = 7
Socket not ready, repolling fd = 7
Socket not ready, repolling fd = 7
Socket not ready, repolling fd = 7
Socket not ready, repolling fd = 7
Socket not ready, repolling fd = 7
Socket not ready, repolling fd = 7
Socket not ready, repolling fd = 7
Socket not ready, repolling fd = 7
Socket not ready, repolling fd = 7
Socket not ready, repolling fd = 7
Socket not ready, repolling fd = 7
Socket not ready, repolling fd = 7
Socket not ready, repolling fd = 7
Socket not ready, repolling fd = 7
Socket not ready, repolling fd = 7
Socket not ready, repolling fd = 7
Socket not ready, repolling fd = 7
Socket not ready, repolling fd = 7
Socket not ready, repolling fd = 7
Socket not ready, repolling fd = 7
Socket not ready, repolling fd = 7
Socket not ready, repolling fd = 7
Socket not ready, repolling fd = 7
Socket not ready, repolling fd = 7
Socket not ready, repolling fd = 7
Socket not ready, repolling fd = 7
Socket not ready, repolling fd = 7
Socket not ready, repolling fd = 7
Socket not ready, repolling fd = 7
Socket not ready, repolling fd = 7
Socket not ready, repolling fd = 7
Socket not ready, repolling fd = 7
Socket not ready, repolling fd = 7
Socket not ready, repolling fd = 7
Socket not ready, repolling fd = 7
Socket not ready, repolling fd = 7
Socket not ready, repolling fd = 7
Socket not ready, repolling fd = 7
Socket not ready, repolling fd = 7
Socket not ready, repolling fd = 7
Socket not ready, repolling fd = 7
Socket not ready, repolling fd = 7
Socket not ready, repolling fd = 7
Socket not ready, repolling fd = 7
Socket not ready, repolling fd = 7
Socket not ready, repolling fd = 7
Socket not ready, repolling fd = 7
Socket not ready, repolling fd = 7
Socket not ready, repolling fd = 7
Socket not ready, repolling fd = 7
Socket not ready, repolling fd = 7
Socket not ready, repolling fd = 7
Socket not ready, repolling fd = 7
Socket not ready, repolling fd = 7
Socket not ready, repolling fd = 7
Socket not ready, repolling fd = 7
Socket not ready, repolling fd = 7
Socket not ready, repolling fd = 7
Socket not ready, repolling fd = 7
Socket not ready, repolling fd = 7
Socket not ready, repolling fd = 7
Socket not ready, repolling fd = 7
Socket not ready, repolling fd = 7
Socket not ready, repolling fd = 7
Socket not ready, repolling fd = 7
Socket not ready, repolling fd = 7
Socket not ready, repolling fd = 7
Socket not ready, repolling fd = 7
Socket not ready, repolling fd = 7
Socket not ready, repolling fd = 7
Socket not ready, repolling fd = 7
Socket not ready, repolling fd = 7
Socket not ready, repolling fd = 7
Socket not ready, repolling fd = 7
Socket not ready, repolling fd = 7
Socket not ready, repolling fd = 7
Socket not ready, repolling fd = 7
Socket not ready, repolling fd = 7
Socket not ready, repolling fd = 7
Socket not ready, repolling fd = 7
Socket not ready, repolling fd = 7
Socket not ready, repolling fd = 7
Socket not ready, repolling fd = 7
Socket not ready, repolling fd = 7
Socket not ready, repolling fd = 7
Socket not ready, repolling fd = 7
Socket not ready, repolling fd = 9
Socket not ready, repolling fd = 9
Socket not ready, repolling fd = 9
Socket not ready, repolling fd = 9
Socket not ready, repolling fd = 9
Socket not ready, repolling fd = 9
Socket not ready, repolling fd = 9
Socket not ready, repolling fd = 9
Socket not ready, repolling fd = 9
Socket not ready, repolling fd = 9
Socket not ready, repolling fd = 9
Socket not ready, repolling fd = 9
Socket not ready, repolling fd = 9
Socket not ready, repolling fd = 9
Socket not ready, repolling fd = 9
Socket not ready, repolling fd = 9
Socket not ready, repolling fd = 9
Socket not ready, repolling fd = 9
Socket not ready, repolling fd = 9
Socket not ready, repolling fd = 9
Socket not ready, repolling fd = 9
Socket not ready, repolling fd = 9
Socket not ready, repolling fd = 9
Socket not ready, repolling fd = 9
Socket not ready, repolling fd = 9
Socket not ready, repolling fd = 9
Socket not ready, repolling fd = 9
Socket not ready, repolling fd = 9
Socket not ready, repolling fd = 9
Socket not ready, repolling fd = 9
Socket not ready, repolling fd = 9
Socket not ready, repolling fd = 9
Socket not ready, repolling fd = 9
Socket not ready, repolling fd = 9
Socket not ready, repolling fd = 9
Socket not ready, repolling fd = 9
Socket not ready, repolling fd = 9
Socket not ready, repolling fd = 9
Socket not ready, repolling fd = 9
Socket not ready, repolling fd = 9
Socket not ready, repolling fd = 9
Socket not ready, repolling fd = 9
Socket not ready, repolling fd = 9
Socket not ready, repolling fd = 9
Socket not ready, repolling fd = 9
Socket not ready, repolling fd = 9
Socket not ready, repolling fd = 9
Socket not ready, repolling fd = 9
Socket not ready, repolling fd = 9
Socket not ready, repolling fd = 9
Socket not ready, repolling fd = 9
Socket not ready, repolling fd = 9
Socket not ready, repolling fd = 9
Socket not ready, repolling fd = 9
Socket not ready, repolling fd = 9
Socket not ready, repolling fd = 9
Socket not ready, repolling fd = 9
Socket not ready, repolling fd = 9
Socket not ready, repolling fd = 9
Socket not ready, repolling fd = 9
Socket not ready, repolling fd = 9
Socket not ready, repolling fd = 9
Socket not ready, repolling fd = 9
Socket not ready, repolling fd = 9
Socket not ready, repolling fd = 9
Socket not ready, repolling fd = 9
Socket not ready, repolling fd = 9
Socket not ready, repolling fd = 9
Socket not ready, repolling fd = 9
Socket not ready, repolling fd = 9
Socket not ready, repolling fd = 9
Socket not ready, repolling fd = 9
Socket not ready, repolling fd = 9
Socket not ready, repolling fd = 9
Socket not ready, repolling fd = 9
Socket not ready, repolling fd = 9
Socket not ready, repolling fd = 9
Socket not ready, repolling fd = 9
Socket not ready, repolling fd = 9
Socket not ready, repolling fd = 9
Socket not ready, repolling fd = 9
Socket not ready, repolling fd = 9
Socket not ready, repolling fd = 9
Socket not ready, repolling fd = 9
Socket not ready, repolling fd = 9
Socket not ready, repolling fd = 9
Socket not ready, repolling fd = 9
Socket not ready, repolling fd = 9
Socket not ready, repolling fd = 9
Socket not ready, repolling fd = 9
Socket not ready, repolling fd = 9
Socket not ready, repolling fd = 9
Socket not ready, repolling fd = 9
Socket not ready, repolling fd = 9
Socket not ready, repolling fd = 9
Socket not ready, repolling fd = 9
Socket not ready, repolling fd = 9
Socket not ready, repolling fd = 9
Socket not ready, repolling fd = 9
Socket not ready, repolling fd = 9
Socket not ready, repolling fd = 9
Socket not ready, repolling fd = 9
Socket not ready, repolling fd = 9
Socket not ready, repolling fd = 9
Socket not ready, repolling fd = 9
Socket not ready, repolling fd = 9
Socket not ready, repolling fd = 9
Socket not ready, repolling fd = 9
Socket not ready, repolling fd = 9
Socket not ready, repolling fd = 9
Socket not ready, repolling fd = 9
Socket not ready, repolling fd = 9
Socket not ready, repolling fd = 9
Socket not ready, repolling fd = 9
Socket not ready, repolling fd = 9
Socket not ready, repolling fd = 9
Socket not ready, repolling fd = 9
Socket not ready, repolling fd = 9
Socket not ready, repolling fd = 9
Socket not ready, repolling fd = 9
Socket not ready, repolling fd = 9
Socket not ready, repolling fd = 9
Socket not ready, repolling fd = 9
Socket not ready, repolling fd = 9
Socket not ready, repolling fd = 9
Socket not ready, repolling fd = 9
Socket not ready, repolling fd = 9
Socket not ready, repolling fd = 9
Socket not ready, repolling fd = 9
Socket not ready, repolling fd = 9
Socket not ready, repolling fd = 9
Socket not ready, repolling fd = 9
Socket not ready, repolling fd = 9
Socket not ready, repolling fd = 9
Socket not ready, repolling fd = 9
Socket not ready, repolling fd = 9
Socket not ready, repolling fd = 9
Socket not ready, repolling fd = 9
Socket not ready, repolling fd = 9
Socket not ready, repolling fd = 9
Socket not ready, repolling fd = 9
Socket not ready, repolling fd = 9
Socket not ready, repolling fd = 9
Socket not ready, repolling fd = 9
Socket not ready, repolling fd = 9
Socket not ready, repolling fd = 9
Socket not ready, repolling fd = 9
Socket not ready, repolling fd = 9
Socket not ready, repolling fd = 9
Socket not ready, repolling fd = 9
Socket not ready, repolling fd = 9
Socket not ready, repolling fd = 9
Socket not ready, repolling fd = 9
Socket not ready, repolling fd = 9
Socket not ready, repolling fd = 9
Socket not ready, repolling fd = 9
Socket not ready, repolling fd = 9
Socket not ready, repolling fd = 9
Socket not ready, repolling fd = 9
Socket not ready, repolling fd = 9
Socket not ready, repolling fd = 9
Socket not ready, repolling fd = 9
Socket not ready, repolling fd = 9
Socket not ready, repolling fd = 9
Socket not ready, repolling fd = 9
Socket not ready, repolling fd = 9
Socket not ready, repolling fd = 9
Socket not ready, repolling fd = 9
Socket not ready, repolling fd = 9
Socket not ready, repolling fd = 9
Socket not ready, repolling fd = 9
Socket not ready, repolling fd = 9
Socket not ready, repolling fd = 9
Socket not ready, repolling fd = 9
Socket not ready, repolling fd = 9
Socket not ready, repolling fd = 9
Socket not ready, repolling fd = 9
Socket not ready, repolling fd = 9
Socket not ready, repolling fd = 9
Socket not ready, repolling fd = 9
Socket not ready, repolling fd = 9
Socket not ready, repolling fd = 9
Socket not ready, repolling fd = 9
Socket not ready, repolling fd = 9
Socket not ready, repolling fd = 9
Socket not ready, repolling fd = 9
Socket not ready, repolling fd = 9
Socket not ready, repolling fd = 9
Socket not ready, repolling fd = 9
Socket not ready, repolling fd = 9
Socket not ready, repolling fd = 9
Socket not ready, repolling fd = 9
Socket not ready, repolling fd = 9
Socket not ready, repolling fd = 9
Socket not ready, repolling fd = 9
Socket not ready, repolling fd = 9
Socket not ready, repolling fd = 9
Socket not ready, repolling fd = 9
Socket not ready, repolling fd = 9
Socket not ready, repolling fd = 9
Socket not ready, repolling fd = 9
Socket not ready, repolling fd = 9
Socket not ready, repolling fd = 9
Socket not ready, repolling fd = 9
Socket not ready, repolling fd = 9
Socket not ready, repolling fd = 9
Socket not ready, repolling fd = 9
Socket not ready, repolling fd = 9
Socket not ready, repolling fd = 9
Socket not ready, repolling fd = 9
Socket not ready, repolling fd = 9
Socket not ready, repolling fd = 9
Socket not ready, repolling fd = 9
Socket not ready, repolling fd = 9
Socket not ready, repolling fd = 9
Socket not ready, repolling fd = 9
Socket not ready, repolling fd = 9
Socket not ready, repolling fd = 9
Socket not ready, repolling fd = 9
Socket not ready, repolling fd = 9
Socket not ready, repolling fd = 9
Socket not ready, repolling fd = 9
Socket not ready, repolling fd = 9
Socket not ready, repolling fd = 9
Socket not ready, repolling fd = 9
Socket not ready, repolling fd = 9
Socket not ready, repolling fd = 9
Socket not ready, repolling fd = 9
Socket not ready, repolling fd = 9
Socket not ready, repolling fd = 9
Socket not ready, repolling fd = 9
Socket not ready, repolling fd = 9
Socket not ready, repolling fd = 8
Socket not ready, repolling fd = 8
Socket not ready, repolling fd = 8
Socket not ready, repolling fd = 8
Socket not ready, repolling fd = 8
Socket not ready, repolling fd = 8
Socket not ready, repolling fd = 8
Socket not ready, repolling fd = 8
Socket not ready, repolling fd = 8
Socket not ready, repolling fd = 8
Socket not ready, repolling fd = 8
Socket not ready, repolling fd = 8
Socket not ready, repolling fd = 8
Socket not ready, repolling fd = 8
Socket not ready, repolling fd = 8
Socket not ready, repolling fd = 8
Socket not ready, repolling fd = 8
Socket not ready, repolling fd = 8
Socket not ready, repolling fd = 8
Socket not ready, repolling fd = 8
Socket not ready, repolling fd = 8
Socket not ready, repolling fd = 8
Socket not ready, repolling fd = 8
Socket not ready, repolling fd = 8
Socket not ready, repolling fd = 8
Socket not ready, repolling fd = 8
Socket not ready, repolling fd = 8
Socket not ready, repolling fd = 8
Socket not ready, repolling fd = 8
Socket not ready, repolling fd = 8
Socket not ready, repolling fd = 8
Socket not ready, repolling fd = 8
Socket not ready, repolling fd = 8
Socket not ready, repolling fd = 8
Socket not ready, repolling fd = 8
Socket not ready, repolling fd = 8
Socket not ready, repolling fd = 8
Socket not ready, repolling fd = 8
Socket not ready, repolling fd = 8
Socket not ready, repolling fd = 8
Socket not ready, repolling fd = 8
Socket not ready, repolling fd = 8
Socket not ready, repolling fd = 8
Socket not ready, repolling fd = 8
Socket not ready, repolling fd = 8
Socket not ready, repolling fd = 8
Socket not ready, repolling fd = 8
Socket not ready, repolling fd = 8
Socket not ready, repolling fd = 8
Socket not ready, repolling fd = 8
Socket not ready, repolling fd = 8
Socket not ready, repolling fd = 8
Socket not ready, repolling fd = 8
Socket not ready, repolling fd = 8
Socket not ready, repolling fd = 8
Socket not ready, repolling fd = 8
Socket not ready, repolling fd = 8
Socket not ready, repolling fd = 8
Socket not ready, repolling fd = 8
Socket not ready, repolling fd = 8
Socket not ready, repolling fd = 8
Socket not ready, repolling fd = 8
Socket not ready, repolling fd = 8
Socket not ready, repolling fd = 8
Socket not ready, repolling fd = 8
Socket not ready, repolling fd = 8
Socket not ready, repolling fd = 8
Socket not ready, repolling fd = 8
Socket not ready, repolling fd = 8
Socket not ready, repolling fd = 8
Socket not ready, repolling fd = 8
Socket not ready, repolling fd = 8
Socket not ready, repolling fd = 8
Socket not ready, repolling fd = 8
Socket not ready, repolling fd = 8
Socket not ready, repolling fd = 8
Socket not ready, repolling fd = 8
Socket not ready, repolling fd = 8
Socket not ready, repolling fd = 8
Socket not ready, repolling fd = 8
Socket not ready, repolling fd = 8
Socket not ready, repolling fd = 8
Socket not ready, repolling fd = 8
Socket not ready, repolling fd = 8
Socket not ready, repolling fd = 8
Socket not ready, repolling fd = 8
Socket not ready, repolling fd = 8
Socket not ready, repolling fd = 8
Socket not ready, repolling fd = 8
Socket not ready, repolling fd = 8
Socket not ready, repolling fd = 8
Socket not ready, repolling fd = 8
Socket not ready, repolling fd = 8
Socket not ready, repolling fd = 8
Socket not ready, repolling fd = 8
Socket not ready, repolling fd = 8
Socket not ready, repolling fd = 8
Socket not ready, repolling fd = 8
Socket not ready, repolling fd = 8
Socket not ready, repolling fd = 8
Socket not ready, repolling fd = 8
Socket not ready, repolling fd = 8
Socket not ready, repolling fd = 8
Socket not ready, repolling fd = 8
Socket not ready, repolling fd = 8
Socket not ready, repolling fd = 8
Socket not ready, repolling fd = 8
Socket not ready, repolling fd = 8
Socket not ready, repolling fd = 8
Socket not ready, repolling fd = 8
Socket not ready, repolling fd = 8
Socket not ready, repolling fd = 8
Socket not ready, repolling fd = 8
Socket not ready, repolling fd = 8
Socket not ready, repolling fd = 8
Socket not ready, repolling fd = 8
Socket not ready, repolling fd = 8
Socket not ready, repolling fd = 8
Socket not ready, repolling fd = 8
Socket not ready, repolling fd = 8
Socket not ready, repolling fd = 8
Socket not ready, repolling fd = 8
Socket not ready, repolling fd = 8
Socket not ready, repolling fd = 8
Socket not ready, repolling fd = 8
Socket not ready, repolling fd = 8
Socket not ready, repolling fd = 8
Socket not ready, repolling fd = 8
Socket not ready, repolling fd = 8
Socket not ready, repolling fd = 8
Socket not ready, repolling fd = 8
Socket not ready, repolling fd = 8
Socket not ready, repolling fd = 8
Socket not ready, repolling fd = 8
Socket not ready, repolling fd = 8
Socket not ready, repolling fd = 8
Socket not ready, repolling fd = 8
Socket not ready, repolling fd = 8
Socket not ready, repolling fd = 8
Socket not ready, repolling fd = 8
Socket not ready, repolling fd = 8
Socket not ready, repolling fd = 8
Socket not ready, repolling fd = 8
Socket not ready, repolling fd = 8
Socket not ready, repolling fd = 8
Socket not ready, repolling fd = 8
Socket not ready, repolling fd = 8
Socket not ready, repolling fd = 8
Socket not ready, repolling fd = 8
Socket not ready, repolling fd = 8
Socket not ready, repolling fd = 8
Socket not ready, repolling fd = 8
Socket not ready, repolling fd = 8
Socket not ready, repolling fd = 8
Socket not ready, repolling fd = 8
Socket not ready, repolling fd = 8
Socket not ready, repolling fd = 8
Socket not ready, repolling fd = 8
Socket not ready, repolling fd = 8
Socket not ready, repolling fd = 8
Socket not ready, repolling fd = 8
Socket not ready, repolling fd = 8
Socket not ready, repolling fd = 8
Socket not ready, repolling fd = 8
Socket not ready, repolling fd = 8
Socket not ready, repolling fd = 8
Socket not ready, repolling fd = 8
Socket not ready, repolling fd = 8
Socket not ready, repolling fd = 8
Socket not ready, repolling fd = 8
Socket not ready, repolling fd = 8
Socket not ready, repolling fd = 8
Socket not ready, repolling fd = 8
Socket not ready, repolling fd = 8
Socket not ready, repolling fd = 8
Socket not ready, repolling fd = 8
Socket not ready, repolling fd = 8
Socket not ready, repolling fd = 8
Socket not ready, repolling fd = 8
Socket not ready, repolling fd = 8
Socket not ready, repolling fd = 8
Socket not ready, repolling fd = 8
Socket not ready, repolling fd = 8
Socket not ready, repolling fd = 8
Socket not ready, repolling fd = 8
Socket not ready, repolling fd = 8
Socket not ready, repolling fd = 8
Socket not ready, repolling fd = 8
Socket not ready, repolling fd = 8
Socket not ready, repolling fd = 8
Socket not ready, repolling fd = 8
Socket not ready, repolling fd = 8
Socket not ready, repolling fd = 8
Socket not ready, repolling fd = 8
Socket not ready, repolling fd = 8
Socket not ready, repolling fd = 8
Socket not ready, repolling fd = 8
Socket not ready, repolling fd = 8
Socket not ready, repolling fd = 8
Socket not ready, repolling fd = 8
Socket not ready, repolling fd = 8
Socket not ready, repolling fd = 8
Socket not ready, repolling fd = 8
Socket not ready, repolling fd = 8
Socket not ready, repolling fd = 8
Socket not ready, repolling fd = 8
Socket not ready, repolling fd = 8
Socket not ready, repolling fd = 8
Socket not ready, repolling fd = 8
Socket not ready, repolling fd = 8
Socket not ready, repolling fd = 8
Socket not ready, repolling fd = 8
Socket not ready, repolling fd = 8
Socket not ready, repolling fd = 8
Socket not ready, repolling fd = 8
Socket not ready, repolling fd = 8
Socket not ready, repolling fd = 8
Socket not ready, repolling fd = 8
Socket not ready, repolling fd = 8
Socket not ready, repolling fd = 8
Socket not ready, repolling fd = 8
Socket not ready, repolling fd = 8
Socket not ready, repolling fd = 8
Socket not ready, repolling fd = 8
Socket not ready, repolling fd = 8
Socket not ready, repolling fd = 8
Socket not ready, repolling fd = 8
Socket not ready, repolling fd = 8
Socket not ready, repolling fd = 8
Socket not ready, repolling fd = 8
Socket not ready, repolling fd = 8
Socket not ready, repolling fd = 8
Socket not ready, repolling fd = 8
Socket not ready, repolling fd = 8
Socket not ready, repolling fd = 8
Socket not ready, repolling fd = 8
Socket not ready, repolling fd = 8
Socket not ready, repolling fd = 8
Socket not ready, repolling fd = 8
Socket not ready, repolling fd = 8
Socket not ready, repolling fd = 8
Socket not ready, repolling fd = 8
Socket not ready, repolling fd = 8
Socket not ready, repolling fd = 8
Socket not ready, repolling fd = 8
Socket not ready, repolling fd = 8
Socket not ready, repolling fd = 8
Socket not ready, repolling fd = 8
Socket not ready, repolling fd = 8
Socket not ready, repolling fd = 8
Socket not ready, repolling fd = 8
Socket not ready, repolling fd = 8
Socket not ready, repolling fd = 8
Socket not ready, repolling fd = 8
Socket not ready, repolling fd = 8
Socket not ready, repolling fd = 8
Socket not ready, repolling fd = 8
Socket not ready, repolling fd = 8
Socket not ready, repolling fd = 8
Socket not ready, repolling fd = 8
Socket not ready, repolling fd = 8
Socket not ready, repolling fd = 8
Socket not ready, repolling fd = 8
Socket not ready, repolling fd = 8
Socket not ready, repolling fd = 8
Socket not ready, repolling fd = 8
Socket not ready, repolling fd = 8
Socket not ready, repolling fd = 8
Socket not ready, repolling fd = 8
Socket not ready, repolling fd = 8
Socket not ready, repolling fd = 8
Socket not ready, repolling fd = 8
Socket not ready, repolling fd = 8
Socket not ready, repolling fd = 8
Socket not ready, repolling fd = 8
Socket not ready, repolling fd = 8
Socket not ready, repolling fd = 8
Socket not ready, repolling fd = 8
Socket not ready, repolling fd = 8
Socket not ready, repolling fd = 8
Socket not ready, repolling fd = 8
Socket not ready, repolling fd = 8
Socket not ready, repolling fd = 8
Socket not ready, repolling fd = 8
Socket not ready, repolling fd = 8
Socket not ready, repolling fd = 8
Socket not ready, repolling fd = 8
Socket not ready, repolling fd = 8
Socket not ready, repolling fd = 8
Socket not ready, repolling fd = 8
Socket not ready, repolling fd = 8
Socket not ready, repolling fd = 8
Socket not ready, repolling fd = 8
Socket not ready, repolling fd = 8
Socket not ready, repolling fd = 8
Socket not ready, repolling fd = 8
Socket not ready, repolling fd = 8
Socket not ready, repolling fd = 8
Socket not ready, repolling fd = 8
Socket not ready, repolling fd = 8
Socket not ready, repolling fd = 8
Socket not ready, repolling fd = 8
Socket not ready, repolling fd = 8
Socket not ready, repolling fd = 8
Socket not ready, repolling fd = 8
Socket not ready, repolling fd = 8
Socket not ready, repolling fd = 8
Socket not ready, repolling fd = 8
Socket not ready, repolling fd = 8
Socket not ready, repolling fd = 8
Socket not ready, repolling fd = 8
Socket not ready, repolling fd = 8
Socket not ready, repolling fd = 8
Socket not ready, repolling fd = 8
Socket not ready, repolling fd = 8
Socket not ready, repolling fd = 8
Socket not ready, repolling fd = 8
Socket not ready, repolling fd = 8
Socket not ready, repolling fd = 8
Socket not ready, repolling fd = 8
Socket not ready, repolling fd = 8
Socket not ready, repolling fd = 8
Socket not ready, repolling fd = 8
Socket not ready, repolling fd = 8
Socket not ready, repolling fd = 8
Socket not ready, repolling fd = 8
Socket not ready, repolling fd = 8
Socket not ready, repolling fd = 8
Socket not ready, repolling fd = 8
Socket not ready, repolling fd = 8
Socket not ready, repolling fd = 8
Socket not ready, repolling fd = 8
Socket not ready, repolling fd = 8
Socket not ready, repolling fd = 8
Socket not ready, repolling fd = 8
Socket not ready, repolling fd = 8
Socket not ready, repolling fd = 8
Socket not ready, repolling fd = 8
Socket not ready, repolling fd = 8
Socket not ready, repolling fd = 8
Socket not ready, repolling fd = 8
Socket not ready, repolling fd = 8
Socket not ready, repolling fd = 8
Socket not ready, repolling fd = 8
Socket not ready, repolling fd = 8
Socket not ready, repolling fd = 8
Socket not ready, repolling fd = 8
Socket not ready, repolling fd = 8
Socket not ready, repolling fd = 8
Socket not ready, repolling fd = 8
Socket not ready, repolling fd = 8
Socket not ready, repolling fd = 8
Socket not ready, repolling fd = 8
Socket not ready, repolling fd = 8
Socket not ready, repolling fd = 8
Socket not ready, repolling fd = 8
Socket not ready, repolling fd = 8
Socket not ready, repolling fd = 8
Socket not ready, repolling fd = 8
Socket not ready, repolling fd = 8
Socket not ready, repolling fd = 8
Socket not ready, repolling fd = 8
Socket not ready, repolling fd = 8
Socket not ready, repolling fd = 8
Socket not ready, repolling fd = 8
Socket not ready, repolling fd = 8
Socket not ready, repolling fd = 8
Socket not ready, repolling fd = 8
Socket not ready, repolling fd = 8
Socket not ready, repolling fd = 8
Socket not ready, repolling fd = 8
Socket not ready, repolling fd = 8
Socket not ready, repolling fd = 8
Socket not ready, repolling fd = 8
Socket not ready, repolling fd = 8
Socket not ready, repolling fd = 8
Socket not ready, repolling fd = 8
Socket not ready, repolling fd = 8
Socket not ready, repolling fd = 8
Socket not ready, repolling fd = 8
Socket not ready, repolling fd = 8
Socket not ready, repolling fd = 8
Socket not ready, repolling fd = 8
Socket not ready, repolling fd = 8
Socket not ready, repolling fd = 8
Socket not ready, repolling fd = 8
Socket not ready, repolling fd = 8
Socket not ready, repolling fd = 8
Socket not ready, repolling fd = 8
Socket not ready, repolling fd = 8
Socket not ready, repolling fd = 8
Socket not ready, repolling fd = 8
Socket not ready, repolling fd = 8
Socket not ready, repolling fd = 8
Socket not ready, repolling fd = 8
Socket not ready, repolling fd = 8
Socket not ready, repolling fd = 8
Socket not ready, repolling fd = 8
Socket not ready, repolling fd = 8
Socket not ready, repolling fd = 8
Socket not ready, repolling fd = 8
Socket not ready, repolling fd = 8
Socket not ready, repolling fd = 8
Socket not ready, repolling fd = 8
Socket not ready, repolling fd = 8
Socket not ready, repolling fd = 8
Socket not ready, repolling fd = 8
Socket not ready, repolling fd = 8
Socket not ready, repolling fd = 8
Socket not ready, repolling fd = 8
Socket not ready, repolling fd = 8
Socket not ready, repolling fd = 8
Socket not ready, repolling fd = 8
Socket not ready, repolling fd = 8
Socket not ready, repolling fd = 8
Socket not ready, repolling fd = 8
Socket not ready, repolling fd = 8
Socket not ready, repolling fd = 8
Socket not ready, repolling fd = 8
Socket not ready, repolling fd = 8
Socket not ready, repolling fd = 8
Socket not ready, repolling fd = 8
Socket not ready, repolling fd = 8
Socket not ready, repolling fd = 8
Socket not ready, repolling fd = 8
Socket not ready, repolling fd = 8
Socket not ready, repolling fd = 8
Socket not ready, repolling fd = 8
Socket not ready, repolling fd = 8
Socket not ready, repolling fd = 8
Socket not ready, repolling fd = 8
Socket not ready, repolling fd = 8
Socket not ready, repolling fd = 8
Socket not ready, repolling fd = 8
Socket not ready, repolling fd = 8
Socket not ready, repolling fd = 8
Socket not ready, repolling fd = 8
Socket not ready, repolling fd = 8
Socket not ready, repolling fd = 8
Socket not ready, repolling fd = 8
Socket not ready, repolling fd = 8
Socket not ready, repolling fd = 8
Socket not ready, repolling fd = 8
Socket not ready, repolling fd = 8
Socket not ready, repolling fd = 8
Socket not ready, repolling fd = 8
Socket not ready, repolling fd = 8
Socket not ready, repolling fd = 8
Socket not ready, repolling fd = 8
Socket not ready, repolling fd = 8
Socket not ready, repolling fd = 8
Socket not ready, repolling fd = 8
Socket not ready, repolling fd = 8
Socket not ready, repolling fd = 8
Socket not ready, repolling fd = 8
Socket not ready, repolling fd = 8
Socket not ready, repolling fd = 8
Socket not ready, repolling fd = 8
Socket not ready, repolling fd = 8
Socket not ready, repolling fd = 8
Socket not ready, repolling fd = 8
Socket not ready, repolling fd = 8
Socket not ready, repolling fd = 8
Socket not ready, repolling fd = 8
Socket not ready, repolling fd = 8
Socket not ready, repolling fd = 8
Socket not ready, repolling fd = 8
Socket not ready, repolling fd = 8
Socket not ready, repolling fd = 8
Socket not ready, repolling fd = 8
Socket not ready, repolling fd = 8
Socket not ready, repolling fd = 8
Socket not ready, repolling fd = 8
Socket not ready, repolling fd = 8
Socket not ready, repolling fd = 8
Socket not ready, repolling fd = 8
Socket not ready, repolling fd = 8
Socket not ready, repolling fd = 8
Socket not ready, repolling fd = 8
Socket not ready, repolling fd = 8
Socket not ready, repolling fd = 8
Socket not ready, repolling fd = 8
Socket not ready, repolling fd = 8
Socket not ready, repolling fd = 8
Socket not ready, repolling fd = 8
Socket not ready, repolling fd = 8
Socket not ready, repolling fd = 8
Socket not ready, repolling fd = 8
Socket not ready, repolling fd = 8
Socket not ready, repolling fd = 8
Socket not ready, repolling fd = 8
Socket not ready, repolling fd = 8
Socket not ready, repolling fd = 8
Socket not ready, repolling fd = 8
Socket not ready, repolling fd = 8
Socket not ready, repolling fd = 8
Socket not ready, repolling fd = 8
Socket not ready, repolling fd = 8
Socket not ready, repolling fd = 8
Socket not ready, repolling fd = 8
Socket not ready, repolling fd = 8
Socket not ready, repolling fd = 8
Socket not ready, repolling fd = 8
Socket not ready, repolling fd = 8
Socket not ready, repolling fd = 8
Socket not ready, repolling fd = 8
Socket not ready, repolling fd = 8
Socket not ready, repolling fd = 8
Socket not ready, repolling fd = 8
Socket not ready, repolling fd = 8
Socket not ready, repolling fd = 8
Socket not ready, repolling fd = 8
Socket not ready, repolling fd = 8
Socket not ready, repolling fd = 8
Socket not ready, repolling fd = 8
Socket not ready, repolling fd = 8
Socket not ready, repolling fd = 8
Socket not ready, repolling fd = 8
Socket not ready, repolling fd = 8
Socket not ready, repolling fd = 8
Socket not ready, repolling fd = 8
Socket not ready, repolling fd = 8
Socket not ready, repolling fd = 8
Socket not ready, repolling fd = 8
Socket not ready, repolling fd = 8
Socket not ready, repolling fd = 8
Socket not ready, repolling fd = 8
Socket not ready, repolling fd = 8
Socket not ready, repolling fd = 8
Socket not ready, repolling fd = 8
Socket not ready, repolling fd = 8
Socket not ready, repolling fd = 8
Socket not ready, repolling fd = 8
Socket not ready, repolling fd = 8
Socket not ready, repolling fd = 8
Socket not ready, repolling fd = 8
Socket not ready, repolling fd = 8
Socket not ready, repolling fd = 8
Socket not ready, repolling fd = 8
Socket not ready, repolling fd = 8
Socket not ready, repolling fd = 8
Socket not ready, repolling fd = 8
Socket not ready, repolling fd = 8
Socket not ready, repolling fd = 8
Socket not ready, repolling fd = 8
Socket not ready, repolling fd = 8
Socket not ready, repolling fd = 8
Socket not ready, repolling fd = 8
Socket not ready, repolling fd = 8
Socket not ready, repolling fd = 8
Socket not ready, repolling fd = 8
Socket not ready, repolling fd = 8
Socket not ready, repolling fd = 8
Socket not ready, repolling fd = 8
Socket not ready, repolling fd = 8
Socket not ready, repolling fd = 8
Socket not ready, repolling fd = 8
Socket not ready, repolling fd = 8
Socket not ready, repolling fd = 8
Socket not ready, repolling fd = 8
Socket not ready, repolling fd = 8
Socket not ready, repolling fd = 8
Socket not ready, repolling fd = 8
Socket not ready, repolling fd = 8
Socket not ready, repolling fd = 8
Socket not ready, repolling fd = 8
Socket not ready, repolling fd = 8
Socket not ready, repolling fd = 8
Socket not ready, repolling fd = 8
Socket not ready, repolling fd = 8
Socket not ready, repolling fd = 8
Socket not ready, repolling fd = 8
Socket not ready, repolling fd = 8
Socket not ready, repolling fd = 8
Socket not ready, repolling fd = 8
Socket not ready, repolling fd = 8
Socket not ready, repolling fd = 8
Socket not ready, repolling fd = 8
Socket not ready, repolling fd = 8
Socket not ready, repolling fd = 8
Socket not ready, repolling fd = 8
Socket not ready, repolling fd = 8
Socket not ready, repolling fd = 8
Socket not ready, repolling fd = 8
Socket not ready, repolling fd = 8
Socket not ready, repolling fd = 8
Socket not ready, repolling fd = 8
Socket not ready, repolling fd = 8
Socket not ready, repolling fd = 8
Socket not ready, repolling fd = 8
Socket not ready, repolling fd = 8
Socket not ready, repolling fd = 8
Socket not ready, repolling fd = 8
Socket not ready, repolling fd = 8
Socket not ready, repolling fd = 8
Socket not ready, repolling fd = 8
Socket not ready, repolling fd = 8
Socket not ready, repolling fd = 8
Socket not ready, repolling fd = 8
Socket not ready, repolling fd = 8
Socket not ready, repolling fd = 8
Socket not ready, repolling fd = 8
Socket not ready, repolling fd = 8
Socket not ready, repolling fd = 8
Socket not ready, repolling fd = 8
Socket not ready, repolling fd = 8
Socket not ready, repolling fd = 8
Socket not ready, repolling fd = 8
Socket not ready, repolling fd = 8
Socket not ready, repolling fd = 8
Socket not ready, repolling fd = 8
Socket not ready, repolling fd = 8
Socket not ready, repolling fd = 8
Socket not ready, repolling fd = 8
Socket not ready, repolling fd = 8
Socket not ready, repolling fd = 8
Socket not ready, repolling fd = 8
Socket not ready, repolling fd = 8
Socket not ready, repolling fd = 8
Socket not ready, repolling fd = 8
Socket not ready, repolling fd = 8
Socket not ready, repolling fd = 8
Socket not ready, repolling fd = 8
Socket not ready, repolling fd = 8
Socket not ready, repolling fd = 8
Socket not ready, repolling fd = 8
Socket not ready, repolling fd = 8
Socket not ready, repolling fd = 8
Socket not ready, repolling fd = 8
Socket not ready, repolling fd = 8
Socket not ready, repolling fd = 8
Socket not ready, repolling fd = 8
Socket not ready, repolling fd = 8
Socket not ready, repolling fd = 8
Socket not ready, repolling fd = 8
Socket not ready, repolling fd = 8
Socket not ready, repolling fd = 8
Socket not ready, repolling fd = 8
Socket not ready, repolling fd = 8
Socket not ready, repolling fd = 8
Socket not ready, repolling fd = 8
Socket not ready, repolling fd = 8
Socket not ready, repolling fd = 8
Socket not ready, repolling fd = 8
Socket not ready, repolling fd = 8
Socket not ready, repolling fd = 8
Socket not ready, repolling fd = 8
Socket not ready, repolling fd = 8
Socket not ready, repolling fd = 8
Socket not ready, repolling fd = 8
Socket not ready, repolling fd = 8
Socket not ready, repolling fd = 8
Socket not ready, repolling fd = 8
Socket not ready, repolling fd = 8
Socket not ready, repolling fd = 8
Socket not ready, repolling fd = 8
Socket not ready, repolling fd = 8
Socket not ready, repolling fd = 8
Socket not ready, repolling fd = 8
Socket not ready, repolling fd = 8
Socket not ready, repolling fd = 8
Socket not ready, repolling fd = 8
Socket not ready, repolling fd = 8
Socket not ready, repolling fd = 8
Socket not ready, repolling fd = 8
Socket not ready, repolling fd = 8
Socket not ready, repolling fd = 8
Socket not ready, repolling fd = 8
Socket not ready, repolling fd = 8
Socket not ready, repolling fd = 8
Socket not ready, repolling fd = 8
Socket not ready, repolling fd = 8
Socket not ready, repolling fd = 8
Socket not ready, repolling fd = 8
Socket not ready, repolling fd = 8
Socket not ready, repolling fd = 8
Socket not ready, repolling fd = 8
Socket not ready, repolling fd = 8
Socket not ready, repolling fd = 8
Socket not ready, repolling fd = 8
Socket not ready, repolling fd = 8
Socket not ready, repolling fd = 8
Socket not ready, repolling fd = 8
Socket not ready, repolling fd = 8
Socket not ready, repolling fd = 8
Socket not ready, repolling fd = 8
Socket not ready, repolling fd = 8
Socket not ready, repolling fd = 8
Socket not ready, repolling fd = 8
Socket not ready, repolling fd = 8
Socket not ready, repolling fd = 8
Socket not ready, repolling fd = 8
Socket not ready, repolling fd = 8
Socket not ready, repolling fd = 8
Socket not ready, repolling fd = 8
Socket not ready, repolling fd = 8
Socket not ready, repolling fd = 8
Socket not ready, repolling fd = 8
Socket not ready, repolling fd = 8
Socket not ready, repolling fd = 8
Socket not ready, repolling fd = 8
Socket not ready, repolling fd = 8
Socket not ready, repolling fd = 8
Socket not ready, repolling fd = 8
Socket not ready, repolling fd = 8
Socket not ready, repolling fd = 8
Socket not ready, repolling fd = 8
Socket not ready, repolling fd = 8
Socket not ready, repolling fd = 8
Socket not ready, repolling fd = 8
Socket not ready, repolling fd = 8
Socket not ready, repolling fd = 8
Socket not ready, repolling fd = 8
Socket not ready, repolling fd = 8
Socket not ready, repolling fd = 8
Socket not ready, repolling fd = 8
Socket not ready, repolling fd = 8
Socket not ready, repolling fd = 8
Socket not ready, repolling fd = 8
Socket not ready, repolling fd = 8
Socket not ready, repolling fd = 8
Socket not ready, repolling fd = 8
Socket not ready, repolling fd = 8
Socket not ready, repolling fd = 8
Socket not ready, repolling fd = 8
Socket not ready, repolling fd = 8
Socket not ready, repolling fd = 8
Socket not ready, repolling fd = 8
Socket not ready, repolling fd = 8
Socket not ready, repolling fd = 8
Socket not ready, repolling fd = 8
Socket not ready, repolling fd = 8
Socket not ready, repolling fd = 8
Socket not ready, repolling fd = 8
Socket not ready, repolling fd = 8
Socket not ready, repolling fd = 8
Socket not ready, repolling fd = 8
Socket not ready, repolling fd = 8
Socket not ready, repolling fd = 8
Socket not ready, repolling fd = 8
Socket not ready, repolling fd = 8
Socket not ready, repolling fd = 8
Socket not ready, repolling fd = 8
Socket not ready, repolling fd = 8
Socket not ready, repolling fd = 8
Socket not ready, repolling fd = 8
Socket not ready, repolling fd = 8
Socket not ready, repolling fd = 8
Socket not ready, repolling fd = 8
Socket not ready, repolling fd = 8
Socket not ready, repolling fd = 8
Socket not ready, repolling fd = 8
Socket not ready, repolling fd = 8
Socket not ready, repolling fd = 8
Socket not ready, repolling fd = 8
Socket not ready, repolling fd = 8
Socket not ready, repolling fd = 8
Socket not ready, repolling fd = 8
Socket not ready, repolling fd = 8
Socket not ready, repolling fd = 8
Socket not ready, repolling fd = 8
Socket not ready, repolling fd = 8
Socket not ready, repolling fd = 8
Socket not ready, repolling fd = 8
Socket not ready, repolling fd = 8
Socket not ready, repolling fd = 8
Socket not ready, repolling fd = 8
Socket not ready, repolling fd = 8
Socket not ready, repolling fd = 8
Socket not ready, repolling fd = 8
Socket not ready, repolling fd = 8
Socket not ready, repolling fd = 8
Socket not ready, repolling fd = 8
Socket not ready, repolling fd = 8
Socket not ready, repolling fd = 8
Socket not ready, repolling fd = 8
Socket not ready, repolling fd = 8
Socket not ready, repolling fd = 8
Socket not ready, repolling fd = 8
Socket not ready, repolling fd = 8
Socket not ready, repolling fd = 8
Socket not ready, repolling fd = 8
Socket not ready, repolling fd = 8
Socket not ready, repolling fd = 8
Socket not ready, repolling fd = 8
Socket not ready, repolling fd = 8
Socket not ready, repolling fd = 8
Socket not ready, repolling fd = 8
Socket not ready, repolling fd = 8
Socket not ready, repolling fd = 8
Socket not ready, repolling fd = 8
Socket not ready, repolling fd = 8
Socket not ready, repolling fd = 8
Socket not ready, repolling fd = 8
Socket not ready, repolling fd = 8
Socket not ready, repolling fd = 8
Socket not ready, repolling fd = 8
Socket not ready, repolling fd = 8
Socket not ready, repolling fd = 8
Socket not ready, repolling fd = 8
Socket not ready, repolling fd = 8
Socket not ready, repolling fd = 8
Socket not ready, repolling fd = 8
Socket not ready, repolling fd = 8
Socket not ready, repolling fd = 8
Socket not ready, repolling fd = 8
Socket not ready, repolling fd = 8
Socket not ready, repolling fd = 8
Socket not ready, repolling fd = 8
Socket not ready, repolling fd = 8
Socket not ready, repolling fd = 8
Socket not ready, repolling fd = 8
Socket not ready, repolling fd = 8
Socket not ready, repolling fd = 8
Socket not ready, repolling fd = 8
Socket not ready, repolling fd = 8
Socket not ready, repolling fd = 8
Socket not ready, repolling fd = 8
Socket not ready, repolling fd = 8
Socket not ready, repolling fd = 8
Socket not ready, repolling fd = 8
Socket not ready, repolling fd = 8
Socket not ready, repolling fd = 8
Socket not ready, repolling fd = 8
Socket not ready, repolling fd = 8
Socket not ready, repolling fd = 8
Socket not ready, repolling fd = 8
Socket not ready, repolling fd = 8
Socket not ready, repolling fd = 8
Socket not ready, repolling fd = 8
Socket not ready, repolling fd = 8
Socket not ready, repolling fd = 8
Socket not ready, repolling fd = 8
Socket not ready, repolling fd = 8
Socket not ready, repolling fd = 8
Socket not ready, repolling fd = 8
Socket not ready, repolling fd = 8
Socket not ready, repolling fd = 8
Socket not ready, repolling fd = 8
Socket not ready, repolling fd = 8
Socket not ready, repolling fd = 8
Socket not ready, repolling fd = 8
Socket not ready, repolling fd = 8
Socket not ready, repolling fd = 8
Socket not ready, repolling fd = 8
Socket not ready, repolling fd = 8
Socket not ready, repolling fd = 8
Socket not ready, repolling fd = 8
Socket not ready, repolling fd = 8
Socket not ready, repolling fd = 8
Socket not ready, repolling fd = 8
Socket not ready, repolling fd = 8
Socket not ready, repolling fd = 8
Socket not ready, repolling fd = 8
Socket not ready, repolling fd = 8
Socket not ready, repolling fd = 8
Socket not ready, repolling fd = 8
Socket not ready, repolling fd = 8
Socket not ready, repolling fd = 8
Socket not ready, repolling fd = 8
Socket not ready, repolling fd = 8
Socket not ready, repolling fd = 8
Socket not ready, repolling fd = 8
Socket not ready, repolling fd = 8
Socket not ready, repolling fd = 8
Socket not ready, repolling fd = 8
Socket not ready, repolling fd = 8
Socket not ready, repolling fd = 8
Socket not ready, repolling fd = 8
Socket not ready, repolling fd = 8
Socket not ready, repolling fd = 8
Socket not ready, repolling fd = 8
Socket not ready, repolling fd = 8
Socket not ready, repolling fd = 8
Socket not ready, repolling fd = 8
Socket not ready, repolling fd = 8
Socket not ready, repolling fd = 8
Socket not ready, repolling fd = 8
Socket not ready, repolling fd = 8
Socket not ready, repolling fd = 8
Socket not ready, repolling fd = 8
Socket not ready, repolling fd = 8
Socket not ready, repolling fd = 8
Socket not ready, repolling fd = 8
Socket not ready, repolling fd = 8
Socket not ready, repolling fd = 8
Socket not ready, repolling fd = 8
Socket not ready, repolling fd = 8
Socket not ready, repolling fd = 8
Socket not ready, repolling fd = 8
Socket not ready, repolling fd = 8
Socket not ready, repolling fd = 8
Socket not ready, repolling fd = 8
Socket not ready, repolling fd = 8
Socket not ready, repolling fd = 8
Socket not ready, repolling fd = 8
Socket not ready, repolling fd = 8
Socket not ready, repolling fd = 8
Socket not ready, repolling fd = 8
Socket not ready, repolling fd = 8
Socket not ready, repolling fd = 8
Socket not ready, repolling fd = 8
Socket not ready, repolling fd = 8
Socket not ready, repolling fd = 8
Socket not ready, repolling fd = 8
Socket not ready, repolling fd = 8
Socket not ready, repolling fd = 8
Socket not ready, repolling fd = 8
Socket not ready, repolling fd = 8
Socket not ready, repolling fd = 8
Socket not ready, repolling fd = 8
Socket not ready, repolling fd = 8
Socket not ready, repolling fd = 8
Socket not ready, repolling fd = 8
Socket not ready, repolling fd = 8
Socket not ready, repolling fd = 8
Socket not ready, repolling fd = 8
Socket not ready, repolling fd = 8
Socket not ready, repolling fd = 8
Socket not ready, repolling fd = 8
Socket not ready, repolling fd = 8
Socket not ready, repolling fd = 8
Socket not ready, repolling fd = 8
Socket not ready, repolling fd = 8
Socket not ready, repolling fd = 8
Socket not ready, repolling fd = 8
Socket not ready, repolling fd = 8
Socket not ready, repolling fd = 8
Socket not ready, repolling fd = 8
Socket not ready, repolling fd = 8
Socket not ready, repolling fd = 8
Socket not ready, repolling fd = 8
Socket not ready, repolling fd = 8
Socket not ready, repolling fd = 8
Socket not ready, repolling fd = 8
Socket not ready, repolling fd = 8
Socket not ready, repolling fd = 8
Socket not ready, repolling fd = 8
Socket not ready, repolling fd = 8
Socket not ready, repolling fd = 8
Socket not ready, repolling fd = 8
Socket not ready, repolling fd = 8
Socket not ready, repolling fd = 8
Socket not ready, repolling fd = 8
Socket not ready, repolling fd = 8
Socket not ready, repolling fd = 8
Socket not ready, repolling fd = 8
Socket not ready, repolling fd = 8
Socket not ready, repolling fd = 8
Socket not ready, repolling fd = 8
Socket not ready, repolling fd = 8
Socket not ready, repolling fd = 8
Socket not ready, repolling fd = 8
Socket not ready, repolling fd = 8
Socket not ready, repolling fd = 8
Socket not ready, repolling fd = 8
Socket not ready, repolling fd = 8
Socket not ready, repolling fd = 8
Socket not ready, repolling fd = 8
Socket not ready, repolling fd = 8
Socket not ready, repolling fd = 8
Socket not ready, repolling fd = 8
Socket not ready, repolling fd = 8
Socket not ready, repolling fd = 8
Socket not ready, repolling fd = 8
Socket not ready, repolling fd = 8
Socket not ready, repolling fd = 8
Socket not ready, repolling fd = 8
Socket not ready, repolling fd = 8
Socket not ready, repolling fd = 8
Socket not ready, repolling fd = 8
Socket not ready, repolling fd = 8
Socket not ready, repolling fd = 8
Socket not ready, repolling fd = 8
Socket not ready, repolling fd = 8
Socket not ready, repolling fd = 8
Socket not ready, repolling fd = 8
Socket not ready, repolling fd = 8
Socket not ready, repolling fd = 8
Socket not ready, repolling fd = 8
Socket not ready, repolling fd = 8
Socket not ready, repolling fd = 8
Socket not ready, repolling fd = 8
Socket not ready, repolling fd = 8
Socket not ready, repolling fd = 8
Socket not ready, repolling fd = 8
Socket not ready, repolling fd = 8
Socket not ready, repolling fd = 7
Socket not ready, repolling fd = 7
Socket not ready, repolling fd = 7
Socket not ready, repolling fd = 7
Socket not ready, repolling fd = 7
Socket not ready, repolling fd = 7
Socket not ready, repolling fd = 7
Socket not ready, repolling fd = 7
Socket not ready, repolling fd = 7
Socket not ready, repolling fd = 7
Socket not ready, repolling fd = 7
Socket not ready, repolling fd = 7
Socket not ready, repolling fd = 7
Socket not ready, repolling fd = 7
Socket not ready, repolling fd = 7
Socket not ready, repolling fd = 7
Socket not ready, repolling fd = 7
Socket not ready, repolling fd = 7
Socket not ready, repolling fd = 7
Socket not ready, repolling fd = 7
Socket not ready, repolling fd = 7
Socket not ready, repolling fd = 7
Socket not ready, repolling fd = 7
Socket not ready, repolling fd = 7
Socket not ready, repolling fd = 7
Socket not ready, repolling fd = 7
Socket not ready, repolling fd = 7
Socket not ready, repolling fd = 7
Socket not ready, repolling fd = 7
Socket not ready, repolling fd = 7
Socket not ready, repolling fd = 7
Socket not ready, repolling fd = 7
Socket not ready, repolling fd = 7
Socket not ready, repolling fd = 7
Socket not ready, repolling fd = 7
Socket not ready, repolling fd = 7
Socket not ready, repolling fd = 7
Socket not ready, repolling fd = 7
Socket not ready, repolling fd = 7
Socket not ready, repolling fd = 7
Socket not ready, repolling fd = 7
Socket not ready, repolling fd = 7
Socket not ready, repolling fd = 7
Socket not ready, repolling fd = 7
Socket not ready, repolling fd = 7
Socket not ready, repolling fd = 7
Socket not ready, repolling fd = 7
Socket not ready, repolling fd = 7
Socket not ready, repolling fd = 7
Socket not ready, repolling fd = 7
Socket not ready, repolling fd = 7
Socket not ready, repolling fd = 7
Socket not ready, repolling fd = 7
Socket not ready, repolling fd = 7
Socket not ready, repolling fd = 7
Socket not ready, repolling fd = 7
Socket not ready, repolling fd = 7
Socket not ready, repolling fd = 7
Socket not ready, repolling fd = 7
Socket not ready, repolling fd = 7
Socket not ready, repolling fd = 7
Socket not ready, repolling fd = 7
Socket not ready, repolling fd = 7
Socket not ready, repolling fd = 7
Socket not ready, repolling fd = 7
Socket not ready, repolling fd = 7
Socket not ready, repolling fd = 7
Socket not ready, repolling fd = 7
Socket not ready, repolling fd = 7
Socket not ready, repolling fd = 7
Socket not ready, repolling fd = 7
Socket not ready, repolling fd = 7
Socket not ready, repolling fd = 7
Socket not ready, repolling fd = 7
Socket not ready, repolling fd = 7
Socket not ready, repolling fd = 7
Socket not ready, repolling fd = 7
Socket not ready, repolling fd = 7
Socket not ready, repolling fd = 7
Socket not ready, repolling fd = 7
Socket not ready, repolling fd = 7
Socket not ready, repolling fd = 7
Socket not ready, repolling fd = 7
Socket not ready, repolling fd = 7
Socket not ready, repolling fd = 7
Socket not ready, repolling fd = 7
Socket not ready, repolling fd = 7
Socket not ready, repolling fd = 7
Socket not ready, repolling fd = 7
Socket not ready, repolling fd = 7
Socket not ready, repolling fd = 7
Socket not ready, repolling fd = 7
Socket not ready, repolling fd = 7
Socket not ready, repolling fd = 7
Socket not ready, repolling fd = 7
Socket not ready, repolling fd = 7
Socket not ready, repolling fd = 7
Socket not ready, repolling fd = 7
Socket not ready, repolling fd = 7
Socket not ready, repolling fd = 7
Socket not ready, repolling fd = 7
Socket not ready, repolling fd = 7
Socket not ready, repolling fd = 7
Socket not ready, repolling fd = 7
Socket not ready, repolling fd = 7
Socket not ready, repolling fd = 7
Socket not ready, repolling fd = 7
Socket not ready, repolling fd = 7
Socket not ready, repolling fd = 7
Socket not ready, repolling fd = 7
Socket not ready, repolling fd = 7
Socket not ready, repolling fd = 7
Socket not ready, repolling fd = 7
Socket not ready, repolling fd = 7
Socket not ready, repolling fd = 7
Socket not ready, repolling fd = 7
Socket not ready, repolling fd = 7
Socket not ready, repolling fd = 7
Socket not ready, repolling fd = 7
Socket not ready, repolling fd = 7
Socket not ready, repolling fd = 7
Socket not ready, repolling fd = 7
Socket not ready, repolling fd = 7
Socket not ready, repolling fd = 7
Socket not ready, repolling fd = 7
Socket not ready, repolling fd = 7
Socket not ready, repolling fd = 7
Socket not ready, repolling fd = 7
Socket not ready, repolling fd = 7
Socket not ready, repolling fd = 7
Socket not ready, repolling fd = 7
Socket not ready, repolling fd = 7
Socket not ready, repolling fd = 7
Socket not ready, repolling fd = 7
Socket not ready, repolling fd = 7
Socket not ready, repolling fd = 7
Socket not ready, repolling fd = 7
Socket not ready, repolling fd = 7
Socket not ready, repolling fd = 7
Socket not ready, repolling fd = 7
Socket not ready, repolling fd = 7
Socket not ready, repolling fd = 7
Socket not ready, repolling fd = 7
Socket not ready, repolling fd = 7
Socket not ready, repolling fd = 7
Socket not ready, repolling fd = 7
Socket not ready, repolling fd = 7
Socket not ready, repolling fd = 7
Socket not ready, repolling fd = 7
Socket not ready, repolling fd = 7
Socket not ready, repolling fd = 7
Socket not ready, repolling fd = 7
Socket not ready, repolling fd = 7
Socket not ready, repolling fd = 7
Socket not ready, repolling fd = 7
Socket not ready, repolling fd = 7
Socket not ready, repolling fd = 7
Socket not ready, repolling fd = 7
Socket not ready, repolling fd = 7
Socket not ready, repolling fd = 7
Socket not ready, repolling fd = 7
Socket not ready, repolling fd = 7
Socket not ready, repolling fd = 7
Socket not ready, repolling fd = 7
Socket not ready, repolling fd = 7
Socket not ready, repolling fd = 7
Socket not ready, repolling fd = 7
Socket not ready, repolling fd = 7
Socket not ready, repolling fd = 7
Socket not ready, repolling fd = 7
Socket not ready, repolling fd = 7
Socket not ready, repolling fd = 7
Socket not ready, repolling fd = 7
Socket not ready, repolling fd = 7
Socket not ready, repolling fd = 7
Socket not ready, repolling fd = 7
Socket not ready, repolling fd = 7
Socket not ready, repolling fd = 7
Socket not ready, repolling fd = 7
Socket not ready, repolling fd = 7
Socket not ready, repolling fd = 7
Socket not ready, repolling fd = 7
Socket not ready, repolling fd = 7
Socket not ready, repolling fd = 7
Socket not ready, repolling fd = 7
Socket not ready, repolling fd = 7
Socket not ready, repolling fd = 7
Socket not ready, repolling fd = 7
Socket not ready, repolling fd = 7
Socket not ready, repolling fd = 7
Socket not ready, repolling fd = 7
Socket not ready, repolling fd = 7
Socket not ready, repolling fd = 7
Socket not ready, repolling fd = 7
Socket not ready, repolling fd = 7
Socket not ready, repolling fd = 7
Socket not ready, repolling fd = 7
Socket not ready, repolling fd = 7
Socket not ready, repolling fd = 7
Socket not ready, repolling fd = 7
Socket not ready, repolling fd = 7
Socket not ready, repolling fd = 7
Socket not ready, repolling fd = 7
Socket not ready, repolling fd = 7
Socket not ready, repolling fd = 7
Socket not ready, repolling fd = 7
Socket not ready, repolling fd = 7
Socket not ready, repolling fd = 7
Socket not ready, repolling fd = 7
Socket not ready, repolling fd = 7
Socket not ready, repolling fd = 7
Socket not ready, repolling fd = 7
Socket not ready, repolling fd = 7
Socket not ready, repolling fd = 7
Socket not ready, repolling fd = 7
Socket not ready, repolling fd = 7
Socket not ready, repolling fd = 7
Socket not ready, repolling fd = 7
Socket not ready, repolling fd = 7
Socket not ready, repolling fd = 7
Socket not ready, repolling fd = 7
Socket not ready, repolling fd = 7
Socket not ready, repolling fd = 7
Socket not ready, repolling fd = 7
Socket not ready, repolling fd = 7
Socket not ready, repolling fd = 7
Socket not ready, repolling fd = 7
Socket not ready, repolling fd = 7
Socket not ready, repolling fd = 7
Socket not ready, repolling fd = 7
Socket not ready, repolling fd = 7
Socket not ready, repolling fd = 7
Socket not ready, repolling fd = 7
Socket not ready, repolling fd = 7
Socket not ready, repolling fd = 7
Socket not ready, repolling fd = 9
Socket not ready, repolling fd = 9
Socket not ready, repolling fd = 9
Socket not ready, repolling fd = 9
Socket not ready, repolling fd = 9
Socket not ready, repolling fd = 9
Socket not ready, repolling fd = 9
Socket not ready, repolling fd = 9
Socket not ready, repolling fd = 9
Socket not ready, repolling fd = 9
Socket not ready, repolling fd = 9
Socket not ready, repolling fd = 9
Socket not ready, repolling fd = 9
Socket not ready, repolling fd = 9
Socket not ready, repolling fd = 9
Socket not ready, repolling fd = 9
Socket not ready, repolling fd = 9
Socket not ready, repolling fd = 9
Socket not ready, repolling fd = 9
Socket not ready, repolling fd = 9
Socket not ready, repolling fd = 9
Socket not ready, repolling fd = 9
Socket not ready, repolling fd = 9
Socket not ready, repolling fd = 9
Socket not ready, repolling fd = 9
Socket not ready, repolling fd = 9
Socket not ready, repolling fd = 9
Socket not ready, repolling fd = 9
Socket not ready, repolling fd = 9
Socket not ready, repolling fd = 9
Socket not ready, repolling fd = 9
Socket not ready, repolling fd = 9
Socket not ready, repolling fd = 9
Socket not ready, repolling fd = 9
Socket not ready, repolling fd = 9
Socket not ready, repolling fd = 9
Socket not ready, repolling fd = 9
Socket not ready, repolling fd = 9
Socket not ready, repolling fd = 9
Socket not ready, repolling fd = 9
Socket not ready, repolling fd = 9
Socket not ready, repolling fd = 9
Socket not ready, repolling fd = 9
Socket not ready, repolling fd = 9
Socket not ready, repolling fd = 9
Socket not ready, repolling fd = 9
Socket not ready, repolling fd = 9
Socket not ready, repolling fd = 9
Socket not ready, repolling fd = 9
Socket not ready, repolling fd = 9
Socket not ready, repolling fd = 9
Socket not ready, repolling fd = 9
Socket not ready, repolling fd = 9
Socket not ready, repolling fd = 9
Socket not ready, repolling fd = 9
Socket not ready, repolling fd = 9
Socket not ready, repolling fd = 9
Socket not ready, repolling fd = 9
Socket not ready, repolling fd = 9
Socket not ready, repolling fd = 9
Socket not ready, repolling fd = 9
Socket not ready, repolling fd = 9
Socket not ready, repolling fd = 9
Socket not ready, repolling fd = 9
Socket not ready, repolling fd = 9
Socket not ready, repolling fd = 9
Socket not ready, repolling fd = 9
Socket not ready, repolling fd = 9
Socket not ready, repolling fd = 9
Socket not ready, repolling fd = 9
Socket not ready, repolling fd = 9
Socket not ready, repolling fd = 9
Socket not ready, repolling fd = 9
Socket not ready, repolling fd = 9
Socket not ready, repolling fd = 9
Socket not ready, repolling fd = 9
Socket not ready, repolling fd = 9
Socket not ready, repolling fd = 9
Socket not ready, repolling fd = 9
Socket not ready, repolling fd = 9
Socket not ready, repolling fd = 9
Socket not ready, repolling fd = 9
Socket not ready, repolling fd = 9
Socket not ready, repolling fd = 9
Socket not ready, repolling fd = 9
Socket not ready, repolling fd = 9
Socket not ready, repolling fd = 9
Socket not ready, repolling fd = 9
Socket not ready, repolling fd = 9
Socket not ready, repolling fd = 9
Socket not ready, repolling fd = 9
Socket not ready, repolling fd = 9
Socket not ready, repolling fd = 9
Socket not ready, repolling fd = 9
Socket not ready, repolling fd = 9
Socket not ready, repolling fd = 9
Socket not ready, repolling fd = 9
Socket not ready, repolling fd = 9
Socket not ready, repolling fd = 9
Socket not ready, repolling fd = 9
Socket not ready, repolling fd = 9
Socket not ready, repolling fd = 9
Socket not ready, repolling fd = 9
Socket not ready, repolling fd = 9
Socket not ready, repolling fd = 9
Socket not ready, repolling fd = 9
Socket not ready, repolling fd = 9
Socket not ready, repolling fd = 9
Socket not ready, repolling fd = 9
Socket not ready, repolling fd = 9
Socket not ready, repolling fd = 9
Socket not ready, repolling fd = 9
Socket not ready, repolling fd = 9
Socket not ready, repolling fd = 9
Socket not ready, repolling fd = 9
Socket not ready, repolling fd = 9
Socket not ready, repolling fd = 9
Socket not ready, repolling fd = 9
Socket not ready, repolling fd = 9
Socket not ready, repolling fd = 9
Socket not ready, repolling fd = 9
Socket not ready, repolling fd = 9
Socket not ready, repolling fd = 9
Socket not ready, repolling fd = 9
Socket not ready, repolling fd = 9
Socket not ready, repolling fd = 9
Socket not ready, repolling fd = 9
Socket not ready, repolling fd = 9
Socket not ready, repolling fd = 9
Socket not ready, repolling fd = 9
Socket not ready, repolling fd = 9
Socket not ready, repolling fd = 9
Socket not ready, repolling fd = 9
Socket not ready, repolling fd = 9
Socket not ready, repolling fd = 9
Socket not ready, repolling fd = 9
Socket not ready, repolling fd = 9
Socket not ready, repolling fd = 9
Socket not ready, repolling fd = 9
Socket not ready, repolling fd = 9
Socket not ready, repolling fd = 9
Socket not ready, repolling fd = 9
Socket not ready, repolling fd = 9
Socket not ready, repolling fd = 9
Socket not ready, repolling fd = 9
Socket not ready, repolling fd = 9
Socket not ready, repolling fd = 9
Socket not ready, repolling fd = 9
Socket not ready, repolling fd = 9
Socket not ready, repolling fd = 9
Socket not ready, repolling fd = 9
Socket not ready, repolling fd = 9
Socket not ready, repolling fd = 9
Socket not ready, repolling fd = 9
Socket not ready, repolling fd = 9
Socket not ready, repolling fd = 9
Socket not ready, repolling fd = 9
Socket not ready, repolling fd = 9
Socket not ready, repolling fd = 9
Socket not ready, repolling fd = 9
Socket not ready, repolling fd = 9
Socket not ready, repolling fd = 9
Socket not ready, repolling fd = 9
Socket not ready, repolling fd = 9
Socket not ready, repolling fd = 9
Socket not ready, repolling fd = 9
Socket not ready, repolling fd = 9
Socket not ready, repolling fd = 9
Socket not ready, repolling fd = 9
Socket not ready, repolling fd = 9
Socket not ready, repolling fd = 9
Socket not ready, repolling fd = 9
Socket not ready, repolling fd = 9
Socket not ready, repolling fd = 9
Socket not ready, repolling fd = 9
Socket not ready, repolling fd = 9
Socket not ready, repolling fd = 9
Socket not ready, repolling fd = 9
Socket not ready, repolling fd = 9
Socket not ready, repolling fd = 9
Socket not ready, repolling fd = 9
Socket not ready, repolling fd = 9
Socket not ready, repolling fd = 9
Socket not ready, repolling fd = 9
Socket not ready, repolling fd = 9
Socket not ready, repolling fd = 9
Socket not ready, repolling fd = 9
Socket not ready, repolling fd = 9
Socket not ready, repolling fd = 9
Socket not ready, repolling fd = 9
Socket not ready, repolling fd = 9
Socket not ready, repolling fd = 9
Socket not ready, repolling fd = 9
Socket not ready, repolling fd = 9
Socket not ready, repolling fd = 9
Socket not ready, repolling fd = 9
Socket not ready, repolling fd = 9
Socket not ready, repolling fd = 9
Socket not ready, repolling fd = 9
Socket not ready, repolling fd = 9
Socket not ready, repolling fd = 9
Socket not ready, repolling fd = 9
Socket not ready, repolling fd = 9
Socket not ready, repolling fd = 9
Socket not ready, repolling fd = 9
Socket not ready, repolling fd = 9
Socket not ready, repolling fd = 9
Socket not ready, repolling fd = 9
Socket not ready, repolling fd = 9
Socket not ready, repolling fd = 9
Socket not ready, repolling fd = 9
Socket not ready, repolling fd = 9
Socket not ready, repolling fd = 8
Socket not ready, repolling fd = 8
Socket not ready, repolling fd = 8
Socket not ready, repolling fd = 8
Socket not ready, repolling fd = 8
Socket not ready, repolling fd = 8
Socket not ready, repolling fd = 8
Socket not ready, repolling fd = 8
Socket not ready, repolling fd = 8
Socket not ready, repolling fd = 8
Socket not ready, repolling fd = 8
Socket not ready, repolling fd = 8
Socket not ready, repolling fd = 8
Socket not ready, repolling fd = 8
Socket not ready, repolling fd = 8
Socket not ready, repolling fd = 8
Socket not ready, repolling fd = 8
Socket not ready, repolling fd = 8
Socket not ready, repolling fd = 8
Socket not ready, repolling fd = 8
Socket not ready, repolling fd = 8
Socket not ready, repolling fd = 8
Socket not ready, repolling fd = 8
Socket not ready, repolling fd = 8
Socket not ready, repolling fd = 8
Socket not ready, repolling fd = 8
Socket not ready, repolling fd = 8
Socket not ready, repolling fd = 8
Socket not ready, repolling fd = 8
Socket not ready, repolling fd = 8
Socket not ready, repolling fd = 8
Socket not ready, repolling fd = 8
Socket not ready, repolling fd = 8
Socket not ready, repolling fd = 8
Socket not ready, repolling fd = 8
Socket not ready, repolling fd = 8
Socket not ready, repolling fd = 8
Socket not ready, repolling fd = 8
Socket not ready, repolling fd = 8
Socket not ready, repolling fd = 8
Socket not ready, repolling fd = 8
Socket not ready, repolling fd = 8
Socket not ready, repolling fd = 8
Socket not ready, repolling fd = 8
Socket not ready, repolling fd = 8
Socket not ready, repolling fd = 8
Socket not ready, repolling fd = 8
Socket not ready, repolling fd = 8
Socket not ready, repolling fd = 8
Socket not ready, repolling fd = 8
Socket not ready, repolling fd = 8
Socket not ready, repolling fd = 8
Socket not ready, repolling fd = 8
Socket not ready, repolling fd = 8
Socket not ready, repolling fd = 8
Socket not ready, repolling fd = 8
Socket not ready, repolling fd = 8
Socket not ready, repolling fd = 8
Socket not ready, repolling fd = 8
Socket not ready, repolling fd = 7
Socket not ready, repolling fd = 7
Socket not ready, repolling fd = 7
Socket not ready, repolling fd = 7
Socket not ready, repolling fd = 7
Socket not ready, repolling fd = 7
Socket not ready, repolling fd = 7
Socket not ready, repolling fd = 7
Socket not ready, repolling fd = 7
Socket not ready, repolling fd = 7
Socket not ready, repolling fd = 7
Socket not ready, repolling fd = 7
Socket not ready, repolling fd = 7
Socket not ready, repolling fd = 7
Socket not ready, repolling fd = 7
Socket not ready, repolling fd = 7
Socket not ready, repolling fd = 7
Socket not ready, repolling fd = 7
Socket not ready, repolling fd = 7
Socket not ready, repolling fd = 7
Socket not ready, repolling fd = 7
Socket not ready, repolling fd = 7
Socket not ready, repolling fd = 7
Socket not ready, repolling fd = 7
Socket not ready, repolling fd = 7
Socket not ready, repolling fd = 7
Socket not ready, repolling fd = 7
Socket not ready, repolling fd = 7
Socket not ready, repolling fd = 7
Socket not ready, repolling fd = 7
Socket not ready, repolling fd = 7
Socket not ready, repolling fd = 7
Socket not ready, repolling fd = 7
Socket not ready, repolling fd = 7
Socket not ready, repolling fd = 7
Socket not ready, repolling fd = 7
Socket not ready, repolling fd = 7
Socket not ready, repolling fd = 7
Socket not ready, repolling fd = 7
Socket not ready, repolling fd = 7
Socket not ready, repolling fd = 7
Socket not ready, repolling fd = 7
Socket not ready, repolling fd = 7
Socket not ready, repolling fd = 7
Socket not ready, repolling fd = 7
Socket not ready, repolling fd = 7
Socket not ready, repolling fd = 7
Socket not ready, repolling fd = 7
Socket not ready, repolling fd = 7
Socket not ready, repolling fd = 7
Socket not ready, repolling fd = 7
Socket not ready, repolling fd = 7
Socket not ready, repolling fd = 7
Socket not ready, repolling fd = 7
Socket not ready, repolling fd = 7
Socket not ready, repolling fd = 7
Socket not ready, repolling fd = 7
Socket not ready, repolling fd = 7
Socket not ready, repolling fd = 7
Socket not ready, repolling fd = 7
Socket not ready, repolling fd = 7
Socket not ready, repolling fd = 7
Socket not ready, repolling fd = 7
Socket not ready, repolling fd = 7
Socket not ready, repolling fd = 7
Socket not ready, repolling fd = 7
Socket not ready, repolling fd = 7
Socket not ready, repolling fd = 7
Socket not ready, repolling fd = 7
Socket not ready, repolling fd = 7
Socket not ready, repolling fd = 7
Socket not ready, repolling fd = 7
Socket not ready, repolling fd = 7
Socket not ready, repolling fd = 7
Socket not ready, repolling fd = 7
Socket not ready, repolling fd = 7
Socket not ready, repolling fd = 7
Socket not ready, repolling fd = 7
Socket not ready, repolling fd = 7
Socket not ready, repolling fd = 7
Socket not ready, repolling fd = 7
Socket not ready, repolling fd = 7
Socket not ready, repolling fd = 7
Socket not ready, repolling fd = 7
Socket not ready, repolling fd = 7
Socket not ready, repolling fd = 7
Socket not ready, repolling fd = 7
Socket not ready, repolling fd = 7
Socket not ready, repolling fd = 7
Socket not ready, repolling fd = 7
Socket not ready, repolling fd = 7
Socket not ready, repolling fd = 7
Socket not ready, repolling fd = 7
Socket not ready, repolling fd = 7
Socket not ready, repolling fd = 7
Socket not ready, repolling fd = 7
Socket not ready, repolling fd = 7
Socket not ready, repolling fd = 7
Socket not ready, repolling fd = 7
Socket not ready, repolling fd = 7
Socket not ready, repolling fd = 7
Socket not ready, repolling fd = 7
Socket not ready, repolling fd = 7
Socket not ready, repolling fd = 7
Socket not ready, repolling fd = 7
Socket not ready, repolling fd = 7
Socket not ready, repolling fd = 7
Socket not ready, repolling fd = 7
Socket not ready, repolling fd = 7
Socket not ready, repolling fd = 7
Socket not ready, repolling fd = 7
Socket not ready, repolling fd = 7
Socket not ready, repolling fd = 7
Socket not ready, repolling fd = 7
Socket not ready, repolling fd = 7
Socket not ready, repolling fd = 7
Socket not ready, repolling fd = 7
Socket not ready, repolling fd = 7
Socket not ready, repolling fd = 7
Socket not ready, repolling fd = 7
Socket not ready, repolling fd = 7
Socket not ready, repolling fd = 7
Socket not ready, repolling fd = 7
Socket not ready, repolling fd = 7
Socket not ready, repolling fd = 7
Socket not ready, repolling fd = 7
Socket not ready, repolling fd = 7
Socket not ready, repolling fd = 7
Socket not ready, repolling fd = 7
Socket not ready, repolling fd = 7
Socket not ready, repolling fd = 7
Socket not ready, repolling fd = 7
Socket not ready, repolling fd = 7
Socket not ready, repolling fd = 7
Socket not ready, repolling fd = 7
Socket not ready, repolling fd = 7
Socket not ready, repolling fd = 7
Socket not ready, repolling fd = 7
Socket not ready, repolling fd = 7
Socket not ready, repolling fd = 7
Socket not ready, repolling fd = 7
Socket not ready, repolling fd = 7
Socket not ready, repolling fd = 7
Socket not ready, repolling fd = 7
Socket not ready, repolling fd = 7
Socket not ready, repolling fd = 7
Socket not ready, repolling fd = 7
Socket not ready, repolling fd = 7
Socket not ready, repolling fd = 7
Socket not ready, repolling fd = 7
Socket not ready, repolling fd = 7
Socket not ready, repolling fd = 7
Socket not ready, repolling fd = 7
Socket not ready, repolling fd = 7
Socket not ready, repolling fd = 7
Socket not ready, repolling fd = 7
Socket not ready, repolling fd = 7
Socket not ready, repolling fd = 7
Socket not ready, repolling fd = 7
Socket not ready, repolling fd = 7
Socket not ready, repolling fd = 7
Socket not ready, repolling fd = 7
Socket not ready, repolling fd = 7
Socket not ready, repolling fd = 7
Socket not ready, repolling fd = 7
Socket not ready, repolling fd = 7
Socket not ready, repolling fd = 7
Socket not ready, repolling fd = 7
Socket not ready, repolling fd = 7
Socket not ready, repolling fd = 7
Socket not ready, repolling fd = 7
Socket not ready, repolling fd = 7
Socket not ready, repolling fd = 7
Socket not ready, repolling fd = 7
Socket not ready, repolling fd = 7
Socket not ready, repolling fd = 7
Socket not ready, repolling fd = 7
Socket not ready, repolling fd = 7
Socket not ready, repolling fd = 7
Socket not ready, repolling fd = 7
Socket not ready, repolling fd = 7
Socket not ready, repolling fd = 7
Socket not ready, repolling fd = 7
Socket not ready, repolling fd = 7
Socket not ready, repolling fd = 7
Socket not ready, repolling fd = 7
Socket not ready, repolling fd = 7
Socket not ready, repolling fd = 7
Socket not ready, repolling fd = 7
Socket not ready, repolling fd = 7
Socket not ready, repolling fd = 7
Socket not ready, repolling fd = 7
Socket not ready, repolling fd = 7
Socket not ready, repolling fd = 7
Socket not ready, repolling fd = 7
Socket not ready, repolling fd = 7
Socket not ready, repolling fd = 7
Socket not ready, repolling fd = 7
Socket not ready, repolling fd = 7
Socket not ready, repolling fd = 7
Socket not ready, repolling fd = 9
Socket not ready, repolling fd = 9
Socket not ready, repolling fd = 9
Socket not ready, repolling fd = 9
Socket not ready, repolling fd = 9
Socket not ready, repolling fd = 9
Socket not ready, repolling fd = 9
Socket not ready, repolling fd = 9
Socket not ready, repolling fd = 9
Socket not ready, repolling fd = 9
Socket not ready, repolling fd = 9
Socket not ready, repolling fd = 9
Socket not ready, repolling fd = 9
Socket not ready, repolling fd = 9
Socket not ready, repolling fd = 9
Socket not ready, repolling fd = 9
Socket not ready, repolling fd = 9
Socket not ready, repolling fd = 9
Socket not ready, repolling fd = 9
Socket not ready, repolling fd = 9
Socket not ready, repolling fd = 9
Socket not ready, repolling fd = 9
Socket not ready, repolling fd = 9
Socket not ready, repolling fd = 9
Socket not ready, repolling fd = 9
Socket not ready, repolling fd = 9
Socket not ready, repolling fd = 9
Socket not ready, repolling fd = 9
Socket not ready, repolling fd = 9
Socket not ready, repolling fd = 9
Socket not ready, repolling fd = 9
Socket not ready, repolling fd = 9
Socket not ready, repolling fd = 9
Socket not ready, repolling fd = 9
Socket not ready, repolling fd = 9
Socket not ready, repolling fd = 9
Socket not ready, repolling fd = 9
Socket not ready, repolling fd = 9
Socket not ready, repolling fd = 9
Socket not ready, repolling fd = 9
Socket not ready, repolling fd = 9
Socket not ready, repolling fd = 9
Socket not ready, repolling fd = 9
Socket not ready, repolling fd = 9
Socket not ready, repolling fd = 9
Socket not ready, repolling fd = 9
Socket not ready, repolling fd = 9
Socket not ready, repolling fd = 9
Socket not ready, repolling fd = 9
Socket not ready, repolling fd = 9
Socket not ready, repolling fd = 9
Socket not ready, repolling fd = 9
Socket not ready, repolling fd = 9
Socket not ready, repolling fd = 9
Socket not ready, repolling fd = 9
Socket not ready, repolling fd = 9
Socket not ready, repolling fd = 9
Socket not ready, repolling fd = 9
Socket not ready, repolling fd = 9
Socket not ready, repolling fd = 9
Socket not ready, repolling fd = 9
Socket not ready, repolling fd = 9
Socket not ready, repolling fd = 9
Socket not ready, repolling fd = 9
Socket not ready, repolling fd = 9
Socket not ready, repolling fd = 9
Socket not ready, repolling fd = 9
Socket not ready, repolling fd = 9
Socket not ready, repolling fd = 9
Socket not ready, repolling fd = 9
Socket not ready, repolling fd = 9
Socket not ready, repolling fd = 9
Socket not ready, repolling fd = 9
Socket not ready, repolling fd = 9
Socket not ready, repolling fd = 9
Socket not ready, repolling fd = 9
Socket not ready, repolling fd = 9
Socket not ready, repolling fd = 9
Socket not ready, repolling fd = 9
Socket not ready, repolling fd = 9
Socket not ready, repolling fd = 9
Socket not ready, repolling fd = 9
Socket not ready, repolling fd = 9
Socket not ready, repolling fd = 9
Socket not ready, repolling fd = 9
Socket not ready, repolling fd = 9
Socket not ready, repolling fd = 9
Socket not ready, repolling fd = 9
Socket not ready, repolling fd = 9
Socket not ready, repolling fd = 9
Socket not ready, repolling fd = 9
Socket not ready, repolling fd = 9
Socket not ready, repolling fd = 9
Socket not ready, repolling fd = 9
Socket not ready, repolling fd = 9
Socket not ready, repolling fd = 9
Socket not ready, repolling fd = 9
Socket not ready, repolling fd = 9
Socket not ready, repolling fd = 9
Socket not ready, repolling fd = 9
Socket not ready, repolling fd = 9
Socket not ready, repolling fd = 9
Socket not ready, repolling fd = 9
Socket not ready, repolling fd = 9
Socket not ready, repolling fd = 9
Socket not ready, repolling fd = 9
Socket not ready, repolling fd = 9
Socket not ready, repolling fd = 9
Socket not ready, repolling fd = 9
Socket not ready, repolling fd = 9
Socket not ready, repolling fd = 9
Socket not ready, repolling fd = 9
Socket not ready, repolling fd = 9
Socket not ready, repolling fd = 9
Socket not ready, repolling fd = 9
Socket not ready, repolling fd = 9
Socket not ready, repolling fd = 9
Socket not ready, repolling fd = 9
Socket not ready, repolling fd = 9
Socket not ready, repolling fd = 9
Socket not ready, repolling fd = 9
Socket not ready, repolling fd = 9
Socket not ready, repolling fd = 9
Socket not ready, repolling fd = 9
Socket not ready, repolling fd = 9
Socket not ready, repolling fd = 9
Socket not ready, repolling fd = 9
Socket not ready, repolling fd = 9
Socket not ready, repolling fd = 9
Socket not ready, repolling fd = 9
Socket not ready, repolling fd = 9
Socket not ready, repolling fd = 9
Socket not ready, repolling fd = 9
Socket not ready, repolling fd = 9
Socket not ready, repolling fd = 9
Socket not ready, repolling fd = 9
Socket not ready, repolling fd = 9
Socket not ready, repolling fd = 9
Socket not ready, repolling fd = 9
Socket not ready, repolling fd = 9
Socket not ready, repolling fd = 9
Socket not ready, repolling fd = 9
Socket not ready, repolling fd = 9
Socket not ready, repolling fd = 9
Socket not ready, repolling fd = 9
Socket not ready, repolling fd = 9
Socket not ready, repolling fd = 9
Socket not ready, repolling fd = 9
Socket not ready, repolling fd = 9
Socket not ready, repolling fd = 9
Socket not ready, repolling fd = 9
Socket not ready, repolling fd = 9
Socket not ready, repolling fd = 9
Socket not ready, repolling fd = 9
Socket not ready, repolling fd = 9
Socket not ready, repolling fd = 9
Socket not ready, repolling fd = 8
Socket not ready, repolling fd = 8
Socket not ready, repolling fd = 8
Socket not ready, repolling fd = 8
Socket not ready, repolling fd = 8
Socket not ready, repolling fd = 8
Socket not ready, repolling fd = 8
Socket not ready, repolling fd = 8
Socket not ready, repolling fd = 8
Socket not ready, repolling fd = 8
Socket not ready, repolling fd = 8
Socket not ready, repolling fd = 8
Socket not ready, repolling fd = 8
Socket not ready, repolling fd = 8
Socket not ready, repolling fd = 8
Socket not ready, repolling fd = 8
Socket not ready, repolling fd = 8
Socket not ready, repolling fd = 8
Socket not ready, repolling fd = 8
Socket not ready, repolling fd = 8
Socket not ready, repolling fd = 8
Socket not ready, repolling fd = 8
Socket not ready, repolling fd = 8
Socket not ready, repolling fd = 8
Socket not ready, repolling fd = 8
Socket not ready, repolling fd = 8
Socket not ready, repolling fd = 8
Socket not ready, repolling fd = 8
Socket not ready, repolling fd = 8
Socket not ready, repolling fd = 8
Socket not ready, repolling fd = 8
Socket not ready, repolling fd = 8
Socket not ready, repolling fd = 8
Socket not ready, repolling fd = 8
Socket not ready, repolling fd = 8
Socket not ready, repolling fd = 8
Socket not ready, repolling fd = 8
Socket not ready, repolling fd = 8
Socket not ready, repolling fd = 8
Socket not ready, repolling fd = 8
Socket not ready, repolling fd = 8
Socket not ready, repolling fd = 8
Socket not ready, repolling fd = 8
Socket not ready, repolling fd = 8
Socket not ready, repolling fd = 8
Socket not ready, repolling fd = 8
Socket not ready, repolling fd = 8
Socket not ready, repolling fd = 8
Socket not ready, repolling fd = 8
Socket not ready, repolling fd = 8
Socket not ready, repolling fd = 8
Socket not ready, repolling fd = 8
Socket not ready, repolling fd = 8
Socket not ready, repolling fd = 8
Socket not ready, repolling fd = 8
Socket not ready, repolling fd = 8
Socket not ready, repolling fd = 8
Socket not ready, repolling fd = 8
Socket not ready, repolling fd = 8
Socket not ready, repolling fd = 8
Socket not ready, repolling fd = 8
Socket not ready, repolling fd = 8
Socket not ready, repolling fd = 8
Socket not ready, repolling fd = 8
Socket not ready, repolling fd = 8
Socket not ready, repolling fd = 8
Socket not ready, repolling fd = 8
Socket not ready, repolling fd = 8
Socket not ready, repolling fd = 8
Socket not ready, repolling fd = 8
Socket not ready, repolling fd = 8
Socket not ready, repolling fd = 8
Socket not ready, repolling fd = 8
Socket not ready, repolling fd = 8
Socket not ready, repolling fd = 8
Socket not ready, repolling fd = 8
Socket not ready, repolling fd = 8
Socket not ready, repolling fd = 8
Socket not ready, repolling fd = 8
Socket not ready, repolling fd = 8
Socket not ready, repolling fd = 8
Socket not ready, repolling fd = 8
Socket not ready, repolling fd = 8
Socket not ready, repolling fd = 8
Socket not ready, repolling fd = 8
Socket not ready, repolling fd = 8
Socket not ready, repolling fd = 8
Socket not ready, repolling fd = 8
Socket not ready, repolling fd = 8
Socket not ready, repolling fd = 8
Socket not ready, repolling fd = 8
Socket not ready, repolling fd = 8
Socket not ready, repolling fd = 8
Socket not ready, repolling fd = 8
Socket not ready, repolling fd = 8
Socket not ready, repolling fd = 8
Socket not ready, repolling fd = 8
Socket not ready, repolling fd = 8
Socket not ready, repolling fd = 8
Socket not ready, repolling fd = 8
Socket not ready, repolling fd = 8
Socket not ready, repolling fd = 8
Socket not ready, repolling fd = 8
Socket not ready, repolling fd = 8
Socket not ready, repolling fd = 8
Socket not ready, repolling fd = 8
Socket not ready, repolling fd = 8
Socket not ready, repolling fd = 8
Socket not ready, repolling fd = 8
Socket not ready, repolling fd = 8
Socket not ready, repolling fd = 8
Socket not ready, repolling fd = 8
Socket not ready, repolling fd = 8
Socket not ready, repolling fd = 8
Socket not ready, repolling fd = 8
Socket not ready, repolling fd = 8
Socket not ready, repolling fd = 8
Socket not ready, repolling fd = 8
Socket not ready, repolling fd = 8
Socket not ready, repolling fd = 8
Socket not ready, repolling fd = 8
Socket not ready, repolling fd = 8
Socket not ready, repolling fd = 8
Socket not ready, repolling fd = 8
Socket not ready, repolling fd = 8
Socket not ready, repolling fd = 8
Socket not ready, repolling fd = 8
Socket not ready, repolling fd = 8
Socket not ready, repolling fd = 8
Socket not ready, repolling fd = 8
Socket not ready, repolling fd = 8
Socket not ready, repolling fd = 8
Socket not ready, repolling fd = 8
Socket not ready, repolling fd = 8
Socket not ready, repolling fd = 8
Socket not ready, repolling fd = 8
Socket not ready, repolling fd = 8
Socket not ready, repolling fd = 8
Socket not ready, repolling fd = 8
Socket not ready, repolling fd = 8
Socket not ready, repolling fd = 8
Socket not ready, repolling fd = 8
Socket not ready, repolling fd = 8
Socket not ready, repolling fd = 8
Socket not ready, repolling fd = 8
Socket not ready, repolling fd = 8
Socket not ready, repolling fd = 8
Socket not ready, repolling fd = 8
Socket not ready, repolling fd = 8
Socket not ready, repolling fd = 8
Socket not ready, repolling fd = 8
Socket not ready, repolling fd = 8
Socket not ready, repolling fd = 8
Socket not ready, repolling fd = 8
Socket not ready, repolling fd = 8
Socket not ready, repolling fd = 8
Socket not ready, repolling fd = 8
Socket not ready, repolling fd = 8
Socket not ready, repolling fd = 8
Socket not ready, repolling fd = 8
Socket not ready, repolling fd = 8
Socket not ready, repolling fd = 8
Socket not ready, repolling fd = 8
Socket not ready, repolling fd = 8
Socket not ready, repolling fd = 8
Socket not ready, repolling fd = 8
Socket not ready, repolling fd = 8
Socket not ready, repolling fd = 8
Socket not ready, repolling fd = 8
Socket not ready, repolling fd = 8
Socket not ready, repolling fd = 8
Socket not ready, repolling fd = 8
Socket not ready, repolling fd = 8
Socket not ready, repolling fd = 8
Socket not ready, repolling fd = 8
Socket not ready, repolling fd = 8
Socket not ready, repolling fd = 8
Socket not ready, repolling fd = 8
Socket not ready, repolling fd = 8
Socket not ready, repolling fd = 8
Socket not ready, repolling fd = 8
Socket not ready, repolling fd = 8
Socket not ready, repolling fd = 8
Socket not ready, repolling fd = 8
Socket not ready, repolling fd = 8
Socket not ready, repolling fd = 8
Socket not ready, repolling fd = 8
Socket not ready, repolling fd = 8
Socket not ready, repolling fd = 8
Socket not ready, repolling fd = 8
Socket not ready, repolling fd = 8
Socket not ready, repolling fd = 8
Socket not ready, repolling fd = 8
Socket not ready, repolling fd = 8
Socket not ready, repolling fd = 8
Socket not ready, repolling fd = 8
Socket not ready, repolling fd = 8
Socket not ready, repolling fd = 8
Socket not ready, repolling fd = 8
Socket not ready, repolling fd = 8
Socket not ready, repolling fd = 8
Socket not ready, repolling fd = 8
Socket not ready, repolling fd = 8
Socket not ready, repolling fd = 8
Socket not ready, repolling fd = 8
Socket not ready, repolling fd = 8
Socket not ready, repolling fd = 8
Socket not ready, repolling fd = 8
Socket not ready, repolling fd = 8
Socket not ready, repolling fd = 8
Socket not ready, repolling fd = 8
Socket not ready, repolling fd = 8
Socket not ready, repolling fd = 8
Socket not ready, repolling fd = 8
Socket not ready, repolling fd = 8
Socket not ready, repolling fd = 8
Socket not ready, repolling fd = 8
Socket not ready, repolling fd = 8
Socket not ready, repolling fd = 8
Socket not ready, repolling fd = 8
Socket not ready, repolling fd = 8
Socket not ready, repolling fd = 8
Socket not ready, repolling fd = 8
Socket not ready, repolling fd = 8
Socket not ready, repolling fd = 8
Socket not ready, repolling fd = 8
Socket not ready, repolling fd = 8
Socket not ready, repolling fd = 8
Socket not ready, repolling fd = 8
Socket not ready, repolling fd = 8
Socket not ready, repolling fd = 8
Socket not ready, repolling fd = 8
Socket not ready, repolling fd = 8
Socket not ready, repolling fd = 8
Socket not ready, repolling fd = 8
Socket not ready, repolling fd = 8
Socket not ready, repolling fd = 8
Socket not ready, repolling fd = 8
Socket not ready, repolling fd = 8
Socket not ready, repolling fd = 8
Socket not ready, repolling fd = 8
Socket not ready, repolling fd = 8
Socket not ready, repolling fd = 8
Socket not ready, repolling fd = 8
Socket not ready, repolling fd = 8
Socket not ready, repolling fd = 8
Socket not ready, repolling fd = 8
Socket not ready, repolling fd = 8
Socket not ready, repolling fd = 8
Socket not ready, repolling fd = 8
Socket not ready, repolling fd = 8
Socket not ready, repolling fd = 8
Socket not ready, repolling fd = 8
Socket not ready, repolling fd = 8
Socket not ready, repolling fd = 8
Socket not ready, repolling fd = 8
Socket not ready, repolling fd = 8
Socket not ready, repolling fd = 8
Socket not ready, repolling fd = 8
Socket not ready, repolling fd = 8
Socket not ready, repolling fd = 8
Socket not ready, repolling fd = 8
Socket not ready, repolling fd = 8
Socket not ready, repolling fd = 8
Socket not ready, repolling fd = 8
Socket not ready, repolling fd = 8
Socket not ready, repolling fd = 8
Socket not ready, repolling fd = 8
Socket not ready, repolling fd = 8
Socket not ready, repolling fd = 8
Socket not ready, repolling fd = 8
Socket not ready, repolling fd = 8
Socket not ready, repolling fd = 8
Socket not ready, repolling fd = 8
Socket not ready, repolling fd = 8
Socket not ready, repolling fd = 8
Socket not ready, repolling fd = 8
Socket not ready, repolling fd = 8
Socket not ready, repolling fd = 8
Socket not ready, repolling fd = 8
Socket not ready, repolling fd = 8
Socket not ready, repolling fd = 8
Socket not ready, repolling fd = 8
Socket not ready, repolling fd = 8
Socket not ready, repolling fd = 8
Socket not ready, repolling fd = 8
Socket not ready, repolling fd = 8
Socket not ready, repolling fd = 8
Socket not ready, repolling fd = 8
Socket not ready, repolling fd = 8
Socket not ready, repolling fd = 8
Socket not ready, repolling fd = 8
Socket not ready, repolling fd = 8
Socket not ready, repolling fd = 8
Socket not ready, repolling fd = 8
Socket not ready, repolling fd = 8
Socket not ready, repolling fd = 8
Socket not ready, repolling fd = 8
Socket not ready, repolling fd = 8
Socket not ready, repolling fd = 8
Socket not ready, repolling fd = 8
Socket not ready, repolling fd = 8
Socket not ready, repolling fd = 8
Socket not ready, repolling fd = 8
Socket not ready, repolling fd = 8
Socket not ready, repolling fd = 8
Socket not ready, repolling fd = 8
Socket not ready, repolling fd = 8
Socket not ready, repolling fd = 8
Socket not ready, repolling fd = 8
Socket not ready, repolling fd = 8
Socket not ready, repolling fd = 8
Socket not ready, repolling fd = 8
Socket not ready, repolling fd = 8
Socket not ready, repolling fd = 8
Socket not ready, repolling fd = 8
Socket not ready, repolling fd = 8
Socket not ready, repolling fd = 8
Socket not ready, repolling fd = 8
Socket not ready, repolling fd = 8
Socket not ready, repolling fd = 8
Socket not ready, repolling fd = 8
Socket not ready, repolling fd = 8
Socket not ready, repolling fd = 8
Socket not ready, repolling fd = 8
Socket not ready, repolling fd = 8
Socket not ready, repolling fd = 8
Socket not ready, repolling fd = 8
Socket not ready, repolling fd = 8
Socket not ready, repolling fd = 8
Socket not ready, repolling fd = 8
Socket not ready, repolling fd = 8
Socket not ready, repolling fd = 8
Socket not ready, repolling fd = 8
Socket not ready, repolling fd = 8
Socket not ready, repolling fd = 8
Socket not ready, repolling fd = 8
Socket not ready, repolling fd = 8
Socket not ready, repolling fd = 8
Socket not ready, repolling fd = 8
Socket not ready, repolling fd = 8
Socket not ready, repolling fd = 8
Socket not ready, repolling fd = 8
Socket not ready, repolling fd = 8
Socket not ready, repolling fd = 8
Socket not ready, repolling fd = 8
Socket not ready, repolling fd = 8
Socket not ready, repolling fd = 8
Socket not ready, repolling fd = 8
Socket not ready, repolling fd = 8
Socket not ready, repolling fd = 8
Socket not ready, repolling fd = 8
Socket not ready, repolling fd = 8
Socket not ready, repolling fd = 8
Socket not ready, repolling fd = 8
Socket not ready, repolling fd = 8
Socket not ready, repolling fd = 8
Socket not ready, repolling fd = 8
Socket not ready, repolling fd = 8
Socket not ready, repolling fd = 8
Socket not ready, repolling fd = 8
Socket not ready, repolling fd = 8
Socket not ready, repolling fd = 8
Socket not ready, repolling fd = 8
Socket not ready, repolling fd = 8
Socket not ready, repolling fd = 8
Socket not ready, repolling fd = 8
Socket not ready, repolling fd = 8
Socket not ready, repolling fd = 8
Socket not ready, repolling fd = 8
Socket not ready, repolling fd = 8
Socket not ready, repolling fd = 8
Socket not ready, repolling fd = 8
Socket not ready, repolling fd = 8
Socket not ready, repolling fd = 8
Socket not ready, repolling fd = 8
Socket not ready, repolling fd = 8
Socket not ready, repolling fd = 8
Socket not ready, repolling fd = 8
Socket not ready, repolling fd = 8
Socket not ready, repolling fd = 8
Socket not ready, repolling fd = 8
Socket not ready, repolling fd = 8
Socket not ready, repolling fd = 8
Socket not ready, repolling fd = 8
Socket not ready, repolling fd = 8
Socket not ready, repolling fd = 8
Socket not ready, repolling fd = 8
Socket not ready, repolling fd = 8
Socket not ready, repolling fd = 8
Socket not ready, repolling fd = 8
Socket not ready, repolling fd = 8
Socket not ready, repolling fd = 8
Socket not ready, repolling fd = 8
Socket not ready, repolling fd = 8
Socket not ready, repolling fd = 8
Socket not ready, repolling fd = 8
Socket not ready, repolling fd = 8
Socket not ready, repolling fd = 8
Socket not ready, repolling fd = 8
Socket not ready, repolling fd = 8
Socket not ready, repolling fd = 8
Socket not ready, repolling fd = 8
Socket not ready, repolling fd = 8
Socket not ready, repolling fd = 8
Socket not ready, repolling fd = 8
Socket not ready, repolling fd = 8
Socket not ready, repolling fd = 8
Socket not ready, repolling fd = 8
Socket not ready, repolling fd = 8
Socket not ready, repolling fd = 8
Socket not ready, repolling fd = 8
Socket not ready, repolling fd = 8
Socket not ready, repolling fd = 8
Socket not ready, repolling fd = 8
Socket not ready, repolling fd = 8
Socket not ready, repolling fd = 8
Socket not ready, repolling fd = 8
Socket not ready, repolling fd = 8
Socket not ready, repolling fd = 8
Socket not ready, repolling fd = 8
Socket not ready, repolling fd = 8
Socket not ready, repolling fd = 8
Socket not ready, repolling fd = 8
Socket not ready, repolling fd = 8
Socket not ready, repolling fd = 8
Socket not ready, repolling fd = 8
Socket not ready, repolling fd = 8
Socket not ready, repolling fd = 8
Socket not ready, repolling fd = 8
Socket not ready, repolling fd = 8
Socket not ready, repolling fd = 8
Socket not ready, repolling fd = 8
Socket not ready, repolling fd = 8
Socket not ready, repolling fd = 8
Socket not ready, repolling fd = 8
Socket not ready, repolling fd = 8
Socket not ready, repolling fd = 8
Socket not ready, repolling fd = 8
Socket not ready, repolling fd = 8
Socket not ready, repolling fd = 8
Socket not ready, repolling fd = 8
Socket not ready, repolling fd = 8
Socket not ready, repolling fd = 8
Socket not ready, repolling fd = 8
Socket not ready, repolling fd = 8
Socket not ready, repolling fd = 8
Socket not ready, repolling fd = 8
Socket not ready, repolling fd = 8
Socket not ready, repolling fd = 8
Socket not ready, repolling fd = 8
Socket not ready, repolling fd = 8
Socket not ready, repolling fd = 8
Socket not ready, repolling fd = 8
Socket not ready, repolling fd = 8
Socket not ready, repolling fd = 8
Socket not ready, repolling fd = 8
Socket not ready, repolling fd = 8
Socket not ready, repolling fd = 8
Socket not ready, repolling fd = 8
Socket not ready, repolling fd = 8
Socket not ready, repolling fd = 8
Socket not ready, repolling fd = 8
Socket not ready, repolling fd = 8
Socket not ready, repolling fd = 8
Socket not ready, repolling fd = 8
Socket not ready, repolling fd = 8
Socket not ready, repolling fd = 8
Socket not ready, repolling fd = 8
Socket not ready, repolling fd = 8
Socket not ready, repolling fd = 8
Socket not ready, repolling fd = 8
Socket not ready, repolling fd = 8
Socket not ready, repolling fd = 8
Socket not ready, repolling fd = 8
Socket not ready, repolling fd = 8
Socket not ready, repolling fd = 8
Socket not ready, repolling fd = 8
Socket not ready, repolling fd = 8
Socket not ready, repolling fd = 8
Socket not ready, repolling fd = 8
Socket not ready, repolling fd = 8
Socket not ready, repolling fd = 8
Socket not ready, repolling fd = 8
Socket not ready, repolling fd = 8
Socket not ready, repolling fd = 8
Socket not ready, repolling fd = 8
Socket not ready, repolling fd = 8
Socket not ready, repolling fd = 8
Socket not ready, repolling fd = 8
Socket not ready, repolling fd = 8
Socket not ready, repolling fd = 8
Socket not ready, repolling fd = 8
Socket not ready, repolling fd = 8
Socket not ready, repolling fd = 8
Socket not ready, repolling fd = 8
Socket not ready, repolling fd = 8
Socket not ready, repolling fd = 8
Socket not ready, repolling fd = 8
Socket not ready, repolling fd = 8
Socket not ready, repolling fd = 8
Socket not ready, repolling fd = 8
Socket not ready, repolling fd = 8
Socket not ready, repolling fd = 8
Socket not ready, repolling fd = 8
Socket not ready, repolling fd = 8
Socket not ready, repolling fd = 8
Socket not ready, repolling fd = 8
Socket not ready, repolling fd = 8
Socket not ready, repolling fd = 8
Socket not ready, repolling fd = 8
Socket not ready, repolling fd = 8
Socket not ready, repolling fd = 8
Socket not ready, repolling fd = 8
Socket not ready, repolling fd = 8
Socket not ready, repolling fd = 8
Socket not ready, repolling fd = 8
Socket not ready, repolling fd = 8
Socket not ready, repolling fd = 8
Socket not ready, repolling fd = 8
Socket not ready, repolling fd = 8
Socket not ready, repolling fd = 8
Socket not ready, repolling fd = 8
Socket not ready, repolling fd = 8
Socket not ready, repolling fd = 8
Socket not ready, repolling fd = 8
Socket not ready, repolling fd = 8
Socket not ready, repolling fd = 8
Socket not ready, repolling fd = 8
Socket not ready, repolling fd = 8
Socket not ready, repolling fd = 8
Socket not ready, repolling fd = 8
Socket not ready, repolling fd = 8
Socket not ready, repolling fd = 8
Socket not ready, repolling fd = 8
Socket not ready, repolling fd = 8
Socket not ready, repolling fd = 8
Socket not ready, repolling fd = 8
Socket not ready, repolling fd = 8
Socket not ready, repolling fd = 8
Socket not ready, repolling fd = 8
Socket not ready, repolling fd = 8
Socket not ready, repolling fd = 8
Socket not ready, repolling fd = 8
Socket not ready, repolling fd = 8
Socket not ready, repolling fd = 8
Socket not ready, repolling fd = 8
Socket not ready, repolling fd = 8
Socket not ready, repolling fd = 8
Socket not ready, repolling fd = 8
Socket not ready, repolling fd = 8
Socket not ready, repolling fd = 8
Socket not ready, repolling fd = 8
Socket not ready, repolling fd = 8
Socket not ready, repolling fd = 8
Socket not ready, repolling fd = 8
Socket not ready, repolling fd = 8
Socket not ready, repolling fd = 8
Socket not ready, repolling fd = 8
Socket not ready, repolling fd = 8
Socket not ready, repolling fd = 8
Socket not ready, repolling fd = 8
Socket not ready, repolling fd = 8
Socket not ready, repolling fd = 8
Socket not ready, repolling fd = 8
Socket not ready, repolling fd = 8
Socket not ready, repolling fd = 8
Socket not ready, repolling fd = 8
Socket not ready, repolling fd = 8
Socket not ready, repolling fd = 8
Socket not ready, repolling fd = 8
Socket not ready, repolling fd = 8
Socket not ready, repolling fd = 8
Socket not ready, repolling fd = 8
Socket not ready, repolling fd = 8
Socket not ready, repolling fd = 8
Socket not ready, repolling fd = 8
Socket not ready, repolling fd = 8
Socket not ready, repolling fd = 8
Socket not ready, repolling fd = 8
Socket not ready, repolling fd = 8
Socket not ready, repolling fd = 8
Socket not ready, repolling fd = 8
Socket not ready, repolling fd = 8
Socket not ready, repolling fd = 8
Socket not ready, repolling fd = 8
Socket not ready, repolling fd = 8
Socket not ready, repolling fd = 8
Socket not ready, repolling fd = 8
Socket not ready, repolling fd = 8
Socket not ready, repolling fd = 8
Socket not ready, repolling fd = 8
Socket not ready, repolling fd = 8
Socket not ready, repolling fd = 8
Socket not ready, repolling fd = 8
Socket not ready, repolling fd = 8
Socket not ready, repolling fd = 8
Socket not ready, repolling fd = 8
Socket not ready, repolling fd = 8
Socket not ready, repolling fd = 8
Socket not ready, repolling fd = 8
Socket not ready, repolling fd = 8
Socket not ready, repolling fd = 8
Socket not ready, repolling fd = 8
Socket not ready, repolling fd = 8
Socket not ready, repolling fd = 8
Socket not ready, repolling fd = 8
Socket not ready, repolling fd = 8
Socket not ready, repolling fd = 8
Socket not ready, repolling fd = 8
Socket not ready, repolling fd = 8
Socket not ready, repolling fd = 8
Socket not ready, repolling fd = 8
Socket not ready, repolling fd = 8
Socket not ready, repolling fd = 8
Socket not ready, repolling fd = 8
Socket not ready, repolling fd = 8
Socket not ready, repolling fd = 8
Socket not ready, repolling fd = 8
Socket not ready, repolling fd = 8
Socket not ready, repolling fd = 8
Socket not ready, repolling fd = 8
Socket not ready, repolling fd = 8
Socket not ready, repolling fd = 8
Socket not ready, repolling fd = 8
Socket not ready, repolling fd = 8
Socket not ready, repolling fd = 8
Socket not ready, repolling fd = 8
Socket not ready, repolling fd = 8
Socket not ready, repolling fd = 8
Socket not ready, repolling fd = 8
Socket not ready, repolling fd = 8
Socket not ready, repolling fd = 8
Socket not ready, repolling fd = 8
Socket not ready, repolling fd = 8
Socket not ready, repolling fd = 8
Socket not ready, repolling fd = 8
Socket not ready, repolling fd = 8
Socket not ready, repolling fd = 8
Socket not ready, repolling fd = 8
Socket not ready, repolling fd = 8
Socket not ready, repolling fd = 8
Socket not ready, repolling fd = 8
Socket not ready, repolling fd = 8
Socket not ready, repolling fd = 8
Socket not ready, repolling fd = 8
Socket not ready, repolling fd = 8
Socket not ready, repolling fd = 8
Socket not ready, repolling fd = 8
Socket not ready, repolling fd = 8
Socket not ready, repolling fd = 8
Socket not ready, repolling fd = 8
Socket not ready, repolling fd = 8
Socket not ready, repolling fd = 8
Socket not ready, repolling fd = 8
Socket not ready, repolling fd = 8
Socket not ready, repolling fd = 8
Socket not ready, repolling fd = 8
Socket not ready, repolling fd = 8
Socket not ready, repolling fd = 8
Socket not ready, repolling fd = 8
Socket not ready, repolling fd = 8
Socket not ready, repolling fd = 8
Socket not ready, repolling fd = 8
Socket not ready, repolling fd = 8
Socket not ready, repolling fd = 8
Socket not ready, repolling fd = 8
Socket not ready, repolling fd = 8
Socket not ready, repolling fd = 8
Socket not ready, repolling fd = 8
Socket not ready, repolling fd = 8
Socket not ready, repolling fd = 8
Socket not ready, repolling fd = 8
Socket not ready, repolling fd = 8
Socket not ready, repolling fd = 8
Socket not ready, repolling fd = 8
Socket not ready, repolling fd = 8
Socket not ready, repolling fd = 8
Socket not ready, repolling fd = 8
Socket not ready, repolling fd = 8
Socket not ready, repolling fd = 8
Socket not ready, repolling fd = 8
Socket not ready, repolling fd = 8
Socket not ready, repolling fd = 8
Socket not ready, repolling fd = 8
Socket not ready, repolling fd = 8
Socket not ready, repolling fd = 8
Socket not ready, repolling fd = 8
Socket not ready, repolling fd = 8
Socket not ready, repolling fd = 8
Socket not ready, repolling fd = 8
Socket not ready, repolling fd = 8
Socket not ready, repolling fd = 8
Socket not ready, repolling fd = 8
Socket not ready, repolling fd = 8
Socket not ready, repolling fd = 8
Socket not ready, repolling fd = 8
Socket not ready, repolling fd = 8
Socket not ready, repolling fd = 8
Socket not ready, repolling fd = 8
Socket not ready, repolling fd = 8
Socket not ready, repolling fd = 8
Socket not ready, repolling fd = 8
Socket not ready, repolling fd = 8
Socket not ready, repolling fd = 8
Socket not ready, repolling fd = 8
Socket not ready, repolling fd = 8
Socket not ready, repolling fd = 8
Socket not ready, repolling fd = 8
Socket not ready, repolling fd = 8
Socket not ready, repolling fd = 8
Socket not ready, repolling fd = 8
Socket not ready, repolling fd = 8
Socket not ready, repolling fd = 8
Socket not ready, repolling fd = 8
Socket not ready, repolling fd = 8
Socket not ready, repolling fd = 8
Socket not ready, repolling fd = 8
Socket not ready, repolling fd = 8
Socket not ready, repolling fd = 8
Socket not ready, repolling fd = 8
Socket not ready, repolling fd = 8
Socket not ready, repolling fd = 8
Socket not ready, repolling fd = 8
Socket not ready, repolling fd = 8
Socket not ready, repolling fd = 8
Socket not ready, repolling fd = 8
Socket not ready, repolling fd = 8
Socket not ready, repolling fd = 8
Socket not ready, repolling fd = 8
Socket not ready, repolling fd = 8
Socket not ready, repolling fd = 8
Socket not ready, repolling fd = 8
Socket not ready, repolling fd = 8
Socket not ready, repolling fd = 8
Socket not ready, repolling fd = 8
Socket not ready, repolling fd = 8
Socket not ready, repolling fd = 8
Socket not ready, repolling fd = 8
Socket not ready, repolling fd = 8
Socket not ready, repolling fd = 8
Socket not ready, repolling fd = 8
Socket not ready, repolling fd = 8
Socket not ready, repolling fd = 8
Socket not ready, repolling fd = 8
Socket not ready, repolling fd = 8
Socket not ready, repolling fd = 8
Socket not ready, repolling fd = 8
Socket not ready, repolling fd = 8
Socket not ready, repolling fd = 8
Socket not ready, repolling fd = 8
Socket not ready, repolling fd = 8
Socket not ready, repolling fd = 8
Socket not ready, repolling fd = 8
Socket not ready, repolling fd = 8
Socket not ready, repolling fd = 8
Socket not ready, repolling fd = 8
Socket not ready, repolling fd = 8
Socket not ready, repolling fd = 8
Socket not ready, repolling fd = 8
Socket not ready, repolling fd = 8
Socket not ready, repolling fd = 8
Socket not ready, repolling fd = 8
Socket not ready, repolling fd = 8
Socket not ready, repolling fd = 8
Socket not ready, repolling fd = 8
Socket not ready, repolling fd = 8
Socket not ready, repolling fd = 8
Socket not ready, repolling fd = 8
Socket not ready, repolling fd = 8
Socket not ready, repolling fd = 8
Socket not ready, repolling fd = 8
Socket not ready, repolling fd = 8
Socket not ready, repolling fd = 8
Socket not ready, repolling fd = 8
Socket not ready, repolling fd = 8
Socket not ready, repolling fd = 8
Socket not ready, repolling fd = 8
Socket not ready, repolling fd = 8
Socket not ready, repolling fd = 8
Socket not ready, repolling fd = 8
Socket not ready, repolling fd = 8
Socket not ready, repolling fd = 8
Socket not ready, repolling fd = 8
Socket not ready, repolling fd = 8
Socket not ready, repolling fd = 8
Socket not ready, repolling fd = 8
Socket not ready, repolling fd = 8
Socket not ready, repolling fd = 8
Socket not ready, repolling fd = 8
Socket not ready, repolling fd = 8
Socket not ready, repolling fd = 8
Socket not ready, repolling fd = 8
Socket not ready, repolling fd = 8
Socket not ready, repolling fd = 8
Socket not ready, repolling fd = 8
Socket not ready, repolling fd = 8
Socket not ready, repolling fd = 8
Socket not ready, repolling fd = 8
Socket not ready, repolling fd = 8
Socket not ready, repolling fd = 8
Socket not ready, repolling fd = 8
Socket not ready, repolling fd = 8
Socket not ready, repolling fd = 8
Socket not ready, repolling fd = 8
Socket not ready, repolling fd = 8
Socket not ready, repolling fd = 8
Socket not ready, repolling fd = 8
Socket not ready, repolling fd = 8
Socket not ready, repolling fd = 8
Socket not ready, repolling fd = 8
Socket not ready, repolling fd = 8
Socket not ready, repolling fd = 8
Socket not ready, repolling fd = 8
Socket not ready, repolling fd = 8
Socket not ready, repolling fd = 8
Socket not ready, repolling fd = 8
Socket not ready, repolling fd = 8
Socket not ready, repolling fd = 8
Socket not ready, repolling fd = 8
Socket not ready, repolling fd = 8
Socket not ready, repolling fd = 8
Socket not ready, repolling fd = 8
Socket not ready, repolling fd = 8
Socket not ready, repolling fd = 8
Socket not ready, repolling fd = 8
Socket not ready, repolling fd = 8
Socket not ready, repolling fd = 8
Socket not ready, repolling fd = 8
Socket not ready, repolling fd = 8
Socket not ready, repolling fd = 8
Socket not ready, repolling fd = 8
Socket not ready, repolling fd = 8
Socket not ready, repolling fd = 8
Socket not ready, repolling fd = 8
Socket not ready, repolling fd = 8
Socket not ready, repolling fd = 8
Socket not ready, repolling fd = 8
Socket not ready, repolling fd = 8
Socket not ready, repolling fd = 8
Socket not ready, repolling fd = 8
Socket not ready, repolling fd = 8
Socket not ready, repolling fd = 8
Socket not ready, repolling fd = 8
Socket not ready, repolling fd = 8
Socket not ready, repolling fd = 8
Socket not ready, repolling fd = 8
Socket not ready, repolling fd = 8
Socket not ready, repolling fd = 8
Socket not ready, repolling fd = 8
Socket not ready, repolling fd = 8
Socket not ready, repolling fd = 8
Socket not ready, repolling fd = 8
Socket not ready, repolling fd = 8
Socket not ready, repolling fd = 8
Socket not ready, repolling fd = 8
Socket not ready, repolling fd = 8
Socket not ready, repolling fd = 8
Socket not ready, repolling fd = 8
Socket not ready, repolling fd = 8
Socket not ready, repolling fd = 8
Socket not ready, repolling fd = 8
Socket not ready, repolling fd = 8
Socket not ready, repolling fd = 8
Socket not ready, repolling fd = 8
Socket not ready, repolling fd = 8
Socket not ready, repolling fd = 8
Socket not ready, repolling fd = 8
Socket not ready, repolling fd = 8
Socket not ready, repolling fd = 8
Socket not ready, repolling fd = 8
Socket not ready, repolling fd = 8
Socket not ready, repolling fd = 8
Socket not ready, repolling fd = 8
Socket not ready, repolling fd = 8
Socket not ready, repolling fd = 8
Socket not ready, repolling fd = 8
Socket not ready, repolling fd = 8
Socket not ready, repolling fd = 8
Socket not ready, repolling fd = 8
Socket not ready, repolling fd = 8
Socket not ready, repolling fd = 8
Socket not ready, repolling fd = 8
Socket not ready, repolling fd = 8
Socket not ready, repolling fd = 8
Socket not ready, repolling fd = 8
Socket not ready, repolling fd = 8
Socket not ready, repolling fd = 8
Socket not ready, repolling fd = 8
Socket not ready, repolling fd = 8
Socket not ready, repolling fd = 8
Socket not ready, repolling fd = 8
Socket not ready, repolling fd = 8
Socket not ready, repolling fd = 8
Socket not ready, repolling fd = 8
Socket not ready, repolling fd = 8
Socket not ready, repolling fd = 8
Socket not ready, repolling fd = 8
Socket not ready, repolling fd = 8
Socket not ready, repolling fd = 8
Socket not ready, repolling fd = 8
Socket not ready, repolling fd = 8
Socket not ready, repolling fd = 8
Socket not ready, repolling fd = 8
Socket not ready, repolling fd = 8
Socket not ready, repolling fd = 8
Socket not ready, repolling fd = 8
Socket not ready, repolling fd = 8
Socket not ready, repolling fd = 8
Socket not ready, repolling fd = 8
Socket not ready, repolling fd = 8
Socket not ready, repolling fd = 8
Socket not ready, repolling fd = 8
Socket not ready, repolling fd = 8
Socket not ready, repolling fd = 8
Socket not ready, repolling fd = 8
Socket not ready, repolling fd = 8
Socket not ready, repolling fd = 8
Socket not ready, repolling fd = 8
Socket not ready, repolling fd = 8
Socket not ready, repolling fd = 8
Socket not ready, repolling fd = 8
Socket not ready, repolling fd = 8
Socket not ready, repolling fd = 8
Socket not ready, repolling fd = 8
Socket not ready, repolling fd = 8
Socket not ready, repolling fd = 8
Socket not ready, repolling fd = 8
Socket not ready, repolling fd = 8
Socket not ready, repolling fd = 8
Socket not ready, repolling fd = 8
Socket not ready, repolling fd = 8
Socket not ready, repolling fd = 8
Socket not ready, repolling fd = 8
Socket not ready, repolling fd = 8
Socket not ready, repolling fd = 8
Socket not ready, repolling fd = 8
Socket not ready, repolling fd = 8
Socket not ready, repolling fd = 8
Socket not ready, repolling fd = 8
Socket not ready, repolling fd = 8
Socket not ready, repolling fd = 8
Socket not ready, repolling fd = 8
Socket not ready, repolling fd = 8
Socket not ready, repolling fd = 8
Socket not ready, repolling fd = 8
Socket not ready, repolling fd = 8
Socket not ready, repolling fd = 8
Socket not ready, repolling fd = 8
Socket not ready, repolling fd = 8
Socket not ready, repolling fd = 8
Socket not ready, repolling fd = 8
Socket not ready, repolling fd = 8
Socket not ready, repolling fd = 8
Socket not ready, repolling fd = 8
Socket not ready, repolling fd = 8
Socket not ready, repolling fd = 8
Socket not ready, repolling fd = 8
Socket not ready, repolling fd = 8
Socket not ready, repolling fd = 8
Socket not ready, repolling fd = 8
Socket not ready, repolling fd = 8
Socket not ready, repolling fd = 8
Socket not ready, repolling fd = 8
Socket not ready, repolling fd = 8
Socket not ready, repolling fd = 8
Socket not ready, repolling fd = 8
Socket not ready, repolling fd = 8
Socket not ready, repolling fd = 8
Socket not ready, repolling fd = 8
Socket not ready, repolling fd = 8
Socket not ready, repolling fd = 8
Socket not ready, repolling fd = 8
Socket not ready, repolling fd = 8
Socket not ready, repolling fd = 8
Socket not ready, repolling fd = 8
Socket not ready, repolling fd = 8
Socket not ready, repolling fd = 8
Socket not ready, repolling fd = 8
Socket not ready, repolling fd = 8
Socket not ready, repolling fd = 8
Socket not ready, repolling fd = 8
Socket not ready, repolling fd = 8
Socket not ready, repolling fd = 8
Socket not ready, repolling fd = 8
Socket not ready, repolling fd = 8
Socket not ready, repolling fd = 8
Socket not ready, repolling fd = 8
Socket not ready, repolling fd = 8
Socket not ready, repolling fd = 8
Socket not ready, repolling fd = 8
Socket not ready, repolling fd = 7
Socket not ready, repolling fd = 7
Socket not ready, repolling fd = 7
Socket not ready, repolling fd = 7
Socket not ready, repolling fd = 7
Socket not ready, repolling fd = 7
Socket not ready, repolling fd = 7
Socket not ready, repolling fd = 7
Socket not ready, repolling fd = 7
Socket not ready, repolling fd = 7
Socket not ready, repolling fd = 7
Socket not ready, repolling fd = 7
Socket not ready, repolling fd = 7
Socket not ready, repolling fd = 7
Socket not ready, repolling fd = 7
Socket not ready, repolling fd = 7
Socket not ready, repolling fd = 7
Socket not ready, repolling fd = 7
Socket not ready, repolling fd = 7
Socket not ready, repolling fd = 7
Socket not ready, repolling fd = 7
Socket not ready, repolling fd = 7
Socket not ready, repolling fd = 7
Socket not ready, repolling fd = 7
Socket not ready, repolling fd = 7
Socket not ready, repolling fd = 7
Socket not ready, repolling fd = 7
Socket not ready, repolling fd = 7
Socket not ready, repolling fd = 7
Socket not ready, repolling fd = 7
Socket not ready, repolling fd = 7
Socket not ready, repolling fd = 7
Socket not ready, repolling fd = 7
Socket not ready, repolling fd = 7
Socket not ready, repolling fd = 7
Socket not ready, repolling fd = 7
Socket not ready, repolling fd = 7
Socket not ready, repolling fd = 7
Socket not ready, repolling fd = 7
Socket not ready, repolling fd = 7
Socket not ready, repolling fd = 7
Socket not ready, repolling fd = 7
Socket not ready, repolling fd = 7
Socket not ready, repolling fd = 7
Socket not ready, repolling fd = 7
Socket not ready, repolling fd = 7
Socket not ready, repolling fd = 7
Socket not ready, repolling fd = 7
Socket not ready, repolling fd = 7
Socket not ready, repolling fd = 7
Socket not ready, repolling fd = 7
Socket not ready, repolling fd = 7
Socket not ready, repolling fd = 7
Socket not ready, repolling fd = 7
Socket not ready, repolling fd = 7
Socket not ready, repolling fd = 7
Socket not ready, repolling fd = 7
Socket not ready, repolling fd = 7
Socket not ready, repolling fd = 7
Socket not ready, repolling fd = 7
Socket not ready, repolling fd = 7
Socket not ready, repolling fd = 7
Socket not ready, repolling fd = 7
Socket not ready, repolling fd = 7
Socket not ready, repolling fd = 7
Socket not ready, repolling fd = 7
Socket not ready, repolling fd = 7
Socket not ready, repolling fd = 7
Socket not ready, repolling fd = 7
Socket not ready, repolling fd = 7
Socket not ready, repolling fd = 7
Socket not ready, repolling fd = 7
Socket not ready, repolling fd = 7
Socket not ready, repolling fd = 7
Socket not ready, repolling fd = 7
Socket not ready, repolling fd = 7
Socket not ready, repolling fd = 7
Socket not ready, repolling fd = 7
Socket not ready, repolling fd = 7
Socket not ready, repolling fd = 7
Socket not ready, repolling fd = 7
Socket not ready, repolling fd = 7
Socket not ready, repolling fd = 7
Socket not ready, repolling fd = 7
Socket not ready, repolling fd = 7
Socket not ready, repolling fd = 7
Socket not ready, repolling fd = 7
Socket not ready, repolling fd = 7
Socket not ready, repolling fd = 7
Socket not ready, repolling fd = 7
Socket not ready, repolling fd = 7
Socket not ready, repolling fd = 7
Socket not ready, repolling fd = 7
Socket not ready, repolling fd = 7
Socket not ready, repolling fd = 7
Socket not ready, repolling fd = 7
Socket not ready, repolling fd = 7
Socket not ready, repolling fd = 7
Socket not ready, repolling fd = 7
Socket not ready, repolling fd = 7
Socket not ready, repolling fd = 7
Socket not ready, repolling fd = 7
Socket not ready, repolling fd = 7
Socket not ready, repolling fd = 7
Socket not ready, repolling fd = 7
Socket not ready, repolling fd = 7
Socket not ready, repolling fd = 7
Socket not ready, repolling fd = 7
Socket not ready, repolling fd = 7
Socket not ready, repolling fd = 7
Socket not ready, repolling fd = 7
Socket not ready, repolling fd = 7
Socket not ready, repolling fd = 7
Socket not ready, repolling fd = 7
Socket not ready, repolling fd = 7
Socket not ready, repolling fd = 7
Socket not ready, repolling fd = 7
Socket not ready, repolling fd = 7
Socket not ready, repolling fd = 7
Socket not ready, repolling fd = 7
Socket not ready, repolling fd = 7
Socket not ready, repolling fd = 7
Socket not ready, repolling fd = 7
Socket not ready, repolling fd = 7
Socket not ready, repolling fd = 7
Socket not ready, repolling fd = 7
Socket not ready, repolling fd = 7
Socket not ready, repolling fd = 7
Socket not ready, repolling fd = 7
Socket not ready, repolling fd = 7
Socket not ready, repolling fd = 7
Socket not ready, repolling fd = 7
Socket not ready, repolling fd = 7
Socket not ready, repolling fd = 7
Socket not ready, repolling fd = 7
Socket not ready, repolling fd = 7
Socket not ready, repolling fd = 7
Socket not ready, repolling fd = 7
Socket not ready, repolling fd = 7
Socket not ready, repolling fd = 7
Socket not ready, repolling fd = 7
Socket not ready, repolling fd = 7
Socket not ready, repolling fd = 7
Socket not ready, repolling fd = 7
Socket not ready, repolling fd = 7
Socket not ready, repolling fd = 7
Socket not ready, repolling fd = 7
Socket not ready, repolling fd = 7
Socket not ready, repolling fd = 7
Socket not ready, repolling fd = 7
Socket not ready, repolling fd = 7
Socket not ready, repolling fd = 7
Socket not ready, repolling fd = 7
Socket not ready, repolling fd = 7
Socket not ready, repolling fd = 7
Socket not ready, repolling fd = 7
Socket not ready, repolling fd = 7
Socket not ready, repolling fd = 7
Socket not ready, repolling fd = 7
Socket not ready, repolling fd = 7
Socket not ready, repolling fd = 7
Socket not ready, repolling fd = 7
Socket not ready, repolling fd = 7
Socket not ready, repolling fd = 7
Socket not ready, repolling fd = 7
Socket not ready, repolling fd = 7
Socket not ready, repolling fd = 7
Socket not ready, repolling fd = 7
Socket not ready, repolling fd = 7
Socket not ready, repolling fd = 7
Socket not ready, repolling fd = 7
Socket not ready, repolling fd = 7
Socket not ready, repolling fd = 7
Socket not ready, repolling fd = 7
Socket not ready, repolling fd = 7
Socket not ready, repolling fd = 7
Socket not ready, repolling fd = 7
Socket not ready, repolling fd = 7
Socket not ready, repolling fd = 7
Socket not ready, repolling fd = 7
Socket not ready, repolling fd = 7
Socket not ready, repolling fd = 7
Socket not ready, repolling fd = 7
Socket not ready, repolling fd = 7
Socket not ready, repolling fd = 7
Socket not ready, repolling fd = 7
Socket not ready, repolling fd = 7
Socket not ready, repolling fd = 7
Socket not ready, repolling fd = 7
Socket not ready, repolling fd = 7
Socket not ready, repolling fd = 7
Socket not ready, repolling fd = 7
Socket not ready, repolling fd = 7
Socket not ready, repolling fd = 7
Socket not ready, repolling fd = 7
Socket not ready, repolling fd = 7
Socket not ready, repolling fd = 7
Socket not ready, repolling fd = 7
Socket not ready, repolling fd = 7
Socket not ready, repolling fd = 7
Socket not ready, repolling fd = 7
Socket not ready, repolling fd = 7
Socket not ready, repolling fd = 7
Socket not ready, repolling fd = 7
Socket not ready, repolling fd = 7
Socket not ready, repolling fd = 7
Socket not ready, repolling fd = 7
Socket not ready, repolling fd = 7
Socket not ready, repolling fd = 7
Socket not ready, repolling fd = 7
Socket not ready, repolling fd = 7
Socket not ready, repolling fd = 7
Socket not ready, repolling fd = 7
Socket not ready, repolling fd = 7
Socket not ready, repolling fd = 7
Socket not ready, repolling fd = 7
Socket not ready, repolling fd = 7
Socket not ready, repolling fd = 7
Socket not ready, repolling fd = 7
Socket not ready, repolling fd = 7
Socket not ready, repolling fd = 7
Socket not ready, repolling fd = 7
Socket not ready, repolling fd = 7
Socket not ready, repolling fd = 7
Socket not ready, repolling fd = 7
Socket not ready, repolling fd = 7
Socket not ready, repolling fd = 7
Socket not ready, repolling fd = 7
Socket not ready, repolling fd = 7
Socket not ready, repolling fd = 7
Socket not ready, repolling fd = 7
Socket not ready, repolling fd = 7
Socket not ready, repolling fd = 7
Socket not ready, repolling fd = 7
Socket not ready, repolling fd = 7
Socket not ready, repolling fd = 7
Socket not ready, repolling fd = 7
Socket not ready, repolling fd = 7
Socket not ready, repolling fd = 7
Socket not ready, repolling fd = 7
Socket not ready, repolling fd = 7
Socket not ready, repolling fd = 7
Socket not ready, repolling fd = 7
Socket not ready, repolling fd = 7
Socket not ready, repolling fd = 7
Socket not ready, repolling fd = 7
Socket not ready, repolling fd = 7
Socket not ready, repolling fd = 7
Socket not ready, repolling fd = 7
Socket not ready, repolling fd = 7
Socket not ready, repolling fd = 7
Socket not ready, repolling fd = 7
Socket not ready, repolling fd = 7
Socket not ready, repolling fd = 7
Socket not ready, repolling fd = 7
Socket not ready, repolling fd = 7
Socket not ready, repolling fd = 7
Socket not ready, repolling fd = 7
Socket not ready, repolling fd = 7
Socket not ready, repolling fd = 7
Socket not ready, repolling fd = 7
Socket not ready, repolling fd = 7
Socket not ready, repolling fd = 7
Socket not ready, repolling fd = 7
Socket not ready, repolling fd = 8
Socket not ready, repolling fd = 8
Socket not ready, repolling fd = 8
Socket not ready, repolling fd = 8
Socket not ready, repolling fd = 8
Socket not ready, repolling fd = 8
Socket not ready, repolling fd = 8
Socket not ready, repolling fd = 8
Socket not ready, repolling fd = 8
Socket not ready, repolling fd = 8
Socket not ready, repolling fd = 8
Socket not ready, repolling fd = 8
Socket not ready, repolling fd = 8
Socket not ready, repolling fd = 8
Socket not ready, repolling fd = 8
Socket not ready, repolling fd = 8
Socket not ready, repolling fd = 8
Socket not ready, repolling fd = 8
Socket not ready, repolling fd = 8
Socket not ready, repolling fd = 8
Socket not ready, repolling fd = 8
Socket not ready, repolling fd = 8
Socket not ready, repolling fd = 8
Socket not ready, repolling fd = 8
Socket not ready, repolling fd = 8
Socket not ready, repolling fd = 8
Socket not ready, repolling fd = 8
Socket not ready, repolling fd = 8
Socket not ready, repolling fd = 8
Socket not ready, repolling fd = 8
Socket not ready, repolling fd = 8
Socket not ready, repolling fd = 8
Socket not ready, repolling fd = 8
Socket not ready, repolling fd = 8
Socket not ready, repolling fd = 8
Socket not ready, repolling fd = 8
Socket not ready, repolling fd = 8
Socket not ready, repolling fd = 8
Socket not ready, repolling fd = 8
Socket not ready, repolling fd = 8
Socket not ready, repolling fd = 8
Socket not ready, repolling fd = 8
Socket not ready, repolling fd = 8
Socket not ready, repolling fd = 8
Socket not ready, repolling fd = 8
Socket not ready, repolling fd = 8
Socket not ready, repolling fd = 8
Socket not ready, repolling fd = 8
Socket not ready, repolling fd = 8
Socket not ready, repolling fd = 8
Socket not ready, repolling fd = 8
Socket not ready, repolling fd = 8
Socket not ready, repolling fd = 8
Socket not ready, repolling fd = 8
Socket not ready, repolling fd = 8
Socket not ready, repolling fd = 8
Socket not ready, repolling fd = 8
Socket not ready, repolling fd = 8
Socket not ready, repolling fd = 8
Socket not ready, repolling fd = 8
Socket not ready, repolling fd = 8
Socket not ready, repolling fd = 8
Socket not ready, repolling fd = 8
Socket not ready, repolling fd = 8
Socket not ready, repolling fd = 8
Socket not ready, repolling fd = 8
Socket not ready, repolling fd = 8
Socket not ready, repolling fd = 8
Socket not ready, repolling fd = 8
Socket not ready, repolling fd = 8
Socket not ready, repolling fd = 8
Socket not ready, repolling fd = 8
Socket not ready, repolling fd = 8
Socket not ready, repolling fd = 8
Socket not ready, repolling fd = 8
Socket not ready, repolling fd = 8
Socket not ready, repolling fd = 8
Socket not ready, repolling fd = 8
Socket not ready, repolling fd = 8
Socket not ready, repolling fd = 8
Socket not ready, repolling fd = 8
Socket not ready, repolling fd = 8
Socket not ready, repolling fd = 8
Socket not ready, repolling fd = 8
Socket not ready, repolling fd = 8
Socket not ready, repolling fd = 8
Socket not ready, repolling fd = 8
Socket not ready, repolling fd = 8
Socket not ready, repolling fd = 8
Socket not ready, repolling fd = 8
Socket not ready, repolling fd = 8
Socket not ready, repolling fd = 8
Socket not ready, repolling fd = 8
Socket not ready, repolling fd = 8
Socket not ready, repolling fd = 8
Socket not ready, repolling fd = 8
Socket not ready, repolling fd = 8
Socket not ready, repolling fd = 8
Socket not ready, repolling fd = 8
Socket not ready, repolling fd = 8
Socket not ready, repolling fd = 8
Socket not ready, repolling fd = 8
Socket not ready, repolling fd = 8
Socket not ready, repolling fd = 8
Socket not ready, repolling fd = 8
Socket not ready, repolling fd = 8
Socket not ready, repolling fd = 8
Socket not ready, repolling fd = 8
Socket not ready, repolling fd = 8
Socket not ready, repolling fd = 8
Socket not ready, repolling fd = 8
Socket not ready, repolling fd = 8
Socket not ready, repolling fd = 8
Socket not ready, repolling fd = 8
Socket not ready, repolling fd = 8
Socket not ready, repolling fd = 8
Socket not ready, repolling fd = 8
Socket not ready, repolling fd = 8
Socket not ready, repolling fd = 8
Socket not ready, repolling fd = 8
Socket not ready, repolling fd = 8
Socket not ready, repolling fd = 8
Socket not ready, repolling fd = 8
Socket not ready, repolling fd = 8
Socket not ready, repolling fd = 8
Socket not ready, repolling fd = 8
Socket not ready, repolling fd = 8
Socket not ready, repolling fd = 8
Socket not ready, repolling fd = 8
Socket not ready, repolling fd = 8
Socket not ready, repolling fd = 8
Socket not ready, repolling fd = 8
Socket not ready, repolling fd = 8
Socket not ready, repolling fd = 8
Socket not ready, repolling fd = 8
Socket not ready, repolling fd = 8
Socket not ready, repolling fd = 8
Socket not ready, repolling fd = 8
Socket not ready, repolling fd = 8
Socket not ready, repolling fd = 8
Socket not ready, repolling fd = 8
Socket not ready, repolling fd = 8
Socket not ready, repolling fd = 8
Socket not ready, repolling fd = 8
Socket not ready, repolling fd = 8
Socket not ready, repolling fd = 8
Socket not ready, repolling fd = 8
Socket not ready, repolling fd = 8
Socket not ready, repolling fd = 8
Socket not ready, repolling fd = 8
Socket not ready, repolling fd = 8
Socket not ready, repolling fd = 8
Socket not ready, repolling fd = 8
Socket not ready, repolling fd = 8
Socket not ready, repolling fd = 8
Socket not ready, repolling fd = 8
Socket not ready, repolling fd = 8
Socket not ready, repolling fd = 8
Socket not ready, repolling fd = 8
Socket not ready, repolling fd = 8
Socket not ready, repolling fd = 8
Socket not ready, repolling fd = 8
Socket not ready, repolling fd = 8
Socket not ready, repolling fd = 8
Socket not ready, repolling fd = 8
Socket not ready, repolling fd = 8
Socket not ready, repolling fd = 8
Socket not ready, repolling fd = 8
Socket not ready, repolling fd = 8
Socket not ready, repolling fd = 8
Socket not ready, repolling fd = 8
Socket not ready, repolling fd = 8
Socket not ready, repolling fd = 8
Socket not ready, repolling fd = 8
Socket not ready, repolling fd = 8
Socket not ready, repolling fd = 8
Socket not ready, repolling fd = 8
Socket not ready, repolling fd = 8
Socket not ready, repolling fd = 8
Socket not ready, repolling fd = 8
Socket not ready, repolling fd = 8
Socket not ready, repolling fd = 8
Socket not ready, repolling fd = 8
Socket not ready, repolling fd = 8
Socket not ready, repolling fd = 8
Socket not ready, repolling fd = 8
Socket not ready, repolling fd = 8
Socket not ready, repolling fd = 8
Socket not ready, repolling fd = 8
Socket not ready, repolling fd = 8
Socket not ready, repolling fd = 8
Socket not ready, repolling fd = 8
Socket not ready, repolling fd = 8
Socket not ready, repolling fd = 8
Socket not ready, repolling fd = 8
Socket not ready, repolling fd = 8
Socket not ready, repolling fd = 8
Socket not ready, repolling fd = 8
Socket not ready, repolling fd = 8
Socket not ready, repolling fd = 8
Socket not ready, repolling fd = 8
Socket not ready, repolling fd = 8
Socket not ready, repolling fd = 8
Socket not ready, repolling fd = 8
Socket not ready, repolling fd = 8
Socket not ready, repolling fd = 8
Socket not ready, repolling fd = 8
Socket not ready, repolling fd = 8
Socket not ready, repolling fd = 8
Socket not ready, repolling fd = 8
Socket not ready, repolling fd = 8
Socket not ready, repolling fd = 8
Socket not ready, repolling fd = 8
Socket not ready, repolling fd = 8
Socket not ready, repolling fd = 8
Socket not ready, repolling fd = 8
Socket not ready, repolling fd = 8
Socket not ready, repolling fd = 8
Socket not ready, repolling fd = 8
Socket not ready, repolling fd = 8
Socket not ready, repolling fd = 8
Socket not ready, repolling fd = 8
Socket not ready, repolling fd = 8
Socket not ready, repolling fd = 8
Socket not ready, repolling fd = 8
Socket not ready, repolling fd = 8
Socket not ready, repolling fd = 8
Socket not ready, repolling fd = 8
Socket not ready, repolling fd = 8
Socket not ready, repolling fd = 8
Socket not ready, repolling fd = 8
Socket not ready, repolling fd = 8
Socket not ready, repolling fd = 8
Socket not ready, repolling fd = 8
Socket not ready, repolling fd = 8
Socket not ready, repolling fd = 8
Socket not ready, repolling fd = 8
Socket not ready, repolling fd = 8
Socket not ready, repolling fd = 8
Socket not ready, repolling fd = 8
Socket not ready, repolling fd = 8
Socket not ready, repolling fd = 8
Socket not ready, repolling fd = 8
Socket not ready, repolling fd = 8
Socket not ready, repolling fd = 8
Socket not ready, repolling fd = 8
Socket not ready, repolling fd = 8
Socket not ready, repolling fd = 8
Socket not ready, repolling fd = 8
Socket not ready, repolling fd = 8
Socket not ready, repolling fd = 8
Socket not ready, repolling fd = 8
Socket not ready, repolling fd = 8
Socket not ready, repolling fd = 8
Socket not ready, repolling fd = 8
Socket not ready, repolling fd = 8
Socket not ready, repolling fd = 8
Socket not ready, repolling fd = 8
Socket not ready, repolling fd = 8
Socket not ready, repolling fd = 8
Socket not ready, repolling fd = 8
Socket not ready, repolling fd = 8
Socket not ready, repolling fd = 8
Socket not ready, repolling fd = 8
Socket not ready, repolling fd = 8
Socket not ready, repolling fd = 8
Socket not ready, repolling fd = 8
Socket not ready, repolling fd = 8
Socket not ready, repolling fd = 8
Socket not ready, repolling fd = 8
Socket not ready, repolling fd = 8
Socket not ready, repolling fd = 8
Socket not ready, repolling fd = 8
Socket not ready, repolling fd = 8
Socket not ready, repolling fd = 8
Socket not ready, repolling fd = 8
Socket not ready, repolling fd = 8
Socket not ready, repolling fd = 8
Socket not ready, repolling fd = 8
Socket not ready, repolling fd = 8
Socket not ready, repolling fd = 8
Socket not ready, repolling fd = 8
Socket not ready, repolling fd = 8
Socket not ready, repolling fd = 8
Socket not ready, repolling fd = 8
Socket not ready, repolling fd = 8
Socket not ready, repolling fd = 8
Socket not ready, repolling fd = 8
Socket not ready, repolling fd = 8
Socket not ready, repolling fd = 8
Socket not ready, repolling fd = 8
Socket not ready, repolling fd = 8
Socket not ready, repolling fd = 8
Socket not ready, repolling fd = 8
Socket not ready, repolling fd = 8
Socket not ready, repolling fd = 8
Socket not ready, repolling fd = 8
Socket not ready, repolling fd = 8
Socket not ready, repolling fd = 8
Socket not ready, repolling fd = 8
Socket not ready, repolling fd = 8
Socket not ready, repolling fd = 8
Socket not ready, repolling fd = 8
Socket not ready, repolling fd = 8
Socket not ready, repolling fd = 8
Socket not ready, repolling fd = 8
Socket not ready, repolling fd = 8
Socket not ready, repolling fd = 8
Socket not ready, repolling fd = 8
Socket not ready, repolling fd = 8
Socket not ready, repolling fd = 8
Socket not ready, repolling fd = 8
Socket not ready, repolling fd = 8
Socket not ready, repolling fd = 8
Socket not ready, repolling fd = 8
Socket not ready, repolling fd = 8
Socket not ready, repolling fd = 8
Socket not ready, repolling fd = 8
Socket not ready, repolling fd = 8
Socket not ready, repolling fd = 8
Socket not ready, repolling fd = 8
Socket not ready, repolling fd = 8
Socket not ready, repolling fd = 8
Socket not ready, repolling fd = 8
Socket not ready, repolling fd = 8
Socket not ready, repolling fd = 8
Socket not ready, repolling fd = 8
Socket not ready, repolling fd = 8
Socket not ready, repolling fd = 8
Socket not ready, repolling fd = 8
Socket not ready, repolling fd = 8
Socket not ready, repolling fd = 8
Socket not ready, repolling fd = 8
Socket not ready, repolling fd = 8
Socket not ready, repolling fd = 8
Socket not ready, repolling fd = 8
Socket not ready, repolling fd = 8
Socket not ready, repolling fd = 8
Socket not ready, repolling fd = 8
Socket not ready, repolling fd = 8
Socket not ready, repolling fd = 8
Socket not ready, repolling fd = 8
Socket not ready, repolling fd = 8
Socket not ready, repolling fd = 8
Socket not ready, repolling fd = 8
Socket not ready, repolling fd = 8
Socket not ready, repolling fd = 8
Socket not ready, repolling fd = 8
Socket not ready, repolling fd = 8
Socket not ready, repolling fd = 8
Socket not ready, repolling fd = 8
Socket not ready, repolling fd = 8
Socket not ready, repolling fd = 8
Socket not ready, repolling fd = 8
Socket not ready, repolling fd = 8
Socket not ready, repolling fd = 8
Socket not ready, repolling fd = 8
Socket not ready, repolling fd = 8
Socket not ready, repolling fd = 8
Socket not ready, repolling fd = 8
Socket not ready, repolling fd = 8
Socket not ready, repolling fd = 8
Socket not ready, repolling fd = 8
Socket not ready, repolling fd = 8
Socket not ready, repolling fd = 8
Socket not ready, repolling fd = 8
Socket not ready, repolling fd = 8
Socket not ready, repolling fd = 8
Socket not ready, repolling fd = 8
Socket not ready, repolling fd = 8
Socket not ready, repolling fd = 8
Socket not ready, repolling fd = 8
Socket not ready, repolling fd = 8
Socket not ready, repolling fd = 8
Socket not ready, repolling fd = 8
Socket not ready, repolling fd = 8
Socket not ready, repolling fd = 8
Socket not ready, repolling fd = 8
Socket not ready, repolling fd = 8
Socket not ready, repolling fd = 8
Socket not ready, repolling fd = 8
Socket not ready, repolling fd = 8
Socket not ready, repolling fd = 8
Socket not ready, repolling fd = 8
Socket not ready, repolling fd = 8
Socket not ready, repolling fd = 8
Socket not ready, repolling fd = 8
Socket not ready, repolling fd = 8
Socket not ready, repolling fd = 8
Socket not ready, repolling fd = 8
Socket not ready, repolling fd = 8
Socket not ready, repolling fd = 8
Socket not ready, repolling fd = 8
Socket not ready, repolling fd = 8
Socket not ready, repolling fd = 8
Socket not ready, repolling fd = 8
Socket not ready, repolling fd = 8
Socket not ready, repolling fd = 8
Socket not ready, repolling fd = 8
Socket not ready, repolling fd = 8
Socket not ready, repolling fd = 8
Socket not ready, repolling fd = 8
Socket not ready, repolling fd = 8
Socket not ready, repolling fd = 8
Socket not ready, repolling fd = 8
Socket not ready, repolling fd = 8
Socket not ready, repolling fd = 8
Socket not ready, repolling fd = 8
Socket not ready, repolling fd = 8
Socket not ready, repolling fd = 8
Socket not ready, repolling fd = 8
Socket not ready, repolling fd = 8
Socket not ready, repolling fd = 8
Socket not ready, repolling fd = 8
Socket not ready, repolling fd = 8
Socket not ready, repolling fd = 8
Socket not ready, repolling fd = 8
Socket not ready, repolling fd = 8
Socket not ready, repolling fd = 8
Socket not ready, repolling fd = 8
Socket not ready, repolling fd = 8
Socket not ready, repolling fd = 8
Socket not ready, repolling fd = 8
Socket not ready, repolling fd = 8
Socket not ready, repolling fd = 8
Socket not ready, repolling fd = 8
Socket not ready, repolling fd = 8
Socket not ready, repolling fd = 8
Socket not ready, repolling fd = 8
Socket not ready, repolling fd = 8
Socket not ready, repolling fd = 8
Socket not ready, repolling fd = 8
Socket not ready, repolling fd = 8
Socket not ready, repolling fd = 8
Socket not ready, repolling fd = 8
Socket not ready, repolling fd = 8
Socket not ready, repolling fd = 8
Socket not ready, repolling fd = 8
Socket not ready, repolling fd = 8
Socket not ready, repolling fd = 8
Socket not ready, repolling fd = 8
Socket not ready, repolling fd = 8
Socket not ready, repolling fd = 8
Socket not ready, repolling fd = 8
Socket not ready, repolling fd = 8
Socket not ready, repolling fd = 8
Socket not ready, repolling fd = 8
Socket not ready, repolling fd = 8
Socket not ready, repolling fd = 8
Socket not ready, repolling fd = 8
Socket not ready, repolling fd = 8
Socket not ready, repolling fd = 8
Socket not ready, repolling fd = 8
Socket not ready, repolling fd = 8
Socket not ready, repolling fd = 8
Socket not ready, repolling fd = 8
Socket not ready, repolling fd = 8
Socket not ready, repolling fd = 8
Socket not ready, repolling fd = 8
Socket not ready, repolling fd = 8
Socket not ready, repolling fd = 8
Socket not ready, repolling fd = 8
Socket not ready, repolling fd = 8
Socket not ready, repolling fd = 8
Socket not ready, repolling fd = 8
Socket not ready, repolling fd = 8
Socket not ready, repolling fd = 8
Socket not ready, repolling fd = 8
Socket not ready, repolling fd = 8
Socket not ready, repolling fd = 8
Socket not ready, repolling fd = 8
Socket not ready, repolling fd = 8
Socket not ready, repolling fd = 8
Socket not ready, repolling fd = 8
Socket not ready, repolling fd = 8
Socket not ready, repolling fd = 8
Socket not ready, repolling fd = 8
Socket not ready, repolling fd = 8
Socket not ready, repolling fd = 8
Socket not ready, repolling fd = 8
Socket not ready, repolling fd = 8
Socket not ready, repolling fd = 8
Socket not ready, repolling fd = 8
Socket not ready, repolling fd = 8
Socket not ready, repolling fd = 8
Socket not ready, repolling fd = 8
Socket not ready, repolling fd = 8
Socket not ready, repolling fd = 8
Socket not ready, repolling fd = 8
Socket not ready, repolling fd = 8
Socket not ready, repolling fd = 8
Socket not ready, repolling fd = 8
Socket not ready, repolling fd = 8
Socket not ready, repolling fd = 8
Socket not ready, repolling fd = 8
Socket not ready, repolling fd = 8
Socket not ready, repolling fd = 8
Socket not ready, repolling fd = 8
Socket not ready, repolling fd = 8
Socket not ready, repolling fd = 8
Socket not ready, repolling fd = 8
Socket not ready, repolling fd = 8
Socket not ready, repolling fd = 8
Socket not ready, repolling fd = 8
Socket not ready, repolling fd = 8
Socket not ready, repolling fd = 8
Socket not ready, repolling fd = 8
Socket not ready, repolling fd = 8
Socket not ready, repolling fd = 8
Socket not ready, repolling fd = 8
Socket not ready, repolling fd = 8
Socket not ready, repolling fd = 8
Socket not ready, repolling fd = 8
Socket not ready, repolling fd = 8
Socket not ready, repolling fd = 8
Socket not ready, repolling fd = 8
Socket not ready, repolling fd = 8
Socket not ready, repolling fd = 8
Socket not ready, repolling fd = 8
Socket not ready, repolling fd = 8
Socket not ready, repolling fd = 8
Socket not ready, repolling fd = 8
Socket not ready, repolling fd = 8
Socket not ready, repolling fd = 8
Socket not ready, repolling fd = 8
Socket not ready, repolling fd = 8
Socket not ready, repolling fd = 8
Socket not ready, repolling fd = 8
Socket not ready, repolling fd = 8
Socket not ready, repolling fd = 8
Socket not ready, repolling fd = 8
Socket not ready, repolling fd = 8
Socket not ready, repolling fd = 8
Socket not ready, repolling fd = 8
Socket not ready, repolling fd = 8
Socket not ready, repolling fd = 8
Socket not ready, repolling fd = 8
Socket not ready, repolling fd = 8
Socket not ready, repolling fd = 8
Socket not ready, repolling fd = 8
Socket not ready, repolling fd = 8
Socket not ready, repolling fd = 8
Socket not ready, repolling fd = 8
Socket not ready, repolling fd = 8
Socket not ready, repolling fd = 8
Socket not ready, repolling fd = 8
Socket not ready, repolling fd = 8
Socket not ready, repolling fd = 8
Socket not ready, repolling fd = 8
Socket not ready, repolling fd = 8
Socket not ready, repolling fd = 8
Socket not ready, repolling fd = 8
Socket not ready, repolling fd = 8
Socket not ready, repolling fd = 8
Socket not ready, repolling fd = 8
Socket not ready, repolling fd = 8
Socket not ready, repolling fd = 8
Socket not ready, repolling fd = 8
Socket not ready, repolling fd = 8
Socket not ready, repolling fd = 8
Socket not ready, repolling fd = 8
Socket not ready, repolling fd = 8
Socket not ready, repolling fd = 8
Socket not ready, repolling fd = 8
Socket not ready, repolling fd = 8
Socket not ready, repolling fd = 8
Socket not ready, repolling fd = 8
Socket not ready, repolling fd = 8
Socket not ready, repolling fd = 8
Socket not ready, repolling fd = 8
Socket not ready, repolling fd = 8
Socket not ready, repolling fd = 8
Socket not ready, repolling fd = 8
Socket not ready, repolling fd = 8
Socket not ready, repolling fd = 8
Socket not ready, repolling fd = 8
Socket not ready, repolling fd = 8
Socket not ready, repolling fd = 8
Socket not ready, repolling fd = 8
Socket not ready, repolling fd = 8
Socket not ready, repolling fd = 8
Socket not ready, repolling fd = 8
Socket not ready, repolling fd = 8
Socket not ready, repolling fd = 8
Socket not ready, repolling fd = 8
Socket not ready, repolling fd = 8
Socket not ready, repolling fd = 8
Socket not ready, repolling fd = 8
Socket not ready, repolling fd = 8
Socket not ready, repolling fd = 8
Socket not ready, repolling fd = 8
Socket not ready, repolling fd = 8
Socket not ready, repolling fd = 8
Socket not ready, repolling fd = 8
Socket not ready, repolling fd = 8
Socket not ready, repolling fd = 8
Socket not ready, repolling fd = 8
Socket not ready, repolling fd = 8
Socket not ready, repolling fd = 8
Socket not ready, repolling fd = 8
Socket not ready, repolling fd = 8
Socket not ready, repolling fd = 8
Socket not ready, repolling fd = 8
Socket not ready, repolling fd = 8
Socket not ready, repolling fd = 8
Socket not ready, repolling fd = 8
Socket not ready, repolling fd = 8
Socket not ready, repolling fd = 8
Socket not ready, repolling fd = 8
Socket not ready, repolling fd = 8
Socket not ready, repolling fd = 8
Socket not ready, repolling fd = 8
Socket not ready, repolling fd = 8
Socket not ready, repolling fd = 8
Socket not ready, repolling fd = 8
Socket not ready, repolling fd = 8
Socket not ready, repolling fd = 8
Socket not ready, repolling fd = 8
Socket not ready, repolling fd = 8
Socket not ready, repolling fd = 8
Socket not ready, repolling fd = 8
Socket not ready, repolling fd = 8
Socket not ready, repolling fd = 8
Socket not ready, repolling fd = 8
Socket not ready, repolling fd = 8
Socket not ready, repolling fd = 8
Socket not ready, repolling fd = 8
Socket not ready, repolling fd = 8
Socket not ready, repolling fd = 8
Socket not ready, repolling fd = 8
Socket not ready, repolling fd = 8
Socket not ready, repolling fd = 8
Socket not ready, repolling fd = 8
Socket not ready, repolling fd = 8
Socket not ready, repolling fd = 8
Socket not ready, repolling fd = 8
Socket not ready, repolling fd = 8
Socket not ready, repolling fd = 8
Socket not ready, repolling fd = 8
Socket not ready, repolling fd = 8
Socket not ready, repolling fd = 8
Socket not ready, repolling fd = 8
Socket not ready, repolling fd = 8
Socket not ready, repolling fd = 8
Socket not ready, repolling fd = 8
Socket not ready, repolling fd = 8
Socket not ready, repolling fd = 8
Socket not ready, repolling fd = 8
Socket not ready, repolling fd = 8
Socket not ready, repolling fd = 8
Socket not ready, repolling fd = 8
Socket not ready, repolling fd = 8
Socket not ready, repolling fd = 8
Socket not ready, repolling fd = 8
Socket not ready, repolling fd = 8
Socket not ready, repolling fd = 8
Socket not ready, repolling fd = 8
Socket not ready, repolling fd = 8
Socket not ready, repolling fd = 8
Socket not ready, repolling fd = 8
Socket not ready, repolling fd = 8
Socket not ready, repolling fd = 8
Socket not ready, repolling fd = 8
Socket not ready, repolling fd = 8
Socket not ready, repolling fd = 8
Socket not ready, repolling fd = 8
Socket not ready, repolling fd = 8
Socket not ready, repolling fd = 8
Socket not ready, repolling fd = 8
Socket not ready, repolling fd = 8
Socket not ready, repolling fd = 8
Socket not ready, repolling fd = 8
Socket not ready, repolling fd = 8
Socket not ready, repolling fd = 8
Socket not ready, repolling fd = 8
Socket not ready, repolling fd = 8
Socket not ready, repolling fd = 8
Socket not ready, repolling fd = 8
Socket not ready, repolling fd = 8
Socket not ready, repolling fd = 8
Socket not ready, repolling fd = 8
Socket not ready, repolling fd = 8
Socket not ready, repolling fd = 8
Socket not ready, repolling fd = 8
Socket not ready, repolling fd = 8
Socket not ready, repolling fd = 8
Socket not ready, repolling fd = 8
Socket not ready, repolling fd = 8
Socket not ready, repolling fd = 8
Socket not ready, repolling fd = 8
Socket not ready, repolling fd = 8
Socket not ready, repolling fd = 8
Socket not ready, repolling fd = 8
Socket not ready, repolling fd = 8
Socket not ready, repolling fd = 8
Socket not ready, repolling fd = 8
Socket not ready, repolling fd = 8
Socket not ready, repolling fd = 8
Socket not ready, repolling fd = 8
Socket not ready, repolling fd = 8
Socket not ready, repolling fd = 8
Socket not ready, repolling fd = 8
Socket not ready, repolling fd = 8
Socket not ready, repolling fd = 8
Socket not ready, repolling fd = 8
Socket not ready, repolling fd = 8
Socket not ready, repolling fd = 8
Socket not ready, repolling fd = 8
Socket not ready, repolling fd = 8
Socket not ready, repolling fd = 8
Socket not ready, repolling fd = 8
Socket not ready, repolling fd = 8
Socket not ready, repolling fd = 8
Socket not ready, repolling fd = 8
Socket not ready, repolling fd = 8
Socket not ready, repolling fd = 8
Socket not ready, repolling fd = 8
Socket not ready, repolling fd = 8
Socket not ready, repolling fd = 8
Socket not ready, repolling fd = 8
Socket not ready, repolling fd = 8
Socket not ready, repolling fd = 8
Socket not ready, repolling fd = 8
Socket not ready, repolling fd = 8
Socket not ready, repolling fd = 8
Socket not ready, repolling fd = 8
Socket not ready, repolling fd = 8
Socket not ready, repolling fd = 8
Socket not ready, repolling fd = 8
Socket not ready, repolling fd = 8
Socket not ready, repolling fd = 8
Socket not ready, repolling fd = 8
Socket not ready, repolling fd = 8
Socket not ready, repolling fd = 8
Socket not ready, repolling fd = 8
Socket not ready, repolling fd = 8
Socket not ready, repolling fd = 8
Socket not ready, repolling fd = 8
Socket not ready, repolling fd = 8
Socket not ready, repolling fd = 8
Socket not ready, repolling fd = 8
Socket not ready, repolling fd = 8
Socket not ready, repolling fd = 8
Socket not ready, repolling fd = 8
Socket not ready, repolling fd = 8
Socket not ready, repolling fd = 8
Socket not ready, repolling fd = 8
Socket not ready, repolling fd = 8
Socket not ready, repolling fd = 8
Socket not ready, repolling fd = 8
Socket not ready, repolling fd = 8
Socket not ready, repolling fd = 8
Socket not ready, repolling fd = 8
Socket not ready, repolling fd = 8
Socket not ready, repolling fd = 8
Socket not ready, repolling fd = 8
Socket not ready, repolling fd = 8
Socket not ready, repolling fd = 8
Socket not ready, repolling fd = 8
Socket not ready, repolling fd = 8
Socket not ready, repolling fd = 8
Socket not ready, repolling fd = 8
Socket not ready, repolling fd = 8
Socket not ready, repolling fd = 8
Socket not ready, repolling fd = 8
Socket not ready, repolling fd = 8
Socket not ready, repolling fd = 8
Socket not ready, repolling fd = 8
Socket not ready, repolling fd = 8
Socket not ready, repolling fd = 8
Socket not ready, repolling fd = 8
Socket not ready, repolling fd = 8
Socket not ready, repolling fd = 8
Socket not ready, repolling fd = 8
Socket not ready, repolling fd = 8
Socket not ready, repolling fd = 8
Socket not ready, repolling fd = 8
Socket not ready, repolling fd = 8
Socket not ready, repolling fd = 8
Socket not ready, repolling fd = 8
Socket not ready, repolling fd = 8
Socket not ready, repolling fd = 8
Socket not ready, repolling fd = 8
Socket not ready, repolling fd = 8
Socket not ready, repolling fd = 8
Socket not ready, repolling fd = 8
Socket not ready, repolling fd = 8
Socket not ready, repolling fd = 8
Socket not ready, repolling fd = 8
Socket not ready, repolling fd = 8
Socket not ready, repolling fd = 8
Socket not ready, repolling fd = 8
Socket not ready, repolling fd = 8
Socket not ready, repolling fd = 8
Socket not ready, repolling fd = 8
Socket not ready, repolling fd = 8
Socket not ready, repolling fd = 8
Socket not ready, repolling fd = 8
Socket not ready, repolling fd = 8
Socket not ready, repolling fd = 8
Socket not ready, repolling fd = 8
Socket not ready, repolling fd = 8
Socket not ready, repolling fd = 8
Socket not ready, repolling fd = 8
Socket not ready, repolling fd = 8
Socket not ready, repolling fd = 8
Socket not ready, repolling fd = 8
Socket not ready, repolling fd = 8
Socket not ready, repolling fd = 8
Socket not ready, repolling fd = 8
Socket not ready, repolling fd = 8
Socket not ready, repolling fd = 8
Socket not ready, repolling fd = 8
Socket not ready, repolling fd = 8
Socket not ready, repolling fd = 8
Socket not ready, repolling fd = 8
Socket not ready, repolling fd = 8
Socket not ready, repolling fd = 8
Socket not ready, repolling fd = 8
Socket not ready, repolling fd = 8
Socket not ready, repolling fd = 8
Socket not ready, repolling fd = 8
Socket not ready, repolling fd = 8
Socket not ready, repolling fd = 8
Socket not ready, repolling fd = 8
Socket not ready, repolling fd = 8
Socket not ready, repolling fd = 8
Socket not ready, repolling fd = 8
Socket not ready, repolling fd = 8
Socket not ready, repolling fd = 8
Socket not ready, repolling fd = 8
Socket not ready, repolling fd = 9
Socket not ready, repolling fd = 9
Socket not ready, repolling fd = 9
Socket not ready, repolling fd = 9
Socket not ready, repolling fd = 9
Socket not ready, repolling fd = 9
Socket not ready, repolling fd = 9
Socket not ready, repolling fd = 9
Socket not ready, repolling fd = 9
Socket not ready, repolling fd = 9
Socket not ready, repolling fd = 9
Socket not ready, repolling fd = 9
Socket not ready, repolling fd = 9
Socket not ready, repolling fd = 9
Socket not ready, repolling fd = 9
Socket not ready, repolling fd = 9
Socket not ready, repolling fd = 9
Socket not ready, repolling fd = 9
Socket not ready, repolling fd = 9
Socket not ready, repolling fd = 9
Socket not ready, repolling fd = 9
Socket not ready, repolling fd = 9
Socket not ready, repolling fd = 9
Socket not ready, repolling fd = 9
Socket not ready, repolling fd = 9
Socket not ready, repolling fd = 9
Socket not ready, repolling fd = 9
Socket not ready, repolling fd = 9
Socket not ready, repolling fd = 9
Socket not ready, repolling fd = 9
Socket not ready, repolling fd = 9
Socket not ready, repolling fd = 9
Socket not ready, repolling fd = 9
Socket not ready, repolling fd = 9
Socket not ready, repolling fd = 9
Socket not ready, repolling fd = 9
Socket not ready, repolling fd = 9
Socket not ready, repolling fd = 9
Socket not ready, repolling fd = 9
Socket not ready, repolling fd = 9
Socket not ready, repolling fd = 9
Socket not ready, repolling fd = 9
Socket not ready, repolling fd = 9
Socket not ready, repolling fd = 9
Socket not ready, repolling fd = 9
Socket not ready, repolling fd = 9
Socket not ready, repolling fd = 9
Socket not ready, repolling fd = 9
Socket not ready, repolling fd = 9
Socket not ready, repolling fd = 9
Socket not ready, repolling fd = 9
Socket not ready, repolling fd = 9
Socket not ready, repolling fd = 9
Socket not ready, repolling fd = 9
Socket not ready, repolling fd = 9
Socket not ready, repolling fd = 9
Socket not ready, repolling fd = 9
Socket not ready, repolling fd = 9
Socket not ready, repolling fd = 9
Socket not ready, repolling fd = 9
Socket not ready, repolling fd = 9
Socket not ready, repolling fd = 9
Socket not ready, repolling fd = 9
Socket not ready, repolling fd = 9
Socket not ready, repolling fd = 9
Socket not ready, repolling fd = 9
Socket not ready, repolling fd = 9
Socket not ready, repolling fd = 9
Socket not ready, repolling fd = 9
Socket not ready, repolling fd = 9
Socket not ready, repolling fd = 9
Socket not ready, repolling fd = 9
Socket not ready, repolling fd = 9
Socket not ready, repolling fd = 9
Socket not ready, repolling fd = 9
Socket not ready, repolling fd = 9
Socket not ready, repolling fd = 9
Socket not ready, repolling fd = 9
Socket not ready, repolling fd = 9
Socket not ready, repolling fd = 9
Socket not ready, repolling fd = 9
Socket not ready, repolling fd = 9
Socket not ready, repolling fd = 9
Socket not ready, repolling fd = 9
Socket not ready, repolling fd = 9
Socket not ready, repolling fd = 9
Socket not ready, repolling fd = 9
Socket not ready, repolling fd = 9
Socket not ready, repolling fd = 9
Socket not ready, repolling fd = 9
Socket not ready, repolling fd = 9
Socket not ready, repolling fd = 9
Socket not ready, repolling fd = 9
Socket not ready, repolling fd = 9
Socket not ready, repolling fd = 9
Socket not ready, repolling fd = 9
Socket not ready, repolling fd = 9
Socket not ready, repolling fd = 9
Socket not ready, repolling fd = 9
Socket not ready, repolling fd = 9
Socket not ready, repolling fd = 9
Socket not ready, repolling fd = 9
Socket not ready, repolling fd = 9
Socket not ready, repolling fd = 9
Socket not ready, repolling fd = 9
Socket not ready, repolling fd = 9
Socket not ready, repolling fd = 9
Socket not ready, repolling fd = 9
Socket not ready, repolling fd = 9
Socket not ready, repolling fd = 9
Socket not ready, repolling fd = 9
Socket not ready, repolling fd = 9
Socket not ready, repolling fd = 9
Socket not ready, repolling fd = 9
Socket not ready, repolling fd = 9
Socket not ready, repolling fd = 9
Socket not ready, repolling fd = 9
Socket not ready, repolling fd = 9
Socket not ready, repolling fd = 9
Socket not ready, repolling fd = 9
Socket not ready, repolling fd = 9
Socket not ready, repolling fd = 9
Socket not ready, repolling fd = 9
Socket not ready, repolling fd = 9
Socket not ready, repolling fd = 9
Socket not ready, repolling fd = 9
Socket not ready, repolling fd = 9
Socket not ready, repolling fd = 9
Socket not ready, repolling fd = 9
Socket not ready, repolling fd = 9
Socket not ready, repolling fd = 9
Socket not ready, repolling fd = 9
Socket not ready, repolling fd = 9
Socket not ready, repolling fd = 9
Socket not ready, repolling fd = 9
Socket not ready, repolling fd = 9
Socket not ready, repolling fd = 9
Socket not ready, repolling fd = 9
Socket not ready, repolling fd = 9
Socket not ready, repolling fd = 9
Socket not ready, repolling fd = 9
Socket not ready, repolling fd = 9
Socket not ready, repolling fd = 9
Socket not ready, repolling fd = 9
Socket not ready, repolling fd = 9
Socket not ready, repolling fd = 9
Socket not ready, repolling fd = 9
Socket not ready, repolling fd = 9
Socket not ready, repolling fd = 9
Socket not ready, repolling fd = 9
Socket not ready, repolling fd = 9
Socket not ready, repolling fd = 9
Socket not ready, repolling fd = 9
Socket not ready, repolling fd = 9
Socket not ready, repolling fd = 9
Socket not ready, repolling fd = 9
Socket not ready, repolling fd = 9
Socket not ready, repolling fd = 9
Socket not ready, repolling fd = 9
Socket not ready, repolling fd = 9
Socket not ready, repolling fd = 9
Socket not ready, repolling fd = 9
Socket not ready, repolling fd = 9
Socket not ready, repolling fd = 9
Socket not ready, repolling fd = 9
Socket not ready, repolling fd = 9
Socket not ready, repolling fd = 9
Socket not ready, repolling fd = 9
Socket not ready, repolling fd = 9
Socket not ready, repolling fd = 9
Socket not ready, repolling fd = 9
Socket not ready, repolling fd = 9
Socket not ready, repolling fd = 9
Socket not ready, repolling fd = 9
Socket not ready, repolling fd = 9
Socket not ready, repolling fd = 9
Socket not ready, repolling fd = 9
Socket not ready, repolling fd = 9
Socket not ready, repolling fd = 9
Socket not ready, repolling fd = 9
Socket not ready, repolling fd = 9
Socket not ready, repolling fd = 9
Socket not ready, repolling fd = 9
Socket not ready, repolling fd = 9
Socket not ready, repolling fd = 9
Socket not ready, repolling fd = 9
Socket not ready, repolling fd = 9
Socket not ready, repolling fd = 9
Socket not ready, repolling fd = 9
Socket not ready, repolling fd = 9
Socket not ready, repolling fd = 9
Socket not ready, repolling fd = 9
Socket not ready, repolling fd = 9
Socket not ready, repolling fd = 9
Socket not ready, repolling fd = 9
Socket not ready, repolling fd = 9
Socket not ready, repolling fd = 9
Socket not ready, repolling fd = 9
Socket not ready, repolling fd = 9
Socket not ready, repolling fd = 9
Socket not ready, repolling fd = 9
Socket not ready, repolling fd = 9
Socket not ready, repolling fd = 9
Socket not ready, repolling fd = 9
Socket not ready, repolling fd = 9
Socket not ready, repolling fd = 9
Socket not ready, repolling fd = 9
Socket not ready, repolling fd = 9
Socket not ready, repolling fd = 9
Socket not ready, repolling fd = 9
Socket not ready, repolling fd = 9
Socket not ready, repolling fd = 9
Socket not ready, repolling fd = 9
Socket not ready, repolling fd = 9
Socket not ready, repolling fd = 9
Socket not ready, repolling fd = 9
Socket not ready, repolling fd = 9
Socket not ready, repolling fd = 9
Socket not ready, repolling fd = 9
Socket not ready, repolling fd = 9
Socket not ready, repolling fd = 9
Socket not ready, repolling fd = 9
Socket not ready, repolling fd = 9
Socket not ready, repolling fd = 9
Socket not ready, repolling fd = 9
Socket not ready, repolling fd = 9
Socket not ready, repolling fd = 9
Socket not ready, repolling fd = 9
Socket not ready, repolling fd = 9
Socket not ready, repolling fd = 9
Socket not ready, repolling fd = 9
Socket not ready, repolling fd = 9
Socket not ready, repolling fd = 9
Socket not ready, repolling fd = 9
Socket not ready, repolling fd = 9
Socket not ready, repolling fd = 9
Socket not ready, repolling fd = 9
Socket not ready, repolling fd = 9
Socket not ready, repolling fd = 9
Socket not ready, repolling fd = 9
Socket not ready, repolling fd = 9
Socket not ready, repolling fd = 9
Socket not ready, repolling fd = 9
Socket not ready, repolling fd = 9
Socket not ready, repolling fd = 9
Socket not ready, repolling fd = 9
Socket not ready, repolling fd = 9
Socket not ready, repolling fd = 9
Socket not ready, repolling fd = 9
Socket not ready, repolling fd = 9
Socket not ready, repolling fd = 9
Socket not ready, repolling fd = 9
Socket not ready, repolling fd = 9
Socket not ready, repolling fd = 9
Socket not ready, repolling fd = 9
Socket not ready, repolling fd = 9
Socket not ready, repolling fd = 9
Socket not ready, repolling fd = 9
Socket not ready, repolling fd = 9
Socket not ready, repolling fd = 9
Socket not ready, repolling fd = 9
Socket not ready, repolling fd = 9
Socket not ready, repolling fd = 9
Socket not ready, repolling fd = 9
Socket not ready, repolling fd = 9
Socket not ready, repolling fd = 9
Socket not ready, repolling fd = 9
Socket not ready, repolling fd = 9
Socket not ready, repolling fd = 9
Socket not ready, repolling fd = 9
Socket not ready, repolling fd = 9
Socket not ready, repolling fd = 9
Socket not ready, repolling fd = 9
Socket not ready, repolling fd = 9
Socket not ready, repolling fd = 9
Socket not ready, repolling fd = 9
Socket not ready, repolling fd = 9
Socket not ready, repolling fd = 9
Socket not ready, repolling fd = 9
Socket not ready, repolling fd = 9
Socket not ready, repolling fd = 9
Socket not ready, repolling fd = 9
Socket not ready, repolling fd = 9
Socket not ready, repolling fd = 9
Socket not ready, repolling fd = 9
Socket not ready, repolling fd = 9
Socket not ready, repolling fd = 9
Socket not ready, repolling fd = 9
Socket not ready, repolling fd = 9
Socket not ready, repolling fd = 9
Socket not ready, repolling fd = 9
Socket not ready, repolling fd = 9
Socket not ready, repolling fd = 9
Socket not ready, repolling fd = 9
Socket not ready, repolling fd = 9
Socket not ready, repolling fd = 9
Socket not ready, repolling fd = 9
Socket not ready, repolling fd = 9
Socket not ready, repolling fd = 9
Socket not ready, repolling fd = 9
Socket not ready, repolling fd = 9
Socket not ready, repolling fd = 9
Socket not ready, repolling fd = 9
Socket not ready, repolling fd = 9
Socket not ready, repolling fd = 9
Socket not ready, repolling fd = 9
Socket not ready, repolling fd = 9
Socket not ready, repolling fd = 9
Socket not ready, repolling fd = 9
Socket not ready, repolling fd = 9
Socket not ready, repolling fd = 9
Socket not ready, repolling fd = 9
Socket not ready, repolling fd = 9
Socket not ready, repolling fd = 9
Socket not ready, repolling fd = 9
Socket not ready, repolling fd = 9
Socket not ready, repolling fd = 9
Socket not ready, repolling fd = 9
Socket not ready, repolling fd = 9
Socket not ready, repolling fd = 9
Socket not ready, repolling fd = 9
Socket not ready, repolling fd = 9
Socket not ready, repolling fd = 9
Socket not ready, repolling fd = 9
Socket not ready, repolling fd = 9
Socket not ready, repolling fd = 9
Socket not ready, repolling fd = 9
Socket not ready, repolling fd = 9
Socket not ready, repolling fd = 9
Socket not ready, repolling fd = 9
Socket not ready, repolling fd = 9
Socket not ready, repolling fd = 9
Socket not ready, repolling fd = 9
Socket not ready, repolling fd = 9
Socket not ready, repolling fd = 9
Socket not ready, repolling fd = 9
Socket not ready, repolling fd = 9
Socket not ready, repolling fd = 9
Socket not ready, repolling fd = 9
Socket not ready, repolling fd = 9
Socket not ready, repolling fd = 9
Socket not ready, repolling fd = 9
Socket not ready, repolling fd = 9
Socket not ready, repolling fd = 9
Socket not ready, repolling fd = 9
Socket not ready, repolling fd = 9
Socket not ready, repolling fd = 9
Socket not ready, repolling fd = 9
Socket not ready, repolling fd = 9
Socket not ready, repolling fd = 9
Socket not ready, repolling fd = 9
Socket not ready, repolling fd = 9
Socket not ready, repolling fd = 9
Socket not ready, repolling fd = 9
Socket not ready, repolling fd = 9
Socket not ready, repolling fd = 9
Socket not ready, repolling fd = 9
Socket not ready, repolling fd = 9
Socket not ready, repolling fd = 9
Socket not ready, repolling fd = 9
Socket not ready, repolling fd = 9
Socket not ready, repolling fd = 9
Socket not ready, repolling fd = 9
Socket not ready, repolling fd = 9
Socket not ready, repolling fd = 9
Socket not ready, repolling fd = 9
Socket not ready, repolling fd = 9
Socket not ready, repolling fd = 9
Socket not ready, repolling fd = 9
Socket not ready, repolling fd = 9
Socket not ready, repolling fd = 9
Socket not ready, repolling fd = 9
Socket not ready, repolling fd = 9
Socket not ready, repolling fd = 9
Socket not ready, repolling fd = 9
Socket not ready, repolling fd = 9
Socket not ready, repolling fd = 9
Socket not ready, repolling fd = 9
Socket not ready, repolling fd = 9
Socket not ready, repolling fd = 9
Socket not ready, repolling fd = 9
Socket not ready, repolling fd = 9
Socket not ready, repolling fd = 9
Socket not ready, repolling fd = 9
Socket not ready, repolling fd = 9
Socket not ready, repolling fd = 9
Socket not ready, repolling fd = 9
Socket not ready, repolling fd = 9
Socket not ready, repolling fd = 9
Socket not ready, repolling fd = 9
Socket not ready, repolling fd = 9
Socket not ready, repolling fd = 9
Socket not ready, repolling fd = 9
Socket not ready, repolling fd = 9
Socket not ready, repolling fd = 9
Socket not ready, repolling fd = 9
Socket not ready, repolling fd = 9
Socket not ready, repolling fd = 9
Socket not ready, repolling fd = 9
Socket not ready, repolling fd = 9
Socket not ready, repolling fd = 9
Socket not ready, repolling fd = 9
Socket not ready, repolling fd = 9
Socket not ready, repolling fd = 9
Socket not ready, repolling fd = 9
Socket not ready, repolling fd = 9
Socket not ready, repolling fd = 9
Socket not ready, repolling fd = 9
Socket not ready, repolling fd = 9
Socket not ready, repolling fd = 9
Socket not ready, repolling fd = 9
Socket not ready, repolling fd = 9
Socket not ready, repolling fd = 9
Socket not ready, repolling fd = 9
Socket not ready, repolling fd = 9
Socket not ready, repolling fd = 9
Socket not ready, repolling fd = 9
Socket not ready, repolling fd = 9
Socket not ready, repolling fd = 9
Socket not ready, repolling fd = 9
Socket not ready, repolling fd = 9
Socket not ready, repolling fd = 9
Socket not ready, repolling fd = 9
Socket not ready, repolling fd = 9
Socket not ready, repolling fd = 9
Socket not ready, repolling fd = 9
Socket not ready, repolling fd = 9
Socket not ready, repolling fd = 9
Socket not ready, repolling fd = 9
Socket not ready, repolling fd = 9
Socket not ready, repolling fd = 9
Socket not ready, repolling fd = 9
Socket not ready, repolling fd = 9
Socket not ready, repolling fd = 9
Socket not ready, repolling fd = 9
Socket not ready, repolling fd = 9
Socket not ready, repolling fd = 9
Socket not ready, repolling fd = 9
Socket not ready, repolling fd = 9
Socket not ready, repolling fd = 9
Socket not ready, repolling fd = 9
Socket not ready, repolling fd = 9
Socket not ready, repolling fd = 9
Socket not ready, repolling fd = 9
Socket not ready, repolling fd = 9
Socket not ready, repolling fd = 9
Socket not ready, repolling fd = 9
Socket not ready, repolling fd = 9
Socket not ready, repolling fd = 9
Socket not ready, repolling fd = 9
Socket not ready, repolling fd = 9
Socket not ready, repolling fd = 9
Socket not ready, repolling fd = 9
Socket not ready, repolling fd = 9
Socket not ready, repolling fd = 9
Socket not ready, repolling fd = 9
Socket not ready, repolling fd = 9
Socket not ready, repolling fd = 9
Socket not ready, repolling fd = 9
Socket not ready, repolling fd = 9
Socket not ready, repolling fd = 9
Socket not ready, repolling fd = 9
Socket not ready, repolling fd = 9
Socket not ready, repolling fd = 9
Socket not ready, repolling fd = 9
Socket not ready, repolling fd = 9
Socket not ready, repolling fd = 9
Socket not ready, repolling fd = 9
Socket not ready, repolling fd = 9
Socket not ready, repolling fd = 9
Socket not ready, repolling fd = 9
Socket not ready, repolling fd = 9
Socket not ready, repolling fd = 9
Socket not ready, repolling fd = 9
Socket not ready, repolling fd = 9
Socket not ready, repolling fd = 9
Socket not ready, repolling fd = 9
Socket not ready, repolling fd = 9
Socket not ready, repolling fd = 9
Socket not ready, repolling fd = 9
Socket not ready, repolling fd = 9
Socket not ready, repolling fd = 9
Socket not ready, repolling fd = 9
Socket not ready, repolling fd = 9
Socket not ready, repolling fd = 9
Socket not ready, repolling fd = 9
Socket not ready, repolling fd = 9
Socket not ready, repolling fd = 9
Socket not ready, repolling fd = 9
Socket not ready, repolling fd = 9
Socket not ready, repolling fd = 9
Socket not ready, repolling fd = 9
Socket not ready, repolling fd = 9
Socket not ready, repolling fd = 9
Socket not ready, repolling fd = 9
Socket not ready, repolling fd = 9
Socket not ready, repolling fd = 9
Socket not ready, repolling fd = 9
Socket not ready, repolling fd = 9
Socket not ready, repolling fd = 9
Socket not ready, repolling fd = 9
Socket not ready, repolling fd = 9
Socket not ready, repolling fd = 9
Socket not ready, repolling fd = 9
Socket not ready, repolling fd = 9
Socket not ready, repolling fd = 9
Socket not ready, repolling fd = 9
Socket not ready, repolling fd = 9
Socket not ready, repolling fd = 9
Socket not ready, repolling fd = 9
Socket not ready, repolling fd = 9
Socket not ready, repolling fd = 9
Socket not ready, repolling fd = 9
Socket not ready, repolling fd = 9
Socket not ready, repolling fd = 9
Socket not ready, repolling fd = 9
Socket not ready, repolling fd = 9
Socket not ready, repolling fd = 9
Socket not ready, repolling fd = 9
Socket not ready, repolling fd = 9
Socket not ready, repolling fd = 9
Socket not ready, repolling fd = 9
Socket not ready, repolling fd = 9
Socket not ready, repolling fd = 9
Socket not ready, repolling fd = 9
Socket not ready, repolling fd = 9
Socket not ready, repolling fd = 9
Socket not ready, repolling fd = 9
Socket not ready, repolling fd = 9
Socket not ready, repolling fd = 9
Socket not ready, repolling fd = 9
Socket not ready, repolling fd = 9
Socket not ready, repolling fd = 9
Socket not ready, repolling fd = 9
Socket not ready, repolling fd = 9
Socket not ready, repolling fd = 9
Socket not ready, repolling fd = 9
Socket not ready, repolling fd = 9
Socket not ready, repolling fd = 9
Socket not ready, repolling fd = 9
Socket not ready, repolling fd = 9
Socket not ready, repolling fd = 9
Socket not ready, repolling fd = 9
Socket not ready, repolling fd = 9
Socket not ready, repolling fd = 9
Socket not ready, repolling fd = 9
Socket not ready, repolling fd = 9
Socket not ready, repolling fd = 9
Socket not ready, repolling fd = 9
Socket not ready, repolling fd = 9
Socket not ready, repolling fd = 9
Socket not ready, repolling fd = 9
Socket not ready, repolling fd = 9
Socket not ready, repolling fd = 9
Socket not ready, repolling fd = 9
Socket not ready, repolling fd = 9
Socket not ready, repolling fd = 9
Socket not ready, repolling fd = 9
Socket not ready, repolling fd = 9
Socket not ready, repolling fd = 9
Socket not ready, repolling fd = 9
Socket not ready, repolling fd = 9
Socket not ready, repolling fd = 9
Socket not ready, repolling fd = 9
Socket not ready, repolling fd = 9
Socket not ready, repolling fd = 9
Socket not ready, repolling fd = 9
Socket not ready, repolling fd = 9
Socket not ready, repolling fd = 9
Socket not ready, repolling fd = 9
Socket not ready, repolling fd = 9
Socket not ready, repolling fd = 9
Socket not ready, repolling fd = 9
Socket not ready, repolling fd = 9
Socket not ready, repolling fd = 9
Socket not ready, repolling fd = 9
Socket not ready, repolling fd = 9
Socket not ready, repolling fd = 9
Socket not ready, repolling fd = 9
Socket not ready, repolling fd = 9
Socket not ready, repolling fd = 9
Socket not ready, repolling fd = 9
Socket not ready, repolling fd = 9
Socket not ready, repolling fd = 9
Socket not ready, repolling fd = 9
Socket not ready, repolling fd = 9
Socket not ready, repolling fd = 9
Socket not ready, repolling fd = 9
Socket not ready, repolling fd = 9
Socket not ready, repolling fd = 9
Socket not ready, repolling fd = 9
Socket not ready, repolling fd = 9
Socket not ready, repolling fd = 9
Socket not ready, repolling fd = 9
Socket not ready, repolling fd = 9
Socket not ready, repolling fd = 9
Socket not ready, repolling fd = 9
Socket not ready, repolling fd = 9
Socket not ready, repolling fd = 9
Socket not ready, repolling fd = 9
Socket not ready, repolling fd = 9
Socket not ready, repolling fd = 9
Socket not ready, repolling fd = 9
Socket not ready, repolling fd = 9
Socket not ready, repolling fd = 9
Socket not ready, repolling fd = 9
Socket not ready, repolling fd = 9
Socket not ready, repolling fd = 9
Socket not ready, repolling fd = 9
Socket not ready, repolling fd = 9
Socket not ready, repolling fd = 9
Socket not ready, repolling fd = 9
Socket not ready, repolling fd = 9
Socket not ready, repolling fd = 9
Socket not ready, repolling fd = 9
Socket not ready, repolling fd = 9
Socket not ready, repolling fd = 9
Socket not ready, repolling fd = 9
Socket not ready, repolling fd = 9
Socket not ready, repolling fd = 9
Socket not ready, repolling fd = 9
Socket not ready, repolling fd = 9
Socket not ready, repolling fd = 9
Socket not ready, repolling fd = 9
Socket not ready, repolling fd = 9
Socket not ready, repolling fd = 9
Socket not ready, repolling fd = 9
Socket not ready, repolling fd = 9
Socket not ready, repolling fd = 9
Socket not ready, repolling fd = 9
Socket not ready, repolling fd = 9
Socket not ready, repolling fd = 9
Socket not ready, repolling fd = 9
Socket not ready, repolling fd = 9
Socket not ready, repolling fd = 9
Socket not ready, repolling fd = 9
Socket not ready, repolling fd = 9
Socket not ready, repolling fd = 9
Socket not ready, repolling fd = 9
Socket not ready, repolling fd = 9
Socket not ready, repolling fd = 9
Socket not ready, repolling fd = 9
Socket not ready, repolling fd = 9
Socket not ready, repolling fd = 9
Socket not ready, repolling fd = 9
Socket not ready, repolling fd = 9
Socket not ready, repolling fd = 9
Socket not ready, repolling fd = 9
Socket not ready, repolling fd = 9
Socket not ready, repolling fd = 9
Socket not ready, repolling fd = 9
Socket not ready, repolling fd = 9
Socket not ready, repolling fd = 9
Socket not ready, repolling fd = 9
Socket not ready, repolling fd = 9
Socket not ready, repolling fd = 9
Socket not ready, repolling fd = 9
Socket not ready, repolling fd = 9
Socket not ready, repolling fd = 9
Socket not ready, repolling fd = 9
Socket not ready, repolling fd = 9
Socket not ready, repolling fd = 9
Socket not ready, repolling fd = 9
Socket not ready, repolling fd = 9
Socket not ready, repolling fd = 9
Socket not ready, repolling fd = 9
Socket not ready, repolling fd = 9
Socket not ready, repolling fd = 9
Socket not ready, repolling fd = 9
Socket not ready, repolling fd = 9
Socket not ready, repolling fd = 9
Socket not ready, repolling fd = 9
Socket not ready, repolling fd = 9
Socket not ready, repolling fd = 9
Socket not ready, repolling fd = 9
Socket not ready, repolling fd = 9
Socket not ready, repolling fd = 9
Socket not ready, repolling fd = 9
Socket not ready, repolling fd = 9
Socket not ready, repolling fd = 9
Socket not ready, repolling fd = 9
Socket not ready, repolling fd = 9
Socket not ready, repolling fd = 9
Socket not ready, repolling fd = 9
Socket not ready, repolling fd = 9
Socket not ready, repolling fd = 9
Socket not ready, repolling fd = 9
Socket not ready, repolling fd = 9
Socket not ready, repolling fd = 9
Socket not ready, repolling fd = 9
Socket not ready, repolling fd = 9
Socket not ready, repolling fd = 9
Socket not ready, repolling fd = 9
Socket not ready, repolling fd = 9
Socket not ready, repolling fd = 9
Socket not ready, repolling fd = 9
Socket not ready, repolling fd = 9
Socket not ready, repolling fd = 9
Socket not ready, repolling fd = 9
Socket not ready, repolling fd = 9
Socket not ready, repolling fd = 9
Socket not ready, repolling fd = 9
Socket not ready, repolling fd = 9
Socket not ready, repolling fd = 9
Socket not ready, repolling fd = 9
Socket not ready, repolling fd = 9
Socket not ready, repolling fd = 9
Socket not ready, repolling fd = 9
Socket not ready, repolling fd = 9
Socket not ready, repolling fd = 9
Socket not ready, repolling fd = 9
Socket not ready, repolling fd = 9
Socket not ready, repolling fd = 9
Socket not ready, repolling fd = 9
Socket not ready, repolling fd = 9
Socket not ready, repolling fd = 9
Socket not ready, repolling fd = 9
Socket not ready, repolling fd = 9
Socket not ready, repolling fd = 9
Socket not ready, repolling fd = 9
Socket not ready, repolling fd = 9
Socket not ready, repolling fd = 9
Socket not ready, repolling fd = 9
Socket not ready, repolling fd = 9
Socket not ready, repolling fd = 9
Socket not ready, repolling fd = 9
Socket not ready, repolling fd = 9
Socket not ready, repolling fd = 9
Socket not ready, repolling fd = 9
Socket not ready, repolling fd = 9
Socket not ready, repolling fd = 9
Socket not ready, repolling fd = 9
Socket not ready, repolling fd = 9
Socket not ready, repolling fd = 9
Socket not ready, repolling fd = 9
Socket not ready, repolling fd = 9
Socket not ready, repolling fd = 9
Socket not ready, repolling fd = 9
Socket not ready, repolling fd = 9
Socket not ready, repolling fd = 9
Socket not ready, repolling fd = 9
Socket not ready, repolling fd = 9
Socket not ready, repolling fd = 9
Socket not ready, repolling fd = 9
Socket not ready, repolling fd = 9
Socket not ready, repolling fd = 9
Socket not ready, repolling fd = 9
Socket not ready, repolling fd = 9
Socket not ready, repolling fd = 9
Socket not ready, repolling fd = 9
Socket not ready, repolling fd = 9
Socket not ready, repolling fd = 9
Socket not ready, repolling fd = 9
Socket not ready, repolling fd = 9
Socket not ready, repolling fd = 9
Socket not ready, repolling fd = 9
Socket not ready, repolling fd = 9
Socket not ready, repolling fd = 9
Socket not ready, repolling fd = 9
Socket not ready, repolling fd = 9
Socket not ready, repolling fd = 9
Socket not ready, repolling fd = 9
Socket not ready, repolling fd = 9
Socket not ready, repolling fd = 9
Socket not ready, repolling fd = 9
Socket not ready, repolling fd = 9
Socket not ready, repolling fd = 9
Socket not ready, repolling fd = 9
Socket not ready, repolling fd = 9
Socket not ready, repolling fd = 9
Socket not ready, repolling fd = 9
Socket not ready, repolling fd = 9
Socket not ready, repolling fd = 9
Socket not ready, repolling fd = 9
Socket not ready, repolling fd = 9
Socket not ready, repolling fd = 9
Socket not ready, repolling fd = 9
Socket not ready, repolling fd = 9
Socket not ready, repolling fd = 9
Socket not ready, repolling fd = 9
Socket not ready, repolling fd = 9
Socket not ready, repolling fd = 9
Socket not ready, repolling fd = 9
Socket not ready, repolling fd = 9
Socket not ready, repolling fd = 9
Socket not ready, repolling fd = 9
Socket not ready, repolling fd = 9
Socket not ready, repolling fd = 9
Socket not ready, repolling fd = 9
Socket not ready, repolling fd = 9
Socket not ready, repolling fd = 9
Socket not ready, repolling fd = 9
Socket not ready, repolling fd = 9
Socket not ready, repolling fd = 9
Socket not ready, repolling fd = 9
Socket not ready, repolling fd = 9
Socket not ready, repolling fd = 9
Socket not ready, repolling fd = 9
Socket not ready, repolling fd = 9
Socket not ready, repolling fd = 9
Socket not ready, repolling fd = 9
Socket not ready, repolling fd = 9
Socket not ready, repolling fd = 9
Socket not ready, repolling fd = 9
Socket not ready, repolling fd = 9
Socket not ready, repolling fd = 9
Socket not ready, repolling fd = 9
Socket not ready, repolling fd = 9
Socket not ready, repolling fd = 9
Socket not ready, repolling fd = 9
Socket not ready, repolling fd = 9
Socket not ready, repolling fd = 9
Socket not ready, repolling fd = 9
Socket not ready, repolling fd = 9
Socket not ready, repolling fd = 9
Socket not ready, repolling fd = 9
Socket not ready, repolling fd = 9
Socket not ready, repolling fd = 9
Socket not ready, repolling fd = 9
Socket not ready, repolling fd = 9
Socket not ready, repolling fd = 9
Socket not ready, repolling fd = 9
Socket not ready, repolling fd = 9
Socket not ready, repolling fd = 9
Socket not ready, repolling fd = 9
Socket not ready, repolling fd = 9
Socket not ready, repolling fd = 9
Socket not ready, repolling fd = 9
Socket not ready, repolling fd = 9
Socket not ready, repolling fd = 9
Socket not ready, repolling fd = 9
Socket not ready, repolling fd = 9
Socket not ready, repolling fd = 9
Socket not ready, repolling fd = 9
Socket not ready, repolling fd = 9
Socket not ready, repolling fd = 9
Socket not ready, repolling fd = 9
Socket not ready, repolling fd = 9
Socket not ready, repolling fd = 9
Socket not ready, repolling fd = 9
Socket not ready, repolling fd = 9
Socket not ready, repolling fd = 9
Socket not ready, repolling fd = 9
Socket not ready, repolling fd = 9
Socket not ready, repolling fd = 9
Socket not ready, repolling fd = 9
Socket not ready, repolling fd = 9
Socket not ready, repolling fd = 9
Socket not ready, repolling fd = 9
Socket not ready, repolling fd = 9
Socket not ready, repolling fd = 9
Socket not ready, repolling fd = 9
Socket not ready, repolling fd = 9
Socket not ready, repolling fd = 9
Socket not ready, repolling fd = 9
Socket not ready, repolling fd = 9
Socket not ready, repolling fd = 9
Socket not ready, repolling fd = 9
Socket not ready, repolling fd = 9
Socket not ready, repolling fd = 9
Socket not ready, repolling fd = 9
Socket not ready, repolling fd = 9
Socket not ready, repolling fd = 9
Socket not ready, repolling fd = 9
Socket not ready, repolling fd = 9
Socket not ready, repolling fd = 9
Socket not ready, repolling fd = 9
Socket not ready, repolling fd = 9
Socket not ready, repolling fd = 9
Socket not ready, repolling fd = 9
Socket not ready, repolling fd = 9
Socket not ready, repolling fd = 9
Socket not ready, repolling fd = 9
Socket not ready, repolling fd = 9
Socket not ready, repolling fd = 9
Socket not ready, repolling fd = 9
Socket not ready, repolling fd = 9
Socket not ready, repolling fd = 9
Socket not ready, repolling fd = 9
Socket not ready, repolling fd = 9
Socket not ready, repolling fd = 9
Socket not ready, repolling fd = 9
Socket not ready, repolling fd = 9
Socket not ready, repolling fd = 9
Socket not ready, repolling fd = 9
Socket not ready, repolling fd = 9
Socket not ready, repolling fd = 9
Socket not ready, repolling fd = 9
Socket not ready, repolling fd = 9
Socket not ready, repolling fd = 9
Socket not ready, repolling fd = 9
Socket not ready, repolling fd = 9
Socket not ready, repolling fd = 9
Socket not ready, repolling fd = 9
Socket not ready, repolling fd = 9
Socket not ready, repolling fd = 9
Socket not ready, repolling fd = 9
Socket not ready, repolling fd = 9
Socket not ready, repolling fd = 9
Socket not ready, repolling fd = 9
Socket not ready, repolling fd = 9
Socket not ready, repolling fd = 9
Socket not ready, repolling fd = 9
Socket not ready, repolling fd = 9
Socket not ready, repolling fd = 9
Socket not ready, repolling fd = 9
Socket not ready, repolling fd = 9
Socket not ready, repolling fd = 9
Socket not ready, repolling fd = 9
Socket not ready, repolling fd = 9
Socket not ready, repolling fd = 9
Socket not ready, repolling fd = 9
Socket not ready, repolling fd = 9
Socket not ready, repolling fd = 9
Socket not ready, repolling fd = 9
Socket not ready, repolling fd = 9
Socket not ready, repolling fd = 9
Socket not ready, repolling fd = 9
Socket not ready, repolling fd = 9
Socket not ready, repolling fd = 9
Socket not ready, repolling fd = 9
Socket not ready, repolling fd = 9
Socket not ready, repolling fd = 9
Socket not ready, repolling fd = 9
Socket not ready, repolling fd = 9
Socket not ready, repolling fd = 9
Socket not ready, repolling fd = 9
Socket not ready, repolling fd = 9
Socket not ready, repolling fd = 9
Socket not ready, repolling fd = 9
Socket not ready, repolling fd = 9
Socket not ready, repolling fd = 9
Socket not ready, repolling fd = 9
Socket not ready, repolling fd = 9
Socket not ready, repolling fd = 9
Socket not ready, repolling fd = 9
Socket not ready, repolling fd = 9
Socket not ready, repolling fd = 9
Socket not ready, repolling fd = 9
Socket not ready, repolling fd = 9
Socket not ready, repolling fd = 9
Socket not ready, repolling fd = 9
Socket not ready, repolling fd = 9
Socket not ready, repolling fd = 9
Socket not ready, repolling fd = 9
Socket not ready, repolling fd = 9
Socket not ready, repolling fd = 9
Socket not ready, repolling fd = 9
Socket not ready, repolling fd = 9
Socket not ready, repolling fd = 9
Socket not ready, repolling fd = 9
Socket not ready, repolling fd = 9
Socket not ready, repolling fd = 9
Socket not ready, repolling fd = 9
Socket not ready, repolling fd = 9
Socket not ready, repolling fd = 9
Socket not ready, repolling fd = 9
Socket not ready, repolling fd = 9
Socket not ready, repolling fd = 9
Socket not ready, repolling fd = 9
Socket not ready, repolling fd = 9
Socket not ready, repolling fd = 9
Socket not ready, repolling fd = 9
Socket not ready, repolling fd = 9
Socket not ready, repolling fd = 9
Socket not ready, repolling fd = 9
Socket not ready, repolling fd = 9
Socket not ready, repolling fd = 9
Socket not ready, repolling fd = 9
Socket not ready, repolling fd = 9
Socket not ready, repolling fd = 9
Socket not ready, repolling fd = 9
Socket not ready, repolling fd = 9
Socket not ready, repolling fd = 9
Socket not ready, repolling fd = 9
Socket not ready, repolling fd = 9
Socket not ready, repolling fd = 9
Socket not ready, repolling fd = 9
Socket not ready, repolling fd = 9
Socket not ready, repolling fd = 9
Socket not ready, repolling fd = 9
Socket not ready, repolling fd = 9
Socket not ready, repolling fd = 9
Socket not ready, repolling fd = 9
Socket not ready, repolling fd = 9
Socket not ready, repolling fd = 9
Socket not ready, repolling fd = 9
Socket not ready, repolling fd = 9
Socket not ready, repolling fd = 9
Socket not ready, repolling fd = 9
Socket not ready, repolling fd = 9
Socket not ready, repolling fd = 9
Socket not ready, repolling fd = 9
Socket not ready, repolling fd = 9
Socket not ready, repolling fd = 9
Socket not ready, repolling fd = 9
Socket not ready, repolling fd = 9
Socket not ready, repolling fd = 9
Socket not ready, repolling fd = 9
Socket not ready, repolling fd = 9
Socket not ready, repolling fd = 9
Socket not ready, repolling fd = 9
Socket not ready, repolling fd = 9
Socket not ready, repolling fd = 9
Socket not ready, repolling fd = 9
Socket not ready, repolling fd = 9
Socket not ready, repolling fd = 9
Socket not ready, repolling fd = 9
Socket not ready, repolling fd = 9
Socket not ready, repolling fd = 9
Socket not ready, repolling fd = 9
Socket not ready, repolling fd = 9
Socket not ready, repolling fd = 9
Socket not ready, repolling fd = 9
Socket not ready, repolling fd = 9
Socket not ready, repolling fd = 9
Socket not ready, repolling fd = 9
Socket not ready, repolling fd = 9
Socket not ready, repolling fd = 9
Socket not ready, repolling fd = 9
Socket not ready, repolling fd = 9
Socket not ready, repolling fd = 9
Socket not ready, repolling fd = 9
Socket not ready, repolling fd = 9
Socket not ready, repolling fd = 9
Socket not ready, repolling fd = 9
Socket not ready, repolling fd = 9
Socket not ready, repolling fd = 9
Socket not ready, repolling fd = 9
Socket not ready, repolling fd = 9
Socket not ready, repolling fd = 9
Socket not ready, repolling fd = 9
Socket not ready, repolling fd = 9
Socket not ready, repolling fd = 9
Socket not ready, repolling fd = 9
Socket not ready, repolling fd = 9
Socket not ready, repolling fd = 9
Socket not ready, repolling fd = 9
Socket not ready, repolling fd = 9
Socket not ready, repolling fd = 9
Socket not ready, repolling fd = 9
Socket not ready, repolling fd = 9
Socket not ready, repolling fd = 9
Socket not ready, repolling fd = 9
Socket not ready, repolling fd = 9
Socket not ready, repolling fd = 9
Socket not ready, repolling fd = 9
Socket not ready, repolling fd = 9
Socket not ready, repolling fd = 9
Socket not ready, repolling fd = 9
Socket not ready, repolling fd = 9
Socket not ready, repolling fd = 9
Socket not ready, repolling fd = 9
Socket not ready, repolling fd = 9
Socket not ready, repolling fd = 9
Socket not ready, repolling fd = 9
Socket not ready, repolling fd = 9
Socket not ready, repolling fd = 9
Socket not ready, repolling fd = 9
Socket not ready, repolling fd = 9
Socket not ready, repolling fd = 9
Socket not ready, repolling fd = 9
Socket not ready, repolling fd = 9
Socket not ready, repolling fd = 9
Socket not ready, repolling fd = 9
Socket not ready, repolling fd = 9
Socket not ready, repolling fd = 9
Socket not ready, repolling fd = 9
Socket not ready, repolling fd = 9
Socket not ready, repolling fd = 9
Socket not ready, repolling fd = 9
Socket not ready, repolling fd = 9
Socket not ready, repolling fd = 9
Socket not ready, repolling fd = 9
Socket not ready, repolling fd = 9
Socket not ready, repolling fd = 9
Socket not ready, repolling fd = 9
Socket not ready, repolling fd = 9
Socket not ready, repolling fd = 9
Socket not ready, repolling fd = 9
Socket not ready, repolling fd = 9
Socket not ready, repolling fd = 9
Socket not ready, repolling fd = 9
Socket not ready, repolling fd = 9
Socket not ready, repolling fd = 9
Socket not ready, repolling fd = 9
Socket not ready, repolling fd = 9
Socket not ready, repolling fd = 9
Socket not ready, repolling fd = 9
Socket not ready, repolling fd = 9
Socket not ready, repolling fd = 9
Socket not ready, repolling fd = 9
Socket not ready, repolling fd = 9
Socket not ready, repolling fd = 9
Socket not ready, repolling fd = 9
Socket not ready, repolling fd = 9
Socket not ready, repolling fd = 9
Socket not ready, repolling fd = 9
Socket not ready, repolling fd = 9
Socket not ready, repolling fd = 9
Socket not ready, repolling fd = 9
Socket not ready, repolling fd = 9
Socket not ready, repolling fd = 9
Socket not ready, repolling fd = 9
Socket not ready, repolling fd = 9
Socket not ready, repolling fd = 9
Socket not ready, repolling fd = 9
Socket not ready, repolling fd = 9
Socket not ready, repolling fd = 9
Socket not ready, repolling fd = 9
Socket not ready, repolling fd = 9
Socket not ready, repolling fd = 9
Socket not ready, repolling fd = 9
Socket not ready, repolling fd = 9
Socket not ready, repolling fd = 9
Socket not ready, repolling fd = 9
Socket not ready, repolling fd = 9
Socket not ready, repolling fd = 9
Socket not ready, repolling fd = 9
Socket not ready, repolling fd = 9
Socket not ready, repolling fd = 9
Socket not ready, repolling fd = 9
Socket not ready, repolling fd = 9
Socket not ready, repolling fd = 9
Socket not ready, repolling fd = 9
Socket not ready, repolling fd = 9
Socket not ready, repolling fd = 9
Socket not ready, repolling fd = 9
Socket not ready, repolling fd = 9
Socket not ready, repolling fd = 9
Socket not ready, repolling fd = 9
Socket not ready, repolling fd = 9
Socket not ready, repolling fd = 9
Socket not ready, repolling fd = 9
Socket not ready, repolling fd = 9
Socket not ready, repolling fd = 9
Socket not ready, repolling fd = 9
Socket not ready, repolling fd = 9
Socket not ready, repolling fd = 9
Socket not ready, repolling fd = 9
Socket not ready, repolling fd = 9
Socket not ready, repolling fd = 9
Socket not ready, repolling fd = 9
Socket not ready, repolling fd = 9
Socket not ready, repolling fd = 9
Socket not ready, repolling fd = 9
Socket not ready, repolling fd = 9
Socket not ready, repolling fd = 9
Socket not ready, repolling fd = 9
Socket not ready, repolling fd = 9
Socket not ready, repolling fd = 9
Socket not ready, repolling fd = 9
Socket not ready, repolling fd = 9
Socket not ready, repolling fd = 9
Socket not ready, repolling fd = 9
Socket not ready, repolling fd = 9
Socket not ready, repolling fd = 9
Socket not ready, repolling fd = 9
Socket not ready, repolling fd = 9
Socket not ready, repolling fd = 9
Socket not ready, repolling fd = 9
Socket not ready, repolling fd = 9
Socket not ready, repolling fd = 9
Socket not ready, repolling fd = 9
Socket not ready, repolling fd = 9
Socket not ready, repolling fd = 9
Socket not ready, repolling fd = 9
Socket not ready, repolling fd = 9
Socket not ready, repolling fd = 9
Socket not ready, repolling fd = 9
Socket not ready, repolling fd = 9
Socket not ready, repolling fd = 9
Socket not ready, repolling fd = 9
Socket not ready, repolling fd = 9
Socket not ready, repolling fd = 9
Socket not ready, repolling fd = 9
Socket not ready, repolling fd = 9
Socket not ready, repolling fd = 9
Socket not ready, repolling fd = 9
Socket not ready, repolling fd = 9
Socket not ready, repolling fd = 9
Socket not ready, repolling fd = 9
Socket not ready, repolling fd = 9
Socket not ready, repolling fd = 9
Socket not ready, repolling fd = 9
Socket not ready, repolling fd = 9
Socket not ready, repolling fd = 9
Socket not ready, repolling fd = 9
Socket not ready, repolling fd = 9
Socket not ready, repolling fd = 9
Socket not ready, repolling fd = 9
Socket not ready, repolling fd = 9
Socket not ready, repolling fd = 9
Socket not ready, repolling fd = 9
Socket not ready, repolling fd = 9
Socket not ready, repolling fd = 9
Socket not ready, repolling fd = 9
Socket not ready, repolling fd = 9
Socket not ready, repolling fd = 9
Socket not ready, repolling fd = 9
Socket not ready, repolling fd = 9
Socket not ready, repolling fd = 9
Socket not ready, repolling fd = 9
Socket not ready, repolling fd = 9
Socket not ready, repolling fd = 9
Socket not ready, repolling fd = 9
Socket not ready, repolling fd = 9
Socket not ready, repolling fd = 9
Socket not ready, repolling fd = 9
Socket not ready, repolling fd = 9
Socket not ready, repolling fd = 9
Socket not ready, repolling fd = 9
Socket not ready, repolling fd = 9
Socket not ready, repolling fd = 9
Socket not ready, repolling fd = 9
Socket not ready, repolling fd = 9
Socket not ready, repolling fd = 9
Socket not ready, repolling fd = 9
Socket not ready, repolling fd = 9
Socket not ready, repolling fd = 9
Socket not ready, repolling fd = 9
Socket not ready, repolling fd = 9
Socket not ready, repolling fd = 9
Socket not ready, repolling fd = 9
Socket not ready, repolling fd = 9
Socket not ready, repolling fd = 9
Socket not ready, repolling fd = 9
Socket not ready, repolling fd = 9
Socket not ready, repolling fd = 9
Socket not ready, repolling fd = 9
Socket not ready, repolling fd = 9
Socket not ready, repolling fd = 9
Socket not ready, repolling fd = 9
Socket not ready, repolling fd = 9
Socket not ready, repolling fd = 9
Socket not ready, repolling fd = 9
Socket not ready, repolling fd = 9
Socket not ready, repolling fd = 9
Socket not ready, repolling fd = 9
Socket not ready, repolling fd = 9
Socket not ready, repolling fd = 9
Socket not ready, repolling fd = 9
Socket not ready, repolling fd = 9
Socket not ready, repolling fd = 9
Socket not ready, repolling fd = 9
Socket not ready, repolling fd = 9
Socket not ready, repolling fd = 9
Socket not ready, repolling fd = 9
Socket not ready, repolling fd = 9
Socket not ready, repolling fd = 9
Socket not ready, repolling fd = 9
Socket not ready, repolling fd = 9
Socket not ready, repolling fd = 9
Socket not ready, repolling fd = 9
Socket not ready, repolling fd = 9
Socket not ready, repolling fd = 9
Socket not ready, repolling fd = 9
Socket not ready, repolling fd = 9
Socket not ready, repolling fd = 9
Socket not ready, repolling fd = 9
Socket not ready, repolling fd = 9
Socket not ready, repolling fd = 9
Socket not ready, repolling fd = 9
Socket not ready, repolling fd = 9
Socket not ready, repolling fd = 9
Socket not ready, repolling fd = 9
Socket not ready, repolling fd = 9
Socket not ready, repolling fd = 9
Socket not ready, repolling fd = 9
Socket not ready, repolling fd = 9
Socket not ready, repolling fd = 9
Socket not ready, repolling fd = 9
Socket not ready, repolling fd = 9
Socket not ready, repolling fd = 9
Socket not ready, repolling fd = 9
Socket not ready, repolling fd = 9
Socket not ready, repolling fd = 9
Socket not ready, repolling fd = 9
Socket not ready, repolling fd = 9
Socket not ready, repolling fd = 9
Socket not ready, repolling fd = 9
Socket not ready, repolling fd = 9
Socket not ready, repolling fd = 9
Socket not ready, repolling fd = 9
Socket not ready, repolling fd = 9
Socket not ready, repolling fd = 9
Socket not ready, repolling fd = 9
Socket not ready, repolling fd = 9
Socket not ready, repolling fd = 9
Socket not ready, repolling fd = 9
Socket not ready, repolling fd = 9
Socket not ready, repolling fd = 9
Socket not ready, repolling fd = 9
Socket not ready, repolling fd = 9
Socket not ready, repolling fd = 9
Socket not ready, repolling fd = 9
Socket not ready, repolling fd = 9
Socket not ready, repolling fd = 9
Socket not ready, repolling fd = 9
Socket not ready, repolling fd = 9
Socket not ready, repolling fd = 9
Socket not ready, repolling fd = 9
Socket not ready, repolling fd = 9
Socket not ready, repolling fd = 9
Socket not ready, repolling fd = 9
Socket not ready, repolling fd = 9
Socket not ready, repolling fd = 9
Socket not ready, repolling fd = 9
Socket not ready, repolling fd = 9
Socket not ready, repolling fd = 9
Socket not ready, repolling fd = 9
Socket not ready, repolling fd = 9
Socket not ready, repolling fd = 9
Socket not ready, repolling fd = 9
Socket not ready, repolling fd = 9
Socket not ready, repolling fd = 9
Socket not ready, repolling fd = 9
Socket not ready, repolling fd = 9
Socket not ready, repolling fd = 9
Socket not ready, repolling fd = 9
Socket not ready, repolling fd = 9
Socket not ready, repolling fd = 7
Socket not ready, repolling fd = 7
Socket not ready, repolling fd = 7
Socket not ready, repolling fd = 7
Socket not ready, repolling fd = 7
Socket not ready, repolling fd = 7
Socket not ready, repolling fd = 7
Socket not ready, repolling fd = 7
Socket not ready, repolling fd = 7
Socket not ready, repolling fd = 7
Socket not ready, repolling fd = 7
Socket not ready, repolling fd = 7
Socket not ready, repolling fd = 7
Socket not ready, repolling fd = 7
Socket not ready, repolling fd = 7
Socket not ready, repolling fd = 7
Socket not ready, repolling fd = 7
Socket not ready, repolling fd = 7
Socket not ready, repolling fd = 9
Socket not ready, repolling fd = 8
Socket not ready, repolling fd = 8
Socket not ready, repolling fd = 8
Socket not ready, repolling fd = 8
Socket not ready, repolling fd = 8
Socket not ready, repolling fd = 8
Socket not ready, repolling fd = 8
Socket not ready, repolling fd = 8
Socket not ready, repolling fd = 8
Socket not ready, repolling fd = 8
Socket not ready, repolling fd = 8
Socket not ready, repolling fd = 8
Socket not ready, repolling fd = 8
Socket not ready, repolling fd = 8
Socket not ready, repolling fd = 8
Socket not ready, repolling fd = 8
Socket not ready, repolling fd = 8
Socket not ready, repolling fd = 8
Socket not ready, repolling fd = 8
Socket not ready, repolling fd = 8
Socket not ready, repolling fd = 8
Socket not ready, repolling fd = 8
Socket not ready, repolling fd = 8
Socket not ready, repolling fd = 8
Socket not ready, repolling fd = 8
Socket not ready, repolling fd = 8
Socket not ready, repolling fd = 8
Socket not ready, repolling fd = 8
Socket not ready, repolling fd = 8
Socket not ready, repolling fd = 8
Socket not ready, repolling fd = 8
Socket not ready, repolling fd = 8
Socket not ready, repolling fd = 8
Socket not ready, repolling fd = 8
Socket not ready, repolling fd = 8
Socket not ready, repolling fd = 8
Socket not ready, repolling fd = 8
Socket not ready, repolling fd = 8
Socket not ready, repolling fd = 8
Socket not ready, repolling fd = 8
Socket not ready, repolling fd = 8
Socket not ready, repolling fd = 8
Socket not ready, repolling fd = 8
Socket not ready, repolling fd = 8
Socket not ready, repolling fd = 8
Socket not ready, repolling fd = 8
Socket not ready, repolling fd = 8
Socket not ready, repolling fd = 8
Socket not ready, repolling fd = 8
Socket not ready, repolling fd = 8
Socket not ready, repolling fd = 8
Socket not ready, repolling fd = 8
Socket not ready, repolling fd = 8
Socket not ready, repolling fd = 8
Socket not ready, repolling fd = 8
Socket not ready, repolling fd = 8
Socket not ready, repolling fd = 8
Socket not ready, repolling fd = 8
Socket not ready, repolling fd = 8
Socket not ready, repolling fd = 8
Socket not ready, repolling fd = 8
Socket not ready, repolling fd = 8
Socket not ready, repolling fd = 8
Socket not ready, repolling fd = 8
Socket not ready, repolling fd = 8
Socket not ready, repolling fd = 8
Socket not ready, repolling fd = 8
Socket not ready, repolling fd = 8
Socket not ready, repolling fd = 8
Socket not ready, repolling fd = 8
Socket not ready, repolling fd = 8
Socket not ready, repolling fd = 8
Socket not ready, repolling fd = 8
Socket not ready, repolling fd = 8
Socket not ready, repolling fd = 8
Socket not ready, repolling fd = 8
Socket not ready, repolling fd = 8
Socket not ready, repolling fd = 8
Socket not ready, repolling fd = 8
Socket not ready, repolling fd = 8
Socket not ready, repolling fd = 8
Socket not ready, repolling fd = 8
Socket not ready, repolling fd = 8
Socket not ready, repolling fd = 8
Socket not ready, repolling fd = 8
Socket not ready, repolling fd = 8
Socket not ready, repolling fd = 8
Socket not ready, repolling fd = 8
Socket not ready, repolling fd = 8
Socket not ready, repolling fd = 8
Socket not ready, repolling fd = 8
Socket not ready, repolling fd = 8
Socket not ready, repolling fd = 8
Socket not ready, repolling fd = 8
Socket not ready, repolling fd = 8
Socket not ready, repolling fd = 8
Socket not ready, repolling fd = 8
Socket not ready, repolling fd = 8
Socket not ready, repolling fd = 8
Socket not ready, repolling fd = 8
Socket not ready, repolling fd = 8
Socket not ready, repolling fd = 8
Socket not ready, repolling fd = 8
Socket not ready, repolling fd = 8
Socket not ready, repolling fd = 8
Socket not ready, repolling fd = 8
Socket not ready, repolling fd = 8
Socket not ready, repolling fd = 8
Socket not ready, repolling fd = 8
Socket not ready, repolling fd = 8
Socket not ready, repolling fd = 8
Socket not ready, repolling fd = 8
Socket not ready, repolling fd = 8
Socket not ready, repolling fd = 8
Socket not ready, repolling fd = 8
Socket not ready, repolling fd = 8
Socket not ready, repolling fd = 8
Socket not ready, repolling fd = 8
Socket not ready, repolling fd = 8
Socket not ready, repolling fd = 8
Socket not ready, repolling fd = 8
Socket not ready, repolling fd = 8
Socket not ready, repolling fd = 8
Socket not ready, repolling fd = 8
Socket not ready, repolling fd = 8
Socket not ready, repolling fd = 8
Socket not ready, repolling fd = 8
Socket not ready, repolling fd = 8
Socket not ready, repolling fd = 8
Socket not ready, repolling fd = 8
Socket not ready, repolling fd = 8
Socket not ready, repolling fd = 8
Socket not ready, repolling fd = 8
Socket not ready, repolling fd = 8
Socket not ready, repolling fd = 8
Socket not ready, repolling fd = 8
Socket not ready, repolling fd = 8
Socket not ready, repolling fd = 8
Socket not ready, repolling fd = 8
Socket not ready, repolling fd = 8
Socket not ready, repolling fd = 8
Socket not ready, repolling fd = 8
Socket not ready, repolling fd = 8
Socket not ready, repolling fd = 8
Socket not ready, repolling fd = 8
Socket not ready, repolling fd = 8
Socket not ready, repolling fd = 8
Socket not ready, repolling fd = 8
Socket not ready, repolling fd = 8
Socket not ready, repolling fd = 8
Socket not ready, repolling fd = 8
Socket not ready, repolling fd = 8
Socket not ready, repolling fd = 8
Socket not ready, repolling fd = 8
Socket not ready, repolling fd = 8
Socket not ready, repolling fd = 8
Socket not ready, repolling fd = 8
Socket not ready, repolling fd = 8
Socket not ready, repolling fd = 8
Socket not ready, repolling fd = 8
Socket not ready, repolling fd = 8
Socket not ready, repolling fd = 8
Socket not ready, repolling fd = 8
Socket not ready, repolling fd = 8
Socket not ready, repolling fd = 8
Socket not ready, repolling fd = 8
Socket not ready, repolling fd = 8
Socket not ready, repolling fd = 8
Socket not ready, repolling fd = 8
Socket not ready, repolling fd = 8
Socket not ready, repolling fd = 8
Socket not ready, repolling fd = 8
Socket not ready, repolling fd = 8
Socket not ready, repolling fd = 8
Socket not ready, repolling fd = 8
Socket not ready, repolling fd = 8
Socket not ready, repolling fd = 8
Socket not ready, repolling fd = 8
Socket not ready, repolling fd = 8
Socket not ready, repolling fd = 8
Socket not ready, repolling fd = 8
Socket not ready, repolling fd = 8
Socket not ready, repolling fd = 8
Socket not ready, repolling fd = 8
Socket not ready, repolling fd = 8
Socket not ready, repolling fd = 8
Socket not ready, repolling fd = 8
Socket not ready, repolling fd = 8
Socket not ready, repolling fd = 8
Socket not ready, repolling fd = 8
Socket not ready, repolling fd = 8
Socket not ready, repolling fd = 8
Socket not ready, repolling fd = 8
Socket not ready, repolling fd = 8
Socket not ready, repolling fd = 8
Socket not ready, repolling fd = 8
Socket not ready, repolling fd = 8
Socket not ready, repolling fd = 8
Socket not ready, repolling fd = 8
Socket not ready, repolling fd = 8
Socket not ready, repolling fd = 8
Socket not ready, repolling fd = 8
Socket not ready, repolling fd = 8
Socket not ready, repolling fd = 8
Socket not ready, repolling fd = 8
Socket not ready, repolling fd = 8
Socket not ready, repolling fd = 8
Socket not ready, repolling fd = 8
Socket not ready, repolling fd = 8
Socket not ready, repolling fd = 8
Socket not ready, repolling fd = 8
Socket not ready, repolling fd = 8
Socket not ready, repolling fd = 8
Socket not ready, repolling fd = 8
Socket not ready, repolling fd = 8
Socket not ready, repolling fd = 8
Socket not ready, repolling fd = 8
Socket not ready, repolling fd = 8
Socket not ready, repolling fd = 8
Socket not ready, repolling fd = 8
Socket not ready, repolling fd = 8
Socket not ready, repolling fd = 8
Socket not ready, repolling fd = 8
Socket not ready, repolling fd = 8
Socket not ready, repolling fd = 8
Socket not ready, repolling fd = 8
Socket not ready, repolling fd = 8
Socket not ready, repolling fd = 8
Socket not ready, repolling fd = 8
Socket not ready, repolling fd = 8
Socket not ready, repolling fd = 8
Socket not ready, repolling fd = 8
Socket not ready, repolling fd = 8
Socket not ready, repolling fd = 8
Socket not ready, repolling fd = 8
Socket not ready, repolling fd = 8
Socket not ready, repolling fd = 8
Socket not ready, repolling fd = 8
Socket not ready, repolling fd = 8
Socket not ready, repolling fd = 8
Socket not ready, repolling fd = 8
Socket not ready, repolling fd = 8
Socket not ready, repolling fd = 8
Socket not ready, repolling fd = 8
Socket not ready, repolling fd = 8
Socket not ready, repolling fd = 8
Socket not ready, repolling fd = 8
Socket not ready, repolling fd = 8
Socket not ready, repolling fd = 8
Socket not ready, repolling fd = 8
Socket not ready, repolling fd = 8
Socket not ready, repolling fd = 8
Socket not ready, repolling fd = 8
Socket not ready, repolling fd = 8
Socket not ready, repolling fd = 8
Socket not ready, repolling fd = 8
Socket not ready, repolling fd = 8
Socket not ready, repolling fd = 8
Socket not ready, repolling fd = 8
Socket not ready, repolling fd = 8
Socket not ready, repolling fd = 8
Socket not ready, repolling fd = 8
Socket not ready, repolling fd = 8
Socket not ready, repolling fd = 8
Socket not ready, repolling fd = 8
Socket not ready, repolling fd = 8
Socket not ready, repolling fd = 8
Socket not ready, repolling fd = 8
Socket not ready, repolling fd = 8
Socket not ready, repolling fd = 8
Socket not ready, repolling fd = 8
Socket not ready, repolling fd = 8
Socket not ready, repolling fd = 8
Socket not ready, repolling fd = 8
Socket not ready, repolling fd = 8
Socket not ready, repolling fd = 8
Socket not ready, repolling fd = 8
Socket not ready, repolling fd = 8
Socket not ready, repolling fd = 8
Socket not ready, repolling fd = 8
Socket not ready, repolling fd = 8
Socket not ready, repolling fd = 8
Socket not ready, repolling fd = 8
Socket not ready, repolling fd = 8
Socket not ready, repolling fd = 8
Socket not ready, repolling fd = 8
Socket not ready, repolling fd = 8
Socket not ready, repolling fd = 8
Socket not ready, repolling fd = 8
Socket not ready, repolling fd = 8
Socket not ready, repolling fd = 8
Socket not ready, repolling fd = 8
Socket not ready, repolling fd = 8
Socket not ready, repolling fd = 8
Socket not ready, repolling fd = 8
Socket not ready, repolling fd = 8
Socket not ready, repolling fd = 8
Socket not ready, repolling fd = 8
Socket not ready, repolling fd = 8
Socket not ready, repolling fd = 8
Socket not ready, repolling fd = 8
Socket not ready, repolling fd = 8
Socket not ready, repolling fd = 8
Socket not ready, repolling fd = 8
Socket not ready, repolling fd = 8
Socket not ready, repolling fd = 8
Socket not ready, repolling fd = 8
Socket not ready, repolling fd = 8
Socket not ready, repolling fd = 8
Socket not ready, repolling fd = 8
Socket not ready, repolling fd = 8
Socket not ready, repolling fd = 8
Socket not ready, repolling fd = 8
Socket not ready, repolling fd = 8
Socket not ready, repolling fd = 8
Socket not ready, repolling fd = 8
Socket not ready, repolling fd = 8
Socket not ready, repolling fd = 8
Socket not ready, repolling fd = 8
Socket not ready, repolling fd = 8
Socket not ready, repolling fd = 8
Socket not ready, repolling fd = 8
Socket not ready, repolling fd = 8
Socket not ready, repolling fd = 8
Socket not ready, repolling fd = 8
Socket not ready, repolling fd = 8
Socket not ready, repolling fd = 8
Socket not ready, repolling fd = 8
Socket not ready, repolling fd = 8
Socket not ready, repolling fd = 8
Socket not ready, repolling fd = 8
Socket not ready, repolling fd = 8
Socket not ready, repolling fd = 8
Socket not ready, repolling fd = 8
Socket not ready, repolling fd = 8
Socket not ready, repolling fd = 8
Socket not ready, repolling fd = 8
Socket not ready, repolling fd = 8
Socket not ready, repolling fd = 8
Socket not ready, repolling fd = 8
Socket not ready, repolling fd = 8
Socket not ready, repolling fd = 8
Socket not ready, repolling fd = 8
Socket not ready, repolling fd = 8
Socket not ready, repolling fd = 8
Socket not ready, repolling fd = 8
Socket not ready, repolling fd = 8
Socket not ready, repolling fd = 8
Socket not ready, repolling fd = 8
Socket not ready, repolling fd = 8
Socket not ready, repolling fd = 8
Socket not ready, repolling fd = 8
Socket not ready, repolling fd = 8
Socket not ready, repolling fd = 8
Socket not ready, repolling fd = 8
Socket not ready, repolling fd = 8
Socket not ready, repolling fd = 8
Socket not ready, repolling fd = 8
Socket not ready, repolling fd = 8
Socket not ready, repolling fd = 8
Socket not ready, repolling fd = 8
Socket not ready, repolling fd = 8
Socket not ready, repolling fd = 8
Socket not ready, repolling fd = 8
Socket not ready, repolling fd = 8
Socket not ready, repolling fd = 8
Socket not ready, repolling fd = 8
Socket not ready, repolling fd = 8
Socket not ready, repolling fd = 8
Socket not ready, repolling fd = 8
Socket not ready, repolling fd = 8
Socket not ready, repolling fd = 8
Socket not ready, repolling fd = 8
Socket not ready, repolling fd = 8
Socket not ready, repolling fd = 8
Socket not ready, repolling fd = 8
Socket not ready, repolling fd = 8
Socket not ready, repolling fd = 8
Socket not ready, repolling fd = 8
Socket not ready, repolling fd = 8
Socket not ready, repolling fd = 8
Socket not ready, repolling fd = 8
Socket not ready, repolling fd = 8
Socket not ready, repolling fd = 8
Socket not ready, repolling fd = 8
Socket not ready, repolling fd = 8
Socket not ready, repolling fd = 8
Socket not ready, repolling fd = 8
Socket not ready, repolling fd = 8
Socket not ready, repolling fd = 7
Socket not ready, repolling fd = 7
Socket not ready, repolling fd = 7
Socket not ready, repolling fd = 7
Socket not ready, repolling fd = 7
Socket not ready, repolling fd = 7
Socket not ready, repolling fd = 7
Socket not ready, repolling fd = 7
Socket not ready, repolling fd = 7
Socket not ready, repolling fd = 7
Socket not ready, repolling fd = 7
Socket not ready, repolling fd = 7
Socket not ready, repolling fd = 7
Socket not ready, repolling fd = 7
Socket not ready, repolling fd = 7
Socket not ready, repolling fd = 7
Socket not ready, repolling fd = 7
Socket not ready, repolling fd = 7
Socket not ready, repolling fd = 7
Socket not ready, repolling fd = 7
Socket not ready, repolling fd = 7
Socket not ready, repolling fd = 7
Socket not ready, repolling fd = 7
Socket not ready, repolling fd = 7
Socket not ready, repolling fd = 7
Socket not ready, repolling fd = 7
Socket not ready, repolling fd = 7
Socket not ready, repolling fd = 7
Socket not ready, repolling fd = 7
Socket not ready, repolling fd = 7
Socket not ready, repolling fd = 7
Socket not ready, repolling fd = 7
Socket not ready, repolling fd = 7
Socket not ready, repolling fd = 7
Socket not ready, repolling fd = 7
Socket not ready, repolling fd = 7
Socket not ready, repolling fd = 7
Socket not ready, repolling fd = 7
Socket not ready, repolling fd = 7
Socket not ready, repolling fd = 7
Socket not ready, repolling fd = 7
Socket not ready, repolling fd = 7
Socket not ready, repolling fd = 7
Socket not ready, repolling fd = 7
Socket not ready, repolling fd = 7
Socket not ready, repolling fd = 7
Socket not ready, repolling fd = 7
Socket not ready, repolling fd = 7
Socket not ready, repolling fd = 7
Socket not ready, repolling fd = 7
Socket not ready, repolling fd = 7
Socket not ready, repolling fd = 7
Socket not ready, repolling fd = 7
Socket not ready, repolling fd = 7
Socket not ready, repolling fd = 7
Socket not ready, repolling fd = 7
Socket not ready, repolling fd = 7
Socket not ready, repolling fd = 7
Socket not ready, repolling fd = 7
Socket not ready, repolling fd = 7
Socket not ready, repolling fd = 7
Socket not ready, repolling fd = 7
Socket not ready, repolling fd = 7
Socket not ready, repolling fd = 7
Socket not ready, repolling fd = 7
Socket not ready, repolling fd = 7
Socket not ready, repolling fd = 7
Socket not ready, repolling fd = 7
Socket not ready, repolling fd = 7
Socket not ready, repolling fd = 7
Socket not ready, repolling fd = 7
Socket not ready, repolling fd = 7
Socket not ready, repolling fd = 7
Socket not ready, repolling fd = 7
Socket not ready, repolling fd = 7
Socket not ready, repolling fd = 7
Socket not ready, repolling fd = 7
Socket not ready, repolling fd = 7
Socket not ready, repolling fd = 7
Socket not ready, repolling fd = 7
Socket not ready, repolling fd = 7
Socket not ready, repolling fd = 7
Socket not ready, repolling fd = 7
Socket not ready, repolling fd = 7
Socket not ready, repolling fd = 7
Socket not ready, repolling fd = 7
Socket not ready, repolling fd = 7
Socket not ready, repolling fd = 7
Socket not ready, repolling fd = 7
Socket not ready, repolling fd = 7
Socket not ready, repolling fd = 7
Socket not ready, repolling fd = 7
Socket not ready, repolling fd = 7
Socket not ready, repolling fd = 7
Socket not ready, repolling fd = 7
Socket not ready, repolling fd = 7
Socket not ready, repolling fd = 7
Socket not ready, repolling fd = 7
Socket not ready, repolling fd = 7
Socket not ready, repolling fd = 7
Socket not ready, repolling fd = 7
Socket not ready, repolling fd = 7
Socket not ready, repolling fd = 7
Socket not ready, repolling fd = 7
Socket not ready, repolling fd = 7
Socket not ready, repolling fd = 7
Socket not ready, repolling fd = 7
Socket not ready, repolling fd = 7
Socket not ready, repolling fd = 7
Socket not ready, repolling fd = 7
Socket not ready, repolling fd = 7
Socket not ready, repolling fd = 7
Socket not ready, repolling fd = 7
Socket not ready, repolling fd = 7
Socket not ready, repolling fd = 7
Socket not ready, repolling fd = 7
Socket not ready, repolling fd = 7
Socket not ready, repolling fd = 7
Socket not ready, repolling fd = 7
Socket not ready, repolling fd = 7
Socket not ready, repolling fd = 7
Socket not ready, repolling fd = 7
Socket not ready, repolling fd = 7
Socket not ready, repolling fd = 7
Socket not ready, repolling fd = 7
Socket not ready, repolling fd = 7
Socket not ready, repolling fd = 7
Socket not ready, repolling fd = 7
Socket not ready, repolling fd = 7
Socket not ready, repolling fd = 7
Socket not ready, repolling fd = 7
Socket not ready, repolling fd = 7
Socket not ready, repolling fd = 7
Socket not ready, repolling fd = 7
Socket not ready, repolling fd = 7
Socket not ready, repolling fd = 7
Socket not ready, repolling fd = 7
Socket not ready, repolling fd = 7
Socket not ready, repolling fd = 7
Socket not ready, repolling fd = 7
Socket not ready, repolling fd = 7
Socket not ready, repolling fd = 7
Socket not ready, repolling fd = 7
Socket not ready, repolling fd = 7
Socket not ready, repolling fd = 7
Socket not ready, repolling fd = 7
Socket not ready, repolling fd = 7
Socket not ready, repolling fd = 7
Socket not ready, repolling fd = 7
Socket not ready, repolling fd = 7
Socket not ready, repolling fd = 7
Socket not ready, repolling fd = 7
Socket not ready, repolling fd = 7
Socket not ready, repolling fd = 7
Socket not ready, repolling fd = 7
Socket not ready, repolling fd = 7
Socket not ready, repolling fd = 7
Socket not ready, repolling fd = 7
Socket not ready, repolling fd = 7
Socket not ready, repolling fd = 7
Socket not ready, repolling fd = 7
Socket not ready, repolling fd = 7
Socket not ready, repolling fd = 7
Socket not ready, repolling fd = 7
Socket not ready, repolling fd = 7
Socket not ready, repolling fd = 7
Socket not ready, repolling fd = 7
Socket not ready, repolling fd = 7
Socket not ready, repolling fd = 7
Socket not ready, repolling fd = 7
Socket not ready, repolling fd = 7
Socket not ready, repolling fd = 7
Socket not ready, repolling fd = 7
Socket not ready, repolling fd = 7
Socket not ready, repolling fd = 7
Socket not ready, repolling fd = 7
Socket not ready, repolling fd = 7
Socket not ready, repolling fd = 7
Socket not ready, repolling fd = 7
Socket not ready, repolling fd = 7
Socket not ready, repolling fd = 7
Socket not ready, repolling fd = 7
Socket not ready, repolling fd = 7
Socket not ready, repolling fd = 7
Socket not ready, repolling fd = 7
Socket not ready, repolling fd = 7
Socket not ready, repolling fd = 7
Socket not ready, repolling fd = 7
Socket not ready, repolling fd = 7
Socket not ready, repolling fd = 7
Socket not ready, repolling fd = 7
Socket not ready, repolling fd = 7
Socket not ready, repolling fd = 7
Socket not ready, repolling fd = 7
Socket not ready, repolling fd = 7
Socket not ready, repolling fd = 7
Socket not ready, repolling fd = 7
Socket not ready, repolling fd = 7
Socket not ready, repolling fd = 7
Socket not ready, repolling fd = 7
Socket not ready, repolling fd = 7
Socket not ready, repolling fd = 7
Socket not ready, repolling fd = 7
Socket not ready, repolling fd = 7
Socket not ready, repolling fd = 7
Socket not ready, repolling fd = 7
Socket not ready, repolling fd = 7
Socket not ready, repolling fd = 7
Socket not ready, repolling fd = 7
Socket not ready, repolling fd = 7
Socket not ready, repolling fd = 7
Socket not ready, repolling fd = 7
Socket not ready, repolling fd = 7
Socket not ready, repolling fd = 7
Socket not ready, repolling fd = 7
Socket not ready, repolling fd = 7
Socket not ready, repolling fd = 7
Socket not ready, repolling fd = 7
Socket not ready, repolling fd = 7
Socket not ready, repolling fd = 7
Socket not ready, repolling fd = 7
Socket not ready, repolling fd = 7
Socket not ready, repolling fd = 7
Socket not ready, repolling fd = 7
Socket not ready, repolling fd = 7
Socket not ready, repolling fd = 7
Socket not ready, repolling fd = 7
Socket not ready, repolling fd = 7
Socket not ready, repolling fd = 7
Socket not ready, repolling fd = 7
Socket not ready, repolling fd = 7
Socket not ready, repolling fd = 7
Socket not ready, repolling fd = 7
Socket not ready, repolling fd = 7
Socket not ready, repolling fd = 7
Socket not ready, repolling fd = 7
Socket not ready, repolling fd = 7
Socket not ready, repolling fd = 7
Socket not ready, repolling fd = 7
Socket not ready, repolling fd = 7
Socket not ready, repolling fd = 7
Socket not ready, repolling fd = 7
Socket not ready, repolling fd = 7
Socket not ready, repolling fd = 7
Socket not ready, repolling fd = 7
Socket not ready, repolling fd = 7
Socket not ready, repolling fd = 7
Socket not ready, repolling fd = 7
Socket not ready, repolling fd = 7
Socket not ready, repolling fd = 7
Socket not ready, repolling fd = 7
Socket not ready, repolling fd = 7
Socket not ready, repolling fd = 7
Socket not ready, repolling fd = 7
Socket not ready, repolling fd = 7
Socket not ready, repolling fd = 7
Socket not ready, repolling fd = 7
Socket not ready, repolling fd = 7
Socket not ready, repolling fd = 7
Socket not ready, repolling fd = 7
Socket not ready, repolling fd = 7
Socket not ready, repolling fd = 7
Socket not ready, repolling fd = 7
Socket not ready, repolling fd = 7
Socket not ready, repolling fd = 7
Socket not ready, repolling fd = 7
Socket not ready, repolling fd = 7
Socket not ready, repolling fd = 7
Socket not ready, repolling fd = 7
Socket not ready, repolling fd = 7
Socket not ready, repolling fd = 7
Socket not ready, repolling fd = 7
Socket not ready, repolling fd = 7
Socket not ready, repolling fd = 7
Socket not ready, repolling fd = 7
Socket not ready, repolling fd = 7
Socket not ready, repolling fd = 7
Socket not ready, repolling fd = 7
Socket not ready, repolling fd = 7
Socket not ready, repolling fd = 7
Socket not ready, repolling fd = 7
Socket not ready, repolling fd = 7
Socket not ready, repolling fd = 7
Socket not ready, repolling fd = 7
Socket not ready, repolling fd = 7
Socket not ready, repolling fd = 7
Socket not ready, repolling fd = 7
Socket not ready, repolling fd = 7
Socket not ready, repolling fd = 7
Socket not ready, repolling fd = 7
Socket not ready, repolling fd = 7
Socket not ready, repolling fd = 7
Socket not ready, repolling fd = 7
Socket not ready, repolling fd = 7
Socket not ready, repolling fd = 7
Socket not ready, repolling fd = 7
Socket not ready, repolling fd = 7
Socket not ready, repolling fd = 7
Socket not ready, repolling fd = 7
Socket not ready, repolling fd = 7
Socket not ready, repolling fd = 7
Socket not ready, repolling fd = 7
Socket not ready, repolling fd = 7
Socket not ready, repolling fd = 7
Socket not ready, repolling fd = 7
Socket not ready, repolling fd = 7
Socket not ready, repolling fd = 7
Socket not ready, repolling fd = 7
Socket not ready, repolling fd = 7
Socket not ready, repolling fd = 7
Socket not ready, repolling fd = 7
Socket not ready, repolling fd = 7
Socket not ready, repolling fd = 7
Socket not ready, repolling fd = 7
Socket not ready, repolling fd = 7
Socket not ready, repolling fd = 7
Socket not ready, repolling fd = 7
Socket not ready, repolling fd = 7
Socket not ready, repolling fd = 7
Socket not ready, repolling fd = 7
Socket not ready, repolling fd = 7
Socket not ready, repolling fd = 7
Socket not ready, repolling fd = 7
Socket not ready, repolling fd = 7
Socket not ready, repolling fd = 7
Socket not ready, repolling fd = 7
Socket not ready, repolling fd = 7
Socket not ready, repolling fd = 7
Socket not ready, repolling fd = 7
Socket not ready, repolling fd = 7
Socket not ready, repolling fd = 7
Socket not ready, repolling fd = 7
Socket not ready, repolling fd = 7
Socket not ready, repolling fd = 7
Socket not ready, repolling fd = 7
Socket not ready, repolling fd = 7
Socket not ready, repolling fd = 7
Socket not ready, repolling fd = 7
Socket not ready, repolling fd = 7
Socket not ready, repolling fd = 7
Socket not ready, repolling fd = 7
Socket not ready, repolling fd = 7
Socket not ready, repolling fd = 7
Socket not ready, repolling fd = 7
Socket not ready, repolling fd = 7
Socket not ready, repolling fd = 7
Socket not ready, repolling fd = 7
Socket not ready, repolling fd = 7
Socket not ready, repolling fd = 7
Socket not ready, repolling fd = 7
Socket not ready, repolling fd = 7
Socket not ready, repolling fd = 7
Socket not ready, repolling fd = 7
Socket not ready, repolling fd = 7
Socket not ready, repolling fd = 7
Socket not ready, repolling fd = 7
Socket not ready, repolling fd = 7
Socket not ready, repolling fd = 7
Socket not ready, repolling fd = 7
Socket not ready, repolling fd = 7
Socket not ready, repolling fd = 7
Socket not ready, repolling fd = 7
Socket not ready, repolling fd = 7
Socket not ready, repolling fd = 7
Socket not ready, repolling fd = 7
Socket not ready, repolling fd = 7
Socket not ready, repolling fd = 7
Socket not ready, repolling fd = 7
Socket not ready, repolling fd = 7
Socket not ready, repolling fd = 7
Socket not ready, repolling fd = 7
Socket not ready, repolling fd = 7
Socket not ready, repolling fd = 7
Socket not ready, repolling fd = 7
Socket not ready, repolling fd = 7
Socket not ready, repolling fd = 7
Socket not ready, repolling fd = 7
Socket not ready, repolling fd = 7
Socket not ready, repolling fd = 7
Socket not ready, repolling fd = 7
Socket not ready, repolling fd = 7
Socket not ready, repolling fd = 7
Socket not ready, repolling fd = 7
Socket not ready, repolling fd = 7
Socket not ready, repolling fd = 7
Socket not ready, repolling fd = 7
Socket not ready, repolling fd = 7
Socket not ready, repolling fd = 7
Socket not ready, repolling fd = 7
Socket not ready, repolling fd = 7
Socket not ready, repolling fd = 7
Socket not ready, repolling fd = 7
Socket not ready, repolling fd = 7
Socket not ready, repolling fd = 7
Socket not ready, repolling fd = 7
Socket not ready, repolling fd = 7
Socket not ready, repolling fd = 7
Socket not ready, repolling fd = 7
Socket not ready, repolling fd = 7
Socket not ready, repolling fd = 7
Socket not ready, repolling fd = 7
Socket not ready, repolling fd = 7
Socket not ready, repolling fd = 7
Socket not ready, repolling fd = 7
Socket not ready, repolling fd = 7
Socket not ready, repolling fd = 7
Socket not ready, repolling fd = 7
Socket not ready, repolling fd = 7
Socket not ready, repolling fd = 7
Socket not ready, repolling fd = 7
Socket not ready, repolling fd = 7
Socket not ready, repolling fd = 7
Socket not ready, repolling fd = 7
Socket not ready, repolling fd = 7
Socket not ready, repolling fd = 7
Socket not ready, repolling fd = 7
Socket not ready, repolling fd = 7
Socket not ready, repolling fd = 7
Socket not ready, repolling fd = 7
Socket not ready, repolling fd = 7
Socket not ready, repolling fd = 7
Socket not ready, repolling fd = 7
Socket not ready, repolling fd = 7
Socket not ready, repolling fd = 7
Socket not ready, repolling fd = 7
Socket not ready, repolling fd = 7
Socket not ready, repolling fd = 7
Socket not ready, repolling fd = 7
Socket not ready, repolling fd = 7
Socket not ready, repolling fd = 7
Socket not ready, repolling fd = 7
Socket not ready, repolling fd = 7
Socket not ready, repolling fd = 7
Socket not ready, repolling fd = 7
Socket not ready, repolling fd = 7
Socket not ready, repolling fd = 7
Socket not ready, repolling fd = 7
Socket not ready, repolling fd = 7
Socket not ready, repolling fd = 7
Socket not ready, repolling fd = 7
Socket not ready, repolling fd = 7
Socket not ready, repolling fd = 7
Socket not ready, repolling fd = 7
Socket not ready, repolling fd = 7
Socket not ready, repolling fd = 7
Socket not ready, repolling fd = 7
Socket not ready, repolling fd = 7
Socket not ready, repolling fd = 7
Socket not ready, repolling fd = 7
Socket not ready, repolling fd = 7
Socket not ready, repolling fd = 7
Socket not ready, repolling fd = 7
Socket not ready, repolling fd = 7
Socket not ready, repolling fd = 7
Socket not ready, repolling fd = 7
Socket not ready, repolling fd = 7
Socket not ready, repolling fd = 7
Socket not ready, repolling fd = 7
Socket not ready, repolling fd = 7
Socket not ready, repolling fd = 7
Socket not ready, repolling fd = 7
Socket not ready, repolling fd = 7
Socket not ready, repolling fd = 7
Socket not ready, repolling fd = 7
Socket not ready, repolling fd = 7
Socket not ready, repolling fd = 7
Socket not ready, repolling fd = 7
Socket not ready, repolling fd = 7
Socket not ready, repolling fd = 7
Socket not ready, repolling fd = 7
Socket not ready, repolling fd = 7
Socket not ready, repolling fd = 7
Socket not ready, repolling fd = 7
Socket not ready, repolling fd = 7
Socket not ready, repolling fd = 7
Socket not ready, repolling fd = 7
Socket not ready, repolling fd = 7
Socket not ready, repolling fd = 7
Socket not ready, repolling fd = 7
Socket not ready, repolling fd = 7
Socket not ready, repolling fd = 7
Socket not ready, repolling fd = 7
Socket not ready, repolling fd = 7
Socket not ready, repolling fd = 7
Socket not ready, repolling fd = 7
Socket not ready, repolling fd = 7
Socket not ready, repolling fd = 7
Socket not ready, repolling fd = 7
Socket not ready, repolling fd = 7
Socket not ready, repolling fd = 7
Socket not ready, repolling fd = 7
Socket not ready, repolling fd = 7
Socket not ready, repolling fd = 7
Socket not ready, repolling fd = 7
Socket not ready, repolling fd = 7
Socket not ready, repolling fd = 7
Socket not ready, repolling fd = 7
Socket not ready, repolling fd = 7
Socket not ready, repolling fd = 7
Socket not ready, repolling fd = 7
Socket not ready, repolling fd = 7
Socket not ready, repolling fd = 7
Socket not ready, repolling fd = 7
Socket not ready, repolling fd = 7
Socket not ready, repolling fd = 7
Socket not ready, repolling fd = 7
Socket not ready, repolling fd = 7
Socket not ready, repolling fd = 7
Socket not ready, repolling fd = 7
Socket not ready, repolling fd = 7
Socket not ready, repolling fd = 7
Socket not ready, repolling fd = 7
Socket not ready, repolling fd = 7
Socket not ready, repolling fd = 7
Socket not ready, repolling fd = 7
Socket not ready, repolling fd = 7
Socket not ready, repolling fd = 7
Socket not ready, repolling fd = 7
Socket not ready, repolling fd = 7
Socket not ready, repolling fd = 7
Socket not ready, repolling fd = 7
Socket not ready, repolling fd = 7
Socket not ready, repolling fd = 7
Socket not ready, repolling fd = 7
Socket not ready, repolling fd = 7
Socket not ready, repolling fd = 7
Socket not ready, repolling fd = 7
Socket not ready, repolling fd = 7
Socket not ready, repolling fd = 7
Socket not ready, repolling fd = 7
Socket not ready, repolling fd = 7
Socket not ready, repolling fd = 7
Socket not ready, repolling fd = 7
Socket not ready, repolling fd = 7
Socket not ready, repolling fd = 7
Socket not ready, repolling fd = 7
Socket not ready, repolling fd = 7
Socket not ready, repolling fd = 7
Socket not ready, repolling fd = 7
Socket not ready, repolling fd = 7
Socket not ready, repolling fd = 7
Socket not ready, repolling fd = 7
Socket not ready, repolling fd = 7
Socket not ready, repolling fd = 7
Socket not ready, repolling fd = 7
Socket not ready, repolling fd = 7
Socket not ready, repolling fd = 7
Socket not ready, repolling fd = 7
Socket not ready, repolling fd = 7
Socket not ready, repolling fd = 7
Socket not ready, repolling fd = 7
Socket not ready, repolling fd = 7
Socket not ready, repolling fd = 7
Socket not ready, repolling fd = 7
Socket not ready, repolling fd = 7
Socket not ready, repolling fd = 7
Socket not ready, repolling fd = 7
Socket not ready, repolling fd = 7
Socket not ready, repolling fd = 7
Socket not ready, repolling fd = 7
Socket not ready, repolling fd = 7
Socket not ready, repolling fd = 7
Socket not ready, repolling fd = 7
Socket not ready, repolling fd = 7
Socket not ready, repolling fd = 7
Socket not ready, repolling fd = 7
Socket not ready, repolling fd = 7
Socket not ready, repolling fd = 7
Socket not ready, repolling fd = 7
Socket not ready, repolling fd = 7
Socket not ready, repolling fd = 7
Socket not ready, repolling fd = 7
Socket not ready, repolling fd = 7
Socket not ready, repolling fd = 7
Socket not ready, repolling fd = 7
Socket not ready, repolling fd = 7
Socket not ready, repolling fd = 7
Socket not ready, repolling fd = 7
Socket not ready, repolling fd = 7
Socket not ready, repolling fd = 7
Socket not ready, repolling fd = 7
Socket not ready, repolling fd = 7
Socket not ready, repolling fd = 7
Socket not ready, repolling fd = 7
Socket not ready, repolling fd = 7
Socket not ready, repolling fd = 7
Socket not ready, repolling fd = 7
Socket not ready, repolling fd = 7
Socket not ready, repolling fd = 7
Socket not ready, repolling fd = 7
Socket not ready, repolling fd = 7
Socket not ready, repolling fd = 7
Socket not ready, repolling fd = 7
Socket not ready, repolling fd = 7
Socket not ready, repolling fd = 7
Socket not ready, repolling fd = 7
Socket not ready, repolling fd = 7
Socket not ready, repolling fd = 7
Socket not ready, repolling fd = 7
Socket not ready, repolling fd = 7
Socket not ready, repolling fd = 7
Socket not ready, repolling fd = 7
Socket not ready, repolling fd = 7
Socket not ready, repolling fd = 7
Socket not ready, repolling fd = 7
Socket not ready, repolling fd = 7
Socket not ready, repolling fd = 7
Socket not ready, repolling fd = 7
Socket not ready, repolling fd = 7
Socket not ready, repolling fd = 7
Socket not ready, repolling fd = 7
Socket not ready, repolling fd = 7
Socket not ready, repolling fd = 7
Socket not ready, repolling fd = 7
Socket not ready, repolling fd = 7
Socket not ready, repolling fd = 7
Socket not ready, repolling fd = 7
Socket not ready, repolling fd = 7
Socket not ready, repolling fd = 7
Socket not ready, repolling fd = 7
Socket not ready, repolling fd = 7
Socket not ready, repolling fd = 7
Socket not ready, repolling fd = 7
Socket not ready, repolling fd = 7
Socket not ready, repolling fd = 7
Socket not ready, repolling fd = 7
Socket not ready, repolling fd = 7
Socket not ready, repolling fd = 7
Socket not ready, repolling fd = 7
Socket not ready, repolling fd = 7
Socket not ready, repolling fd = 7
Socket not ready, repolling fd = 7
Socket not ready, repolling fd = 7
Socket not ready, repolling fd = 7
Socket not ready, repolling fd = 7
Socket not ready, repolling fd = 7
Socket not ready, repolling fd = 7
Socket not ready, repolling fd = 7
Socket not ready, repolling fd = 7
Socket not ready, repolling fd = 7
Socket not ready, repolling fd = 7
Socket not ready, repolling fd = 7
Socket not ready, repolling fd = 7
Socket not ready, repolling fd = 7
Socket not ready, repolling fd = 7
Socket not ready, repolling fd = 7
Socket not ready, repolling fd = 7
Socket not ready, repolling fd = 7
Socket not ready, repolling fd = 7
Socket not ready, repolling fd = 7
Socket not ready, repolling fd = 7
Socket not ready, repolling fd = 7
Socket not ready, repolling fd = 7
Socket not ready, repolling fd = 7
Socket not ready, repolling fd = 7
Socket not ready, repolling fd = 7
Socket not ready, repolling fd = 7
Socket not ready, repolling fd = 7
Socket not ready, repolling fd = 7
Socket not ready, repolling fd = 7
Socket not ready, repolling fd = 7
Socket not ready, repolling fd = 7
Socket not ready, repolling fd = 7
Socket not ready, repolling fd = 7
Socket not ready, repolling fd = 7
Socket not ready, repolling fd = 7
Socket not ready, repolling fd = 7
Socket not ready, repolling fd = 7
Socket not ready, repolling fd = 7
Socket not ready, repolling fd = 7
Socket not ready, repolling fd = 7
Socket not ready, repolling fd = 7
Socket not ready, repolling fd = 7
Socket not ready, repolling fd = 7
Socket not ready, repolling fd = 7
Socket not ready, repolling fd = 7
Socket not ready, repolling fd = 7
Socket not ready, repolling fd = 7
Socket not ready, repolling fd = 7
Socket not ready, repolling fd = 7
Socket not ready, repolling fd = 7
Socket not ready, repolling fd = 7
Socket not ready, repolling fd = 7
Socket not ready, repolling fd = 7
Socket not ready, repolling fd = 7
Socket not ready, repolling fd = 7
Socket not ready, repolling fd = 7
Socket not ready, repolling fd = 7
Socket not ready, repolling fd = 7
Socket not ready, repolling fd = 7
Socket not ready, repolling fd = 7
Socket not ready, repolling fd = 7
Socket not ready, repolling fd = 7
Socket not ready, repolling fd = 7
Socket not ready, repolling fd = 7
Socket not ready, repolling fd = 7
Socket not ready, repolling fd = 7
Socket not ready, repolling fd = 7
Socket not ready, repolling fd = 7
Socket not ready, repolling fd = 7
Socket not ready, repolling fd = 7
Socket not ready, repolling fd = 7
Socket not ready, repolling fd = 7
Socket not ready, repolling fd = 7
Socket not ready, repolling fd = 7
Socket not ready, repolling fd = 7
Socket not ready, repolling fd = 7
Socket not ready, repolling fd = 7
Socket not ready, repolling fd = 7
Socket not ready, repolling fd = 7
Socket not ready, repolling fd = 7
Socket not ready, repolling fd = 7
Socket not ready, repolling fd = 7
Socket not ready, repolling fd = 7
Socket not ready, repolling fd = 7
Socket not ready, repolling fd = 7
Socket not ready, repolling fd = 7
Socket not ready, repolling fd = 7
Socket not ready, repolling fd = 7
Socket not ready, repolling fd = 7
Socket not ready, repolling fd = 7
Socket not ready, repolling fd = 7
Socket not ready, repolling fd = 7
Socket not ready, repolling fd = 7
Socket not ready, repolling fd = 7
Socket not ready, repolling fd = 7
Socket not ready, repolling fd = 7
Socket not ready, repolling fd = 7
Socket not ready, repolling fd = 7
Socket not ready, repolling fd = 7
Socket not ready, repolling fd = 7
Socket not ready, repolling fd = 7
Socket not ready, repolling fd = 7
Socket not ready, repolling fd = 7
Socket not ready, repolling fd = 7
Socket not ready, repolling fd = 7
Socket not ready, repolling fd = 7
Socket not ready, repolling fd = 7
Socket not ready, repolling fd = 7
Socket not ready, repolling fd = 7
Socket not ready, repolling fd = 7
Socket not ready, repolling fd = 7
Socket not ready, repolling fd = 7
Socket not ready, repolling fd = 7
Socket not ready, repolling fd = 7
Socket not ready, repolling fd = 7
Socket not ready, repolling fd = 7
Socket not ready, repolling fd = 7
Socket not ready, repolling fd = 7
Socket not ready, repolling fd = 7
Socket not ready, repolling fd = 7
Socket not ready, repolling fd = 7
Socket not ready, repolling fd = 7
Socket not ready, repolling fd = 7
Socket not ready, repolling fd = 7
Socket not ready, repolling fd = 7
Socket not ready, repolling fd = 7
Socket not ready, repolling fd = 7
Socket not ready, repolling fd = 7
Socket not ready, repolling fd = 7
Socket not ready, repolling fd = 7
Socket not ready, repolling fd = 7
Socket not ready, repolling fd = 7
Socket not ready, repolling fd = 7
Socket not ready, repolling fd = 7
Socket not ready, repolling fd = 7
Socket not ready, repolling fd = 7
Socket not ready, repolling fd = 7
Socket not ready, repolling fd = 7
Socket not ready, repolling fd = 7
Socket not ready, repolling fd = 7
Socket not ready, repolling fd = 7
Socket not ready, repolling fd = 7
Socket not ready, repolling fd = 7
Socket not ready, repolling fd = 7
Socket not ready, repolling fd = 7
Socket not ready, repolling fd = 7
Socket not ready, repolling fd = 7
Socket not ready, repolling fd = 7
Socket not ready, repolling fd = 7
Socket not ready, repolling fd = 7
Socket not ready, repolling fd = 7
Socket not ready, repolling fd = 7
Socket not ready, repolling fd = 7
Socket not ready, repolling fd = 7
Socket not ready, repolling fd = 7
Socket not ready, repolling fd = 7
Socket not ready, repolling fd = 7
Socket not ready, repolling fd = 7
Socket not ready, repolling fd = 7
Socket not ready, repolling fd = 7
Socket not ready, repolling fd = 7
Socket not ready, repolling fd = 7
Socket not ready, repolling fd = 7
Socket not ready, repolling fd = 7
Socket not ready, repolling fd = 7
Socket not ready, repolling fd = 7
Socket not ready, repolling fd = 7
Socket not ready, repolling fd = 7
Socket not ready, repolling fd = 7
Socket not ready, repolling fd = 7
Socket not ready, repolling fd = 7
Socket not ready, repolling fd = 7
Socket not ready, repolling fd = 7
Socket not ready, repolling fd = 7
Socket not ready, repolling fd = 7
Socket not ready, repolling fd = 7
Socket not ready, repolling fd = 7
Socket not ready, repolling fd = 7
Socket not ready, repolling fd = 7
Socket not ready, repolling fd = 7
Socket not ready, repolling fd = 7
Socket not ready, repolling fd = 7
Socket not ready, repolling fd = 7
Socket not ready, repolling fd = 7
Socket not ready, repolling fd = 7
Socket not ready, repolling fd = 7
Socket not ready, repolling fd = 7
Socket not ready, repolling fd = 7
Socket not ready, repolling fd = 7
Socket not ready, repolling fd = 7
Socket not ready, repolling fd = 7
Socket not ready, repolling fd = 7
Socket not ready, repolling fd = 7
Socket not ready, repolling fd = 7
Socket not ready, repolling fd = 7
Socket not ready, repolling fd = 7
Socket not ready, repolling fd = 7
Socket not ready, repolling fd = 7
Socket not ready, repolling fd = 7
Socket not ready, repolling fd = 7
Socket not ready, repolling fd = 7
Socket not ready, repolling fd = 7
Socket not ready, repolling fd = 7
Socket not ready, repolling fd = 7
Socket not ready, repolling fd = 7
Socket not ready, repolling fd = 7
Socket not ready, repolling fd = 7
Socket not ready, repolling fd = 7
Socket not ready, repolling fd = 7
Socket not ready, repolling fd = 7
Socket not ready, repolling fd = 7
Socket not ready, repolling fd = 7
Socket not ready, repolling fd = 7
Socket not ready, repolling fd = 7
Socket not ready, repolling fd = 7
Socket not ready, repolling fd = 7
Socket not ready, repolling fd = 7
Socket not ready, repolling fd = 7
Socket not ready, repolling fd = 7
Socket not ready, repolling fd = 7
Socket not ready, repolling fd = 7
Socket not ready, repolling fd = 7
Socket not ready, repolling fd = 7
Socket not ready, repolling fd = 7
Socket not ready, repolling fd = 7
Socket not ready, repolling fd = 7
Socket not ready, repolling fd = 7
Socket not ready, repolling fd = 7
Socket not ready, repolling fd = 7
Socket not ready, repolling fd = 7
Socket not ready, repolling fd = 7
Socket not ready, repolling fd = 7
Socket not ready, repolling fd = 7
Socket not ready, repolling fd = 7
Socket not ready, repolling fd = 9
Socket not ready, repolling fd = 9
Socket not ready, repolling fd = 9
Socket not ready, repolling fd = 9
Socket not ready, repolling fd = 9
Socket not ready, repolling fd = 9
Socket not ready, repolling fd = 9
Socket not ready, repolling fd = 9
Socket not ready, repolling fd = 9
Socket not ready, repolling fd = 9
Socket not ready, repolling fd = 9
Socket not ready, repolling fd = 9
Socket not ready, repolling fd = 9
Socket not ready, repolling fd = 9
Socket not ready, repolling fd = 9
Socket not ready, repolling fd = 9
Socket not ready, repolling fd = 9
Socket not ready, repolling fd = 9
Socket not ready, repolling fd = 9
Socket not ready, repolling fd = 9
Socket not ready, repolling fd = 9
Socket not ready, repolling fd = 9
Socket not ready, repolling fd = 9
Socket not ready, repolling fd = 9
Socket not ready, repolling fd = 9
Socket not ready, repolling fd = 9
Socket not ready, repolling fd = 9
Socket not ready, repolling fd = 9
Socket not ready, repolling fd = 9
Socket not ready, repolling fd = 9
Socket not ready, repolling fd = 9
Socket not ready, repolling fd = 9
Socket not ready, repolling fd = 9
Socket not ready, repolling fd = 9
Socket not ready, repolling fd = 9
Socket not ready, repolling fd = 9
Socket not ready, repolling fd = 9
Socket not ready, repolling fd = 9
Socket not ready, repolling fd = 9
Socket not ready, repolling fd = 9
Socket not ready, repolling fd = 9
Socket not ready, repolling fd = 9
Socket not ready, repolling fd = 9
Socket not ready, repolling fd = 9
Socket not ready, repolling fd = 9
Socket not ready, repolling fd = 9
Socket not ready, repolling fd = 9
Socket not ready, repolling fd = 9
Socket not ready, repolling fd = 9
Socket not ready, repolling fd = 9
Socket not ready, repolling fd = 9
Socket not ready, repolling fd = 9
Socket not ready, repolling fd = 9
Socket not ready, repolling fd = 9
Socket not ready, repolling fd = 9
Socket not ready, repolling fd = 9
Socket not ready, repolling fd = 9
Socket not ready, repolling fd = 9
Socket not ready, repolling fd = 9
Socket not ready, repolling fd = 9
Socket not ready, repolling fd = 9
Socket not ready, repolling fd = 9
Socket not ready, repolling fd = 9
Socket not ready, repolling fd = 9
Socket not ready, repolling fd = 9
Socket not ready, repolling fd = 9
Socket not ready, repolling fd = 9
Socket not ready, repolling fd = 9
Socket not ready, repolling fd = 9
Socket not ready, repolling fd = 9
Socket not ready, repolling fd = 9
Socket not ready, repolling fd = 9
Socket not ready, repolling fd = 9
Socket not ready, repolling fd = 9
Socket not ready, repolling fd = 9
Socket not ready, repolling fd = 9
Socket not ready, repolling fd = 9
Socket not ready, repolling fd = 9
Socket not ready, repolling fd = 9
Socket not ready, repolling fd = 9
Socket not ready, repolling fd = 9
Socket not ready, repolling fd = 9
Socket not ready, repolling fd = 9
Socket not ready, repolling fd = 9
Socket not ready, repolling fd = 9
Socket not ready, repolling fd = 9
Socket not ready, repolling fd = 9
Socket not ready, repolling fd = 9
Socket not ready, repolling fd = 9
Socket not ready, repolling fd = 9
Socket not ready, repolling fd = 9
Socket not ready, repolling fd = 9
Socket not ready, repolling fd = 9
Socket not ready, repolling fd = 9
Socket not ready, repolling fd = 9
Socket not ready, repolling fd = 9
Socket not ready, repolling fd = 9
Socket not ready, repolling fd = 9
Socket not ready, repolling fd = 9
Socket not ready, repolling fd = 9
Socket not ready, repolling fd = 9
Socket not ready, repolling fd = 9
Socket not ready, repolling fd = 9
Socket not ready, repolling fd = 9
Socket not ready, repolling fd = 9
Socket not ready, repolling fd = 9
Socket not ready, repolling fd = 9
Socket not ready, repolling fd = 9
Socket not ready, repolling fd = 9
Socket not ready, repolling fd = 9
Socket not ready, repolling fd = 9
Socket not ready, repolling fd = 9
Socket not ready, repolling fd = 9
Socket not ready, repolling fd = 9
Socket not ready, repolling fd = 9
Socket not ready, repolling fd = 9
Socket not ready, repolling fd = 9
Socket not ready, repolling fd = 9
Socket not ready, repolling fd = 9
Socket not ready, repolling fd = 9
Socket not ready, repolling fd = 9
Socket not ready, repolling fd = 9
Socket not ready, repolling fd = 9
Socket not ready, repolling fd = 9
Socket not ready, repolling fd = 9
Socket not ready, repolling fd = 9
Socket not ready, repolling fd = 9
Socket not ready, repolling fd = 9
Socket not ready, repolling fd = 9
Socket not ready, repolling fd = 9
Socket not ready, repolling fd = 9
Socket not ready, repolling fd = 9
Socket not ready, repolling fd = 9
Socket not ready, repolling fd = 9
Socket not ready, repolling fd = 9
Socket not ready, repolling fd = 9
Socket not ready, repolling fd = 9
Socket not ready, repolling fd = 9
Socket not ready, repolling fd = 9
Socket not ready, repolling fd = 9
Socket not ready, repolling fd = 9
Socket not ready, repolling fd = 9
Socket not ready, repolling fd = 9
Socket not ready, repolling fd = 9
Socket not ready, repolling fd = 9
Socket not ready, repolling fd = 9
Socket not ready, repolling fd = 9
Socket not ready, repolling fd = 9
Socket not ready, repolling fd = 9
Socket not ready, repolling fd = 9
Socket not ready, repolling fd = 9
Socket not ready, repolling fd = 9
Socket not ready, repolling fd = 9
Socket not ready, repolling fd = 9
Socket not ready, repolling fd = 9
Socket not ready, repolling fd = 9
Socket not ready, repolling fd = 9
Socket not ready, repolling fd = 9
Socket not ready, repolling fd = 9
Socket not ready, repolling fd = 9
Socket not ready, repolling fd = 9
Socket not ready, repolling fd = 9
Socket not ready, repolling fd = 9
Socket not ready, repolling fd = 9
Socket not ready, repolling fd = 9
Socket not ready, repolling fd = 9
Socket not ready, repolling fd = 9
Socket not ready, repolling fd = 9
Socket not ready, repolling fd = 9
Socket not ready, repolling fd = 9
Socket not ready, repolling fd = 9
Socket not ready, repolling fd = 9
Socket not ready, repolling fd = 9
Socket not ready, repolling fd = 9
Socket not ready, repolling fd = 9
Socket not ready, repolling fd = 9
Socket not ready, repolling fd = 9
Socket not ready, repolling fd = 9
Socket not ready, repolling fd = 9
Socket not ready, repolling fd = 9
Socket not ready, repolling fd = 9
Socket not ready, repolling fd = 9
Socket not ready, repolling fd = 9
Socket not ready, repolling fd = 9
Socket not ready, repolling fd = 9
Socket not ready, repolling fd = 9
Socket not ready, repolling fd = 9
Socket not ready, repolling fd = 9
Socket not ready, repolling fd = 9
Socket not ready, repolling fd = 9
Socket not ready, repolling fd = 9
Socket not ready, repolling fd = 9
Socket not ready, repolling fd = 9
Socket not ready, repolling fd = 9
Socket not ready, repolling fd = 9
Socket not ready, repolling fd = 9
Socket not ready, repolling fd = 9
Socket not ready, repolling fd = 9
Socket not ready, repolling fd = 9
Socket not ready, repolling fd = 9
Socket not ready, repolling fd = 9
Socket not ready, repolling fd = 9
Socket not ready, repolling fd = 9
Socket not ready, repolling fd = 9
Socket not ready, repolling fd = 9
Socket not ready, repolling fd = 9
Socket not ready, repolling fd = 9
Socket not ready, repolling fd = 9
Socket not ready, repolling fd = 9
Socket not ready, repolling fd = 9
Socket not ready, repolling fd = 9
Socket not ready, repolling fd = 9
Socket not ready, repolling fd = 9
Socket not ready, repolling fd = 9
Socket not ready, repolling fd = 9
Socket not ready, repolling fd = 9
Socket not ready, repolling fd = 9
Socket not ready, repolling fd = 9
Socket not ready, repolling fd = 9
Socket not ready, repolling fd = 9
Socket not ready, repolling fd = 9
Socket not ready, repolling fd = 9
Socket not ready, repolling fd = 9
Socket not ready, repolling fd = 9
Socket not ready, repolling fd = 9
Socket not ready, repolling fd = 9
Socket not ready, repolling fd = 9
Socket not ready, repolling fd = 9
Socket not ready, repolling fd = 9
Socket not ready, repolling fd = 9
Socket not ready, repolling fd = 9
Socket not ready, repolling fd = 9
Socket not ready, repolling fd = 9
Socket not ready, repolling fd = 9
Socket not ready, repolling fd = 9
Socket not ready, repolling fd = 9
Socket not ready, repolling fd = 9
Socket not ready, repolling fd = 9
Socket not ready, repolling fd = 9
Socket not ready, repolling fd = 9
Socket not ready, repolling fd = 9
Socket not ready, repolling fd = 9
Socket not ready, repolling fd = 9
Socket not ready, repolling fd = 9
Socket not ready, repolling fd = 9
Socket not ready, repolling fd = 9
Socket not ready, repolling fd = 9
Socket not ready, repolling fd = 9
Socket not ready, repolling fd = 9
Socket not ready, repolling fd = 9
Socket not ready, repolling fd = 9
Socket not ready, repolling fd = 9
Socket not ready, repolling fd = 9
Socket not ready, repolling fd = 9
Socket not ready, repolling fd = 9
Socket not ready, repolling fd = 9
Socket not ready, repolling fd = 9
Socket not ready, repolling fd = 9
Socket not ready, repolling fd = 9
Socket not ready, repolling fd = 9
Socket not ready, repolling fd = 9
Socket not ready, repolling fd = 9
Socket not ready, repolling fd = 9
Socket not ready, repolling fd = 9
Socket not ready, repolling fd = 9
Socket not ready, repolling fd = 9
Socket not ready, repolling fd = 9
Socket not ready, repolling fd = 9
Socket not ready, repolling fd = 9
Socket not ready, repolling fd = 9
Socket not ready, repolling fd = 9
Socket not ready, repolling fd = 9
Socket not ready, repolling fd = 9
Socket not ready, repolling fd = 9
Socket not ready, repolling fd = 9
Socket not ready, repolling fd = 9
Socket not ready, repolling fd = 9
Socket not ready, repolling fd = 9
Socket not ready, repolling fd = 9
Socket not ready, repolling fd = 9
Socket not ready, repolling fd = 9
Socket not ready, repolling fd = 9
Socket not ready, repolling fd = 9
Socket not ready, repolling fd = 9
Socket not ready, repolling fd = 9
Socket not ready, repolling fd = 9
Socket not ready, repolling fd = 9
Socket not ready, repolling fd = 9
Socket not ready, repolling fd = 9
Socket not ready, repolling fd = 9
Socket not ready, repolling fd = 9
Socket not ready, repolling fd = 9
Socket not ready, repolling fd = 9
Socket not ready, repolling fd = 9
Socket not ready, repolling fd = 9
Socket not ready, repolling fd = 9
Socket not ready, repolling fd = 9
Socket not ready, repolling fd = 9
Socket not ready, repolling fd = 9
Socket not ready, repolling fd = 9
Socket not ready, repolling fd = 9
Socket not ready, repolling fd = 9
Socket not ready, repolling fd = 9
Socket not ready, repolling fd = 9
Socket not ready, repolling fd = 9
Socket not ready, repolling fd = 9
Socket not ready, repolling fd = 9
Socket not ready, repolling fd = 9
Socket not ready, repolling fd = 9
Socket not ready, repolling fd = 9
Socket not ready, repolling fd = 9
Socket not ready, repolling fd = 9
Socket not ready, repolling fd = 9
Socket not ready, repolling fd = 9
Socket not ready, repolling fd = 9
Socket not ready, repolling fd = 9
Socket not ready, repolling fd = 9
Socket not ready, repolling fd = 9
Socket not ready, repolling fd = 9
Socket not ready, repolling fd = 9
Socket not ready, repolling fd = 9
Socket not ready, repolling fd = 9
Socket not ready, repolling fd = 9
Socket not ready, repolling fd = 9
Socket not ready, repolling fd = 9
Socket not ready, repolling fd = 9
Socket not ready, repolling fd = 9
Socket not ready, repolling fd = 9
Socket not ready, repolling fd = 9
Socket not ready, repolling fd = 9
Socket not ready, repolling fd = 9
Socket not ready, repolling fd = 9
Socket not ready, repolling fd = 9
Socket not ready, repolling fd = 9
Socket not ready, repolling fd = 9
Socket not ready, repolling fd = 9
Socket not ready, repolling fd = 9
Socket not ready, repolling fd = 9
Socket not ready, repolling fd = 9
Socket not ready, repolling fd = 9
Socket not ready, repolling fd = 9
Socket not ready, repolling fd = 9
Socket not ready, repolling fd = 9
Socket not ready, repolling fd = 9
Socket not ready, repolling fd = 9
Socket not ready, repolling fd = 9
Socket not ready, repolling fd = 9
Socket not ready, repolling fd = 9
Socket not ready, repolling fd = 9
Socket not ready, repolling fd = 9
Socket not ready, repolling fd = 9
Socket not ready, repolling fd = 9
Socket not ready, repolling fd = 9
Socket not ready, repolling fd = 9
Socket not ready, repolling fd = 9
Socket not ready, repolling fd = 9
Socket not ready, repolling fd = 9
Socket not ready, repolling fd = 9
Socket not ready, repolling fd = 9
Socket not ready, repolling fd = 9
Socket not ready, repolling fd = 9
Socket not ready, repolling fd = 9
Socket not ready, repolling fd = 9
Socket not ready, repolling fd = 9
Socket not ready, repolling fd = 9
Socket not ready, repolling fd = 9
Socket not ready, repolling fd = 9
Socket not ready, repolling fd = 9
Socket not ready, repolling fd = 9
Socket not ready, repolling fd = 9
Socket not ready, repolling fd = 9
Socket not ready, repolling fd = 9
Socket not ready, repolling fd = 9
Socket not ready, repolling fd = 9
Socket not ready, repolling fd = 9
Socket not ready, repolling fd = 9
Socket not ready, repolling fd = 9
Socket not ready, repolling fd = 9
Socket not ready, repolling fd = 9
Socket not ready, repolling fd = 9
Socket not ready, repolling fd = 9
Socket not ready, repolling fd = 9
Socket not ready, repolling fd = 9
Socket not ready, repolling fd = 9
Socket not ready, repolling fd = 9
Socket not ready, repolling fd = 9
Socket not ready, repolling fd = 9
Socket not ready, repolling fd = 9
Socket not ready, repolling fd = 9
Socket not ready, repolling fd = 9
Socket not ready, repolling fd = 9
Socket not ready, repolling fd = 9
Socket not ready, repolling fd = 9
Socket not ready, repolling fd = 9
Socket not ready, repolling fd = 9
Socket not ready, repolling fd = 9
Socket not ready, repolling fd = 9
Socket not ready, repolling fd = 9
Socket not ready, repolling fd = 9
Socket not ready, repolling fd = 9
Socket not ready, repolling fd = 9
Socket not ready, repolling fd = 9
Socket not ready, repolling fd = 9
Socket not ready, repolling fd = 9
Socket not ready, repolling fd = 9
Socket not ready, repolling fd = 9
Socket not ready, repolling fd = 9
Socket not ready, repolling fd = 9
Socket not ready, repolling fd = 9
Socket not ready, repolling fd = 9
Socket not ready, repolling fd = 9
Socket not ready, repolling fd = 9
Socket not ready, repolling fd = 9
Socket not ready, repolling fd = 9
Socket not ready, repolling fd = 9
Socket not ready, repolling fd = 9
Socket not ready, repolling fd = 9
Socket not ready, repolling fd = 9
Socket not ready, repolling fd = 9
Socket not ready, repolling fd = 9
Socket not ready, repolling fd = 9
Socket not ready, repolling fd = 9
Socket not ready, repolling fd = 9
Socket not ready, repolling fd = 9
Socket not ready, repolling fd = 9
Socket not ready, repolling fd = 9
Socket not ready, repolling fd = 9
Socket not ready, repolling fd = 9
Socket not ready, repolling fd = 9
Socket not ready, repolling fd = 9
Socket not ready, repolling fd = 9
Socket not ready, repolling fd = 9
Socket not ready, repolling fd = 9
Socket not ready, repolling fd = 9
Socket not ready, repolling fd = 9
Socket not ready, repolling fd = 9
Socket not ready, repolling fd = 9
Socket not ready, repolling fd = 9
Socket not ready, repolling fd = 9
Socket not ready, repolling fd = 9
Socket not ready, repolling fd = 9
Socket not ready, repolling fd = 9
Socket not ready, repolling fd = 9
Socket not ready, repolling fd = 9
Socket not ready, repolling fd = 9
Socket not ready, repolling fd = 9
Socket not ready, repolling fd = 9
Socket not ready, repolling fd = 9
Socket not ready, repolling fd = 9
Socket not ready, repolling fd = 9
Socket not ready, repolling fd = 9
Socket not ready, repolling fd = 9
Socket not ready, repolling fd = 9
Socket not ready, repolling fd = 9
Socket not ready, repolling fd = 9
Socket not ready, repolling fd = 9
Socket not ready, repolling fd = 9
Socket not ready, repolling fd = 9
Socket not ready, repolling fd = 9
Socket not ready, repolling fd = 9
Socket not ready, repolling fd = 9
Socket not ready, repolling fd = 9
Socket not ready, repolling fd = 9
Socket not ready, repolling fd = 9
Socket not ready, repolling fd = 9
Socket not ready, repolling fd = 9
Socket not ready, repolling fd = 9
Socket not ready, repolling fd = 9
Socket not ready, repolling fd = 9
Socket not ready, repolling fd = 9
Socket not ready, repolling fd = 9
Socket not ready, repolling fd = 9
Socket not ready, repolling fd = 9
Socket not ready, repolling fd = 9
Socket not ready, repolling fd = 9
Socket not ready, repolling fd = 9
Socket not ready, repolling fd = 9
Socket not ready, repolling fd = 9
Socket not ready, repolling fd = 9
Socket not ready, repolling fd = 9
Socket not ready, repolling fd = 9
Socket not ready, repolling fd = 9
Socket not ready, repolling fd = 9
Socket not ready, repolling fd = 9
Socket not ready, repolling fd = 9
Socket not ready, repolling fd = 9
Socket not ready, repolling fd = 9
Socket not ready, repolling fd = 9
Socket not ready, repolling fd = 9
Socket not ready, repolling fd = 9
Socket not ready, repolling fd = 9
Socket not ready, repolling fd = 9
Socket not ready, repolling fd = 9
Socket not ready, repolling fd = 9
Socket not ready, repolling fd = 9
Socket not ready, repolling fd = 9
Socket not ready, repolling fd = 9
Socket not ready, repolling fd = 9
Socket not ready, repolling fd = 9
Socket not ready, repolling fd = 9
Socket not ready, repolling fd = 9
Socket not ready, repolling fd = 9
Socket not ready, repolling fd = 9
Socket not ready, repolling fd = 9
Socket not ready, repolling fd = 9
Socket not ready, repolling fd = 9
Socket not ready, repolling fd = 9
Socket not ready, repolling fd = 9
Socket not ready, repolling fd = 9
Socket not ready, repolling fd = 9
Socket not ready, repolling fd = 9
Socket not ready, repolling fd = 9
Socket not ready, repolling fd = 9
Socket not ready, repolling fd = 9
Socket not ready, repolling fd = 9
Socket not ready, repolling fd = 9
Socket not ready, repolling fd = 9
Socket not ready, repolling fd = 9
Socket not ready, repolling fd = 9
Socket not ready, repolling fd = 9
Socket not ready, repolling fd = 9
Socket not ready, repolling fd = 9
Socket not ready, repolling fd = 9
Socket not ready, repolling fd = 9
Socket not ready, repolling fd = 9
Socket not ready, repolling fd = 9
Socket not ready, repolling fd = 9
Socket not ready, repolling fd = 9
Socket not ready, repolling fd = 9
Socket not ready, repolling fd = 9
Socket not ready, repolling fd = 9
Socket not ready, repolling fd = 9
Socket not ready, repolling fd = 9
Socket not ready, repolling fd = 9
Socket not ready, repolling fd = 9
Socket not ready, repolling fd = 9
Socket not ready, repolling fd = 9
Socket not ready, repolling fd = 9
Socket not ready, repolling fd = 9
Socket not ready, repolling fd = 9
Socket not ready, repolling fd = 9
Socket not ready, repolling fd = 9
Socket not ready, repolling fd = 9
Socket not ready, repolling fd = 9
Socket not ready, repolling fd = 9
Socket not ready, repolling fd = 9
Socket not ready, repolling fd = 9
Socket not ready, repolling fd = 9
Socket not ready, repolling fd = 9
Socket not ready, repolling fd = 9
Socket not ready, repolling fd = 9
Socket not ready, repolling fd = 9
Socket not ready, repolling fd = 9
Socket not ready, repolling fd = 9
Socket not ready, repolling fd = 9
Socket not ready, repolling fd = 9
Socket not ready, repolling fd = 9
Socket not ready, repolling fd = 9
Socket not ready, repolling fd = 9
Socket not ready, repolling fd = 9
Socket not ready, repolling fd = 9
Socket not ready, repolling fd = 9
Socket not ready, repolling fd = 9
Socket not ready, repolling fd = 9
Socket not ready, repolling fd = 9
Socket not ready, repolling fd = 9
Socket not ready, repolling fd = 9
Socket not ready, repolling fd = 9
Socket not ready, repolling fd = 9
Socket not ready, repolling fd = 9
Socket not ready, repolling fd = 9
Socket not ready, repolling fd = 9
Socket not ready, repolling fd = 9
Socket not ready, repolling fd = 9
Socket not ready, repolling fd = 9
Socket not ready, repolling fd = 9
Socket not ready, repolling fd = 9
Socket not ready, repolling fd = 9
Socket not ready, repolling fd = 9
Socket not ready, repolling fd = 9
Socket not ready, repolling fd = 9
Socket not ready, repolling fd = 9
Socket not ready, repolling fd = 9
Socket not ready, repolling fd = 9
Socket not ready, repolling fd = 9
Socket not ready, repolling fd = 9
Socket not ready, repolling fd = 9
Socket not ready, repolling fd = 9
Socket not ready, repolling fd = 9
Socket not ready, repolling fd = 9
Socket not ready, repolling fd = 9
Socket not ready, repolling fd = 9
Socket not ready, repolling fd = 9
Socket not ready, repolling fd = 9
Socket not ready, repolling fd = 9
Socket not ready, repolling fd = 9
Socket not ready, repolling fd = 9
Socket not ready, repolling fd = 9
Socket not ready, repolling fd = 9
Socket not ready, repolling fd = 9
Socket not ready, repolling fd = 9
Socket not ready, repolling fd = 9
Socket not ready, repolling fd = 9
Socket not ready, repolling fd = 9
Socket not ready, repolling fd = 9
Socket not ready, repolling fd = 9
Socket not ready, repolling fd = 9
Socket not ready, repolling fd = 9
Socket not ready, repolling fd = 9
Socket not ready, repolling fd = 9
Socket not ready, repolling fd = 9
Socket not ready, repolling fd = 9
Socket not ready, repolling fd = 9
Socket not ready, repolling fd = 9
Socket not ready, repolling fd = 9
Socket not ready, repolling fd = 9
Socket not ready, repolling fd = 9
Socket not ready, repolling fd = 9
Socket not ready, repolling fd = 9
Socket not ready, repolling fd = 9
Socket not ready, repolling fd = 9
Socket not ready, repolling fd = 9
Socket not ready, repolling fd = 9
Socket not ready, repolling fd = 9
Socket not ready, repolling fd = 9
Socket not ready, repolling fd = 9
Socket not ready, repolling fd = 9
Socket not ready, repolling fd = 9
Socket not ready, repolling fd = 9
Socket not ready, repolling fd = 9
Socket not ready, repolling fd = 9
Socket not ready, repolling fd = 9
Socket not ready, repolling fd = 9
Socket not ready, repolling fd = 9
Socket not ready, repolling fd = 9
Socket not ready, repolling fd = 9
Socket not ready, repolling fd = 9
Socket not ready, repolling fd = 9
Socket not ready, repolling fd = 9
Socket not ready, repolling fd = 9
Socket not ready, repolling fd = 9
Socket not ready, repolling fd = 9
Socket not ready, repolling fd = 9
Socket not ready, repolling fd = 9
Socket not ready, repolling fd = 9
Socket not ready, repolling fd = 9
Socket not ready, repolling fd = 9
Socket not ready, repolling fd = 9
Socket not ready, repolling fd = 9
Socket not ready, repolling fd = 9
Socket not ready, repolling fd = 9
Socket not ready, repolling fd = 9
Socket not ready, repolling fd = 9
Socket not ready, repolling fd = 9
Socket not ready, repolling fd = 9
Socket not ready, repolling fd = 9
Socket not ready, repolling fd = 9
Socket not ready, repolling fd = 9
Socket not ready, repolling fd = 9
Socket not ready, repolling fd = 9
Socket not ready, repolling fd = 9
Socket not ready, repolling fd = 9
Socket not ready, repolling fd = 9
Socket not ready, repolling fd = 9
Socket not ready, repolling fd = 9
Socket not ready, repolling fd = 9
Socket not ready, repolling fd = 9
Socket not ready, repolling fd = 9
Socket not ready, repolling fd = 9
Socket not ready, repolling fd = 9
Socket not ready, repolling fd = 9
Socket not ready, repolling fd = 9
Socket not ready, repolling fd = 9
Socket not ready, repolling fd = 9
Socket not ready, repolling fd = 9
Socket not ready, repolling fd = 9
Socket not ready, repolling fd = 9
Socket not ready, repolling fd = 9
Socket not ready, repolling fd = 9
Socket not ready, repolling fd = 9
Socket not ready, repolling fd = 9
Socket not ready, repolling fd = 9
Socket not ready, repolling fd = 9
Socket not ready, repolling fd = 9
Socket not ready, repolling fd = 9
Socket not ready, repolling fd = 9
Socket not ready, repolling fd = 9
Socket not ready, repolling fd = 9
Socket not ready, repolling fd = 9
Socket not ready, repolling fd = 9
Socket not ready, repolling fd = 9
Socket not ready, repolling fd = 9
Socket not ready, repolling fd = 9
Socket not ready, repolling fd = 9
Socket not ready, repolling fd = 9
Socket not ready, repolling fd = 9
Socket not ready, repolling fd = 9
Socket not ready, repolling fd = 9
Socket not ready, repolling fd = 9
Socket not ready, repolling fd = 9
Socket not ready, repolling fd = 9
Socket not ready, repolling fd = 9
Socket not ready, repolling fd = 9
Socket not ready, repolling fd = 9
Socket not ready, repolling fd = 9
Socket not ready, repolling fd = 8
Socket not ready, repolling fd = 8
Socket not ready, repolling fd = 8
Socket not ready, repolling fd = 8
Socket not ready, repolling fd = 8
Socket not ready, repolling fd = 8
Socket not ready, repolling fd = 8
Socket not ready, repolling fd = 8
Socket not ready, repolling fd = 8
Socket not ready, repolling fd = 8
Socket not ready, repolling fd = 8
Socket not ready, repolling fd = 8
Socket not ready, repolling fd = 8
Socket not ready, repolling fd = 8
Socket not ready, repolling fd = 8
Socket not ready, repolling fd = 8
Socket not ready, repolling fd = 8
Socket not ready, repolling fd = 8
Socket not ready, repolling fd = 8
Socket not ready, repolling fd = 8
Socket not ready, repolling fd = 8
Socket not ready, repolling fd = 8
Socket not ready, repolling fd = 8
Socket not ready, repolling fd = 8
Socket not ready, repolling fd = 8
Socket not ready, repolling fd = 8
Socket not ready, repolling fd = 8
Socket not ready, repolling fd = 8
Socket not ready, repolling fd = 8
Socket not ready, repolling fd = 8
Socket not ready, repolling fd = 8
Socket not ready, repolling fd = 8
Socket not ready, repolling fd = 8
Socket not ready, repolling fd = 8
Socket not ready, repolling fd = 8
Socket not ready, repolling fd = 8
Socket not ready, repolling fd = 8
Socket not ready, repolling fd = 8
Socket not ready, repolling fd = 8
Socket not ready, repolling fd = 8
Socket not ready, repolling fd = 8
Socket not ready, repolling fd = 8
Socket not ready, repolling fd = 8
Socket not ready, repolling fd = 8
Socket not ready, repolling fd = 8
Socket not ready, repolling fd = 8
Socket not ready, repolling fd = 8
Socket not ready, repolling fd = 8
Socket not ready, repolling fd = 8
Socket not ready, repolling fd = 8
Socket not ready, repolling fd = 8
Socket not ready, repolling fd = 8
Socket not ready, repolling fd = 8
Socket not ready, repolling fd = 8
Socket not ready, repolling fd = 8
Socket not ready, repolling fd = 8
Socket not ready, repolling fd = 8
Socket not ready, repolling fd = 8
Socket not ready, repolling fd = 8
Socket not ready, repolling fd = 8
Socket not ready, repolling fd = 8
Socket not ready, repolling fd = 8
Socket not ready, repolling fd = 8
Socket not ready, repolling fd = 8
Socket not ready, repolling fd = 8
Socket not ready, repolling fd = 8
Socket not ready, repolling fd = 8
Socket not ready, repolling fd = 8
Socket not ready, repolling fd = 8
Socket not ready, repolling fd = 8
Socket not ready, repolling fd = 8
Socket not ready, repolling fd = 8
Socket not ready, repolling fd = 8
Socket not ready, repolling fd = 8
Socket not ready, repolling fd = 8
Socket not ready, repolling fd = 8
Socket not ready, repolling fd = 8
Socket not ready, repolling fd = 8
Socket not ready, repolling fd = 8
Socket not ready, repolling fd = 8
Socket not ready, repolling fd = 8
Socket not ready, repolling fd = 8
Socket not ready, repolling fd = 8
Socket not ready, repolling fd = 8
Socket not ready, repolling fd = 8
Socket not ready, repolling fd = 8
Socket not ready, repolling fd = 8
Socket not ready, repolling fd = 8
Socket not ready, repolling fd = 8
Socket not ready, repolling fd = 8
Socket not ready, repolling fd = 8
Socket not ready, repolling fd = 8
Socket not ready, repolling fd = 8
Socket not ready, repolling fd = 8
Socket not ready, repolling fd = 8
Socket not ready, repolling fd = 8
Socket not ready, repolling fd = 8
Socket not ready, repolling fd = 8
Socket not ready, repolling fd = 8
Socket not ready, repolling fd = 8
Socket not ready, repolling fd = 8
Socket not ready, repolling fd = 8
Socket not ready, repolling fd = 8
Socket not ready, repolling fd = 8
Socket not ready, repolling fd = 8
Socket not ready, repolling fd = 8
Socket not ready, repolling fd = 8
Socket not ready, repolling fd = 8
Socket not ready, repolling fd = 8
Socket not ready, repolling fd = 8
Socket not ready, repolling fd = 8
Socket not ready, repolling fd = 8
Socket not ready, repolling fd = 8
Socket not ready, repolling fd = 8
Socket not ready, repolling fd = 8
Socket not ready, repolling fd = 8
Socket not ready, repolling fd = 8
Socket not ready, repolling fd = 8
Socket not ready, repolling fd = 8
Socket not ready, repolling fd = 8
Socket not ready, repolling fd = 8
Socket not ready, repolling fd = 8
Socket not ready, repolling fd = 8
Socket not ready, repolling fd = 8
Socket not ready, repolling fd = 8
Socket not ready, repolling fd = 8
Socket not ready, repolling fd = 8
Socket not ready, repolling fd = 8
Socket not ready, repolling fd = 8
Socket not ready, repolling fd = 8
Socket not ready, repolling fd = 8
Socket not ready, repolling fd = 8
Socket not ready, repolling fd = 8
Socket not ready, repolling fd = 8
Socket not ready, repolling fd = 8
Socket not ready, repolling fd = 8
Socket not ready, repolling fd = 8
Socket not ready, repolling fd = 8
Socket not ready, repolling fd = 8
Socket not ready, repolling fd = 8
Socket not ready, repolling fd = 8
Socket not ready, repolling fd = 8
Socket not ready, repolling fd = 8
Socket not ready, repolling fd = 8
Socket not ready, repolling fd = 8
Socket not ready, repolling fd = 8
Socket not ready, repolling fd = 8
Socket not ready, repolling fd = 8
Socket not ready, repolling fd = 8
Socket not ready, repolling fd = 8
Socket not ready, repolling fd = 8
Socket not ready, repolling fd = 8
Socket not ready, repolling fd = 8
Socket not ready, repolling fd = 8
Socket not ready, repolling fd = 8
Socket not ready, repolling fd = 8
Socket not ready, repolling fd = 8
Socket not ready, repolling fd = 8
Socket not ready, repolling fd = 8
Socket not ready, repolling fd = 8
Socket not ready, repolling fd = 8
Socket not ready, repolling fd = 8
Socket not ready, repolling fd = 8
Socket not ready, repolling fd = 8
Socket not ready, repolling fd = 8
Socket not ready, repolling fd = 8
Socket not ready, repolling fd = 8
Socket not ready, repolling fd = 8
Socket not ready, repolling fd = 8
Socket not ready, repolling fd = 8
Socket not ready, repolling fd = 8
Socket not ready, repolling fd = 8
Socket not ready, repolling fd = 8
Socket not ready, repolling fd = 8
Socket not ready, repolling fd = 8
Socket not ready, repolling fd = 8
Socket not ready, repolling fd = 8
Socket not ready, repolling fd = 8
Socket not ready, repolling fd = 8
Socket not ready, repolling fd = 8
Socket not ready, repolling fd = 8
Socket not ready, repolling fd = 8
Socket not ready, repolling fd = 8
Socket not ready, repolling fd = 8
Socket not ready, repolling fd = 8
Socket not ready, repolling fd = 8
Socket not ready, repolling fd = 8
Socket not ready, repolling fd = 8
Socket not ready, repolling fd = 8
Socket not ready, repolling fd = 8
Socket not ready, repolling fd = 8
Socket not ready, repolling fd = 8
Socket not ready, repolling fd = 8
Socket not ready, repolling fd = 8
Socket not ready, repolling fd = 8
Socket not ready, repolling fd = 8
Socket not ready, repolling fd = 8
Socket not ready, repolling fd = 8
Socket not ready, repolling fd = 8
Socket not ready, repolling fd = 8
Socket not ready, repolling fd = 8
Socket not ready, repolling fd = 8
Socket not ready, repolling fd = 8
Socket not ready, repolling fd = 8
Socket not ready, repolling fd = 8
Socket not ready, repolling fd = 8
Socket not ready, repolling fd = 8
Socket not ready, repolling fd = 8
Socket not ready, repolling fd = 8
Socket not ready, repolling fd = 8
Socket not ready, repolling fd = 8
Socket not ready, repolling fd = 8
Socket not ready, repolling fd = 8
Socket not ready, repolling fd = 8
Socket not ready, repolling fd = 8
Socket not ready, repolling fd = 8
Socket not ready, repolling fd = 8
Socket not ready, repolling fd = 8
Socket not ready, repolling fd = 8
Socket not ready, repolling fd = 8
Socket not ready, repolling fd = 8
Socket not ready, repolling fd = 8
Socket not ready, repolling fd = 8
Socket not ready, repolling fd = 8
Socket not ready, repolling fd = 8
Socket not ready, repolling fd = 8
Socket not ready, repolling fd = 8
Socket not ready, repolling fd = 8
Socket not ready, repolling fd = 8
Socket not ready, repolling fd = 8
Socket not ready, repolling fd = 8
Socket not ready, repolling fd = 8
Socket not ready, repolling fd = 8
Socket not ready, repolling fd = 8
Socket not ready, repolling fd = 8
Socket not ready, repolling fd = 8
Socket not ready, repolling fd = 8
Socket not ready, repolling fd = 8
Socket not ready, repolling fd = 8
Socket not ready, repolling fd = 8
Socket not ready, repolling fd = 8
Socket not ready, repolling fd = 8
Socket not ready, repolling fd = 8
Socket not ready, repolling fd = 8
Socket not ready, repolling fd = 8
Socket not ready, repolling fd = 8
Socket not ready, repolling fd = 8
Socket not ready, repolling fd = 8
Socket not ready, repolling fd = 8
Socket not ready, repolling fd = 8
Socket not ready, repolling fd = 8
Socket not ready, repolling fd = 8
Socket not ready, repolling fd = 8
Socket not ready, repolling fd = 8
Socket not ready, repolling fd = 8
Socket not ready, repolling fd = 8
Socket not ready, repolling fd = 8
Socket not ready, repolling fd = 8
Socket not ready, repolling fd = 8
Socket not ready, repolling fd = 8
Socket not ready, repolling fd = 8
Socket not ready, repolling fd = 8
Socket not ready, repolling fd = 8
Socket not ready, repolling fd = 8
Socket not ready, repolling fd = 8
Socket not ready, repolling fd = 8
Socket not ready, repolling fd = 8
Socket not ready, repolling fd = 8
Socket not ready, repolling fd = 8
Socket not ready, repolling fd = 8
Socket not ready, repolling fd = 8
Socket not ready, repolling fd = 8
Socket not ready, repolling fd = 8
Socket not ready, repolling fd = 8
Socket not ready, repolling fd = 8
Socket not ready, repolling fd = 8
Socket not ready, repolling fd = 8
Socket not ready, repolling fd = 8
Socket not ready, repolling fd = 8
Socket not ready, repolling fd = 8
Socket not ready, repolling fd = 8
Socket not ready, repolling fd = 8
Socket not ready, repolling fd = 8
Socket not ready, repolling fd = 8
Socket not ready, repolling fd = 8
Socket not ready, repolling fd = 8
Socket not ready, repolling fd = 8
Socket not ready, repolling fd = 8
Socket not ready, repolling fd = 8
Socket not ready, repolling fd = 8
Socket not ready, repolling fd = 8
Socket not ready, repolling fd = 8
Socket not ready, repolling fd = 8
Socket not ready, repolling fd = 8
Socket not ready, repolling fd = 8
Socket not ready, repolling fd = 8
Socket not ready, repolling fd = 8
Socket not ready, repolling fd = 8
Socket not ready, repolling fd = 8
Socket not ready, repolling fd = 8
Socket not ready, repolling fd = 8
Socket not ready, repolling fd = 8
Socket not ready, repolling fd = 8
Socket not ready, repolling fd = 8
Socket not ready, repolling fd = 8
Socket not ready, repolling fd = 8
Socket not ready, repolling fd = 8
Socket not ready, repolling fd = 8
Socket not ready, repolling fd = 8
Socket not ready, repolling fd = 8
Socket not ready, repolling fd = 8
Socket not ready, repolling fd = 8
Socket not ready, repolling fd = 8
Socket not ready, repolling fd = 8
Socket not ready, repolling fd = 8
Socket not ready, repolling fd = 8
Socket not ready, repolling fd = 8
Socket not ready, repolling fd = 8
Socket not ready, repolling fd = 8
Socket not ready, repolling fd = 8
Socket not ready, repolling fd = 8
Socket not ready, repolling fd = 8
Socket not ready, repolling fd = 8
Socket not ready, repolling fd = 8
Socket not ready, repolling fd = 8
Socket not ready, repolling fd = 8
Socket not ready, repolling fd = 8
Socket not ready, repolling fd = 8
Socket not ready, repolling fd = 8
Socket not ready, repolling fd = 8
Socket not ready, repolling fd = 8
Socket not ready, repolling fd = 8
Socket not ready, repolling fd = 8
Socket not ready, repolling fd = 8
Socket not ready, repolling fd = 8
Socket not ready, repolling fd = 8
Socket not ready, repolling fd = 8
Socket not ready, repolling fd = 8
Socket not ready, repolling fd = 8
Socket not ready, repolling fd = 8
Socket not ready, repolling fd = 8
Socket not ready, repolling fd = 8
Socket not ready, repolling fd = 8
Socket not ready, repolling fd = 8
Socket not ready, repolling fd = 8
Socket not ready, repolling fd = 8
Socket not ready, repolling fd = 8
Socket not ready, repolling fd = 8
Socket not ready, repolling fd = 8
Socket not ready, repolling fd = 8
Socket not ready, repolling fd = 8
Socket not ready, repolling fd = 8
Socket not ready, repolling fd = 8
Socket not ready, repolling fd = 8
Socket not ready, repolling fd = 8
Socket not ready, repolling fd = 8
Socket not ready, repolling fd = 8
Socket not ready, repolling fd = 8
Socket not ready, repolling fd = 8
Socket not ready, repolling fd = 8
Socket not ready, repolling fd = 8
Socket not ready, repolling fd = 8
Socket not ready, repolling fd = 8
Socket not ready, repolling fd = 8
Socket not ready, repolling fd = 8
Socket not ready, repolling fd = 8
Socket not ready, repolling fd = 8
Socket not ready, repolling fd = 8
Socket not ready, repolling fd = 8
Socket not ready, repolling fd = 8
Socket not ready, repolling fd = 8
Socket not ready, repolling fd = 8
Socket not ready, repolling fd = 8
Socket not ready, repolling fd = 8
Socket not ready, repolling fd = 8
Socket not ready, repolling fd = 8
Socket not ready, repolling fd = 8
Socket not ready, repolling fd = 8
Socket not ready, repolling fd = 8
Socket not ready, repolling fd = 8
Socket not ready, repolling fd = 8
Socket not ready, repolling fd = 8
Socket not ready, repolling fd = 8
Socket not ready, repolling fd = 8
Socket not ready, repolling fd = 8
Socket not ready, repolling fd = 8
Socket not ready, repolling fd = 8
Socket not ready, repolling fd = 8
Socket not ready, repolling fd = 8
Socket not ready, repolling fd = 8
Socket not ready, repolling fd = 8
Socket not ready, repolling fd = 8
Socket not ready, repolling fd = 8
Socket not ready, repolling fd = 8
Socket not ready, repolling fd = 8
Socket not ready, repolling fd = 8
Socket not ready, repolling fd = 8
Socket not ready, repolling fd = 8
Socket not ready, repolling fd = 8
Socket not ready, repolling fd = 8
Socket not ready, repolling fd = 8
Socket not ready, repolling fd = 8
Socket not ready, repolling fd = 8
Socket not ready, repolling fd = 8
Socket not ready, repolling fd = 8
Socket not ready, repolling fd = 8
Socket not ready, repolling fd = 8
Socket not ready, repolling fd = 8
Socket not ready, repolling fd = 8
Socket not ready, repolling fd = 8
Socket not ready, repolling fd = 8
Socket not ready, repolling fd = 8
Socket not ready, repolling fd = 8
Socket not ready, repolling fd = 8
Socket not ready, repolling fd = 8
Socket not ready, repolling fd = 8
Socket not ready, repolling fd = 8
Socket not ready, repolling fd = 8
Socket not ready, repolling fd = 8
Socket not ready, repolling fd = 8
Socket not ready, repolling fd = 8
Socket not ready, repolling fd = 8
Socket not ready, repolling fd = 8
Socket not ready, repolling fd = 8
Socket not ready, repolling fd = 8
Socket not ready, repolling fd = 8
Socket not ready, repolling fd = 8
Socket not ready, repolling fd = 8
Socket not ready, repolling fd = 8
Socket not ready, repolling fd = 8
Socket not ready, repolling fd = 8
Socket not ready, repolling fd = 8
Socket not ready, repolling fd = 8
Socket not ready, repolling fd = 8
Socket not ready, repolling fd = 8
Socket not ready, repolling fd = 8
Socket not ready, repolling fd = 8
Socket not ready, repolling fd = 8
Socket not ready, repolling fd = 8
Socket not ready, repolling fd = 8
Socket not ready, repolling fd = 8
Socket not ready, repolling fd = 8
Socket not ready, repolling fd = 8
Socket not ready, repolling fd = 8
Socket not ready, repolling fd = 8
Socket not ready, repolling fd = 8
Socket not ready, repolling fd = 8
Socket not ready, repolling fd = 8
Socket not ready, repolling fd = 8
Socket not ready, repolling fd = 8
Socket not ready, repolling fd = 8
Socket not ready, repolling fd = 8
Socket not ready, repolling fd = 8
Socket not ready, repolling fd = 8
Socket not ready, repolling fd = 8
Socket not ready, repolling fd = 8
Socket not ready, repolling fd = 8
Socket not ready, repolling fd = 8
Socket not ready, repolling fd = 8
Socket not ready, repolling fd = 8
Socket not ready, repolling fd = 8
Socket not ready, repolling fd = 8
Socket not ready, repolling fd = 8
Socket not ready, repolling fd = 8
Socket not ready, repolling fd = 8
Socket not ready, repolling fd = 8
Socket not ready, repolling fd = 8
Socket not ready, repolling fd = 8
Socket not ready, repolling fd = 8
Socket not ready, repolling fd = 8
Socket not ready, repolling fd = 8
Socket not ready, repolling fd = 8
Socket not ready, repolling fd = 8
Socket not ready, repolling fd = 8
Socket not ready, repolling fd = 8
Socket not ready, repolling fd = 8
Socket not ready, repolling fd = 8
Socket not ready, repolling fd = 8
Socket not ready, repolling fd = 8
Socket not ready, repolling fd = 8
Socket not ready, repolling fd = 8
Socket not ready, repolling fd = 8
Socket not ready, repolling fd = 8
Socket not ready, repolling fd = 8
Socket not ready, repolling fd = 8
Socket not ready, repolling fd = 8
Socket not ready, repolling fd = 8
Socket not ready, repolling fd = 8
Socket not ready, repolling fd = 8
Socket not ready, repolling fd = 8
Socket not ready, repolling fd = 8
Socket not ready, repolling fd = 8
Socket not ready, repolling fd = 8
Socket not ready, repolling fd = 8
Socket not ready, repolling fd = 8
Socket not ready, repolling fd = 8
Socket not ready, repolling fd = 8
Socket not ready, repolling fd = 8
Socket not ready, repolling fd = 8
Socket not ready, repolling fd = 8
Socket not ready, repolling fd = 8
Socket not ready, repolling fd = 8
Socket not ready, repolling fd = 8
Socket not ready, repolling fd = 8
Socket not ready, repolling fd = 8
Socket not ready, repolling fd = 8
Socket not ready, repolling fd = 8
Socket not ready, repolling fd = 8
Socket not ready, repolling fd = 8
Socket not ready, repolling fd = 8
Socket not ready, repolling fd = 8
Socket not ready, repolling fd = 8
Socket not ready, repolling fd = 8
Socket not ready, repolling fd = 8
Socket not ready, repolling fd = 8
Socket not ready, repolling fd = 8
Socket not ready, repolling fd = 8
Socket not ready, repolling fd = 8
Socket not ready, repolling fd = 8
Socket not ready, repolling fd = 8
Socket not ready, repolling fd = 8
Socket not ready, repolling fd = 8
Socket not ready, repolling fd = 8
Socket not ready, repolling fd = 8
Socket not ready, repolling fd = 8
Socket not ready, repolling fd = 8
Socket not ready, repolling fd = 8
Socket not ready, repolling fd = 8
Socket not ready, repolling fd = 8
Socket not ready, repolling fd = 8
Socket not ready, repolling fd = 8
Socket not ready, repolling fd = 8
Socket not ready, repolling fd = 8
Socket not ready, repolling fd = 8
Socket not ready, repolling fd = 8
Socket not ready, repolling fd = 8
Socket not ready, repolling fd = 8
Socket not ready, repolling fd = 8
Socket not ready, repolling fd = 8
Socket not ready, repolling fd = 8
Socket not ready, repolling fd = 8
Socket not ready, repolling fd = 8
Socket not ready, repolling fd = 8
Socket not ready, repolling fd = 8
Socket not ready, repolling fd = 8
Socket not ready, repolling fd = 8
Socket not ready, repolling fd = 8
Socket not ready, repolling fd = 8
Socket not ready, repolling fd = 8
Socket not ready, repolling fd = 8
Socket not ready, repolling fd = 8
Socket not ready, repolling fd = 8
Socket not ready, repolling fd = 8
Socket not ready, repolling fd = 8
Socket not ready, repolling fd = 8
Socket not ready, repolling fd = 8
Socket not ready, repolling fd = 8
Socket not ready, repolling fd = 8
Socket not ready, repolling fd = 8
Socket not ready, repolling fd = 8
Socket not ready, repolling fd = 8
Socket not ready, repolling fd = 8
Socket not ready, repolling fd = 8
Socket not ready, repolling fd = 8
Socket not ready, repolling fd = 8
Socket not ready, repolling fd = 8
Socket not ready, repolling fd = 8
Socket not ready, repolling fd = 8
Socket not ready, repolling fd = 8
Socket not ready, repolling fd = 8
Socket not ready, repolling fd = 8
Socket not ready, repolling fd = 8
Socket not ready, repolling fd = 8
Socket not ready, repolling fd = 8
Socket not ready, repolling fd = 8
Socket not ready, repolling fd = 8
Socket not ready, repolling fd = 8
Socket not ready, repolling fd = 8
Socket not ready, repolling fd = 8
Socket not ready, repolling fd = 8
Socket not ready, repolling fd = 8
Socket not ready, repolling fd = 8
Socket not ready, repolling fd = 8
Socket not ready, repolling fd = 8
Socket not ready, repolling fd = 8
Socket not ready, repolling fd = 8
Socket not ready, repolling fd = 8
Socket not ready, repolling fd = 8
Socket not ready, repolling fd = 8
Socket not ready, repolling fd = 8
Socket not ready, repolling fd = 8
Socket not ready, repolling fd = 8
Socket not ready, repolling fd = 8
Socket not ready, repolling fd = 8
Socket not ready, repolling fd = 8
Socket not ready, repolling fd = 8
Socket not ready, repolling fd = 8
Socket not ready, repolling fd = 8
Socket not ready, repolling fd = 8
Socket not ready, repolling fd = 8
Socket not ready, repolling fd = 8
Socket not ready, repolling fd = 8
Socket not ready, repolling fd = 8
Socket not ready, repolling fd = 8
Socket not ready, repolling fd = 8
Socket not ready, repolling fd = 8
Socket not ready, repolling fd = 8
Socket not ready, repolling fd = 8
Socket not ready, repolling fd = 8
Socket not ready, repolling fd = 8
Socket not ready, repolling fd = 8
Socket not ready, repolling fd = 8
Socket not ready, repolling fd = 8
Socket not ready, repolling fd = 8
Socket not ready, repolling fd = 8
Socket not ready, repolling fd = 8
Socket not ready, repolling fd = 8
Socket not ready, repolling fd = 8
Socket not ready, repolling fd = 8
Socket not ready, repolling fd = 8
Socket not ready, repolling fd = 8
Socket not ready, repolling fd = 8
Socket not ready, repolling fd = 8
Socket not ready, repolling fd = 8
Socket not ready, repolling fd = 8
Socket not ready, repolling fd = 8
Socket not ready, repolling fd = 8
Socket not ready, repolling fd = 8
Socket not ready, repolling fd = 8
Socket not ready, repolling fd = 8
Socket not ready, repolling fd = 8
Socket not ready, repolling fd = 8
Socket not ready, repolling fd = 8
Socket not ready, repolling fd = 8
Socket not ready, repolling fd = 8
Socket not ready, repolling fd = 8
Socket not ready, repolling fd = 8
Socket not ready, repolling fd = 8
Socket not ready, repolling fd = 8
Socket not ready, repolling fd = 8
Socket not ready, repolling fd = 8
Socket not ready, repolling fd = 8
Socket not ready, repolling fd = 8
Socket not ready, repolling fd = 8
Socket not ready, repolling fd = 8
Socket not ready, repolling fd = 8
Socket not ready, repolling fd = 8
Socket not ready, repolling fd = 8
Socket not ready, repolling fd = 8
Socket not ready, repolling fd = 8
Socket not ready, repolling fd = 8
Socket not ready, repolling fd = 8
Socket not ready, repolling fd = 8
Socket not ready, repolling fd = 8
Socket not ready, repolling fd = 8
Socket not ready, repolling fd = 8
Socket not ready, repolling fd = 8
Socket not ready, repolling fd = 8
Socket not ready, repolling fd = 8
Socket not ready, repolling fd = 8
Socket not ready, repolling fd = 8
Socket not ready, repolling fd = 8
Socket not ready, repolling fd = 8
Socket not ready, repolling fd = 8
Socket not ready, repolling fd = 8
Socket not ready, repolling fd = 8
Socket not ready, repolling fd = 8
Socket not ready, repolling fd = 8
Socket not ready, repolling fd = 8
Socket not ready, repolling fd = 8
Socket not ready, repolling fd = 8
Socket not ready, repolling fd = 8
Socket not ready, repolling fd = 8
Socket not ready, repolling fd = 8
Socket not ready, repolling fd = 8
Socket not ready, repolling fd = 8
Socket not ready, repolling fd = 8
Socket not ready, repolling fd = 8
Socket not ready, repolling fd = 8
Socket not ready, repolling fd = 8
Socket not ready, repolling fd = 8
Socket not ready, repolling fd = 8
Socket not ready, repolling fd = 8
Socket not ready, repolling fd = 8
Socket not ready, repolling fd = 8
Socket not ready, repolling fd = 8
Socket not ready, repolling fd = 8
Socket not ready, repolling fd = 8
Socket not ready, repolling fd = 8
Socket not ready, repolling fd = 8
Socket not ready, repolling fd = 8
Socket not ready, repolling fd = 8
Socket not ready, repolling fd = 8
Socket not ready, repolling fd = 8
Socket not ready, repolling fd = 8
Socket not ready, repolling fd = 8
Socket not ready, repolling fd = 8
Socket not ready, repolling fd = 8
Socket not ready, repolling fd = 8
Socket not ready, repolling fd = 8
Socket not ready, repolling fd = 8
Socket not ready, repolling fd = 8
Socket not ready, repolling fd = 8
Socket not ready, repolling fd = 8
Socket not ready, repolling fd = 8
Socket not ready, repolling fd = 8
Socket not ready, repolling fd = 8
Socket not ready, repolling fd = 8
Socket not ready, repolling fd = 8
Socket not ready, repolling fd = 8
Socket not ready, repolling fd = 8
Socket not ready, repolling fd = 8
Socket not ready, repolling fd = 8
Socket not ready, repolling fd = 8
Socket not ready, repolling fd = 8
Socket not ready, repolling fd = 8
Socket not ready, repolling fd = 8
Socket not ready, repolling fd = 8
Socket not ready, repolling fd = 8
Socket not ready, repolling fd = 8
Socket not ready, repolling fd = 8
Socket not ready, repolling fd = 8
Socket not ready, repolling fd = 8
Socket not ready, repolling fd = 8
Socket not ready, repolling fd = 8
Socket not ready, repolling fd = 8
Socket not ready, repolling fd = 8
Socket not ready, repolling fd = 8
Socket not ready, repolling fd = 8
Socket not ready, repolling fd = 8
Socket not ready, repolling fd = 8
Socket not ready, repolling fd = 8
Socket not ready, repolling fd = 8
Socket not ready, repolling fd = 8
Socket not ready, repolling fd = 8
Socket not ready, repolling fd = 8
Socket not ready, repolling fd = 8
Socket not ready, repolling fd = 8
Socket not ready, repolling fd = 8
Socket not ready, repolling fd = 8
Socket not ready, repolling fd = 8
Socket not ready, repolling fd = 8
Socket not ready, repolling fd = 8
Socket not ready, repolling fd = 8
Socket not ready, repolling fd = 8
Socket not ready, repolling fd = 8
Socket not ready, repolling fd = 8
Socket not ready, repolling fd = 8
Socket not ready, repolling fd = 8
Socket not ready, repolling fd = 8
Socket not ready, repolling fd = 8
Socket not ready, repolling fd = 8
Socket not ready, repolling fd = 8
Socket not ready, repolling fd = 8
Socket not ready, repolling fd = 8
Socket not ready, repolling fd = 8
Socket not ready, repolling fd = 8
Socket not ready, repolling fd = 8
Socket not ready, repolling fd = 8
Socket not ready, repolling fd = 8
Socket not ready, repolling fd = 8
Socket not ready, repolling fd = 8
Socket not ready, repolling fd = 8
Socket not ready, repolling fd = 8
Socket not ready, repolling fd = 8
Socket not ready, repolling fd = 8
Socket not ready, repolling fd = 8
Socket not ready, repolling fd = 8
Socket not ready, repolling fd = 8
Socket not ready, repolling fd = 8
Socket not ready, repolling fd = 8
Socket not ready, repolling fd = 8
Socket not ready, repolling fd = 8
Socket not ready, repolling fd = 8
Socket not ready, repolling fd = 8
Socket not ready, repolling fd = 8
Socket not ready, repolling fd = 8
Socket not ready, repolling fd = 8
Socket not ready, repolling fd = 8
Socket not ready, repolling fd = 8
Socket not ready, repolling fd = 8
Socket not ready, repolling fd = 8
Socket not ready, repolling fd = 8
Socket not ready, repolling fd = 8
Socket not ready, repolling fd = 8
Socket not ready, repolling fd = 8
Socket not ready, repolling fd = 8
Socket not ready, repolling fd = 8
Socket not ready, repolling fd = 8
Socket not ready, repolling fd = 8
Socket not ready, repolling fd = 8
Socket not ready, repolling fd = 8
Socket not ready, repolling fd = 8
Socket not ready, repolling fd = 8
Socket not ready, repolling fd = 8
Socket not ready, repolling fd = 8
Socket not ready, repolling fd = 8
Socket not ready, repolling fd = 8
Socket not ready, repolling fd = 8
Socket not ready, repolling fd = 8
Socket not ready, repolling fd = 8
Socket not ready, repolling fd = 8
Socket not ready, repolling fd = 8
Socket not ready, repolling fd = 8
Socket not ready, repolling fd = 8
Socket not ready, repolling fd = 8
Socket not ready, repolling fd = 8
Socket not ready, repolling fd = 8
Socket not ready, repolling fd = 8
Socket not ready, repolling fd = 8
Socket not ready, repolling fd = 8
Socket not ready, repolling fd = 8
Socket not ready, repolling fd = 8
Socket not ready, repolling fd = 8
Socket not ready, repolling fd = 8
Socket not ready, repolling fd = 8
Socket not ready, repolling fd = 8
Socket not ready, repolling fd = 8
Socket not ready, repolling fd = 8
Socket not ready, repolling fd = 8
Socket not ready, repolling fd = 8
Socket not ready, repolling fd = 8
Socket not ready, repolling fd = 8
Socket not ready, repolling fd = 8
Socket not ready, repolling fd = 8
Socket not ready, repolling fd = 8
Socket not ready, repolling fd = 8
Socket not ready, repolling fd = 8
Socket not ready, repolling fd = 8
Socket not ready, repolling fd = 8
Socket not ready, repolling fd = 8
Socket not ready, repolling fd = 8
Socket not ready, repolling fd = 8
Socket not ready, repolling fd = 8
Socket not ready, repolling fd = 8
Socket not ready, repolling fd = 8
Socket not ready, repolling fd = 8
Socket not ready, repolling fd = 8
Socket not ready, repolling fd = 8
Socket not ready, repolling fd = 8
Socket not ready, repolling fd = 8
Socket not ready, repolling fd = 8
Socket not ready, repolling fd = 8
Socket not ready, repolling fd = 8
Socket not ready, repolling fd = 8
Socket not ready, repolling fd = 8
Socket not ready, repolling fd = 8
Socket not ready, repolling fd = 8
Socket not ready, repolling fd = 8
Socket not ready, repolling fd = 8
Socket not ready, repolling fd = 8
Socket not ready, repolling fd = 8
Socket not ready, repolling fd = 8
Socket not ready, repolling fd = 8
Socket not ready, repolling fd = 8
Socket not ready, repolling fd = 8
Socket not ready, repolling fd = 8
Socket not ready, repolling fd = 8
Socket not ready, repolling fd = 8
Socket not ready, repolling fd = 8
Socket not ready, repolling fd = 8
Socket not ready, repolling fd = 8
Socket not ready, repolling fd = 8
Socket not ready, repolling fd = 8
Socket not ready, repolling fd = 8
Socket not ready, repolling fd = 8
Socket not ready, repolling fd = 8
Socket not ready, repolling fd = 8
Socket not ready, repolling fd = 8
Socket not ready, repolling fd = 8
Socket not ready, repolling fd = 8
Socket not ready, repolling fd = 8
Socket not ready, repolling fd = 8
Socket not ready, repolling fd = 8
Socket not ready, repolling fd = 8
Socket not ready, repolling fd = 8
Socket not ready, repolling fd = 8
Socket not ready, repolling fd = 8
Socket not ready, repolling fd = 8
Socket not ready, repolling fd = 8
Socket not ready, repolling fd = 8
Socket not ready, repolling fd = 8
Socket not ready, repolling fd = 8
Socket not ready, repolling fd = 8
Socket not ready, repolling fd = 8
Socket not ready, repolling fd = 8
Socket not ready, repolling fd = 8
Socket not ready, repolling fd = 8
Socket not ready, repolling fd = 8
Socket not ready, repolling fd = 8
Socket not ready, repolling fd = 8
Socket not ready, repolling fd = 8
Socket not ready, repolling fd = 8
Socket not ready, repolling fd = 8
Socket not ready, repolling fd = 8
Socket not ready, repolling fd = 8
Socket not ready, repolling fd = 8
Socket not ready, repolling fd = 8
Socket not ready, repolling fd = 8
Socket not ready, repolling fd = 8
Socket not ready, repolling fd = 8
Socket not ready, repolling fd = 8
Socket not ready, repolling fd = 8
Socket not ready, repolling fd = 8
Socket not ready, repolling fd = 8
Socket not ready, repolling fd = 8
Socket not ready, repolling fd = 8
Socket not ready, repolling fd = 8
Socket not ready, repolling fd = 8
Socket not ready, repolling fd = 8
Socket not ready, repolling fd = 8
Socket not ready, repolling fd = 8
Socket not ready, repolling fd = 8
Socket not ready, repolling fd = 8
Socket not ready, repolling fd = 8
Socket not ready, repolling fd = 8
Socket not ready, repolling fd = 8
Socket not ready, repolling fd = 8
Socket not ready, repolling fd = 8
Socket not ready, repolling fd = 8
Socket not ready, repolling fd = 8
Socket not ready, repolling fd = 8
Socket not ready, repolling fd = 8
Socket not ready, repolling fd = 8
Socket not ready, repolling fd = 8
Socket not ready, repolling fd = 8
Socket not ready, repolling fd = 8
Socket not ready, repolling fd = 8
Socket not ready, repolling fd = 8
Socket not ready, repolling fd = 8
Socket not ready, repolling fd = 8
Socket not ready, repolling fd = 8
Socket not ready, repolling fd = 8
Socket not ready, repolling fd = 8
Socket not ready, repolling fd = 8
Socket not ready, repolling fd = 8
Socket not ready, repolling fd = 8
Socket not ready, repolling fd = 8
Socket not ready, repolling fd = 8
Socket not ready, repolling fd = 8
Socket not ready, repolling fd = 8
Socket not ready, repolling fd = 8
Socket not ready, repolling fd = 8
Socket not ready, repolling fd = 8
Socket not ready, repolling fd = 8
Socket not ready, repolling fd = 8
Socket not ready, repolling fd = 8
Socket not ready, repolling fd = 8
Socket not ready, repolling fd = 8
Socket not ready, repolling fd = 8
Socket not ready, repolling fd = 8
Socket not ready, repolling fd = 8
Socket not ready, repolling fd = 8
Socket not ready, repolling fd = 8
Socket not ready, repolling fd = 8
Socket not ready, repolling fd = 8
Socket not ready, repolling fd = 8
Socket not ready, repolling fd = 8
Socket not ready, repolling fd = 8
Socket not ready, repolling fd = 8
Socket not ready, repolling fd = 8
Socket not ready, repolling fd = 8
Socket not ready, repolling fd = 8
Socket not ready, repolling fd = 8
Socket not ready, repolling fd = 8
Socket not ready, repolling fd = 8
Socket not ready, repolling fd = 8
Socket not ready, repolling fd = 8
Socket not ready, repolling fd = 8
Socket not ready, repolling fd = 8
Socket not ready, repolling fd = 8
Socket not ready, repolling fd = 8
Socket not ready, repolling fd = 8
Socket not ready, repolling fd = 8
Socket not ready, repolling fd = 8
Socket not ready, repolling fd = 8
Socket not ready, repolling fd = 8
Socket not ready, repolling fd = 8
Socket not ready, repolling fd = 8
Socket not ready, repolling fd = 8
Socket not ready, repolling fd = 8
Socket not ready, repolling fd = 8
Socket not ready, repolling fd = 8
Socket not ready, repolling fd = 8
Socket not ready, repolling fd = 8
Socket not ready, repolling fd = 8
Socket not ready, repolling fd = 8
Socket not ready, repolling fd = 8
Socket not ready, repolling fd = 8
Socket not ready, repolling fd = 8
Socket not ready, repolling fd = 8
Socket not ready, repolling fd = 8
Socket not ready, repolling fd = 8
Socket not ready, repolling fd = 8
Socket not ready, repolling fd = 8
Socket not ready, repolling fd = 8
Socket not ready, repolling fd = 8
Socket not ready, repolling fd = 8
Socket not ready, repolling fd = 8
Socket not ready, repolling fd = 8
Socket not ready, repolling fd = 8
Socket not ready, repolling fd = 8
Socket not ready, repolling fd = 8
Socket not ready, repolling fd = 8
Socket not ready, repolling fd = 8
Socket not ready, repolling fd = 8
Socket not ready, repolling fd = 8
Socket not ready, repolling fd = 8
Socket not ready, repolling fd = 8
Socket not ready, repolling fd = 8
Socket not ready, repolling fd = 8
Socket not ready, repolling fd = 8
Socket not ready, repolling fd = 8
Socket not ready, repolling fd = 8
Socket not ready, repolling fd = 8
Socket not ready, repolling fd = 8
Socket not ready, repolling fd = 8
Socket not ready, repolling fd = 8
Socket not ready, repolling fd = 8
Socket not ready, repolling fd = 8
Socket not ready, repolling fd = 8
Socket not ready, repolling fd = 8
Socket not ready, repolling fd = 8
Socket not ready, repolling fd = 8
Socket not ready, repolling fd = 8
Socket not ready, repolling fd = 8
Socket not ready, repolling fd = 8
Socket not ready, repolling fd = 8
Socket not ready, repolling fd = 8
Socket not ready, repolling fd = 8
Socket not ready, repolling fd = 8
Socket not ready, repolling fd = 8
Socket not ready, repolling fd = 8
Socket not ready, repolling fd = 8
Socket not ready, repolling fd = 8
Socket not ready, repolling fd = 8
Socket not ready, repolling fd = 8
Socket not ready, repolling fd = 8
Socket not ready, repolling fd = 8
Socket not ready, repolling fd = 8
Socket not ready, repolling fd = 8
Socket not ready, repolling fd = 8
Socket not ready, repolling fd = 8
Socket not ready, repolling fd = 8
Socket not ready, repolling fd = 8
Socket not ready, repolling fd = 8
Socket not ready, repolling fd = 8
Socket not ready, repolling fd = 8
Socket not ready, repolling fd = 8
Socket not ready, repolling fd = 8
Socket not ready, repolling fd = 8
Socket not ready, repolling fd = 8
Socket not ready, repolling fd = 8
Socket not ready, repolling fd = 8
Socket not ready, repolling fd = 8
Socket not ready, repolling fd = 8
Socket not ready, repolling fd = 8
Socket not ready, repolling fd = 8
Socket not ready, repolling fd = 8
Socket not ready, repolling fd = 8
Socket not ready, repolling fd = 8
Socket not ready, repolling fd = 8
Socket not ready, repolling fd = 8
Socket not ready, repolling fd = 8
Socket not ready, repolling fd = 8
Socket not ready, repolling fd = 8
Socket not ready, repolling fd = 8
Socket not ready, repolling fd = 8
Socket not ready, repolling fd = 8
Socket not ready, repolling fd = 8
Socket not ready, repolling fd = 8
Socket not ready, repolling fd = 8
Socket not ready, repolling fd = 8
Socket not ready, repolling fd = 8
Socket not ready, repolling fd = 8
Socket not ready, repolling fd = 8
Socket not ready, repolling fd = 8
Socket not ready, repolling fd = 8
Socket not ready, repolling fd = 8
Socket not ready, repolling fd = 8
Socket not ready, repolling fd = 8
Socket not ready, repolling fd = 8
Socket not ready, repolling fd = 8
Socket not ready, repolling fd = 8
Socket not ready, repolling fd = 8
Socket not ready, repolling fd = 8
Socket not ready, repolling fd = 8
Socket not ready, repolling fd = 8
Socket not ready, repolling fd = 8
Socket not ready, repolling fd = 8
Socket not ready, repolling fd = 8
Socket not ready, repolling fd = 8
Socket not ready, repolling fd = 8
Socket not ready, repolling fd = 8
Socket not ready, repolling fd = 8
Socket not ready, repolling fd = 8
Socket not ready, repolling fd = 8
Socket not ready, repolling fd = 8
Socket not ready, repolling fd = 8
Socket not ready, repolling fd = 8
Socket not ready, repolling fd = 8
Socket not ready, repolling fd = 8
Socket not ready, repolling fd = 8
Socket not ready, repolling fd = 8
Socket not ready, repolling fd = 8
Socket not ready, repolling fd = 8
Socket not ready, repolling fd = 8
Socket not ready, repolling fd = 8
Socket not ready, repolling fd = 8
Socket not ready, repolling fd = 8
Socket not ready, repolling fd = 8
Socket not ready, repolling fd = 8
Socket not ready, repolling fd = 8
Socket not ready, repolling fd = 8
Socket not ready, repolling fd = 8
Socket not ready, repolling fd = 8
Socket not ready, repolling fd = 8
Socket not ready, repolling fd = 8
Socket not ready, repolling fd = 8
Socket not ready, repolling fd = 8
Socket not ready, repolling fd = 8
Socket not ready, repolling fd = 8
Socket not ready, repolling fd = 8
Socket not ready, repolling fd = 8
Socket not ready, repolling fd = 8
Socket not ready, repolling fd = 8
Socket not ready, repolling fd = 8
Socket not ready, repolling fd = 8
Socket not ready, repolling fd = 8
Socket not ready, repolling fd = 8
Socket not ready, repolling fd = 8
Socket not ready, repolling fd = 8
Socket not ready, repolling fd = 8
Socket not ready, repolling fd = 8
Socket not ready, repolling fd = 8
Socket not ready, repolling fd = 8
Socket not ready, repolling fd = 8
Socket not ready, repolling fd = 8
Socket not ready, repolling fd = 8
Socket not ready, repolling fd = 8
Socket not ready, repolling fd = 8
Socket not ready, repolling fd = 8
Socket not ready, repolling fd = 8
Socket not ready, repolling fd = 8
Socket not ready, repolling fd = 8
Socket not ready, repolling fd = 8
Socket not ready, repolling fd = 8
Socket not ready, repolling fd = 8
Socket not ready, repolling fd = 8
Socket not ready, repolling fd = 8
Socket not ready, repolling fd = 8
Socket not ready, repolling fd = 8
Socket not ready, repolling fd = 8
Socket not ready, repolling fd = 8
Socket not ready, repolling fd = 8
Socket not ready, repolling fd = 8
Socket not ready, repolling fd = 8
Socket not ready, repolling fd = 8
Socket not ready, repolling fd = 8
Socket not ready, repolling fd = 8
Socket not ready, repolling fd = 8
Socket not ready, repolling fd = 8
Socket not ready, repolling fd = 8
Socket not ready, repolling fd = 8
Socket not ready, repolling fd = 8
Socket not ready, repolling fd = 8
Socket not ready, repolling fd = 8
Socket not ready, repolling fd = 8
Socket not ready, repolling fd = 8
Socket not ready, repolling fd = 8
Socket not ready, repolling fd = 8
Socket not ready, repolling fd = 8
Socket not ready, repolling fd = 8
Socket not ready, repolling fd = 8
Socket not ready, repolling fd = 8
Socket not ready, repolling fd = 8
Socket not ready, repolling fd = 8
Socket not ready, repolling fd = 8
Socket not ready, repolling fd = 8
Socket not ready, repolling fd = 8
Socket not ready, repolling fd = 8
Socket not ready, repolling fd = 8
Socket not ready, repolling fd = 8
Socket not ready, repolling fd = 8
Socket not ready, repolling fd = 8
Socket not ready, repolling fd = 8
Socket not ready, repolling fd = 8
Socket not ready, repolling fd = 8
Socket not ready, repolling fd = 8
Socket not ready, repolling fd = 8
Socket not ready, repolling fd = 8
Socket not ready, repolling fd = 8
Socket not ready, repolling fd = 8
Socket not ready, repolling fd = 8
Socket not ready, repolling fd = 8
Socket not ready, repolling fd = 8
Socket not ready, repolling fd = 8
Socket not ready, repolling fd = 8
Socket not ready, repolling fd = 8
Socket not ready, repolling fd = 8
Socket not ready, repolling fd = 8
Socket not ready, repolling fd = 8
Socket not ready, repolling fd = 8
Socket not ready, repolling fd = 8
Socket not ready, repolling fd = 8
Socket not ready, repolling fd = 8
Socket not ready, repolling fd = 8
Socket not ready, repolling fd = 8
Socket not ready, repolling fd = 8
Socket not ready, repolling fd = 8
Socket not ready, repolling fd = 8
Socket not ready, repolling fd = 8
Socket not ready, repolling fd = 8
Socket not ready, repolling fd = 9
Socket not ready, repolling fd = 9
Socket not ready, repolling fd = 9
Socket not ready, repolling fd = 9
Socket not ready, repolling fd = 9
Socket not ready, repolling fd = 9
Socket not ready, repolling fd = 9
Socket not ready, repolling fd = 9
Socket not ready, repolling fd = 9
Socket not ready, repolling fd = 9
Socket not ready, repolling fd = 9
Socket not ready, repolling fd = 9
Socket not ready, repolling fd = 9
Socket not ready, repolling fd = 9
Socket not ready, repolling fd = 9
Socket not ready, repolling fd = 9
Socket not ready, repolling fd = 9
Socket not ready, repolling fd = 9
Socket not ready, repolling fd = 9
Socket not ready, repolling fd = 9
Socket not ready, repolling fd = 9
Socket not ready, repolling fd = 9
Socket not ready, repolling fd = 9
Socket not ready, repolling fd = 9
Socket not ready, repolling fd = 9
Socket not ready, repolling fd = 9
Socket not ready, repolling fd = 9
Socket not ready, repolling fd = 9
Socket not ready, repolling fd = 9
Socket not ready, repolling fd = 9
Socket not ready, repolling fd = 9
Socket not ready, repolling fd = 9
Socket not ready, repolling fd = 9
Socket not ready, repolling fd = 9
Socket not ready, repolling fd = 9
Socket not ready, repolling fd = 9
Socket not ready, repolling fd = 9
Socket not ready, repolling fd = 9
Socket not ready, repolling fd = 9
Socket not ready, repolling fd = 9
Socket not ready, repolling fd = 9
Socket not ready, repolling fd = 9
Socket not ready, repolling fd = 9
Socket not ready, repolling fd = 9
Socket not ready, repolling fd = 9
Socket not ready, repolling fd = 9
Socket not ready, repolling fd = 9
Socket not ready, repolling fd = 9
Socket not ready, repolling fd = 9
Socket not ready, repolling fd = 9
Socket not ready, repolling fd = 9
Socket not ready, repolling fd = 9
Socket not ready, repolling fd = 9
Socket not ready, repolling fd = 9
Socket not ready, repolling fd = 9
Socket not ready, repolling fd = 9
Socket not ready, repolling fd = 9
Socket not ready, repolling fd = 9
Socket not ready, repolling fd = 9
Socket not ready, repolling fd = 9
Socket not ready, repolling fd = 9
Socket not ready, repolling fd = 9
Socket not ready, repolling fd = 9
Socket not ready, repolling fd = 9
Socket not ready, repolling fd = 9
Socket not ready, repolling fd = 9
Socket not ready, repolling fd = 9
Socket not ready, repolling fd = 9
Socket not ready, repolling fd = 9
Socket not ready, repolling fd = 9
Socket not ready, repolling fd = 9
Socket not ready, repolling fd = 9
Socket not ready, repolling fd = 9
Socket not ready, repolling fd = 9
Socket not ready, repolling fd = 9
Socket not ready, repolling fd = 9
Socket not ready, repolling fd = 9
Socket not ready, repolling fd = 9
Socket not ready, repolling fd = 9
Socket not ready, repolling fd = 9
Socket not ready, repolling fd = 9
Socket not ready, repolling fd = 9
Socket not ready, repolling fd = 9
Socket not ready, repolling fd = 9
Socket not ready, repolling fd = 9
Socket not ready, repolling fd = 9
Socket not ready, repolling fd = 9
Socket not ready, repolling fd = 9
Socket not ready, repolling fd = 9
Socket not ready, repolling fd = 9
Socket not ready, repolling fd = 9
Socket not ready, repolling fd = 9
Socket not ready, repolling fd = 9
Socket not ready, repolling fd = 9
Socket not ready, repolling fd = 9
Socket not ready, repolling fd = 9
Socket not ready, repolling fd = 9
Socket not ready, repolling fd = 9
Socket not ready, repolling fd = 9
Socket not ready, repolling fd = 9
Socket not ready, repolling fd = 9
Socket not ready, repolling fd = 9
Socket not ready, repolling fd = 9
Socket not ready, repolling fd = 9
Socket not ready, repolling fd = 9
Socket not ready, repolling fd = 9
Socket not ready, repolling fd = 9
Socket not ready, repolling fd = 9
Socket not ready, repolling fd = 9
Socket not ready, repolling fd = 9
Socket not ready, repolling fd = 9
Socket not ready, repolling fd = 9
Socket not ready, repolling fd = 9
Socket not ready, repolling fd = 9
Socket not ready, repolling fd = 9
Socket not ready, repolling fd = 9
Socket not ready, repolling fd = 9
Socket not ready, repolling fd = 9
Socket not ready, repolling fd = 9
Socket not ready, repolling fd = 9
Socket not ready, repolling fd = 9
Socket not ready, repolling fd = 9
Socket not ready, repolling fd = 9
Socket not ready, repolling fd = 9
Socket not ready, repolling fd = 9
Socket not ready, repolling fd = 9
Socket not ready, repolling fd = 9
Socket not ready, repolling fd = 9
Socket not ready, repolling fd = 9
Socket not ready, repolling fd = 9
Socket not ready, repolling fd = 9
Socket not ready, repolling fd = 9
Socket not ready, repolling fd = 9
Socket not ready, repolling fd = 9
Socket not ready, repolling fd = 9
Socket not ready, repolling fd = 9
Socket not ready, repolling fd = 9
Socket not ready, repolling fd = 9
Socket not ready, repolling fd = 9
Socket not ready, repolling fd = 9
Socket not ready, repolling fd = 9
Socket not ready, repolling fd = 9
Socket not ready, repolling fd = 9
Socket not ready, repolling fd = 9
Socket not ready, repolling fd = 9
Socket not ready, repolling fd = 9
Socket not ready, repolling fd = 9
Socket not ready, repolling fd = 9
Socket not ready, repolling fd = 9
Socket not ready, repolling fd = 9
Socket not ready, repolling fd = 9
Socket not ready, repolling fd = 9
Socket not ready, repolling fd = 9
Socket not ready, repolling fd = 9
Socket not ready, repolling fd = 9
Socket not ready, repolling fd = 9
Socket not ready, repolling fd = 9
Socket not ready, repolling fd = 9
Socket not ready, repolling fd = 9
Socket not ready, repolling fd = 9
Socket not ready, repolling fd = 9
Socket not ready, repolling fd = 9
Socket not ready, repolling fd = 9
Socket not ready, repolling fd = 9
Socket not ready, repolling fd = 9
Socket not ready, repolling fd = 9
Socket not ready, repolling fd = 9
Socket not ready, repolling fd = 9
Socket not ready, repolling fd = 9
Socket not ready, repolling fd = 9
Socket not ready, repolling fd = 9
Socket not ready, repolling fd = 9
Socket not ready, repolling fd = 9
Socket not ready, repolling fd = 9
Socket not ready, repolling fd = 9
Socket not ready, repolling fd = 9
Socket not ready, repolling fd = 9
Socket not ready, repolling fd = 9
Socket not ready, repolling fd = 9
Socket not ready, repolling fd = 9
Socket not ready, repolling fd = 9
Socket not ready, repolling fd = 9
Socket not ready, repolling fd = 9
Socket not ready, repolling fd = 9
Socket not ready, repolling fd = 9
Socket not ready, repolling fd = 9
Socket not ready, repolling fd = 9
Socket not ready, repolling fd = 9
Socket not ready, repolling fd = 9
Socket not ready, repolling fd = 9
Socket not ready, repolling fd = 9
Socket not ready, repolling fd = 9
Socket not ready, repolling fd = 9
Socket not ready, repolling fd = 9
Socket not ready, repolling fd = 9
Socket not ready, repolling fd = 9
Socket not ready, repolling fd = 9
Socket not ready, repolling fd = 9
Socket not ready, repolling fd = 9
Socket not ready, repolling fd = 9
Socket not ready, repolling fd = 9
Socket not ready, repolling fd = 9
Socket not ready, repolling fd = 9
Socket not ready, repolling fd = 9
Socket not ready, repolling fd = 9
Socket not ready, repolling fd = 9
Socket not ready, repolling fd = 9
Socket not ready, repolling fd = 9
Socket not ready, repolling fd = 9
Socket not ready, repolling fd = 9
Socket not ready, repolling fd = 9
Socket not ready, repolling fd = 9
Socket not ready, repolling fd = 9
Socket not ready, repolling fd = 9
Socket not ready, repolling fd = 9
Socket not ready, repolling fd = 9
Socket not ready, repolling fd = 9
Socket not ready, repolling fd = 9
Socket not ready, repolling fd = 9
Socket not ready, repolling fd = 9
Socket not ready, repolling fd = 9
Socket not ready, repolling fd = 9
Socket not ready, repolling fd = 9
Socket not ready, repolling fd = 9
Socket not ready, repolling fd = 9
Socket not ready, repolling fd = 9
Socket not ready, repolling fd = 9
Socket not ready, repolling fd = 9
Socket not ready, repolling fd = 9
Socket not ready, repolling fd = 9
Socket not ready, repolling fd = 9
Socket not ready, repolling fd = 9
Socket not ready, repolling fd = 9
Socket not ready, repolling fd = 9
Socket not ready, repolling fd = 9
Socket not ready, repolling fd = 9
Socket not ready, repolling fd = 9
Socket not ready, repolling fd = 9
Socket not ready, repolling fd = 9
Socket not ready, repolling fd = 9
Socket not ready, repolling fd = 9
Socket not ready, repolling fd = 9
Socket not ready, repolling fd = 9
Socket not ready, repolling fd = 9
Socket not ready, repolling fd = 9
Socket not ready, repolling fd = 9
Socket not ready, repolling fd = 9
Socket not ready, repolling fd = 9
Socket not ready, repolling fd = 9
Socket not ready, repolling fd = 9
Socket not ready, repolling fd = 9
Socket not ready, repolling fd = 9
Socket not ready, repolling fd = 9
Socket not ready, repolling fd = 9
Socket not ready, repolling fd = 9
Socket not ready, repolling fd = 9
Socket not ready, repolling fd = 9
Socket not ready, repolling fd = 9
Socket not ready, repolling fd = 9
Socket not ready, repolling fd = 9
Socket not ready, repolling fd = 9
Socket not ready, repolling fd = 7
Socket not ready, repolling fd = 7
Socket not ready, repolling fd = 7
Socket not ready, repolling fd = 7
Socket not ready, repolling fd = 7
Socket not ready, repolling fd = 7
Socket not ready, repolling fd = 7
Socket not ready, repolling fd = 7
Socket not ready, repolling fd = 7
Socket not ready, repolling fd = 7
Socket not ready, repolling fd = 7
Socket not ready, repolling fd = 7
Socket not ready, repolling fd = 7
Socket not ready, repolling fd = 7
Socket not ready, repolling fd = 7
Socket not ready, repolling fd = 7
Socket not ready, repolling fd = 7
Socket not ready, repolling fd = 7
Socket not ready, repolling fd = 7
Socket not ready, repolling fd = 7
Socket not ready, repolling fd = 7
Socket not ready, repolling fd = 7
Socket not ready, repolling fd = 7
Socket not ready, repolling fd = 7
Socket not ready, repolling fd = 7
Socket not ready, repolling fd = 7
Socket not ready, repolling fd = 7
Socket not ready, repolling fd = 7
Socket not ready, repolling fd = 7
Socket not ready, repolling fd = 7
Socket not ready, repolling fd = 7
Socket not ready, repolling fd = 7
Socket not ready, repolling fd = 7
Socket not ready, repolling fd = 7
Socket not ready, repolling fd = 7
Socket not ready, repolling fd = 7
Socket not ready, repolling fd = 7
Socket not ready, repolling fd = 7
Socket not ready, repolling fd = 7
Socket not ready, repolling fd = 7
Socket not ready, repolling fd = 7
Socket not ready, repolling fd = 7
Socket not ready, repolling fd = 7
Socket not ready, repolling fd = 7
Socket not ready, repolling fd = 7
Socket not ready, repolling fd = 7
Socket not ready, repolling fd = 7
Socket not ready, repolling fd = 7
Socket not ready, repolling fd = 7
Socket not ready, repolling fd = 7
Socket not ready, repolling fd = 7
Socket not ready, repolling fd = 7
Socket not ready, repolling fd = 7
Socket not ready, repolling fd = 7
Socket not ready, repolling fd = 7
Socket not ready, repolling fd = 7
Socket not ready, repolling fd = 7
Socket not ready, repolling fd = 7
Socket not ready, repolling fd = 7
Socket not ready, repolling fd = 7
Socket not ready, repolling fd = 7
Socket not ready, repolling fd = 7
Socket not ready, repolling fd = 7
Socket not ready, repolling fd = 7
Socket not ready, repolling fd = 7
Socket not ready, repolling fd = 7
Socket not ready, repolling fd = 7
Socket not ready, repolling fd = 7
Socket not ready, repolling fd = 7
Socket not ready, repolling fd = 7
Socket not ready, repolling fd = 7
Socket not ready, repolling fd = 7
Socket not ready, repolling fd = 7
Socket not ready, repolling fd = 7
Socket not ready, repolling fd = 7
Socket not ready, repolling fd = 7
Socket not ready, repolling fd = 7
Socket not ready, repolling fd = 7
Socket not ready, repolling fd = 7
Socket not ready, repolling fd = 7
Socket not ready, repolling fd = 7
Socket not ready, repolling fd = 7
Socket not ready, repolling fd = 7
Socket not ready, repolling fd = 7
Socket not ready, repolling fd = 7
Socket not ready, repolling fd = 7
Socket not ready, repolling fd = 7
Socket not ready, repolling fd = 7
Socket not ready, repolling fd = 7
Socket not ready, repolling fd = 7
Socket not ready, repolling fd = 7
Socket not ready, repolling fd = 7
Socket not ready, repolling fd = 7
Socket not ready, repolling fd = 7
Socket not ready, repolling fd = 7
Socket not ready, repolling fd = 7
Socket not ready, repolling fd = 7
Socket not ready, repolling fd = 7
Socket not ready, repolling fd = 7
Socket not ready, repolling fd = 7
Socket not ready, repolling fd = 7
Socket not ready, repolling fd = 7
Socket not ready, repolling fd = 7
Socket not ready, repolling fd = 7
Socket not ready, repolling fd = 7
Socket not ready, repolling fd = 7
Socket not ready, repolling fd = 7
Socket not ready, repolling fd = 7
Socket not ready, repolling fd = 7
Socket not ready, repolling fd = 7
Socket not ready, repolling fd = 7
Socket not ready, repolling fd = 7
Socket not ready, repolling fd = 7
Socket not ready, repolling fd = 7
Socket not ready, repolling fd = 7
Socket not ready, repolling fd = 7
Socket not ready, repolling fd = 7
Socket not ready, repolling fd = 7
Socket not ready, repolling fd = 7
Socket not ready, repolling fd = 7
Socket not ready, repolling fd = 7
Socket not ready, repolling fd = 7
Socket not ready, repolling fd = 7
Socket not ready, repolling fd = 7
Socket not ready, repolling fd = 7
Socket not ready, repolling fd = 7
Socket not ready, repolling fd = 7
Socket not ready, repolling fd = 7
Socket not ready, repolling fd = 7
Socket not ready, repolling fd = 7
Socket not ready, repolling fd = 7
Socket not ready, repolling fd = 7
Socket not ready, repolling fd = 7
Socket not ready, repolling fd = 7
Socket not ready, repolling fd = 7
Socket not ready, repolling fd = 7
Socket not ready, repolling fd = 7
Socket not ready, repolling fd = 7
Socket not ready, repolling fd = 7
Socket not ready, repolling fd = 7
Socket not ready, repolling fd = 7
Socket not ready, repolling fd = 7
Socket not ready, repolling fd = 7
Socket not ready, repolling fd = 7
Socket not ready, repolling fd = 7
Socket not ready, repolling fd = 7
Socket not ready, repolling fd = 7
Socket not ready, repolling fd = 7
Socket not ready, repolling fd = 7
Socket not ready, repolling fd = 7
Socket not ready, repolling fd = 7
Socket not ready, repolling fd = 7
Socket not ready, repolling fd = 7
Socket not ready, repolling fd = 7
Socket not ready, repolling fd = 7
Socket not ready, repolling fd = 7
Socket not ready, repolling fd = 7
Socket not ready, repolling fd = 7
Socket not ready, repolling fd = 7
Socket not ready, repolling fd = 7
Socket not ready, repolling fd = 7
Socket not ready, repolling fd = 7
Socket not ready, repolling fd = 7
Socket not ready, repolling fd = 7
Socket not ready, repolling fd = 7
Socket not ready, repolling fd = 7
Socket not ready, repolling fd = 7
Socket not ready, repolling fd = 7
Socket not ready, repolling fd = 7
Socket not ready, repolling fd = 7
Socket not ready, repolling fd = 7
Socket not ready, repolling fd = 7
Socket not ready, repolling fd = 7
Socket not ready, repolling fd = 7
Socket not ready, repolling fd = 7
Socket not ready, repolling fd = 7
Socket not ready, repolling fd = 7
Socket not ready, repolling fd = 7
Socket not ready, repolling fd = 7
Socket not ready, repolling fd = 7
Socket not ready, repolling fd = 7
Socket not ready, repolling fd = 7
Socket not ready, repolling fd = 7
Socket not ready, repolling fd = 7
Socket not ready, repolling fd = 7
Socket not ready, repolling fd = 7
Socket not ready, repolling fd = 7
Socket not ready, repolling fd = 7
Socket not ready, repolling fd = 7
Socket not ready, repolling fd = 7
Socket not ready, repolling fd = 7
Socket not ready, repolling fd = 7
Socket not ready, repolling fd = 7
Socket not ready, repolling fd = 7
Socket not ready, repolling fd = 7
Socket not ready, repolling fd = 7
Socket not ready, repolling fd = 7
Socket not ready, repolling fd = 7
Socket not ready, repolling fd = 7
Socket not ready, repolling fd = 7
Socket not ready, repolling fd = 7
Socket not ready, repolling fd = 7
Socket not ready, repolling fd = 7
Socket not ready, repolling fd = 7
Socket not ready, repolling fd = 7
Socket not ready, repolling fd = 7
Socket not ready, repolling fd = 7
Socket not ready, repolling fd = 7
Socket not ready, repolling fd = 7
Socket not ready, repolling fd = 7
Socket not ready, repolling fd = 7
Socket not ready, repolling fd = 7
Socket not ready, repolling fd = 7
Socket not ready, repolling fd = 7
Socket not ready, repolling fd = 7
Socket not ready, repolling fd = 7
Socket not ready, repolling fd = 7
Socket not ready, repolling fd = 7
Socket not ready, repolling fd = 7
Socket not ready, repolling fd = 7
Socket not ready, repolling fd = 7
Socket not ready, repolling fd = 7
Socket not ready, repolling fd = 7
Socket not ready, repolling fd = 7
Socket not ready, repolling fd = 7
Socket not ready, repolling fd = 7
Socket not ready, repolling fd = 7
Socket not ready, repolling fd = 7
Socket not ready, repolling fd = 7
Socket not ready, repolling fd = 7
Socket not ready, repolling fd = 7
Socket not ready, repolling fd = 7
Socket not ready, repolling fd = 7
Socket not ready, repolling fd = 7
Socket not ready, repolling fd = 7
Socket not ready, repolling fd = 7
Socket not ready, repolling fd = 7
Socket not ready, repolling fd = 7
Socket not ready, repolling fd = 7
Socket not ready, repolling fd = 7
Socket not ready, repolling fd = 7
Socket not ready, repolling fd = 7
Socket not ready, repolling fd = 7
Socket not ready, repolling fd = 7
Socket not ready, repolling fd = 7
Socket not ready, repolling fd = 7
Socket not ready, repolling fd = 7
Socket not ready, repolling fd = 7
Socket not ready, repolling fd = 7
Socket not ready, repolling fd = 7
Socket not ready, repolling fd = 7
Socket not ready, repolling fd = 7
Socket not ready, repolling fd = 7
Socket not ready, repolling fd = 7
Socket not ready, repolling fd = 7
Socket not ready, repolling fd = 7
Socket not ready, repolling fd = 7
Socket not ready, repolling fd = 7
Socket not ready, repolling fd = 7
Socket not ready, repolling fd = 7
Socket not ready, repolling fd = 7
Socket not ready, repolling fd = 7
Socket not ready, repolling fd = 7
Socket not ready, repolling fd = 7
Socket not ready, repolling fd = 7
Socket not ready, repolling fd = 7
Socket not ready, repolling fd = 7
Socket not ready, repolling fd = 7
Socket not ready, repolling fd = 7
Socket not ready, repolling fd = 7
Socket not ready, repolling fd = 7
Socket not ready, repolling fd = 7
Socket not ready, repolling fd = 7
Socket not ready, repolling fd = 7
Socket not ready, repolling fd = 7
Socket not ready, repolling fd = 7
Socket not ready, repolling fd = 7
Socket not ready, repolling fd = 7
Socket not ready, repolling fd = 7
Socket not ready, repolling fd = 7
Socket not ready, repolling fd = 7
Socket not ready, repolling fd = 7
Socket not ready, repolling fd = 7
Socket not ready, repolling fd = 7
Socket not ready, repolling fd = 7
Socket not ready, repolling fd = 7
Socket not ready, repolling fd = 7
Socket not ready, repolling fd = 7
Socket not ready, repolling fd = 7
Socket not ready, repolling fd = 7
Socket not ready, repolling fd = 7
Socket not ready, repolling fd = 7
Socket not ready, repolling fd = 7
Socket not ready, repolling fd = 7
Socket not ready, repolling fd = 7
Socket not ready, repolling fd = 7
Socket not ready, repolling fd = 7
Socket not ready, repolling fd = 7
Socket not ready, repolling fd = 7
Socket not ready, repolling fd = 7
Socket not ready, repolling fd = 7
Socket not ready, repolling fd = 7
Socket not ready, repolling fd = 7
Socket not ready, repolling fd = 7
Socket not ready, repolling fd = 7
Socket not ready, repolling fd = 7
Socket not ready, repolling fd = 7
Socket not ready, repolling fd = 7
Socket not ready, repolling fd = 7
Socket not ready, repolling fd = 7
Socket not ready, repolling fd = 7
Socket not ready, repolling fd = 7
Socket not ready, repolling fd = 7
Socket not ready, repolling fd = 7
Socket not ready, repolling fd = 7
Socket not ready, repolling fd = 7
Socket not ready, repolling fd = 7
Socket not ready, repolling fd = 7
Socket not ready, repolling fd = 7
Socket not ready, repolling fd = 7
Socket not ready, repolling fd = 7
Socket not ready, repolling fd = 7
Socket not ready, repolling fd = 7
Socket not ready, repolling fd = 7
Socket not ready, repolling fd = 7
Socket not ready, repolling fd = 7
Socket not ready, repolling fd = 7
Socket not ready, repolling fd = 7
Socket not ready, repolling fd = 7
Socket not ready, repolling fd = 7
Socket not ready, repolling fd = 7
Socket not ready, repolling fd = 7
Socket not ready, repolling fd = 7
Socket not ready, repolling fd = 7
Socket not ready, repolling fd = 7
Socket not ready, repolling fd = 7
Socket not ready, repolling fd = 7
Socket not ready, repolling fd = 7
Socket not ready, repolling fd = 7
Socket not ready, repolling fd = 7
Socket not ready, repolling fd = 7
Socket not ready, repolling fd = 7
Socket not ready, repolling fd = 7
Socket not ready, repolling fd = 7
Socket not ready, repolling fd = 7
Socket not ready, repolling fd = 7
Socket not ready, repolling fd = 7
Socket not ready, repolling fd = 7
Socket not ready, repolling fd = 7
Socket not ready, repolling fd = 7
Socket not ready, repolling fd = 7
Socket not ready, repolling fd = 7
Socket not ready, repolling fd = 7
Socket not ready, repolling fd = 7
Socket not ready, repolling fd = 7
Socket not ready, repolling fd = 7
Socket not ready, repolling fd = 7
Socket not ready, repolling fd = 7
Socket not ready, repolling fd = 7
Socket not ready, repolling fd = 7
Socket not ready, repolling fd = 7
Socket not ready, repolling fd = 7
Socket not ready, repolling fd = 7
Socket not ready, repolling fd = 7
Socket not ready, repolling fd = 7
Socket not ready, repolling fd = 7
Socket not ready, repolling fd = 7
Socket not ready, repolling fd = 7
Socket not ready, repolling fd = 7
Socket not ready, repolling fd = 7
Socket not ready, repolling fd = 7
Socket not ready, repolling fd = 7
Socket not ready, repolling fd = 7
Socket not ready, repolling fd = 7
Socket not ready, repolling fd = 7
Socket not ready, repolling fd = 7
Socket not ready, repolling fd = 7
Socket not ready, repolling fd = 7
Socket not ready, repolling fd = 7
Socket not ready, repolling fd = 7
Socket not ready, repolling fd = 7
Socket not ready, repolling fd = 7
Socket not ready, repolling fd = 7
Socket not ready, repolling fd = 7
Socket not ready, repolling fd = 7
Socket not ready, repolling fd = 7
Socket not ready, repolling fd = 7
Socket not ready, repolling fd = 7
Socket not ready, repolling fd = 7
Socket not ready, repolling fd = 7
Socket not ready, repolling fd = 7
Socket not ready, repolling fd = 7
Socket not ready, repolling fd = 7
Socket not ready, repolling fd = 7
Socket not ready, repolling fd = 7
Socket not ready, repolling fd = 7
Socket not ready, repolling fd = 7
Socket not ready, repolling fd = 7
Socket not ready, repolling fd = 7
Socket not ready, repolling fd = 7
Socket not ready, repolling fd = 7
Socket not ready, repolling fd = 7
Socket not ready, repolling fd = 7
Socket not ready, repolling fd = 7
Socket not ready, repolling fd = 7
Socket not ready, repolling fd = 7
Socket not ready, repolling fd = 7
Socket not ready, repolling fd = 7
Socket not ready, repolling fd = 7
Socket not ready, repolling fd = 7
Socket not ready, repolling fd = 7
Socket not ready, repolling fd = 7
Socket not ready, repolling fd = 7
Socket not ready, repolling fd = 7
Socket not ready, repolling fd = 7
Socket not ready, repolling fd = 7
Socket not ready, repolling fd = 7
Socket not ready, repolling fd = 7
Socket not ready, repolling fd = 7
Socket not ready, repolling fd = 7
Socket not ready, repolling fd = 7
Socket not ready, repolling fd = 7
Socket not ready, repolling fd = 7
Socket not ready, repolling fd = 7
Socket not ready, repolling fd = 7
Socket not ready, repolling fd = 7
Socket not ready, repolling fd = 7
Socket not ready, repolling fd = 7
Socket not ready, repolling fd = 7
Socket not ready, repolling fd = 7
Socket not ready, repolling fd = 7
Socket not ready, repolling fd = 7
Socket not ready, repolling fd = 7
Socket not ready, repolling fd = 7
Socket not ready, repolling fd = 7
Socket not ready, repolling fd = 7
Socket not ready, repolling fd = 7
Socket not ready, repolling fd = 7
Socket not ready, repolling fd = 7
Socket not ready, repolling fd = 7
Socket not ready, repolling fd = 7
Socket not ready, repolling fd = 7
Socket not ready, repolling fd = 7
Socket not ready, repolling fd = 7
Socket not ready, repolling fd = 7
Socket not ready, repolling fd = 7
Socket not ready, repolling fd = 7
Socket not ready, repolling fd = 7
Socket not ready, repolling fd = 7
Socket not ready, repolling fd = 7
Socket not ready, repolling fd = 7
Socket not ready, repolling fd = 7
Socket not ready, repolling fd = 7
Socket not ready, repolling fd = 7
Socket not ready, repolling fd = 7
Socket not ready, repolling fd = 7
Socket not ready, repolling fd = 7
Socket not ready, repolling fd = 7
Socket not ready, repolling fd = 7
Socket not ready, repolling fd = 7
Socket not ready, repolling fd = 7
Socket not ready, repolling fd = 7
Socket not ready, repolling fd = 7
Socket not ready, repolling fd = 7
Socket not ready, repolling fd = 7
Socket not ready, repolling fd = 7
Socket not ready, repolling fd = 7
Socket not ready, repolling fd = 7
Socket not ready, repolling fd = 7
Socket not ready, repolling fd = 7
Socket not ready, repolling fd = 7
Socket not ready, repolling fd = 7
Socket not ready, repolling fd = 7
Socket not ready, repolling fd = 7
Socket not ready, repolling fd = 7
Socket not ready, repolling fd = 7
Socket not ready, repolling fd = 7
Socket not ready, repolling fd = 7
Socket not ready, repolling fd = 7
Socket not ready, repolling fd = 7
Socket not ready, repolling fd = 7
Socket not ready, repolling fd = 7
Socket not ready, repolling fd = 7
Socket not ready, repolling fd = 7
Socket not ready, repolling fd = 7
Socket not ready, repolling fd = 7
Socket not ready, repolling fd = 7
Socket not ready, repolling fd = 7
Socket not ready, repolling fd = 7
Socket not ready, repolling fd = 7
Socket not ready, repolling fd = 7
Socket not ready, repolling fd = 7
Socket not ready, repolling fd = 7
Socket not ready, repolling fd = 7
Socket not ready, repolling fd = 7
Socket not ready, repolling fd = 7
Socket not ready, repolling fd = 7
Socket not ready, repolling fd = 7
Socket not ready, repolling fd = 7
Socket not ready, repolling fd = 7
Socket not ready, repolling fd = 7
Socket not ready, repolling fd = 7
Socket not ready, repolling fd = 7
Socket not ready, repolling fd = 7
Socket not ready, repolling fd = 7
Socket not ready, repolling fd = 7
Socket not ready, repolling fd = 7
Socket not ready, repolling fd = 7
Socket not ready, repolling fd = 7
Socket not ready, repolling fd = 7
Socket not ready, repolling fd = 7
Socket not ready, repolling fd = 7
Socket not ready, repolling fd = 7
Socket not ready, repolling fd = 7
Socket not ready, repolling fd = 7
Socket not ready, repolling fd = 7
Socket not ready, repolling fd = 7
Socket not ready, repolling fd = 7
Socket not ready, repolling fd = 7
Socket not ready, repolling fd = 7
Socket not ready, repolling fd = 7
Socket not ready, repolling fd = 7
Socket not ready, repolling fd = 7
Socket not ready, repolling fd = 7
Socket not ready, repolling fd = 7
Socket not ready, repolling fd = 7
Socket not ready, repolling fd = 7
Socket not ready, repolling fd = 7
Socket not ready, repolling fd = 7
Socket not ready, repolling fd = 7
Socket not ready, repolling fd = 7
Socket not ready, repolling fd = 7
Socket not ready, repolling fd = 7
Socket not ready, repolling fd = 7
Socket not ready, repolling fd = 7
Socket not ready, repolling fd = 7
Socket not ready, repolling fd = 7
Socket not ready, repolling fd = 7
Socket not ready, repolling fd = 7
Socket not ready, repolling fd = 7
Socket not ready, repolling fd = 7
Socket not ready, repolling fd = 7
Socket not ready, repolling fd = 7
Socket not ready, repolling fd = 7
Socket not ready, repolling fd = 7
Socket not ready, repolling fd = 7
Socket not ready, repolling fd = 7
Socket not ready, repolling fd = 7
Socket not ready, repolling fd = 7
Socket not ready, repolling fd = 7
Socket not ready, repolling fd = 7
Socket not ready, repolling fd = 7
Socket not ready, repolling fd = 7
Socket not ready, repolling fd = 7
Socket not ready, repolling fd = 7
Socket not ready, repolling fd = 7
Socket not ready, repolling fd = 7
Socket not ready, repolling fd = 7
Socket not ready, repolling fd = 7
Socket not ready, repolling fd = 7
Socket not ready, repolling fd = 7
Socket not ready, repolling fd = 7
Socket not ready, repolling fd = 7
Socket not ready, repolling fd = 7
Socket not ready, repolling fd = 7
Socket not ready, repolling fd = 7
Socket not ready, repolling fd = 7
Socket not ready, repolling fd = 7
Socket not ready, repolling fd = 7
Socket not ready, repolling fd = 7
Socket not ready, repolling fd = 7
Socket not ready, repolling fd = 7
Socket not ready, repolling fd = 7
Socket not ready, repolling fd = 7
Socket not ready, repolling fd = 7
Socket not ready, repolling fd = 7
Socket not ready, repolling fd = 7
Socket not ready, repolling fd = 7
Socket not ready, repolling fd = 7
Socket not ready, repolling fd = 7
Socket not ready, repolling fd = 7
Socket not ready, repolling fd = 7
Socket not ready, repolling fd = 7
Socket not ready, repolling fd = 7
Socket not ready, repolling fd = 7
Socket not ready, repolling fd = 7
Socket not ready, repolling fd = 7
Socket not ready, repolling fd = 7
Socket not ready, repolling fd = 7
Socket not ready, repolling fd = 7
Socket not ready, repolling fd = 7
Socket not ready, repolling fd = 7
Socket not ready, repolling fd = 7
Socket not ready, repolling fd = 7
Socket not ready, repolling fd = 7
Socket not ready, repolling fd = 7
Socket not ready, repolling fd = 7
Socket not ready, repolling fd = 7
Socket not ready, repolling fd = 7
Socket not ready, repolling fd = 7
Socket not ready, repolling fd = 7
Socket not ready, repolling fd = 7
Socket not ready, repolling fd = 7
Socket not ready, repolling fd = 7
Socket not ready, repolling fd = 7
Socket not ready, repolling fd = 7
Socket not ready, repolling fd = 7
Socket not ready, repolling fd = 7
Socket not ready, repolling fd = 7
Socket not ready, repolling fd = 7
Socket not ready, repolling fd = 7
Socket not ready, repolling fd = 7
Socket not ready, repolling fd = 7
Socket not ready, repolling fd = 7
Socket not ready, repolling fd = 7
Socket not ready, repolling fd = 7
Socket not ready, repolling fd = 7
Socket not ready, repolling fd = 7
Socket not ready, repolling fd = 7
Socket not ready, repolling fd = 7
Socket not ready, repolling fd = 7
Socket not ready, repolling fd = 7
Socket not ready, repolling fd = 7
Socket not ready, repolling fd = 7
Socket not ready, repolling fd = 7
Socket not ready, repolling fd = 7
Socket not ready, repolling fd = 7
Socket not ready, repolling fd = 7
Socket not ready, repolling fd = 7
Socket not ready, repolling fd = 7
Socket not ready, repolling fd = 7
Socket not ready, repolling fd = 7
Socket not ready, repolling fd = 7
Socket not ready, repolling fd = 7
Socket not ready, repolling fd = 7
Socket not ready, repolling fd = 7
Socket not ready, repolling fd = 7
Socket not ready, repolling fd = 7
Socket not ready, repolling fd = 7
Socket not ready, repolling fd = 7
Socket not ready, repolling fd = 7
Socket not ready, repolling fd = 7
Socket not ready, repolling fd = 7
Socket not ready, repolling fd = 7
Socket not ready, repolling fd = 7
Socket not ready, repolling fd = 7
Socket not ready, repolling fd = 7
Socket not ready, repolling fd = 7
Socket not ready, repolling fd = 7
Socket not ready, repolling fd = 7
Socket not ready, repolling fd = 7
Socket not ready, repolling fd = 7
Socket not ready, repolling fd = 7
Socket not ready, repolling fd = 7
Socket not ready, repolling fd = 7
Socket not ready, repolling fd = 7
Socket not ready, repolling fd = 7
Socket not ready, repolling fd = 7
Socket not ready, repolling fd = 7
Socket not ready, repolling fd = 7
Socket not ready, repolling fd = 7
Socket not ready, repolling fd = 7
Socket not ready, repolling fd = 7
Socket not ready, repolling fd = 7
Socket not ready, repolling fd = 7
Socket not ready, repolling fd = 7
Socket not ready, repolling fd = 7
Socket not ready, repolling fd = 7
Socket not ready, repolling fd = 7
Socket not ready, repolling fd = 7
Socket not ready, repolling fd = 7
Socket not ready, repolling fd = 7
Socket not ready, repolling fd = 7
Socket not ready, repolling fd = 7
Socket not ready, repolling fd = 7
Socket not ready, repolling fd = 7
Socket not ready, repolling fd = 7
Socket not ready, repolling fd = 7
Socket not ready, repolling fd = 7
Socket not ready, repolling fd = 7
Socket not ready, repolling fd = 7
Socket not ready, repolling fd = 7
Socket not ready, repolling fd = 7
Socket not ready, repolling fd = 7
Socket not ready, repolling fd = 7
Socket not ready, repolling fd = 7
Socket not ready, repolling fd = 7
Socket not ready, repolling fd = 7
Socket not ready, repolling fd = 7
Socket not ready, repolling fd = 7
Socket not ready, repolling fd = 7
Socket not ready, repolling fd = 7
Socket not ready, repolling fd = 7
Socket not ready, repolling fd = 7
Socket not ready, repolling fd = 7
Socket not ready, repolling fd = 7
Socket not ready, repolling fd = 7
Socket not ready, repolling fd = 7
Socket not ready, repolling fd = 7
Socket not ready, repolling fd = 7
Socket not ready, repolling fd = 7
Socket not ready, repolling fd = 7
Socket not ready, repolling fd = 7
Socket not ready, repolling fd = 7
Socket not ready, repolling fd = 7
Socket not ready, repolling fd = 7
Socket not ready, repolling fd = 7
Socket not ready, repolling fd = 7
Socket not ready, repolling fd = 7
Socket not ready, repolling fd = 7
Socket not ready, repolling fd = 7
Socket not ready, repolling fd = 7
Socket not ready, repolling fd = 7
Socket not ready, repolling fd = 7
Socket not ready, repolling fd = 7
Socket not ready, repolling fd = 7
Socket not ready, repolling fd = 7
Socket not ready, repolling fd = 7
Socket not ready, repolling fd = 7
Socket not ready, repolling fd = 7
Socket not ready, repolling fd = 7
Socket not ready, repolling fd = 7
Socket not ready, repolling fd = 7
Socket not ready, repolling fd = 7
Socket not ready, repolling fd = 7
Socket not ready, repolling fd = 7
Socket not ready, repolling fd = 7
Socket not ready, repolling fd = 7
Socket not ready, repolling fd = 7
Socket not ready, repolling fd = 7
Socket not ready, repolling fd = 7
Socket not ready, repolling fd = 7
Socket not ready, repolling fd = 7
Socket not ready, repolling fd = 7
Socket not ready, repolling fd = 7
Socket not ready, repolling fd = 7
Socket not ready, repolling fd = 7
Socket not ready, repolling fd = 7
Socket not ready, repolling fd = 7
Socket not ready, repolling fd = 7
Socket not ready, repolling fd = 7
Socket not ready, repolling fd = 7
Socket not ready, repolling fd = 7
Socket not ready, repolling fd = 7
Socket not ready, repolling fd = 7
Socket not ready, repolling fd = 7
Socket not ready, repolling fd = 7
Socket not ready, repolling fd = 7
Socket not ready, repolling fd = 7
Socket not ready, repolling fd = 7
Socket not ready, repolling fd = 7
Socket not ready, repolling fd = 7
Socket not ready, repolling fd = 7
Socket not ready, repolling fd = 7
Socket not ready, repolling fd = 7
Socket not ready, repolling fd = 7
Socket not ready, repolling fd = 7
Socket not ready, repolling fd = 7
Socket not ready, repolling fd = 7
Socket not ready, repolling fd = 7
Socket not ready, repolling fd = 7
Socket not ready, repolling fd = 7
Socket not ready, repolling fd = 7
Socket not ready, repolling fd = 7
Socket not ready, repolling fd = 7
Socket not ready, repolling fd = 7
Socket not ready, repolling fd = 7
Socket not ready, repolling fd = 7
Socket not ready, repolling fd = 7
Socket not ready, repolling fd = 7
Socket not ready, repolling fd = 7
Socket not ready, repolling fd = 7
Socket not ready, repolling fd = 7
Socket not ready, repolling fd = 7
Socket not ready, repolling fd = 7
Socket not ready, repolling fd = 7
Socket not ready, repolling fd = 7
Socket not ready, repolling fd = 7
Socket not ready, repolling fd = 7
Socket not ready, repolling fd = 7
Socket not ready, repolling fd = 7
Socket not ready, repolling fd = 7
Socket not ready, repolling fd = 7
Socket not ready, repolling fd = 7
Socket not ready, repolling fd = 7
Socket not ready, repolling fd = 7
Socket not ready, repolling fd = 7
Socket not ready, repolling fd = 7
Socket not ready, repolling fd = 7
Socket not ready, repolling fd = 7
Socket not ready, repolling fd = 7
Socket not ready, repolling fd = 7
Socket not ready, repolling fd = 7
Socket not ready, repolling fd = 7
Socket not ready, repolling fd = 7
Socket not ready, repolling fd = 7
Socket not ready, repolling fd = 7
Socket not ready, repolling fd = 7
Socket not ready, repolling fd = 7
Socket not ready, repolling fd = 7
Socket not ready, repolling fd = 7
Socket not ready, repolling fd = 7
Socket not ready, repolling fd = 7
Socket not ready, repolling fd = 7
Socket not ready, repolling fd = 7
Socket not ready, repolling fd = 7
Socket not ready, repolling fd = 7
Socket not ready, repolling fd = 7
Socket not ready, repolling fd = 7
Socket not ready, repolling fd = 7
Socket not ready, repolling fd = 7
Socket not ready, repolling fd = 7
Socket not ready, repolling fd = 7
Socket not ready, repolling fd = 7
Socket not ready, repolling fd = 7
Socket not ready, repolling fd = 7
Socket not ready, repolling fd = 7
Socket not ready, repolling fd = 7
Socket not ready, repolling fd = 7
Socket not ready, repolling fd = 7
Socket not ready, repolling fd = 7
Socket not ready, repolling fd = 7
Socket not ready, repolling fd = 7
Socket not ready, repolling fd = 7
Socket not ready, repolling fd = 7
Socket not ready, repolling fd = 7
Socket not ready, repolling fd = 7
Socket not ready, repolling fd = 7
Socket not ready, repolling fd = 7
Socket not ready, repolling fd = 7
Socket not ready, repolling fd = 7
Socket not ready, repolling fd = 7
Socket not ready, repolling fd = 7
Socket not ready, repolling fd = 7
Socket not ready, repolling fd = 7
Socket not ready, repolling fd = 7
Socket not ready, repolling fd = 7
Socket not ready, repolling fd = 7
Socket not ready, repolling fd = 7
Socket not ready, repolling fd = 7
Socket not ready, repolling fd = 7
Socket not ready, repolling fd = 7
Socket not ready, repolling fd = 7
Socket not ready, repolling fd = 7
Socket not ready, repolling fd = 7
Socket not ready, repolling fd = 7
Socket not ready, repolling fd = 7
Socket not ready, repolling fd = 7
Socket not ready, repolling fd = 7
Socket not ready, repolling fd = 7
Socket not ready, repolling fd = 7
Socket not ready, repolling fd = 7
Socket not ready, repolling fd = 7
Socket not ready, repolling fd = 7
Socket not ready, repolling fd = 7
Socket not ready, repolling fd = 7
Socket not ready, repolling fd = 7
Socket not ready, repolling fd = 7
Socket not ready, repolling fd = 7
Socket not ready, repolling fd = 7
Socket not ready, repolling fd = 7
Socket not ready, repolling fd = 7
Socket not ready, repolling fd = 7
Socket not ready, repolling fd = 7
Socket not ready, repolling fd = 7
Socket not ready, repolling fd = 7
Socket not ready, repolling fd = 7
Socket not ready, repolling fd = 7
Socket not ready, repolling fd = 7
Socket not ready, repolling fd = 7
Socket not ready, repolling fd = 7
Socket not ready, repolling fd = 7
Socket not ready, repolling fd = 7
Socket not ready, repolling fd = 7
Socket not ready, repolling fd = 7
Socket not ready, repolling fd = 7
Socket not ready, repolling fd = 7
Socket not ready, repolling fd = 7
Socket not ready, repolling fd = 7
Socket not ready, repolling fd = 7
Socket not ready, repolling fd = 7
Socket not ready, repolling fd = 7
Socket not ready, repolling fd = 7
Socket not ready, repolling fd = 7
Socket not ready, repolling fd = 7
Socket not ready, repolling fd = 7
Socket not ready, repolling fd = 7
Socket not ready, repolling fd = 7
Socket not ready, repolling fd = 7
Socket not ready, repolling fd = 7
Socket not ready, repolling fd = 7
Socket not ready, repolling fd = 7
Socket not ready, repolling fd = 7
Socket not ready, repolling fd = 7
Socket not ready, repolling fd = 7
Socket not ready, repolling fd = 7
Socket not ready, repolling fd = 7
Socket not ready, repolling fd = 7
Socket not ready, repolling fd = 7
Socket not ready, repolling fd = 7
Socket not ready, repolling fd = 7
Socket not ready, repolling fd = 7
Socket not ready, repolling fd = 7
Socket not ready, repolling fd = 7
Socket not ready, repolling fd = 7
Socket not ready, repolling fd = 7
Socket not ready, repolling fd = 7
Socket not ready, repolling fd = 7
Socket not ready, repolling fd = 7
Socket not ready, repolling fd = 7
Socket not ready, repolling fd = 7
Socket not ready, repolling fd = 7
Socket not ready, repolling fd = 7
Socket not ready, repolling fd = 7
Socket not ready, repolling fd = 7
Socket not ready, repolling fd = 7
Socket not ready, repolling fd = 7
Socket not ready, repolling fd = 7
Socket not ready, repolling fd = 7
Socket not ready, repolling fd = 7
Socket not ready, repolling fd = 7
Socket not ready, repolling fd = 7
Socket not ready, repolling fd = 7
Socket not ready, repolling fd = 7
Socket not ready, repolling fd = 7
Socket not ready, repolling fd = 7
Socket not ready, repolling fd = 7
Socket not ready, repolling fd = 7
Socket not ready, repolling fd = 7
Socket not ready, repolling fd = 7
Socket not ready, repolling fd = 7
Socket not ready, repolling fd = 7
Socket not ready, repolling fd = 7
Socket not ready, repolling fd = 7
Socket not ready, repolling fd = 7
Socket not ready, repolling fd = 7
Socket not ready, repolling fd = 7
Socket not ready, repolling fd = 7
Socket not ready, repolling fd = 7
Socket not ready, repolling fd = 7
Socket not ready, repolling fd = 7
Socket not ready, repolling fd = 7
Socket not ready, repolling fd = 7
Socket not ready, repolling fd = 7
Socket not ready, repolling fd = 7
Socket not ready, repolling fd = 7
Socket not ready, repolling fd = 7
Socket not ready, repolling fd = 7
Socket not ready, repolling fd = 7
Socket not ready, repolling fd = 7
Socket not ready, repolling fd = 7
Socket not ready, repolling fd = 7
Socket not ready, repolling fd = 7
Socket not ready, repolling fd = 7
Socket not ready, repolling fd = 7
Socket not ready, repolling fd = 7
Socket not ready, repolling fd = 7
Socket not ready, repolling fd = 7
Socket not ready, repolling fd = 7
Socket not ready, repolling fd = 7
Socket not ready, repolling fd = 7
Socket not ready, repolling fd = 7
Socket not ready, repolling fd = 7
Socket not ready, repolling fd = 7
Socket not ready, repolling fd = 7
Socket not ready, repolling fd = 7
Socket not ready, repolling fd = 7
Socket not ready, repolling fd = 7
Socket not ready, repolling fd = 7
Socket not ready, repolling fd = 7
Socket not ready, repolling fd = 7
Socket not ready, repolling fd = 7
Socket not ready, repolling fd = 7
Socket not ready, repolling fd = 7
Socket not ready, repolling fd = 7
Socket not ready, repolling fd = 7
Socket not ready, repolling fd = 7
Socket not ready, repolling fd = 7
Socket not ready, repolling fd = 7
Socket not ready, repolling fd = 7
Socket not ready, repolling fd = 7
Socket not ready, repolling fd = 7
Socket not ready, repolling fd = 7
Socket not ready, repolling fd = 7
Socket not ready, repolling fd = 7
Socket not ready, repolling fd = 7
Socket not ready, repolling fd = 7
Socket not ready, repolling fd = 7
Socket not ready, repolling fd = 7
Socket not ready, repolling fd = 7
Socket not ready, repolling fd = 7
Socket not ready, repolling fd = 7
Socket not ready, repolling fd = 7
Socket not ready, repolling fd = 7
Socket not ready, repolling fd = 7
Socket not ready, repolling fd = 7
Socket not ready, repolling fd = 7
Socket not ready, repolling fd = 7
Socket not ready, repolling fd = 7
Socket not ready, repolling fd = 7
Socket not ready, repolling fd = 7
Socket not ready, repolling fd = 7
Socket not ready, repolling fd = 7
Socket not ready, repolling fd = 7
Socket not ready, repolling fd = 7
Socket not ready, repolling fd = 7
Socket not ready, repolling fd = 7
Socket not ready, repolling fd = 7
Socket not ready, repolling fd = 7
Socket not ready, repolling fd = 7
Socket not ready, repolling fd = 7
Socket not ready, repolling fd = 7
Socket not ready, repolling fd = 7
Socket not ready, repolling fd = 7
Socket not ready, repolling fd = 7
Socket not ready, repolling fd = 7
Socket not ready, repolling fd = 7
Socket not ready, repolling fd = 7
Socket not ready, repolling fd = 7
Socket not ready, repolling fd = 7
Socket not ready, repolling fd = 7
Socket not ready, repolling fd = 7
Socket not ready, repolling fd = 7
Socket not ready, repolling fd = 7
Socket not ready, repolling fd = 7
Socket not ready, repolling fd = 7
Socket not ready, repolling fd = 7
Socket not ready, repolling fd = 7
Socket not ready, repolling fd = 7
Socket not ready, repolling fd = 7
Socket not ready, repolling fd = 7
Socket not ready, repolling fd = 7
Socket not ready, repolling fd = 7
Socket not ready, repolling fd = 7
Socket not ready, repolling fd = 7
Socket not ready, repolling fd = 7
Socket not ready, repolling fd = 7
Socket not ready, repolling fd = 7
Socket not ready, repolling fd = 7
Socket not ready, repolling fd = 7
Socket not ready, repolling fd = 7
Socket not ready, repolling fd = 7
Socket not ready, repolling fd = 7
Socket not ready, repolling fd = 7
Socket not ready, repolling fd = 7
Socket not ready, repolling fd = 7
Socket not ready, repolling fd = 7
Socket not ready, repolling fd = 7
Socket not ready, repolling fd = 7
Socket not ready, repolling fd = 7
Socket not ready, repolling fd = 7
Socket not ready, repolling fd = 7
Socket not ready, repolling fd = 7
Socket not ready, repolling fd = 7
Socket not ready, repolling fd = 7
Socket not ready, repolling fd = 7
Socket not ready, repolling fd = 7
Socket not ready, repolling fd = 7
Socket not ready, repolling fd = 7
Socket not ready, repolling fd = 7
Socket not ready, repolling fd = 7
Socket not ready, repolling fd = 7
Socket not ready, repolling fd = 7
Socket not ready, repolling fd = 7
Socket not ready, repolling fd = 7
Socket not ready, repolling fd = 7
Socket not ready, repolling fd = 7
Socket not ready, repolling fd = 7
Socket not ready, repolling fd = 7
Socket not ready, repolling fd = 7
Socket not ready, repolling fd = 7
Socket not ready, repolling fd = 7
Socket not ready, repolling fd = 7
Socket not ready, repolling fd = 7
Socket not ready, repolling fd = 7
Socket not ready, repolling fd = 7
Socket not ready, repolling fd = 7
Socket not ready, repolling fd = 7
Socket not ready, repolling fd = 7
Socket not ready, repolling fd = 7
Socket not ready, repolling fd = 7
Socket not ready, repolling fd = 7
Socket not ready, repolling fd = 7
Socket not ready, repolling fd = 7
Socket not ready, repolling fd = 7
Socket not ready, repolling fd = 7
Socket not ready, repolling fd = 7
Socket not ready, repolling fd = 7
Socket not ready, repolling fd = 7
Socket not ready, repolling fd = 7
Socket not ready, repolling fd = 7
Socket not ready, repolling fd = 7
Socket not ready, repolling fd = 7
Socket not ready, repolling fd = 7
Socket not ready, repolling fd = 7
Socket not ready, repolling fd = 7
Socket not ready, repolling fd = 7
Socket not ready, repolling fd = 7
Socket not ready, repolling fd = 7
Socket not ready, repolling fd = 7
Socket not ready, repolling fd = 7
Socket not ready, repolling fd = 7
Socket not ready, repolling fd = 7
Socket not ready, repolling fd = 7
Socket not ready, repolling fd = 7
Socket not ready, repolling fd = 7
Socket not ready, repolling fd = 7
Socket not ready, repolling fd = 7
Socket not ready, repolling fd = 7
Socket not ready, repolling fd = 7
Socket not ready, repolling fd = 7
Socket not ready, repolling fd = 7
Socket not ready, repolling fd = 7
Socket not ready, repolling fd = 7
Socket not ready, repolling fd = 7
Socket not ready, repolling fd = 7
Socket not ready, repolling fd = 7
Socket not ready, repolling fd = 7
Socket not ready, repolling fd = 7
Socket not ready, repolling fd = 7
Socket not ready, repolling fd = 7
Socket not ready, repolling fd = 7
Socket not ready, repolling fd = 7
Socket not ready, repolling fd = 7
Socket not ready, repolling fd = 7
Socket not ready, repolling fd = 7
Socket not ready, repolling fd = 7
Socket not ready, repolling fd = 7
Socket not ready, repolling fd = 7
Socket not ready, repolling fd = 7
Socket not ready, repolling fd = 7
Socket not ready, repolling fd = 7
Socket not ready, repolling fd = 7
Socket not ready, repolling fd = 7
Socket not ready, repolling fd = 7
Socket not ready, repolling fd = 7
Socket not ready, repolling fd = 7
Socket not ready, repolling fd = 7
Socket not ready, repolling fd = 7
Socket not ready, repolling fd = 7
Socket not ready, repolling fd = 7
Socket not ready, repolling fd = 7
Socket not ready, repolling fd = 7
Socket not ready, repolling fd = 7
Socket not ready, repolling fd = 7
Socket not ready, repolling fd = 7
Socket not ready, repolling fd = 7
Socket not ready, repolling fd = 7
Socket not ready, repolling fd = 7
Socket not ready, repolling fd = 7
Socket not ready, repolling fd = 7
Socket not ready, repolling fd = 7
Socket not ready, repolling fd = 7
Socket not ready, repolling fd = 7
Socket not ready, repolling fd = 7
Socket not ready, repolling fd = 7
Socket not ready, repolling fd = 7
Socket not ready, repolling fd = 7
Socket not ready, repolling fd = 7
Socket not ready, repolling fd = 7
Socket not ready, repolling fd = 7
Socket not ready, repolling fd = 7
Socket not ready, repolling fd = 7
Socket not ready, repolling fd = 7
Socket not ready, repolling fd = 7
Socket not ready, repolling fd = 7
Socket not ready, repolling fd = 7
Socket not ready, repolling fd = 7
Socket not ready, repolling fd = 7
Socket not ready, repolling fd = 7
Socket not ready, repolling fd = 7
Socket not ready, repolling fd = 7
Socket not ready, repolling fd = 7
Socket not ready, repolling fd = 7
Socket not ready, repolling fd = 7
Socket not ready, repolling fd = 7
Socket not ready, repolling fd = 7
Socket not ready, repolling fd = 7
Socket not ready, repolling fd = 7
Socket not ready, repolling fd = 7
Socket not ready, repolling fd = 7
Socket not ready, repolling fd = 7
Socket not ready, repolling fd = 7
Socket not ready, repolling fd = 7
Socket not ready, repolling fd = 7
Socket not ready, repolling fd = 7
Socket not ready, repolling fd = 7
Socket not ready, repolling fd = 7
Socket not ready, repolling fd = 7
Socket not ready, repolling fd = 7
Socket not ready, repolling fd = 7
Socket not ready, repolling fd = 7
Socket not ready, repolling fd = 7
Socket not ready, repolling fd = 7
Socket not ready, repolling fd = 7
Socket not ready, repolling fd = 7
Socket not ready, repolling fd = 7
Socket not ready, repolling fd = 7
Socket not ready, repolling fd = 7
Socket not ready, repolling fd = 7
Socket not ready, repolling fd = 7
Socket not ready, repolling fd = 7
Socket not ready, repolling fd = 7
Socket not ready, repolling fd = 7
Socket not ready, repolling fd = 7
Socket not ready, repolling fd = 7
Socket not ready, repolling fd = 7
Socket not ready, repolling fd = 7
Socket not ready, repolling fd = 7
Socket not ready, repolling fd = 7
Socket not ready, repolling fd = 7
Socket not ready, repolling fd = 7
Socket not ready, repolling fd = 7
Socket not ready, repolling fd = 7
Socket not ready, repolling fd = 7
Socket not ready, repolling fd = 7
Socket not ready, repolling fd = 7
Socket not ready, repolling fd = 7
Socket not ready, repolling fd = 7
Socket not ready, repolling fd = 7
Socket not ready, repolling fd = 7
Socket not ready, repolling fd = 7
Socket not ready, repolling fd = 7
Socket not ready, repolling fd = 7
Socket not ready, repolling fd = 8
Socket not ready, repolling fd = 9
Socket not ready, repolling fd = 9
Socket not ready, repolling fd = 9
Socket not ready, repolling fd = 9
Socket not ready, repolling fd = 9
Socket not ready, repolling fd = 9
Socket not ready, repolling fd = 9
Socket not ready, repolling fd = 9
Socket not ready, repolling fd = 9
Socket not ready, repolling fd = 9
Socket not ready, repolling fd = 9
Socket not ready, repolling fd = 9
Socket not ready, repolling fd = 9
Socket not ready, repolling fd = 9
Socket not ready, repolling fd = 9
Socket not ready, repolling fd = 9
Socket not ready, repolling fd = 9
Socket not ready, repolling fd = 9
Socket not ready, repolling fd = 9
Socket not ready, repolling fd = 9
Socket not ready, repolling fd = 9
Socket not ready, repolling fd = 9
Socket not ready, repolling fd = 9
Socket not ready, repolling fd = 9
Socket not ready, repolling fd = 9
Socket not ready, repolling fd = 9
Socket not ready, repolling fd = 9
Socket not ready, repolling fd = 9
Socket not ready, repolling fd = 9
Socket not ready, repolling fd = 9
Socket not ready, repolling fd = 9
Socket not ready, repolling fd = 9
Socket not ready, repolling fd = 9
Socket not ready, repolling fd = 9
Socket not ready, repolling fd = 9
Socket not ready, repolling fd = 9
Socket not ready, repolling fd = 9
Socket not ready, repolling fd = 9
Socket not ready, repolling fd = 9
Socket not ready, repolling fd = 9
Socket not ready, repolling fd = 9
Socket not ready, repolling fd = 9
Socket not ready, repolling fd = 9
Socket not ready, repolling fd = 9
Socket not ready, repolling fd = 9
Socket not ready, repolling fd = 9
Socket not ready, repolling fd = 9
Socket not ready, repolling fd = 9
Socket not ready, repolling fd = 9
Socket not ready, repolling fd = 9
Socket not ready, repolling fd = 9
Socket not ready, repolling fd = 9
Socket not ready, repolling fd = 9
Socket not ready, repolling fd = 9
Socket not ready, repolling fd = 9
Socket not ready, repolling fd = 9
Socket not ready, repolling fd = 9
Socket not ready, repolling fd = 9
Socket not ready, repolling fd = 9
Socket not ready, repolling fd = 9
Socket not ready, repolling fd = 9
Socket not ready, repolling fd = 9
Socket not ready, repolling fd = 9
Socket not ready, repolling fd = 9
Socket not ready, repolling fd = 9
Socket not ready, repolling fd = 9
Socket not ready, repolling fd = 9
Socket not ready, repolling fd = 9
Socket not ready, repolling fd = 9
Socket not ready, repolling fd = 9
Socket not ready, repolling fd = 9
Socket not ready, repolling fd = 9
Socket not ready, repolling fd = 9
Socket not ready, repolling fd = 9
Socket not ready, repolling fd = 9
Socket not ready, repolling fd = 9
Socket not ready, repolling fd = 9
Socket not ready, repolling fd = 9
Socket not ready, repolling fd = 9
Socket not ready, repolling fd = 9
Socket not ready, repolling fd = 9
Socket not ready, repolling fd = 9
Socket not ready, repolling fd = 9
Socket not ready, repolling fd = 9
Socket not ready, repolling fd = 9
Socket not ready, repolling fd = 9
Socket not ready, repolling fd = 9
Socket not ready, repolling fd = 9
Socket not ready, repolling fd = 9
Socket not ready, repolling fd = 9
Socket not ready, repolling fd = 9
Socket not ready, repolling fd = 9
Socket not ready, repolling fd = 9
Socket not ready, repolling fd = 9
Socket not ready, repolling fd = 9
Socket not ready, repolling fd = 9
Socket not ready, repolling fd = 9
Socket not ready, repolling fd = 9
Socket not ready, repolling fd = 9
Socket not ready, repolling fd = 9
Socket not ready, repolling fd = 9
Socket not ready, repolling fd = 9
Socket not ready, repolling fd = 9
Socket not ready, repolling fd = 9
Socket not ready, repolling fd = 9
Socket not ready, repolling fd = 9
Socket not ready, repolling fd = 9
Socket not ready, repolling fd = 9
Socket not ready, repolling fd = 9
Socket not ready, repolling fd = 9
Socket not ready, repolling fd = 9
Socket not ready, repolling fd = 9
Socket not ready, repolling fd = 9
Socket not ready, repolling fd = 9
Socket not ready, repolling fd = 9
Socket not ready, repolling fd = 9
Socket not ready, repolling fd = 9
Socket not ready, repolling fd = 9
Socket not ready, repolling fd = 9
Socket not ready, repolling fd = 9
Socket not ready, repolling fd = 9
Socket not ready, repolling fd = 9
Socket not ready, repolling fd = 9
Socket not ready, repolling fd = 9
Socket not ready, repolling fd = 9
Socket not ready, repolling fd = 9
Socket not ready, repolling fd = 9
Socket not ready, repolling fd = 9
Socket not ready, repolling fd = 9
Socket not ready, repolling fd = 9
Socket not ready, repolling fd = 9
Socket not ready, repolling fd = 9
Socket not ready, repolling fd = 9
Socket not ready, repolling fd = 9
Socket not ready, repolling fd = 9
Socket not ready, repolling fd = 9
Socket not ready, repolling fd = 9
Socket not ready, repolling fd = 9
Socket not ready, repolling fd = 9
Socket not ready, repolling fd = 9
Socket not ready, repolling fd = 9
Socket not ready, repolling fd = 9
Socket not ready, repolling fd = 9
Socket not ready, repolling fd = 9
Socket not ready, repolling fd = 9
Socket not ready, repolling fd = 9
Socket not ready, repolling fd = 9
Socket not ready, repolling fd = 9
Socket not ready, repolling fd = 9
Socket not ready, repolling fd = 9
Socket not ready, repolling fd = 9
Socket not ready, repolling fd = 9
Socket not ready, repolling fd = 9
Socket not ready, repolling fd = 9
Socket not ready, repolling fd = 9
Socket not ready, repolling fd = 9
Socket not ready, repolling fd = 9
Socket not ready, repolling fd = 9
Socket not ready, repolling fd = 9
Socket not ready, repolling fd = 9
Socket not ready, repolling fd = 9
Socket not ready, repolling fd = 9
Socket not ready, repolling fd = 9
Socket not ready, repolling fd = 9
Socket not ready, repolling fd = 9
Socket not ready, repolling fd = 9
Socket not ready, repolling fd = 9
Socket not ready, repolling fd = 9
Socket not ready, repolling fd = 9
Socket not ready, repolling fd = 9
Socket not ready, repolling fd = 9
Socket not ready, repolling fd = 9
Socket not ready, repolling fd = 9
Socket not ready, repolling fd = 9
Socket not ready, repolling fd = 9
Socket not ready, repolling fd = 9
Socket not ready, repolling fd = 9
Socket not ready, repolling fd = 9
Socket not ready, repolling fd = 9
Socket not ready, repolling fd = 9
Socket not ready, repolling fd = 9
Socket not ready, repolling fd = 9
Socket not ready, repolling fd = 9
Socket not ready, repolling fd = 9
Socket not ready, repolling fd = 9
Socket not ready, repolling fd = 9
Socket not ready, repolling fd = 9
Socket not ready, repolling fd = 9
Socket not ready, repolling fd = 9
Socket not ready, repolling fd = 9
Socket not ready, repolling fd = 9
Socket not ready, repolling fd = 9
Socket not ready, repolling fd = 8
Socket not ready, repolling fd = 8
Socket not ready, repolling fd = 8
Socket not ready, repolling fd = 8
Socket not ready, repolling fd = 8
Socket not ready, repolling fd = 8
Socket not ready, repolling fd = 8
Socket not ready, repolling fd = 8
Socket not ready, repolling fd = 8
Socket not ready, repolling fd = 8
Socket not ready, repolling fd = 8
Socket not ready, repolling fd = 8
Socket not ready, repolling fd = 8
Socket not ready, repolling fd = 8
Socket not ready, repolling fd = 8
Socket not ready, repolling fd = 8
Socket not ready, repolling fd = 8
Socket not ready, repolling fd = 8
Socket not ready, repolling fd = 8
Socket not ready, repolling fd = 8
Socket not ready, repolling fd = 8
Socket not ready, repolling fd = 8
Socket not ready, repolling fd = 8
Socket not ready, repolling fd = 8
Socket not ready, repolling fd = 8
Socket not ready, repolling fd = 8
Socket not ready, repolling fd = 8
Socket not ready, repolling fd = 8
Socket not ready, repolling fd = 8
Socket not ready, repolling fd = 8
Socket not ready, repolling fd = 8
Socket not ready, repolling fd = 8
Socket not ready, repolling fd = 8
Socket not ready, repolling fd = 8
Socket not ready, repolling fd = 8
Socket not ready, repolling fd = 8
Socket not ready, repolling fd = 8
Socket not ready, repolling fd = 8
Socket not ready, repolling fd = 8
Socket not ready, repolling fd = 8
Socket not ready, repolling fd = 8
Socket not ready, repolling fd = 8
Socket not ready, repolling fd = 8
Socket not ready, repolling fd = 8
Socket not ready, repolling fd = 8
Socket not ready, repolling fd = 8
Socket not ready, repolling fd = 8
Socket not ready, repolling fd = 8
Socket not ready, repolling fd = 8
Socket not ready, repolling fd = 8
Socket not ready, repolling fd = 8
Socket not ready, repolling fd = 8
Socket not ready, repolling fd = 8
Socket not ready, repolling fd = 8
Socket not ready, repolling fd = 8
Socket not ready, repolling fd = 8
Socket not ready, repolling fd = 8
Socket not ready, repolling fd = 8
Socket not ready, repolling fd = 8
Socket not ready, repolling fd = 8
Socket not ready, repolling fd = 8
Socket not ready, repolling fd = 8
Socket not ready, repolling fd = 8
Socket not ready, repolling fd = 8
Socket not ready, repolling fd = 8
Socket not ready, repolling fd = 8
Socket not ready, repolling fd = 8
Socket not ready, repolling fd = 8
Socket not ready, repolling fd = 8
Socket not ready, repolling fd = 8
Socket not ready, repolling fd = 8
Socket not ready, repolling fd = 8
Socket not ready, repolling fd = 8
Socket not ready, repolling fd = 8
Socket not ready, repolling fd = 8
Socket not ready, repolling fd = 8
Socket not ready, repolling fd = 8
Socket not ready, repolling fd = 8
Socket not ready, repolling fd = 8
Socket not ready, repolling fd = 8
Socket not ready, repolling fd = 8
Socket not ready, repolling fd = 8
Socket not ready, repolling fd = 8
Socket not ready, repolling fd = 8
Socket not ready, repolling fd = 8
Socket not ready, repolling fd = 8
Socket not ready, repolling fd = 8
Socket not ready, repolling fd = 8
Socket not ready, repolling fd = 8
Socket not ready, repolling fd = 8
Socket not ready, repolling fd = 8
Socket not ready, repolling fd = 8
Socket not ready, repolling fd = 8
Socket not ready, repolling fd = 8
Socket not ready, repolling fd = 8
Socket not ready, repolling fd = 8
Socket not ready, repolling fd = 8
Socket not ready, repolling fd = 8
Socket not ready, repolling fd = 8
Socket not ready, repolling fd = 8
Socket not ready, repolling fd = 8
Socket not ready, repolling fd = 8
Socket not ready, repolling fd = 8
Socket not ready, repolling fd = 8
Socket not ready, repolling fd = 8
Socket not ready, repolling fd = 8
Socket not ready, repolling fd = 8
Socket not ready, repolling fd = 8
Socket not ready, repolling fd = 8
Socket not ready, repolling fd = 8
Socket not ready, repolling fd = 8
Socket not ready, repolling fd = 8
Socket not ready, repolling fd = 8
Socket not ready, repolling fd = 8
Socket not ready, repolling fd = 8
Socket not ready, repolling fd = 8
Socket not ready, repolling fd = 8
Socket not ready, repolling fd = 8
Socket not ready, repolling fd = 8
Socket not ready, repolling fd = 8
Socket not ready, repolling fd = 8
Socket not ready, repolling fd = 8
Socket not ready, repolling fd = 8
Socket not ready, repolling fd = 8
Socket not ready, repolling fd = 8
Socket not ready, repolling fd = 8
Socket not ready, repolling fd = 8
Socket not ready, repolling fd = 9
Socket not ready, repolling fd = 9
Socket not ready, repolling fd = 9
Socket not ready, repolling fd = 9
Socket not ready, repolling fd = 9
Socket not ready, repolling fd = 9
Socket not ready, repolling fd = 9
Socket not ready, repolling fd = 9
Socket not ready, repolling fd = 9
Socket not ready, repolling fd = 9
Socket not ready, repolling fd = 9
Socket not ready, repolling fd = 9
Socket not ready, repolling fd = 9
Socket not ready, repolling fd = 9
Socket not ready, repolling fd = 9
Socket not ready, repolling fd = 9
Socket not ready, repolling fd = 9
Socket not ready, repolling fd = 9
Socket not ready, repolling fd = 9
Socket not ready, repolling fd = 9
Socket not ready, repolling fd = 9
Socket not ready, repolling fd = 9
Socket not ready, repolling fd = 9
Socket not ready, repolling fd = 9
Socket not ready, repolling fd = 9
Socket not ready, repolling fd = 9
Socket not ready, repolling fd = 9
Socket not ready, repolling fd = 9
Socket not ready, repolling fd = 9
Socket not ready, repolling fd = 9
Socket not ready, repolling fd = 9
Socket not ready, repolling fd = 9
Socket not ready, repolling fd = 9
Socket not ready, repolling fd = 9
Socket not ready, repolling fd = 9
Socket not ready, repolling fd = 9
Socket not ready, repolling fd = 9
Socket not ready, repolling fd = 9
Socket not ready, repolling fd = 9
Socket not ready, repolling fd = 9
Socket not ready, repolling fd = 9
Socket not ready, repolling fd = 9
Socket not ready, repolling fd = 9
Socket not ready, repolling fd = 9
Socket not ready, repolling fd = 9
Socket not ready, repolling fd = 9
Socket not ready, repolling fd = 9
Socket not ready, repolling fd = 9
Socket not ready, repolling fd = 9
Socket not ready, repolling fd = 9
Socket not ready, repolling fd = 9
Socket not ready, repolling fd = 9
Socket not ready, repolling fd = 9
Socket not ready, repolling fd = 9
Socket not ready, repolling fd = 9
Socket not ready, repolling fd = 9
Socket not ready, repolling fd = 9
Socket not ready, repolling fd = 9
Socket not ready, repolling fd = 9
Socket not ready, repolling fd = 9
Socket not ready, repolling fd = 9
Socket not ready, repolling fd = 9
Socket not ready, repolling fd = 9
Socket not ready, repolling fd = 9
Socket not ready, repolling fd = 9
Socket not ready, repolling fd = 9
Socket not ready, repolling fd = 9
Socket not ready, repolling fd = 9
Socket not ready, repolling fd = 9
Socket not ready, repolling fd = 9
Socket not ready, repolling fd = 9
Socket not ready, repolling fd = 9
Socket not ready, repolling fd = 9
Socket not ready, repolling fd = 9
Socket not ready, repolling fd = 9
Socket not ready, repolling fd = 9
Socket not ready, repolling fd = 9
Socket not ready, repolling fd = 9
Socket not ready, repolling fd = 9
Socket not ready, repolling fd = 9
Socket not ready, repolling fd = 9
Socket not ready, repolling fd = 9
Socket not ready, repolling fd = 9
Socket not ready, repolling fd = 9
Socket not ready, repolling fd = 9
Socket not ready, repolling fd = 9
Socket not ready, repolling fd = 9
Socket not ready, repolling fd = 9
Socket not ready, repolling fd = 9
Socket not ready, repolling fd = 9
Socket not ready, repolling fd = 9
Socket not ready, repolling fd = 9
Socket not ready, repolling fd = 9
Socket not ready, repolling fd = 9
Socket not ready, repolling fd = 9
Socket not ready, repolling fd = 9
Socket not ready, repolling fd = 9
Socket not ready, repolling fd = 9
Socket not ready, repolling fd = 9
Socket not ready, repolling fd = 9
Socket not ready, repolling fd = 9
Socket not ready, repolling fd = 9
Socket not ready, repolling fd = 9
Socket not ready, repolling fd = 9
Socket not ready, repolling fd = 9
Socket not ready, repolling fd = 9
Socket not ready, repolling fd = 9
Socket not ready, repolling fd = 9
Socket not ready, repolling fd = 9
Socket not ready, repolling fd = 9
Socket not ready, repolling fd = 9
Socket not ready, repolling fd = 9
Socket not ready, repolling fd = 9
Socket not ready, repolling fd = 9
Socket not ready, repolling fd = 9
Socket not ready, repolling fd = 9
Socket not ready, repolling fd = 9
Socket not ready, repolling fd = 9
Socket not ready, repolling fd = 9
Socket not ready, repolling fd = 9
Socket not ready, repolling fd = 9
Socket not ready, repolling fd = 9
Socket not ready, repolling fd = 9
Socket not ready, repolling fd = 9
Socket not ready, repolling fd = 9
Socket not ready, repolling fd = 9
Socket not ready, repolling fd = 9
Socket not ready, repolling fd = 9
Socket not ready, repolling fd = 9
Socket not ready, repolling fd = 9
Socket not ready, repolling fd = 9
Socket not ready, repolling fd = 9
Socket not ready, repolling fd = 9
Socket not ready, repolling fd = 9
Socket not ready, repolling fd = 9
Socket not ready, repolling fd = 9
Socket not ready, repolling fd = 9
Socket not ready, repolling fd = 9
Socket not ready, repolling fd = 9
Socket not ready, repolling fd = 9
Socket not ready, repolling fd = 9
Socket not ready, repolling fd = 9
Socket not ready, repolling fd = 9
Socket not ready, repolling fd = 9
Socket not ready, repolling fd = 9
Socket not ready, repolling fd = 9
Socket not ready, repolling fd = 9
Socket not ready, repolling fd = 9
Socket not ready, repolling fd = 9
Socket not ready, repolling fd = 9
Socket not ready, repolling fd = 9
Socket not ready, repolling fd = 9
Socket not ready, repolling fd = 9
Socket not ready, repolling fd = 9
Socket not ready, repolling fd = 9
Socket not ready, repolling fd = 9
Socket not ready, repolling fd = 9
Socket not ready, repolling fd = 9
Socket not ready, repolling fd = 9
Socket not ready, repolling fd = 9
Socket not ready, repolling fd = 9
Socket not ready, repolling fd = 9
Socket not ready, repolling fd = 9
Socket not ready, repolling fd = 9
Socket not ready, repolling fd = 9
Socket not ready, repolling fd = 9
Socket not ready, repolling fd = 9
Socket not ready, repolling fd = 9
Socket not ready, repolling fd = 9
Socket not ready, repolling fd = 9
Socket not ready, repolling fd = 9
Socket not ready, repolling fd = 9
Socket not ready, repolling fd = 9
Socket not ready, repolling fd = 9
Socket not ready, repolling fd = 9
Socket not ready, repolling fd = 9
Socket not ready, repolling fd = 9
Socket not ready, repolling fd = 9
Socket not ready, repolling fd = 9
Socket not ready, repolling fd = 9
Socket not ready, repolling fd = 9
Socket not ready, repolling fd = 9
Socket not ready, repolling fd = 9
Socket not ready, repolling fd = 9
Socket not ready, repolling fd = 9
Socket not ready, repolling fd = 9
Socket not ready, repolling fd = 9
Socket not ready, repolling fd = 9
Socket not ready, repolling fd = 9
Socket not ready, repolling fd = 9
Socket not ready, repolling fd = 9
Socket not ready, repolling fd = 9
Socket not ready, repolling fd = 9
Socket not ready, repolling fd = 9
Socket not ready, repolling fd = 9
Socket not ready, repolling fd = 9
Socket not ready, repolling fd = 9
Socket not ready, repolling fd = 9
Socket not ready, repolling fd = 9
Socket not ready, repolling fd = 9
Socket not ready, repolling fd = 9
Socket not ready, repolling fd = 9
Socket not ready, repolling fd = 9
Socket not ready, repolling fd = 9
Socket not ready, repolling fd = 9
Socket not ready, repolling fd = 9
Socket not ready, repolling fd = 9
Socket not ready, repolling fd = 9
Socket not ready, repolling fd = 9
Socket not ready, repolling fd = 9
Socket not ready, repolling fd = 9
Socket not ready, repolling fd = 9
Socket not ready, repolling fd = 9
Socket not ready, repolling fd = 9
Socket not ready, repolling fd = 9
Socket not ready, repolling fd = 9
Socket not ready, repolling fd = 9
Socket not ready, repolling fd = 9
Socket not ready, repolling fd = 9
Socket not ready, repolling fd = 9
Socket not ready, repolling fd = 9
Socket not ready, repolling fd = 9
Socket not ready, repolling fd = 9
Socket not ready, repolling fd = 9
Socket not ready, repolling fd = 9
Socket not ready, repolling fd = 9
Socket not ready, repolling fd = 9
Socket not ready, repolling fd = 9
Socket not ready, repolling fd = 9
Socket not ready, repolling fd = 9
Socket not ready, repolling fd = 9
Socket not ready, repolling fd = 9
Socket not ready, repolling fd = 9
Socket not ready, repolling fd = 9
Socket not ready, repolling fd = 9
Socket not ready, repolling fd = 9
Socket not ready, repolling fd = 9
Socket not ready, repolling fd = 9
Socket not ready, repolling fd = 9
Socket not ready, repolling fd = 9
Socket not ready, repolling fd = 9
Socket not ready, repolling fd = 9
Socket not ready, repolling fd = 9
Socket not ready, repolling fd = 9
Socket not ready, repolling fd = 9
Socket not ready, repolling fd = 9
Socket not ready, repolling fd = 9
Socket not ready, repolling fd = 9
Socket not ready, repolling fd = 9
Socket not ready, repolling fd = 9
Socket not ready, repolling fd = 9
Socket not ready, repolling fd = 9
Socket not ready, repolling fd = 9
Socket not ready, repolling fd = 9
Socket not ready, repolling fd = 9
Socket not ready, repolling fd = 9
Socket not ready, repolling fd = 9
Socket not ready, repolling fd = 9
Socket not ready, repolling fd = 9
Socket not ready, repolling fd = 9
Socket not ready, repolling fd = 9
Socket not ready, repolling fd = 9
Socket not ready, repolling fd = 9
Socket not ready, repolling fd = 9
Socket not ready, repolling fd = 9
Socket not ready, repolling fd = 9
Socket not ready, repolling fd = 9
Socket not ready, repolling fd = 9
Socket not ready, repolling fd = 9
Socket not ready, repolling fd = 9
Socket not ready, repolling fd = 9
Socket not ready, repolling fd = 9
Socket not ready, repolling fd = 9
Socket not ready, repolling fd = 9
Socket not ready, repolling fd = 9
Socket not ready, repolling fd = 9
Socket not ready, repolling fd = 9
Socket not ready, repolling fd = 9
Socket not ready, repolling fd = 9
Socket not ready, repolling fd = 9
Socket not ready, repolling fd = 9
Socket not ready, repolling fd = 9
Socket not ready, repolling fd = 9
Socket not ready, repolling fd = 9
Socket not ready, repolling fd = 9
Socket not ready, repolling fd = 9
Socket not ready, repolling fd = 9
Socket not ready, repolling fd = 9
Socket not ready, repolling fd = 9
Socket not ready, repolling fd = 9
Socket not ready, repolling fd = 9
Socket not ready, repolling fd = 9
Socket not ready, repolling fd = 9
Socket not ready, repolling fd = 9
Socket not ready, repolling fd = 9
Socket not ready, repolling fd = 9
Socket not ready, repolling fd = 9
Socket not ready, repolling fd = 9
Socket not ready, repolling fd = 9
Socket not ready, repolling fd = 9
Socket not ready, repolling fd = 9
Socket not ready, repolling fd = 9
Socket not ready, repolling fd = 9
Socket not ready, repolling fd = 9
Socket not ready, repolling fd = 9
Socket not ready, repolling fd = 9
Socket not ready, repolling fd = 9
Socket not ready, repolling fd = 9
Socket not ready, repolling fd = 9
Socket not ready, repolling fd = 9
Socket not ready, repolling fd = 9
Socket not ready, repolling fd = 9
Socket not ready, repolling fd = 9
Socket not ready, repolling fd = 9
Socket not ready, repolling fd = 9
Socket not ready, repolling fd = 9
Socket not ready, repolling fd = 9
Socket not ready, repolling fd = 9
Socket not ready, repolling fd = 9
Socket not ready, repolling fd = 9
Socket not ready, repolling fd = 9
Socket not ready, repolling fd = 9
Socket not ready, repolling fd = 9
Socket not ready, repolling fd = 9
Socket not ready, repolling fd = 9
Socket not ready, repolling fd = 9
Socket not ready, repolling fd = 9
Socket not ready, repolling fd = 9
Socket not ready, repolling fd = 9
Socket not ready, repolling fd = 9
Socket not ready, repolling fd = 9
Socket not ready, repolling fd = 9
Socket not ready, repolling fd = 9
Socket not ready, repolling fd = 9
Socket not ready, repolling fd = 9
Socket not ready, repolling fd = 9
Socket not ready, repolling fd = 9
Socket not ready, repolling fd = 9
Socket not ready, repolling fd = 9
Socket not ready, repolling fd = 9
Socket not ready, repolling fd = 9
Socket not ready, repolling fd = 9
Socket not ready, repolling fd = 9
Socket not ready, repolling fd = 9
Socket not ready, repolling fd = 9
Socket not ready, repolling fd = 9
Socket not ready, repolling fd = 9
Socket not ready, repolling fd = 9
Socket not ready, repolling fd = 9
Socket not ready, repolling fd = 9
Socket not ready, repolling fd = 9
Socket not ready, repolling fd = 9
Socket not ready, repolling fd = 9
Socket not ready, repolling fd = 9
Socket not ready, repolling fd = 9
Socket not ready, repolling fd = 9
Socket not ready, repolling fd = 9
Socket not ready, repolling fd = 9
Socket not ready, repolling fd = 9
Socket not ready, repolling fd = 9
Socket not ready, repolling fd = 9
Socket not ready, repolling fd = 9
Socket not ready, repolling fd = 9
Socket not ready, repolling fd = 9
Socket not ready, repolling fd = 9
Socket not ready, repolling fd = 9
Socket not ready, repolling fd = 9
Socket not ready, repolling fd = 9
Socket not ready, repolling fd = 9
Socket not ready, repolling fd = 9
Socket not ready, repolling fd = 9
Socket not ready, repolling fd = 9
Socket not ready, repolling fd = 9
Socket not ready, repolling fd = 9
Socket not ready, repolling fd = 9
Socket not ready, repolling fd = 9
Socket not ready, repolling fd = 9
Socket not ready, repolling fd = 9
Socket not ready, repolling fd = 9
Socket not ready, repolling fd = 9
Socket not ready, repolling fd = 9
Socket not ready, repolling fd = 9
Socket not ready, repolling fd = 9
Socket not ready, repolling fd = 9
Socket not ready, repolling fd = 9
Socket not ready, repolling fd = 9
Socket not ready, repolling fd = 9
Socket not ready, repolling fd = 9
Socket not ready, repolling fd = 9
Socket not ready, repolling fd = 9
Socket not ready, repolling fd = 9
Socket not ready, repolling fd = 9
Socket not ready, repolling fd = 9
Socket not ready, repolling fd = 9
Socket not ready, repolling fd = 9
Socket not ready, repolling fd = 9
Socket not ready, repolling fd = 9
Socket not ready, repolling fd = 9
Socket not ready, repolling fd = 9
Socket not ready, repolling fd = 9
Socket not ready, repolling fd = 9
Socket not ready, repolling fd = 9
Socket not ready, repolling fd = 9
Socket not ready, repolling fd = 9
Socket not ready, repolling fd = 9
Socket not ready, repolling fd = 9
Socket not ready, repolling fd = 9
Socket not ready, repolling fd = 9
Socket not ready, repolling fd = 9
Socket not ready, repolling fd = 9
Socket not ready, repolling fd = 9
Socket not ready, repolling fd = 9
Socket not ready, repolling fd = 9
Socket not ready, repolling fd = 9
Socket not ready, repolling fd = 9
Socket not ready, repolling fd = 9
Socket not ready, repolling fd = 9
Socket not ready, repolling fd = 9
Socket not ready, repolling fd = 9
Socket not ready, repolling fd = 9
Socket not ready, repolling fd = 9
Socket not ready, repolling fd = 9
Socket not ready, repolling fd = 9
Socket not ready, repolling fd = 9
Socket not ready, repolling fd = 9
Socket not ready, repolling fd = 9
Socket not ready, repolling fd = 9
Socket not ready, repolling fd = 9
Socket not ready, repolling fd = 9
Socket not ready, repolling fd = 9
Socket not ready, repolling fd = 9
Socket not ready, repolling fd = 9
Socket not ready, repolling fd = 9
Socket not ready, repolling fd = 9
Socket not ready, repolling fd = 9
Socket not ready, repolling fd = 9
Socket not ready, repolling fd = 9
Socket not ready, repolling fd = 9
Socket not ready, repolling fd = 9
Socket not ready, repolling fd = 9
Socket not ready, repolling fd = 9
Socket not ready, repolling fd = 9
Socket not ready, repolling fd = 9
Socket not ready, repolling fd = 9
Socket not ready, repolling fd = 9
Socket not ready, repolling fd = 9
Socket not ready, repolling fd = 9
Socket not ready, repolling fd = 9
Socket not ready, repolling fd = 9
Socket not ready, repolling fd = 9
Socket not ready, repolling fd = 9
Socket not ready, repolling fd = 9
Socket not ready, repolling fd = 9
Socket not ready, repolling fd = 9
Socket not ready, repolling fd = 9
Socket not ready, repolling fd = 9
Socket not ready, repolling fd = 9
Socket not ready, repolling fd = 9
Socket not ready, repolling fd = 9
Socket not ready, repolling fd = 9
Socket not ready, repolling fd = 9
Socket not ready, repolling fd = 9
Socket not ready, repolling fd = 9
Socket not ready, repolling fd = 9
Socket not ready, repolling fd = 9
Socket not ready, repolling fd = 9
Socket not ready, repolling fd = 9
Socket not ready, repolling fd = 9
Socket not ready, repolling fd = 9
Socket not ready, repolling fd = 9
Socket not ready, repolling fd = 9
Socket not ready, repolling fd = 9
Socket not ready, repolling fd = 9
Socket not ready, repolling fd = 9
Socket not ready, repolling fd = 9
Socket not ready, repolling fd = 9
Socket not ready, repolling fd = 9
Socket not ready, repolling fd = 9
Socket not ready, repolling fd = 9
Socket not ready, repolling fd = 9
Socket not ready, repolling fd = 9
Socket not ready, repolling fd = 9
Socket not ready, repolling fd = 9
Socket not ready, repolling fd = 9
Socket not ready, repolling fd = 9
Socket not ready, repolling fd = 9
Socket not ready, repolling fd = 9
Socket not ready, repolling fd = 9
Socket not ready, repolling fd = 9
Socket not ready, repolling fd = 9
Socket not ready, repolling fd = 9
Socket not ready, repolling fd = 9
Socket not ready, repolling fd = 9
Socket not ready, repolling fd = 9
Socket not ready, repolling fd = 9
Socket not ready, repolling fd = 9
Socket not ready, repolling fd = 9
Socket not ready, repolling fd = 9
Socket not ready, repolling fd = 9
Socket not ready, repolling fd = 9
Socket not ready, repolling fd = 9
Socket not ready, repolling fd = 9
Socket not ready, repolling fd = 9
Socket not ready, repolling fd = 9
Socket not ready, repolling fd = 9
Socket not ready, repolling fd = 9
Socket not ready, repolling fd = 9
Socket not ready, repolling fd = 9
Socket not ready, repolling fd = 9
Socket not ready, repolling fd = 9
Socket not ready, repolling fd = 9
Socket not ready, repolling fd = 9
Socket not ready, repolling fd = 9
Socket not ready, repolling fd = 9
Socket not ready, repolling fd = 9
Socket not ready, repolling fd = 9
Socket not ready, repolling fd = 9
Socket not ready, repolling fd = 9
Socket not ready, repolling fd = 9
Socket not ready, repolling fd = 9
Socket not ready, repolling fd = 9
Socket not ready, repolling fd = 9
Socket not ready, repolling fd = 9
Socket not ready, repolling fd = 9
Socket not ready, repolling fd = 9
Socket not ready, repolling fd = 9
Socket not ready, repolling fd = 9
Socket not ready, repolling fd = 9
Socket not ready, repolling fd = 9
Socket not ready, repolling fd = 9
Socket not ready, repolling fd = 9
Socket not ready, repolling fd = 9
Socket not ready, repolling fd = 9
Socket not ready, repolling fd = 9
Socket not ready, repolling fd = 9
Socket not ready, repolling fd = 9
Socket not ready, repolling fd = 9
Socket not ready, repolling fd = 9
Socket not ready, repolling fd = 9
Socket not ready, repolling fd = 9
Socket not ready, repolling fd = 9
Socket not ready, repolling fd = 9
Socket not ready, repolling fd = 9
Socket not ready, repolling fd = 9
Socket not ready, repolling fd = 9
Socket not ready, repolling fd = 9
Socket not ready, repolling fd = 9
Socket not ready, repolling fd = 9
Socket not ready, repolling fd = 9
Socket not ready, repolling fd = 9
Socket not ready, repolling fd = 9
Socket not ready, repolling fd = 9
Socket not ready, repolling fd = 9
Socket not ready, repolling fd = 9
Socket not ready, repolling fd = 9
Socket not ready, repolling fd = 9
Socket not ready, repolling fd = 9
Socket not ready, repolling fd = 9
Socket not ready, repolling fd = 9
Socket not ready, repolling fd = 9
Socket not ready, repolling fd = 9
Socket not ready, repolling fd = 9
Socket not ready, repolling fd = 9
Socket not ready, repolling fd = 9
Socket not ready, repolling fd = 9
Socket not ready, repolling fd = 9
Socket not ready, repolling fd = 9
Socket not ready, repolling fd = 9
Socket not ready, repolling fd = 9
Socket not ready, repolling fd = 9
Socket not ready, repolling fd = 9
Socket not ready, repolling fd = 9
Socket not ready, repolling fd = 9
Socket not ready, repolling fd = 9
Socket not ready, repolling fd = 9
Socket not ready, repolling fd = 9
Socket not ready, repolling fd = 9
Socket not ready, repolling fd = 9
Socket not ready, repolling fd = 9
Socket not ready, repolling fd = 9
Socket not ready, repolling fd = 9
Socket not ready, repolling fd = 9
Socket not ready, repolling fd = 9
Socket not ready, repolling fd = 9
Socket not ready, repolling fd = 9
Socket not ready, repolling fd = 9
Socket not ready, repolling fd = 9
Socket not ready, repolling fd = 9
Socket not ready, repolling fd = 9
Socket not ready, repolling fd = 9
Socket not ready, repolling fd = 9
Socket not ready, repolling fd = 9
Socket not ready, repolling fd = 9
Socket not ready, repolling fd = 9
Socket not ready, repolling fd = 9
Socket not ready, repolling fd = 9
Socket not ready, repolling fd = 9
Socket not ready, repolling fd = 9
Socket not ready, repolling fd = 9
Socket not ready, repolling fd = 9
Socket not ready, repolling fd = 9
Socket not ready, repolling fd = 9
Socket not ready, repolling fd = 9
Socket not ready, repolling fd = 9
Socket not ready, repolling fd = 9
Socket not ready, repolling fd = 9
Socket not ready, repolling fd = 9
Socket not ready, repolling fd = 9
Socket not ready, repolling fd = 9
Socket not ready, repolling fd = 9
Socket not ready, repolling fd = 9
Socket not ready, repolling fd = 9
Socket not ready, repolling fd = 9
Socket not ready, repolling fd = 9
Socket not ready, repolling fd = 9
Socket not ready, repolling fd = 9
Socket not ready, repolling fd = 9
Socket not ready, repolling fd = 9
Socket not ready, repolling fd = 9
Socket not ready, repolling fd = 9
Socket not ready, repolling fd = 9
Socket not ready, repolling fd = 9
Socket not ready, repolling fd = 9
Socket not ready, repolling fd = 9
Socket not ready, repolling fd = 9
Socket not ready, repolling fd = 9
Socket not ready, repolling fd = 9
Socket not ready, repolling fd = 9
Socket not ready, repolling fd = 9
Socket not ready, repolling fd = 9
Socket not ready, repolling fd = 9
Socket not ready, repolling fd = 9
Socket not ready, repolling fd = 9
Socket not ready, repolling fd = 9
Socket not ready, repolling fd = 9
Socket not ready, repolling fd = 9
Socket not ready, repolling fd = 9
Socket not ready, repolling fd = 9
Socket not ready, repolling fd = 9
Socket not ready, repolling fd = 9
Socket not ready, repolling fd = 9
Socket not ready, repolling fd = 9
Socket not ready, repolling fd = 9
Socket not ready, repolling fd = 9
Socket not ready, repolling fd = 9
Socket not ready, repolling fd = 9
Socket not ready, repolling fd = 9
Socket not ready, repolling fd = 9
Socket not ready, repolling fd = 9
Socket not ready, repolling fd = 9
Socket not ready, repolling fd = 9
Socket not ready, repolling fd = 9
Socket not ready, repolling fd = 9
Socket not ready, repolling fd = 9
Socket not ready, repolling fd = 9
Socket not ready, repolling fd = 9
Socket not ready, repolling fd = 9
Socket not ready, repolling fd = 9
Socket not ready, repolling fd = 9
Socket not ready, repolling fd = 9
Socket not ready, repolling fd = 9
Socket not ready, repolling fd = 9
Socket not ready, repolling fd = 9
Socket not ready, repolling fd = 9
Socket not ready, repolling fd = 9
Socket not ready, repolling fd = 9
Socket not ready, repolling fd = 9
Socket not ready, repolling fd = 9
Socket not ready, repolling fd = 9
Socket not ready, repolling fd = 9
Socket not ready, repolling fd = 9
Socket not ready, repolling fd = 9
Socket not ready, repolling fd = 9
Socket not ready, repolling fd = 9
Socket not ready, repolling fd = 9
Socket not ready, repolling fd = 9
Socket not ready, repolling fd = 9
Socket not ready, repolling fd = 9
Socket not ready, repolling fd = 9
Socket not ready, repolling fd = 9
Socket not ready, repolling fd = 9
Socket not ready, repolling fd = 9
Socket not ready, repolling fd = 9
Socket not ready, repolling fd = 9
Socket not ready, repolling fd = 9
Socket not ready, repolling fd = 9
Socket not ready, repolling fd = 9
Socket not ready, repolling fd = 9
Socket not ready, repolling fd = 9
Socket not ready, repolling fd = 9
Socket not ready, repolling fd = 9
Socket not ready, repolling fd = 9
Socket not ready, repolling fd = 9
Socket not ready, repolling fd = 9
Socket not ready, repolling fd = 9
Socket not ready, repolling fd = 9
Socket not ready, repolling fd = 9
Socket not ready, repolling fd = 9
Socket not ready, repolling fd = 9
Socket not ready, repolling fd = 9
Socket not ready, repolling fd = 9
Socket not ready, repolling fd = 9
Socket not ready, repolling fd = 9
Socket not ready, repolling fd = 9
Socket not ready, repolling fd = 9
Socket not ready, repolling fd = 9
Socket not ready, repolling fd = 9
Socket not ready, repolling fd = 9
Socket not ready, repolling fd = 9
Socket not ready, repolling fd = 9
Socket not ready, repolling fd = 9
Socket not ready, repolling fd = 9
Socket not ready, repolling fd = 9
Socket not ready, repolling fd = 9
Socket not ready, repolling fd = 9
Socket not ready, repolling fd = 9
Socket not ready, repolling fd = 9
Socket not ready, repolling fd = 9
Socket not ready, repolling fd = 9
Socket not ready, repolling fd = 9
Socket not ready, repolling fd = 9
Socket not ready, repolling fd = 9
Socket not ready, repolling fd = 9
Socket not ready, repolling fd = 9
Socket not ready, repolling fd = 9
Socket not ready, repolling fd = 9
Socket not ready, repolling fd = 9
Socket not ready, repolling fd = 9
Socket not ready, repolling fd = 9
Socket not ready, repolling fd = 9
Socket not ready, repolling fd = 9
Socket not ready, repolling fd = 9
Socket not ready, repolling fd = 9
Socket not ready, repolling fd = 9
Socket not ready, repolling fd = 9
Socket not ready, repolling fd = 9
Socket not ready, repolling fd = 9
Socket not ready, repolling fd = 9
Socket not ready, repolling fd = 9
Socket not ready, repolling fd = 9
Socket not ready, repolling fd = 9
Socket not ready, repolling fd = 9
Socket not ready, repolling fd = 9
Socket not ready, repolling fd = 9
Socket not ready, repolling fd = 9
Socket not ready, repolling fd = 9
Socket not ready, repolling fd = 9
Socket not ready, repolling fd = 9
Socket not ready, repolling fd = 9
Socket not ready, repolling fd = 9
Socket not ready, repolling fd = 9
Socket not ready, repolling fd = 9
Socket not ready, repolling fd = 9
Socket not ready, repolling fd = 9
Socket not ready, repolling fd = 9
Socket not ready, repolling fd = 9
Socket not ready, repolling fd = 9
Socket not ready, repolling fd = 9
Socket not ready, repolling fd = 9
Socket not ready, repolling fd = 9
Socket not ready, repolling fd = 9
Socket not ready, repolling fd = 9
Socket not ready, repolling fd = 9
Socket not ready, repolling fd = 9
Socket not ready, repolling fd = 9
Socket not ready, repolling fd = 9
Socket not ready, repolling fd = 9
Socket not ready, repolling fd = 9
Socket not ready, repolling fd = 9
Socket not ready, repolling fd = 9
Socket not ready, repolling fd = 9
Socket not ready, repolling fd = 9
Socket not ready, repolling fd = 9
Socket not ready, repolling fd = 9
Socket not ready, repolling fd = 9
Socket not ready, repolling fd = 9
Socket not ready, repolling fd = 9
Socket not ready, repolling fd = 9
Socket not ready, repolling fd = 9
Socket not ready, repolling fd = 9
Socket not ready, repolling fd = 9
Socket not ready, repolling fd = 9
Socket not ready, repolling fd = 9
Socket not ready, repolling fd = 9
Socket not ready, repolling fd = 9
Socket not ready, repolling fd = 9
Socket not ready, repolling fd = 9
Socket not ready, repolling fd = 9
Socket not ready, repolling fd = 9
Socket not ready, repolling fd = 9
Socket not ready, repolling fd = 9
Socket not ready, repolling fd = 9
Socket not ready, repolling fd = 9
Socket not ready, repolling fd = 9
Socket not ready, repolling fd = 9
Socket not ready, repolling fd = 9
Socket not ready, repolling fd = 9
Socket not ready, repolling fd = 9
Socket not ready, repolling fd = 9
Socket not ready, repolling fd = 9
Socket not ready, repolling fd = 9
Socket not ready, repolling fd = 9
Socket not ready, repolling fd = 9
Socket not ready, repolling fd = 9
Socket not ready, repolling fd = 9
Socket not ready, repolling fd = 9
Socket not ready, repolling fd = 9
Socket not ready, repolling fd = 9
Socket not ready, repolling fd = 9
Socket not ready, repolling fd = 9
Socket not ready, repolling fd = 9
Socket not ready, repolling fd = 9
Socket not ready, repolling fd = 9
Socket not ready, repolling fd = 9
Socket not ready, repolling fd = 9
Socket not ready, repolling fd = 9
Socket not ready, repolling fd = 9
Socket not ready, repolling fd = 9
Socket not ready, repolling fd = 9
Socket not ready, repolling fd = 9
Socket not ready, repolling fd = 9
Socket not ready, repolling fd = 9
Socket not ready, repolling fd = 9
Socket not ready, repolling fd = 9
Socket not ready, repolling fd = 9
Socket not ready, repolling fd = 9
Socket not ready, repolling fd = 9
Socket not ready, repolling fd = 9
Socket not ready, repolling fd = 9
Socket not ready, repolling fd = 9
Socket not ready, repolling fd = 9
Socket not ready, repolling fd = 9
Socket not ready, repolling fd = 9
Socket not ready, repolling fd = 9
Socket not ready, repolling fd = 9
Socket not ready, repolling fd = 9
Socket not ready, repolling fd = 9
Socket not ready, repolling fd = 9
Socket not ready, repolling fd = 9
Socket not ready, repolling fd = 9
Socket not ready, repolling fd = 9
Socket not ready, repolling fd = 9
Socket not ready, repolling fd = 9
Socket not ready, repolling fd = 9
Socket not ready, repolling fd = 9
Socket not ready, repolling fd = 9
Socket not ready, repolling fd = 9
Socket not ready, repolling fd = 9
Socket not ready, repolling fd = 9
Socket not ready, repolling fd = 9
Socket not ready, repolling fd = 9
Socket not ready, repolling fd = 9
Socket not ready, repolling fd = 9
Socket not ready, repolling fd = 9
Socket not ready, repolling fd = 9
Socket not ready, repolling fd = 9
Socket not ready, repolling fd = 9
Socket not ready, repolling fd = 9
Socket not ready, repolling fd = 9
Socket not ready, repolling fd = 9
Socket not ready, repolling fd = 9
Socket not ready, repolling fd = 9
Socket not ready, repolling fd = 9
Socket not ready, repolling fd = 9
Socket not ready, repolling fd = 9
Socket not ready, repolling fd = 9
Socket not ready, repolling fd = 9
Socket not ready, repolling fd = 9
Socket not ready, repolling fd = 9
Socket not ready, repolling fd = 9
Socket not ready, repolling fd = 9
Socket not ready, repolling fd = 9
Socket not ready, repolling fd = 9
Socket not ready, repolling fd = 9
Socket not ready, repolling fd = 9
Socket not ready, repolling fd = 9
Socket not ready, repolling fd = 9
Socket not ready, repolling fd = 9
Socket not ready, repolling fd = 9
Socket not ready, repolling fd = 9
Socket not ready, repolling fd = 9
Socket not ready, repolling fd = 9
Socket not ready, repolling fd = 9
Socket not ready, repolling fd = 9
Socket not ready, repolling fd = 9
Socket not ready, repolling fd = 9
Socket not ready, repolling fd = 9
Socket not ready, repolling fd = 9
Socket not ready, repolling fd = 9
Socket not ready, repolling fd = 9
Socket not ready, repolling fd = 9
Socket not ready, repolling fd = 9
Socket not ready, repolling fd = 9
Socket not ready, repolling fd = 9
Socket not ready, repolling fd = 9
Socket not ready, repolling fd = 9
Socket not ready, repolling fd = 9
Socket not ready, repolling fd = 9
Socket not ready, repolling fd = 9
Socket not ready, repolling fd = 9
Socket not ready, repolling fd = 9
Socket not ready, repolling fd = 9
Socket not ready, repolling fd = 9
Socket not ready, repolling fd = 9
Socket not ready, repolling fd = 9
Socket not ready, repolling fd = 9
Socket not ready, repolling fd = 9
Socket not ready, repolling fd = 9
Socket not ready, repolling fd = 9
Socket not ready, repolling fd = 9
Socket not ready, repolling fd = 9
Socket not ready, repolling fd = 9
Socket not ready, repolling fd = 9
Socket not ready, repolling fd = 9
Socket not ready, repolling fd = 9
Socket not ready, repolling fd = 9
Socket not ready, repolling fd = 9
Socket not ready, repolling fd = 9
Socket not ready, repolling fd = 9
Socket not ready, repolling fd = 9
Socket not ready, repolling fd = 9
Socket not ready, repolling fd = 9
Socket not ready, repolling fd = 9
Socket not ready, repolling fd = 9
Socket not ready, repolling fd = 9
Socket not ready, repolling fd = 9
Socket not ready, repolling fd = 9
Socket not ready, repolling fd = 9
Socket not ready, repolling fd = 9
Socket not ready, repolling fd = 9
Socket not ready, repolling fd = 9
Socket not ready, repolling fd = 9
Socket not ready, repolling fd = 9
Socket not ready, repolling fd = 9
Socket not ready, repolling fd = 9
Socket not ready, repolling fd = 9
Socket not ready, repolling fd = 9
Socket not ready, repolling fd = 9
Socket not ready, repolling fd = 9
Socket not ready, repolling fd = 9
Socket not ready, repolling fd = 9
Socket not ready, repolling fd = 9
Socket not ready, repolling fd = 9
Socket not ready, repolling fd = 9
Socket not ready, repolling fd = 9
Socket not ready, repolling fd = 9
Socket not ready, repolling fd = 9
Socket not ready, repolling fd = 9
Socket not ready, repolling fd = 9
Socket not ready, repolling fd = 9
Socket not ready, repolling fd = 9
Socket not ready, repolling fd = 9
Socket not ready, repolling fd = 9
Socket not ready, repolling fd = 9
Socket not ready, repolling fd = 9
Socket not ready, repolling fd = 9
Socket not ready, repolling fd = 9
Socket not ready, repolling fd = 9
Socket not ready, repolling fd = 9
Socket not ready, repolling fd = 9
Socket not ready, repolling fd = 9
Socket not ready, repolling fd = 9
Socket not ready, repolling fd = 9
Socket not ready, repolling fd = 9
Socket not ready, repolling fd = 9
Socket not ready, repolling fd = 9
Socket not ready, repolling fd = 9
Socket not ready, repolling fd = 9
Socket not ready, repolling fd = 9
Socket not ready, repolling fd = 9
Socket not ready, repolling fd = 9
Socket not ready, repolling fd = 9
Socket not ready, repolling fd = 9
Socket not ready, repolling fd = 9
Socket not ready, repolling fd = 9
Socket not ready, repolling fd = 9
Socket not ready, repolling fd = 9
Socket not ready, repolling fd = 9
Socket not ready, repolling fd = 9
Socket not ready, repolling fd = 9
Socket not ready, repolling fd = 9
Socket not ready, repolling fd = 9
Socket not ready, repolling fd = 9
Socket not ready, repolling fd = 9
Socket not ready, repolling fd = 9
Socket not ready, repolling fd = 9
Socket not ready, repolling fd = 9
Socket not ready, repolling fd = 9
Socket not ready, repolling fd = 9
Socket not ready, repolling fd = 9
Socket not ready, repolling fd = 9
Socket not ready, repolling fd = 9
Socket not ready, repolling fd = 9
Socket not ready, repolling fd = 9
Socket not ready, repolling fd = 9
Socket not ready, repolling fd = 9
Socket not ready, repolling fd = 9
Socket not ready, repolling fd = 9
Socket not ready, repolling fd = 9
Socket not ready, repolling fd = 9
Socket not ready, repolling fd = 9
Socket not ready, repolling fd = 9
Socket not ready, repolling fd = 9
Socket not ready, repolling fd = 9
Socket not ready, repolling fd = 9
Socket not ready, repolling fd = 9
Socket not ready, repolling fd = 9
Socket not ready, repolling fd = 9
Socket not ready, repolling fd = 9
Socket not ready, repolling fd = 9
Socket not ready, repolling fd = 9
Socket not ready, repolling fd = 9
Socket not ready, repolling fd = 9
Socket not ready, repolling fd = 9
Socket not ready, repolling fd = 9
Socket not ready, repolling fd = 9
Socket not ready, repolling fd = 9
Socket not ready, repolling fd = 9
Socket not ready, repolling fd = 9
Socket not ready, repolling fd = 9
Socket not ready, repolling fd = 9
Socket not ready, repolling fd = 9
Socket not ready, repolling fd = 9
Socket not ready, repolling fd = 9
Socket not ready, repolling fd = 9
Socket not ready, repolling fd = 9
Socket not ready, repolling fd = 9
Socket not ready, repolling fd = 9
Socket not ready, repolling fd = 9
Socket not ready, repolling fd = 9
Socket not ready, repolling fd = 9
Socket not ready, repolling fd = 9
Socket not ready, repolling fd = 9
Socket not ready, repolling fd = 9
Socket not ready, repolling fd = 9
Socket not ready, repolling fd = 9
Socket not ready, repolling fd = 9
Socket not ready, repolling fd = 9
Socket not ready, repolling fd = 9
Socket not ready, repolling fd = 9
Socket not ready, repolling fd = 9
Socket not ready, repolling fd = 9
Socket not ready, repolling fd = 9
Socket not ready, repolling fd = 9
Socket not ready, repolling fd = 9
Socket not ready, repolling fd = 9
Socket not ready, repolling fd = 9
Socket not ready, repolling fd = 9
Socket not ready, repolling fd = 9
Socket not ready, repolling fd = 9
Socket not ready, repolling fd = 9
Socket not ready, repolling fd = 9
Socket not ready, repolling fd = 9
Socket not ready, repolling fd = 9
Socket not ready, repolling fd = 9
Socket not ready, repolling fd = 9
Socket not ready, repolling fd = 9
Socket not ready, repolling fd = 9
Socket not ready, repolling fd = 9
Socket not ready, repolling fd = 9
Socket not ready, repolling fd = 9
Socket not ready, repolling fd = 9
Socket not ready, repolling fd = 9
Socket not ready, repolling fd = 9
Socket not ready, repolling fd = 9
Socket not ready, repolling fd = 9
Socket not ready, repolling fd = 9
Socket not ready, repolling fd = 9
Socket not ready, repolling fd = 9
Socket not ready, repolling fd = 9
Socket not ready, repolling fd = 9
Socket not ready, repolling fd = 9
Socket not ready, repolling fd = 9
Socket not ready, repolling fd = 9
Socket not ready, repolling fd = 9
Socket not ready, repolling fd = 9
Socket not ready, repolling fd = 9
Socket not ready, repolling fd = 9
Socket not ready, repolling fd = 9
Socket not ready, repolling fd = 9
Socket not ready, repolling fd = 9
Socket not ready, repolling fd = 9
Socket not ready, repolling fd = 9
Socket not ready, repolling fd = 9
Socket not ready, repolling fd = 9
Socket not ready, repolling fd = 9
Socket not ready, repolling fd = 9
Socket not ready, repolling fd = 9
Socket not ready, repolling fd = 9
Socket not ready, repolling fd = 9
Socket not ready, repolling fd = 9
Socket not ready, repolling fd = 9
Socket not ready, repolling fd = 9
Socket not ready, repolling fd = 9
Socket not ready, repolling fd = 9
Socket not ready, repolling fd = 9
Socket not ready, repolling fd = 9
Socket not ready, repolling fd = 9
Socket not ready, repolling fd = 9
Socket not ready, repolling fd = 9
Socket not ready, repolling fd = 9
Socket not ready, repolling fd = 9
Socket not ready, repolling fd = 9
Socket not ready, repolling fd = 9
Socket not ready, repolling fd = 9
Socket not ready, repolling fd = 9
Socket not ready, repolling fd = 9
Socket not ready, repolling fd = 9
Socket not ready, repolling fd = 9
Socket not ready, repolling fd = 9
Socket not ready, repolling fd = 9
Socket not ready, repolling fd = 9
Socket not ready, repolling fd = 9
Socket not ready, repolling fd = 9
Socket not ready, repolling fd = 9
Socket not ready, repolling fd = 9
Socket not ready, repolling fd = 9
Socket not ready, repolling fd = 9
Socket not ready, repolling fd = 9
Socket not ready, repolling fd = 9
Socket not ready, repolling fd = 9
Socket not ready, repolling fd = 9
Socket not ready, repolling fd = 9
Socket not ready, repolling fd = 9
Socket not ready, repolling fd = 9
Socket not ready, repolling fd = 9
Socket not ready, repolling fd = 9
Socket not ready, repolling fd = 9
Socket not ready, repolling fd = 9
Socket not ready, repolling fd = 9
Socket not ready, repolling fd = 9
Socket not ready, repolling fd = 9
Socket not ready, repolling fd = 9
Socket not ready, repolling fd = 9
Socket not ready, repolling fd = 9
Socket not ready, repolling fd = 9
Socket not ready, repolling fd = 9
Socket not ready, repolling fd = 9
Socket not ready, repolling fd = 9
Socket not ready, repolling fd = 9
Socket not ready, repolling fd = 9
Socket not ready, repolling fd = 9
Socket not ready, repolling fd = 9
Socket not ready, repolling fd = 9
Socket not ready, repolling fd = 9
Socket not ready, repolling fd = 9
Socket not ready, repolling fd = 9
Socket not ready, repolling fd = 9
Socket not ready, repolling fd = 9
Socket not ready, repolling fd = 9
Socket not ready, repolling fd = 9
Socket not ready, repolling fd = 9
Socket not ready, repolling fd = 9
Socket not ready, repolling fd = 9
Socket not ready, repolling fd = 9
Socket not ready, repolling fd = 9
Socket not ready, repolling fd = 9
Socket not ready, repolling fd = 9
Socket not ready, repolling fd = 9
Socket not ready, repolling fd = 9
Socket not ready, repolling fd = 9
Socket not ready, repolling fd = 9
Socket not ready, repolling fd = 9
Socket not ready, repolling fd = 9
Socket not ready, repolling fd = 9
Socket not ready, repolling fd = 9
Socket not ready, repolling fd = 9
Socket not ready, repolling fd = 9
Socket not ready, repolling fd = 9
Socket not ready, repolling fd = 9
Socket not ready, repolling fd = 9
Socket not ready, repolling fd = 9
Socket not ready, repolling fd = 9
Socket not ready, repolling fd = 9
Socket not ready, repolling fd = 8
Socket not ready, repolling fd = 8
Socket not ready, repolling fd = 8
Socket not ready, repolling fd = 8
Socket not ready, repolling fd = 8
Socket not ready, repolling fd = 8
Socket not ready, repolling fd = 8
Socket not ready, repolling fd = 8
Socket not ready, repolling fd = 8
Socket not ready, repolling fd = 8
Socket not ready, repolling fd = 8
Socket not ready, repolling fd = 8
Socket not ready, repolling fd = 8
Socket not ready, repolling fd = 8
Socket not ready, repolling fd = 8
Socket not ready, repolling fd = 8
Socket not ready, repolling fd = 8
Socket not ready, repolling fd = 8
Socket not ready, repolling fd = 8
Socket not ready, repolling fd = 8
Socket not ready, repolling fd = 8
Socket not ready, repolling fd = 8
Socket not ready, repolling fd = 8
Socket not ready, repolling fd = 8
Socket not ready, repolling fd = 8
Socket not ready, repolling fd = 8
Socket not ready, repolling fd = 8
Socket not ready, repolling fd = 8
Socket not ready, repolling fd = 8
Socket not ready, repolling fd = 8
Socket not ready, repolling fd = 8
Socket not ready, repolling fd = 8
Socket not ready, repolling fd = 8
Socket not ready, repolling fd = 8
Socket not ready, repolling fd = 8
Socket not ready, repolling fd = 8
Socket not ready, repolling fd = 8
Socket not ready, repolling fd = 8
Socket not ready, repolling fd = 8
Socket not ready, repolling fd = 8
Socket not ready, repolling fd = 8
Socket not ready, repolling fd = 8
Socket not ready, repolling fd = 8
Socket not ready, repolling fd = 8
Socket not ready, repolling fd = 8
Socket not ready, repolling fd = 8
Socket not ready, repolling fd = 8
Socket not ready, repolling fd = 8
Socket not ready, repolling fd = 8
Socket not ready, repolling fd = 8
Socket not ready, repolling fd = 8
Socket not ready, repolling fd = 8
Socket not ready, repolling fd = 8
Socket not ready, repolling fd = 8
Socket not ready, repolling fd = 8
Socket not ready, repolling fd = 8
Socket not ready, repolling fd = 8
Socket not ready, repolling fd = 8
Socket not ready, repolling fd = 8
Socket not ready, repolling fd = 8
Socket not ready, repolling fd = 8
Socket not ready, repolling fd = 8
Socket not ready, repolling fd = 8
Socket not ready, repolling fd = 8
Socket not ready, repolling fd = 8
Socket not ready, repolling fd = 8
Socket not ready, repolling fd = 8
Socket not ready, repolling fd = 8
Socket not ready, repolling fd = 8
Socket not ready, repolling fd = 8
Socket not ready, repolling fd = 8
Socket not ready, repolling fd = 8
Socket not ready, repolling fd = 8
Socket not ready, repolling fd = 8
Socket not ready, repolling fd = 8
Socket not ready, repolling fd = 8
Socket not ready, repolling fd = 8
Socket not ready, repolling fd = 8
Socket not ready, repolling fd = 8
Socket not ready, repolling fd = 8
Socket not ready, repolling fd = 8
Socket not ready, repolling fd = 8
Socket not ready, repolling fd = 8
Socket not ready, repolling fd = 8
Socket not ready, repolling fd = 8
Socket not ready, repolling fd = 8
Socket not ready, repolling fd = 8
Socket not ready, repolling fd = 8
Socket not ready, repolling fd = 8
Socket not ready, repolling fd = 8
Socket not ready, repolling fd = 8
Socket not ready, repolling fd = 8
Socket not ready, repolling fd = 8
Socket not ready, repolling fd = 8
Socket not ready, repolling fd = 8
Socket not ready, repolling fd = 8
Socket not ready, repolling fd = 8
Socket not ready, repolling fd = 8
Socket not ready, repolling fd = 8
Socket not ready, repolling fd = 8
Socket not ready, repolling fd = 8
Socket not ready, repolling fd = 8
Socket not ready, repolling fd = 8
Socket not ready, repolling fd = 8
Socket not ready, repolling fd = 8
Socket not ready, repolling fd = 8
Socket not ready, repolling fd = 8
Socket not ready, repolling fd = 8
Socket not ready, repolling fd = 8
Socket not ready, repolling fd = 8
Socket not ready, repolling fd = 8
Socket not ready, repolling fd = 8
Socket not ready, repolling fd = 8
Socket not ready, repolling fd = 8
Socket not ready, repolling fd = 8
Socket not ready, repolling fd = 8
Socket not ready, repolling fd = 8
Socket not ready, repolling fd = 8
Socket not ready, repolling fd = 8
Socket not ready, repolling fd = 8
Socket not ready, repolling fd = 8
Socket not ready, repolling fd = 8
Socket not ready, repolling fd = 8
Socket not ready, repolling fd = 8
Socket not ready, repolling fd = 8
Socket not ready, repolling fd = 8
Socket not ready, repolling fd = 8
Socket not ready, repolling fd = 8
Socket not ready, repolling fd = 8
Socket not ready, repolling fd = 8
Socket not ready, repolling fd = 8
Socket not ready, repolling fd = 8
Socket not ready, repolling fd = 8
Socket not ready, repolling fd = 8
Socket not ready, repolling fd = 8
Socket not ready, repolling fd = 8
Socket not ready, repolling fd = 8
Socket not ready, repolling fd = 8
Socket not ready, repolling fd = 8
Socket not ready, repolling fd = 8
Socket not ready, repolling fd = 8
Socket not ready, repolling fd = 8
Socket not ready, repolling fd = 8
Socket not ready, repolling fd = 8
Socket not ready, repolling fd = 8
Socket not ready, repolling fd = 8
Socket not ready, repolling fd = 8
Socket not ready, repolling fd = 8
Socket not ready, repolling fd = 8
Socket not ready, repolling fd = 8
Socket not ready, repolling fd = 8
Socket not ready, repolling fd = 8
Socket not ready, repolling fd = 8
Socket not ready, repolling fd = 8
Socket not ready, repolling fd = 8
Socket not ready, repolling fd = 8
Socket not ready, repolling fd = 8
Socket not ready, repolling fd = 8
Socket not ready, repolling fd = 8
Socket not ready, repolling fd = 8
Socket not ready, repolling fd = 8
Socket not ready, repolling fd = 8
Socket not ready, repolling fd = 8
Socket not ready, repolling fd = 8
Socket not ready, repolling fd = 8
Socket not ready, repolling fd = 8
Socket not ready, repolling fd = 8
Socket not ready, repolling fd = 8
Socket not ready, repolling fd = 8
Socket not ready, repolling fd = 8
Socket not ready, repolling fd = 8
Socket not ready, repolling fd = 8
Socket not ready, repolling fd = 8
Socket not ready, repolling fd = 8
Socket not ready, repolling fd = 8
Socket not ready, repolling fd = 8
Socket not ready, repolling fd = 8
Socket not ready, repolling fd = 8
Socket not ready, repolling fd = 8
Socket not ready, repolling fd = 8
Socket not ready, repolling fd = 8
Socket not ready, repolling fd = 8
Socket not ready, repolling fd = 8
Socket not ready, repolling fd = 8
Socket not ready, repolling fd = 8
Socket not ready, repolling fd = 8
Socket not ready, repolling fd = 8
Socket not ready, repolling fd = 8
Socket not ready, repolling fd = 8
Socket not ready, repolling fd = 8
Socket not ready, repolling fd = 8
Socket not ready, repolling fd = 8
Socket not ready, repolling fd = 8
Socket not ready, repolling fd = 8
Socket not ready, repolling fd = 8
Socket not ready, repolling fd = 8
Socket not ready, repolling fd = 8
Socket not ready, repolling fd = 8
Socket not ready, repolling fd = 8
Socket not ready, repolling fd = 8
Socket not ready, repolling fd = 8
Socket not ready, repolling fd = 8
Socket not ready, repolling fd = 8
Socket not ready, repolling fd = 8
Socket not ready, repolling fd = 8
Socket not ready, repolling fd = 8
Socket not ready, repolling fd = 8
Socket not ready, repolling fd = 8
Socket not ready, repolling fd = 8
Socket not ready, repolling fd = 8
Socket not ready, repolling fd = 8
Socket not ready, repolling fd = 8
Socket not ready, repolling fd = 8
Socket not ready, repolling fd = 8
Socket not ready, repolling fd = 8
Socket not ready, repolling fd = 8
Socket not ready, repolling fd = 8
Socket not ready, repolling fd = 8
Socket not ready, repolling fd = 8
Socket not ready, repolling fd = 8
Socket not ready, repolling fd = 8
Socket not ready, repolling fd = 8
Socket not ready, repolling fd = 8
Socket not ready, repolling fd = 8
Socket not ready, repolling fd = 8
Socket not ready, repolling fd = 8
Socket not ready, repolling fd = 8
Socket not ready, repolling fd = 8
Socket not ready, repolling fd = 8
Socket not ready, repolling fd = 8
Socket not ready, repolling fd = 8
Socket not ready, repolling fd = 8
Socket not ready, repolling fd = 8
Socket not ready, repolling fd = 8
Socket not ready, repolling fd = 8
Socket not ready, repolling fd = 8
Socket not ready, repolling fd = 8
Socket not ready, repolling fd = 8
Socket not ready, repolling fd = 8
Socket not ready, repolling fd = 8
Socket not ready, repolling fd = 8
Socket not ready, repolling fd = 8
Socket not ready, repolling fd = 8
Socket not ready, repolling fd = 8
Socket not ready, repolling fd = 8
Socket not ready, repolling fd = 8
Socket not ready, repolling fd = 8
Socket not ready, repolling fd = 8
Socket not ready, repolling fd = 8
Socket not ready, repolling fd = 8
Socket not ready, repolling fd = 8
Socket not ready, repolling fd = 8
Socket not ready, repolling fd = 8
Socket not ready, repolling fd = 8
Socket not ready, repolling fd = 8
Socket not ready, repolling fd = 8
Socket not ready, repolling fd = 8
Socket not ready, repolling fd = 8
Socket not ready, repolling fd = 8
Socket not ready, repolling fd = 8
Socket not ready, repolling fd = 8
Socket not ready, repolling fd = 8
Socket not ready, repolling fd = 8
Socket not ready, repolling fd = 8
Socket not ready, repolling fd = 8
Socket not ready, repolling fd = 8
Socket not ready, repolling fd = 8
Socket not ready, repolling fd = 8
Socket not ready, repolling fd = 8
Socket not ready, repolling fd = 8
Socket not ready, repolling fd = 8
Socket not ready, repolling fd = 8
Socket not ready, repolling fd = 8
Socket not ready, repolling fd = 8
Socket not ready, repolling fd = 8
Socket not ready, repolling fd = 8
Socket not ready, repolling fd = 8
Socket not ready, repolling fd = 8
Socket not ready, repolling fd = 8
Socket not ready, repolling fd = 8
Socket not ready, repolling fd = 8
Socket not ready, repolling fd = 8
Socket not ready, repolling fd = 8
Socket not ready, repolling fd = 8
Socket not ready, repolling fd = 8
Socket not ready, repolling fd = 8
Socket not ready, repolling fd = 8
Socket not ready, repolling fd = 8
Socket not ready, repolling fd = 8
Socket not ready, repolling fd = 8
Socket not ready, repolling fd = 8
Socket not ready, repolling fd = 8
Socket not ready, repolling fd = 8
Socket not ready, repolling fd = 8
Socket not ready, repolling fd = 8
Socket not ready, repolling fd = 8
Socket not ready, repolling fd = 8
Socket not ready, repolling fd = 8
Socket not ready, repolling fd = 8
Socket not ready, repolling fd = 8
Socket not ready, repolling fd = 8
Socket not ready, repolling fd = 8
Socket not ready, repolling fd = 8
Socket not ready, repolling fd = 8
Socket not ready, repolling fd = 8
Socket not ready, repolling fd = 8
Socket not ready, repolling fd = 8
Socket not ready, repolling fd = 8
Socket not ready, repolling fd = 8
Socket not ready, repolling fd = 8
Socket not ready, repolling fd = 8
Socket not ready, repolling fd = 8
Socket not ready, repolling fd = 8
Socket not ready, repolling fd = 8
Socket not ready, repolling fd = 8
Socket not ready, repolling fd = 8
Socket not ready, repolling fd = 8
Socket not ready, repolling fd = 8
Socket not ready, repolling fd = 8
Socket not ready, repolling fd = 8
Socket not ready, repolling fd = 8
Socket not ready, repolling fd = 8
Socket not ready, repolling fd = 8
Socket not ready, repolling fd = 8
Socket not ready, repolling fd = 8
Socket not ready, repolling fd = 8
Socket not ready, repolling fd = 8
Socket not ready, repolling fd = 8
Socket not ready, repolling fd = 8
Socket not ready, repolling fd = 8
Socket not ready, repolling fd = 8
Socket not ready, repolling fd = 8
Socket not ready, repolling fd = 8
Socket not ready, repolling fd = 8
Socket not ready, repolling fd = 8
Socket not ready, repolling fd = 8
Socket not ready, repolling fd = 8
Socket not ready, repolling fd = 8
Socket not ready, repolling fd = 8
Socket not ready, repolling fd = 8
Socket not ready, repolling fd = 8
Socket not ready, repolling fd = 8
Socket not ready, repolling fd = 8
Socket not ready, repolling fd = 8
Socket not ready, repolling fd = 8
Socket not ready, repolling fd = 8
Socket not ready, repolling fd = 8
Socket not ready, repolling fd = 8
Socket not ready, repolling fd = 8
Socket not ready, repolling fd = 8
Socket not ready, repolling fd = 8
Socket not ready, repolling fd = 8
Socket not ready, repolling fd = 8
Socket not ready, repolling fd = 8
Socket not ready, repolling fd = 8
Socket not ready, repolling fd = 8
Socket not ready, repolling fd = 8
Socket not ready, repolling fd = 8
Socket not ready, repolling fd = 8
Socket not ready, repolling fd = 8
Socket not ready, repolling fd = 8
Socket not ready, repolling fd = 8
Socket not ready, repolling fd = 8
Socket not ready, repolling fd = 8
Socket not ready, repolling fd = 8
Socket not ready, repolling fd = 8
Socket not ready, repolling fd = 8
Socket not ready, repolling fd = 8
Socket not ready, repolling fd = 8
Socket not ready, repolling fd = 8
Socket not ready, repolling fd = 8
Socket not ready, repolling fd = 8
Socket not ready, repolling fd = 8
Socket not ready, repolling fd = 8
Socket not ready, repolling fd = 8
Socket not ready, repolling fd = 8
Socket not ready, repolling fd = 8
Socket not ready, repolling fd = 8
Socket not ready, repolling fd = 8
Socket not ready, repolling fd = 8
Socket not ready, repolling fd = 8
Socket not ready, repolling fd = 8
Socket not ready, repolling fd = 8
Socket not ready, repolling fd = 8
Socket not ready, repolling fd = 8
Socket not ready, repolling fd = 8
Socket not ready, repolling fd = 8
Socket not ready, repolling fd = 8
Socket not ready, repolling fd = 8
Socket not ready, repolling fd = 8
Socket not ready, repolling fd = 8
Socket not ready, repolling fd = 8
Socket not ready, repolling fd = 8
Socket not ready, repolling fd = 8
Socket not ready, repolling fd = 8
Socket not ready, repolling fd = 8
Socket not ready, repolling fd = 8
Socket not ready, repolling fd = 8
Socket not ready, repolling fd = 8
Socket not ready, repolling fd = 8
Socket not ready, repolling fd = 8
Socket not ready, repolling fd = 8
Socket not ready, repolling fd = 8
Socket not ready, repolling fd = 8
Socket not ready, repolling fd = 8
Socket not ready, repolling fd = 8
Socket not ready, repolling fd = 8
Socket not ready, repolling fd = 8
Socket not ready, repolling fd = 8
Socket not ready, repolling fd = 8
Socket not ready, repolling fd = 8
Socket not ready, repolling fd = 8
Socket not ready, repolling fd = 8
Socket not ready, repolling fd = 8
Socket not ready, repolling fd = 8
Socket not ready, repolling fd = 8
Socket not ready, repolling fd = 8
Socket not ready, repolling fd = 8
Socket not ready, repolling fd = 8
Socket not ready, repolling fd = 8
Socket not ready, repolling fd = 8
Socket not ready, repolling fd = 8
Socket not ready, repolling fd = 8
Socket not ready, repolling fd = 8
Socket not ready, repolling fd = 8
Socket not ready, repolling fd = 8
Socket not ready, repolling fd = 8
Socket not ready, repolling fd = 8
Socket not ready, repolling fd = 8
Socket not ready, repolling fd = 8
Socket not ready, repolling fd = 8
Socket not ready, repolling fd = 8
Socket not ready, repolling fd = 8
Socket not ready, repolling fd = 8
Socket not ready, repolling fd = 8
Socket not ready, repolling fd = 8
Socket not ready, repolling fd = 8
Socket not ready, repolling fd = 8
Socket not ready, repolling fd = 8
Socket not ready, repolling fd = 8
Socket not ready, repolling fd = 8
Socket not ready, repolling fd = 8
Socket not ready, repolling fd = 8
Socket not ready, repolling fd = 8
Socket not ready, repolling fd = 8
Socket not ready, repolling fd = 8
Socket not ready, repolling fd = 8
Socket not ready, repolling fd = 8
Socket not ready, repolling fd = 8
Socket not ready, repolling fd = 8
Socket not ready, repolling fd = 8
Socket not ready, repolling fd = 8
Socket not ready, repolling fd = 8
Socket not ready, repolling fd = 8
Socket not ready, repolling fd = 8
Socket not ready, repolling fd = 8
Socket not ready, repolling fd = 8
Socket not ready, repolling fd = 8
Socket not ready, repolling fd = 8
Socket not ready, repolling fd = 8
Socket not ready, repolling fd = 8
Socket not ready, repolling fd = 8
Socket not ready, repolling fd = 8
Socket not ready, repolling fd = 8
Socket not ready, repolling fd = 8
Socket not ready, repolling fd = 8
Socket not ready, repolling fd = 8
Socket not ready, repolling fd = 8
Socket not ready, repolling fd = 8
Socket not ready, repolling fd = 8
Socket not ready, repolling fd = 8
Socket not ready, repolling fd = 8
Socket not ready, repolling fd = 8
Socket not ready, repolling fd = 8
Socket not ready, repolling fd = 8
Socket not ready, repolling fd = 8
Socket not ready, repolling fd = 8
Socket not ready, repolling fd = 8
Socket not ready, repolling fd = 8
Socket not ready, repolling fd = 8
Socket not ready, repolling fd = 8
Socket not ready, repolling fd = 8
Socket not ready, repolling fd = 8
Socket not ready, repolling fd = 8
Socket not ready, repolling fd = 8
Socket not ready, repolling fd = 8
Socket not ready, repolling fd = 8
Socket not ready, repolling fd = 8
Socket not ready, repolling fd = 8
Socket not ready, repolling fd = 8
Socket not ready, repolling fd = 8
Socket not ready, repolling fd = 8
Socket not ready, repolling fd = 8
Socket not ready, repolling fd = 8
Socket not ready, repolling fd = 8
Socket not ready, repolling fd = 8
Socket not ready, repolling fd = 8
Socket not ready, repolling fd = 8
Socket not ready, repolling fd = 8
Socket not ready, repolling fd = 8
Socket not ready, repolling fd = 8
Socket not ready, repolling fd = 8
Socket not ready, repolling fd = 8
Socket not ready, repolling fd = 8
Socket not ready, repolling fd = 8
Socket not ready, repolling fd = 8
Socket not ready, repolling fd = 8
Socket not ready, repolling fd = 8
Socket not ready, repolling fd = 8
Socket not ready, repolling fd = 8
Socket not ready, repolling fd = 8
Socket not ready, repolling fd = 8
Socket not ready, repolling fd = 8
Socket not ready, repolling fd = 8
Socket not ready, repolling fd = 8
Socket not ready, repolling fd = 8
Socket not ready, repolling fd = 8
Socket not ready, repolling fd = 8
Socket not ready, repolling fd = 8
Socket not ready, repolling fd = 8
Socket not ready, repolling fd = 8
Socket not ready, repolling fd = 8
Socket not ready, repolling fd = 8
Socket not ready, repolling fd = 8
Socket not ready, repolling fd = 8
Socket not ready, repolling fd = 8
Socket not ready, repolling fd = 8
Socket not ready, repolling fd = 8
Socket not ready, repolling fd = 8
Socket not ready, repolling fd = 8
Socket not ready, repolling fd = 8
Socket not ready, repolling fd = 8
Socket not ready, repolling fd = 8
Socket not ready, repolling fd = 8
Socket not ready, repolling fd = 8
Socket not ready, repolling fd = 8
Socket not ready, repolling fd = 8
Socket not ready, repolling fd = 8
Socket not ready, repolling fd = 8
Socket not ready, repolling fd = 8
Socket not ready, repolling fd = 8
Socket not ready, repolling fd = 8
Socket not ready, repolling fd = 8
Socket not ready, repolling fd = 8
Socket not ready, repolling fd = 8
Socket not ready, repolling fd = 8
Socket not ready, repolling fd = 8
Socket not ready, repolling fd = 8
Socket not ready, repolling fd = 8
Socket not ready, repolling fd = 8
Socket not ready, repolling fd = 8
Socket not ready, repolling fd = 8
Socket not ready, repolling fd = 8
Socket not ready, repolling fd = 8
Socket not ready, repolling fd = 8
Socket not ready, repolling fd = 8
Socket not ready, repolling fd = 8
Socket not ready, repolling fd = 8
Socket not ready, repolling fd = 8
Socket not ready, repolling fd = 8
Socket not ready, repolling fd = 8
Socket not ready, repolling fd = 8
Socket not ready, repolling fd = 8
Socket not ready, repolling fd = 8
Socket not ready, repolling fd = 8
Socket not ready, repolling fd = 8
Socket not ready, repolling fd = 8
Socket not ready, repolling fd = 8
Socket not ready, repolling fd = 8
Socket not ready, repolling fd = 8
Socket not ready, repolling fd = 8
Socket not ready, repolling fd = 8
Socket not ready, repolling fd = 8
Socket not ready, repolling fd = 8
Socket not ready, repolling fd = 8
Socket not ready, repolling fd = 8
Socket not ready, repolling fd = 8
Socket not ready, repolling fd = 8
Socket not ready, repolling fd = 8
Socket not ready, repolling fd = 8
Socket not ready, repolling fd = 8
Socket not ready, repolling fd = 8
Socket not ready, repolling fd = 8
Socket not ready, repolling fd = 8
Socket not ready, repolling fd = 8
Socket not ready, repolling fd = 8
Socket not ready, repolling fd = 8
Socket not ready, repolling fd = 8
Socket not ready, repolling fd = 8
Socket not ready, repolling fd = 8
Socket not ready, repolling fd = 8
Socket not ready, repolling fd = 8
Socket not ready, repolling fd = 8
Socket not ready, repolling fd = 8
Socket not ready, repolling fd = 8
Socket not ready, repolling fd = 8
Socket not ready, repolling fd = 8
Socket not ready, repolling fd = 8
Socket not ready, repolling fd = 8
Socket not ready, repolling fd = 8
Socket not ready, repolling fd = 8
Socket not ready, repolling fd = 8
Socket not ready, repolling fd = 8
Socket not ready, repolling fd = 8
Socket not ready, repolling fd = 8
Socket not ready, repolling fd = 8
Socket not ready, repolling fd = 8
Socket not ready, repolling fd = 8
Socket not ready, repolling fd = 8
Socket not ready, repolling fd = 8
Socket not ready, repolling fd = 8
Socket not ready, repolling fd = 8
Socket not ready, repolling fd = 8
Socket not ready, repolling fd = 8
Socket not ready, repolling fd = 8
Socket not ready, repolling fd = 8
Socket not ready, repolling fd = 8
Socket not ready, repolling fd = 8
Socket not ready, repolling fd = 8
Socket not ready, repolling fd = 8
Socket not ready, repolling fd = 8
Socket not ready, repolling fd = 8
Socket not ready, repolling fd = 8
Socket not ready, repolling fd = 8
Socket not ready, repolling fd = 8
Socket not ready, repolling fd = 8
Socket not ready, repolling fd = 8
Socket not ready, repolling fd = 8
Socket not ready, repolling fd = 8
Socket not ready, repolling fd = 8
Socket not ready, repolling fd = 8
Socket not ready, repolling fd = 8
Socket not ready, repolling fd = 8
Socket not ready, repolling fd = 8
Socket not ready, repolling fd = 8
Socket not ready, repolling fd = 8
Socket not ready, repolling fd = 8
Socket not ready, repolling fd = 8
Socket not ready, repolling fd = 8
Socket not ready, repolling fd = 8
Socket not ready, repolling fd = 8
Socket not ready, repolling fd = 8
Socket not ready, repolling fd = 8
Socket not ready, repolling fd = 8
Socket not ready, repolling fd = 8
Socket not ready, repolling fd = 8
Socket not ready, repolling fd = 8
Socket not ready, repolling fd = 8
Socket not ready, repolling fd = 8
Socket not ready, repolling fd = 8
Socket not ready, repolling fd = 8
Socket not ready, repolling fd = 8
Socket not ready, repolling fd = 8
Socket not ready, repolling fd = 8
Socket not ready, repolling fd = 8
Socket not ready, repolling fd = 8
Socket not ready, repolling fd = 8
Socket not ready, repolling fd = 8
Socket not ready, repolling fd = 8
Socket not ready, repolling fd = 8
Socket not ready, repolling fd = 8
Socket not ready, repolling fd = 8
Socket not ready, repolling fd = 8
Socket not ready, repolling fd = 8
Socket not ready, repolling fd = 8
Socket not ready, repolling fd = 8
Socket not ready, repolling fd = 8
Socket not ready, repolling fd = 8
Socket not ready, repolling fd = 8
Socket not ready, repolling fd = 8
Socket not ready, repolling fd = 8
Socket not ready, repolling fd = 8
Socket not ready, repolling fd = 8
Socket not ready, repolling fd = 8
Socket not ready, repolling fd = 8
Socket not ready, repolling fd = 8
Socket not ready, repolling fd = 8
Socket not ready, repolling fd = 8
Socket not ready, repolling fd = 8
Socket not ready, repolling fd = 8
Socket not ready, repolling fd = 8
Socket not ready, repolling fd = 8
Socket not ready, repolling fd = 8
Socket not ready, repolling fd = 8
Socket not ready, repolling fd = 8
Socket not ready, repolling fd = 8
Socket not ready, repolling fd = 8
Socket not ready, repolling fd = 8
Socket not ready, repolling fd = 8
Socket not ready, repolling fd = 8
Socket not ready, repolling fd = 8
Socket not ready, repolling fd = 8
Socket not ready, repolling fd = 8
Socket not ready, repolling fd = 8
Socket not ready, repolling fd = 8
Socket not ready, repolling fd = 8
Socket not ready, repolling fd = 8
Socket not ready, repolling fd = 8
Socket not ready, repolling fd = 8
Socket not ready, repolling fd = 8
Socket not ready, repolling fd = 8
Socket not ready, repolling fd = 8
Socket not ready, repolling fd = 8
Socket not ready, repolling fd = 8
Socket not ready, repolling fd = 8
Socket not ready, repolling fd = 8
Socket not ready, repolling fd = 8
Socket not ready, repolling fd = 8
Socket not ready, repolling fd = 8
Socket not ready, repolling fd = 8
Socket not ready, repolling fd = 8
Socket not ready, repolling fd = 8
Socket not ready, repolling fd = 8
Socket not ready, repolling fd = 8
Socket not ready, repolling fd = 8
Socket not ready, repolling fd = 8
Socket not ready, repolling fd = 8
Socket not ready, repolling fd = 8
Socket not ready, repolling fd = 8
Socket not ready, repolling fd = 8
Socket not ready, repolling fd = 8
Socket not ready, repolling fd = 8
Socket not ready, repolling fd = 8
Socket not ready, repolling fd = 8
Socket not ready, repolling fd = 8
Socket not ready, repolling fd = 8
Socket not ready, repolling fd = 8
Socket not ready, repolling fd = 8
Socket not ready, repolling fd = 8
Socket not ready, repolling fd = 8
Socket not ready, repolling fd = 8
Socket not ready, repolling fd = 8
Socket not ready, repolling fd = 8
Socket not ready, repolling fd = 8
Socket not ready, repolling fd = 8
Socket not ready, repolling fd = 8
Socket not ready, repolling fd = 8
Socket not ready, repolling fd = 8
Socket not ready, repolling fd = 8
Socket not ready, repolling fd = 8
Socket not ready, repolling fd = 8
Socket not ready, repolling fd = 8
Socket not ready, repolling fd = 8
Socket not ready, repolling fd = 8
Socket not ready, repolling fd = 8
Socket not ready, repolling fd = 8
Socket not ready, repolling fd = 8
Socket not ready, repolling fd = 8
Socket not ready, repolling fd = 8
Socket not ready, repolling fd = 8
Socket not ready, repolling fd = 8
Socket not ready, repolling fd = 8
Socket not ready, repolling fd = 8
Socket not ready, repolling fd = 8
Socket not ready, repolling fd = 8
Socket not ready, repolling fd = 8
Socket not ready, repolling fd = 8
Socket not ready, repolling fd = 8
Socket not ready, repolling fd = 8
Socket not ready, repolling fd = 8
Socket not ready, repolling fd = 8
Socket not ready, repolling fd = 8
Socket not ready, repolling fd = 8
Socket not ready, repolling fd = 8
Socket not ready, repolling fd = 8
Socket not ready, repolling fd = 8
Socket not ready, repolling fd = 8
Socket not ready, repolling fd = 8
Socket not ready, repolling fd = 8
Socket not ready, repolling fd = 8
Socket not ready, repolling fd = 8
Socket not ready, repolling fd = 8
Socket not ready, repolling fd = 8
Socket not ready, repolling fd = 8
Socket not ready, repolling fd = 8
Socket not ready, repolling fd = 8
Socket not ready, repolling fd = 8
Socket not ready, repolling fd = 8
Socket not ready, repolling fd = 8
Socket not ready, repolling fd = 8
Socket not ready, repolling fd = 8
Socket not ready, repolling fd = 8
Socket not ready, repolling fd = 8
Socket not ready, repolling fd = 8
Socket not ready, repolling fd = 8
Socket not ready, repolling fd = 8
Socket not ready, repolling fd = 8
Socket not ready, repolling fd = 8
Socket not ready, repolling fd = 8
Socket not ready, repolling fd = 8
Socket not ready, repolling fd = 8
Socket not ready, repolling fd = 8
Socket not ready, repolling fd = 8
Socket not ready, repolling fd = 8
Socket not ready, repolling fd = 8
Socket not ready, repolling fd = 8
Socket not ready, repolling fd = 8
Socket not ready, repolling fd = 8
Socket not ready, repolling fd = 8
Socket not ready, repolling fd = 8
Socket not ready, repolling fd = 8
Socket not ready, repolling fd = 8
Socket not ready, repolling fd = 8
Socket not ready, repolling fd = 8
Socket not ready, repolling fd = 8
Socket not ready, repolling fd = 8
Socket not ready, repolling fd = 8
Socket not ready, repolling fd = 8
Socket not ready, repolling fd = 8
Socket not ready, repolling fd = 8
Socket not ready, repolling fd = 8
Socket not ready, repolling fd = 8
Socket not ready, repolling fd = 8
Socket not ready, repolling fd = 8
Socket not ready, repolling fd = 8
Socket not ready, repolling fd = 8
Socket not ready, repolling fd = 8
Socket not ready, repolling fd = 8
Socket not ready, repolling fd = 8
Socket not ready, repolling fd = 8
Socket not ready, repolling fd = 8
Socket not ready, repolling fd = 8
Socket not ready, repolling fd = 8
Socket not ready, repolling fd = 8
Socket not ready, repolling fd = 8
Socket not ready, repolling fd = 8
Socket not ready, repolling fd = 8
Socket not ready, repolling fd = 8
Socket not ready, repolling fd = 8
Socket not ready, repolling fd = 8
Socket not ready, repolling fd = 8
Socket not ready, repolling fd = 8
Socket not ready, repolling fd = 8
Socket not ready, repolling fd = 8
Socket not ready, repolling fd = 8
Socket not ready, repolling fd = 8
Socket not ready, repolling fd = 8
Socket not ready, repolling fd = 8
Socket not ready, repolling fd = 8
Socket not ready, repolling fd = 8
Socket not ready, repolling fd = 8
Socket not ready, repolling fd = 8
Socket not ready, repolling fd = 8
Socket not ready, repolling fd = 8
Socket not ready, repolling fd = 8
Socket not ready, repolling fd = 8
Socket not ready, repolling fd = 8
Socket not ready, repolling fd = 8
Socket not ready, repolling fd = 8
Socket not ready, repolling fd = 8
Socket not ready, repolling fd = 8
Socket not ready, repolling fd = 8
Socket not ready, repolling fd = 8
Socket not ready, repolling fd = 8
Socket not ready, repolling fd = 8
Socket not ready, repolling fd = 8
Socket not ready, repolling fd = 8
Socket not ready, repolling fd = 8
Socket not ready, repolling fd = 8
Socket not ready, repolling fd = 8
Socket not ready, repolling fd = 8
Socket not ready, repolling fd = 8
Socket not ready, repolling fd = 8
Socket not ready, repolling fd = 8
Socket not ready, repolling fd = 8
Socket not ready, repolling fd = 8
Socket not ready, repolling fd = 8
Socket not ready, repolling fd = 8
Socket not ready, repolling fd = 8
Socket not ready, repolling fd = 8
Socket not ready, repolling fd = 8
Socket not ready, repolling fd = 8
Socket not ready, repolling fd = 8
Socket not ready, repolling fd = 8
Socket not ready, repolling fd = 8
Socket not ready, repolling fd = 8
Socket not ready, repolling fd = 8
Socket not ready, repolling fd = 8
Socket not ready, repolling fd = 8
Socket not ready, repolling fd = 8
Socket not ready, repolling fd = 8
Socket not ready, repolling fd = 8
Socket not ready, repolling fd = 8
Socket not ready, repolling fd = 8
Socket not ready, repolling fd = 8
Socket not ready, repolling fd = 8
Socket not ready, repolling fd = 8
Socket not ready, repolling fd = 8
Socket not ready, repolling fd = 8
Socket not ready, repolling fd = 8
Socket not ready, repolling fd = 8
Socket not ready, repolling fd = 8
Socket not ready, repolling fd = 8
Socket not ready, repolling fd = 8
Socket not ready, repolling fd = 8
Socket not ready, repolling fd = 8
Socket not ready, repolling fd = 8
Socket not ready, repolling fd = 8
Socket not ready, repolling fd = 8
Socket not ready, repolling fd = 8
Socket not ready, repolling fd = 8
Socket not ready, repolling fd = 8
Socket not ready, repolling fd = 8
Socket not ready, repolling fd = 8
Socket not ready, repolling fd = 8
Socket not ready, repolling fd = 8
Socket not ready, repolling fd = 8
Socket not ready, repolling fd = 8
Socket not ready, repolling fd = 8
Socket not ready, repolling fd = 8
Socket not ready, repolling fd = 8
Socket not ready, repolling fd = 8
Socket not ready, repolling fd = 8
Socket not ready, repolling fd = 8
Socket not ready, repolling fd = 8
Socket not ready, repolling fd = 8
Socket not ready, repolling fd = 8
Socket not ready, repolling fd = 8
Socket not ready, repolling fd = 8
Socket not ready, repolling fd = 8
Socket not ready, repolling fd = 8
Socket not ready, repolling fd = 8
Socket not ready, repolling fd = 8
Socket not ready, repolling fd = 8
Socket not ready, repolling fd = 8
Socket not ready, repolling fd = 8
Socket not ready, repolling fd = 8
Socket not ready, repolling fd = 8
Socket not ready, repolling fd = 8
Socket not ready, repolling fd = 8
Socket not ready, repolling fd = 8
Socket not ready, repolling fd = 8
Socket not ready, repolling fd = 8
Socket not ready, repolling fd = 8
Socket not ready, repolling fd = 8
Socket not ready, repolling fd = 8
Socket not ready, repolling fd = 8
Socket not ready, repolling fd = 8
Socket not ready, repolling fd = 8
Socket not ready, repolling fd = 8
Socket not ready, repolling fd = 8
Socket not ready, repolling fd = 8
Socket not ready, repolling fd = 8
Socket not ready, repolling fd = 8
Socket not ready, repolling fd = 8
Socket not ready, repolling fd = 8
Socket not ready, repolling fd = 8
Socket not ready, repolling fd = 8
Socket not ready, repolling fd = 8
Socket not ready, repolling fd = 8
Socket not ready, repolling fd = 8
Socket not ready, repolling fd = 8
Socket not ready, repolling fd = 8
Socket not ready, repolling fd = 8
Socket not ready, repolling fd = 8
Socket not ready, repolling fd = 8
Socket not ready, repolling fd = 8
Socket not ready, repolling fd = 8
Socket not ready, repolling fd = 8
Socket not ready, repolling fd = 8
Socket not ready, repolling fd = 8
Socket not ready, repolling fd = 8
Socket not ready, repolling fd = 8
Socket not ready, repolling fd = 8
Socket not ready, repolling fd = 8
Socket not ready, repolling fd = 8
Socket not ready, repolling fd = 8
Socket not ready, repolling fd = 7
Socket not ready, repolling fd = 7
Socket not ready, repolling fd = 7
Socket not ready, repolling fd = 7
Socket not ready, repolling fd = 7
Socket not ready, repolling fd = 7
Socket not ready, repolling fd = 7
Socket not ready, repolling fd = 7
Socket not ready, repolling fd = 7
Socket not ready, repolling fd = 7
Socket not ready, repolling fd = 7
Socket not ready, repolling fd = 7
Socket not ready, repolling fd = 7
Socket not ready, repolling fd = 7
Socket not ready, repolling fd = 7
Socket not ready, repolling fd = 7
Socket not ready, repolling fd = 7
Socket not ready, repolling fd = 7
Socket not ready, repolling fd = 7
Socket not ready, repolling fd = 7
Socket not ready, repolling fd = 7
Socket not ready, repolling fd = 7
Socket not ready, repolling fd = 7
Socket not ready, repolling fd = 7
Socket not ready, repolling fd = 7
Socket not ready, repolling fd = 7
Socket not ready, repolling fd = 7
Socket not ready, repolling fd = 7
Socket not ready, repolling fd = 7
Socket not ready, repolling fd = 7
Socket not ready, repolling fd = 7
Socket not ready, repolling fd = 7
Socket not ready, repolling fd = 7
Socket not ready, repolling fd = 7
Socket not ready, repolling fd = 7
Socket not ready, repolling fd = 7
Socket not ready, repolling fd = 7
Socket not ready, repolling fd = 7
Socket not ready, repolling fd = 7
Socket not ready, repolling fd = 7
Socket not ready, repolling fd = 7
Socket not ready, repolling fd = 7
Socket not ready, repolling fd = 7
Socket not ready, repolling fd = 7
Socket not ready, repolling fd = 7
Socket not ready, repolling fd = 7
Socket not ready, repolling fd = 7
Socket not ready, repolling fd = 7
Socket not ready, repolling fd = 7
Socket not ready, repolling fd = 7
Socket not ready, repolling fd = 7
Socket not ready, repolling fd = 7
Socket not ready, repolling fd = 7
Socket not ready, repolling fd = 7
Socket not ready, repolling fd = 7
Socket not ready, repolling fd = 7
Socket not ready, repolling fd = 7
Socket not ready, repolling fd = 7
Socket not ready, repolling fd = 7
Socket not ready, repolling fd = 7
Socket not ready, repolling fd = 7
Socket not ready, repolling fd = 7
Socket not ready, repolling fd = 7
Socket not ready, repolling fd = 7
Socket not ready, repolling fd = 7
Socket not ready, repolling fd = 7
Socket not ready, repolling fd = 7
Socket not ready, repolling fd = 7
Socket not ready, repolling fd = 7
Socket not ready, repolling fd = 7
Socket not ready, repolling fd = 7
Socket not ready, repolling fd = 7
Socket not ready, repolling fd = 7
Socket not ready, repolling fd = 7
Socket not ready, repolling fd = 7
Socket not ready, repolling fd = 7
Socket not ready, repolling fd = 7
Socket not ready, repolling fd = 7
Socket not ready, repolling fd = 7
Socket not ready, repolling fd = 7
Socket not ready, repolling fd = 7
Socket not ready, repolling fd = 7
Socket not ready, repolling fd = 7
Socket not ready, repolling fd = 7
Socket not ready, repolling fd = 7
Socket not ready, repolling fd = 7
Socket not ready, repolling fd = 7
Socket not ready, repolling fd = 7
Socket not ready, repolling fd = 7
Socket not ready, repolling fd = 7
Socket not ready, repolling fd = 7
Socket not ready, repolling fd = 7
Socket not ready, repolling fd = 7
Socket not ready, repolling fd = 7
Socket not ready, repolling fd = 7
Socket not ready, repolling fd = 7
Socket not ready, repolling fd = 7
Socket not ready, repolling fd = 7
Socket not ready, repolling fd = 7
Socket not ready, repolling fd = 7
Socket not ready, repolling fd = 7
Socket not ready, repolling fd = 7
Socket not ready, repolling fd = 7
Socket not ready, repolling fd = 7
Socket not ready, repolling fd = 7
Socket not ready, repolling fd = 7
Socket not ready, repolling fd = 7
Socket not ready, repolling fd = 7
Socket not ready, repolling fd = 7
Socket not ready, repolling fd = 7
Socket not ready, repolling fd = 7
Socket not ready, repolling fd = 7
Socket not ready, repolling fd = 7
Socket not ready, repolling fd = 7
Socket not ready, repolling fd = 7
Socket not ready, repolling fd = 7
Socket not ready, repolling fd = 7
Socket not ready, repolling fd = 7
Socket not ready, repolling fd = 7
Socket not ready, repolling fd = 7
Socket not ready, repolling fd = 7
Socket not ready, repolling fd = 7
Socket not ready, repolling fd = 7
Socket not ready, repolling fd = 7
Socket not ready, repolling fd = 7
Socket not ready, repolling fd = 7
Socket not ready, repolling fd = 7
Socket not ready, repolling fd = 7
Socket not ready, repolling fd = 7
Socket not ready, repolling fd = 7
Socket not ready, repolling fd = 7
Socket not ready, repolling fd = 7
Socket not ready, repolling fd = 7
Socket not ready, repolling fd = 7
Socket not ready, repolling fd = 7
Socket not ready, repolling fd = 7
Socket not ready, repolling fd = 9
Socket not ready, repolling fd = 9
Socket not ready, repolling fd = 9
Socket not ready, repolling fd = 9
Socket not ready, repolling fd = 9
Socket not ready, repolling fd = 9
Socket not ready, repolling fd = 9
Socket not ready, repolling fd = 9
Socket not ready, repolling fd = 9
Socket not ready, repolling fd = 9
Socket not ready, repolling fd = 9
Socket not ready, repolling fd = 9
Socket not ready, repolling fd = 9
Socket not ready, repolling fd = 9
Socket not ready, repolling fd = 9
Socket not ready, repolling fd = 9
Socket not ready, repolling fd = 9
Socket not ready, repolling fd = 9
Socket not ready, repolling fd = 9
Socket not ready, repolling fd = 9
Socket not ready, repolling fd = 9
Socket not ready, repolling fd = 9
Socket not ready, repolling fd = 9
Socket not ready, repolling fd = 9
Socket not ready, repolling fd = 9
Socket not ready, repolling fd = 9
Socket not ready, repolling fd = 9
Socket not ready, repolling fd = 9
Socket not ready, repolling fd = 9
Socket not ready, repolling fd = 9
Socket not ready, repolling fd = 9
Socket not ready, repolling fd = 9
Socket not ready, repolling fd = 9
Socket not ready, repolling fd = 9
Socket not ready, repolling fd = 9
Socket not ready, repolling fd = 9
Socket not ready, repolling fd = 9
Socket not ready, repolling fd = 9
Socket not ready, repolling fd = 9
Socket not ready, repolling fd = 9
Socket not ready, repolling fd = 9
Socket not ready, repolling fd = 9
Socket not ready, repolling fd = 9
Socket not ready, repolling fd = 9
Socket not ready, repolling fd = 9
Socket not ready, repolling fd = 9
Socket not ready, repolling fd = 9
Socket not ready, repolling fd = 9
Socket not ready, repolling fd = 9
Socket not ready, repolling fd = 9
Socket not ready, repolling fd = 9
Socket not ready, repolling fd = 9
Socket not ready, repolling fd = 9
Socket not ready, repolling fd = 9
Socket not ready, repolling fd = 9
Socket not ready, repolling fd = 9
Socket not ready, repolling fd = 9
Socket not ready, repolling fd = 9
Socket not ready, repolling fd = 9
Socket not ready, repolling fd = 9
Socket not ready, repolling fd = 9
Socket not ready, repolling fd = 9
Socket not ready, repolling fd = 9
Socket not ready, repolling fd = 9
Socket not ready, repolling fd = 9
Socket not ready, repolling fd = 9
Socket not ready, repolling fd = 9
Socket not ready, repolling fd = 9
Socket not ready, repolling fd = 9
Socket not ready, repolling fd = 9
Socket not ready, repolling fd = 9
Socket not ready, repolling fd = 9
Socket not ready, repolling fd = 9
Socket not ready, repolling fd = 9
Socket not ready, repolling fd = 9
Socket not ready, repolling fd = 9
Socket not ready, repolling fd = 9
Socket not ready, repolling fd = 9
Socket not ready, repolling fd = 9
Socket not ready, repolling fd = 9
Socket not ready, repolling fd = 9
Socket not ready, repolling fd = 9
Socket not ready, repolling fd = 9
Socket not ready, repolling fd = 9
Socket not ready, repolling fd = 9
Socket not ready, repolling fd = 9
Socket not ready, repolling fd = 9
Socket not ready, repolling fd = 9
Socket not ready, repolling fd = 9
Socket not ready, repolling fd = 9
Socket not ready, repolling fd = 9
Socket not ready, repolling fd = 9
Socket not ready, repolling fd = 9
Socket not ready, repolling fd = 9
Socket not ready, repolling fd = 9
Socket not ready, repolling fd = 9
Socket not ready, repolling fd = 9
Socket not ready, repolling fd = 9
Socket not ready, repolling fd = 9
Socket not ready, repolling fd = 9
Socket not ready, repolling fd = 9
Socket not ready, repolling fd = 9
Socket not ready, repolling fd = 9
Socket not ready, repolling fd = 9
Socket not ready, repolling fd = 9
Socket not ready, repolling fd = 9
Socket not ready, repolling fd = 9
Socket not ready, repolling fd = 9
Socket not ready, repolling fd = 9
Socket not ready, repolling fd = 9
Socket not ready, repolling fd = 9
Socket not ready, repolling fd = 9
Socket not ready, repolling fd = 9
Socket not ready, repolling fd = 9
Socket not ready, repolling fd = 9
Socket not ready, repolling fd = 9
Socket not ready, repolling fd = 9
Socket not ready, repolling fd = 9
Socket not ready, repolling fd = 9
Socket not ready, repolling fd = 9
Socket not ready, repolling fd = 9
Socket not ready, repolling fd = 9
Socket not ready, repolling fd = 9
Socket not ready, repolling fd = 9
Socket not ready, repolling fd = 9
Socket not ready, repolling fd = 9
Socket not ready, repolling fd = 9
Socket not ready, repolling fd = 9
Socket not ready, repolling fd = 9
Socket not ready, repolling fd = 9
Socket not ready, repolling fd = 9
Socket not ready, repolling fd = 9
Socket not ready, repolling fd = 9
Socket not ready, repolling fd = 9
Socket not ready, repolling fd = 9
Socket not ready, repolling fd = 9
Socket not ready, repolling fd = 9
Socket not ready, repolling fd = 9
Socket not ready, repolling fd = 9
Socket not ready, repolling fd = 9
Socket not ready, repolling fd = 9
Socket not ready, repolling fd = 9
Socket not ready, repolling fd = 9
Socket not ready, repolling fd = 9
Socket not ready, repolling fd = 9
Socket not ready, repolling fd = 9
Socket not ready, repolling fd = 9
Socket not ready, repolling fd = 9
Socket not ready, repolling fd = 9
Socket not ready, repolling fd = 9
Socket not ready, repolling fd = 9
Socket not ready, repolling fd = 9
Socket not ready, repolling fd = 9
Socket not ready, repolling fd = 9
Socket not ready, repolling fd = 9
Socket not ready, repolling fd = 9
Socket not ready, repolling fd = 9
Socket not ready, repolling fd = 9
Socket not ready, repolling fd = 9
Socket not ready, repolling fd = 9
Socket not ready, repolling fd = 9
Socket not ready, repolling fd = 9
Socket not ready, repolling fd = 9
Socket not ready, repolling fd = 9
Socket not ready, repolling fd = 9
Socket not ready, repolling fd = 9
Socket not ready, repolling fd = 9
Socket not ready, repolling fd = 9
Socket not ready, repolling fd = 9
Socket not ready, repolling fd = 9
Socket not ready, repolling fd = 9
Socket not ready, repolling fd = 9
Socket not ready, repolling fd = 9
Socket not ready, repolling fd = 9
Socket not ready, repolling fd = 9
Socket not ready, repolling fd = 9
Socket not ready, repolling fd = 9
Socket not ready, repolling fd = 9
Socket not ready, repolling fd = 9
Socket not ready, repolling fd = 9
Socket not ready, repolling fd = 9
Socket not ready, repolling fd = 9
Socket not ready, repolling fd = 9
Socket not ready, repolling fd = 9
Socket not ready, repolling fd = 9
Socket not ready, repolling fd = 9
Socket not ready, repolling fd = 9
Socket not ready, repolling fd = 9
Socket not ready, repolling fd = 9
Socket not ready, repolling fd = 9
Socket not ready, repolling fd = 9
Socket not ready, repolling fd = 9
Socket not ready, repolling fd = 9
Socket not ready, repolling fd = 9
Socket not ready, repolling fd = 9
Socket not ready, repolling fd = 9
Socket not ready, repolling fd = 9
Socket not ready, repolling fd = 9
Socket not ready, repolling fd = 9
Socket not ready, repolling fd = 9
Socket not ready, repolling fd = 9
Socket not ready, repolling fd = 9
Socket not ready, repolling fd = 9
Socket not ready, repolling fd = 9
Socket not ready, repolling fd = 9
Socket not ready, repolling fd = 9
Socket not ready, repolling fd = 9
Socket not ready, repolling fd = 9
Socket not ready, repolling fd = 9
Socket not ready, repolling fd = 9
Socket not ready, repolling fd = 9
Socket not ready, repolling fd = 9
Socket not ready, repolling fd = 9
Socket not ready, repolling fd = 9
Socket not ready, repolling fd = 9
Socket not ready, repolling fd = 9
Socket not ready, repolling fd = 9
Socket not ready, repolling fd = 9
Socket not ready, repolling fd = 9
Socket not ready, repolling fd = 9
Socket not ready, repolling fd = 9
Socket not ready, repolling fd = 9
Socket not ready, repolling fd = 9
Socket not ready, repolling fd = 9
Socket not ready, repolling fd = 9
Socket not ready, repolling fd = 9
Socket not ready, repolling fd = 9
Socket not ready, repolling fd = 9
Socket not ready, repolling fd = 9
Socket not ready, repolling fd = 9
Socket not ready, repolling fd = 9
Socket not ready, repolling fd = 9
Socket not ready, repolling fd = 9
Socket not ready, repolling fd = 9
Socket not ready, repolling fd = 9
Socket not ready, repolling fd = 9
Socket not ready, repolling fd = 9
Socket not ready, repolling fd = 9
Socket not ready, repolling fd = 9
Socket not ready, repolling fd = 9
Socket not ready, repolling fd = 9
Socket not ready, repolling fd = 9
Socket not ready, repolling fd = 9
Socket not ready, repolling fd = 9
Socket not ready, repolling fd = 9
Socket not ready, repolling fd = 9
Socket not ready, repolling fd = 9
Socket not ready, repolling fd = 9
Socket not ready, repolling fd = 9
Socket not ready, repolling fd = 9
Socket not ready, repolling fd = 9
Socket not ready, repolling fd = 9
Socket not ready, repolling fd = 9
Socket not ready, repolling fd = 9
Socket not ready, repolling fd = 9
Socket not ready, repolling fd = 9
Socket not ready, repolling fd = 9
Socket not ready, repolling fd = 9
Socket not ready, repolling fd = 9
Socket not ready, repolling fd = 9
Socket not ready, repolling fd = 9
Socket not ready, repolling fd = 9
Socket not ready, repolling fd = 9
Socket not ready, repolling fd = 9
Socket not ready, repolling fd = 9
Socket not ready, repolling fd = 9
Socket not ready, repolling fd = 9
Socket not ready, repolling fd = 9
Socket not ready, repolling fd = 9
Socket not ready, repolling fd = 9
Socket not ready, repolling fd = 9
Socket not ready, repolling fd = 9
Socket not ready, repolling fd = 9
Socket not ready, repolling fd = 9
Socket not ready, repolling fd = 9
Socket not ready, repolling fd = 9
Socket not ready, repolling fd = 9
Socket not ready, repolling fd = 9
Socket not ready, repolling fd = 9
Socket not ready, repolling fd = 9
Socket not ready, repolling fd = 9
Socket not ready, repolling fd = 9
Socket not ready, repolling fd = 9
Socket not ready, repolling fd = 9
Socket not ready, repolling fd = 9
Socket not ready, repolling fd = 9
Socket not ready, repolling fd = 9
Socket not ready, repolling fd = 9
Socket not ready, repolling fd = 9
Socket not ready, repolling fd = 9
Socket not ready, repolling fd = 9
Socket not ready, repolling fd = 9
Socket not ready, repolling fd = 9
Socket not ready, repolling fd = 9
Socket not ready, repolling fd = 9
Socket not ready, repolling fd = 9
Socket not ready, repolling fd = 9
Socket not ready, repolling fd = 9
Socket not ready, repolling fd = 9
Socket not ready, repolling fd = 9
Socket not ready, repolling fd = 9
Socket not ready, repolling fd = 9
Socket not ready, repolling fd = 9
Socket not ready, repolling fd = 9
Socket not ready, repolling fd = 9
Socket not ready, repolling fd = 9
Socket not ready, repolling fd = 9
Socket not ready, repolling fd = 9
Socket not ready, repolling fd = 9
Socket not ready, repolling fd = 9
Socket not ready, repolling fd = 9
Socket not ready, repolling fd = 9
Socket not ready, repolling fd = 9
Socket not ready, repolling fd = 9
Socket not ready, repolling fd = 9
Socket not ready, repolling fd = 9
Socket not ready, repolling fd = 9
Socket not ready, repolling fd = 9
Socket not ready, repolling fd = 9
Socket not ready, repolling fd = 9
Socket not ready, repolling fd = 9
Socket not ready, repolling fd = 9
Socket not ready, repolling fd = 9
Socket not ready, repolling fd = 9
Socket not ready, repolling fd = 9
Socket not ready, repolling fd = 9
Socket not ready, repolling fd = 9
Socket not ready, repolling fd = 9
Socket not ready, repolling fd = 9
Socket not ready, repolling fd = 9
Socket not ready, repolling fd = 9
Socket not ready, repolling fd = 9
Socket not ready, repolling fd = 9
Socket not ready, repolling fd = 9
Socket not ready, repolling fd = 9
Socket not ready, repolling fd = 9
Socket not ready, repolling fd = 9
Socket not ready, repolling fd = 9
Socket not ready, repolling fd = 9
Socket not ready, repolling fd = 9
Socket not ready, repolling fd = 9
Socket not ready, repolling fd = 9
Socket not ready, repolling fd = 9
Socket not ready, repolling fd = 9
Socket not ready, repolling fd = 9
Socket not ready, repolling fd = 9
Socket not ready, repolling fd = 9
Socket not ready, repolling fd = 9
Socket not ready, repolling fd = 9
Socket not ready, repolling fd = 9
Socket not ready, repolling fd = 9
Socket not ready, repolling fd = 9
Socket not ready, repolling fd = 9
Socket not ready, repolling fd = 9
Socket not ready, repolling fd = 9
Socket not ready, repolling fd = 9
Socket not ready, repolling fd = 9
Socket not ready, repolling fd = 9
Socket not ready, repolling fd = 9
Socket not ready, repolling fd = 9
Socket not ready, repolling fd = 9
Socket not ready, repolling fd = 9
Socket not ready, repolling fd = 9
Socket not ready, repolling fd = 9
Socket not ready, repolling fd = 9
Socket not ready, repolling fd = 9
Socket not ready, repolling fd = 9
Socket not ready, repolling fd = 9
Socket not ready, repolling fd = 9
Socket not ready, repolling fd = 9
Socket not ready, repolling fd = 9
Socket not ready, repolling fd = 9
Socket not ready, repolling fd = 9
Socket not ready, repolling fd = 9
Socket not ready, repolling fd = 9
Socket not ready, repolling fd = 9
Socket not ready, repolling fd = 9
Socket not ready, repolling fd = 9
Socket not ready, repolling fd = 9
Socket not ready, repolling fd = 9
Socket not ready, repolling fd = 9
Socket not ready, repolling fd = 9
Socket not ready, repolling fd = 9
Socket not ready, repolling fd = 9
Socket not ready, repolling fd = 9
Socket not ready, repolling fd = 9
Socket not ready, repolling fd = 9
Socket not ready, repolling fd = 9
Socket not ready, repolling fd = 9
Socket not ready, repolling fd = 9
Socket not ready, repolling fd = 9
Socket not ready, repolling fd = 9
Socket not ready, repolling fd = 9
Socket not ready, repolling fd = 9
Socket not ready, repolling fd = 9
Socket not ready, repolling fd = 9
Socket not ready, repolling fd = 9
Socket not ready, repolling fd = 9
Socket not ready, repolling fd = 9
Socket not ready, repolling fd = 9
Socket not ready, repolling fd = 9
Socket not ready, repolling fd = 9
Socket not ready, repolling fd = 9
Socket not ready, repolling fd = 9
Socket not ready, repolling fd = 9
Socket not ready, repolling fd = 9
Socket not ready, repolling fd = 9
Socket not ready, repolling fd = 9
Socket not ready, repolling fd = 9
Socket not ready, repolling fd = 9
Socket not ready, repolling fd = 9
Socket not ready, repolling fd = 9
Socket not ready, repolling fd = 9
Socket not ready, repolling fd = 9
Socket not ready, repolling fd = 9
Socket not ready, repolling fd = 9
Socket not ready, repolling fd = 9
Socket not ready, repolling fd = 9
Socket not ready, repolling fd = 9
Socket not ready, repolling fd = 9
Socket not ready, repolling fd = 9
Socket not ready, repolling fd = 9
Socket not ready, repolling fd = 9
Socket not ready, repolling fd = 9
Socket not ready, repolling fd = 9
Socket not ready, repolling fd = 9
Socket not ready, repolling fd = 9
Socket not ready, repolling fd = 9
Socket not ready, repolling fd = 9
Socket not ready, repolling fd = 9
Socket not ready, repolling fd = 9
Socket not ready, repolling fd = 9
Socket not ready, repolling fd = 9
Socket not ready, repolling fd = 9
Socket not ready, repolling fd = 9
Socket not ready, repolling fd = 9
Socket not ready, repolling fd = 9
Socket not ready, repolling fd = 9
Socket not ready, repolling fd = 9
Socket not ready, repolling fd = 9
Socket not ready, repolling fd = 9
Socket not ready, repolling fd = 9
Socket not ready, repolling fd = 9
Socket not ready, repolling fd = 9
Socket not ready, repolling fd = 9
Socket not ready, repolling fd = 9
Socket not ready, repolling fd = 9
Socket not ready, repolling fd = 9
Socket not ready, repolling fd = 9
Socket not ready, repolling fd = 9
Socket not ready, repolling fd = 9
Socket not ready, repolling fd = 9
Socket not ready, repolling fd = 9
Socket not ready, repolling fd = 9
Socket not ready, repolling fd = 9
Socket not ready, repolling fd = 9
Socket not ready, repolling fd = 9
Socket not ready, repolling fd = 9
Socket not ready, repolling fd = 9
Socket not ready, repolling fd = 9
Socket not ready, repolling fd = 9
Socket not ready, repolling fd = 9
Socket not ready, repolling fd = 9
Socket not ready, repolling fd = 9
Socket not ready, repolling fd = 9
Socket not ready, repolling fd = 9
Socket not ready, repolling fd = 9
Socket not ready, repolling fd = 9
Socket not ready, repolling fd = 9
Socket not ready, repolling fd = 9
Socket not ready, repolling fd = 9
Socket not ready, repolling fd = 9
Socket not ready, repolling fd = 9
Socket not ready, repolling fd = 9
Socket not ready, repolling fd = 9
Socket not ready, repolling fd = 9
Socket not ready, repolling fd = 9
Socket not ready, repolling fd = 9
Socket not ready, repolling fd = 9
Socket not ready, repolling fd = 9
Socket not ready, repolling fd = 9
Socket not ready, repolling fd = 9
Socket not ready, repolling fd = 9
Socket not ready, repolling fd = 9
Socket not ready, repolling fd = 9
Socket not ready, repolling fd = 9
Socket not ready, repolling fd = 9
Socket not ready, repolling fd = 9
Socket not ready, repolling fd = 9
Socket not ready, repolling fd = 9
Socket not ready, repolling fd = 9
Socket not ready, repolling fd = 9
Socket not ready, repolling fd = 9
Socket not ready, repolling fd = 9
Socket not ready, repolling fd = 9
Socket not ready, repolling fd = 9
Socket not ready, repolling fd = 9
Socket not ready, repolling fd = 9
Socket not ready, repolling fd = 9
Socket not ready, repolling fd = 9
Socket not ready, repolling fd = 9
Socket not ready, repolling fd = 9
Socket not ready, repolling fd = 9
Socket not ready, repolling fd = 9
Socket not ready, repolling fd = 9
Socket not ready, repolling fd = 9
Socket not ready, repolling fd = 9
Socket not ready, repolling fd = 9
Socket not ready, repolling fd = 9
Socket not ready, repolling fd = 9
Socket not ready, repolling fd = 9
Socket not ready, repolling fd = 9
Socket not ready, repolling fd = 9
Socket not ready, repolling fd = 9
Socket not ready, repolling fd = 9
Socket not ready, repolling fd = 9
Socket not ready, repolling fd = 9
Socket not ready, repolling fd = 9
Socket not ready, repolling fd = 9
Socket not ready, repolling fd = 9
Socket not ready, repolling fd = 9
Socket not ready, repolling fd = 9
Socket not ready, repolling fd = 9
Socket not ready, repolling fd = 9
Socket not ready, repolling fd = 9
Socket not ready, repolling fd = 9
Socket not ready, repolling fd = 9
Socket not ready, repolling fd = 9
Socket not ready, repolling fd = 9
Socket not ready, repolling fd = 9
Socket not ready, repolling fd = 9
Socket not ready, repolling fd = 9
Socket not ready, repolling fd = 9
Socket not ready, repolling fd = 9
Socket not ready, repolling fd = 9
Socket not ready, repolling fd = 9
Socket not ready, repolling fd = 9
Socket not ready, repolling fd = 9
Socket not ready, repolling fd = 9
Socket not ready, repolling fd = 9
Socket not ready, repolling fd = 9
Socket not ready, repolling fd = 9
Socket not ready, repolling fd = 9
Socket not ready, repolling fd = 9
Socket not ready, repolling fd = 9
Socket not ready, repolling fd = 9
Socket not ready, repolling fd = 9
Socket not ready, repolling fd = 9
Socket not ready, repolling fd = 9
Socket not ready, repolling fd = 9
Socket not ready, repolling fd = 9
Socket not ready, repolling fd = 9
Socket not ready, repolling fd = 9
Socket not ready, repolling fd = 9
Socket not ready, repolling fd = 9
Socket not ready, repolling fd = 9
Socket not ready, repolling fd = 9
Socket not ready, repolling fd = 9
Socket not ready, repolling fd = 9
Socket not ready, repolling fd = 9
Socket not ready, repolling fd = 9
Socket not ready, repolling fd = 9
Socket not ready, repolling fd = 9
Socket not ready, repolling fd = 9
Socket not ready, repolling fd = 9
Socket not ready, repolling fd = 9
Socket not ready, repolling fd = 9
Socket not ready, repolling fd = 9
Socket not ready, repolling fd = 9
Socket not ready, repolling fd = 9
Socket not ready, repolling fd = 9
Socket not ready, repolling fd = 9
Socket not ready, repolling fd = 9
Socket not ready, repolling fd = 9
Socket not ready, repolling fd = 9
Socket not ready, repolling fd = 9
Socket not ready, repolling fd = 9
Socket not ready, repolling fd = 9
Socket not ready, repolling fd = 9
Socket not ready, repolling fd = 9
Socket not ready, repolling fd = 9
Socket not ready, repolling fd = 9
Socket not ready, repolling fd = 9
Socket not ready, repolling fd = 9
Socket not ready, repolling fd = 9
Socket not ready, repolling fd = 9
Socket not ready, repolling fd = 9
Socket not ready, repolling fd = 9
Socket not ready, repolling fd = 9
Socket not ready, repolling fd = 9
Socket not ready, repolling fd = 9
Socket not ready, repolling fd = 9
Socket not ready, repolling fd = 9
Socket not ready, repolling fd = 9
Socket not ready, repolling fd = 9
Socket not ready, repolling fd = 9
Socket not ready, repolling fd = 9
Socket not ready, repolling fd = 9
Socket not ready, repolling fd = 9
Socket not ready, repolling fd = 9
Socket not ready, repolling fd = 9
Socket not ready, repolling fd = 9
Socket not ready, repolling fd = 9
Socket not ready, repolling fd = 9
Socket not ready, repolling fd = 9
Socket not ready, repolling fd = 9
Socket not ready, repolling fd = 9
Socket not ready, repolling fd = 9
Socket not ready, repolling fd = 9
Socket not ready, repolling fd = 9
Socket not ready, repolling fd = 9
Socket not ready, repolling fd = 9
Socket not ready, repolling fd = 9
Socket not ready, repolling fd = 9
Socket not ready, repolling fd = 9
Socket not ready, repolling fd = 9
Socket not ready, repolling fd = 9
Socket not ready, repolling fd = 9
Socket not ready, repolling fd = 9
Socket not ready, repolling fd = 9
Socket not ready, repolling fd = 9
Socket not ready, repolling fd = 9
Socket not ready, repolling fd = 9
Socket not ready, repolling fd = 9
Socket not ready, repolling fd = 9
Socket not ready, repolling fd = 9
Socket not ready, repolling fd = 9
Socket not ready, repolling fd = 9
Socket not ready, repolling fd = 9
Socket not ready, repolling fd = 9
Socket not ready, repolling fd = 9
Socket not ready, repolling fd = 9
Socket not ready, repolling fd = 9
Socket not ready, repolling fd = 9
Socket not ready, repolling fd = 9
Socket not ready, repolling fd = 9
Socket not ready, repolling fd = 9
Socket not ready, repolling fd = 9
Socket not ready, repolling fd = 9
Socket not ready, repolling fd = 9
Socket not ready, repolling fd = 9
Socket not ready, repolling fd = 9
Socket not ready, repolling fd = 9
Socket not ready, repolling fd = 9
Socket not ready, repolling fd = 9
Socket not ready, repolling fd = 9
Socket not ready, repolling fd = 9
Socket not ready, repolling fd = 9
Socket not ready, repolling fd = 9
Socket not ready, repolling fd = 9
Socket not ready, repolling fd = 9
Socket not ready, repolling fd = 9
Socket not ready, repolling fd = 9
Socket not ready, repolling fd = 9
Socket not ready, repolling fd = 9
Socket not ready, repolling fd = 9
Socket not ready, repolling fd = 9
Socket not ready, repolling fd = 9
Socket not ready, repolling fd = 9
Socket not ready, repolling fd = 9
Socket not ready, repolling fd = 9
Socket not ready, repolling fd = 9
Socket not ready, repolling fd = 9
Socket not ready, repolling fd = 9
Socket not ready, repolling fd = 9
Socket not ready, repolling fd = 9
Socket not ready, repolling fd = 9
Socket not ready, repolling fd = 9
Socket not ready, repolling fd = 9
Socket not ready, repolling fd = 9
Socket not ready, repolling fd = 9
Socket not ready, repolling fd = 9
Socket not ready, repolling fd = 9
Socket not ready, repolling fd = 9
Socket not ready, repolling fd = 9
Socket not ready, repolling fd = 9
Socket not ready, repolling fd = 9
Socket not ready, repolling fd = 9
Socket not ready, repolling fd = 9
Socket not ready, repolling fd = 9
Socket not ready, repolling fd = 9
Socket not ready, repolling fd = 9
Socket not ready, repolling fd = 9
Socket not ready, repolling fd = 9
Socket not ready, repolling fd = 9
Socket not ready, repolling fd = 9
Socket not ready, repolling fd = 9
Socket not ready, repolling fd = 9
Socket not ready, repolling fd = 9
Socket not ready, repolling fd = 9
Socket not ready, repolling fd = 9
Socket not ready, repolling fd = 9
Socket not ready, repolling fd = 9
Socket not ready, repolling fd = 9
Socket not ready, repolling fd = 9
Socket not ready, repolling fd = 9
Socket not ready, repolling fd = 9
Socket not ready, repolling fd = 9
Socket not ready, repolling fd = 9
Socket not ready, repolling fd = 9
Socket not ready, repolling fd = 9
Socket not ready, repolling fd = 9
Socket not ready, repolling fd = 9
Socket not ready, repolling fd = 9
Socket not ready, repolling fd = 9
Socket not ready, repolling fd = 9
Socket not ready, repolling fd = 9
Socket not ready, repolling fd = 9
Socket not ready, repolling fd = 9
Socket not ready, repolling fd = 9
Socket not ready, repolling fd = 9
Socket not ready, repolling fd = 9
Socket not ready, repolling fd = 9
Socket not ready, repolling fd = 9
Socket not ready, repolling fd = 9
Socket not ready, repolling fd = 9
Socket not ready, repolling fd = 9
Socket not ready, repolling fd = 9
Socket not ready, repolling fd = 9
Socket not ready, repolling fd = 9
Socket not ready, repolling fd = 9
Socket not ready, repolling fd = 9
Socket not ready, repolling fd = 9
Socket not ready, repolling fd = 9
Socket not ready, repolling fd = 9
Socket not ready, repolling fd = 9
Socket not ready, repolling fd = 9
Socket not ready, repolling fd = 9
Socket not ready, repolling fd = 9
Socket not ready, repolling fd = 9
Socket not ready, repolling fd = 9
Socket not ready, repolling fd = 9
Socket not ready, repolling fd = 9
Socket not ready, repolling fd = 9
Socket not ready, repolling fd = 9
Socket not ready, repolling fd = 9
Socket not ready, repolling fd = 9
Socket not ready, repolling fd = 9
Socket not ready, repolling fd = 9
Socket not ready, repolling fd = 9
Socket not ready, repolling fd = 9
Socket not ready, repolling fd = 9
Socket not ready, repolling fd = 9
Socket not ready, repolling fd = 9
Socket not ready, repolling fd = 9
Socket not ready, repolling fd = 9
Socket not ready, repolling fd = 9
Socket not ready, repolling fd = 9
Socket not ready, repolling fd = 9
Socket not ready, repolling fd = 9
Socket not ready, repolling fd = 9
Socket not ready, repolling fd = 9
Socket not ready, repolling fd = 9
Socket not ready, repolling fd = 9
Socket not ready, repolling fd = 9
Socket not ready, repolling fd = 9
Socket not ready, repolling fd = 9
Socket not ready, repolling fd = 9
Socket not ready, repolling fd = 9
Socket not ready, repolling fd = 9
Socket not ready, repolling fd = 9
Socket not ready, repolling fd = 9
Socket not ready, repolling fd = 9
Socket not ready, repolling fd = 9
Socket not ready, repolling fd = 9
Socket not ready, repolling fd = 9
Socket not ready, repolling fd = 9
Socket not ready, repolling fd = 9
Socket not ready, repolling fd = 9
Socket not ready, repolling fd = 9
Socket not ready, repolling fd = 9
Socket not ready, repolling fd = 9
Socket not ready, repolling fd = 9
Socket not ready, repolling fd = 9
Socket not ready, repolling fd = 9
Socket not ready, repolling fd = 9
Socket not ready, repolling fd = 9
Socket not ready, repolling fd = 9
Socket not ready, repolling fd = 9
Socket not ready, repolling fd = 9
Socket not ready, repolling fd = 9
Socket not ready, repolling fd = 9
Socket not ready, repolling fd = 9
Socket not ready, repolling fd = 9
Socket not ready, repolling fd = 9
Socket not ready, repolling fd = 9
Socket not ready, repolling fd = 9
Socket not ready, repolling fd = 9
Socket not ready, repolling fd = 9
Socket not ready, repolling fd = 9
Socket not ready, repolling fd = 9
Socket not ready, repolling fd = 9
Socket not ready, repolling fd = 9
Socket not ready, repolling fd = 9
Socket not ready, repolling fd = 9
Socket not ready, repolling fd = 9
Socket not ready, repolling fd = 9
Socket not ready, repolling fd = 9
Socket not ready, repolling fd = 9
Socket not ready, repolling fd = 9
Socket not ready, repolling fd = 9
Socket not ready, repolling fd = 9
Socket not ready, repolling fd = 9
Socket not ready, repolling fd = 9
Socket not ready, repolling fd = 9
Socket not ready, repolling fd = 9
Socket not ready, repolling fd = 9
Socket not ready, repolling fd = 9
Socket not ready, repolling fd = 9
Socket not ready, repolling fd = 9
Socket not ready, repolling fd = 9
Socket not ready, repolling fd = 9
Socket not ready, repolling fd = 9
Socket not ready, repolling fd = 9
Socket not ready, repolling fd = 9
Socket not ready, repolling fd = 9
Socket not ready, repolling fd = 9
Socket not ready, repolling fd = 9
Socket not ready, repolling fd = 9
Socket not ready, repolling fd = 9
Socket not ready, repolling fd = 9
Socket not ready, repolling fd = 9
Socket not ready, repolling fd = 9
Socket not ready, repolling fd = 9
Socket not ready, repolling fd = 9
Socket not ready, repolling fd = 9
Socket not ready, repolling fd = 8
Socket not ready, repolling fd = 8
Socket not ready, repolling fd = 8
Socket not ready, repolling fd = 8
Socket not ready, repolling fd = 8
Socket not ready, repolling fd = 8
Socket not ready, repolling fd = 8
Socket not ready, repolling fd = 8
Socket not ready, repolling fd = 8
Socket not ready, repolling fd = 8
Socket not ready, repolling fd = 8
Socket not ready, repolling fd = 8
Socket not ready, repolling fd = 8
Socket not ready, repolling fd = 8
Socket not ready, repolling fd = 8
Socket not ready, repolling fd = 8
Socket not ready, repolling fd = 8
Socket not ready, repolling fd = 8
Socket not ready, repolling fd = 8
Socket not ready, repolling fd = 8
Socket not ready, repolling fd = 8
Socket not ready, repolling fd = 8
Socket not ready, repolling fd = 8
Socket not ready, repolling fd = 8
Socket not ready, repolling fd = 8
Socket not ready, repolling fd = 8
Socket not ready, repolling fd = 8
Socket not ready, repolling fd = 8
Socket not ready, repolling fd = 8
Socket not ready, repolling fd = 8
Socket not ready, repolling fd = 8
Socket not ready, repolling fd = 8
Socket not ready, repolling fd = 8
Socket not ready, repolling fd = 8
Socket not ready, repolling fd = 8
Socket not ready, repolling fd = 8
Socket not ready, repolling fd = 8
Socket not ready, repolling fd = 8
Socket not ready, repolling fd = 8
Socket not ready, repolling fd = 8
Socket not ready, repolling fd = 8
Socket not ready, repolling fd = 8
Socket not ready, repolling fd = 8
Socket not ready, repolling fd = 8
Socket not ready, repolling fd = 8
Socket not ready, repolling fd = 8
Socket not ready, repolling fd = 8
Socket not ready, repolling fd = 8
Socket not ready, repolling fd = 8
Socket not ready, repolling fd = 8
Socket not ready, repolling fd = 8
Socket not ready, repolling fd = 8
Socket not ready, repolling fd = 8
Socket not ready, repolling fd = 8
Socket not ready, repolling fd = 8
Socket not ready, repolling fd = 8
Socket not ready, repolling fd = 8
Socket not ready, repolling fd = 8
Socket not ready, repolling fd = 8
Socket not ready, repolling fd = 8
Socket not ready, repolling fd = 8
Socket not ready, repolling fd = 8
Socket not ready, repolling fd = 8
Socket not ready, repolling fd = 8
Socket not ready, repolling fd = 8
Socket not ready, repolling fd = 8
Socket not ready, repolling fd = 8
Socket not ready, repolling fd = 8
Socket not ready, repolling fd = 8
Socket not ready, repolling fd = 8
Socket not ready, repolling fd = 8
Socket not ready, repolling fd = 8
Socket not ready, repolling fd = 8
Socket not ready, repolling fd = 8
Socket not ready, repolling fd = 8
Socket not ready, repolling fd = 8
Socket not ready, repolling fd = 8
Socket not ready, repolling fd = 8
Socket not ready, repolling fd = 8
Socket not ready, repolling fd = 8
Socket not ready, repolling fd = 8
Socket not ready, repolling fd = 8
Socket not ready, repolling fd = 8
Socket not ready, repolling fd = 8
Socket not ready, repolling fd = 8
Socket not ready, repolling fd = 8
Socket not ready, repolling fd = 8
Socket not ready, repolling fd = 8
Socket not ready, repolling fd = 8
Socket not ready, repolling fd = 8
Socket not ready, repolling fd = 8
Socket not ready, repolling fd = 8
Socket not ready, repolling fd = 8
Socket not ready, repolling fd = 8
Socket not ready, repolling fd = 8
Socket not ready, repolling fd = 8
Socket not ready, repolling fd = 8
Socket not ready, repolling fd = 8
Socket not ready, repolling fd = 8
Socket not ready, repolling fd = 8
Socket not ready, repolling fd = 8
Socket not ready, repolling fd = 8
Socket not ready, repolling fd = 8
Socket not ready, repolling fd = 8
Socket not ready, repolling fd = 8
Socket not ready, repolling fd = 8
Socket not ready, repolling fd = 8
Socket not ready, repolling fd = 8
Socket not ready, repolling fd = 8
Socket not ready, repolling fd = 8
Socket not ready, repolling fd = 8
Socket not ready, repolling fd = 8
Socket not ready, repolling fd = 8
Socket not ready, repolling fd = 8
Socket not ready, repolling fd = 8
Socket not ready, repolling fd = 8
Socket not ready, repolling fd = 8
Socket not ready, repolling fd = 8
Socket not ready, repolling fd = 8
Socket not ready, repolling fd = 8
Socket not ready, repolling fd = 8
Socket not ready, repolling fd = 8
Socket not ready, repolling fd = 8
Socket not ready, repolling fd = 8
Socket not ready, repolling fd = 8
Socket not ready, repolling fd = 8
Socket not ready, repolling fd = 8
Socket not ready, repolling fd = 8
Socket not ready, repolling fd = 8
Socket not ready, repolling fd = 8
Socket not ready, repolling fd = 8
Socket not ready, repolling fd = 8
Socket not ready, repolling fd = 8
Socket not ready, repolling fd = 8
Socket not ready, repolling fd = 8
Socket not ready, repolling fd = 8
Socket not ready, repolling fd = 8
Socket not ready, repolling fd = 8
Socket not ready, repolling fd = 8
Socket not ready, repolling fd = 8
Socket not ready, repolling fd = 8
Socket not ready, repolling fd = 8
Socket not ready, repolling fd = 8
Socket not ready, repolling fd = 8
Socket not ready, repolling fd = 8
Socket not ready, repolling fd = 8
Socket not ready, repolling fd = 8
Socket not ready, repolling fd = 8
Socket not ready, repolling fd = 8
Socket not ready, repolling fd = 8
Socket not ready, repolling fd = 8
Socket not ready, repolling fd = 8
Socket not ready, repolling fd = 8
Socket not ready, repolling fd = 8
Socket not ready, repolling fd = 8
Socket not ready, repolling fd = 8
Socket not ready, repolling fd = 8
Socket not ready, repolling fd = 8
Socket not ready, repolling fd = 8
Socket not ready, repolling fd = 8
Socket not ready, repolling fd = 8
Socket not ready, repolling fd = 8
Socket not ready, repolling fd = 8
Socket not ready, repolling fd = 8
Socket not ready, repolling fd = 8
Socket not ready, repolling fd = 8
Socket not ready, repolling fd = 8
Socket not ready, repolling fd = 8
Socket not ready, repolling fd = 8
Socket not ready, repolling fd = 8
Socket not ready, repolling fd = 8
Socket not ready, repolling fd = 8
Socket not ready, repolling fd = 8
Socket not ready, repolling fd = 8
Socket not ready, repolling fd = 8
Socket not ready, repolling fd = 8
Socket not ready, repolling fd = 8
Socket not ready, repolling fd = 8
Socket not ready, repolling fd = 8
Socket not ready, repolling fd = 8
Socket not ready, repolling fd = 8
Socket not ready, repolling fd = 8
Socket not ready, repolling fd = 8
Socket not ready, repolling fd = 8
Socket not ready, repolling fd = 8
Socket not ready, repolling fd = 8
Socket not ready, repolling fd = 8
Socket not ready, repolling fd = 8
Socket not ready, repolling fd = 8
Socket not ready, repolling fd = 8
Socket not ready, repolling fd = 8
Socket not ready, repolling fd = 8
Socket not ready, repolling fd = 8
Socket not ready, repolling fd = 8
Socket not ready, repolling fd = 8
Socket not ready, repolling fd = 8
Socket not ready, repolling fd = 8
Socket not ready, repolling fd = 8
Socket not ready, repolling fd = 8
Socket not ready, repolling fd = 8
Socket not ready, repolling fd = 8
Socket not ready, repolling fd = 8
Socket not ready, repolling fd = 8
Socket not ready, repolling fd = 8
Socket not ready, repolling fd = 8
Socket not ready, repolling fd = 8
Socket not ready, repolling fd = 8
Socket not ready, repolling fd = 8
Socket not ready, repolling fd = 8
Socket not ready, repolling fd = 8
Socket not ready, repolling fd = 8
Socket not ready, repolling fd = 8
Socket not ready, repolling fd = 8
Socket not ready, repolling fd = 8
Socket not ready, repolling fd = 8
Socket not ready, repolling fd = 8
Socket not ready, repolling fd = 8
Socket not ready, repolling fd = 8
Socket not ready, repolling fd = 8
Socket not ready, repolling fd = 8
Socket not ready, repolling fd = 8
Socket not ready, repolling fd = 8
Socket not ready, repolling fd = 8
Socket not ready, repolling fd = 8
Socket not ready, repolling fd = 8
Socket not ready, repolling fd = 8
Socket not ready, repolling fd = 8
Socket not ready, repolling fd = 8
Socket not ready, repolling fd = 8
Socket not ready, repolling fd = 8
Socket not ready, repolling fd = 8
Socket not ready, repolling fd = 8
Socket not ready, repolling fd = 8
Socket not ready, repolling fd = 8
Socket not ready, repolling fd = 8
Socket not ready, repolling fd = 8
Socket not ready, repolling fd = 8
Socket not ready, repolling fd = 8
Socket not ready, repolling fd = 8
Socket not ready, repolling fd = 8
Socket not ready, repolling fd = 8
Socket not ready, repolling fd = 8
Socket not ready, repolling fd = 8
Socket not ready, repolling fd = 8
Socket not ready, repolling fd = 8
Socket not ready, repolling fd = 8
Socket not ready, repolling fd = 8
Socket not ready, repolling fd = 8
Socket not ready, repolling fd = 8
Socket not ready, repolling fd = 8
Socket not ready, repolling fd = 8
Socket not ready, repolling fd = 8
Socket not ready, repolling fd = 8
Socket not ready, repolling fd = 8
Socket not ready, repolling fd = 8
Socket not ready, repolling fd = 8
Socket not ready, repolling fd = 8
Socket not ready, repolling fd = 8
Socket not ready, repolling fd = 8
Socket not ready, repolling fd = 8
Socket not ready, repolling fd = 8
Socket not ready, repolling fd = 8
Socket not ready, repolling fd = 8
Socket not ready, repolling fd = 8
Socket not ready, repolling fd = 8
Socket not ready, repolling fd = 8
Socket not ready, repolling fd = 8
Socket not ready, repolling fd = 8
Socket not ready, repolling fd = 8
Socket not ready, repolling fd = 8
Socket not ready, repolling fd = 8
Socket not ready, repolling fd = 8
Socket not ready, repolling fd = 8
Socket not ready, repolling fd = 8
Socket not ready, repolling fd = 8
Socket not ready, repolling fd = 8
Socket not ready, repolling fd = 8
Socket not ready, repolling fd = 8
Socket not ready, repolling fd = 8
Socket not ready, repolling fd = 8
Socket not ready, repolling fd = 8
Socket not ready, repolling fd = 8
Socket not ready, repolling fd = 8
Socket not ready, repolling fd = 8
Socket not ready, repolling fd = 8
Socket not ready, repolling fd = 8
Socket not ready, repolling fd = 8
Socket not ready, repolling fd = 8
Socket not ready, repolling fd = 8
Socket not ready, repolling fd = 8
Socket not ready, repolling fd = 8
Socket not ready, repolling fd = 8
Socket not ready, repolling fd = 8
Socket not ready, repolling fd = 8
Socket not ready, repolling fd = 8
Socket not ready, repolling fd = 8
Socket not ready, repolling fd = 8
Socket not ready, repolling fd = 8
Socket not ready, repolling fd = 8
Socket not ready, repolling fd = 8
Socket not ready, repolling fd = 8
Socket not ready, repolling fd = 8
Socket not ready, repolling fd = 8
Socket not ready, repolling fd = 8
Socket not ready, repolling fd = 8
Socket not ready, repolling fd = 8
Socket not ready, repolling fd = 8
Socket not ready, repolling fd = 8
Socket not ready, repolling fd = 8
Socket not ready, repolling fd = 8
Socket not ready, repolling fd = 8
Socket not ready, repolling fd = 8
Socket not ready, repolling fd = 8
Socket not ready, repolling fd = 8
Socket not ready, repolling fd = 8
Socket not ready, repolling fd = 8
Socket not ready, repolling fd = 8
Socket not ready, repolling fd = 8
Socket not ready, repolling fd = 8
Socket not ready, repolling fd = 8
Socket not ready, repolling fd = 8
Socket not ready, repolling fd = 8
Socket not ready, repolling fd = 8
Socket not ready, repolling fd = 8
Socket not ready, repolling fd = 8
Socket not ready, repolling fd = 8
Socket not ready, repolling fd = 8
Socket not ready, repolling fd = 8
Socket not ready, repolling fd = 8
Socket not ready, repolling fd = 8
Socket not ready, repolling fd = 8
Socket not ready, repolling fd = 8
Socket not ready, repolling fd = 8
Socket not ready, repolling fd = 8
Socket not ready, repolling fd = 8
Socket not ready, repolling fd = 8
Socket not ready, repolling fd = 8
Socket not ready, repolling fd = 8
Socket not ready, repolling fd = 8
Socket not ready, repolling fd = 8
Socket not ready, repolling fd = 8
Socket not ready, repolling fd = 8
Socket not ready, repolling fd = 8
Socket not ready, repolling fd = 8
Socket not ready, repolling fd = 8
Socket not ready, repolling fd = 8
Socket not ready, repolling fd = 8
Socket not ready, repolling fd = 8
Socket not ready, repolling fd = 8
Socket not ready, repolling fd = 8
Socket not ready, repolling fd = 8
Socket not ready, repolling fd = 8
Socket not ready, repolling fd = 8
Socket not ready, repolling fd = 8
Socket not ready, repolling fd = 8
Socket not ready, repolling fd = 8
Socket not ready, repolling fd = 8
Socket not ready, repolling fd = 8
Socket not ready, repolling fd = 8
Socket not ready, repolling fd = 8
Socket not ready, repolling fd = 8
Socket not ready, repolling fd = 8
Socket not ready, repolling fd = 8
Socket not ready, repolling fd = 8
Socket not ready, repolling fd = 8
Socket not ready, repolling fd = 8
Socket not ready, repolling fd = 8
Socket not ready, repolling fd = 8
Socket not ready, repolling fd = 8
Socket not ready, repolling fd = 8
Socket not ready, repolling fd = 8
Socket not ready, repolling fd = 8
Socket not ready, repolling fd = 8
Socket not ready, repolling fd = 8
Socket not ready, repolling fd = 8
Socket not ready, repolling fd = 8
Socket not ready, repolling fd = 8
Socket not ready, repolling fd = 8
Socket not ready, repolling fd = 8
Socket not ready, repolling fd = 8
Socket not ready, repolling fd = 8
Socket not ready, repolling fd = 8
Socket not ready, repolling fd = 8
Socket not ready, repolling fd = 8
Socket not ready, repolling fd = 8
Socket not ready, repolling fd = 8
Socket not ready, repolling fd = 8
Socket not ready, repolling fd = 8
Socket not ready, repolling fd = 8
Socket not ready, repolling fd = 8
Socket not ready, repolling fd = 8
Socket not ready, repolling fd = 8
Socket not ready, repolling fd = 8
Socket not ready, repolling fd = 8
Socket not ready, repolling fd = 8
Socket not ready, repolling fd = 8
Socket not ready, repolling fd = 8
Socket not ready, repolling fd = 8
Socket not ready, repolling fd = 8
Socket not ready, repolling fd = 8
Socket not ready, repolling fd = 8
Socket not ready, repolling fd = 8
Socket not ready, repolling fd = 8
Socket not ready, repolling fd = 8
Socket not ready, repolling fd = 8
Socket not ready, repolling fd = 8
Socket not ready, repolling fd = 8
Socket not ready, repolling fd = 8
Socket not ready, repolling fd = 8
Socket not ready, repolling fd = 8
Socket not ready, repolling fd = 8
Socket not ready, repolling fd = 8
Socket not ready, repolling fd = 8
Socket not ready, repolling fd = 8
Socket not ready, repolling fd = 8
Socket not ready, repolling fd = 8
Socket not ready, repolling fd = 8
Socket not ready, repolling fd = 8
Socket not ready, repolling fd = 8
Socket not ready, repolling fd = 8
Socket not ready, repolling fd = 8
Socket not ready, repolling fd = 8
Socket not ready, repolling fd = 8
Socket not ready, repolling fd = 8
Socket not ready, repolling fd = 8
Socket not ready, repolling fd = 8
Socket not ready, repolling fd = 8
Socket not ready, repolling fd = 8
Socket not ready, repolling fd = 8
Socket not ready, repolling fd = 8
Socket not ready, repolling fd = 8
Socket not ready, repolling fd = 8
Socket not ready, repolling fd = 8
Socket not ready, repolling fd = 8
Socket not ready, repolling fd = 8
Socket not ready, repolling fd = 8
Socket not ready, repolling fd = 8
Socket not ready, repolling fd = 8
Socket not ready, repolling fd = 8
Socket not ready, repolling fd = 8
Socket not ready, repolling fd = 8
Socket not ready, repolling fd = 8
Socket not ready, repolling fd = 8
Socket not ready, repolling fd = 8
Socket not ready, repolling fd = 8
Socket not ready, repolling fd = 8
Socket not ready, repolling fd = 8
Socket not ready, repolling fd = 8
Socket not ready, repolling fd = 8
Socket not ready, repolling fd = 8
Socket not ready, repolling fd = 8
Socket not ready, repolling fd = 8
Socket not ready, repolling fd = 8
Socket not ready, repolling fd = 8
Socket not ready, repolling fd = 8
Socket not ready, repolling fd = 8
Socket not ready, repolling fd = 8
Socket not ready, repolling fd = 8
Socket not ready, repolling fd = 8
Socket not ready, repolling fd = 8
Socket not ready, repolling fd = 8
Socket not ready, repolling fd = 8
Socket not ready, repolling fd = 8
Socket not ready, repolling fd = 8
Socket not ready, repolling fd = 8
Socket not ready, repolling fd = 8
Socket not ready, repolling fd = 8
Socket not ready, repolling fd = 8
Socket not ready, repolling fd = 8
Socket not ready, repolling fd = 8
Socket not ready, repolling fd = 8
Socket not ready, repolling fd = 8
Socket not ready, repolling fd = 8
Socket not ready, repolling fd = 8
Socket not ready, repolling fd = 8
Socket not ready, repolling fd = 8
Socket not ready, repolling fd = 8
Socket not ready, repolling fd = 8
Socket not ready, repolling fd = 8
Socket not ready, repolling fd = 8
Socket not ready, repolling fd = 8
Socket not ready, repolling fd = 8
Socket not ready, repolling fd = 8
Socket not ready, repolling fd = 8
Socket not ready, repolling fd = 8
Socket not ready, repolling fd = 8
Socket not ready, repolling fd = 8
Socket not ready, repolling fd = 8
Socket not ready, repolling fd = 8
Socket not ready, repolling fd = 8
Socket not ready, repolling fd = 8
Socket not ready, repolling fd = 8
Socket not ready, repolling fd = 8
Socket not ready, repolling fd = 8
Socket not ready, repolling fd = 8
Socket not ready, repolling fd = 8
Socket not ready, repolling fd = 8
Socket not ready, repolling fd = 8
Socket not ready, repolling fd = 8
Socket not ready, repolling fd = 8
Socket not ready, repolling fd = 8
Socket not ready, repolling fd = 8
Socket not ready, repolling fd = 8
Socket not ready, repolling fd = 8
Socket not ready, repolling fd = 8
Socket not ready, repolling fd = 8
Socket not ready, repolling fd = 8
Socket not ready, repolling fd = 8
Socket not ready, repolling fd = 8
Socket not ready, repolling fd = 8
Socket not ready, repolling fd = 8
Socket not ready, repolling fd = 8
Socket not ready, repolling fd = 8
Socket not ready, repolling fd = 8
Socket not ready, repolling fd = 8
Socket not ready, repolling fd = 8
Socket not ready, repolling fd = 8
Socket not ready, repolling fd = 8
Socket not ready, repolling fd = 8
Socket not ready, repolling fd = 8
Socket not ready, repolling fd = 8
Socket not ready, repolling fd = 8
Socket not ready, repolling fd = 8
Socket not ready, repolling fd = 8
Socket not ready, repolling fd = 8
Socket not ready, repolling fd = 8
Socket not ready, repolling fd = 8
Socket not ready, repolling fd = 8
Socket not ready, repolling fd = 8
Socket not ready, repolling fd = 8
Socket not ready, repolling fd = 8
Socket not ready, repolling fd = 8
Socket not ready, repolling fd = 8
Socket not ready, repolling fd = 8
Socket not ready, repolling fd = 8
Socket not ready, repolling fd = 8
Socket not ready, repolling fd = 8
Socket not ready, repolling fd = 8
Socket not ready, repolling fd = 8
Socket not ready, repolling fd = 8
Socket not ready, repolling fd = 8
Socket not ready, repolling fd = 8
Socket not ready, repolling fd = 8
Socket not ready, repolling fd = 8
Socket not ready, repolling fd = 8
Socket not ready, repolling fd = 8
Socket not ready, repolling fd = 8
Socket not ready, repolling fd = 8
Socket not ready, repolling fd = 8
Socket not ready, repolling fd = 8
Socket not ready, repolling fd = 8
Socket not ready, repolling fd = 8
Socket not ready, repolling fd = 8
Socket not ready, repolling fd = 8
Socket not ready, repolling fd = 8
Socket not ready, repolling fd = 8
Socket not ready, repolling fd = 8
Socket not ready, repolling fd = 8
Socket not ready, repolling fd = 8
Socket not ready, repolling fd = 8
Socket not ready, repolling fd = 8
Socket not ready, repolling fd = 8
Socket not ready, repolling fd = 8
Socket not ready, repolling fd = 8
Socket not ready, repolling fd = 8
Socket not ready, repolling fd = 8
Socket not ready, repolling fd = 8
Socket not ready, repolling fd = 8
Socket not ready, repolling fd = 8
Socket not ready, repolling fd = 8
Socket not ready, repolling fd = 8
Socket not ready, repolling fd = 8
Socket not ready, repolling fd = 8
Socket not ready, repolling fd = 8
Socket not ready, repolling fd = 8
Socket not ready, repolling fd = 8
Socket not ready, repolling fd = 8
Socket not ready, repolling fd = 8
Socket not ready, repolling fd = 8
Socket not ready, repolling fd = 8
Socket not ready, repolling fd = 8
Socket not ready, repolling fd = 8
Socket not ready, repolling fd = 8
Socket not ready, repolling fd = 8
Socket not ready, repolling fd = 8
Socket not ready, repolling fd = 8
Socket not ready, repolling fd = 8
Socket not ready, repolling fd = 8
Socket not ready, repolling fd = 8
Socket not ready, repolling fd = 8
Socket not ready, repolling fd = 8
Socket not ready, repolling fd = 8
Socket not ready, repolling fd = 8
Socket not ready, repolling fd = 8
Socket not ready, repolling fd = 8
Socket not ready, repolling fd = 8
Socket not ready, repolling fd = 8
Socket not ready, repolling fd = 8
Socket not ready, repolling fd = 8
Socket not ready, repolling fd = 8
Socket not ready, repolling fd = 8
Socket not ready, repolling fd = 8
Socket not ready, repolling fd = 8
Socket not ready, repolling fd = 8
Socket not ready, repolling fd = 8
Socket not ready, repolling fd = 8
Socket not ready, repolling fd = 8
Socket not ready, repolling fd = 8
Socket not ready, repolling fd = 8
Socket not ready, repolling fd = 8
Socket not ready, repolling fd = 8
Socket not ready, repolling fd = 8
Socket not ready, repolling fd = 8
Socket not ready, repolling fd = 8
Socket not ready, repolling fd = 8
Socket not ready, repolling fd = 8
Socket not ready, repolling fd = 8
Socket not ready, repolling fd = 8
Socket not ready, repolling fd = 8
Socket not ready, repolling fd = 8
Socket not ready, repolling fd = 8
Socket not ready, repolling fd = 8
Socket not ready, repolling fd = 8
Socket not ready, repolling fd = 8
Socket not ready, repolling fd = 8
Socket not ready, repolling fd = 8
Socket not ready, repolling fd = 8
Socket not ready, repolling fd = 8
Socket not ready, repolling fd = 8
Socket not ready, repolling fd = 8
Socket not ready, repolling fd = 8
Socket not ready, repolling fd = 8
Socket not ready, repolling fd = 8
Socket not ready, repolling fd = 8
Socket not ready, repolling fd = 8
Socket not ready, repolling fd = 8
Socket not ready, repolling fd = 8
Socket not ready, repolling fd = 8
Socket not ready, repolling fd = 8
Socket not ready, repolling fd = 8
Socket not ready, repolling fd = 8
Socket not ready, repolling fd = 8
Socket not ready, repolling fd = 8
Socket not ready, repolling fd = 8
Socket not ready, repolling fd = 8
Socket not ready, repolling fd = 8
Socket not ready, repolling fd = 8
Socket not ready, repolling fd = 8
Socket not ready, repolling fd = 8
Socket not ready, repolling fd = 8
Socket not ready, repolling fd = 8
Socket not ready, repolling fd = 8
Socket not ready, repolling fd = 8
Socket not ready, repolling fd = 8
Socket not ready, repolling fd = 8
Socket not ready, repolling fd = 8
Socket not ready, repolling fd = 8
Socket not ready, repolling fd = 8
Socket not ready, repolling fd = 8
Socket not ready, repolling fd = 8
Socket not ready, repolling fd = 8
Socket not ready, repolling fd = 8
Socket not ready, repolling fd = 8
Socket not ready, repolling fd = 8
Socket not ready, repolling fd = 8
Socket not ready, repolling fd = 8
Socket not ready, repolling fd = 8
Socket not ready, repolling fd = 8
Socket not ready, repolling fd = 8
Socket not ready, repolling fd = 8
Socket not ready, repolling fd = 8
Socket not ready, repolling fd = 8
Socket not ready, repolling fd = 8
Socket not ready, repolling fd = 8
Socket not ready, repolling fd = 8
Socket not ready, repolling fd = 8
Socket not ready, repolling fd = 8
Socket not ready, repolling fd = 8
Socket not ready, repolling fd = 8
Socket not ready, repolling fd = 8
Socket not ready, repolling fd = 8
Socket not ready, repolling fd = 8
Socket not ready, repolling fd = 8
Socket not ready, repolling fd = 8
Socket not ready, repolling fd = 8
Socket not ready, repolling fd = 8
Socket not ready, repolling fd = 8
Socket not ready, repolling fd = 8
Socket not ready, repolling fd = 8
Socket not ready, repolling fd = 8
Socket not ready, repolling fd = 8
Socket not ready, repolling fd = 8
Socket not ready, repolling fd = 8
Socket not ready, repolling fd = 8
Socket not ready, repolling fd = 8
Socket not ready, repolling fd = 8
Socket not ready, repolling fd = 8
Socket not ready, repolling fd = 8
Socket not ready, repolling fd = 8
Socket not ready, repolling fd = 8
Socket not ready, repolling fd = 8
Socket not ready, repolling fd = 8
Socket not ready, repolling fd = 8
Socket not ready, repolling fd = 8
Socket not ready, repolling fd = 8
Socket not ready, repolling fd = 8
Socket not ready, repolling fd = 8
Socket not ready, repolling fd = 8
Socket not ready, repolling fd = 8
Socket not ready, repolling fd = 8
Socket not ready, repolling fd = 8
Socket not ready, repolling fd = 8
Socket not ready, repolling fd = 8
Socket not ready, repolling fd = 8
Socket not ready, repolling fd = 8
Socket not ready, repolling fd = 8
Socket not ready, repolling fd = 8
Socket not ready, repolling fd = 8
Socket not ready, repolling fd = 8
Socket not ready, repolling fd = 8
Socket not ready, repolling fd = 8
Socket not ready, repolling fd = 8
Socket not ready, repolling fd = 8
Socket not ready, repolling fd = 8
Socket not ready, repolling fd = 8
Socket not ready, repolling fd = 8
Socket not ready, repolling fd = 8
Socket not ready, repolling fd = 8
Socket not ready, repolling fd = 8
Socket not ready, repolling fd = 8
Socket not ready, repolling fd = 8
Socket not ready, repolling fd = 8
Socket not ready, repolling fd = 8
Socket not ready, repolling fd = 8
Socket not ready, repolling fd = 8
Socket not ready, repolling fd = 8
Socket not ready, repolling fd = 8
Socket not ready, repolling fd = 8
Socket not ready, repolling fd = 8
Socket not ready, repolling fd = 8
Socket not ready, repolling fd = 8
Socket not ready, repolling fd = 8
Socket not ready, repolling fd = 8
Socket not ready, repolling fd = 8
Socket not ready, repolling fd = 8
Socket not ready, repolling fd = 8
Socket not ready, repolling fd = 8
Socket not ready, repolling fd = 8
Socket not ready, repolling fd = 8
Socket not ready, repolling fd = 8
Socket not ready, repolling fd = 8
Socket not ready, repolling fd = 8
Socket not ready, repolling fd = 8
Socket not ready, repolling fd = 8
Socket not ready, repolling fd = 8
Socket not ready, repolling fd = 8
Socket not ready, repolling fd = 8
Socket not ready, repolling fd = 8
Socket not ready, repolling fd = 8
Socket not ready, repolling fd = 8
Socket not ready, repolling fd = 8
Socket not ready, repolling fd = 8
Socket not ready, repolling fd = 8
Socket not ready, repolling fd = 8
Socket not ready, repolling fd = 8
Socket not ready, repolling fd = 8
Socket not ready, repolling fd = 8
Socket not ready, repolling fd = 8
Socket not ready, repolling fd = 8
Socket not ready, repolling fd = 8
Socket not ready, repolling fd = 8
Socket not ready, repolling fd = 8
Socket not ready, repolling fd = 8
Socket not ready, repolling fd = 8
Socket not ready, repolling fd = 8
Socket not ready, repolling fd = 8
Socket not ready, repolling fd = 8
Socket not ready, repolling fd = 8
Socket not ready, repolling fd = 8
Socket not ready, repolling fd = 8
Socket not ready, repolling fd = 8
Socket not ready, repolling fd = 8
Socket not ready, repolling fd = 8
Socket not ready, repolling fd = 8
Socket not ready, repolling fd = 8
Socket not ready, repolling fd = 8
Socket not ready, repolling fd = 8
Socket not ready, repolling fd = 8
Socket not ready, repolling fd = 8
Socket not ready, repolling fd = 8
Socket not ready, repolling fd = 8
Socket not ready, repolling fd = 8
Socket not ready, repolling fd = 8
Socket not ready, repolling fd = 8
Socket not ready, repolling fd = 8
Socket not ready, repolling fd = 8
Socket not ready, repolling fd = 8
Socket not ready, repolling fd = 8
Socket not ready, repolling fd = 8
Socket not ready, repolling fd = 8
Socket not ready, repolling fd = 8
Socket not ready, repolling fd = 8
Socket not ready, repolling fd = 8
Socket not ready, repolling fd = 8
Socket not ready, repolling fd = 8
Socket not ready, repolling fd = 8
Socket not ready, repolling fd = 8
Socket not ready, repolling fd = 8
Socket not ready, repolling fd = 8
Socket not ready, repolling fd = 8
Socket not ready, repolling fd = 8
Socket not ready, repolling fd = 8
Socket not ready, repolling fd = 8
Socket not ready, repolling fd = 8
Socket not ready, repolling fd = 8
Socket not ready, repolling fd = 8
Socket not ready, repolling fd = 8
Socket not ready, repolling fd = 8
Socket not ready, repolling fd = 8
Socket not ready, repolling fd = 8
Socket not ready, repolling fd = 8
Socket not ready, repolling fd = 8
Socket not ready, repolling fd = 8
Socket not ready, repolling fd = 8
Socket not ready, repolling fd = 8
Socket not ready, repolling fd = 8
Socket not ready, repolling fd = 8
Socket not ready, repolling fd = 8
Socket not ready, repolling fd = 8
Socket not ready, repolling fd = 8
Socket not ready, repolling fd = 8
Socket not ready, repolling fd = 8
Socket not ready, repolling fd = 8
Socket not ready, repolling fd = 8
Socket not ready, repolling fd = 8
Socket not ready, repolling fd = 7
Socket not ready, repolling fd = 7
Socket not ready, repolling fd = 7
Socket not ready, repolling fd = 7
Socket not ready, repolling fd = 7
Socket not ready, repolling fd = 7
Socket not ready, repolling fd = 7
Socket not ready, repolling fd = 7
Socket not ready, repolling fd = 7
Socket not ready, repolling fd = 7
Socket not ready, repolling fd = 7
Socket not ready, repolling fd = 7
Socket not ready, repolling fd = 7
Socket not ready, repolling fd = 7
Socket not ready, repolling fd = 7
Socket not ready, repolling fd = 7
Socket not ready, repolling fd = 7
Socket not ready, repolling fd = 7
Socket not ready, repolling fd = 7
Socket not ready, repolling fd = 7
Socket not ready, repolling fd = 7
Socket not ready, repolling fd = 7
Socket not ready, repolling fd = 7
Socket not ready, repolling fd = 7
Socket not ready, repolling fd = 7
Socket not ready, repolling fd = 7
Socket not ready, repolling fd = 7
Socket not ready, repolling fd = 7
Socket not ready, repolling fd = 7
Socket not ready, repolling fd = 7
Socket not ready, repolling fd = 7
Socket not ready, repolling fd = 7
Socket not ready, repolling fd = 7
Socket not ready, repolling fd = 7
Socket not ready, repolling fd = 7
Socket not ready, repolling fd = 7
Socket not ready, repolling fd = 7
Socket not ready, repolling fd = 7
Socket not ready, repolling fd = 7
Socket not ready, repolling fd = 7
Socket not ready, repolling fd = 7
Socket not ready, repolling fd = 7
Socket not ready, repolling fd = 7
Socket not ready, repolling fd = 7
Socket not ready, repolling fd = 7
Socket not ready, repolling fd = 7
Socket not ready, repolling fd = 7
Socket not ready, repolling fd = 7
Socket not ready, repolling fd = 7
Socket not ready, repolling fd = 7
Socket not ready, repolling fd = 7
Socket not ready, repolling fd = 7
Socket not ready, repolling fd = 7
Socket not ready, repolling fd = 7
Socket not ready, repolling fd = 7
Socket not ready, repolling fd = 7
Socket not ready, repolling fd = 7
Socket not ready, repolling fd = 7
Socket not ready, repolling fd = 7
Socket not ready, repolling fd = 7
Socket not ready, repolling fd = 7
Socket not ready, repolling fd = 7
Socket not ready, repolling fd = 7
Socket not ready, repolling fd = 7
Socket not ready, repolling fd = 7
Socket not ready, repolling fd = 7
Socket not ready, repolling fd = 7
Socket not ready, repolling fd = 7
Socket not ready, repolling fd = 7
Socket not ready, repolling fd = 7
Socket not ready, repolling fd = 7
Socket not ready, repolling fd = 7
Socket not ready, repolling fd = 7
Socket not ready, repolling fd = 7
Socket not ready, repolling fd = 7
Socket not ready, repolling fd = 7
Socket not ready, repolling fd = 7
Socket not ready, repolling fd = 7
Socket not ready, repolling fd = 7
Socket not ready, repolling fd = 7
Socket not ready, repolling fd = 7
Socket not ready, repolling fd = 7
Socket not ready, repolling fd = 7
Socket not ready, repolling fd = 7
Socket not ready, repolling fd = 7
Socket not ready, repolling fd = 7
Socket not ready, repolling fd = 7
Socket not ready, repolling fd = 7
Socket not ready, repolling fd = 7
Socket not ready, repolling fd = 7
Socket not ready, repolling fd = 7
Socket not ready, repolling fd = 7
Socket not ready, repolling fd = 7
Socket not ready, repolling fd = 7
Socket not ready, repolling fd = 7
Socket not ready, repolling fd = 7
Socket not ready, repolling fd = 7
Socket not ready, repolling fd = 7
Socket not ready, repolling fd = 7
Socket not ready, repolling fd = 7
Socket not ready, repolling fd = 7
Socket not ready, repolling fd = 7
Socket not ready, repolling fd = 7
Socket not ready, repolling fd = 7
Socket not ready, repolling fd = 7
Socket not ready, repolling fd = 7
Socket not ready, repolling fd = 7
Socket not ready, repolling fd = 7
Socket not ready, repolling fd = 7
Socket not ready, repolling fd = 7
Socket not ready, repolling fd = 7
Socket not ready, repolling fd = 7
Socket not ready, repolling fd = 7
Socket not ready, repolling fd = 7
Socket not ready, repolling fd = 7
Socket not ready, repolling fd = 7
Socket not ready, repolling fd = 7
Socket not ready, repolling fd = 7
Socket not ready, repolling fd = 7
Socket not ready, repolling fd = 7
Socket not ready, repolling fd = 7
Socket not ready, repolling fd = 7
Socket not ready, repolling fd = 7
Socket not ready, repolling fd = 7
Socket not ready, repolling fd = 7
Socket not ready, repolling fd = 7
Socket not ready, repolling fd = 7
Socket not ready, repolling fd = 7
Socket not ready, repolling fd = 7
Socket not ready, repolling fd = 7
Socket not ready, repolling fd = 7
Socket not ready, repolling fd = 7
Socket not ready, repolling fd = 7
Socket not ready, repolling fd = 7
Socket not ready, repolling fd = 7
Socket not ready, repolling fd = 7
Socket not ready, repolling fd = 7
Socket not ready, repolling fd = 7
Socket not ready, repolling fd = 7
Socket not ready, repolling fd = 7
Socket not ready, repolling fd = 7
Socket not ready, repolling fd = 7
Socket not ready, repolling fd = 7
Socket not ready, repolling fd = 7
Socket not ready, repolling fd = 7
Socket not ready, repolling fd = 7
Socket not ready, repolling fd = 7
Socket not ready, repolling fd = 7
Socket not ready, repolling fd = 7
Socket not ready, repolling fd = 7
Socket not ready, repolling fd = 7
Socket not ready, repolling fd = 7
Socket not ready, repolling fd = 7
Socket not ready, repolling fd = 7
Socket not ready, repolling fd = 7
Socket not ready, repolling fd = 7
Socket not ready, repolling fd = 7
Socket not ready, repolling fd = 7
Socket not ready, repolling fd = 7
Socket not ready, repolling fd = 7
Socket not ready, repolling fd = 7
Socket not ready, repolling fd = 7
Socket not ready, repolling fd = 8
Socket not ready, repolling fd = 8
Socket not ready, repolling fd = 8
Socket not ready, repolling fd = 8
Socket not ready, repolling fd = 8
Socket not ready, repolling fd = 8
Socket not ready, repolling fd = 8
Socket not ready, repolling fd = 8
Socket not ready, repolling fd = 8
Socket not ready, repolling fd = 8
Socket not ready, repolling fd = 8
Socket not ready, repolling fd = 8
Socket not ready, repolling fd = 8
Socket not ready, repolling fd = 8
Socket not ready, repolling fd = 8
Socket not ready, repolling fd = 8
Socket not ready, repolling fd = 8
Socket not ready, repolling fd = 8
Socket not ready, repolling fd = 8
Socket not ready, repolling fd = 8
Socket not ready, repolling fd = 8
Socket not ready, repolling fd = 8
Socket not ready, repolling fd = 8
Socket not ready, repolling fd = 8
Socket not ready, repolling fd = 8
Socket not ready, repolling fd = 8
Socket not ready, repolling fd = 8
Socket not ready, repolling fd = 8
Socket not ready, repolling fd = 8
Socket not ready, repolling fd = 8
Socket not ready, repolling fd = 8
Socket not ready, repolling fd = 8
Socket not ready, repolling fd = 8
Socket not ready, repolling fd = 8
Socket not ready, repolling fd = 8
Socket not ready, repolling fd = 8
Socket not ready, repolling fd = 8
Socket not ready, repolling fd = 8
Socket not ready, repolling fd = 8
Socket not ready, repolling fd = 8
Socket not ready, repolling fd = 8
Socket not ready, repolling fd = 8
Socket not ready, repolling fd = 8
Socket not ready, repolling fd = 8
Socket not ready, repolling fd = 8
Socket not ready, repolling fd = 8
Socket not ready, repolling fd = 8
Socket not ready, repolling fd = 8
Socket not ready, repolling fd = 8
Socket not ready, repolling fd = 8
Socket not ready, repolling fd = 8
Socket not ready, repolling fd = 8
Socket not ready, repolling fd = 8
Socket not ready, repolling fd = 8
Socket not ready, repolling fd = 8
Socket not ready, repolling fd = 8
Socket not ready, repolling fd = 8
Socket not ready, repolling fd = 8
Socket not ready, repolling fd = 8
Socket not ready, repolling fd = 8
Socket not ready, repolling fd = 8
Socket not ready, repolling fd = 8
Socket not ready, repolling fd = 8
Socket not ready, repolling fd = 8
Socket not ready, repolling fd = 8
Socket not ready, repolling fd = 8
Socket not ready, repolling fd = 8
Socket not ready, repolling fd = 8
Socket not ready, repolling fd = 8
Socket not ready, repolling fd = 8
Socket not ready, repolling fd = 8
Socket not ready, repolling fd = 8
Socket not ready, repolling fd = 8
Socket not ready, repolling fd = 8
Socket not ready, repolling fd = 8
Socket not ready, repolling fd = 8
Socket not ready, repolling fd = 8
Socket not ready, repolling fd = 8
Socket not ready, repolling fd = 8
Socket not ready, repolling fd = 8
Socket not ready, repolling fd = 8
Socket not ready, repolling fd = 8
Socket not ready, repolling fd = 8
Socket not ready, repolling fd = 8
Socket not ready, repolling fd = 8
Socket not ready, repolling fd = 8
Socket not ready, repolling fd = 8
Socket not ready, repolling fd = 8
Socket not ready, repolling fd = 8
Socket not ready, repolling fd = 8
Socket not ready, repolling fd = 8
Socket not ready, repolling fd = 8
Socket not ready, repolling fd = 8
Socket not ready, repolling fd = 8
Socket not ready, repolling fd = 8
Socket not ready, repolling fd = 8
Socket not ready, repolling fd = 8
Socket not ready, repolling fd = 8
Socket not ready, repolling fd = 8
Socket not ready, repolling fd = 8
Socket not ready, repolling fd = 8
Socket not ready, repolling fd = 8
Socket not ready, repolling fd = 8
Socket not ready, repolling fd = 8
Socket not ready, repolling fd = 8
Socket not ready, repolling fd = 8
Socket not ready, repolling fd = 8
Socket not ready, repolling fd = 8
Socket not ready, repolling fd = 8
Socket not ready, repolling fd = 8
Socket not ready, repolling fd = 8
Socket not ready, repolling fd = 8
Socket not ready, repolling fd = 8
Socket not ready, repolling fd = 8
Socket not ready, repolling fd = 8
Socket not ready, repolling fd = 8
Socket not ready, repolling fd = 8
Socket not ready, repolling fd = 8
Socket not ready, repolling fd = 8
Socket not ready, repolling fd = 8
Socket not ready, repolling fd = 8
Socket not ready, repolling fd = 8
Socket not ready, repolling fd = 8
Socket not ready, repolling fd = 8
Socket not ready, repolling fd = 8
Socket not ready, repolling fd = 8
Socket not ready, repolling fd = 8
Socket not ready, repolling fd = 8
Socket not ready, repolling fd = 8
Socket not ready, repolling fd = 8
Socket not ready, repolling fd = 8
Socket not ready, repolling fd = 8
Socket not ready, repolling fd = 8
Socket not ready, repolling fd = 8
Socket not ready, repolling fd = 8
Socket not ready, repolling fd = 8
Socket not ready, repolling fd = 8
Socket not ready, repolling fd = 8
Socket not ready, repolling fd = 8
Socket not ready, repolling fd = 8
Socket not ready, repolling fd = 8
Socket not ready, repolling fd = 8
Socket not ready, repolling fd = 8
Socket not ready, repolling fd = 8
Socket not ready, repolling fd = 8
Socket not ready, repolling fd = 8
Socket not ready, repolling fd = 8
Socket not ready, repolling fd = 8
Socket not ready, repolling fd = 8
Socket not ready, repolling fd = 8
Socket not ready, repolling fd = 8
Socket not ready, repolling fd = 8
Socket not ready, repolling fd = 8
Socket not ready, repolling fd = 8
Socket not ready, repolling fd = 8
Socket not ready, repolling fd = 8
Socket not ready, repolling fd = 8
Socket not ready, repolling fd = 8
Socket not ready, repolling fd = 8
Socket not ready, repolling fd = 8
Socket not ready, repolling fd = 8
Socket not ready, repolling fd = 8
Socket not ready, repolling fd = 8
Socket not ready, repolling fd = 8
Socket not ready, repolling fd = 8
Socket not ready, repolling fd = 8
Socket not ready, repolling fd = 8
Socket not ready, repolling fd = 8
Socket not ready, repolling fd = 8
Socket not ready, repolling fd = 8
Socket not ready, repolling fd = 8
Socket not ready, repolling fd = 8
Socket not ready, repolling fd = 8
Socket not ready, repolling fd = 8
Socket not ready, repolling fd = 8
Socket not ready, repolling fd = 8
Socket not ready, repolling fd = 8
Socket not ready, repolling fd = 8
Socket not ready, repolling fd = 8
Socket not ready, repolling fd = 8
Socket not ready, repolling fd = 8
Socket not ready, repolling fd = 8
Socket not ready, repolling fd = 8
Socket not ready, repolling fd = 8
Socket not ready, repolling fd = 8
Socket not ready, repolling fd = 8
Socket not ready, repolling fd = 8
Socket not ready, repolling fd = 8
Socket not ready, repolling fd = 8
Socket not ready, repolling fd = 8
Socket not ready, repolling fd = 8
Socket not ready, repolling fd = 8
Socket not ready, repolling fd = 8
Socket not ready, repolling fd = 8
Socket not ready, repolling fd = 8
Socket not ready, repolling fd = 8
Socket not ready, repolling fd = 8
Socket not ready, repolling fd = 8
Socket not ready, repolling fd = 8
Socket not ready, repolling fd = 8
Socket not ready, repolling fd = 8
Socket not ready, repolling fd = 8
Socket not ready, repolling fd = 8
Socket not ready, repolling fd = 8
Socket not ready, repolling fd = 8
Socket not ready, repolling fd = 8
Socket not ready, repolling fd = 8
Socket not ready, repolling fd = 8
Socket not ready, repolling fd = 8
Socket not ready, repolling fd = 8
Socket not ready, repolling fd = 8
Socket not ready, repolling fd = 8
Socket not ready, repolling fd = 8
Socket not ready, repolling fd = 8
Socket not ready, repolling fd = 8
Socket not ready, repolling fd = 8
Socket not ready, repolling fd = 8
Socket not ready, repolling fd = 8
Socket not ready, repolling fd = 8
Socket not ready, repolling fd = 8
Socket not ready, repolling fd = 8
Socket not ready, repolling fd = 8
Socket not ready, repolling fd = 8
Socket not ready, repolling fd = 8
Socket not ready, repolling fd = 8
Socket not ready, repolling fd = 8
Socket not ready, repolling fd = 8
Socket not ready, repolling fd = 8
Socket not ready, repolling fd = 8
Socket not ready, repolling fd = 8
Socket not ready, repolling fd = 8
Socket not ready, repolling fd = 8
Socket not ready, repolling fd = 8
Socket not ready, repolling fd = 8
Socket not ready, repolling fd = 8
Socket not ready, repolling fd = 8
Socket not ready, repolling fd = 8
Socket not ready, repolling fd = 8
Socket not ready, repolling fd = 8
Socket not ready, repolling fd = 8
Socket not ready, repolling fd = 8
Socket not ready, repolling fd = 8
Socket not ready, repolling fd = 8
Socket not ready, repolling fd = 8
Socket not ready, repolling fd = 8
Socket not ready, repolling fd = 8
Socket not ready, repolling fd = 8
Socket not ready, repolling fd = 8
Socket not ready, repolling fd = 8
Socket not ready, repolling fd = 8
Socket not ready, repolling fd = 8
Socket not ready, repolling fd = 8
Socket not ready, repolling fd = 8
Socket not ready, repolling fd = 8
Socket not ready, repolling fd = 8
Socket not ready, repolling fd = 8
Socket not ready, repolling fd = 8
Socket not ready, repolling fd = 8
Socket not ready, repolling fd = 8
Socket not ready, repolling fd = 8
Socket not ready, repolling fd = 8
Socket not ready, repolling fd = 8
Socket not ready, repolling fd = 8
Socket not ready, repolling fd = 8
Socket not ready, repolling fd = 8
Socket not ready, repolling fd = 8
Socket not ready, repolling fd = 8
Socket not ready, repolling fd = 8
Socket not ready, repolling fd = 8
Socket not ready, repolling fd = 8
Socket not ready, repolling fd = 8
Socket not ready, repolling fd = 8
Socket not ready, repolling fd = 8
Socket not ready, repolling fd = 8
Socket not ready, repolling fd = 8
Socket not ready, repolling fd = 8
Socket not ready, repolling fd = 8
Socket not ready, repolling fd = 8
Socket not ready, repolling fd = 8
Socket not ready, repolling fd = 8
Socket not ready, repolling fd = 8
Socket not ready, repolling fd = 8
Socket not ready, repolling fd = 8
Socket not ready, repolling fd = 8
Socket not ready, repolling fd = 8
Socket not ready, repolling fd = 8
Socket not ready, repolling fd = 8
Socket not ready, repolling fd = 8
Socket not ready, repolling fd = 8
Socket not ready, repolling fd = 8
Socket not ready, repolling fd = 8
Socket not ready, repolling fd = 8
Socket not ready, repolling fd = 8
Socket not ready, repolling fd = 8
Socket not ready, repolling fd = 8
Socket not ready, repolling fd = 8
Socket not ready, repolling fd = 8
Socket not ready, repolling fd = 8
Socket not ready, repolling fd = 8
Socket not ready, repolling fd = 8
Socket not ready, repolling fd = 8
Socket not ready, repolling fd = 8
Socket not ready, repolling fd = 8
Socket not ready, repolling fd = 8
Socket not ready, repolling fd = 8
Socket not ready, repolling fd = 8
Socket not ready, repolling fd = 8
Socket not ready, repolling fd = 8
Socket not ready, repolling fd = 8
Socket not ready, repolling fd = 8
Socket not ready, repolling fd = 8
Socket not ready, repolling fd = 7
Socket not ready, repolling fd = 7
Socket not ready, repolling fd = 7
Socket not ready, repolling fd = 7
Socket not ready, repolling fd = 7
Socket not ready, repolling fd = 7
Socket not ready, repolling fd = 7
Socket not ready, repolling fd = 7
Socket not ready, repolling fd = 7
Socket not ready, repolling fd = 7
Socket not ready, repolling fd = 7
Socket not ready, repolling fd = 7
Socket not ready, repolling fd = 7
Socket not ready, repolling fd = 7
Socket not ready, repolling fd = 7
Socket not ready, repolling fd = 7
Socket not ready, repolling fd = 7
Socket not ready, repolling fd = 7
Socket not ready, repolling fd = 7
Socket not ready, repolling fd = 7
Socket not ready, repolling fd = 7
Socket not ready, repolling fd = 7
Socket not ready, repolling fd = 7
Socket not ready, repolling fd = 7
Socket not ready, repolling fd = 7
Socket not ready, repolling fd = 7
Socket not ready, repolling fd = 7
Socket not ready, repolling fd = 7
Socket not ready, repolling fd = 7
Socket not ready, repolling fd = 7
Socket not ready, repolling fd = 7
Socket not ready, repolling fd = 7
Socket not ready, repolling fd = 7
Socket not ready, repolling fd = 7
Socket not ready, repolling fd = 7
Socket not ready, repolling fd = 7
Socket not ready, repolling fd = 7
Socket not ready, repolling fd = 7
Socket not ready, repolling fd = 7
Socket not ready, repolling fd = 7
Socket not ready, repolling fd = 7
Socket not ready, repolling fd = 7
Socket not ready, repolling fd = 7
Socket not ready, repolling fd = 7
Socket not ready, repolling fd = 7
Socket not ready, repolling fd = 7
Socket not ready, repolling fd = 7
Socket not ready, repolling fd = 7
Socket not ready, repolling fd = 7
Socket not ready, repolling fd = 7
Socket not ready, repolling fd = 7
Socket not ready, repolling fd = 7
Socket not ready, repolling fd = 7
Socket not ready, repolling fd = 7
Socket not ready, repolling fd = 7
Socket not ready, repolling fd = 7
Socket not ready, repolling fd = 7
Socket not ready, repolling fd = 7
Socket not ready, repolling fd = 7
Socket not ready, repolling fd = 7
Socket not ready, repolling fd = 7
Socket not ready, repolling fd = 7
Socket not ready, repolling fd = 7
Socket not ready, repolling fd = 7
Socket not ready, repolling fd = 7
Socket not ready, repolling fd = 7
Socket not ready, repolling fd = 7
Socket not ready, repolling fd = 7
Socket not ready, repolling fd = 7
Socket not ready, repolling fd = 7
Socket not ready, repolling fd = 7
Socket not ready, repolling fd = 7
Socket not ready, repolling fd = 7
Socket not ready, repolling fd = 7
Socket not ready, repolling fd = 7
Socket not ready, repolling fd = 7
Socket not ready, repolling fd = 7
Socket not ready, repolling fd = 7
Socket not ready, repolling fd = 7
Socket not ready, repolling fd = 7
Socket not ready, repolling fd = 7
Socket not ready, repolling fd = 7
Socket not ready, repolling fd = 7
Socket not ready, repolling fd = 7
Socket not ready, repolling fd = 7
Socket not ready, repolling fd = 7
Socket not ready, repolling fd = 7
Socket not ready, repolling fd = 7
Socket not ready, repolling fd = 7
Socket not ready, repolling fd = 7
Socket not ready, repolling fd = 7
Socket not ready, repolling fd = 7
Socket not ready, repolling fd = 7
Socket not ready, repolling fd = 7
Socket not ready, repolling fd = 7
Socket not ready, repolling fd = 7
Socket not ready, repolling fd = 7
Socket not ready, repolling fd = 7
Socket not ready, repolling fd = 7
Socket not ready, repolling fd = 7
Socket not ready, repolling fd = 7
Socket not ready, repolling fd = 7
Socket not ready, repolling fd = 7
Socket not ready, repolling fd = 7
Socket not ready, repolling fd = 7
Socket not ready, repolling fd = 7
Socket not ready, repolling fd = 7
Socket not ready, repolling fd = 7
Socket not ready, repolling fd = 7
Socket not ready, repolling fd = 7
Socket not ready, repolling fd = 7
Socket not ready, repolling fd = 7
Socket not ready, repolling fd = 7
Socket not ready, repolling fd = 7
Socket not ready, repolling fd = 7
Socket not ready, repolling fd = 7
Socket not ready, repolling fd = 7
Socket not ready, repolling fd = 7
Socket not ready, repolling fd = 7
Socket not ready, repolling fd = 7
Socket not ready, repolling fd = 7
Socket not ready, repolling fd = 7
Socket not ready, repolling fd = 7
Socket not ready, repolling fd = 7
Socket not ready, repolling fd = 7
Socket not ready, repolling fd = 7
Socket not ready, repolling fd = 7
Socket not ready, repolling fd = 7
Socket not ready, repolling fd = 7
Socket not ready, repolling fd = 7
Socket not ready, repolling fd = 7
Socket not ready, repolling fd = 7
Socket not ready, repolling fd = 7
Socket not ready, repolling fd = 7
Socket not ready, repolling fd = 7
Socket not ready, repolling fd = 7
Socket not ready, repolling fd = 7
Socket not ready, repolling fd = 7
Socket not ready, repolling fd = 7
Socket not ready, repolling fd = 7
Socket not ready, repolling fd = 7
Socket not ready, repolling fd = 7
Socket not ready, repolling fd = 7
Socket not ready, repolling fd = 7
Socket not ready, repolling fd = 7
Socket not ready, repolling fd = 7
Socket not ready, repolling fd = 7
Socket not ready, repolling fd = 7
Socket not ready, repolling fd = 7
Socket not ready, repolling fd = 7
Socket not ready, repolling fd = 7
Socket not ready, repolling fd = 7
Socket not ready, repolling fd = 7
Socket not ready, repolling fd = 7
Socket not ready, repolling fd = 7
Socket not ready, repolling fd = 7
Socket not ready, repolling fd = 7
Socket not ready, repolling fd = 7
Socket not ready, repolling fd = 7
Socket not ready, repolling fd = 7
Socket not ready, repolling fd = 7
Socket not ready, repolling fd = 7
Socket not ready, repolling fd = 7
Socket not ready, repolling fd = 7
Socket not ready, repolling fd = 7
Socket not ready, repolling fd = 7
Socket not ready, repolling fd = 7
Socket not ready, repolling fd = 7
Socket not ready, repolling fd = 7
Socket not ready, repolling fd = 7
Socket not ready, repolling fd = 7
Socket not ready, repolling fd = 7
Socket not ready, repolling fd = 7
Socket not ready, repolling fd = 7
Socket not ready, repolling fd = 7
Socket not ready, repolling fd = 7
Socket not ready, repolling fd = 7
Socket not ready, repolling fd = 7
Socket not ready, repolling fd = 7
Socket not ready, repolling fd = 7
Socket not ready, repolling fd = 7
Socket not ready, repolling fd = 7
Socket not ready, repolling fd = 7
Socket not ready, repolling fd = 7
Socket not ready, repolling fd = 7
Socket not ready, repolling fd = 7
Socket not ready, repolling fd = 7
Socket not ready, repolling fd = 7
Socket not ready, repolling fd = 7
Socket not ready, repolling fd = 7
Socket not ready, repolling fd = 7
Socket not ready, repolling fd = 7
Socket not ready, repolling fd = 7
Socket not ready, repolling fd = 7
Socket not ready, repolling fd = 7
Socket not ready, repolling fd = 7
Socket not ready, repolling fd = 7
Socket not ready, repolling fd = 7
Socket not ready, repolling fd = 7
Socket not ready, repolling fd = 7
Socket not ready, repolling fd = 7
Socket not ready, repolling fd = 7
Socket not ready, repolling fd = 7
Socket not ready, repolling fd = 7
Socket not ready, repolling fd = 7
Socket not ready, repolling fd = 7
Socket not ready, repolling fd = 7
Socket not ready, repolling fd = 7
Socket not ready, repolling fd = 7
Socket not ready, repolling fd = 7
Socket not ready, repolling fd = 7
Socket not ready, repolling fd = 7
Socket not ready, repolling fd = 7
Socket not ready, repolling fd = 7
Socket not ready, repolling fd = 7
Socket not ready, repolling fd = 7
Socket not ready, repolling fd = 7
Socket not ready, repolling fd = 7
Socket not ready, repolling fd = 7
Socket not ready, repolling fd = 7
Socket not ready, repolling fd = 7
Socket not ready, repolling fd = 7
Socket not ready, repolling fd = 7
Socket not ready, repolling fd = 7
Socket not ready, repolling fd = 7
Socket not ready, repolling fd = 7
Socket not ready, repolling fd = 7
Socket not ready, repolling fd = 7
Socket not ready, repolling fd = 7
Socket not ready, repolling fd = 7
Socket not ready, repolling fd = 7
Socket not ready, repolling fd = 7
Socket not ready, repolling fd = 7
Socket not ready, repolling fd = 7
Socket not ready, repolling fd = 7
Socket not ready, repolling fd = 7
Socket not ready, repolling fd = 7
Socket not ready, repolling fd = 7
Socket not ready, repolling fd = 7
Socket not ready, repolling fd = 7
Socket not ready, repolling fd = 7
Socket not ready, repolling fd = 7
Socket not ready, repolling fd = 7
Socket not ready, repolling fd = 7
Socket not ready, repolling fd = 7
Socket not ready, repolling fd = 7
Socket not ready, repolling fd = 7
Socket not ready, repolling fd = 7
Socket not ready, repolling fd = 7
Socket not ready, repolling fd = 7
Socket not ready, repolling fd = 7
Socket not ready, repolling fd = 7
Socket not ready, repolling fd = 7
Socket not ready, repolling fd = 7
Socket not ready, repolling fd = 7
Socket not ready, repolling fd = 7
Socket not ready, repolling fd = 7
Socket not ready, repolling fd = 7
Socket not ready, repolling fd = 7
Socket not ready, repolling fd = 7
Socket not ready, repolling fd = 7
Socket not ready, repolling fd = 7
Socket not ready, repolling fd = 7
Socket not ready, repolling fd = 7
Socket not ready, repolling fd = 7
Socket not ready, repolling fd = 7
Socket not ready, repolling fd = 7
Socket not ready, repolling fd = 7
Socket not ready, repolling fd = 7
Socket not ready, repolling fd = 7
Socket not ready, repolling fd = 7
Socket not ready, repolling fd = 7
Socket not ready, repolling fd = 7
Socket not ready, repolling fd = 7
Socket not ready, repolling fd = 7
Socket not ready, repolling fd = 7
Socket not ready, repolling fd = 7
Socket not ready, repolling fd = 7
Socket not ready, repolling fd = 7
Socket not ready, repolling fd = 7
Socket not ready, repolling fd = 7
Socket not ready, repolling fd = 7
Socket not ready, repolling fd = 7
Socket not ready, repolling fd = 7
Socket not ready, repolling fd = 7
Socket not ready, repolling fd = 7
Socket not ready, repolling fd = 7
Socket not ready, repolling fd = 7
Socket not ready, repolling fd = 7
Socket not ready, repolling fd = 7
Socket not ready, repolling fd = 7
Socket not ready, repolling fd = 7
Socket not ready, repolling fd = 7
Socket not ready, repolling fd = 7
Socket not ready, repolling fd = 7
Socket not ready, repolling fd = 7
Socket not ready, repolling fd = 7
Socket not ready, repolling fd = 7
Socket not ready, repolling fd = 7
Socket not ready, repolling fd = 7
Socket not ready, repolling fd = 7
Socket not ready, repolling fd = 7
Socket not ready, repolling fd = 7
Socket not ready, repolling fd = 7
Socket not ready, repolling fd = 7
Socket not ready, repolling fd = 7
Socket not ready, repolling fd = 7
Socket not ready, repolling fd = 7
Socket not ready, repolling fd = 7
Socket not ready, repolling fd = 7
Socket not ready, repolling fd = 7
Socket not ready, repolling fd = 7
Socket not ready, repolling fd = 7
Socket not ready, repolling fd = 7
Socket not ready, repolling fd = 7
Socket not ready, repolling fd = 7
Socket not ready, repolling fd = 7
Socket not ready, repolling fd = 7
Socket not ready, repolling fd = 7
Socket not ready, repolling fd = 7
Socket not ready, repolling fd = 7
Socket not ready, repolling fd = 7
Socket not ready, repolling fd = 7
Socket not ready, repolling fd = 7
Socket not ready, repolling fd = 7
Socket not ready, repolling fd = 7
Socket not ready, repolling fd = 7
Socket not ready, repolling fd = 7
Socket not ready, repolling fd = 7
Socket not ready, repolling fd = 7
Socket not ready, repolling fd = 7
Socket not ready, repolling fd = 7
Socket not ready, repolling fd = 7
Socket not ready, repolling fd = 7
Socket not ready, repolling fd = 7
Socket not ready, repolling fd = 7
Socket not ready, repolling fd = 7
Socket not ready, repolling fd = 7
Socket not ready, repolling fd = 7
Socket not ready, repolling fd = 7
Socket not ready, repolling fd = 7
Socket not ready, repolling fd = 8
Socket not ready, repolling fd = 8
Socket not ready, repolling fd = 8
Socket not ready, repolling fd = 8
Socket not ready, repolling fd = 8
Socket not ready, repolling fd = 8
Socket not ready, repolling fd = 8
Socket not ready, repolling fd = 8
Socket not ready, repolling fd = 8
Socket not ready, repolling fd = 8
Socket not ready, repolling fd = 8
Socket not ready, repolling fd = 8
Socket not ready, repolling fd = 8
Socket not ready, repolling fd = 8
Socket not ready, repolling fd = 8
Socket not ready, repolling fd = 8
Socket not ready, repolling fd = 8
Socket not ready, repolling fd = 8
Socket not ready, repolling fd = 8
Socket not ready, repolling fd = 8
Socket not ready, repolling fd = 8
Socket not ready, repolling fd = 8
Socket not ready, repolling fd = 8
Socket not ready, repolling fd = 8
Socket not ready, repolling fd = 8
Socket not ready, repolling fd = 8
Socket not ready, repolling fd = 8
Socket not ready, repolling fd = 8
Socket not ready, repolling fd = 8
Socket not ready, repolling fd = 8
Socket not ready, repolling fd = 8
Socket not ready, repolling fd = 8
Socket not ready, repolling fd = 8
Socket not ready, repolling fd = 8
Socket not ready, repolling fd = 8
Socket not ready, repolling fd = 8
Socket not ready, repolling fd = 8
Socket not ready, repolling fd = 8
Socket not ready, repolling fd = 8
Socket not ready, repolling fd = 8
Socket not ready, repolling fd = 8
Socket not ready, repolling fd = 8
Socket not ready, repolling fd = 8
Socket not ready, repolling fd = 8
Socket not ready, repolling fd = 8
Socket not ready, repolling fd = 8
Socket not ready, repolling fd = 8
Socket not ready, repolling fd = 8
Socket not ready, repolling fd = 8
Socket not ready, repolling fd = 8
Socket not ready, repolling fd = 8
Socket not ready, repolling fd = 8
Socket not ready, repolling fd = 8
Socket not ready, repolling fd = 8
Socket not ready, repolling fd = 8
Socket not ready, repolling fd = 8
Socket not ready, repolling fd = 8
Socket not ready, repolling fd = 8
Socket not ready, repolling fd = 8
Socket not ready, repolling fd = 8
Socket not ready, repolling fd = 8
Socket not ready, repolling fd = 8
Socket not ready, repolling fd = 8
Socket not ready, repolling fd = 8
Socket not ready, repolling fd = 8
Socket not ready, repolling fd = 8
Socket not ready, repolling fd = 8
Socket not ready, repolling fd = 8
Socket not ready, repolling fd = 8
Socket not ready, repolling fd = 8
Socket not ready, repolling fd = 8
Socket not ready, repolling fd = 8
Socket not ready, repolling fd = 8
Socket not ready, repolling fd = 8
Socket not ready, repolling fd = 8
Socket not ready, repolling fd = 8
Socket not ready, repolling fd = 8
Socket not ready, repolling fd = 8
Socket not ready, repolling fd = 8
Socket not ready, repolling fd = 8
Socket not ready, repolling fd = 8
Socket not ready, repolling fd = 8
Socket not ready, repolling fd = 8
Socket not ready, repolling fd = 8
Socket not ready, repolling fd = 8
Socket not ready, repolling fd = 8
Socket not ready, repolling fd = 8
Socket not ready, repolling fd = 8
Socket not ready, repolling fd = 8
Socket not ready, repolling fd = 8
Socket not ready, repolling fd = 8
Socket not ready, repolling fd = 8
Socket not ready, repolling fd = 8
Socket not ready, repolling fd = 8
Socket not ready, repolling fd = 8
Socket not ready, repolling fd = 8
Socket not ready, repolling fd = 8
Socket not ready, repolling fd = 8
Socket not ready, repolling fd = 8
Socket not ready, repolling fd = 8
Socket not ready, repolling fd = 8
Socket not ready, repolling fd = 8
Socket not ready, repolling fd = 8
Socket not ready, repolling fd = 8
Socket not ready, repolling fd = 8
Socket not ready, repolling fd = 8
Socket not ready, repolling fd = 8
Socket not ready, repolling fd = 8
Socket not ready, repolling fd = 8
Socket not ready, repolling fd = 8
Socket not ready, repolling fd = 8
Socket not ready, repolling fd = 8
Socket not ready, repolling fd = 8
Socket not ready, repolling fd = 8
Socket not ready, repolling fd = 8
Socket not ready, repolling fd = 8
Socket not ready, repolling fd = 8
Socket not ready, repolling fd = 8
Socket not ready, repolling fd = 8
Socket not ready, repolling fd = 8
Socket not ready, repolling fd = 8
Socket not ready, repolling fd = 8
Socket not ready, repolling fd = 8
Socket not ready, repolling fd = 8
Socket not ready, repolling fd = 8
Socket not ready, repolling fd = 8
Socket not ready, repolling fd = 8
Socket not ready, repolling fd = 8
Socket not ready, repolling fd = 8
Socket not ready, repolling fd = 8
Socket not ready, repolling fd = 8
Socket not ready, repolling fd = 8
Socket not ready, repolling fd = 8
Socket not ready, repolling fd = 8
Socket not ready, repolling fd = 8
Socket not ready, repolling fd = 8
Socket not ready, repolling fd = 8
Socket not ready, repolling fd = 8
Socket not ready, repolling fd = 8
Socket not ready, repolling fd = 8
Socket not ready, repolling fd = 8
Socket not ready, repolling fd = 8
Socket not ready, repolling fd = 8
Socket not ready, repolling fd = 8
Socket not ready, repolling fd = 8
Socket not ready, repolling fd = 8
Socket not ready, repolling fd = 8
Socket not ready, repolling fd = 8
Socket not ready, repolling fd = 8
Socket not ready, repolling fd = 8
Socket not ready, repolling fd = 8
Socket not ready, repolling fd = 8
Socket not ready, repolling fd = 8
Socket not ready, repolling fd = 8
Socket not ready, repolling fd = 8
Socket not ready, repolling fd = 8
Socket not ready, repolling fd = 8
Socket not ready, repolling fd = 8
Socket not ready, repolling fd = 8
Socket not ready, repolling fd = 8
Socket not ready, repolling fd = 8
Socket not ready, repolling fd = 8
Socket not ready, repolling fd = 8
Socket not ready, repolling fd = 8
Socket not ready, repolling fd = 8
Socket not ready, repolling fd = 8
Socket not ready, repolling fd = 8
Socket not ready, repolling fd = 8
Socket not ready, repolling fd = 8
Socket not ready, repolling fd = 8
Socket not ready, repolling fd = 8
Socket not ready, repolling fd = 8
Socket not ready, repolling fd = 8
Socket not ready, repolling fd = 8
Socket not ready, repolling fd = 8
Socket not ready, repolling fd = 8
Socket not ready, repolling fd = 8
Socket not ready, repolling fd = 8
Socket not ready, repolling fd = 8
Socket not ready, repolling fd = 8
Socket not ready, repolling fd = 8
Socket not ready, repolling fd = 8
Socket not ready, repolling fd = 8
Socket not ready, repolling fd = 8
Socket not ready, repolling fd = 8
Socket not ready, repolling fd = 8
Socket not ready, repolling fd = 8
Socket not ready, repolling fd = 8
Socket not ready, repolling fd = 8
Socket not ready, repolling fd = 8
Socket not ready, repolling fd = 8
Socket not ready, repolling fd = 8
Socket not ready, repolling fd = 8
Socket not ready, repolling fd = 8
Socket not ready, repolling fd = 8
Socket not ready, repolling fd = 8
Socket not ready, repolling fd = 8
Socket not ready, repolling fd = 8
Socket not ready, repolling fd = 8
Socket not ready, repolling fd = 8
Socket not ready, repolling fd = 8
Socket not ready, repolling fd = 8
Socket not ready, repolling fd = 8
Socket not ready, repolling fd = 8
Socket not ready, repolling fd = 8
Socket not ready, repolling fd = 8
Socket not ready, repolling fd = 8
Socket not ready, repolling fd = 8
Socket not ready, repolling fd = 8
Socket not ready, repolling fd = 8
Socket not ready, repolling fd = 8
Socket not ready, repolling fd = 8
Socket not ready, repolling fd = 8
Socket not ready, repolling fd = 8
Socket not ready, repolling fd = 8
Socket not ready, repolling fd = 8
Socket not ready, repolling fd = 8
Socket not ready, repolling fd = 8
Socket not ready, repolling fd = 8
Socket not ready, repolling fd = 8
Socket not ready, repolling fd = 8
Socket not ready, repolling fd = 8
Socket not ready, repolling fd = 8
Socket not ready, repolling fd = 8
Socket not ready, repolling fd = 8
Socket not ready, repolling fd = 8
Socket not ready, repolling fd = 8
Socket not ready, repolling fd = 8
Socket not ready, repolling fd = 8
Socket not ready, repolling fd = 8
Socket not ready, repolling fd = 8
Socket not ready, repolling fd = 8
Socket not ready, repolling fd = 8
Socket not ready, repolling fd = 8
Socket not ready, repolling fd = 8
Socket not ready, repolling fd = 8
Socket not ready, repolling fd = 8
Socket not ready, repolling fd = 8
Socket not ready, repolling fd = 8
Socket not ready, repolling fd = 8
Socket not ready, repolling fd = 8
Socket not ready, repolling fd = 8
Socket not ready, repolling fd = 8
Socket not ready, repolling fd = 8
Socket not ready, repolling fd = 8
Socket not ready, repolling fd = 8
Socket not ready, repolling fd = 8
Socket not ready, repolling fd = 8
Socket not ready, repolling fd = 8
Socket not ready, repolling fd = 8
Socket not ready, repolling fd = 8
Socket not ready, repolling fd = 8
Socket not ready, repolling fd = 8
Socket not ready, repolling fd = 8
Socket not ready, repolling fd = 8
Socket not ready, repolling fd = 8
Socket not ready, repolling fd = 8
Socket not ready, repolling fd = 8
Socket not ready, repolling fd = 8
Socket not ready, repolling fd = 8
Socket not ready, repolling fd = 8
Socket not ready, repolling fd = 8
Socket not ready, repolling fd = 8
Socket not ready, repolling fd = 8
Socket not ready, repolling fd = 8
Socket not ready, repolling fd = 8
Socket not ready, repolling fd = 8
Socket not ready, repolling fd = 8
Socket not ready, repolling fd = 8
Socket not ready, repolling fd = 8
Socket not ready, repolling fd = 8
Socket not ready, repolling fd = 8
Socket not ready, repolling fd = 8
Socket not ready, repolling fd = 8
Socket not ready, repolling fd = 8
Socket not ready, repolling fd = 8
Socket not ready, repolling fd = 8
Socket not ready, repolling fd = 8
Socket not ready, repolling fd = 8
Socket not ready, repolling fd = 8
Socket not ready, repolling fd = 8
Socket not ready, repolling fd = 8
Socket not ready, repolling fd = 8
Socket not ready, repolling fd = 8
Socket not ready, repolling fd = 8
Socket not ready, repolling fd = 8
Socket not ready, repolling fd = 8
Socket not ready, repolling fd = 8
Socket not ready, repolling fd = 8
Socket not ready, repolling fd = 8
Socket not ready, repolling fd = 8
Socket not ready, repolling fd = 8
Socket not ready, repolling fd = 8
Socket not ready, repolling fd = 8
Socket not ready, repolling fd = 8
Socket not ready, repolling fd = 8
Socket not ready, repolling fd = 8
Socket not ready, repolling fd = 8
Socket not ready, repolling fd = 8
Socket not ready, repolling fd = 8
Socket not ready, repolling fd = 8
Socket not ready, repolling fd = 8
Socket not ready, repolling fd = 8
Socket not ready, repolling fd = 8
Socket not ready, repolling fd = 8
Socket not ready, repolling fd = 8
Socket not ready, repolling fd = 8
Socket not ready, repolling fd = 8
Socket not ready, repolling fd = 8
Socket not ready, repolling fd = 8
Socket not ready, repolling fd = 8
Socket not ready, repolling fd = 8
Socket not ready, repolling fd = 8
Socket not ready, repolling fd = 8
Socket not ready, repolling fd = 8
Socket not ready, repolling fd = 8
Socket not ready, repolling fd = 8
Socket not ready, repolling fd = 8
Socket not ready, repolling fd = 8
Socket not ready, repolling fd = 8
Socket not ready, repolling fd = 8
Socket not ready, repolling fd = 8
Socket not ready, repolling fd = 8
Socket not ready, repolling fd = 8
Socket not ready, repolling fd = 8
Socket not ready, repolling fd = 8
Socket not ready, repolling fd = 8
Socket not ready, repolling fd = 8
Socket not ready, repolling fd = 8
Socket not ready, repolling fd = 8
Socket not ready, repolling fd = 8
Socket not ready, repolling fd = 8
Socket not ready, repolling fd = 8
Socket not ready, repolling fd = 8
Socket not ready, repolling fd = 8
Socket not ready, repolling fd = 8
Socket not ready, repolling fd = 8
Socket not ready, repolling fd = 8
Socket not ready, repolling fd = 8
Socket not ready, repolling fd = 8
Socket not ready, repolling fd = 8
Socket not ready, repolling fd = 8
Socket not ready, repolling fd = 8
Socket not ready, repolling fd = 8
Socket not ready, repolling fd = 8
Socket not ready, repolling fd = 8
Socket not ready, repolling fd = 8
Socket not ready, repolling fd = 8
Socket not ready, repolling fd = 8
Socket not ready, repolling fd = 8
Socket not ready, repolling fd = 8
Socket not ready, repolling fd = 8
Socket not ready, repolling fd = 8
Socket not ready, repolling fd = 8
Socket not ready, repolling fd = 8
Socket not ready, repolling fd = 8
Socket not ready, repolling fd = 8
Socket not ready, repolling fd = 8
Socket not ready, repolling fd = 8
Socket not ready, repolling fd = 8
Socket not ready, repolling fd = 8
Socket not ready, repolling fd = 8
Socket not ready, repolling fd = 8
Socket not ready, repolling fd = 8
Socket not ready, repolling fd = 8
Socket not ready, repolling fd = 8
Socket not ready, repolling fd = 8
Socket not ready, repolling fd = 8
Socket not ready, repolling fd = 8
Socket not ready, repolling fd = 8
Socket not ready, repolling fd = 8
Socket not ready, repolling fd = 8
Socket not ready, repolling fd = 8
Socket not ready, repolling fd = 8
Socket not ready, repolling fd = 8
Socket not ready, repolling fd = 8
Socket not ready, repolling fd = 8
Socket not ready, repolling fd = 8
Socket not ready, repolling fd = 8
Socket not ready, repolling fd = 8
Socket not ready, repolling fd = 8
Socket not ready, repolling fd = 8
Socket not ready, repolling fd = 8
Socket not ready, repolling fd = 8
Socket not ready, repolling fd = 8
Socket not ready, repolling fd = 8
Socket not ready, repolling fd = 8
Socket not ready, repolling fd = 8
Socket not ready, repolling fd = 8
Socket not ready, repolling fd = 8
Socket not ready, repolling fd = 8
Socket not ready, repolling fd = 8
Socket not ready, repolling fd = 8
Socket not ready, repolling fd = 8
Socket not ready, repolling fd = 8
Socket not ready, repolling fd = 8
Socket not ready, repolling fd = 8
Socket not ready, repolling fd = 8
Socket not ready, repolling fd = 8
Socket not ready, repolling fd = 8
Socket not ready, repolling fd = 8
Socket not ready, repolling fd = 8
Socket not ready, repolling fd = 8
Socket not ready, repolling fd = 8
Socket not ready, repolling fd = 8
Socket not ready, repolling fd = 8
Socket not ready, repolling fd = 8
Socket not ready, repolling fd = 8
Socket not ready, repolling fd = 8
Socket not ready, repolling fd = 8
Socket not ready, repolling fd = 8
Socket not ready, repolling fd = 8
Socket not ready, repolling fd = 8
Socket not ready, repolling fd = 8
Socket not ready, repolling fd = 8
Socket not ready, repolling fd = 8
Socket not ready, repolling fd = 8
Socket not ready, repolling fd = 8
Socket not ready, repolling fd = 8
Socket not ready, repolling fd = 8
Socket not ready, repolling fd = 8
Socket not ready, repolling fd = 8
Socket not ready, repolling fd = 8
Socket not ready, repolling fd = 8
Socket not ready, repolling fd = 8
Socket not ready, repolling fd = 8
Socket not ready, repolling fd = 8
Socket not ready, repolling fd = 8
Socket not ready, repolling fd = 8
Socket not ready, repolling fd = 8
Socket not ready, repolling fd = 8
Socket not ready, repolling fd = 8
Socket not ready, repolling fd = 8
Socket not ready, repolling fd = 8
Socket not ready, repolling fd = 8
Socket not ready, repolling fd = 8
Socket not ready, repolling fd = 8
Socket not ready, repolling fd = 8
Socket not ready, repolling fd = 8
Socket not ready, repolling fd = 8
Socket not ready, repolling fd = 8
Socket not ready, repolling fd = 8
Socket not ready, repolling fd = 7
Socket not ready, repolling fd = 7
Socket not ready, repolling fd = 7
Socket not ready, repolling fd = 7
Socket not ready, repolling fd = 7
Socket not ready, repolling fd = 7
Socket not ready, repolling fd = 7
Socket not ready, repolling fd = 7
Socket not ready, repolling fd = 7
Socket not ready, repolling fd = 7
Socket not ready, repolling fd = 7
Socket not ready, repolling fd = 7
Socket not ready, repolling fd = 7
Socket not ready, repolling fd = 7
Socket not ready, repolling fd = 7
Socket not ready, repolling fd = 7
Socket not ready, repolling fd = 7
Socket not ready, repolling fd = 7
Socket not ready, repolling fd = 7
Socket not ready, repolling fd = 7
Socket not ready, repolling fd = 7
Socket not ready, repolling fd = 7
Socket not ready, repolling fd = 7
Socket not ready, repolling fd = 7
Socket not ready, repolling fd = 7
Socket not ready, repolling fd = 7
Socket not ready, repolling fd = 7
Socket not ready, repolling fd = 7
Socket not ready, repolling fd = 7
Socket not ready, repolling fd = 7
Socket not ready, repolling fd = 7
Socket not ready, repolling fd = 7
Socket not ready, repolling fd = 7
Socket not ready, repolling fd = 7
Socket not ready, repolling fd = 7
Socket not ready, repolling fd = 7
Socket not ready, repolling fd = 7
Socket not ready, repolling fd = 7
Socket not ready, repolling fd = 7
Socket not ready, repolling fd = 7
Socket not ready, repolling fd = 7
Socket not ready, repolling fd = 7
Socket not ready, repolling fd = 7
Socket not ready, repolling fd = 7
Socket not ready, repolling fd = 7
Socket not ready, repolling fd = 7
Socket not ready, repolling fd = 7
Socket not ready, repolling fd = 7
Socket not ready, repolling fd = 7
Socket not ready, repolling fd = 7
Socket not ready, repolling fd = 7
Socket not ready, repolling fd = 7
Socket not ready, repolling fd = 7
Socket not ready, repolling fd = 7
Socket not ready, repolling fd = 7
Socket not ready, repolling fd = 7
Socket not ready, repolling fd = 7
Socket not ready, repolling fd = 7
Socket not ready, repolling fd = 7
Socket not ready, repolling fd = 7
Socket not ready, repolling fd = 7
Socket not ready, repolling fd = 7
Socket not ready, repolling fd = 7
Socket not ready, repolling fd = 7
Socket not ready, repolling fd = 7
Socket not ready, repolling fd = 7
Socket not ready, repolling fd = 7
Socket not ready, repolling fd = 7
Socket not ready, repolling fd = 7
Socket not ready, repolling fd = 7
Socket not ready, repolling fd = 7
Socket not ready, repolling fd = 7
Socket not ready, repolling fd = 7
Socket not ready, repolling fd = 7
Socket not ready, repolling fd = 7
Socket not ready, repolling fd = 7
Socket not ready, repolling fd = 7
Socket not ready, repolling fd = 7
Socket not ready, repolling fd = 7
Socket not ready, repolling fd = 7
Socket not ready, repolling fd = 7
Socket not ready, repolling fd = 7
Socket not ready, repolling fd = 7
Socket not ready, repolling fd = 7
Socket not ready, repolling fd = 7
Socket not ready, repolling fd = 7
Socket not ready, repolling fd = 7
Socket not ready, repolling fd = 7
Socket not ready, repolling fd = 7
Socket not ready, repolling fd = 7
Socket not ready, repolling fd = 7
Socket not ready, repolling fd = 7
Socket not ready, repolling fd = 7
Socket not ready, repolling fd = 7
Socket not ready, repolling fd = 7
Socket not ready, repolling fd = 7
Socket not ready, repolling fd = 7
Socket not ready, repolling fd = 7
Socket not ready, repolling fd = 7
Socket not ready, repolling fd = 7
Socket not ready, repolling fd = 7
Socket not ready, repolling fd = 7
Socket not ready, repolling fd = 7
Socket not ready, repolling fd = 7
Socket not ready, repolling fd = 7
Socket not ready, repolling fd = 7
Socket not ready, repolling fd = 7
Socket not ready, repolling fd = 7
Socket not ready, repolling fd = 7
Socket not ready, repolling fd = 7
Socket not ready, repolling fd = 7
Socket not ready, repolling fd = 7
Socket not ready, repolling fd = 7
Socket not ready, repolling fd = 7
Socket not ready, repolling fd = 7
Socket not ready, repolling fd = 7
Socket not ready, repolling fd = 7
Socket not ready, repolling fd = 7
Socket not ready, repolling fd = 7
Socket not ready, repolling fd = 7
Socket not ready, repolling fd = 7
Socket not ready, repolling fd = 7
Socket not ready, repolling fd = 7
Socket not ready, repolling fd = 7
Socket not ready, repolling fd = 7
Socket not ready, repolling fd = 7
Socket not ready, repolling fd = 7
Socket not ready, repolling fd = 7
Socket not ready, repolling fd = 7
Socket not ready, repolling fd = 7
Socket not ready, repolling fd = 7
Socket not ready, repolling fd = 7
Socket not ready, repolling fd = 7
Socket not ready, repolling fd = 7
Socket not ready, repolling fd = 7
Socket not ready, repolling fd = 7
Socket not ready, repolling fd = 7
Socket not ready, repolling fd = 7
Socket not ready, repolling fd = 7
Socket not ready, repolling fd = 7
Socket not ready, repolling fd = 7
Socket not ready, repolling fd = 7
Socket not ready, repolling fd = 7
Socket not ready, repolling fd = 7
Socket not ready, repolling fd = 7
Socket not ready, repolling fd = 7
Socket not ready, repolling fd = 7
Socket not ready, repolling fd = 7
Socket not ready, repolling fd = 7
Socket not ready, repolling fd = 7
Socket not ready, repolling fd = 7
Socket not ready, repolling fd = 7
Socket not ready, repolling fd = 7
Socket not ready, repolling fd = 7
Socket not ready, repolling fd = 7
Socket not ready, repolling fd = 7
Socket not ready, repolling fd = 7
Socket not ready, repolling fd = 7
Socket not ready, repolling fd = 7
Socket not ready, repolling fd = 7
Socket not ready, repolling fd = 7
Socket not ready, repolling fd = 7
Socket not ready, repolling fd = 7
Socket not ready, repolling fd = 7
Socket not ready, repolling fd = 7
Socket not ready, repolling fd = 7
Socket not ready, repolling fd = 7
Socket not ready, repolling fd = 7
Socket not ready, repolling fd = 7
Socket not ready, repolling fd = 7
Socket not ready, repolling fd = 7
Socket not ready, repolling fd = 7
Socket not ready, repolling fd = 7
Socket not ready, repolling fd = 7
Socket not ready, repolling fd = 7
Socket not ready, repolling fd = 7
Socket not ready, repolling fd = 7
Socket not ready, repolling fd = 7
Socket not ready, repolling fd = 7
Socket not ready, repolling fd = 7
Socket not ready, repolling fd = 7
Socket not ready, repolling fd = 7
Socket not ready, repolling fd = 7
Socket not ready, repolling fd = 7
Socket not ready, repolling fd = 7
Socket not ready, repolling fd = 7
Socket not ready, repolling fd = 7
Socket not ready, repolling fd = 7
Socket not ready, repolling fd = 7
Socket not ready, repolling fd = 7
Socket not ready, repolling fd = 7
Socket not ready, repolling fd = 7
Socket not ready, repolling fd = 7
Socket not ready, repolling fd = 7
Socket not ready, repolling fd = 7
Socket not ready, repolling fd = 7
Socket not ready, repolling fd = 7
Socket not ready, repolling fd = 7
Socket not ready, repolling fd = 7
Socket not ready, repolling fd = 7
Socket not ready, repolling fd = 7
Socket not ready, repolling fd = 7
Socket not ready, repolling fd = 7
Socket not ready, repolling fd = 7
Socket not ready, repolling fd = 7
Socket not ready, repolling fd = 7
Socket not ready, repolling fd = 7
Socket not ready, repolling fd = 7
Socket not ready, repolling fd = 7
Socket not ready, repolling fd = 7
Socket not ready, repolling fd = 7
Socket not ready, repolling fd = 7
Socket not ready, repolling fd = 7
Socket not ready, repolling fd = 7
Socket not ready, repolling fd = 7
Socket not ready, repolling fd = 7
Socket not ready, repolling fd = 7
Socket not ready, repolling fd = 7
Socket not ready, repolling fd = 7
Socket not ready, repolling fd = 7
Socket not ready, repolling fd = 7
Socket not ready, repolling fd = 7
Socket not ready, repolling fd = 7
Socket not ready, repolling fd = 7
Socket not ready, repolling fd = 7
Socket not ready, repolling fd = 7
Socket not ready, repolling fd = 7
Socket not ready, repolling fd = 7
Socket not ready, repolling fd = 7
Socket not ready, repolling fd = 7
Socket not ready, repolling fd = 7
Socket not ready, repolling fd = 7
Socket not ready, repolling fd = 7
Socket not ready, repolling fd = 7
Socket not ready, repolling fd = 7
Socket not ready, repolling fd = 7
Socket not ready, repolling fd = 7
Socket not ready, repolling fd = 7
Socket not ready, repolling fd = 7
Socket not ready, repolling fd = 7
Socket not ready, repolling fd = 7
Socket not ready, repolling fd = 7
Socket not ready, repolling fd = 7
Socket not ready, repolling fd = 7
Socket not ready, repolling fd = 7
Socket not ready, repolling fd = 7
Socket not ready, repolling fd = 7
Socket not ready, repolling fd = 7
Socket not ready, repolling fd = 7
Socket not ready, repolling fd = 7
Socket not ready, repolling fd = 7
Socket not ready, repolling fd = 7
Socket not ready, repolling fd = 7
Socket not ready, repolling fd = 7
Socket not ready, repolling fd = 7
Socket not ready, repolling fd = 7
Socket not ready, repolling fd = 7
Socket not ready, repolling fd = 7
Socket not ready, repolling fd = 7
Socket not ready, repolling fd = 7
Socket not ready, repolling fd = 7
Socket not ready, repolling fd = 7
Socket not ready, repolling fd = 7
Socket not ready, repolling fd = 7
Socket not ready, repolling fd = 7
Socket not ready, repolling fd = 7
Socket not ready, repolling fd = 7
Socket not ready, repolling fd = 7
Socket not ready, repolling fd = 7
Socket not ready, repolling fd = 7
Socket not ready, repolling fd = 7
Socket not ready, repolling fd = 7
Socket not ready, repolling fd = 7
Socket not ready, repolling fd = 7
Socket not ready, repolling fd = 7
Socket not ready, repolling fd = 7
Socket not ready, repolling fd = 7
Socket not ready, repolling fd = 7
Socket not ready, repolling fd = 7
Socket not ready, repolling fd = 7
Socket not ready, repolling fd = 7
Socket not ready, repolling fd = 7
Socket not ready, repolling fd = 7
Socket not ready, repolling fd = 7
Socket not ready, repolling fd = 7
Socket not ready, repolling fd = 7
Socket not ready, repolling fd = 7
Socket not ready, repolling fd = 7
Socket not ready, repolling fd = 7
Socket not ready, repolling fd = 7
Socket not ready, repolling fd = 7
Socket not ready, repolling fd = 7
Socket not ready, repolling fd = 7
Socket not ready, repolling fd = 7
Socket not ready, repolling fd = 7
Socket not ready, repolling fd = 7
Socket not ready, repolling fd = 7
Socket not ready, repolling fd = 7
Socket not ready, repolling fd = 7
Socket not ready, repolling fd = 7
Socket not ready, repolling fd = 7
Socket not ready, repolling fd = 7
Socket not ready, repolling fd = 7
Socket not ready, repolling fd = 7
Socket not ready, repolling fd = 7
Socket not ready, repolling fd = 7
Socket not ready, repolling fd = 7
Socket not ready, repolling fd = 7
Socket not ready, repolling fd = 7
Socket not ready, repolling fd = 7
Socket not ready, repolling fd = 7
Socket not ready, repolling fd = 7
Socket not ready, repolling fd = 7
Socket not ready, repolling fd = 7
Socket not ready, repolling fd = 7
Socket not ready, repolling fd = 7
Socket not ready, repolling fd = 7
Socket not ready, repolling fd = 7
Socket not ready, repolling fd = 7
Socket not ready, repolling fd = 7
Socket not ready, repolling fd = 7
Socket not ready, repolling fd = 7
Socket not ready, repolling fd = 7
Socket not ready, repolling fd = 7
Socket not ready, repolling fd = 7
Socket not ready, repolling fd = 7
Socket not ready, repolling fd = 7
Socket not ready, repolling fd = 7
Socket not ready, repolling fd = 7
Socket not ready, repolling fd = 7
Socket not ready, repolling fd = 7
Socket not ready, repolling fd = 7
Socket not ready, repolling fd = 7
Socket not ready, repolling fd = 7
Socket not ready, repolling fd = 7
Socket not ready, repolling fd = 7
Socket not ready, repolling fd = 7
Socket not ready, repolling fd = 7
Socket not ready, repolling fd = 7
Socket not ready, repolling fd = 7
Socket not ready, repolling fd = 7
Socket not ready, repolling fd = 7
Socket not ready, repolling fd = 7
Socket not ready, repolling fd = 7
Socket not ready, repolling fd = 7
Socket not ready, repolling fd = 7
Socket not ready, repolling fd = 7
Socket not ready, repolling fd = 7
Socket not ready, repolling fd = 7
Socket not ready, repolling fd = 7
Socket not ready, repolling fd = 7
Socket not ready, repolling fd = 7
Socket not ready, repolling fd = 7
Socket not ready, repolling fd = 7
Socket not ready, repolling fd = 7
Socket not ready, repolling fd = 7
Socket not ready, repolling fd = 7
Socket not ready, repolling fd = 7
Socket not ready, repolling fd = 7
Socket not ready, repolling fd = 7
Socket not ready, repolling fd = 7
Socket not ready, repolling fd = 7
Socket not ready, repolling fd = 7
Socket not ready, repolling fd = 7
Socket not ready, repolling fd = 7
Socket not ready, repolling fd = 7
Socket not ready, repolling fd = 7
Socket not ready, repolling fd = 7
Socket not ready, repolling fd = 7
Socket not ready, repolling fd = 7
Socket not ready, repolling fd = 7
Socket not ready, repolling fd = 7
Socket not ready, repolling fd = 7
Socket not ready, repolling fd = 7
Socket not ready, repolling fd = 7
Socket not ready, repolling fd = 7
Socket not ready, repolling fd = 7
Socket not ready, repolling fd = 7
Socket not ready, repolling fd = 7
Socket not ready, repolling fd = 7
Socket not ready, repolling fd = 7
Socket not ready, repolling fd = 7
Socket not ready, repolling fd = 7
Socket not ready, repolling fd = 7
Socket not ready, repolling fd = 7
Socket not ready, repolling fd = 7
Socket not ready, repolling fd = 7
Socket not ready, repolling fd = 7
Socket not ready, repolling fd = 7
Socket not ready, repolling fd = 7
Socket not ready, repolling fd = 7
Socket not ready, repolling fd = 7
Socket not ready, repolling fd = 7
Socket not ready, repolling fd = 7
Socket not ready, repolling fd = 7
Socket not ready, repolling fd = 7
Socket not ready, repolling fd = 7
Socket not ready, repolling fd = 7
Socket not ready, repolling fd = 7
Socket not ready, repolling fd = 7
Socket not ready, repolling fd = 7
Socket not ready, repolling fd = 7
Socket not ready, repolling fd = 7
Socket not ready, repolling fd = 7
Socket not ready, repolling fd = 7
Socket not ready, repolling fd = 7
Socket not ready, repolling fd = 7
Socket not ready, repolling fd = 7
Socket not ready, repolling fd = 7
Socket not ready, repolling fd = 7
Socket not ready, repolling fd = 7
Socket not ready, repolling fd = 7
Socket not ready, repolling fd = 7
Socket not ready, repolling fd = 7
Socket not ready, repolling fd = 7
Socket not ready, repolling fd = 7
Socket not ready, repolling fd = 7
Socket not ready, repolling fd = 7
Socket not ready, repolling fd = 7
Socket not ready, repolling fd = 7
Socket not ready, repolling fd = 7
Socket not ready, repolling fd = 7
Socket not ready, repolling fd = 7
Socket not ready, repolling fd = 7
Socket not ready, repolling fd = 7
Socket not ready, repolling fd = 7
Socket not ready, repolling fd = 7
Socket not ready, repolling fd = 7
Socket not ready, repolling fd = 7
Socket not ready, repolling fd = 7
Socket not ready, repolling fd = 7
Socket not ready, repolling fd = 7
Socket not ready, repolling fd = 7
Socket not ready, repolling fd = 7
Socket not ready, repolling fd = 7
Socket not ready, repolling fd = 7
Socket not ready, repolling fd = 7
Socket not ready, repolling fd = 7
Socket not ready, repolling fd = 7
Socket not ready, repolling fd = 7
Socket not ready, repolling fd = 7
Socket not ready, repolling fd = 7
Socket not ready, repolling fd = 7
Socket not ready, repolling fd = 7
Socket not ready, repolling fd = 7
Socket not ready, repolling fd = 7
Socket not ready, repolling fd = 7
Socket not ready, repolling fd = 7
Socket not ready, repolling fd = 7
Socket not ready, repolling fd = 7
Socket not ready, repolling fd = 7
Socket not ready, repolling fd = 7
Socket not ready, repolling fd = 7
Socket not ready, repolling fd = 7
Socket not ready, repolling fd = 7
Socket not ready, repolling fd = 7
Socket not ready, repolling fd = 7
Socket not ready, repolling fd = 7
Socket not ready, repolling fd = 7
Socket not ready, repolling fd = 7
Socket not ready, repolling fd = 7
Socket not ready, repolling fd = 7
Socket not ready, repolling fd = 7
Socket not ready, repolling fd = 7
Socket not ready, repolling fd = 7
Socket not ready, repolling fd = 7
Socket not ready, repolling fd = 7
Socket not ready, repolling fd = 7
Socket not ready, repolling fd = 7
Socket not ready, repolling fd = 7
Socket not ready, repolling fd = 7
Socket not ready, repolling fd = 7
Socket not ready, repolling fd = 7
Socket not ready, repolling fd = 7
Socket not ready, repolling fd = 7
Socket not ready, repolling fd = 7
Socket not ready, repolling fd = 7
Socket not ready, repolling fd = 7
Socket not ready, repolling fd = 7
Socket not ready, repolling fd = 7
Socket not ready, repolling fd = 7
Socket not ready, repolling fd = 7
Socket not ready, repolling fd = 7
Socket not ready, repolling fd = 7
Socket not ready, repolling fd = 7
Socket not ready, repolling fd = 7
Socket not ready, repolling fd = 7
Socket not ready, repolling fd = 7
Socket not ready, repolling fd = 7
Socket not ready, repolling fd = 7
Socket not ready, repolling fd = 7
Socket not ready, repolling fd = 7
Socket not ready, repolling fd = 7
Socket not ready, repolling fd = 7
Socket not ready, repolling fd = 7
Socket not ready, repolling fd = 7
Socket not ready, repolling fd = 7
Socket not ready, repolling fd = 7
Socket not ready, repolling fd = 7
Socket not ready, repolling fd = 7
Socket not ready, repolling fd = 7
Socket not ready, repolling fd = 7
Socket not ready, repolling fd = 7
Socket not ready, repolling fd = 7
Socket not ready, repolling fd = 7
Socket not ready, repolling fd = 7
Socket not ready, repolling fd = 7
Socket not ready, repolling fd = 7
Socket not ready, repolling fd = 7
Socket not ready, repolling fd = 7
Socket not ready, repolling fd = 7
Socket not ready, repolling fd = 7
Socket not ready, repolling fd = 7
Socket not ready, repolling fd = 7
Socket not ready, repolling fd = 7
Socket not ready, repolling fd = 7
Socket not ready, repolling fd = 7
Socket not ready, repolling fd = 7
Socket not ready, repolling fd = 7
Socket not ready, repolling fd = 7
Socket not ready, repolling fd = 7
Socket not ready, repolling fd = 7
Socket not ready, repolling fd = 7
Socket not ready, repolling fd = 7
Socket not ready, repolling fd = 7
Socket not ready, repolling fd = 7
Socket not ready, repolling fd = 7
Socket not ready, repolling fd = 7
Socket not ready, repolling fd = 7
Socket not ready, repolling fd = 7
Socket not ready, repolling fd = 7
Socket not ready, repolling fd = 7
Socket not ready, repolling fd = 7
Socket not ready, repolling fd = 7
Socket not ready, repolling fd = 7
Socket not ready, repolling fd = 7
Socket not ready, repolling fd = 7
Socket not ready, repolling fd = 7
Socket not ready, repolling fd = 7
Socket not ready, repolling fd = 7
Socket not ready, repolling fd = 7
Socket not ready, repolling fd = 7
Socket not ready, repolling fd = 7
Socket not ready, repolling fd = 7
Socket not ready, repolling fd = 7
Socket not ready, repolling fd = 7
Socket not ready, repolling fd = 7
Socket not ready, repolling fd = 7
Socket not ready, repolling fd = 7
Socket not ready, repolling fd = 7
Socket not ready, repolling fd = 7
Socket not ready, repolling fd = 7
Socket not ready, repolling fd = 7
Socket not ready, repolling fd = 7
Socket not ready, repolling fd = 7
Socket not ready, repolling fd = 7
Socket not ready, repolling fd = 7
Socket not ready, repolling fd = 7
Socket not ready, repolling fd = 7
Socket not ready, repolling fd = 7
Socket not ready, repolling fd = 7
Socket not ready, repolling fd = 7
Socket not ready, repolling fd = 7
Socket not ready, repolling fd = 7
Socket not ready, repolling fd = 7
Socket not ready, repolling fd = 7
Socket not ready, repolling fd = 7
Socket not ready, repolling fd = 7
Socket not ready, repolling fd = 7
Socket not ready, repolling fd = 7
Socket not ready, repolling fd = 7
Socket not ready, repolling fd = 7
Socket not ready, repolling fd = 7
Socket not ready, repolling fd = 7
Socket not ready, repolling fd = 7
Socket not ready, repolling fd = 7
Socket not ready, repolling fd = 7
Socket not ready, repolling fd = 7
Socket not ready, repolling fd = 7
Socket not ready, repolling fd = 7
Socket not ready, repolling fd = 7
Socket not ready, repolling fd = 7
Socket not ready, repolling fd = 7
Socket not ready, repolling fd = 7
Socket not ready, repolling fd = 7
Socket not ready, repolling fd = 7
Socket not ready, repolling fd = 7
Socket not ready, repolling fd = 7
Socket not ready, repolling fd = 7
Socket not ready, repolling fd = 7
Socket not ready, repolling fd = 7
Socket not ready, repolling fd = 7
Socket not ready, repolling fd = 7
Socket not ready, repolling fd = 7
Socket not ready, repolling fd = 7
Socket not ready, repolling fd = 7
Socket not ready, repolling fd = 7
Socket not ready, repolling fd = 7
Socket not ready, repolling fd = 7
Socket not ready, repolling fd = 7
Socket not ready, repolling fd = 7
Socket not ready, repolling fd = 7
Socket not ready, repolling fd = 7
Socket not ready, repolling fd = 7
Socket not ready, repolling fd = 7
Socket not ready, repolling fd = 7
Socket not ready, repolling fd = 7
Socket not ready, repolling fd = 7
Socket not ready, repolling fd = 7
Socket not ready, repolling fd = 7
Socket not ready, repolling fd = 7
Socket not ready, repolling fd = 7
Socket not ready, repolling fd = 7
Socket not ready, repolling fd = 7
Socket not ready, repolling fd = 7
Socket not ready, repolling fd = 7
Socket not ready, repolling fd = 7
Socket not ready, repolling fd = 7
Socket not ready, repolling fd = 7
Socket not ready, repolling fd = 7
Socket not ready, repolling fd = 7
Socket not ready, repolling fd = 7
Socket not ready, repolling fd = 7
Socket not ready, repolling fd = 7
Socket not ready, repolling fd = 7
Socket not ready, repolling fd = 7
Socket not ready, repolling fd = 7
Socket not ready, repolling fd = 7
Socket not ready, repolling fd = 7
Socket not ready, repolling fd = 7
Socket not ready, repolling fd = 7
Socket not ready, repolling fd = 7
Socket not ready, repolling fd = 7
Socket not ready, repolling fd = 7
Socket not ready, repolling fd = 7
Socket not ready, repolling fd = 7
Socket not ready, repolling fd = 7
Socket not ready, repolling fd = 7
Socket not ready, repolling fd = 7
Socket not ready, repolling fd = 7
Socket not ready, repolling fd = 7
Socket not ready, repolling fd = 7
Socket not ready, repolling fd = 7
Socket not ready, repolling fd = 7
Socket not ready, repolling fd = 7
Socket not ready, repolling fd = 7
Socket not ready, repolling fd = 7
Socket not ready, repolling fd = 7
Socket not ready, repolling fd = 7
Socket not ready, repolling fd = 7
Socket not ready, repolling fd = 7
Socket not ready, repolling fd = 7
Socket not ready, repolling fd = 7
Socket not ready, repolling fd = 7
Socket not ready, repolling fd = 7
Socket not ready, repolling fd = 7
Socket not ready, repolling fd = 7
Socket not ready, repolling fd = 7
Socket not ready, repolling fd = 7
Socket not ready, repolling fd = 7
Socket not ready, repolling fd = 7
Socket not ready, repolling fd = 7
Socket not ready, repolling fd = 7
Socket not ready, repolling fd = 7
Socket not ready, repolling fd = 7
Socket not ready, repolling fd = 7
Socket not ready, repolling fd = 7
Socket not ready, repolling fd = 7
Socket not ready, repolling fd = 7
Socket not ready, repolling fd = 7
Socket not ready, repolling fd = 7
Socket not ready, repolling fd = 7
Socket not ready, repolling fd = 7
Socket not ready, repolling fd = 7
Socket not ready, repolling fd = 7
Socket not ready, repolling fd = 7
Socket not ready, repolling fd = 7
Socket not ready, repolling fd = 7
Socket not ready, repolling fd = 7
Socket not ready, repolling fd = 7
Socket not ready, repolling fd = 7
Socket not ready, repolling fd = 7
Socket not ready, repolling fd = 7
Socket not ready, repolling fd = 7
Socket not ready, repolling fd = 7
Socket not ready, repolling fd = 7
Socket not ready, repolling fd = 7
Socket not ready, repolling fd = 7
Socket not ready, repolling fd = 7
Socket not ready, repolling fd = 7
Socket not ready, repolling fd = 7
Socket not ready, repolling fd = 7
Socket not ready, repolling fd = 7
Socket not ready, repolling fd = 7
Socket not ready, repolling fd = 7
Socket not ready, repolling fd = 7
Socket not ready, repolling fd = 7
Socket not ready, repolling fd = 7
Socket not ready, repolling fd = 7
Socket not ready, repolling fd = 7
Socket not ready, repolling fd = 7
Socket not ready, repolling fd = 7
Socket not ready, repolling fd = 7
Socket not ready, repolling fd = 7
Socket not ready, repolling fd = 7
Socket not ready, repolling fd = 7
Socket not ready, repolling fd = 7
Socket not ready, repolling fd = 7
Socket not ready, repolling fd = 7
Socket not ready, repolling fd = 7
Socket not ready, repolling fd = 7
Socket not ready, repolling fd = 7
Socket not ready, repolling fd = 7
Socket not ready, repolling fd = 7
Socket not ready, repolling fd = 7
Socket not ready, repolling fd = 7
Socket not ready, repolling fd = 7
Socket not ready, repolling fd = 7
Socket not ready, repolling fd = 7
Socket not ready, repolling fd = 7
Socket not ready, repolling fd = 7
Socket not ready, repolling fd = 7
Socket not ready, repolling fd = 7
Socket not ready, repolling fd = 7
Socket not ready, repolling fd = 7
Socket not ready, repolling fd = 7
Socket not ready, repolling fd = 7
Socket not ready, repolling fd = 7
Socket not ready, repolling fd = 7
Socket not ready, repolling fd = 7
Socket not ready, repolling fd = 7
Socket not ready, repolling fd = 7
Socket not ready, repolling fd = 7
Socket not ready, repolling fd = 7
Socket not ready, repolling fd = 7
Socket not ready, repolling fd = 7
Socket not ready, repolling fd = 7
Socket not ready, repolling fd = 7
Socket not ready, repolling fd = 7
Socket not ready, repolling fd = 7
Socket not ready, repolling fd = 7
Socket not ready, repolling fd = 7
Socket not ready, repolling fd = 7
Socket not ready, repolling fd = 7
Socket not ready, repolling fd = 7
Socket not ready, repolling fd = 7
Socket not ready, repolling fd = 7
Socket not ready, repolling fd = 7
Socket not ready, repolling fd = 7
Socket not ready, repolling fd = 7
Socket not ready, repolling fd = 7
Socket not ready, repolling fd = 7
Socket not ready, repolling fd = 7
Socket not ready, repolling fd = 7
Socket not ready, repolling fd = 7
Socket not ready, repolling fd = 7
Socket not ready, repolling fd = 7
Socket not ready, repolling fd = 7
Socket not ready, repolling fd = 7
Socket not ready, repolling fd = 7
Socket not ready, repolling fd = 7
Socket not ready, repolling fd = 7
Socket not ready, repolling fd = 7
Socket not ready, repolling fd = 7
Socket not ready, repolling fd = 7
Socket not ready, repolling fd = 7
Socket not ready, repolling fd = 7
Socket not ready, repolling fd = 7
Socket not ready, repolling fd = 7
Socket not ready, repolling fd = 7
Socket not ready, repolling fd = 7
Socket not ready, repolling fd = 7
Socket not ready, repolling fd = 7
Socket not ready, repolling fd = 7
Socket not ready, repolling fd = 7
Socket not ready, repolling fd = 7
Socket not ready, repolling fd = 7
Socket not ready, repolling fd = 7
Socket not ready, repolling fd = 7
Socket not ready, repolling fd = 7
Socket not ready, repolling fd = 7
Socket not ready, repolling fd = 7
Socket not ready, repolling fd = 7
Socket not ready, repolling fd = 7
Socket not ready, repolling fd = 7
Socket not ready, repolling fd = 7
Socket not ready, repolling fd = 7
Socket not ready, repolling fd = 7
Socket not ready, repolling fd = 7
Socket not ready, repolling fd = 7
Socket not ready, repolling fd = 7
Socket not ready, repolling fd = 7
Socket not ready, repolling fd = 7
Socket not ready, repolling fd = 7
Socket not ready, repolling fd = 7
Socket not ready, repolling fd = 7
Socket not ready, repolling fd = 7
Socket not ready, repolling fd = 7
Socket not ready, repolling fd = 7
Socket not ready, repolling fd = 7
Socket not ready, repolling fd = 7
Socket not ready, repolling fd = 7
Socket not ready, repolling fd = 7
Socket not ready, repolling fd = 7
Socket not ready, repolling fd = 7
Socket not ready, repolling fd = 7
Socket not ready, repolling fd = 7
Socket not ready, repolling fd = 7
Socket not ready, repolling fd = 7
Socket not ready, repolling fd = 7
Socket not ready, repolling fd = 9
Socket not ready, repolling fd = 9
Socket not ready, repolling fd = 9
Socket not ready, repolling fd = 9
Socket not ready, repolling fd = 9
Socket not ready, repolling fd = 9
Socket not ready, repolling fd = 9
Socket not ready, repolling fd = 9
Socket not ready, repolling fd = 9
Socket not ready, repolling fd = 9
Socket not ready, repolling fd = 9
Socket not ready, repolling fd = 9
Socket not ready, repolling fd = 9
Socket not ready, repolling fd = 9
Socket not ready, repolling fd = 9
Socket not ready, repolling fd = 9
Socket not ready, repolling fd = 9
Socket not ready, repolling fd = 9
Socket not ready, repolling fd = 9
Socket not ready, repolling fd = 9
Socket not ready, repolling fd = 9
Socket not ready, repolling fd = 9
Socket not ready, repolling fd = 9
Socket not ready, repolling fd = 9
Socket not ready, repolling fd = 9
Socket not ready, repolling fd = 9
Socket not ready, repolling fd = 9
Socket not ready, repolling fd = 9
Socket not ready, repolling fd = 9
Socket not ready, repolling fd = 9
Socket not ready, repolling fd = 9
Socket not ready, repolling fd = 9
Socket not ready, repolling fd = 9
Socket not ready, repolling fd = 9
Socket not ready, repolling fd = 9
Socket not ready, repolling fd = 9
Socket not ready, repolling fd = 9
Socket not ready, repolling fd = 9
Socket not ready, repolling fd = 9
Socket not ready, repolling fd = 9
Socket not ready, repolling fd = 9
Socket not ready, repolling fd = 9
Socket not ready, repolling fd = 9
Socket not ready, repolling fd = 9
Socket not ready, repolling fd = 9
Socket not ready, repolling fd = 9
Socket not ready, repolling fd = 9
Socket not ready, repolling fd = 9
Socket not ready, repolling fd = 9
Socket not ready, repolling fd = 9
Socket not ready, repolling fd = 9
Socket not ready, repolling fd = 9
Socket not ready, repolling fd = 9
Socket not ready, repolling fd = 9
Socket not ready, repolling fd = 9
Socket not ready, repolling fd = 9
Socket not ready, repolling fd = 9
Socket not ready, repolling fd = 9
Socket not ready, repolling fd = 9
Socket not ready, repolling fd = 9
Socket not ready, repolling fd = 9
Socket not ready, repolling fd = 9
Socket not ready, repolling fd = 9
Socket not ready, repolling fd = 9
Socket not ready, repolling fd = 9
Socket not ready, repolling fd = 9
Socket not ready, repolling fd = 9
Socket not ready, repolling fd = 9
Socket not ready, repolling fd = 9
Socket not ready, repolling fd = 9
Socket not ready, repolling fd = 9
Socket not ready, repolling fd = 9
Socket not ready, repolling fd = 9
Socket not ready, repolling fd = 9
Socket not ready, repolling fd = 9
Socket not ready, repolling fd = 9
Socket not ready, repolling fd = 9
Socket not ready, repolling fd = 9
Socket not ready, repolling fd = 9
Socket not ready, repolling fd = 9
Socket not ready, repolling fd = 9
Socket not ready, repolling fd = 9
Socket not ready, repolling fd = 9
Socket not ready, repolling fd = 9
Socket not ready, repolling fd = 9
Socket not ready, repolling fd = 9
Socket not ready, repolling fd = 9
Socket not ready, repolling fd = 9
Socket not ready, repolling fd = 9
Socket not ready, repolling fd = 9
Socket not ready, repolling fd = 9
Socket not ready, repolling fd = 9
Socket not ready, repolling fd = 9
Socket not ready, repolling fd = 9
Socket not ready, repolling fd = 9
Socket not ready, repolling fd = 9
Socket not ready, repolling fd = 9
Socket not ready, repolling fd = 9
Socket not ready, repolling fd = 9
Socket not ready, repolling fd = 9
Socket not ready, repolling fd = 9
Socket not ready, repolling fd = 9
Socket not ready, repolling fd = 9
Socket not ready, repolling fd = 9
Socket not ready, repolling fd = 9
Socket not ready, repolling fd = 9
Socket not ready, repolling fd = 9
Socket not ready, repolling fd = 9
Socket not ready, repolling fd = 9
Socket not ready, repolling fd = 9
Socket not ready, repolling fd = 9
Socket not ready, repolling fd = 9
Socket not ready, repolling fd = 9
Socket not ready, repolling fd = 9
Socket not ready, repolling fd = 9
Socket not ready, repolling fd = 9
Socket not ready, repolling fd = 9
Socket not ready, repolling fd = 9
Socket not ready, repolling fd = 9
Socket not ready, repolling fd = 9
Socket not ready, repolling fd = 9
Socket not ready, repolling fd = 9
Socket not ready, repolling fd = 9
Socket not ready, repolling fd = 9
Socket not ready, repolling fd = 9
Socket not ready, repolling fd = 9
Socket not ready, repolling fd = 9
Socket not ready, repolling fd = 9
Socket not ready, repolling fd = 9
Socket not ready, repolling fd = 9
Socket not ready, repolling fd = 9
Socket not ready, repolling fd = 9
Socket not ready, repolling fd = 9
Socket not ready, repolling fd = 9
Socket not ready, repolling fd = 9
Socket not ready, repolling fd = 9
Socket not ready, repolling fd = 9
Socket not ready, repolling fd = 9
Socket not ready, repolling fd = 9
Socket not ready, repolling fd = 9
Socket not ready, repolling fd = 9
Socket not ready, repolling fd = 9
Socket not ready, repolling fd = 9
Socket not ready, repolling fd = 9
Socket not ready, repolling fd = 9
Socket not ready, repolling fd = 9
Socket not ready, repolling fd = 9
Socket not ready, repolling fd = 9
Socket not ready, repolling fd = 9
Socket not ready, repolling fd = 9
Socket not ready, repolling fd = 9
Socket not ready, repolling fd = 9
Socket not ready, repolling fd = 9
Socket not ready, repolling fd = 9
Socket not ready, repolling fd = 9
Socket not ready, repolling fd = 9
Socket not ready, repolling fd = 9
Socket not ready, repolling fd = 9
Socket not ready, repolling fd = 9
Socket not ready, repolling fd = 9
Socket not ready, repolling fd = 9
Socket not ready, repolling fd = 9
Socket not ready, repolling fd = 9
Socket not ready, repolling fd = 9
Socket not ready, repolling fd = 9
Socket not ready, repolling fd = 9
Socket not ready, repolling fd = 9
Socket not ready, repolling fd = 9
Socket not ready, repolling fd = 9
Socket not ready, repolling fd = 9
Socket not ready, repolling fd = 9
Socket not ready, repolling fd = 9
Socket not ready, repolling fd = 9
Socket not ready, repolling fd = 9
Socket not ready, repolling fd = 9
Socket not ready, repolling fd = 9
Socket not ready, repolling fd = 9
Socket not ready, repolling fd = 9
Socket not ready, repolling fd = 9
Socket not ready, repolling fd = 9
Socket not ready, repolling fd = 9
Socket not ready, repolling fd = 9
Socket not ready, repolling fd = 9
Socket not ready, repolling fd = 9
Socket not ready, repolling fd = 9
Socket not ready, repolling fd = 9
Socket not ready, repolling fd = 9
Socket not ready, repolling fd = 9
Socket not ready, repolling fd = 9
Socket not ready, repolling fd = 9
Socket not ready, repolling fd = 9
Socket not ready, repolling fd = 9
Socket not ready, repolling fd = 9
Socket not ready, repolling fd = 9
Socket not ready, repolling fd = 9
Socket not ready, repolling fd = 9
Socket not ready, repolling fd = 9
Socket not ready, repolling fd = 9
Socket not ready, repolling fd = 9
Socket not ready, repolling fd = 9
Socket not ready, repolling fd = 9
Socket not ready, repolling fd = 9
Socket not ready, repolling fd = 9
Socket not ready, repolling fd = 9
Socket not ready, repolling fd = 9
Socket not ready, repolling fd = 9
Socket not ready, repolling fd = 9
Socket not ready, repolling fd = 9
Socket not ready, repolling fd = 9
Socket not ready, repolling fd = 9
Socket not ready, repolling fd = 9
Socket not ready, repolling fd = 9
Socket not ready, repolling fd = 9
Socket not ready, repolling fd = 9
Socket not ready, repolling fd = 9
Socket not ready, repolling fd = 9
Socket not ready, repolling fd = 9
Socket not ready, repolling fd = 9
Socket not ready, repolling fd = 9
Socket not ready, repolling fd = 9
Socket not ready, repolling fd = 9
Socket not ready, repolling fd = 9
Socket not ready, repolling fd = 9
Socket not ready, repolling fd = 9
Socket not ready, repolling fd = 9
Socket not ready, repolling fd = 9
Socket not ready, repolling fd = 9
Socket not ready, repolling fd = 9
Socket not ready, repolling fd = 9
Socket not ready, repolling fd = 9
Socket not ready, repolling fd = 9
Socket not ready, repolling fd = 9
Socket not ready, repolling fd = 9
Socket not ready, repolling fd = 9
Socket not ready, repolling fd = 9
Socket not ready, repolling fd = 9
Socket not ready, repolling fd = 9
Socket not ready, repolling fd = 9
Socket not ready, repolling fd = 9
Socket not ready, repolling fd = 9
Socket not ready, repolling fd = 9
Socket not ready, repolling fd = 9
Socket not ready, repolling fd = 9
Socket not ready, repolling fd = 9
Socket not ready, repolling fd = 9
Socket not ready, repolling fd = 9
Socket not ready, repolling fd = 9
Socket not ready, repolling fd = 9
Socket not ready, repolling fd = 9
Socket not ready, repolling fd = 9
Socket not ready, repolling fd = 9
Socket not ready, repolling fd = 9
Socket not ready, repolling fd = 9
Socket not ready, repolling fd = 9
Socket not ready, repolling fd = 9
Socket not ready, repolling fd = 9
Socket not ready, repolling fd = 9
Socket not ready, repolling fd = 9
Socket not ready, repolling fd = 9
Socket not ready, repolling fd = 9
Socket not ready, repolling fd = 9
Socket not ready, repolling fd = 9
Socket not ready, repolling fd = 9
Socket not ready, repolling fd = 9
Socket not ready, repolling fd = 9
Socket not ready, repolling fd = 9
Socket not ready, repolling fd = 9
Socket not ready, repolling fd = 9
Socket not ready, repolling fd = 9
Socket not ready, repolling fd = 9
Socket not ready, repolling fd = 9
Socket not ready, repolling fd = 9
Socket not ready, repolling fd = 9
Socket not ready, repolling fd = 9
Socket not ready, repolling fd = 9
Socket not ready, repolling fd = 9
Socket not ready, repolling fd = 9
Socket not ready, repolling fd = 9
Socket not ready, repolling fd = 9
Socket not ready, repolling fd = 9
Socket not ready, repolling fd = 9
Socket not ready, repolling fd = 9
Socket not ready, repolling fd = 9
Socket not ready, repolling fd = 9
Socket not ready, repolling fd = 9
Socket not ready, repolling fd = 9
Socket not ready, repolling fd = 9
Socket not ready, repolling fd = 9
Socket not ready, repolling fd = 9
Socket not ready, repolling fd = 9
Socket not ready, repolling fd = 9
Socket not ready, repolling fd = 9
Socket not ready, repolling fd = 9
Socket not ready, repolling fd = 9
Socket not ready, repolling fd = 9
Socket not ready, repolling fd = 9
Socket not ready, repolling fd = 9
Socket not ready, repolling fd = 9
Socket not ready, repolling fd = 9
Socket not ready, repolling fd = 9
Socket not ready, repolling fd = 9
Socket not ready, repolling fd = 9
Socket not ready, repolling fd = 9
Socket not ready, repolling fd = 9
Socket not ready, repolling fd = 9
Socket not ready, repolling fd = 9
Socket not ready, repolling fd = 9
Socket not ready, repolling fd = 9
Socket not ready, repolling fd = 9
Socket not ready, repolling fd = 9
Socket not ready, repolling fd = 9
Socket not ready, repolling fd = 9
Socket not ready, repolling fd = 9
Socket not ready, repolling fd = 9
Socket not ready, repolling fd = 9
Socket not ready, repolling fd = 9
Socket not ready, repolling fd = 9
Socket not ready, repolling fd = 9
Socket not ready, repolling fd = 9
Socket not ready, repolling fd = 9
Socket not ready, repolling fd = 9
Socket not ready, repolling fd = 9
Socket not ready, repolling fd = 9
Socket not ready, repolling fd = 9
Socket not ready, repolling fd = 9
Socket not ready, repolling fd = 9
Socket not ready, repolling fd = 9
Socket not ready, repolling fd = 9
Socket not ready, repolling fd = 9
Socket not ready, repolling fd = 9
Socket not ready, repolling fd = 9
Socket not ready, repolling fd = 9
Socket not ready, repolling fd = 9
Socket not ready, repolling fd = 9
Socket not ready, repolling fd = 9
Socket not ready, repolling fd = 9
Socket not ready, repolling fd = 9
Socket not ready, repolling fd = 9
Socket not ready, repolling fd = 9
Socket not ready, repolling fd = 9
Socket not ready, repolling fd = 9
Socket not ready, repolling fd = 9
Socket not ready, repolling fd = 9
Socket not ready, repolling fd = 9
Socket not ready, repolling fd = 9
Socket not ready, repolling fd = 9
Socket not ready, repolling fd = 9
Socket not ready, repolling fd = 9
Socket not ready, repolling fd = 9
Socket not ready, repolling fd = 9
Socket not ready, repolling fd = 9
Socket not ready, repolling fd = 9
Socket not ready, repolling fd = 9
Socket not ready, repolling fd = 9
Socket not ready, repolling fd = 9
Socket not ready, repolling fd = 9
Socket not ready, repolling fd = 9
Socket not ready, repolling fd = 9
Socket not ready, repolling fd = 9
Socket not ready, repolling fd = 9
Socket not ready, repolling fd = 9
Socket not ready, repolling fd = 9
Socket not ready, repolling fd = 9
Socket not ready, repolling fd = 9
Socket not ready, repolling fd = 9
Socket not ready, repolling fd = 9
Socket not ready, repolling fd = 9
Socket not ready, repolling fd = 9
Socket not ready, repolling fd = 9
Socket not ready, repolling fd = 9
Socket not ready, repolling fd = 9
Socket not ready, repolling fd = 9
Socket not ready, repolling fd = 9
Socket not ready, repolling fd = 9
Socket not ready, repolling fd = 9
Socket not ready, repolling fd = 9
Socket not ready, repolling fd = 9
Socket not ready, repolling fd = 9
Socket not ready, repolling fd = 9
Socket not ready, repolling fd = 9
Socket not ready, repolling fd = 9
Socket not ready, repolling fd = 9
Socket not ready, repolling fd = 9
Socket not ready, repolling fd = 9
Socket not ready, repolling fd = 9
Socket not ready, repolling fd = 9
Socket not ready, repolling fd = 9
Socket not ready, repolling fd = 9
Socket not ready, repolling fd = 9
Socket not ready, repolling fd = 9
Socket not ready, repolling fd = 9
Socket not ready, repolling fd = 9
Socket not ready, repolling fd = 9
Socket not ready, repolling fd = 9
Socket not ready, repolling fd = 9
Socket not ready, repolling fd = 9
Socket not ready, repolling fd = 9
Socket not ready, repolling fd = 9
Socket not ready, repolling fd = 9
Socket not ready, repolling fd = 9
Socket not ready, repolling fd = 9
Socket not ready, repolling fd = 9
Socket not ready, repolling fd = 9
Socket not ready, repolling fd = 9
Socket not ready, repolling fd = 9
Socket not ready, repolling fd = 9
Socket not ready, repolling fd = 9
Socket not ready, repolling fd = 9
Socket not ready, repolling fd = 9
Socket not ready, repolling fd = 9
Socket not ready, repolling fd = 9
Socket not ready, repolling fd = 9
Socket not ready, repolling fd = 9
Socket not ready, repolling fd = 9
Socket not ready, repolling fd = 9
Socket not ready, repolling fd = 9
Socket not ready, repolling fd = 9
Socket not ready, repolling fd = 9
Socket not ready, repolling fd = 9
Socket not ready, repolling fd = 9
Socket not ready, repolling fd = 9
Socket not ready, repolling fd = 9
Socket not ready, repolling fd = 9
Socket not ready, repolling fd = 9
Socket not ready, repolling fd = 9
Socket not ready, repolling fd = 9
Socket not ready, repolling fd = 9
Socket not ready, repolling fd = 9
Socket not ready, repolling fd = 9
Socket not ready, repolling fd = 9
Socket not ready, repolling fd = 9
Socket not ready, repolling fd = 9
Socket not ready, repolling fd = 9
Socket not ready, repolling fd = 9
Socket not ready, repolling fd = 9
Socket not ready, repolling fd = 9
Socket not ready, repolling fd = 9
Socket not ready, repolling fd = 9
Socket not ready, repolling fd = 9
Socket not ready, repolling fd = 9
Socket not ready, repolling fd = 9
Socket not ready, repolling fd = 9
Socket not ready, repolling fd = 9
Socket not ready, repolling fd = 9
Socket not ready, repolling fd = 9
Socket not ready, repolling fd = 9
Socket not ready, repolling fd = 9
Socket not ready, repolling fd = 9
Socket not ready, repolling fd = 9
Socket not ready, repolling fd = 9
Socket not ready, repolling fd = 9
Socket not ready, repolling fd = 9
Socket not ready, repolling fd = 9
Socket not ready, repolling fd = 9
Socket not ready, repolling fd = 9
Socket not ready, repolling fd = 9
Socket not ready, repolling fd = 9
Socket not ready, repolling fd = 9
Socket not ready, repolling fd = 9
Socket not ready, repolling fd = 9
Socket not ready, repolling fd = 9
Socket not ready, repolling fd = 9
Socket not ready, repolling fd = 9
Socket not ready, repolling fd = 9
Socket not ready, repolling fd = 9
Socket not ready, repolling fd = 9
Socket not ready, repolling fd = 9
Socket not ready, repolling fd = 9
Socket not ready, repolling fd = 9
Socket not ready, repolling fd = 9
Socket not ready, repolling fd = 9
Socket not ready, repolling fd = 9
Socket not ready, repolling fd = 9
Socket not ready, repolling fd = 9
Socket not ready, repolling fd = 9
Socket not ready, repolling fd = 9
Socket not ready, repolling fd = 9
Socket not ready, repolling fd = 9
Socket not ready, repolling fd = 9
Socket not ready, repolling fd = 9
Socket not ready, repolling fd = 9
Socket not ready, repolling fd = 9
Socket not ready, repolling fd = 9
Socket not ready, repolling fd = 9
Socket not ready, repolling fd = 9
Socket not ready, repolling fd = 9
Socket not ready, repolling fd = 9
Socket not ready, repolling fd = 9
Socket not ready, repolling fd = 9
Socket not ready, repolling fd = 9
Socket not ready, repolling fd = 9
Socket not ready, repolling fd = 9
Socket not ready, repolling fd = 9
Socket not ready, repolling fd = 9
Socket not ready, repolling fd = 9
Socket not ready, repolling fd = 9
Socket not ready, repolling fd = 9
Socket not ready, repolling fd = 7
Socket not ready, repolling fd = 7
Socket not ready, repolling fd = 7
Socket not ready, repolling fd = 7
Socket not ready, repolling fd = 7
Socket not ready, repolling fd = 7
Socket not ready, repolling fd = 7
Socket not ready, repolling fd = 7
Socket not ready, repolling fd = 7
Socket not ready, repolling fd = 7
Socket not ready, repolling fd = 7
Socket not ready, repolling fd = 7
Socket not ready, repolling fd = 7
Socket not ready, repolling fd = 7
Socket not ready, repolling fd = 7
Socket not ready, repolling fd = 7
Socket not ready, repolling fd = 7
Socket not ready, repolling fd = 7
Socket not ready, repolling fd = 7
Socket not ready, repolling fd = 7
Socket not ready, repolling fd = 7
Socket not ready, repolling fd = 7
Socket not ready, repolling fd = 7
Socket not ready, repolling fd = 7
Socket not ready, repolling fd = 7
Socket not ready, repolling fd = 7
Socket not ready, repolling fd = 7
Socket not ready, repolling fd = 7
Socket not ready, repolling fd = 7
Socket not ready, repolling fd = 7
Socket not ready, repolling fd = 7
Socket not ready, repolling fd = 7
Socket not ready, repolling fd = 7
Socket not ready, repolling fd = 7
Socket not ready, repolling fd = 7
Socket not ready, repolling fd = 7
Socket not ready, repolling fd = 7
Socket not ready, repolling fd = 7
Socket not ready, repolling fd = 7
Socket not ready, repolling fd = 7
Socket not ready, repolling fd = 7
Socket not ready, repolling fd = 7
Socket not ready, repolling fd = 7
Socket not ready, repolling fd = 7
Socket not ready, repolling fd = 7
Socket not ready, repolling fd = 7
Socket not ready, repolling fd = 7
Socket not ready, repolling fd = 7
Socket not ready, repolling fd = 7
Socket not ready, repolling fd = 7
Socket not ready, repolling fd = 7
Socket not ready, repolling fd = 7
Socket not ready, repolling fd = 7
Socket not ready, repolling fd = 7
Socket not ready, repolling fd = 7
Socket not ready, repolling fd = 7
Socket not ready, repolling fd = 7
Socket not ready, repolling fd = 7
Socket not ready, repolling fd = 7
Socket not ready, repolling fd = 7
Socket not ready, repolling fd = 7
Socket not ready, repolling fd = 7
Socket not ready, repolling fd = 7
Socket not ready, repolling fd = 7
Socket not ready, repolling fd = 7
Socket not ready, repolling fd = 7
Socket not ready, repolling fd = 7
Socket not ready, repolling fd = 7
Socket not ready, repolling fd = 7
Socket not ready, repolling fd = 7
Socket not ready, repolling fd = 7
Socket not ready, repolling fd = 7
Socket not ready, repolling fd = 7
Socket not ready, repolling fd = 7
Socket not ready, repolling fd = 7
Socket not ready, repolling fd = 7
Socket not ready, repolling fd = 7
Socket not ready, repolling fd = 7
Socket not ready, repolling fd = 7
Socket not ready, repolling fd = 7
Socket not ready, repolling fd = 7
Socket not ready, repolling fd = 7
Socket not ready, repolling fd = 7
Socket not ready, repolling fd = 7
Socket not ready, repolling fd = 7
Socket not ready, repolling fd = 7
Socket not ready, repolling fd = 7
Socket not ready, repolling fd = 7
Socket not ready, repolling fd = 7
Socket not ready, repolling fd = 7
Socket not ready, repolling fd = 7
Socket not ready, repolling fd = 7
Socket not ready, repolling fd = 7
Socket not ready, repolling fd = 7
Socket not ready, repolling fd = 7
Socket not ready, repolling fd = 7
Socket not ready, repolling fd = 7
Socket not ready, repolling fd = 7
Socket not ready, repolling fd = 7
Socket not ready, repolling fd = 7
Socket not ready, repolling fd = 7
Socket not ready, repolling fd = 7
Socket not ready, repolling fd = 7
Socket not ready, repolling fd = 7
Socket not ready, repolling fd = 7
Socket not ready, repolling fd = 7
Socket not ready, repolling fd = 7
Socket not ready, repolling fd = 7
Socket not ready, repolling fd = 7
Socket not ready, repolling fd = 7
Socket not ready, repolling fd = 7
Socket not ready, repolling fd = 7
Socket not ready, repolling fd = 7
Socket not ready, repolling fd = 7
Socket not ready, repolling fd = 7
Socket not ready, repolling fd = 7
Socket not ready, repolling fd = 7
Socket not ready, repolling fd = 7
Socket not ready, repolling fd = 7
Socket not ready, repolling fd = 7
Socket not ready, repolling fd = 7
Socket not ready, repolling fd = 7
Socket not ready, repolling fd = 7
Socket not ready, repolling fd = 7
Socket not ready, repolling fd = 7
Socket not ready, repolling fd = 7
Socket not ready, repolling fd = 7
Socket not ready, repolling fd = 7
Socket not ready, repolling fd = 7
Socket not ready, repolling fd = 7
Socket not ready, repolling fd = 7
Socket not ready, repolling fd = 7
Socket not ready, repolling fd = 7
Socket not ready, repolling fd = 7
Socket not ready, repolling fd = 7
Socket not ready, repolling fd = 7
Socket not ready, repolling fd = 7
Socket not ready, repolling fd = 7
Socket not ready, repolling fd = 7
Socket not ready, repolling fd = 7
Socket not ready, repolling fd = 7
Socket not ready, repolling fd = 7
Socket not ready, repolling fd = 7
Socket not ready, repolling fd = 7
Socket not ready, repolling fd = 7
Socket not ready, repolling fd = 7
Socket not ready, repolling fd = 7
Socket not ready, repolling fd = 7
Socket not ready, repolling fd = 7
Socket not ready, repolling fd = 7
Socket not ready, repolling fd = 7
Socket not ready, repolling fd = 7
Socket not ready, repolling fd = 7
Socket not ready, repolling fd = 7
Socket not ready, repolling fd = 7
Socket not ready, repolling fd = 7
Socket not ready, repolling fd = 7
Socket not ready, repolling fd = 7
Socket not ready, repolling fd = 7
Socket not ready, repolling fd = 7
Socket not ready, repolling fd = 7
Socket not ready, repolling fd = 7
Socket not ready, repolling fd = 7
Socket not ready, repolling fd = 7
Socket not ready, repolling fd = 7
Socket not ready, repolling fd = 7
Socket not ready, repolling fd = 7
Socket not ready, repolling fd = 7
Socket not ready, repolling fd = 7
Socket not ready, repolling fd = 7
Socket not ready, repolling fd = 7
Socket not ready, repolling fd = 7
Socket not ready, repolling fd = 7
Socket not ready, repolling fd = 7
Socket not ready, repolling fd = 7
Socket not ready, repolling fd = 7
Socket not ready, repolling fd = 7
Socket not ready, repolling fd = 7
Socket not ready, repolling fd = 7
Socket not ready, repolling fd = 7
Socket not ready, repolling fd = 7
Socket not ready, repolling fd = 7
Socket not ready, repolling fd = 7
Socket not ready, repolling fd = 7
Socket not ready, repolling fd = 7
Socket not ready, repolling fd = 7
Socket not ready, repolling fd = 7
Socket not ready, repolling fd = 7
Socket not ready, repolling fd = 7
Socket not ready, repolling fd = 7
Socket not ready, repolling fd = 7
Socket not ready, repolling fd = 7
Socket not ready, repolling fd = 7
Socket not ready, repolling fd = 7
Socket not ready, repolling fd = 7
Socket not ready, repolling fd = 7
Socket not ready, repolling fd = 7
Socket not ready, repolling fd = 7
Socket not ready, repolling fd = 7
Socket not ready, repolling fd = 7
Socket not ready, repolling fd = 7
Socket not ready, repolling fd = 7
Socket not ready, repolling fd = 7
Socket not ready, repolling fd = 7
Socket not ready, repolling fd = 7
Socket not ready, repolling fd = 7
Socket not ready, repolling fd = 7
Socket not ready, repolling fd = 7
Socket not ready, repolling fd = 7
Socket not ready, repolling fd = 7
Socket not ready, repolling fd = 7
Socket not ready, repolling fd = 7
Socket not ready, repolling fd = 7
Socket not ready, repolling fd = 7
Socket not ready, repolling fd = 7
Socket not ready, repolling fd = 7
Socket not ready, repolling fd = 7
Socket not ready, repolling fd = 7
Socket not ready, repolling fd = 7
Socket not ready, repolling fd = 7
Socket not ready, repolling fd = 7
Socket not ready, repolling fd = 7
Socket not ready, repolling fd = 7
Socket not ready, repolling fd = 7
Socket not ready, repolling fd = 7
Socket not ready, repolling fd = 7
Socket not ready, repolling fd = 7
Socket not ready, repolling fd = 7
Socket not ready, repolling fd = 7
Socket not ready, repolling fd = 7
Socket not ready, repolling fd = 7
Socket not ready, repolling fd = 7
Socket not ready, repolling fd = 7
Socket not ready, repolling fd = 7
Socket not ready, repolling fd = 7
Socket not ready, repolling fd = 7
Socket not ready, repolling fd = 7
Socket not ready, repolling fd = 7
Socket not ready, repolling fd = 7
Socket not ready, repolling fd = 7
Socket not ready, repolling fd = 7
Socket not ready, repolling fd = 7
Socket not ready, repolling fd = 7
Socket not ready, repolling fd = 7
Socket not ready, repolling fd = 7
Socket not ready, repolling fd = 7
Socket not ready, repolling fd = 7
Socket not ready, repolling fd = 7
Socket not ready, repolling fd = 7
Socket not ready, repolling fd = 7
Socket not ready, repolling fd = 7
Socket not ready, repolling fd = 7
Socket not ready, repolling fd = 7
Socket not ready, repolling fd = 7
Socket not ready, repolling fd = 7
Socket not ready, repolling fd = 7
Socket not ready, repolling fd = 7
Socket not ready, repolling fd = 7
Socket not ready, repolling fd = 7
Socket not ready, repolling fd = 7
Socket not ready, repolling fd = 7
Socket not ready, repolling fd = 7
Socket not ready, repolling fd = 7
Socket not ready, repolling fd = 7
Socket not ready, repolling fd = 7
Socket not ready, repolling fd = 7
Socket not ready, repolling fd = 7
Socket not ready, repolling fd = 7
Socket not ready, repolling fd = 7
Socket not ready, repolling fd = 7
Socket not ready, repolling fd = 7
Socket not ready, repolling fd = 7
Socket not ready, repolling fd = 7
Socket not ready, repolling fd = 7
Socket not ready, repolling fd = 7
Socket not ready, repolling fd = 7
Socket not ready, repolling fd = 7
Socket not ready, repolling fd = 7
Socket not ready, repolling fd = 7
Socket not ready, repolling fd = 7
Socket not ready, repolling fd = 7
Socket not ready, repolling fd = 7
Socket not ready, repolling fd = 7
Socket not ready, repolling fd = 7
Socket not ready, repolling fd = 7
Socket not ready, repolling fd = 7
Socket not ready, repolling fd = 7
Socket not ready, repolling fd = 7
Socket not ready, repolling fd = 7
Socket not ready, repolling fd = 7
Socket not ready, repolling fd = 7
Socket not ready, repolling fd = 7
Socket not ready, repolling fd = 7
Socket not ready, repolling fd = 7
Socket not ready, repolling fd = 7
Socket not ready, repolling fd = 7
Socket not ready, repolling fd = 7
Socket not ready, repolling fd = 7
Socket not ready, repolling fd = 7
Socket not ready, repolling fd = 7
Socket not ready, repolling fd = 7
Socket not ready, repolling fd = 7
Socket not ready, repolling fd = 7
Socket not ready, repolling fd = 7
Socket not ready, repolling fd = 7
Socket not ready, repolling fd = 7
Socket not ready, repolling fd = 7
Socket not ready, repolling fd = 7
Socket not ready, repolling fd = 7
Socket not ready, repolling fd = 7
Socket not ready, repolling fd = 7
Socket not ready, repolling fd = 7
Socket not ready, repolling fd = 7
Socket not ready, repolling fd = 7
Socket not ready, repolling fd = 7
Socket not ready, repolling fd = 7
Socket not ready, repolling fd = 7
Socket not ready, repolling fd = 7
Socket not ready, repolling fd = 7
Socket not ready, repolling fd = 7
Socket not ready, repolling fd = 7
Socket not ready, repolling fd = 7
Socket not ready, repolling fd = 7
Socket not ready, repolling fd = 7
Socket not ready, repolling fd = 7
Socket not ready, repolling fd = 7
Socket not ready, repolling fd = 7
Socket not ready, repolling fd = 7
Socket not ready, repolling fd = 7
Socket not ready, repolling fd = 7
Socket not ready, repolling fd = 7
Socket not ready, repolling fd = 7
Socket not ready, repolling fd = 7
Socket not ready, repolling fd = 7
Socket not ready, repolling fd = 7
Socket not ready, repolling fd = 7
Socket not ready, repolling fd = 7
Socket not ready, repolling fd = 7
Socket not ready, repolling fd = 7
Socket not ready, repolling fd = 7
Socket not ready, repolling fd = 7
Socket not ready, repolling fd = 7
Socket not ready, repolling fd = 7
Socket not ready, repolling fd = 7
Socket not ready, repolling fd = 7
Socket not ready, repolling fd = 7
Socket not ready, repolling fd = 7
Socket not ready, repolling fd = 7
Socket not ready, repolling fd = 7
Socket not ready, repolling fd = 7
Socket not ready, repolling fd = 7
Socket not ready, repolling fd = 7
Socket not ready, repolling fd = 7
Socket not ready, repolling fd = 7
Socket not ready, repolling fd = 7
Socket not ready, repolling fd = 7
Socket not ready, repolling fd = 7
Socket not ready, repolling fd = 7
Socket not ready, repolling fd = 7
Socket not ready, repolling fd = 7
Socket not ready, repolling fd = 7
Socket not ready, repolling fd = 7
Socket not ready, repolling fd = 7
Socket not ready, repolling fd = 7
Socket not ready, repolling fd = 7
Socket not ready, repolling fd = 7
Socket not ready, repolling fd = 7
Socket not ready, repolling fd = 7
Socket not ready, repolling fd = 7
Socket not ready, repolling fd = 7
Socket not ready, repolling fd = 7
Socket not ready, repolling fd = 7
Socket not ready, repolling fd = 7
Socket not ready, repolling fd = 7
Socket not ready, repolling fd = 7
Socket not ready, repolling fd = 7
Socket not ready, repolling fd = 7
Socket not ready, repolling fd = 7
Socket not ready, repolling fd = 7
Socket not ready, repolling fd = 7
Socket not ready, repolling fd = 7
Socket not ready, repolling fd = 7
Socket not ready, repolling fd = 7
Socket not ready, repolling fd = 7
Socket not ready, repolling fd = 7
Socket not ready, repolling fd = 7
Socket not ready, repolling fd = 7
Socket not ready, repolling fd = 7
Socket not ready, repolling fd = 7
Socket not ready, repolling fd = 7
Socket not ready, repolling fd = 7
Socket not ready, repolling fd = 7
Socket not ready, repolling fd = 7
Socket not ready, repolling fd = 7
Socket not ready, repolling fd = 7
Socket not ready, repolling fd = 7
Socket not ready, repolling fd = 7
Socket not ready, repolling fd = 7
Socket not ready, repolling fd = 7
Socket not ready, repolling fd = 7
Socket not ready, repolling fd = 7
Socket not ready, repolling fd = 7
Socket not ready, repolling fd = 7
Socket not ready, repolling fd = 7
Socket not ready, repolling fd = 7
Socket not ready, repolling fd = 7
Socket not ready, repolling fd = 7
Socket not ready, repolling fd = 7
Socket not ready, repolling fd = 7
Socket not ready, repolling fd = 7
Socket not ready, repolling fd = 7
Socket not ready, repolling fd = 7
Socket not ready, repolling fd = 7
Socket not ready, repolling fd = 7
Socket not ready, repolling fd = 7
Socket not ready, repolling fd = 7
Socket not ready, repolling fd = 7
Socket not ready, repolling fd = 7
Socket not ready, repolling fd = 7
Socket not ready, repolling fd = 7
Socket not ready, repolling fd = 7
Socket not ready, repolling fd = 7
Socket not ready, repolling fd = 7
Socket not ready, repolling fd = 7
Socket not ready, repolling fd = 7
Socket not ready, repolling fd = 7
Socket not ready, repolling fd = 7
Socket not ready, repolling fd = 7
Socket not ready, repolling fd = 7
Socket not ready, repolling fd = 7
Socket not ready, repolling fd = 7
Socket not ready, repolling fd = 7
Socket not ready, repolling fd = 7
Socket not ready, repolling fd = 7
Socket not ready, repolling fd = 7
Socket not ready, repolling fd = 7
Socket not ready, repolling fd = 7
Socket not ready, repolling fd = 7
Socket not ready, repolling fd = 7
Socket not ready, repolling fd = 7
Socket not ready, repolling fd = 7
Socket not ready, repolling fd = 7
Socket not ready, repolling fd = 7
Socket not ready, repolling fd = 7
Socket not ready, repolling fd = 7
Socket not ready, repolling fd = 7
Socket not ready, repolling fd = 7
Socket not ready, repolling fd = 7
Socket not ready, repolling fd = 7
Socket not ready, repolling fd = 7
Socket not ready, repolling fd = 7
Socket not ready, repolling fd = 7
Socket not ready, repolling fd = 7
Socket not ready, repolling fd = 7
Socket not ready, repolling fd = 7
Socket not ready, repolling fd = 7
Socket not ready, repolling fd = 7
Socket not ready, repolling fd = 7
Socket not ready, repolling fd = 7
Socket not ready, repolling fd = 7
Socket not ready, repolling fd = 7
Socket not ready, repolling fd = 7
Socket not ready, repolling fd = 7
Socket not ready, repolling fd = 7
Socket not ready, repolling fd = 7
Socket not ready, repolling fd = 7
Socket not ready, repolling fd = 7
Socket not ready, repolling fd = 7
Socket not ready, repolling fd = 7
Socket not ready, repolling fd = 7
Socket not ready, repolling fd = 7
Socket not ready, repolling fd = 7
Socket not ready, repolling fd = 7
Socket not ready, repolling fd = 7
Socket not ready, repolling fd = 7
Socket not ready, repolling fd = 7
Socket not ready, repolling fd = 7
Socket not ready, repolling fd = 7
Socket not ready, repolling fd = 7
Socket not ready, repolling fd = 7
Socket not ready, repolling fd = 7
Socket not ready, repolling fd = 7
Socket not ready, repolling fd = 7
Socket not ready, repolling fd = 7
Socket not ready, repolling fd = 7
Socket not ready, repolling fd = 7
Socket not ready, repolling fd = 7
Socket not ready, repolling fd = 7
Socket not ready, repolling fd = 7
Socket not ready, repolling fd = 7
Socket not ready, repolling fd = 7
Socket not ready, repolling fd = 7
Socket not ready, repolling fd = 7
Socket not ready, repolling fd = 7
Socket not ready, repolling fd = 7
Socket not ready, repolling fd = 7
Socket not ready, repolling fd = 7
Socket not ready, repolling fd = 7
Socket not ready, repolling fd = 7
Socket not ready, repolling fd = 7
Socket not ready, repolling fd = 7
Socket not ready, repolling fd = 7
Socket not ready, repolling fd = 7
Socket not ready, repolling fd = 7
Socket not ready, repolling fd = 7
Socket not ready, repolling fd = 7
Socket not ready, repolling fd = 7
Socket not ready, repolling fd = 7
Socket not ready, repolling fd = 7
Socket not ready, repolling fd = 7
Socket not ready, repolling fd = 7
Socket not ready, repolling fd = 7
Socket not ready, repolling fd = 7
Socket not ready, repolling fd = 7
Socket not ready, repolling fd = 7
Socket not ready, repolling fd = 7
Socket not ready, repolling fd = 7
Socket not ready, repolling fd = 7
Socket not ready, repolling fd = 7
Socket not ready, repolling fd = 7
Socket not ready, repolling fd = 7
Socket not ready, repolling fd = 7
Socket not ready, repolling fd = 7
Socket not ready, repolling fd = 7
Socket not ready, repolling fd = 7
Socket not ready, repolling fd = 7
Socket not ready, repolling fd = 7
Socket not ready, repolling fd = 7
Socket not ready, repolling fd = 7
Socket not ready, repolling fd = 7
Socket not ready, repolling fd = 7
Socket not ready, repolling fd = 7
Socket not ready, repolling fd = 7
Socket not ready, repolling fd = 7
Socket not ready, repolling fd = 7
Socket not ready, repolling fd = 7
Socket not ready, repolling fd = 7
Socket not ready, repolling fd = 7
Socket not ready, repolling fd = 7
Socket not ready, repolling fd = 7
Socket not ready, repolling fd = 7
Socket not ready, repolling fd = 7
Socket not ready, repolling fd = 7
Socket not ready, repolling fd = 7
Socket not ready, repolling fd = 7
Socket not ready, repolling fd = 7
Socket not ready, repolling fd = 7
Socket not ready, repolling fd = 7
Socket not ready, repolling fd = 7
Socket not ready, repolling fd = 7
Socket not ready, repolling fd = 7
Socket not ready, repolling fd = 7
Socket not ready, repolling fd = 7
Socket not ready, repolling fd = 7
Socket not ready, repolling fd = 7
Socket not ready, repolling fd = 7
Socket not ready, repolling fd = 7
Socket not ready, repolling fd = 7
Socket not ready, repolling fd = 7
Socket not ready, repolling fd = 7
Socket not ready, repolling fd = 7
Socket not ready, repolling fd = 7
Socket not ready, repolling fd = 7
Socket not ready, repolling fd = 7
Socket not ready, repolling fd = 7
Socket not ready, repolling fd = 7
Socket not ready, repolling fd = 7
Socket not ready, repolling fd = 7
Socket not ready, repolling fd = 7
Socket not ready, repolling fd = 7
Socket not ready, repolling fd = 7
Socket not ready, repolling fd = 7
Socket not ready, repolling fd = 7
Socket not ready, repolling fd = 7
Socket not ready, repolling fd = 7
Socket not ready, repolling fd = 7
Socket not ready, repolling fd = 7
Socket not ready, repolling fd = 7
Socket not ready, repolling fd = 7
Socket not ready, repolling fd = 7
Socket not ready, repolling fd = 7
Socket not ready, repolling fd = 7
Socket not ready, repolling fd = 7
Socket not ready, repolling fd = 7
Socket not ready, repolling fd = 7
Socket not ready, repolling fd = 7
Socket not ready, repolling fd = 7
Socket not ready, repolling fd = 7
Socket not ready, repolling fd = 7
Socket not ready, repolling fd = 7
Socket not ready, repolling fd = 7
Socket not ready, repolling fd = 7
Socket not ready, repolling fd = 7
Socket not ready, repolling fd = 7
Socket not ready, repolling fd = 7
Socket not ready, repolling fd = 7
Socket not ready, repolling fd = 7
Socket not ready, repolling fd = 7
Socket not ready, repolling fd = 7
Socket not ready, repolling fd = 7
Socket not ready, repolling fd = 7
Socket not ready, repolling fd = 7
Socket not ready, repolling fd = 7
Socket not ready, repolling fd = 7
Socket not ready, repolling fd = 7
Socket not ready, repolling fd = 7
Socket not ready, repolling fd = 7
Socket not ready, repolling fd = 7
Socket not ready, repolling fd = 7
Socket not ready, repolling fd = 7
Socket not ready, repolling fd = 7
Socket not ready, repolling fd = 7
Socket not ready, repolling fd = 7
Socket not ready, repolling fd = 7
Socket not ready, repolling fd = 7
Socket not ready, repolling fd = 7
Socket not ready, repolling fd = 7
Socket not ready, repolling fd = 7
Socket not ready, repolling fd = 7
Socket not ready, repolling fd = 7
Socket not ready, repolling fd = 7
Socket not ready, repolling fd = 7
Socket not ready, repolling fd = 7
Socket not ready, repolling fd = 7
Socket not ready, repolling fd = 7
Socket not ready, repolling fd = 7
Socket not ready, repolling fd = 7
Socket not ready, repolling fd = 7
Socket not ready, repolling fd = 7
Socket not ready, repolling fd = 7
Socket not ready, repolling fd = 7
Socket not ready, repolling fd = 7
Socket not ready, repolling fd = 7
Socket not ready, repolling fd = 7
Socket not ready, repolling fd = 7
Socket not ready, repolling fd = 7
Socket not ready, repolling fd = 7
Socket not ready, repolling fd = 7
Socket not ready, repolling fd = 7
Socket not ready, repolling fd = 7
Socket not ready, repolling fd = 7
Socket not ready, repolling fd = 7
Socket not ready, repolling fd = 7
Socket not ready, repolling fd = 7
Socket not ready, repolling fd = 7
Socket not ready, repolling fd = 7
Socket not ready, repolling fd = 7
Socket not ready, repolling fd = 7
Socket not ready, repolling fd = 7
Socket not ready, repolling fd = 7
Socket not ready, repolling fd = 7
Socket not ready, repolling fd = 7
Socket not ready, repolling fd = 7
Socket not ready, repolling fd = 7
Socket not ready, repolling fd = 7
Socket not ready, repolling fd = 7
Socket not ready, repolling fd = 7
Socket not ready, repolling fd = 7
Socket not ready, repolling fd = 7
Socket not ready, repolling fd = 7
Socket not ready, repolling fd = 7
Socket not ready, repolling fd = 7
Socket not ready, repolling fd = 7
Socket not ready, repolling fd = 7
Socket not ready, repolling fd = 7
Socket not ready, repolling fd = 7
Socket not ready, repolling fd = 7
Socket not ready, repolling fd = 7
Socket not ready, repolling fd = 7
Socket not ready, repolling fd = 7
Socket not ready, repolling fd = 7
Socket not ready, repolling fd = 7
Socket not ready, repolling fd = 7
Socket not ready, repolling fd = 7
Socket not ready, repolling fd = 7
Socket not ready, repolling fd = 7
Socket not ready, repolling fd = 7
Socket not ready, repolling fd = 7
Socket not ready, repolling fd = 7
Socket not ready, repolling fd = 7
Socket not ready, repolling fd = 7
Socket not ready, repolling fd = 7
Socket not ready, repolling fd = 7
Socket not ready, repolling fd = 7
Socket not ready, repolling fd = 7
Socket not ready, repolling fd = 7
Socket not ready, repolling fd = 7
Socket not ready, repolling fd = 7
Socket not ready, repolling fd = 7
Socket not ready, repolling fd = 7
Socket not ready, repolling fd = 7
Socket not ready, repolling fd = 7
Socket not ready, repolling fd = 7
Socket not ready, repolling fd = 7
Socket not ready, repolling fd = 7
Socket not ready, repolling fd = 7
Socket not ready, repolling fd = 7
Socket not ready, repolling fd = 7
Socket not ready, repolling fd = 7
Socket not ready, repolling fd = 7
Socket not ready, repolling fd = 7
Socket not ready, repolling fd = 7
Socket not ready, repolling fd = 7
Socket not ready, repolling fd = 7
Socket not ready, repolling fd = 7
Socket not ready, repolling fd = 7
Socket not ready, repolling fd = 7
Socket not ready, repolling fd = 7
Socket not ready, repolling fd = 7
Socket not ready, repolling fd = 7
Socket not ready, repolling fd = 7
Socket not ready, repolling fd = 7
Socket not ready, repolling fd = 7
Socket not ready, repolling fd = 7
Socket not ready, repolling fd = 7
Socket not ready, repolling fd = 7
Socket not ready, repolling fd = 7
Socket not ready, repolling fd = 7
Socket not ready, repolling fd = 7
Socket not ready, repolling fd = 7
Socket not ready, repolling fd = 7
Socket not ready, repolling fd = 7
Socket not ready, repolling fd = 7
Socket not ready, repolling fd = 7
Socket not ready, repolling fd = 7
Socket not ready, repolling fd = 7
Socket not ready, repolling fd = 7
Socket not ready, repolling fd = 7
Socket not ready, repolling fd = 7
Socket not ready, repolling fd = 7
Socket not ready, repolling fd = 7
Socket not ready, repolling fd = 7
Socket not ready, repolling fd = 7
Socket not ready, repolling fd = 7
Socket not ready, repolling fd = 7
Socket not ready, repolling fd = 7
Socket not ready, repolling fd = 7
Socket not ready, repolling fd = 7
Socket not ready, repolling fd = 7
Socket not ready, repolling fd = 7
Socket not ready, repolling fd = 7
Socket not ready, repolling fd = 7
Socket not ready, repolling fd = 7
Socket not ready, repolling fd = 7
Socket not ready, repolling fd = 7
Socket not ready, repolling fd = 7
Socket not ready, repolling fd = 7
Socket not ready, repolling fd = 7
Socket not ready, repolling fd = 7
Socket not ready, repolling fd = 7
Socket not ready, repolling fd = 7
Socket not ready, repolling fd = 7
Socket not ready, repolling fd = 7
Socket not ready, repolling fd = 7
Socket not ready, repolling fd = 7
Socket not ready, repolling fd = 7
Socket not ready, repolling fd = 7
Socket not ready, repolling fd = 7
Socket not ready, repolling fd = 7
Socket not ready, repolling fd = 7
Socket not ready, repolling fd = 7
Socket not ready, repolling fd = 7
Socket not ready, repolling fd = 7
Socket not ready, repolling fd = 7
Socket not ready, repolling fd = 7
Socket not ready, repolling fd = 7
Socket not ready, repolling fd = 7
Socket not ready, repolling fd = 7
Socket not ready, repolling fd = 7
Socket not ready, repolling fd = 7
Socket not ready, repolling fd = 7
Socket not ready, repolling fd = 7
Socket not ready, repolling fd = 7
Socket not ready, repolling fd = 7
Socket not ready, repolling fd = 7
Socket not ready, repolling fd = 7
Socket not ready, repolling fd = 7
Socket not ready, repolling fd = 7
Socket not ready, repolling fd = 7
Socket not ready, repolling fd = 7
Socket not ready, repolling fd = 7
Socket not ready, repolling fd = 7
Socket not ready, repolling fd = 7
Socket not ready, repolling fd = 7
Socket not ready, repolling fd = 7
Socket not ready, repolling fd = 7
Socket not ready, repolling fd = 7
Socket not ready, repolling fd = 7
Socket not ready, repolling fd = 7
Socket not ready, repolling fd = 7
Socket not ready, repolling fd = 7
Socket not ready, repolling fd = 7
Socket not ready, repolling fd = 7
Socket not ready, repolling fd = 7
Socket not ready, repolling fd = 7
Socket not ready, repolling fd = 7
Socket not ready, repolling fd = 7
Socket not ready, repolling fd = 7
Socket not ready, repolling fd = 7
Socket not ready, repolling fd = 7
Socket not ready, repolling fd = 7
Socket not ready, repolling fd = 7
Socket not ready, repolling fd = 7
Socket not ready, repolling fd = 7
Socket not ready, repolling fd = 7
Socket not ready, repolling fd = 7
Socket not ready, repolling fd = 7
Socket not ready, repolling fd = 7
Socket not ready, repolling fd = 7
Socket not ready, repolling fd = 7
Socket not ready, repolling fd = 7
Socket not ready, repolling fd = 7
Socket not ready, repolling fd = 7
Socket not ready, repolling fd = 7
Socket not ready, repolling fd = 7
Socket not ready, repolling fd = 7
Socket not ready, repolling fd = 7
Socket not ready, repolling fd = 7
Socket not ready, repolling fd = 7
Socket not ready, repolling fd = 7
Socket not ready, repolling fd = 7
Socket not ready, repolling fd = 7
Socket not ready, repolling fd = 7
Socket not ready, repolling fd = 7
Socket not ready, repolling fd = 7
Socket not ready, repolling fd = 7
Socket not ready, repolling fd = 7
Socket not ready, repolling fd = 7
Socket not ready, repolling fd = 7
Socket not ready, repolling fd = 7
Socket not ready, repolling fd = 7
Socket not ready, repolling fd = 7
Socket not ready, repolling fd = 7
Socket not ready, repolling fd = 7
Socket not ready, repolling fd = 7
Socket not ready, repolling fd = 7
Socket not ready, repolling fd = 7
Socket not ready, repolling fd = 7
Socket not ready, repolling fd = 7
Socket not ready, repolling fd = 7
Socket not ready, repolling fd = 7
Socket not ready, repolling fd = 7
Socket not ready, repolling fd = 7
Socket not ready, repolling fd = 7
Socket not ready, repolling fd = 7
Socket not ready, repolling fd = 7
Socket not ready, repolling fd = 7
Socket not ready, repolling fd = 7
Socket not ready, repolling fd = 7
Socket not ready, repolling fd = 7
Socket not ready, repolling fd = 7
Socket not ready, repolling fd = 7
Socket not ready, repolling fd = 7
Socket not ready, repolling fd = 7
Socket not ready, repolling fd = 7
Socket not ready, repolling fd = 7
Socket not ready, repolling fd = 7
Socket not ready, repolling fd = 7
Socket not ready, repolling fd = 7
Socket not ready, repolling fd = 7
Socket not ready, repolling fd = 7
Socket not ready, repolling fd = 7
Socket not ready, repolling fd = 7
Socket not ready, repolling fd = 7
Socket not ready, repolling fd = 7
Socket not ready, repolling fd = 7
Socket not ready, repolling fd = 7
Socket not ready, repolling fd = 7
Socket not ready, repolling fd = 7
Socket not ready, repolling fd = 7
Socket not ready, repolling fd = 7
Socket not ready, repolling fd = 7
Socket not ready, repolling fd = 7
Socket not ready, repolling fd = 7
Socket not ready, repolling fd = 7
Socket not ready, repolling fd = 7
Socket not ready, repolling fd = 7
Socket not ready, repolling fd = 7
Socket not ready, repolling fd = 7
Socket not ready, repolling fd = 7
Socket not ready, repolling fd = 7
Socket not ready, repolling fd = 7
Socket not ready, repolling fd = 7
Socket not ready, repolling fd = 7
Socket not ready, repolling fd = 7
Socket not ready, repolling fd = 7
Socket not ready, repolling fd = 7
Socket not ready, repolling fd = 7
Socket not ready, repolling fd = 7
Socket not ready, repolling fd = 7
Socket not ready, repolling fd = 7
Socket not ready, repolling fd = 7
Socket not ready, repolling fd = 7
Socket not ready, repolling fd = 7
Socket not ready, repolling fd = 7
Socket not ready, repolling fd = 7
Socket not ready, repolling fd = 7
Socket not ready, repolling fd = 7
Socket not ready, repolling fd = 7
Socket not ready, repolling fd = 7
Socket not ready, repolling fd = 7
Socket not ready, repolling fd = 7
Socket not ready, repolling fd = 7
Socket not ready, repolling fd = 7
Socket not ready, repolling fd = 7
Socket not ready, repolling fd = 7
Socket not ready, repolling fd = 7
Socket not ready, repolling fd = 7
Socket not ready, repolling fd = 7
Socket not ready, repolling fd = 7
Socket not ready, repolling fd = 7
Socket not ready, repolling fd = 7
Socket not ready, repolling fd = 7
Socket not ready, repolling fd = 7
Socket not ready, repolling fd = 7
Socket not ready, repolling fd = 7
Socket not ready, repolling fd = 7
Socket not ready, repolling fd = 7
Socket not ready, repolling fd = 7
Socket not ready, repolling fd = 7
Socket not ready, repolling fd = 7
Socket not ready, repolling fd = 7
Socket not ready, repolling fd = 7
Socket not ready, repolling fd = 7
Socket not ready, repolling fd = 7
Socket not ready, repolling fd = 7
Socket not ready, repolling fd = 7
Socket not ready, repolling fd = 7
Socket not ready, repolling fd = 7
Socket not ready, repolling fd = 7
Socket not ready, repolling fd = 7
Socket not ready, repolling fd = 7
Socket not ready, repolling fd = 7
Socket not ready, repolling fd = 7
Socket not ready, repolling fd = 7
Socket not ready, repolling fd = 7
Socket not ready, repolling fd = 7
Socket not ready, repolling fd = 7
Socket not ready, repolling fd = 7
Socket not ready, repolling fd = 7
Socket not ready, repolling fd = 7
Socket not ready, repolling fd = 7
Socket not ready, repolling fd = 7
Socket not ready, repolling fd = 7
Socket not ready, repolling fd = 7
Socket not ready, repolling fd = 7
Socket not ready, repolling fd = 7
Socket not ready, repolling fd = 7
Socket not ready, repolling fd = 7
Socket not ready, repolling fd = 7
Socket not ready, repolling fd = 7
Socket not ready, repolling fd = 7
Socket not ready, repolling fd = 7
Socket not ready, repolling fd = 7
Socket not ready, repolling fd = 7
Socket not ready, repolling fd = 7
Socket not ready, repolling fd = 7
Socket not ready, repolling fd = 7
Socket not ready, repolling fd = 7
Socket not ready, repolling fd = 7
Socket not ready, repolling fd = 7
Socket not ready, repolling fd = 7
Socket not ready, repolling fd = 7
Socket not ready, repolling fd = 7
Socket not ready, repolling fd = 7
Socket not ready, repolling fd = 7
Socket not ready, repolling fd = 7
Socket not ready, repolling fd = 7
Socket not ready, repolling fd = 7
Socket not ready, repolling fd = 7
Socket not ready, repolling fd = 7
Socket not ready, repolling fd = 7
Socket not ready, repolling fd = 7
Socket not ready, repolling fd = 7
Socket not ready, repolling fd = 7
Socket not ready, repolling fd = 7
Socket not ready, repolling fd = 7
Socket not ready, repolling fd = 7
Socket not ready, repolling fd = 7
Socket not ready, repolling fd = 7
Socket not ready, repolling fd = 7
Socket not ready, repolling fd = 7
Socket not ready, repolling fd = 7
Socket not ready, repolling fd = 7
Socket not ready, repolling fd = 7
Socket not ready, repolling fd = 7
Socket not ready, repolling fd = 7
Socket not ready, repolling fd = 7
Socket not ready, repolling fd = 7
Socket not ready, repolling fd = 7
Socket not ready, repolling fd = 7
Socket not ready, repolling fd = 7
Socket not ready, repolling fd = 7
Socket not ready, repolling fd = 7
Socket not ready, repolling fd = 7
Socket not ready, repolling fd = 7
Socket not ready, repolling fd = 7
Socket not ready, repolling fd = 7
Socket not ready, repolling fd = 7
Socket not ready, repolling fd = 7
Socket not ready, repolling fd = 7
Socket not ready, repolling fd = 7
Socket not ready, repolling fd = 7
Socket not ready, repolling fd = 7
Socket not ready, repolling fd = 7
Socket not ready, repolling fd = 7
Socket not ready, repolling fd = 7
Socket not ready, repolling fd = 7
Socket not ready, repolling fd = 7
Socket not ready, repolling fd = 7
Socket not ready, repolling fd = 7
Socket not ready, repolling fd = 7
Socket not ready, repolling fd = 7
Socket not ready, repolling fd = 7
Socket not ready, repolling fd = 7
Socket not ready, repolling fd = 7
Socket not ready, repolling fd = 7
Socket not ready, repolling fd = 7
Socket not ready, repolling fd = 7
Socket not ready, repolling fd = 7
Socket not ready, repolling fd = 7
Socket not ready, repolling fd = 7
Socket not ready, repolling fd = 7
Socket not ready, repolling fd = 7
Socket not ready, repolling fd = 7
Socket not ready, repolling fd = 7
Socket not ready, repolling fd = 7
Socket not ready, repolling fd = 7
Socket not ready, repolling fd = 7
Socket not ready, repolling fd = 7
Socket not ready, repolling fd = 7
Socket not ready, repolling fd = 7
Socket not ready, repolling fd = 7
Socket not ready, repolling fd = 7
Socket not ready, repolling fd = 7
Socket not ready, repolling fd = 7
Socket not ready, repolling fd = 7
Socket not ready, repolling fd = 7
Socket not ready, repolling fd = 7
Socket not ready, repolling fd = 7
Socket not ready, repolling fd = 7
Socket not ready, repolling fd = 7
Socket not ready, repolling fd = 7
Socket not ready, repolling fd = 7
Socket not ready, repolling fd = 7
Socket not ready, repolling fd = 7
Socket not ready, repolling fd = 7
Socket not ready, repolling fd = 7
Socket not ready, repolling fd = 7
Socket not ready, repolling fd = 7
Socket not ready, repolling fd = 7
Socket not ready, repolling fd = 7
Socket not ready, repolling fd = 7
Socket not ready, repolling fd = 7
Socket not ready, repolling fd = 7
Socket not ready, repolling fd = 7
Socket not ready, repolling fd = 7
Socket not ready, repolling fd = 7
Socket not ready, repolling fd = 7
Socket not ready, repolling fd = 7
Socket not ready, repolling fd = 7
Socket not ready, repolling fd = 7
Socket not ready, repolling fd = 7
Socket not ready, repolling fd = 7
Socket not ready, repolling fd = 7
Socket not ready, repolling fd = 7
Socket not ready, repolling fd = 7
Socket not ready, repolling fd = 7
Socket not ready, repolling fd = 7
Socket not ready, repolling fd = 7
Socket not ready, repolling fd = 7
Socket not ready, repolling fd = 7
Socket not ready, repolling fd = 7
Socket not ready, repolling fd = 7
Socket not ready, repolling fd = 7
Socket not ready, repolling fd = 7
Socket not ready, repolling fd = 7
Socket not ready, repolling fd = 7
Socket not ready, repolling fd = 7
Socket not ready, repolling fd = 7
Socket not ready, repolling fd = 7
Socket not ready, repolling fd = 7
Socket not ready, repolling fd = 7
Socket not ready, repolling fd = 7
Socket not ready, repolling fd = 7
Socket not ready, repolling fd = 7
Socket not ready, repolling fd = 7
Socket not ready, repolling fd = 7
Socket not ready, repolling fd = 7
Socket not ready, repolling fd = 7
Socket not ready, repolling fd = 7
Socket not ready, repolling fd = 7
Socket not ready, repolling fd = 7
Socket not ready, repolling fd = 7
Socket not ready, repolling fd = 7
Socket not ready, repolling fd = 7
Socket not ready, repolling fd = 7
Socket not ready, repolling fd = 7
Socket not ready, repolling fd = 7
Socket not ready, repolling fd = 7
Socket not ready, repolling fd = 7
Socket not ready, repolling fd = 7
Socket not ready, repolling fd = 7
Socket not ready, repolling fd = 7
Socket not ready, repolling fd = 7
Socket not ready, repolling fd = 7
Socket not ready, repolling fd = 7
Socket not ready, repolling fd = 7
Socket not ready, repolling fd = 7
Socket not ready, repolling fd = 7
Socket not ready, repolling fd = 7
Socket not ready, repolling fd = 7
Socket not ready, repolling fd = 7
Socket not ready, repolling fd = 7
Socket not ready, repolling fd = 7
Socket not ready, repolling fd = 7
Socket not ready, repolling fd = 7
Socket not ready, repolling fd = 7
Socket not ready, repolling fd = 7
Socket not ready, repolling fd = 7
Socket not ready, repolling fd = 7
Socket not ready, repolling fd = 7
Socket not ready, repolling fd = 7
Socket not ready, repolling fd = 7
Socket not ready, repolling fd = 7
Socket not ready, repolling fd = 7
Socket not ready, repolling fd = 7
Socket not ready, repolling fd = 7
Socket not ready, repolling fd = 7
Socket not ready, repolling fd = 7
Socket not ready, repolling fd = 7
Socket not ready, repolling fd = 7
Socket not ready, repolling fd = 7
Socket not ready, repolling fd = 7
Socket not ready, repolling fd = 7
Socket not ready, repolling fd = 7
Socket not ready, repolling fd = 7
Socket not ready, repolling fd = 7
Socket not ready, repolling fd = 7
Socket not ready, repolling fd = 7
Socket not ready, repolling fd = 7
Socket not ready, repolling fd = 7
Socket not ready, repolling fd = 7
Socket not ready, repolling fd = 7
Socket not ready, repolling fd = 7
Socket not ready, repolling fd = 7
Socket not ready, repolling fd = 7
Socket not ready, repolling fd = 7
Socket not ready, repolling fd = 7
Socket not ready, repolling fd = 7
Socket not ready, repolling fd = 7
Socket not ready, repolling fd = 7
Socket not ready, repolling fd = 7
Socket not ready, repolling fd = 7
Socket not ready, repolling fd = 7
Socket not ready, repolling fd = 7
Socket not ready, repolling fd = 7
Socket not ready, repolling fd = 7
Socket not ready, repolling fd = 7
Socket not ready, repolling fd = 7
Socket not ready, repolling fd = 7
Socket not ready, repolling fd = 7
Socket not ready, repolling fd = 7
Socket not ready, repolling fd = 7
Socket not ready, repolling fd = 7
Socket not ready, repolling fd = 7
Socket not ready, repolling fd = 7
Socket not ready, repolling fd = 7
Socket not ready, repolling fd = 7
Socket not ready, repolling fd = 7
Socket not ready, repolling fd = 7
Socket not ready, repolling fd = 7
Socket not ready, repolling fd = 7
Socket not ready, repolling fd = 7
Socket not ready, repolling fd = 7
Socket not ready, repolling fd = 7
Socket not ready, repolling fd = 7
Socket not ready, repolling fd = 7
Socket not ready, repolling fd = 7
Socket not ready, repolling fd = 7
Socket not ready, repolling fd = 7
Socket not ready, repolling fd = 7
Socket not ready, repolling fd = 7
Socket not ready, repolling fd = 7
Socket not ready, repolling fd = 7
Socket not ready, repolling fd = 7
Socket not ready, repolling fd = 7
Socket not ready, repolling fd = 7
Socket not ready, repolling fd = 7
Socket not ready, repolling fd = 7
Socket not ready, repolling fd = 7
Socket not ready, repolling fd = 7
Socket not ready, repolling fd = 7
Socket not ready, repolling fd = 7
Socket not ready, repolling fd = 7
Socket not ready, repolling fd = 7
Socket not ready, repolling fd = 7
Socket not ready, repolling fd = 7
Socket not ready, repolling fd = 7
Socket not ready, repolling fd = 7
Socket not ready, repolling fd = 7
Socket not ready, repolling fd = 7
Socket not ready, repolling fd = 7
Socket not ready, repolling fd = 7
Socket not ready, repolling fd = 7
Socket not ready, repolling fd = 7
Socket not ready, repolling fd = 7
Socket not ready, repolling fd = 7
Socket not ready, repolling fd = 7
Socket not ready, repolling fd = 7
Socket not ready, repolling fd = 7
Socket not ready, repolling fd = 7
Socket not ready, repolling fd = 7
Socket not ready, repolling fd = 7
Socket not ready, repolling fd = 7
Socket not ready, repolling fd = 7
Socket not ready, repolling fd = 7
Socket not ready, repolling fd = 7
Socket not ready, repolling fd = 7
Socket not ready, repolling fd = 7
Socket not ready, repolling fd = 7
Socket not ready, repolling fd = 7
Socket not ready, repolling fd = 7
Socket not ready, repolling fd = 7
Socket not ready, repolling fd = 7
Socket not ready, repolling fd = 7
Socket not ready, repolling fd = 7
Socket not ready, repolling fd = 7
Socket not ready, repolling fd = 7
Socket not ready, repolling fd = 7
Socket not ready, repolling fd = 7
Socket not ready, repolling fd = 7
Socket not ready, repolling fd = 7
Socket not ready, repolling fd = 7
Socket not ready, repolling fd = 7
Socket not ready, repolling fd = 7
Socket not ready, repolling fd = 7
Socket not ready, repolling fd = 7
Socket not ready, repolling fd = 7
Socket not ready, repolling fd = 7
Socket not ready, repolling fd = 7
Socket not ready, repolling fd = 7
Socket not ready, repolling fd = 7
Socket not ready, repolling fd = 7
Socket not ready, repolling fd = 7
Socket not ready, repolling fd = 7
Socket not ready, repolling fd = 7
Socket not ready, repolling fd = 7
Socket not ready, repolling fd = 7
Socket not ready, repolling fd = 7
Socket not ready, repolling fd = 7
Socket not ready, repolling fd = 7
Socket not ready, repolling fd = 7
Socket not ready, repolling fd = 7
Socket not ready, repolling fd = 7
Socket not ready, repolling fd = 7
Socket not ready, repolling fd = 7
Socket not ready, repolling fd = 7
Socket not ready, repolling fd = 7
Socket not ready, repolling fd = 7
Socket not ready, repolling fd = 7
Socket not ready, repolling fd = 7
Socket not ready, repolling fd = 7
Socket not ready, repolling fd = 7
Socket not ready, repolling fd = 7
Socket not ready, repolling fd = 7
Socket not ready, repolling fd = 7
Socket not ready, repolling fd = 7
Socket not ready, repolling fd = 7
Socket not ready, repolling fd = 7
Socket not ready, repolling fd = 7
Socket not ready, repolling fd = 7
Socket not ready, repolling fd = 7
Socket not ready, repolling fd = 7
Socket not ready, repolling fd = 7
Socket not ready, repolling fd = 7
Socket not ready, repolling fd = 7
Socket not ready, repolling fd = 7
Socket not ready, repolling fd = 7
Socket not ready, repolling fd = 7
Socket not ready, repolling fd = 7
Socket not ready, repolling fd = 7
Socket not ready, repolling fd = 7
Socket not ready, repolling fd = 7
Socket not ready, repolling fd = 7
Socket not ready, repolling fd = 7
Socket not ready, repolling fd = 7
Socket not ready, repolling fd = 7
Socket not ready, repolling fd = 7
Socket not ready, repolling fd = 7
Socket not ready, repolling fd = 7
Socket not ready, repolling fd = 7
Socket not ready, repolling fd = 7
Socket not ready, repolling fd = 7
Socket not ready, repolling fd = 7
Socket not ready, repolling fd = 7
Socket not ready, repolling fd = 7
Socket not ready, repolling fd = 7
Socket not ready, repolling fd = 7
Socket not ready, repolling fd = 7
Socket not ready, repolling fd = 7
Socket not ready, repolling fd = 7
Socket not ready, repolling fd = 7
Socket not ready, repolling fd = 7
Socket not ready, repolling fd = 7
Socket not ready, repolling fd = 7
Socket not ready, repolling fd = 7
Socket not ready, repolling fd = 7
Socket not ready, repolling fd = 7
Socket not ready, repolling fd = 7
Socket not ready, repolling fd = 7
Socket not ready, repolling fd = 7
Socket not ready, repolling fd = 7
Socket not ready, repolling fd = 7
Socket not ready, repolling fd = 7
Socket not ready, repolling fd = 7
Socket not ready, repolling fd = 7
Socket not ready, repolling fd = 7
Socket not ready, repolling fd = 7
Socket not ready, repolling fd = 7
Socket not ready, repolling fd = 7
Socket not ready, repolling fd = 7
Socket not ready, repolling fd = 7
Socket not ready, repolling fd = 7
Socket not ready, repolling fd = 7
Socket not ready, repolling fd = 7
Socket not ready, repolling fd = 7
Socket not ready, repolling fd = 7
Socket not ready, repolling fd = 7
Socket not ready, repolling fd = 7
Socket not ready, repolling fd = 7
Socket not ready, repolling fd = 7
Socket not ready, repolling fd = 7
Socket not ready, repolling fd = 7
Socket not ready, repolling fd = 7
Socket not ready, repolling fd = 7
Socket not ready, repolling fd = 7
Socket not ready, repolling fd = 7
Socket not ready, repolling fd = 7
Socket not ready, repolling fd = 7
Socket not ready, repolling fd = 7
Socket not ready, repolling fd = 7
Socket not ready, repolling fd = 7
Socket not ready, repolling fd = 7
Socket not ready, repolling fd = 7
Socket not ready, repolling fd = 7
Socket not ready, repolling fd = 7
Socket not ready, repolling fd = 7
Socket not ready, repolling fd = 7
Socket not ready, repolling fd = 7
Socket not ready, repolling fd = 7
Socket not ready, repolling fd = 7
Socket not ready, repolling fd = 7
Socket not ready, repolling fd = 7
Socket not ready, repolling fd = 7
Socket not ready, repolling fd = 7
Socket not ready, repolling fd = 7
Socket not ready, repolling fd = 7
Socket not ready, repolling fd = 7
Socket not ready, repolling fd = 7
Socket not ready, repolling fd = 7
Socket not ready, repolling fd = 7
Socket not ready, repolling fd = 7
Socket not ready, repolling fd = 7
Socket not ready, repolling fd = 7
Socket not ready, repolling fd = 7
Socket not ready, repolling fd = 7
Socket not ready, repolling fd = 7
Socket not ready, repolling fd = 7
Socket not ready, repolling fd = 7
Socket not ready, repolling fd = 7
Socket not ready, repolling fd = 7
Socket not ready, repolling fd = 7
Socket not ready, repolling fd = 7
Socket not ready, repolling fd = 7
Socket not ready, repolling fd = 7
Socket not ready, repolling fd = 7
Socket not ready, repolling fd = 7
Socket not ready, repolling fd = 7
Socket not ready, repolling fd = 7
Socket not ready, repolling fd = 7
Socket not ready, repolling fd = 7
Socket not ready, repolling fd = 7
Socket not ready, repolling fd = 7
Socket not ready, repolling fd = 7
Socket not ready, repolling fd = 7
Socket not ready, repolling fd = 7
Socket not ready, repolling fd = 7
Socket not ready, repolling fd = 7
Socket not ready, repolling fd = 7
Socket not ready, repolling fd = 7
Socket not ready, repolling fd = 7
Socket not ready, repolling fd = 7
Socket not ready, repolling fd = 7
Socket not ready, repolling fd = 7
Socket not ready, repolling fd = 7
Socket not ready, repolling fd = 7
Socket not ready, repolling fd = 7
Socket not ready, repolling fd = 7
Socket not ready, repolling fd = 7
Socket not ready, repolling fd = 7
Socket not ready, repolling fd = 7
Socket not ready, repolling fd = 7
Socket not ready, repolling fd = 7
Socket not ready, repolling fd = 7
Socket not ready, repolling fd = 7
Socket not ready, repolling fd = 7
Socket not ready, repolling fd = 7
Socket not ready, repolling fd = 7
Socket not ready, repolling fd = 7
Socket not ready, repolling fd = 7
Socket not ready, repolling fd = 7
Socket not ready, repolling fd = 7
Socket not ready, repolling fd = 7
Socket not ready, repolling fd = 7
Socket not ready, repolling fd = 7
Socket not ready, repolling fd = 7
Socket not ready, repolling fd = 7
Socket not ready, repolling fd = 7
Socket not ready, repolling fd = 7
Socket not ready, repolling fd = 7
Socket not ready, repolling fd = 7
Socket not ready, repolling fd = 7
Socket not ready, repolling fd = 7
Socket not ready, repolling fd = 7
Socket not ready, repolling fd = 7
Socket not ready, repolling fd = 7
Socket not ready, repolling fd = 7
Socket not ready, repolling fd = 7
Socket not ready, repolling fd = 7
Socket not ready, repolling fd = 7
Socket not ready, repolling fd = 7
Socket not ready, repolling fd = 7
Socket not ready, repolling fd = 7
Socket not ready, repolling fd = 7
Socket not ready, repolling fd = 7
Socket not ready, repolling fd = 7
Socket not ready, repolling fd = 7
Socket not ready, repolling fd = 7
Socket not ready, repolling fd = 7
Socket not ready, repolling fd = 7
Socket not ready, repolling fd = 7
Socket not ready, repolling fd = 7
Socket not ready, repolling fd = 7
Socket not ready, repolling fd = 7
Socket not ready, repolling fd = 7
Socket not ready, repolling fd = 7
Socket not ready, repolling fd = 7
Socket not ready, repolling fd = 7
Socket not ready, repolling fd = 7
Socket not ready, repolling fd = 7
Socket not ready, repolling fd = 7
Socket not ready, repolling fd = 7
Socket not ready, repolling fd = 7
Socket not ready, repolling fd = 7
Socket not ready, repolling fd = 7
Socket not ready, repolling fd = 7
Socket not ready, repolling fd = 7
Socket not ready, repolling fd = 7
Socket not ready, repolling fd = 7
Socket not ready, repolling fd = 7
Socket not ready, repolling fd = 7
Socket not ready, repolling fd = 7
Socket not ready, repolling fd = 7
Socket not ready, repolling fd = 7
Socket not ready, repolling fd = 7
Socket not ready, repolling fd = 7
Socket not ready, repolling fd = 7
Socket not ready, repolling fd = 7
Socket not ready, repolling fd = 7
Socket not ready, repolling fd = 7
Socket not ready, repolling fd = 7
Socket not ready, repolling fd = 7
Socket not ready, repolling fd = 7
Socket not ready, repolling fd = 7
Socket not ready, repolling fd = 7
Socket not ready, repolling fd = 7
Socket not ready, repolling fd = 7
Socket not ready, repolling fd = 7
Socket not ready, repolling fd = 7
Socket not ready, repolling fd = 7
Socket not ready, repolling fd = 7
Socket not ready, repolling fd = 7
Socket not ready, repolling fd = 7
Socket not ready, repolling fd = 7
Socket not ready, repolling fd = 7
Socket not ready, repolling fd = 7
Socket not ready, repolling fd = 7
Socket not ready, repolling fd = 7
Socket not ready, repolling fd = 7
Socket not ready, repolling fd = 7
Socket not ready, repolling fd = 7
Socket not ready, repolling fd = 7
Socket not ready, repolling fd = 7
Socket not ready, repolling fd = 7
Socket not ready, repolling fd = 7
Socket not ready, repolling fd = 7
Socket not ready, repolling fd = 7
Socket not ready, repolling fd = 7
Socket not ready, repolling fd = 7
Socket not ready, repolling fd = 7
Socket not ready, repolling fd = 7
Socket not ready, repolling fd = 7
Socket not ready, repolling fd = 7
Socket not ready, repolling fd = 7
Socket not ready, repolling fd = 7
Socket not ready, repolling fd = 7
Socket not ready, repolling fd = 7
Socket not ready, repolling fd = 7
Socket not ready, repolling fd = 7
Socket not ready, repolling fd = 7
Socket not ready, repolling fd = 7
Socket not ready, repolling fd = 7
Socket not ready, repolling fd = 7
Socket not ready, repolling fd = 7
Socket not ready, repolling fd = 7
Socket not ready, repolling fd = 7
Socket not ready, repolling fd = 7
Socket not ready, repolling fd = 7
Socket not ready, repolling fd = 7
Socket not ready, repolling fd = 7
Socket not ready, repolling fd = 7
Socket not ready, repolling fd = 7
Socket not ready, repolling fd = 7
Socket not ready, repolling fd = 7
Socket not ready, repolling fd = 7
Socket not ready, repolling fd = 7
Socket not ready, repolling fd = 7
Socket not ready, repolling fd = 7
Socket not ready, repolling fd = 7
Socket not ready, repolling fd = 7
Socket not ready, repolling fd = 7
Socket not ready, repolling fd = 7
Socket not ready, repolling fd = 7
Socket not ready, repolling fd = 7
Socket not ready, repolling fd = 7
Socket not ready, repolling fd = 7
Socket not ready, repolling fd = 7
Socket not ready, repolling fd = 7
Socket not ready, repolling fd = 7
Socket not ready, repolling fd = 7
Socket not ready, repolling fd = 7
Socket not ready, repolling fd = 7
Socket not ready, repolling fd = 7
Socket not ready, repolling fd = 7
Socket not ready, repolling fd = 7
Socket not ready, repolling fd = 7
Socket not ready, repolling fd = 7
Socket not ready, repolling fd = 7
Socket not ready, repolling fd = 7
Socket not ready, repolling fd = 7
Socket not ready, repolling fd = 7
Socket not ready, repolling fd = 7
Socket not ready, repolling fd = 7
Socket not ready, repolling fd = 7
Socket not ready, repolling fd = 7
Socket not ready, repolling fd = 7
Socket not ready, repolling fd = 7
Socket not ready, repolling fd = 7
Socket not ready, repolling fd = 7
Socket not ready, repolling fd = 7
Socket not ready, repolling fd = 7
Socket not ready, repolling fd = 7
Socket not ready, repolling fd = 7
Socket not ready, repolling fd = 7
Socket not ready, repolling fd = 7
Socket not ready, repolling fd = 7
Socket not ready, repolling fd = 7
Socket not ready, repolling fd = 7
Socket not ready, repolling fd = 7
Socket not ready, repolling fd = 7
Socket not ready, repolling fd = 7
Socket not ready, repolling fd = 7
Socket not ready, repolling fd = 7
Socket not ready, repolling fd = 7
Socket not ready, repolling fd = 7
Socket not ready, repolling fd = 7
Socket not ready, repolling fd = 7
Socket not ready, repolling fd = 7
Socket not ready, repolling fd = 7
Socket not ready, repolling fd = 7
Socket not ready, repolling fd = 7
Socket not ready, repolling fd = 7
Socket not ready, repolling fd = 7
Socket not ready, repolling fd = 7
Socket not ready, repolling fd = 7
Socket not ready, repolling fd = 7
Socket not ready, repolling fd = 7
Socket not ready, repolling fd = 7
Socket not ready, repolling fd = 7
Socket not ready, repolling fd = 7
Socket not ready, repolling fd = 7
Socket not ready, repolling fd = 7
Socket not ready, repolling fd = 7
Socket not ready, repolling fd = 7
Socket not ready, repolling fd = 7
Socket not ready, repolling fd = 7
Socket not ready, repolling fd = 7
Socket not ready, repolling fd = 7
Socket not ready, repolling fd = 7
Socket not ready, repolling fd = 7
Socket not ready, repolling fd = 7
Socket not ready, repolling fd = 7
Socket not ready, repolling fd = 7
Socket not ready, repolling fd = 7
Socket not ready, repolling fd = 7
Socket not ready, repolling fd = 7
Socket not ready, repolling fd = 7
Socket not ready, repolling fd = 7
Socket not ready, repolling fd = 7
Socket not ready, repolling fd = 7
Socket not ready, repolling fd = 7
Socket not ready, repolling fd = 7
Socket not ready, repolling fd = 7
Socket not ready, repolling fd = 7
Socket not ready, repolling fd = 7
Socket not ready, repolling fd = 7
Socket not ready, repolling fd = 7
Socket not ready, repolling fd = 7
Socket not ready, repolling fd = 7
Socket not ready, repolling fd = 7
Socket not ready, repolling fd = 7
Socket not ready, repolling fd = 7
Socket not ready, repolling fd = 7
Socket not ready, repolling fd = 7
Socket not ready, repolling fd = 7
Socket not ready, repolling fd = 7
Socket not ready, repolling fd = 7
Socket not ready, repolling fd = 7
Socket not ready, repolling fd = 7
Socket not ready, repolling fd = 7
Socket not ready, repolling fd = 7
Socket not ready, repolling fd = 7
Socket not ready, repolling fd = 7
Socket not ready, repolling fd = 7
Socket not ready, repolling fd = 7
Socket not ready, repolling fd = 7
Socket not ready, repolling fd = 7
Socket not ready, repolling fd = 7
Socket not ready, repolling fd = 7
Socket not ready, repolling fd = 7
Socket not ready, repolling fd = 7
Socket not ready, repolling fd = 7
Socket not ready, repolling fd = 7
Socket not ready, repolling fd = 7
Socket not ready, repolling fd = 7
Socket not ready, repolling fd = 7
Socket not ready, repolling fd = 7
Socket not ready, repolling fd = 7
Socket not ready, repolling fd = 7
Socket not ready, repolling fd = 7
Socket not ready, repolling fd = 7
Socket not ready, repolling fd = 7
Socket not ready, repolling fd = 7
Socket not ready, repolling fd = 7
Socket not ready, repolling fd = 7
Socket not ready, repolling fd = 7
Socket not ready, repolling fd = 7
Socket not ready, repolling fd = 7
Socket not ready, repolling fd = 7
Socket not ready, repolling fd = 7
Socket not ready, repolling fd = 7
Socket not ready, repolling fd = 7
Socket not ready, repolling fd = 7
Socket not ready, repolling fd = 7
Socket not ready, repolling fd = 7
Socket not ready, repolling fd = 7
Socket not ready, repolling fd = 7
Socket not ready, repolling fd = 7
Socket not ready, repolling fd = 7
Socket not ready, repolling fd = 7
Socket not ready, repolling fd = 7
Socket not ready, repolling fd = 7
Socket not ready, repolling fd = 7
Socket not ready, repolling fd = 7
Socket not ready, repolling fd = 7
Socket not ready, repolling fd = 7
Socket not ready, repolling fd = 7
Socket not ready, repolling fd = 7
Socket not ready, repolling fd = 7
Socket not ready, repolling fd = 7
Socket not ready, repolling fd = 7
Socket not ready, repolling fd = 7
Socket not ready, repolling fd = 7
Socket not ready, repolling fd = 7
Socket not ready, repolling fd = 7
Socket not ready, repolling fd = 7
Socket not ready, repolling fd = 7
Socket not ready, repolling fd = 7
Socket not ready, repolling fd = 7
Socket not ready, repolling fd = 7
Socket not ready, repolling fd = 7
Socket not ready, repolling fd = 7
Socket not ready, repolling fd = 7
Socket not ready, repolling fd = 7
Socket not ready, repolling fd = 7
Socket not ready, repolling fd = 7
Socket not ready, repolling fd = 7
Socket not ready, repolling fd = 7
Socket not ready, repolling fd = 7
Socket not ready, repolling fd = 7
Socket not ready, repolling fd = 7
Socket not ready, repolling fd = 7
Socket not ready, repolling fd = 7
Socket not ready, repolling fd = 7
Socket not ready, repolling fd = 7
Socket not ready, repolling fd = 7
Socket not ready, repolling fd = 7
Socket not ready, repolling fd = 7
Socket not ready, repolling fd = 7
Socket not ready, repolling fd = 7
Socket not ready, repolling fd = 7
Socket not ready, repolling fd = 7
Socket not ready, repolling fd = 7
Socket not ready, repolling fd = 7
Socket not ready, repolling fd = 7
Socket not ready, repolling fd = 7
Socket not ready, repolling fd = 7
Socket not ready, repolling fd = 7
Socket not ready, repolling fd = 7
Socket not ready, repolling fd = 7
Socket not ready, repolling fd = 7
Socket not ready, repolling fd = 7
Socket not ready, repolling fd = 7
Socket not ready, repolling fd = 7
Socket not ready, repolling fd = 7
Socket not ready, repolling fd = 7
Socket not ready, repolling fd = 7
Socket not ready, repolling fd = 7
Socket not ready, repolling fd = 7
Socket not ready, repolling fd = 7
Socket not ready, repolling fd = 7
Socket not ready, repolling fd = 7
Socket not ready, repolling fd = 7
Socket not ready, repolling fd = 7
Socket not ready, repolling fd = 7
Socket not ready, repolling fd = 7
Socket not ready, repolling fd = 7
Socket not ready, repolling fd = 7
Socket not ready, repolling fd = 7
Socket not ready, repolling fd = 7
Socket not ready, repolling fd = 7
Socket not ready, repolling fd = 7
Socket not ready, repolling fd = 7
Socket not ready, repolling fd = 7
Socket not ready, repolling fd = 7
Socket not ready, repolling fd = 7
Socket not ready, repolling fd = 7
Socket not ready, repolling fd = 7
Socket not ready, repolling fd = 7
Socket not ready, repolling fd = 7
Socket not ready, repolling fd = 7
Socket not ready, repolling fd = 7
Socket not ready, repolling fd = 7
Socket not ready, repolling fd = 7
Socket not ready, repolling fd = 7
Socket not ready, repolling fd = 7
Socket not ready, repolling fd = 7
Socket not ready, repolling fd = 7
Socket not ready, repolling fd = 7
Socket not ready, repolling fd = 7
Socket not ready, repolling fd = 7
Socket not ready, repolling fd = 7
Socket not ready, repolling fd = 7
Socket not ready, repolling fd = 7
Socket not ready, repolling fd = 7
Socket not ready, repolling fd = 7
Socket not ready, repolling fd = 7
Socket not ready, repolling fd = 7
Socket not ready, repolling fd = 7
Socket not ready, repolling fd = 7
Socket not ready, repolling fd = 7
Socket not ready, repolling fd = 7
Socket not ready, repolling fd = 7
Socket not ready, repolling fd = 7
Socket not ready, repolling fd = 7
Socket not ready, repolling fd = 7
Socket not ready, repolling fd = 7
Socket not ready, repolling fd = 7
Socket not ready, repolling fd = 7
Socket not ready, repolling fd = 7
Socket not ready, repolling fd = 7
Socket not ready, repolling fd = 7
Socket not ready, repolling fd = 7
Socket not ready, repolling fd = 7
Socket not ready, repolling fd = 7
Socket not ready, repolling fd = 7
Socket not ready, repolling fd = 7
Socket not ready, repolling fd = 7
Socket not ready, repolling fd = 7
Socket not ready, repolling fd = 7
Socket not ready, repolling fd = 7
Socket not ready, repolling fd = 7
Socket not ready, repolling fd = 7
Socket not ready, repolling fd = 7
Socket not ready, repolling fd = 7
Socket not ready, repolling fd = 7
Socket not ready, repolling fd = 7
Socket not ready, repolling fd = 7
Socket not ready, repolling fd = 7
Socket not ready, repolling fd = 7
Socket not ready, repolling fd = 7
Socket not ready, repolling fd = 7
Socket not ready, repolling fd = 7
Socket not ready, repolling fd = 7
Socket not ready, repolling fd = 7
Socket not ready, repolling fd = 7
Socket not ready, repolling fd = 7
Socket not ready, repolling fd = 7
Socket not ready, repolling fd = 7
Socket not ready, repolling fd = 7
Socket not ready, repolling fd = 7
Socket not ready, repolling fd = 7
Socket not ready, repolling fd = 7
Socket not ready, repolling fd = 7
Socket not ready, repolling fd = 7
Socket not ready, repolling fd = 7
Socket not ready, repolling fd = 7
Socket not ready, repolling fd = 7
Socket not ready, repolling fd = 7
Socket not ready, repolling fd = 7
Socket not ready, repolling fd = 7
Socket not ready, repolling fd = 7
Socket not ready, repolling fd = 7
Socket not ready, repolling fd = 7
Socket not ready, repolling fd = 7
Socket not ready, repolling fd = 7
Socket not ready, repolling fd = 7
Socket not ready, repolling fd = 7
Socket not ready, repolling fd = 7
Socket not ready, repolling fd = 7
Socket not ready, repolling fd = 7
Socket not ready, repolling fd = 7
Socket not ready, repolling fd = 7
Socket not ready, repolling fd = 7
Socket not ready, repolling fd = 7
Socket not ready, repolling fd = 7
Socket not ready, repolling fd = 7
Socket not ready, repolling fd = 7
Socket not ready, repolling fd = 7
Socket not ready, repolling fd = 7
Socket not ready, repolling fd = 7
Socket not ready, repolling fd = 7
Socket not ready, repolling fd = 7
Socket not ready, repolling fd = 7
Socket not ready, repolling fd = 7
Socket not ready, repolling fd = 7
Socket not ready, repolling fd = 7
Socket not ready, repolling fd = 7
Socket not ready, repolling fd = 7
Socket not ready, repolling fd = 7
Socket not ready, repolling fd = 7
Socket not ready, repolling fd = 7
Socket not ready, repolling fd = 7
Socket not ready, repolling fd = 7
Socket not ready, repolling fd = 7
Socket not ready, repolling fd = 7
Socket not ready, repolling fd = 7
Socket not ready, repolling fd = 7
Socket not ready, repolling fd = 7
Socket not ready, repolling fd = 7
Socket not ready, repolling fd = 7
Socket not ready, repolling fd = 7
Socket not ready, repolling fd = 7
Socket not ready, repolling fd = 7
Socket not ready, repolling fd = 7
Socket not ready, repolling fd = 7
Socket not ready, repolling fd = 7
Socket not ready, repolling fd = 7
Socket not ready, repolling fd = 7
Socket not ready, repolling fd = 7
Socket not ready, repolling fd = 7
Socket not ready, repolling fd = 7
Socket not ready, repolling fd = 7
Socket not ready, repolling fd = 7
Socket not ready, repolling fd = 7
Socket not ready, repolling fd = 7
Socket not ready, repolling fd = 7
Socket not ready, repolling fd = 7
Socket not ready, repolling fd = 7
Socket not ready, repolling fd = 7
Socket not ready, repolling fd = 7
Socket not ready, repolling fd = 7
Socket not ready, repolling fd = 7
Socket not ready, repolling fd = 7
Socket not ready, repolling fd = 7
Socket not ready, repolling fd = 7
Socket not ready, repolling fd = 7
Socket not ready, repolling fd = 7
Socket not ready, repolling fd = 7
Socket not ready, repolling fd = 7
Socket not ready, repolling fd = 7
Socket not ready, repolling fd = 7
Socket not ready, repolling fd = 7
Socket not ready, repolling fd = 7
Socket not ready, repolling fd = 7
Socket not ready, repolling fd = 7
Socket not ready, repolling fd = 7
Socket not ready, repolling fd = 7
Socket not ready, repolling fd = 7
Socket not ready, repolling fd = 7
Socket not ready, repolling fd = 7
Socket not ready, repolling fd = 7
Socket not ready, repolling fd = 7
Socket not ready, repolling fd = 7
Socket not ready, repolling fd = 7
Socket not ready, repolling fd = 7
Socket not ready, repolling fd = 7
Socket not ready, repolling fd = 7
Socket not ready, repolling fd = 7
Socket not ready, repolling fd = 7
Socket not ready, repolling fd = 7
Socket not ready, repolling fd = 7
Socket not ready, repolling fd = 7
Socket not ready, repolling fd = 7
Socket not ready, repolling fd = 7
Socket not ready, repolling fd = 7
Socket not ready, repolling fd = 7
Socket not ready, repolling fd = 7
Socket not ready, repolling fd = 7
Socket not ready, repolling fd = 7
Socket not ready, repolling fd = 7
Socket not ready, repolling fd = 7
Socket not ready, repolling fd = 7
Socket not ready, repolling fd = 7
Socket not ready, repolling fd = 7
Socket not ready, repolling fd = 7
Socket not ready, repolling fd = 7
Socket not ready, repolling fd = 7
Socket not ready, repolling fd = 7
Socket not ready, repolling fd = 7
Socket not ready, repolling fd = 7
Socket not ready, repolling fd = 7
Socket not ready, repolling fd = 7
Socket not ready, repolling fd = 7
Socket not ready, repolling fd = 7
Socket not ready, repolling fd = 7
Socket not ready, repolling fd = 7
Socket not ready, repolling fd = 7
Socket not ready, repolling fd = 7
Socket not ready, repolling fd = 7
Socket not ready, repolling fd = 7
Socket not ready, repolling fd = 7
Socket not ready, repolling fd = 7
Socket not ready, repolling fd = 7
Socket not ready, repolling fd = 7
Socket not ready, repolling fd = 7
Socket not ready, repolling fd = 7
Socket not ready, repolling fd = 7
Socket not ready, repolling fd = 7
Socket not ready, repolling fd = 7
Socket not ready, repolling fd = 7
Socket not ready, repolling fd = 7
Socket not ready, repolling fd = 7
Socket not ready, repolling fd = 7
Socket not ready, repolling fd = 7
Socket not ready, repolling fd = 7
Socket not ready, repolling fd = 7
Socket not ready, repolling fd = 7
Socket not ready, repolling fd = 7
Socket not ready, repolling fd = 7
Socket not ready, repolling fd = 7
Socket not ready, repolling fd = 7
Socket not ready, repolling fd = 7
Socket not ready, repolling fd = 7
Socket not ready, repolling fd = 7
Socket not ready, repolling fd = 7
Socket not ready, repolling fd = 7
Socket not ready, repolling fd = 7
Socket not ready, repolling fd = 7
Socket not ready, repolling fd = 7
Socket not ready, repolling fd = 7
Socket not ready, repolling fd = 7
Socket not ready, repolling fd = 7
Socket not ready, repolling fd = 7
Socket not ready, repolling fd = 7
Socket not ready, repolling fd = 7
Socket not ready, repolling fd = 7
Socket not ready, repolling fd = 7
Socket not ready, repolling fd = 7
Socket not ready, repolling fd = 7
Socket not ready, repolling fd = 7
Socket not ready, repolling fd = 7
Socket not ready, repolling fd = 7
Socket not ready, repolling fd = 7
Socket not ready, repolling fd = 7
Socket not ready, repolling fd = 7
Socket not ready, repolling fd = 7
Socket not ready, repolling fd = 7
Socket not ready, repolling fd = 7
Socket not ready, repolling fd = 7
Socket not ready, repolling fd = 7
Socket not ready, repolling fd = 7
Socket not ready, repolling fd = 7
Socket not ready, repolling fd = 7
Socket not ready, repolling fd = 7
Socket not ready, repolling fd = 7
Socket not ready, repolling fd = 7
Socket not ready, repolling fd = 7
Socket not ready, repolling fd = 7
Socket not ready, repolling fd = 7
Socket not ready, repolling fd = 7
Socket not ready, repolling fd = 7
Socket not ready, repolling fd = 7
Socket not ready, repolling fd = 7
Socket not ready, repolling fd = 7
Socket not ready, repolling fd = 7
Socket not ready, repolling fd = 7
Socket not ready, repolling fd = 7
Socket not ready, repolling fd = 7
Socket not ready, repolling fd = 7
Socket not ready, repolling fd = 7
Socket not ready, repolling fd = 7
Socket not ready, repolling fd = 7
Socket not ready, repolling fd = 7
Socket not ready, repolling fd = 7
Socket not ready, repolling fd = 7
Socket not ready, repolling fd = 7
Socket not ready, repolling fd = 7
Socket not ready, repolling fd = 7
Socket not ready, repolling fd = 7
Socket not ready, repolling fd = 7
Socket not ready, repolling fd = 7
Socket not ready, repolling fd = 7
Socket not ready, repolling fd = 7
Socket not ready, repolling fd = 7
Socket not ready, repolling fd = 7
Socket not ready, repolling fd = 7
Socket not ready, repolling fd = 7
Socket not ready, repolling fd = 7
Socket not ready, repolling fd = 7
Socket not ready, repolling fd = 7
Socket not ready, repolling fd = 7
Socket not ready, repolling fd = 7
Socket not ready, repolling fd = 7
Socket not ready, repolling fd = 7
Socket not ready, repolling fd = 7
Socket not ready, repolling fd = 7
Socket not ready, repolling fd = 7
Socket not ready, repolling fd = 7
Socket not ready, repolling fd = 7
Socket not ready, repolling fd = 7
Socket not ready, repolling fd = 7
Socket not ready, repolling fd = 7
Socket not ready, repolling fd = 7
Socket not ready, repolling fd = 7
Socket not ready, repolling fd = 7
Socket not ready, repolling fd = 7
Socket not ready, repolling fd = 7
Socket not ready, repolling fd = 7
Socket not ready, repolling fd = 7
Socket not ready, repolling fd = 7
Socket not ready, repolling fd = 7
Socket not ready, repolling fd = 7
Socket not ready, repolling fd = 7
Socket not ready, repolling fd = 7
Socket not ready, repolling fd = 7
Socket not ready, repolling fd = 7
Socket not ready, repolling fd = 7
Socket not ready, repolling fd = 7
Socket not ready, repolling fd = 7
Socket not ready, repolling fd = 7
Socket not ready, repolling fd = 7
Socket not ready, repolling fd = 7
Socket not ready, repolling fd = 7
Socket not ready, repolling fd = 7
Socket not ready, repolling fd = 7
Socket not ready, repolling fd = 7
Socket not ready, repolling fd = 7
Socket not ready, repolling fd = 7
Socket not ready, repolling fd = 7
Socket not ready, repolling fd = 7
Socket not ready, repolling fd = 7
Socket not ready, repolling fd = 7
Socket not ready, repolling fd = 7
Socket not ready, repolling fd = 7
Socket not ready, repolling fd = 7
Socket not ready, repolling fd = 7
Socket not ready, repolling fd = 7
Socket not ready, repolling fd = 7
Socket not ready, repolling fd = 7
Socket not ready, repolling fd = 7
Socket not ready, repolling fd = 7
Socket not ready, repolling fd = 7
Socket not ready, repolling fd = 7
Socket not ready, repolling fd = 7
Socket not ready, repolling fd = 7
Socket not ready, repolling fd = 7
Socket not ready, repolling fd = 7
Socket not ready, repolling fd = 7
Socket not ready, repolling fd = 7
Socket not ready, repolling fd = 7
Socket not ready, repolling fd = 7
Socket not ready, repolling fd = 7
Socket not ready, repolling fd = 7
Socket not ready, repolling fd = 7
Socket not ready, repolling fd = 7
Socket not ready, repolling fd = 7
Socket not ready, repolling fd = 7
Socket not ready, repolling fd = 7
Socket not ready, repolling fd = 7
Socket not ready, repolling fd = 7
Socket not ready, repolling fd = 7
Socket not ready, repolling fd = 7
Socket not ready, repolling fd = 7
Socket not ready, repolling fd = 7
Socket not ready, repolling fd = 7
Socket not ready, repolling fd = 7
Socket not ready, repolling fd = 7
Socket not ready, repolling fd = 7
Socket not ready, repolling fd = 7
Socket not ready, repolling fd = 7
Socket not ready, repolling fd = 7
Socket not ready, repolling fd = 7
Socket not ready, repolling fd = 7
Socket not ready, repolling fd = 7
Socket not ready, repolling fd = 7
Socket not ready, repolling fd = 7
Socket not ready, repolling fd = 7
Socket not ready, repolling fd = 7
Socket not ready, repolling fd = 7
Socket not ready, repolling fd = 7
Socket not ready, repolling fd = 7
Socket not ready, repolling fd = 7
Socket not ready, repolling fd = 7
Socket not ready, repolling fd = 7
Socket not ready, repolling fd = 7
Socket not ready, repolling fd = 7
Socket not ready, repolling fd = 7
Socket not ready, repolling fd = 7
Socket not ready, repolling fd = 7
Socket not ready, repolling fd = 7
Socket not ready, repolling fd = 7
Socket not ready, repolling fd = 7
Socket not ready, repolling fd = 7
Socket not ready, repolling fd = 7
Socket not ready, repolling fd = 7
Socket not ready, repolling fd = 7
Socket not ready, repolling fd = 7
Socket not ready, repolling fd = 7
Socket not ready, repolling fd = 7
Socket not ready, repolling fd = 7
Socket not ready, repolling fd = 7
Socket not ready, repolling fd = 7
Socket not ready, repolling fd = 7
Socket not ready, repolling fd = 7
Socket not ready, repolling fd = 7
Socket not ready, repolling fd = 7
Socket not ready, repolling fd = 7
Socket not ready, repolling fd = 7
Socket not ready, repolling fd = 7
Socket not ready, repolling fd = 7
Socket not ready, repolling fd = 7
Socket not ready, repolling fd = 7
Socket not ready, repolling fd = 7
Socket not ready, repolling fd = 7
Socket not ready, repolling fd = 7
Socket not ready, repolling fd = 7
Socket not ready, repolling fd = 7
Socket not ready, repolling fd = 7
Socket not ready, repolling fd = 7
Socket not ready, repolling fd = 7
Socket not ready, repolling fd = 7
Socket not ready, repolling fd = 7
Socket not ready, repolling fd = 7
Socket not ready, repolling fd = 7
Socket not ready, repolling fd = 7
Socket not ready, repolling fd = 7
Socket not ready, repolling fd = 7
Socket not ready, repolling fd = 7
Socket not ready, repolling fd = 7
Socket not ready, repolling fd = 7
Socket not ready, repolling fd = 7
Socket not ready, repolling fd = 7
Socket not ready, repolling fd = 7
Socket not ready, repolling fd = 7
Socket not ready, repolling fd = 8
Socket not ready, repolling fd = 8
Socket not ready, repolling fd = 8
Socket not ready, repolling fd = 8
Socket not ready, repolling fd = 8
Socket not ready, repolling fd = 8
Socket not ready, repolling fd = 8
Socket not ready, repolling fd = 8
Socket not ready, repolling fd = 8
Socket not ready, repolling fd = 8
Socket not ready, repolling fd = 8
Socket not ready, repolling fd = 8
Socket not ready, repolling fd = 8
Socket not ready, repolling fd = 8
Socket not ready, repolling fd = 8
Socket not ready, repolling fd = 8
Socket not ready, repolling fd = 8
Socket not ready, repolling fd = 8
Socket not ready, repolling fd = 8
Socket not ready, repolling fd = 8
Socket not ready, repolling fd = 8
Socket not ready, repolling fd = 8
Socket not ready, repolling fd = 8
Socket not ready, repolling fd = 8
Socket not ready, repolling fd = 8
Socket not ready, repolling fd = 8
Socket not ready, repolling fd = 8
Socket not ready, repolling fd = 8
Socket not ready, repolling fd = 8
Socket not ready, repolling fd = 8
Socket not ready, repolling fd = 8
Socket not ready, repolling fd = 8
Socket not ready, repolling fd = 8
Socket not ready, repolling fd = 8
Socket not ready, repolling fd = 8
Socket not ready, repolling fd = 8
Socket not ready, repolling fd = 8
Socket not ready, repolling fd = 8
Socket not ready, repolling fd = 8
Socket not ready, repolling fd = 8
Socket not ready, repolling fd = 8
Socket not ready, repolling fd = 8
Socket not ready, repolling fd = 8
Socket not ready, repolling fd = 8
Socket not ready, repolling fd = 8
Socket not ready, repolling fd = 8
Socket not ready, repolling fd = 8
Socket not ready, repolling fd = 8
Socket not ready, repolling fd = 8
Socket not ready, repolling fd = 8
Socket not ready, repolling fd = 8
Socket not ready, repolling fd = 8
Socket not ready, repolling fd = 8
Socket not ready, repolling fd = 8
Socket not ready, repolling fd = 8
Socket not ready, repolling fd = 8
Socket not ready, repolling fd = 8
Socket not ready, repolling fd = 8
Socket not ready, repolling fd = 8
Socket not ready, repolling fd = 8
Socket not ready, repolling fd = 8
Socket not ready, repolling fd = 8
Socket not ready, repolling fd = 8
Socket not ready, repolling fd = 8
Socket not ready, repolling fd = 8
Socket not ready, repolling fd = 8
Socket not ready, repolling fd = 8
Socket not ready, repolling fd = 8
Socket not ready, repolling fd = 8
Socket not ready, repolling fd = 8
Socket not ready, repolling fd = 8
Socket not ready, repolling fd = 8
Socket not ready, repolling fd = 8
Socket not ready, repolling fd = 8
Socket not ready, repolling fd = 8
Socket not ready, repolling fd = 8
Socket not ready, repolling fd = 8
Socket not ready, repolling fd = 8
Socket not ready, repolling fd = 8
Socket not ready, repolling fd = 8
Socket not ready, repolling fd = 8
Socket not ready, repolling fd = 8
Socket not ready, repolling fd = 8
Socket not ready, repolling fd = 8
Socket not ready, repolling fd = 8
Socket not ready, repolling fd = 8
Socket not ready, repolling fd = 8
Socket not ready, repolling fd = 8
Socket not ready, repolling fd = 8
Socket not ready, repolling fd = 8
Socket not ready, repolling fd = 8
Socket not ready, repolling fd = 8
Socket not ready, repolling fd = 8
Socket not ready, repolling fd = 8
Socket not ready, repolling fd = 8
Socket not ready, repolling fd = 8
Socket not ready, repolling fd = 8
Socket not ready, repolling fd = 8
Socket not ready, repolling fd = 8
Socket not ready, repolling fd = 8
Socket not ready, repolling fd = 8
Socket not ready, repolling fd = 8
Socket not ready, repolling fd = 8
Socket not ready, repolling fd = 8
Socket not ready, repolling fd = 8
Socket not ready, repolling fd = 8
Socket not ready, repolling fd = 8
Socket not ready, repolling fd = 8
Socket not ready, repolling fd = 8
Socket not ready, repolling fd = 8
Socket not ready, repolling fd = 8
Socket not ready, repolling fd = 8
Socket not ready, repolling fd = 8
Socket not ready, repolling fd = 8
Socket not ready, repolling fd = 8
Socket not ready, repolling fd = 8
Socket not ready, repolling fd = 8
Socket not ready, repolling fd = 8
Socket not ready, repolling fd = 8
Socket not ready, repolling fd = 8
Socket not ready, repolling fd = 8
Socket not ready, repolling fd = 8
Socket not ready, repolling fd = 8
Socket not ready, repolling fd = 8
Socket not ready, repolling fd = 8
Socket not ready, repolling fd = 8
Socket not ready, repolling fd = 8
Socket not ready, repolling fd = 8
Socket not ready, repolling fd = 8
Socket not ready, repolling fd = 8
Socket not ready, repolling fd = 8
Socket not ready, repolling fd = 8
Socket not ready, repolling fd = 8
Socket not ready, repolling fd = 8
Socket not ready, repolling fd = 8
Socket not ready, repolling fd = 8
Socket not ready, repolling fd = 8
Socket not ready, repolling fd = 8
Socket not ready, repolling fd = 8
Socket not ready, repolling fd = 8
Socket not ready, repolling fd = 8
Socket not ready, repolling fd = 8
Socket not ready, repolling fd = 8
Socket not ready, repolling fd = 8
Socket not ready, repolling fd = 8
Socket not ready, repolling fd = 8
Socket not ready, repolling fd = 8
Socket not ready, repolling fd = 8
Socket not ready, repolling fd = 8
Socket not ready, repolling fd = 8
Socket not ready, repolling fd = 8
Socket not ready, repolling fd = 8
Socket not ready, repolling fd = 8
Socket not ready, repolling fd = 8
Socket not ready, repolling fd = 8
Socket not ready, repolling fd = 8
Socket not ready, repolling fd = 8
Socket not ready, repolling fd = 8
Socket not ready, repolling fd = 8
Socket not ready, repolling fd = 8
Socket not ready, repolling fd = 8
Socket not ready, repolling fd = 8
Socket not ready, repolling fd = 8
Socket not ready, repolling fd = 8
Socket not ready, repolling fd = 8
Socket not ready, repolling fd = 8
Socket not ready, repolling fd = 8
Socket not ready, repolling fd = 8
Socket not ready, repolling fd = 8
Socket not ready, repolling fd = 8
Socket not ready, repolling fd = 8
Socket not ready, repolling fd = 8
Socket not ready, repolling fd = 8
Socket not ready, repolling fd = 8
Socket not ready, repolling fd = 8
Socket not ready, repolling fd = 8
Socket not ready, repolling fd = 8
Socket not ready, repolling fd = 8
Socket not ready, repolling fd = 8
Socket not ready, repolling fd = 8
Socket not ready, repolling fd = 8
Socket not ready, repolling fd = 8
Socket not ready, repolling fd = 8
Socket not ready, repolling fd = 8
Socket not ready, repolling fd = 8
Socket not ready, repolling fd = 8
Socket not ready, repolling fd = 8
Socket not ready, repolling fd = 8
Socket not ready, repolling fd = 8
Socket not ready, repolling fd = 8
Socket not ready, repolling fd = 8
Socket not ready, repolling fd = 8
Socket not ready, repolling fd = 8
Socket not ready, repolling fd = 8
Socket not ready, repolling fd = 8
Socket not ready, repolling fd = 8
Socket not ready, repolling fd = 8
Socket not ready, repolling fd = 8
Socket not ready, repolling fd = 8
Socket not ready, repolling fd = 8
Socket not ready, repolling fd = 8
Socket not ready, repolling fd = 8
Socket not ready, repolling fd = 8
Socket not ready, repolling fd = 8
Socket not ready, repolling fd = 8
Socket not ready, repolling fd = 8
Socket not ready, repolling fd = 8
Socket not ready, repolling fd = 8
Socket not ready, repolling fd = 8
Socket not ready, repolling fd = 8
Socket not ready, repolling fd = 8
Socket not ready, repolling fd = 8
Socket not ready, repolling fd = 8
Socket not ready, repolling fd = 8
Socket not ready, repolling fd = 8
Socket not ready, repolling fd = 8
Socket not ready, repolling fd = 8
Socket not ready, repolling fd = 8
Socket not ready, repolling fd = 8
Socket not ready, repolling fd = 8
Socket not ready, repolling fd = 8
Socket not ready, repolling fd = 8
Socket not ready, repolling fd = 8
Socket not ready, repolling fd = 8
Socket not ready, repolling fd = 8
Socket not ready, repolling fd = 8
Socket not ready, repolling fd = 8
Socket not ready, repolling fd = 8
Socket not ready, repolling fd = 8
Socket not ready, repolling fd = 8
Socket not ready, repolling fd = 8
Socket not ready, repolling fd = 8
Socket not ready, repolling fd = 8
Socket not ready, repolling fd = 8
Socket not ready, repolling fd = 8
Socket not ready, repolling fd = 8
Socket not ready, repolling fd = 8
Socket not ready, repolling fd = 8
Socket not ready, repolling fd = 8
Socket not ready, repolling fd = 8
Socket not ready, repolling fd = 8
Socket not ready, repolling fd = 8
Socket not ready, repolling fd = 8
Socket not ready, repolling fd = 8
Socket not ready, repolling fd = 8
Socket not ready, repolling fd = 8
Socket not ready, repolling fd = 8
Socket not ready, repolling fd = 8
Socket not ready, repolling fd = 8
Socket not ready, repolling fd = 8
Socket not ready, repolling fd = 8
Socket not ready, repolling fd = 8
Socket not ready, repolling fd = 8
Socket not ready, repolling fd = 8
Socket not ready, repolling fd = 8
Socket not ready, repolling fd = 8
Socket not ready, repolling fd = 8
Socket not ready, repolling fd = 8
Socket not ready, repolling fd = 8
Socket not ready, repolling fd = 8
Socket not ready, repolling fd = 8
Socket not ready, repolling fd = 8
Socket not ready, repolling fd = 8
Socket not ready, repolling fd = 8
Socket not ready, repolling fd = 8
Socket not ready, repolling fd = 8
Socket not ready, repolling fd = 8
Socket not ready, repolling fd = 8
Socket not ready, repolling fd = 8
Socket not ready, repolling fd = 8
Socket not ready, repolling fd = 8
Socket not ready, repolling fd = 8
Socket not ready, repolling fd = 8
Socket not ready, repolling fd = 8
Socket not ready, repolling fd = 8
Socket not ready, repolling fd = 8
Socket not ready, repolling fd = 8
Socket not ready, repolling fd = 8
Socket not ready, repolling fd = 8
Socket not ready, repolling fd = 8
Socket not ready, repolling fd = 8
Socket not ready, repolling fd = 8
Socket not ready, repolling fd = 8
Socket not ready, repolling fd = 8
Socket not ready, repolling fd = 8
Socket not ready, repolling fd = 8
Socket not ready, repolling fd = 8
Socket not ready, repolling fd = 8
Socket not ready, repolling fd = 8
Socket not ready, repolling fd = 8
Socket not ready, repolling fd = 8
Socket not ready, repolling fd = 8
Socket not ready, repolling fd = 8
Socket not ready, repolling fd = 8
Socket not ready, repolling fd = 8
Socket not ready, repolling fd = 8
Socket not ready, repolling fd = 8
Socket not ready, repolling fd = 8
Socket not ready, repolling fd = 8
Socket not ready, repolling fd = 8
Socket not ready, repolling fd = 8
Socket not ready, repolling fd = 8
Socket not ready, repolling fd = 8
Socket not ready, repolling fd = 8
Socket not ready, repolling fd = 8
Socket not ready, repolling fd = 8
Socket not ready, repolling fd = 8
Socket not ready, repolling fd = 8
Socket not ready, repolling fd = 8
Socket not ready, repolling fd = 8
Socket not ready, repolling fd = 8
Socket not ready, repolling fd = 8
Socket not ready, repolling fd = 8
Socket not ready, repolling fd = 8
Socket not ready, repolling fd = 8
Socket not ready, repolling fd = 8
Socket not ready, repolling fd = 8
Socket not ready, repolling fd = 8
Socket not ready, repolling fd = 8
Socket not ready, repolling fd = 8
Socket not ready, repolling fd = 8
Socket not ready, repolling fd = 8
Socket not ready, repolling fd = 8
Socket not ready, repolling fd = 8
Socket not ready, repolling fd = 8
Socket not ready, repolling fd = 8
Socket not ready, repolling fd = 8
Socket not ready, repolling fd = 8
Socket not ready, repolling fd = 8
Socket not ready, repolling fd = 8
Socket not ready, repolling fd = 8
Socket not ready, repolling fd = 8
Socket not ready, repolling fd = 8
Socket not ready, repolling fd = 8
Socket not ready, repolling fd = 8
Socket not ready, repolling fd = 8
Socket not ready, repolling fd = 8
Socket not ready, repolling fd = 8
Socket not ready, repolling fd = 8
Socket not ready, repolling fd = 8
Socket not ready, repolling fd = 8
Socket not ready, repolling fd = 8
Socket not ready, repolling fd = 8
Socket not ready, repolling fd = 8
Socket not ready, repolling fd = 8
Socket not ready, repolling fd = 8
Socket not ready, repolling fd = 8
Socket not ready, repolling fd = 8
Socket not ready, repolling fd = 8
Socket not ready, repolling fd = 8
Socket not ready, repolling fd = 8
Socket not ready, repolling fd = 8
Socket not ready, repolling fd = 8
Socket not ready, repolling fd = 8
Socket not ready, repolling fd = 8
Socket not ready, repolling fd = 8
Socket not ready, repolling fd = 8
Socket not ready, repolling fd = 8
Socket not ready, repolling fd = 8
Socket not ready, repolling fd = 8
Socket not ready, repolling fd = 8
Socket not ready, repolling fd = 8
Socket not ready, repolling fd = 8
Socket not ready, repolling fd = 8
Socket not ready, repolling fd = 8
Socket not ready, repolling fd = 8
Socket not ready, repolling fd = 8
Socket not ready, repolling fd = 8
Socket not ready, repolling fd = 8
Socket not ready, repolling fd = 8
Socket not ready, repolling fd = 8
Socket not ready, repolling fd = 8
Socket not ready, repolling fd = 8
Socket not ready, repolling fd = 8
Socket not ready, repolling fd = 8
Socket not ready, repolling fd = 8
Socket not ready, repolling fd = 8
Socket not ready, repolling fd = 8
Socket not ready, repolling fd = 8
Socket not ready, repolling fd = 8
Socket not ready, repolling fd = 8
Socket not ready, repolling fd = 8
Socket not ready, repolling fd = 8
Socket not ready, repolling fd = 8
Socket not ready, repolling fd = 8
Socket not ready, repolling fd = 8
Socket not ready, repolling fd = 8
Socket not ready, repolling fd = 8
Socket not ready, repolling fd = 8
Socket not ready, repolling fd = 8
Socket not ready, repolling fd = 8
Socket not ready, repolling fd = 8
Socket not ready, repolling fd = 8
Socket not ready, repolling fd = 8
Socket not ready, repolling fd = 8
Socket not ready, repolling fd = 8
Socket not ready, repolling fd = 8
Socket not ready, repolling fd = 8
Socket not ready, repolling fd = 8
Socket not ready, repolling fd = 8
Socket not ready, repolling fd = 8
Socket not ready, repolling fd = 8
Socket not ready, repolling fd = 8
Socket not ready, repolling fd = 8
Socket not ready, repolling fd = 8
Socket not ready, repolling fd = 8
Socket not ready, repolling fd = 8
Socket not ready, repolling fd = 8
Socket not ready, repolling fd = 8
Socket not ready, repolling fd = 8
Socket not ready, repolling fd = 8
Socket not ready, repolling fd = 8
Socket not ready, repolling fd = 8
Socket not ready, repolling fd = 8
Socket not ready, repolling fd = 8
Socket not ready, repolling fd = 8
Socket not ready, repolling fd = 8
Socket not ready, repolling fd = 8
Socket not ready, repolling fd = 8
Socket not ready, repolling fd = 8
Socket not ready, repolling fd = 8
Socket not ready, repolling fd = 8
Socket not ready, repolling fd = 8
Socket not ready, repolling fd = 8
Socket not ready, repolling fd = 8
Socket not ready, repolling fd = 8
Socket not ready, repolling fd = 8
Socket not ready, repolling fd = 8
Socket not ready, repolling fd = 8
Socket not ready, repolling fd = 8
Socket not ready, repolling fd = 8
Socket not ready, repolling fd = 8
Socket not ready, repolling fd = 8
Socket not ready, repolling fd = 8
Socket not ready, repolling fd = 8
Socket not ready, repolling fd = 8
Socket not ready, repolling fd = 8
Socket not ready, repolling fd = 8
Socket not ready, repolling fd = 8
Socket not ready, repolling fd = 8
Socket not ready, repolling fd = 8
Socket not ready, repolling fd = 8
Socket not ready, repolling fd = 8
Socket not ready, repolling fd = 8
Socket not ready, repolling fd = 8
Socket not ready, repolling fd = 8
Socket not ready, repolling fd = 8
Socket not ready, repolling fd = 8
Socket not ready, repolling fd = 8
Socket not ready, repolling fd = 8
Socket not ready, repolling fd = 8
Socket not ready, repolling fd = 8
Socket not ready, repolling fd = 8
Socket not ready, repolling fd = 8
Socket not ready, repolling fd = 8
Socket not ready, repolling fd = 8
Socket not ready, repolling fd = 8
Socket not ready, repolling fd = 8
Socket not ready, repolling fd = 8
Socket not ready, repolling fd = 8
Socket not ready, repolling fd = 8
Socket not ready, repolling fd = 8
Socket not ready, repolling fd = 8
Socket not ready, repolling fd = 8
Socket not ready, repolling fd = 8
Socket not ready, repolling fd = 8
Socket not ready, repolling fd = 8
Socket not ready, repolling fd = 8
Socket not ready, repolling fd = 8
Socket not ready, repolling fd = 8
Socket not ready, repolling fd = 8
Socket not ready, repolling fd = 8
Socket not ready, repolling fd = 8
Socket not ready, repolling fd = 8
Socket not ready, repolling fd = 8
Socket not ready, repolling fd = 8
Socket not ready, repolling fd = 8
Socket not ready, repolling fd = 8
Socket not ready, repolling fd = 8
Socket not ready, repolling fd = 8
Socket not ready, repolling fd = 8
Socket not ready, repolling fd = 8
Socket not ready, repolling fd = 8
Socket not ready, repolling fd = 8
Socket not ready, repolling fd = 8
Socket not ready, repolling fd = 8
Socket not ready, repolling fd = 8
Socket not ready, repolling fd = 8
Socket not ready, repolling fd = 8
Socket not ready, repolling fd = 8
Socket not ready, repolling fd = 8
Socket not ready, repolling fd = 8
Socket not ready, repolling fd = 8
Socket not ready, repolling fd = 8
Socket not ready, repolling fd = 8
Socket not ready, repolling fd = 8
Socket not ready, repolling fd = 8
Socket not ready, repolling fd = 8
Socket not ready, repolling fd = 8
Socket not ready, repolling fd = 8
Socket not ready, repolling fd = 8
Socket not ready, repolling fd = 8
Socket not ready, repolling fd = 8
Socket not ready, repolling fd = 8
Socket not ready, repolling fd = 8
Socket not ready, repolling fd = 8
Socket not ready, repolling fd = 8
Socket not ready, repolling fd = 8
Socket not ready, repolling fd = 8
Socket not ready, repolling fd = 8
Socket not ready, repolling fd = 8
Socket not ready, repolling fd = 8
Socket not ready, repolling fd = 8
Socket not ready, repolling fd = 8
Socket not ready, repolling fd = 8
Socket not ready, repolling fd = 8
Socket not ready, repolling fd = 8
Socket not ready, repolling fd = 8
Socket not ready, repolling fd = 8
Socket not ready, repolling fd = 8
Socket not ready, repolling fd = 8
Socket not ready, repolling fd = 8
Socket not ready, repolling fd = 8
Socket not ready, repolling fd = 8
Socket not ready, repolling fd = 8
Socket not ready, repolling fd = 8
Socket not ready, repolling fd = 8
Socket not ready, repolling fd = 8
Socket not ready, repolling fd = 8
Socket not ready, repolling fd = 8
Socket not ready, repolling fd = 8
Socket not ready, repolling fd = 8
Socket not ready, repolling fd = 8
Socket not ready, repolling fd = 8
Socket not ready, repolling fd = 8
Socket not ready, repolling fd = 8
Socket not ready, repolling fd = 8
Socket not ready, repolling fd = 8
Socket not ready, repolling fd = 8
Socket not ready, repolling fd = 8
Socket not ready, repolling fd = 8
Socket not ready, repolling fd = 8
Socket not ready, repolling fd = 8
Socket not ready, repolling fd = 8
Socket not ready, repolling fd = 8
Socket not ready, repolling fd = 8
Socket not ready, repolling fd = 8
Socket not ready, repolling fd = 8
Socket not ready, repolling fd = 8
Socket not ready, repolling fd = 8
Socket not ready, repolling fd = 8
Socket not ready, repolling fd = 8
Socket not ready, repolling fd = 8
Socket not ready, repolling fd = 8
Socket not ready, repolling fd = 8
Socket not ready, repolling fd = 8
Socket not ready, repolling fd = 8
Socket not ready, repolling fd = 8
Socket not ready, repolling fd = 8
Socket not ready, repolling fd = 8
Socket not ready, repolling fd = 8
Socket not ready, repolling fd = 8
Socket not ready, repolling fd = 8
Socket not ready, repolling fd = 8
Socket not ready, repolling fd = 8
Socket not ready, repolling fd = 8
Socket not ready, repolling fd = 8
Socket not ready, repolling fd = 8
Socket not ready, repolling fd = 8
Socket not ready, repolling fd = 8
Socket not ready, repolling fd = 8
Socket not ready, repolling fd = 8
Socket not ready, repolling fd = 8
Socket not ready, repolling fd = 8
Socket not ready, repolling fd = 8
Socket not ready, repolling fd = 8
Socket not ready, repolling fd = 8
Socket not ready, repolling fd = 8
Socket not ready, repolling fd = 8
Socket not ready, repolling fd = 8
Socket not ready, repolling fd = 8
Socket not ready, repolling fd = 8
Socket not ready, repolling fd = 8
Socket not ready, repolling fd = 8
Socket not ready, repolling fd = 8
Socket not ready, repolling fd = 8
Socket not ready, repolling fd = 9
Socket not ready, repolling fd = 9
Socket not ready, repolling fd = 9
Socket not ready, repolling fd = 9
Socket not ready, repolling fd = 9
Socket not ready, repolling fd = 9
Socket not ready, repolling fd = 9
Socket not ready, repolling fd = 9
Socket not ready, repolling fd = 9
Socket not ready, repolling fd = 9
Socket not ready, repolling fd = 9
Socket not ready, repolling fd = 9
Socket not ready, repolling fd = 9
Socket not ready, repolling fd = 9
Socket not ready, repolling fd = 9
Socket not ready, repolling fd = 9
Socket not ready, repolling fd = 9
Socket not ready, repolling fd = 9
Socket not ready, repolling fd = 9
Socket not ready, repolling fd = 9
Socket not ready, repolling fd = 9
Socket not ready, repolling fd = 9
Socket not ready, repolling fd = 9
Socket not ready, repolling fd = 9
Socket not ready, repolling fd = 9
Socket not ready, repolling fd = 9
Socket not ready, repolling fd = 9
Socket not ready, repolling fd = 9
Socket not ready, repolling fd = 9
Socket not ready, repolling fd = 9
Socket not ready, repolling fd = 9
Socket not ready, repolling fd = 9
Socket not ready, repolling fd = 9
Socket not ready, repolling fd = 9
Socket not ready, repolling fd = 9
Socket not ready, repolling fd = 9
Socket not ready, repolling fd = 9
Socket not ready, repolling fd = 9
Socket not ready, repolling fd = 9
Socket not ready, repolling fd = 9
Socket not ready, repolling fd = 9
Socket not ready, repolling fd = 9
Socket not ready, repolling fd = 9
Socket not ready, repolling fd = 9
Socket not ready, repolling fd = 9
Socket not ready, repolling fd = 9
Socket not ready, repolling fd = 9
Socket not ready, repolling fd = 9
Socket not ready, repolling fd = 9
Socket not ready, repolling fd = 9
Socket not ready, repolling fd = 9
Socket not ready, repolling fd = 9
Socket not ready, repolling fd = 9
Socket not ready, repolling fd = 9
Socket not ready, repolling fd = 9
Socket not ready, repolling fd = 9
Socket not ready, repolling fd = 9
Socket not ready, repolling fd = 9
Socket not ready, repolling fd = 9
Socket not ready, repolling fd = 9
Socket not ready, repolling fd = 9
Socket not ready, repolling fd = 9
Socket not ready, repolling fd = 9
Socket not ready, repolling fd = 9
Socket not ready, repolling fd = 9
Socket not ready, repolling fd = 9
Socket not ready, repolling fd = 9
Socket not ready, repolling fd = 9
Socket not ready, repolling fd = 9
Socket not ready, repolling fd = 9
Socket not ready, repolling fd = 9
Socket not ready, repolling fd = 9
Socket not ready, repolling fd = 9
Socket not ready, repolling fd = 9
Socket not ready, repolling fd = 9
Socket not ready, repolling fd = 9
Socket not ready, repolling fd = 9
Socket not ready, repolling fd = 9
Socket not ready, repolling fd = 9
Socket not ready, repolling fd = 9
Socket not ready, repolling fd = 9
Socket not ready, repolling fd = 9
Socket not ready, repolling fd = 9
Socket not ready, repolling fd = 9
Socket not ready, repolling fd = 9
Socket not ready, repolling fd = 9
Socket not ready, repolling fd = 9
Socket not ready, repolling fd = 9
Socket not ready, repolling fd = 9
Socket not ready, repolling fd = 9
Socket not ready, repolling fd = 9
Socket not ready, repolling fd = 9
Socket not ready, repolling fd = 9
Socket not ready, repolling fd = 9
Socket not ready, repolling fd = 9
Socket not ready, repolling fd = 9
Socket not ready, repolling fd = 9
Socket not ready, repolling fd = 9
Socket not ready, repolling fd = 9
Socket not ready, repolling fd = 9
Socket not ready, repolling fd = 9
Socket not ready, repolling fd = 9
Socket not ready, repolling fd = 9
Socket not ready, repolling fd = 9
Socket not ready, repolling fd = 9
Socket not ready, repolling fd = 9
Socket not ready, repolling fd = 9
Socket not ready, repolling fd = 9
Socket not ready, repolling fd = 9
Socket not ready, repolling fd = 9
Socket not ready, repolling fd = 9
Socket not ready, repolling fd = 9
Socket not ready, repolling fd = 9
Socket not ready, repolling fd = 9
Socket not ready, repolling fd = 9
Socket not ready, repolling fd = 9
Socket not ready, repolling fd = 9
Socket not ready, repolling fd = 9
Socket not ready, repolling fd = 9
Socket not ready, repolling fd = 9
Socket not ready, repolling fd = 9
Socket not ready, repolling fd = 9
Socket not ready, repolling fd = 9
Socket not ready, repolling fd = 9
Socket not ready, repolling fd = 9
Socket not ready, repolling fd = 9
Socket not ready, repolling fd = 9
Socket not ready, repolling fd = 9
Socket not ready, repolling fd = 9
Socket not ready, repolling fd = 9
Socket not ready, repolling fd = 9
Socket not ready, repolling fd = 9
Socket not ready, repolling fd = 9
Socket not ready, repolling fd = 9
Socket not ready, repolling fd = 9
Socket not ready, repolling fd = 9
Socket not ready, repolling fd = 9
Socket not ready, repolling fd = 9
Socket not ready, repolling fd = 9
Socket not ready, repolling fd = 9
Socket not ready, repolling fd = 9
Socket not ready, repolling fd = 9
Socket not ready, repolling fd = 9
Socket not ready, repolling fd = 9
Socket not ready, repolling fd = 9
Socket not ready, repolling fd = 9
Socket not ready, repolling fd = 9
Socket not ready, repolling fd = 9
Socket not ready, repolling fd = 9
Socket not ready, repolling fd = 9
Socket not ready, repolling fd = 9
Socket not ready, repolling fd = 9
Socket not ready, repolling fd = 9
Socket not ready, repolling fd = 9
Socket not ready, repolling fd = 9
Socket not ready, repolling fd = 9
Socket not ready, repolling fd = 9
Socket not ready, repolling fd = 9
Socket not ready, repolling fd = 9
Socket not ready, repolling fd = 9
Socket not ready, repolling fd = 9
Socket not ready, repolling fd = 9
Socket not ready, repolling fd = 9
Socket not ready, repolling fd = 9
Socket not ready, repolling fd = 9
Socket not ready, repolling fd = 9
Socket not ready, repolling fd = 9
Socket not ready, repolling fd = 9
Socket not ready, repolling fd = 9
Socket not ready, repolling fd = 9
Socket not ready, repolling fd = 9
Socket not ready, repolling fd = 9
Socket not ready, repolling fd = 9
Socket not ready, repolling fd = 9
Socket not ready, repolling fd = 9
Socket not ready, repolling fd = 9
Socket not ready, repolling fd = 9
Socket not ready, repolling fd = 9
Socket not ready, repolling fd = 9
Socket not ready, repolling fd = 9
Socket not ready, repolling fd = 9
Socket not ready, repolling fd = 9
Socket not ready, repolling fd = 9
Socket not ready, repolling fd = 9
Socket not ready, repolling fd = 9
Socket not ready, repolling fd = 9
Socket not ready, repolling fd = 9
Socket not ready, repolling fd = 9
Socket not ready, repolling fd = 9
Socket not ready, repolling fd = 9
Socket not ready, repolling fd = 9
Socket not ready, repolling fd = 9
Socket not ready, repolling fd = 9
Socket not ready, repolling fd = 9
Socket not ready, repolling fd = 9
Socket not ready, repolling fd = 9
Socket not ready, repolling fd = 9
Socket not ready, repolling fd = 9
Socket not ready, repolling fd = 9
Socket not ready, repolling fd = 9
Socket not ready, repolling fd = 9
Socket not ready, repolling fd = 9
Socket not ready, repolling fd = 9
Socket not ready, repolling fd = 9
Socket not ready, repolling fd = 9
Socket not ready, repolling fd = 9
Socket not ready, repolling fd = 9
Socket not ready, repolling fd = 9
Socket not ready, repolling fd = 9
Socket not ready, repolling fd = 9
Socket not ready, repolling fd = 9
Socket not ready, repolling fd = 9
Socket not ready, repolling fd = 9
Socket not ready, repolling fd = 9
Socket not ready, repolling fd = 9
Socket not ready, repolling fd = 9
Socket not ready, repolling fd = 9
Socket not ready, repolling fd = 9
Socket not ready, repolling fd = 9
Socket not ready, repolling fd = 9
Socket not ready, repolling fd = 9
Socket not ready, repolling fd = 9
Socket not ready, repolling fd = 9
Socket not ready, repolling fd = 9
Socket not ready, repolling fd = 9
Socket not ready, repolling fd = 9
Socket not ready, repolling fd = 9
Socket not ready, repolling fd = 9
Socket not ready, repolling fd = 9
Socket not ready, repolling fd = 9
Socket not ready, repolling fd = 9
Socket not ready, repolling fd = 9
Socket not ready, repolling fd = 9
Socket not ready, repolling fd = 9
Socket not ready, repolling fd = 9
Socket not ready, repolling fd = 9
Socket not ready, repolling fd = 9
Socket not ready, repolling fd = 9
Socket not ready, repolling fd = 9
Socket not ready, repolling fd = 9
Socket not ready, repolling fd = 9
Socket not ready, repolling fd = 9
Socket not ready, repolling fd = 9
Socket not ready, repolling fd = 9
Socket not ready, repolling fd = 9
Socket not ready, repolling fd = 9
Socket not ready, repolling fd = 9
Socket not ready, repolling fd = 9
Socket not ready, repolling fd = 9
Socket not ready, repolling fd = 9
Socket not ready, repolling fd = 9
Socket not ready, repolling fd = 9
Socket not ready, repolling fd = 9
Socket not ready, repolling fd = 9
Socket not ready, repolling fd = 9
Socket not ready, repolling fd = 9
Socket not ready, repolling fd = 9
Socket not ready, repolling fd = 9
Socket not ready, repolling fd = 9
Socket not ready, repolling fd = 9
Socket not ready, repolling fd = 9
Socket not ready, repolling fd = 9
Socket not ready, repolling fd = 9
Socket not ready, repolling fd = 9
Socket not ready, repolling fd = 9
Socket not ready, repolling fd = 9
Socket not ready, repolling fd = 9
Socket not ready, repolling fd = 9
Socket not ready, repolling fd = 9
Socket not ready, repolling fd = 9
Socket not ready, repolling fd = 9
Socket not ready, repolling fd = 9
Socket not ready, repolling fd = 9
Socket not ready, repolling fd = 9
Socket not ready, repolling fd = 9
Socket not ready, repolling fd = 9
Socket not ready, repolling fd = 9
Socket not ready, repolling fd = 9
Socket not ready, repolling fd = 9
Socket not ready, repolling fd = 9
Socket not ready, repolling fd = 9
Socket not ready, repolling fd = 9
Socket not ready, repolling fd = 9
Socket not ready, repolling fd = 9
Socket not ready, repolling fd = 9
Socket not ready, repolling fd = 9
Socket not ready, repolling fd = 9
Socket not ready, repolling fd = 9
Socket not ready, repolling fd = 9
Socket not ready, repolling fd = 9
Socket not ready, repolling fd = 9
Socket not ready, repolling fd = 9
Socket not ready, repolling fd = 9
Socket not ready, repolling fd = 9
Socket not ready, repolling fd = 9
Socket not ready, repolling fd = 9
Socket not ready, repolling fd = 9
Socket not ready, repolling fd = 9
Socket not ready, repolling fd = 9
Socket not ready, repolling fd = 9
Socket not ready, repolling fd = 9
Socket not ready, repolling fd = 9
Socket not ready, repolling fd = 9
Socket not ready, repolling fd = 9
Socket not ready, repolling fd = 9
Socket not ready, repolling fd = 9
Socket not ready, repolling fd = 9
Socket not ready, repolling fd = 9
Socket not ready, repolling fd = 9
Socket not ready, repolling fd = 9
Socket not ready, repolling fd = 9
Socket not ready, repolling fd = 9
Socket not ready, repolling fd = 9
Socket not ready, repolling fd = 9
Socket not ready, repolling fd = 9
Socket not ready, repolling fd = 9
Socket not ready, repolling fd = 9
Socket not ready, repolling fd = 9
Socket not ready, repolling fd = 9
Socket not ready, repolling fd = 9
Socket not ready, repolling fd = 9
Socket not ready, repolling fd = 9
Socket not ready, repolling fd = 9
Socket not ready, repolling fd = 9
Socket not ready, repolling fd = 9
Socket not ready, repolling fd = 9
Socket not ready, repolling fd = 9
Socket not ready, repolling fd = 9
Socket not ready, repolling fd = 9
Socket not ready, repolling fd = 9
Socket not ready, repolling fd = 9
Socket not ready, repolling fd = 9
Socket not ready, repolling fd = 9
Socket not ready, repolling fd = 9
Socket not ready, repolling fd = 9
Socket not ready, repolling fd = 9
Socket not ready, repolling fd = 9
Socket not ready, repolling fd = 9
Socket not ready, repolling fd = 9
Socket not ready, repolling fd = 9
Socket not ready, repolling fd = 9
Socket not ready, repolling fd = 9
Socket not ready, repolling fd = 9
Socket not ready, repolling fd = 9
Socket not ready, repolling fd = 9
Socket not ready, repolling fd = 9
Socket not ready, repolling fd = 9
Socket not ready, repolling fd = 9
Socket not ready, repolling fd = 9
Socket not ready, repolling fd = 9
Socket not ready, repolling fd = 9
Socket not ready, repolling fd = 9
Socket not ready, repolling fd = 9
Socket not ready, repolling fd = 9
Socket not ready, repolling fd = 9
Socket not ready, repolling fd = 9
Socket not ready, repolling fd = 9
Socket not ready, repolling fd = 9
Socket not ready, repolling fd = 9
Socket not ready, repolling fd = 9
Socket not ready, repolling fd = 9
Socket not ready, repolling fd = 9
Socket not ready, repolling fd = 9
Socket not ready, repolling fd = 9
Socket not ready, repolling fd = 9
Socket not ready, repolling fd = 9
Socket not ready, repolling fd = 9
Socket not ready, repolling fd = 9
Socket not ready, repolling fd = 9
Socket not ready, repolling fd = 9
Socket not ready, repolling fd = 9
Socket not ready, repolling fd = 9
Socket not ready, repolling fd = 9
Socket not ready, repolling fd = 9
Socket not ready, repolling fd = 9
Socket not ready, repolling fd = 9
Socket not ready, repolling fd = 9
Socket not ready, repolling fd = 9
Socket not ready, repolling fd = 9
Socket not ready, repolling fd = 9
Socket not ready, repolling fd = 9
Socket not ready, repolling fd = 9
Socket not ready, repolling fd = 9
Socket not ready, repolling fd = 9
Socket not ready, repolling fd = 9
Socket not ready, repolling fd = 9
Socket not ready, repolling fd = 9
Socket not ready, repolling fd = 9
Socket not ready, repolling fd = 9
Socket not ready, repolling fd = 9
Socket not ready, repolling fd = 9
Socket not ready, repolling fd = 9
Socket not ready, repolling fd = 9
Socket not ready, repolling fd = 9
Socket not ready, repolling fd = 9
Socket not ready, repolling fd = 9
Socket not ready, repolling fd = 9
Socket not ready, repolling fd = 9
Socket not ready, repolling fd = 9
Socket not ready, repolling fd = 9
Socket not ready, repolling fd = 9
Socket not ready, repolling fd = 9
Socket not ready, repolling fd = 9
Socket not ready, repolling fd = 9
Socket not ready, repolling fd = 9
Socket not ready, repolling fd = 9
Socket not ready, repolling fd = 9
Socket not ready, repolling fd = 9
Socket not ready, repolling fd = 9
Socket not ready, repolling fd = 9
Socket not ready, repolling fd = 9
Socket not ready, repolling fd = 9
Socket not ready, repolling fd = 9
Socket not ready, repolling fd = 9
Socket not ready, repolling fd = 9
Socket not ready, repolling fd = 9
Socket not ready, repolling fd = 9
Socket not ready, repolling fd = 9
Socket not ready, repolling fd = 9
Socket not ready, repolling fd = 9
Socket not ready, repolling fd = 9
Socket not ready, repolling fd = 9
Socket not ready, repolling fd = 9
Socket not ready, repolling fd = 9
Socket not ready, repolling fd = 9
Socket not ready, repolling fd = 9
Socket not ready, repolling fd = 9
Socket not ready, repolling fd = 9
Socket not ready, repolling fd = 9
Socket not ready, repolling fd = 9
Socket not ready, repolling fd = 9
Socket not ready, repolling fd = 9
Socket not ready, repolling fd = 9
Socket not ready, repolling fd = 9
Socket not ready, repolling fd = 9
Socket not ready, repolling fd = 9
Socket not ready, repolling fd = 9
Socket not ready, repolling fd = 9
Socket not ready, repolling fd = 9
Socket not ready, repolling fd = 9
Socket not ready, repolling fd = 9
Socket not ready, repolling fd = 9
Socket not ready, repolling fd = 9
Socket not ready, repolling fd = 9
Socket not ready, repolling fd = 9
Socket not ready, repolling fd = 9
Socket not ready, repolling fd = 9
Socket not ready, repolling fd = 9
Socket not ready, repolling fd = 9
Socket not ready, repolling fd = 9
Socket not ready, repolling fd = 9
Socket not ready, repolling fd = 9
Socket not ready, repolling fd = 9
Socket not ready, repolling fd = 9
Socket not ready, repolling fd = 9
Socket not ready, repolling fd = 9
Socket not ready, repolling fd = 9
Socket not ready, repolling fd = 9
Socket not ready, repolling fd = 9
Socket not ready, repolling fd = 9
Socket not ready, repolling fd = 9
Socket not ready, repolling fd = 9
Socket not ready, repolling fd = 9
Socket not ready, repolling fd = 9
Socket not ready, repolling fd = 9
Socket not ready, repolling fd = 9
Socket not ready, repolling fd = 9
Socket not ready, repolling fd = 9
Socket not ready, repolling fd = 9
Socket not ready, repolling fd = 9
Socket not ready, repolling fd = 9
Socket not ready, repolling fd = 9
Socket not ready, repolling fd = 9
Socket not ready, repolling fd = 9
Socket not ready, repolling fd = 9
Socket not ready, repolling fd = 9
Socket not ready, repolling fd = 9
Socket not ready, repolling fd = 9
Socket not ready, repolling fd = 9
Socket not ready, repolling fd = 9
Socket not ready, repolling fd = 9
Socket not ready, repolling fd = 9
Socket not ready, repolling fd = 9
Socket not ready, repolling fd = 9
Socket not ready, repolling fd = 9
Socket not ready, repolling fd = 9
Socket not ready, repolling fd = 9
Socket not ready, repolling fd = 9
Socket not ready, repolling fd = 9
Socket not ready, repolling fd = 9
Socket not ready, repolling fd = 9
Socket not ready, repolling fd = 9
Socket not ready, repolling fd = 9
Socket not ready, repolling fd = 9
Socket not ready, repolling fd = 9
Socket not ready, repolling fd = 9
Socket not ready, repolling fd = 9
Socket not ready, repolling fd = 9
Socket not ready, repolling fd = 9
Socket not ready, repolling fd = 9
Socket not ready, repolling fd = 9
Socket not ready, repolling fd = 9
Socket not ready, repolling fd = 9
Socket not ready, repolling fd = 9
Socket not ready, repolling fd = 9
Socket not ready, repolling fd = 9
Socket not ready, repolling fd = 9
Socket not ready, repolling fd = 9
Socket not ready, repolling fd = 9
Socket not ready, repolling fd = 9
Socket not ready, repolling fd = 9
Socket not ready, repolling fd = 9
Socket not ready, repolling fd = 9
Socket not ready, repolling fd = 9
Socket not ready, repolling fd = 9
Socket not ready, repolling fd = 9
Socket not ready, repolling fd = 9
Socket not ready, repolling fd = 9
Socket not ready, repolling fd = 9
Socket not ready, repolling fd = 9
Socket not ready, repolling fd = 9
Socket not ready, repolling fd = 9
Socket not ready, repolling fd = 9
Socket not ready, repolling fd = 9
Socket not ready, repolling fd = 8
Socket not ready, repolling fd = 8
Socket not ready, repolling fd = 8
Socket not ready, repolling fd = 8
Socket not ready, repolling fd = 8
Socket not ready, repolling fd = 8
Socket not ready, repolling fd = 8
Socket not ready, repolling fd = 8
Socket not ready, repolling fd = 8
Socket not ready, repolling fd = 8
Socket not ready, repolling fd = 8
Socket not ready, repolling fd = 8
Socket not ready, repolling fd = 8
Socket not ready, repolling fd = 8
Socket not ready, repolling fd = 8
Socket not ready, repolling fd = 8
Socket not ready, repolling fd = 8
Socket not ready, repolling fd = 8
Socket not ready, repolling fd = 8
Socket not ready, repolling fd = 8
Socket not ready, repolling fd = 8
Socket not ready, repolling fd = 8
Socket not ready, repolling fd = 8
Socket not ready, repolling fd = 8
Socket not ready, repolling fd = 8
Socket not ready, repolling fd = 8
Socket not ready, repolling fd = 8
Socket not ready, repolling fd = 8
Socket not ready, repolling fd = 8
Socket not ready, repolling fd = 8
Socket not ready, repolling fd = 8
Socket not ready, repolling fd = 8
Socket not ready, repolling fd = 8
Socket not ready, repolling fd = 8
Socket not ready, repolling fd = 8
Socket not ready, repolling fd = 8
Socket not ready, repolling fd = 8
Socket not ready, repolling fd = 8
Socket not ready, repolling fd = 8
Socket not ready, repolling fd = 8
Socket not ready, repolling fd = 8
Socket not ready, repolling fd = 8
Socket not ready, repolling fd = 8
Socket not ready, repolling fd = 8
Socket not ready, repolling fd = 8
Socket not ready, repolling fd = 8
Socket not ready, repolling fd = 8
Socket not ready, repolling fd = 8
Socket not ready, repolling fd = 8
Socket not ready, repolling fd = 8
Socket not ready, repolling fd = 8
Socket not ready, repolling fd = 8
Socket not ready, repolling fd = 8
Socket not ready, repolling fd = 8
Socket not ready, repolling fd = 8
Socket not ready, repolling fd = 8
Socket not ready, repolling fd = 8
Socket not ready, repolling fd = 8
Socket not ready, repolling fd = 8
Socket not ready, repolling fd = 8
Socket not ready, repolling fd = 8
Socket not ready, repolling fd = 8
Socket not ready, repolling fd = 8
Socket not ready, repolling fd = 8
Socket not ready, repolling fd = 8
Socket not ready, repolling fd = 8
Socket not ready, repolling fd = 8
Socket not ready, repolling fd = 8
Socket not ready, repolling fd = 8
Socket not ready, repolling fd = 8
Socket not ready, repolling fd = 8
Socket not ready, repolling fd = 8
Socket not ready, repolling fd = 8
Socket not ready, repolling fd = 8
Socket not ready, repolling fd = 8
Socket not ready, repolling fd = 8
Socket not ready, repolling fd = 8
Socket not ready, repolling fd = 8
Socket not ready, repolling fd = 8
Socket not ready, repolling fd = 8
Socket not ready, repolling fd = 8
Socket not ready, repolling fd = 8
Socket not ready, repolling fd = 8
Socket not ready, repolling fd = 8
Socket not ready, repolling fd = 8
Socket not ready, repolling fd = 8
Socket not ready, repolling fd = 8
Socket not ready, repolling fd = 8
Socket not ready, repolling fd = 8
Socket not ready, repolling fd = 8
Socket not ready, repolling fd = 8
Socket not ready, repolling fd = 8
Socket not ready, repolling fd = 8
Socket not ready, repolling fd = 8
Socket not ready, repolling fd = 8
Socket not ready, repolling fd = 8
Socket not ready, repolling fd = 8
Socket not ready, repolling fd = 8
Socket not ready, repolling fd = 8
Socket not ready, repolling fd = 8
Socket not ready, repolling fd = 8
Socket not ready, repolling fd = 8
Socket not ready, repolling fd = 8
Socket not ready, repolling fd = 8
Socket not ready, repolling fd = 8
Socket not ready, repolling fd = 8
Socket not ready, repolling fd = 8
Socket not ready, repolling fd = 8
Socket not ready, repolling fd = 8
Socket not ready, repolling fd = 8
Socket not ready, repolling fd = 8
Socket not ready, repolling fd = 8
Socket not ready, repolling fd = 8
Socket not ready, repolling fd = 8
Socket not ready, repolling fd = 8
Socket not ready, repolling fd = 8
Socket not ready, repolling fd = 8
Socket not ready, repolling fd = 8
Socket not ready, repolling fd = 8
Socket not ready, repolling fd = 8
Socket not ready, repolling fd = 8
Socket not ready, repolling fd = 8
Socket not ready, repolling fd = 8
Socket not ready, repolling fd = 8
Socket not ready, repolling fd = 8
Socket not ready, repolling fd = 8
Socket not ready, repolling fd = 8
Socket not ready, repolling fd = 8
Socket not ready, repolling fd = 8
Socket not ready, repolling fd = 8
Socket not ready, repolling fd = 8
Socket not ready, repolling fd = 8
Socket not ready, repolling fd = 8
Socket not ready, repolling fd = 8
Socket not ready, repolling fd = 8
Socket not ready, repolling fd = 8
Socket not ready, repolling fd = 8
Socket not ready, repolling fd = 8
Socket not ready, repolling fd = 8
Socket not ready, repolling fd = 8
Socket not ready, repolling fd = 8
Socket not ready, repolling fd = 8
Socket not ready, repolling fd = 8
Socket not ready, repolling fd = 8
Socket not ready, repolling fd = 8
Socket not ready, repolling fd = 8
Socket not ready, repolling fd = 8
Socket not ready, repolling fd = 8
Socket not ready, repolling fd = 8
Socket not ready, repolling fd = 8
Socket not ready, repolling fd = 8
Socket not ready, repolling fd = 8
Socket not ready, repolling fd = 8
Socket not ready, repolling fd = 8
Socket not ready, repolling fd = 8
Socket not ready, repolling fd = 8
Socket not ready, repolling fd = 8
Socket not ready, repolling fd = 8
Socket not ready, repolling fd = 8
Socket not ready, repolling fd = 8
Socket not ready, repolling fd = 8
Socket not ready, repolling fd = 8
Socket not ready, repolling fd = 8
Socket not ready, repolling fd = 8
Socket not ready, repolling fd = 8
Socket not ready, repolling fd = 8
Socket not ready, repolling fd = 8
Socket not ready, repolling fd = 8
Socket not ready, repolling fd = 8
Socket not ready, repolling fd = 8
Socket not ready, repolling fd = 8
Socket not ready, repolling fd = 8
Socket not ready, repolling fd = 8
Socket not ready, repolling fd = 8
Socket not ready, repolling fd = 8
Socket not ready, repolling fd = 8
Socket not ready, repolling fd = 8
Socket not ready, repolling fd = 8
Socket not ready, repolling fd = 8
Socket not ready, repolling fd = 8
Socket not ready, repolling fd = 8
Socket not ready, repolling fd = 8
Socket not ready, repolling fd = 8
Socket not ready, repolling fd = 8
Socket not ready, repolling fd = 8
Socket not ready, repolling fd = 8
Socket not ready, repolling fd = 8
Socket not ready, repolling fd = 8
Socket not ready, repolling fd = 8
Socket not ready, repolling fd = 8
Socket not ready, repolling fd = 8
Socket not ready, repolling fd = 8
Socket not ready, repolling fd = 8
Socket not ready, repolling fd = 8
Socket not ready, repolling fd = 8
Socket not ready, repolling fd = 8
Socket not ready, repolling fd = 8
Socket not ready, repolling fd = 8
Socket not ready, repolling fd = 8
Socket not ready, repolling fd = 8
Socket not ready, repolling fd = 8
Socket not ready, repolling fd = 8
Socket not ready, repolling fd = 8
Socket not ready, repolling fd = 8
Socket not ready, repolling fd = 8
Socket not ready, repolling fd = 8
Socket not ready, repolling fd = 8
Socket not ready, repolling fd = 8
Socket not ready, repolling fd = 8
Socket not ready, repolling fd = 8
Socket not ready, repolling fd = 8
Socket not ready, repolling fd = 8
Socket not ready, repolling fd = 8
Socket not ready, repolling fd = 8
Socket not ready, repolling fd = 8
Socket not ready, repolling fd = 8
Socket not ready, repolling fd = 8
Socket not ready, repolling fd = 8
Socket not ready, repolling fd = 8
Socket not ready, repolling fd = 8
Socket not ready, repolling fd = 8
Socket not ready, repolling fd = 8
Socket not ready, repolling fd = 8
Socket not ready, repolling fd = 8
Socket not ready, repolling fd = 8
Socket not ready, repolling fd = 8
Socket not ready, repolling fd = 8
Socket not ready, repolling fd = 8
Socket not ready, repolling fd = 8
Socket not ready, repolling fd = 8
Socket not ready, repolling fd = 8
Socket not ready, repolling fd = 8
Socket not ready, repolling fd = 8
Socket not ready, repolling fd = 8
Socket not ready, repolling fd = 8
Socket not ready, repolling fd = 8
Socket not ready, repolling fd = 8
Socket not ready, repolling fd = 9
Socket not ready, repolling fd = 9
Socket not ready, repolling fd = 9
Socket not ready, repolling fd = 9
Socket not ready, repolling fd = 9
Socket not ready, repolling fd = 9
Socket not ready, repolling fd = 9
Socket not ready, repolling fd = 9
Socket not ready, repolling fd = 9
Socket not ready, repolling fd = 9
Socket not ready, repolling fd = 9
Socket not ready, repolling fd = 9
Socket not ready, repolling fd = 9
Socket not ready, repolling fd = 9
Socket not ready, repolling fd = 9
Socket not ready, repolling fd = 9
Socket not ready, repolling fd = 9
Socket not ready, repolling fd = 9
Socket not ready, repolling fd = 9
Socket not ready, repolling fd = 9
Socket not ready, repolling fd = 9
Socket not ready, repolling fd = 9
Socket not ready, repolling fd = 9
Socket not ready, repolling fd = 9
Socket not ready, repolling fd = 9
Socket not ready, repolling fd = 9
Socket not ready, repolling fd = 9
Socket not ready, repolling fd = 9
Socket not ready, repolling fd = 9
Socket not ready, repolling fd = 9
Socket not ready, repolling fd = 9
Socket not ready, repolling fd = 9
Socket not ready, repolling fd = 9
Socket not ready, repolling fd = 9
Socket not ready, repolling fd = 9
Socket not ready, repolling fd = 9
Socket not ready, repolling fd = 9
Socket not ready, repolling fd = 9
Socket not ready, repolling fd = 9
Socket not ready, repolling fd = 9
Socket not ready, repolling fd = 9
Socket not ready, repolling fd = 9
Socket not ready, repolling fd = 9
Socket not ready, repolling fd = 9
Socket not ready, repolling fd = 9
Socket not ready, repolling fd = 9
Socket not ready, repolling fd = 9
Socket not ready, repolling fd = 9
Socket not ready, repolling fd = 9
Socket not ready, repolling fd = 9
Socket not ready, repolling fd = 9
Socket not ready, repolling fd = 9
Socket not ready, repolling fd = 9
Socket not ready, repolling fd = 9
Socket not ready, repolling fd = 9
Socket not ready, repolling fd = 9
Socket not ready, repolling fd = 9
Socket not ready, repolling fd = 9
Socket not ready, repolling fd = 9
Socket not ready, repolling fd = 9
Socket not ready, repolling fd = 9
Socket not ready, repolling fd = 9
Socket not ready, repolling fd = 9
Socket not ready, repolling fd = 9
Socket not ready, repolling fd = 9
Socket not ready, repolling fd = 9
Socket not ready, repolling fd = 9
Socket not ready, repolling fd = 9
Socket not ready, repolling fd = 9
Socket not ready, repolling fd = 9
Socket not ready, repolling fd = 9
Socket not ready, repolling fd = 9
Socket not ready, repolling fd = 9
Socket not ready, repolling fd = 9
Socket not ready, repolling fd = 9
Socket not ready, repolling fd = 9
Socket not ready, repolling fd = 9
Socket not ready, repolling fd = 9
Socket not ready, repolling fd = 9
Socket not ready, repolling fd = 9
Socket not ready, repolling fd = 9
Socket not ready, repolling fd = 9
Socket not ready, repolling fd = 9
Socket not ready, repolling fd = 9
Socket not ready, repolling fd = 9
Socket not ready, repolling fd = 9
Socket not ready, repolling fd = 9
Socket not ready, repolling fd = 9
Socket not ready, repolling fd = 9
Socket not ready, repolling fd = 9
Socket not ready, repolling fd = 9
Socket not ready, repolling fd = 9
Socket not ready, repolling fd = 9
Socket not ready, repolling fd = 9
Socket not ready, repolling fd = 9
Socket not ready, repolling fd = 9
Socket not ready, repolling fd = 9
Socket not ready, repolling fd = 9
Socket not ready, repolling fd = 9
Socket not ready, repolling fd = 9
Socket not ready, repolling fd = 9
Socket not ready, repolling fd = 9
Socket not ready, repolling fd = 9
Socket not ready, repolling fd = 9
Socket not ready, repolling fd = 9
Socket not ready, repolling fd = 9
Socket not ready, repolling fd = 9
Socket not ready, repolling fd = 9
Socket not ready, repolling fd = 9
Socket not ready, repolling fd = 9
Socket not ready, repolling fd = 9
Socket not ready, repolling fd = 9
Socket not ready, repolling fd = 9
Socket not ready, repolling fd = 9
Socket not ready, repolling fd = 9
Socket not ready, repolling fd = 9
Socket not ready, repolling fd = 9
Socket not ready, repolling fd = 9
Socket not ready, repolling fd = 9
Socket not ready, repolling fd = 9
Socket not ready, repolling fd = 9
Socket not ready, repolling fd = 9
Socket not ready, repolling fd = 9
Socket not ready, repolling fd = 9
Socket not ready, repolling fd = 9
Socket not ready, repolling fd = 9
Socket not ready, repolling fd = 9
Socket not ready, repolling fd = 9
Socket not ready, repolling fd = 9
Socket not ready, repolling fd = 9
Socket not ready, repolling fd = 9
Socket not ready, repolling fd = 9
Socket not ready, repolling fd = 9
Socket not ready, repolling fd = 9
Socket not ready, repolling fd = 9
Socket not ready, repolling fd = 9
Socket not ready, repolling fd = 9
Socket not ready, repolling fd = 9
Socket not ready, repolling fd = 9
Socket not ready, repolling fd = 9
Socket not ready, repolling fd = 9
Socket not ready, repolling fd = 9
Socket not ready, repolling fd = 9
Socket not ready, repolling fd = 9
Socket not ready, repolling fd = 9
Socket not ready, repolling fd = 9
Socket not ready, repolling fd = 9
Socket not ready, repolling fd = 9
Socket not ready, repolling fd = 9
Socket not ready, repolling fd = 9
Socket not ready, repolling fd = 9
Socket not ready, repolling fd = 9
Socket not ready, repolling fd = 9
Socket not ready, repolling fd = 9
Socket not ready, repolling fd = 9
Socket not ready, repolling fd = 9
Socket not ready, repolling fd = 9
Socket not ready, repolling fd = 9
Socket not ready, repolling fd = 9
Socket not ready, repolling fd = 9
Socket not ready, repolling fd = 9
Socket not ready, repolling fd = 9
Socket not ready, repolling fd = 9
Socket not ready, repolling fd = 9
Socket not ready, repolling fd = 9
Socket not ready, repolling fd = 9
Socket not ready, repolling fd = 9
Socket not ready, repolling fd = 9
Socket not ready, repolling fd = 9
Socket not ready, repolling fd = 9
Socket not ready, repolling fd = 9
Socket not ready, repolling fd = 9
Socket not ready, repolling fd = 9
Socket not ready, repolling fd = 9
Socket not ready, repolling fd = 9
Socket not ready, repolling fd = 9
Socket not ready, repolling fd = 9
Socket not ready, repolling fd = 9
Socket not ready, repolling fd = 9
Socket not ready, repolling fd = 9
Socket not ready, repolling fd = 9
Socket not ready, repolling fd = 9
Socket not ready, repolling fd = 9
Socket not ready, repolling fd = 9
Socket not ready, repolling fd = 9
Socket not ready, repolling fd = 9
Socket not ready, repolling fd = 9
Socket not ready, repolling fd = 9
Socket not ready, repolling fd = 9
Socket not ready, repolling fd = 9
Socket not ready, repolling fd = 9
Socket not ready, repolling fd = 9
Socket not ready, repolling fd = 9
Socket not ready, repolling fd = 9
Socket not ready, repolling fd = 9
Socket not ready, repolling fd = 9
Socket not ready, repolling fd = 9
Socket not ready, repolling fd = 9
Socket not ready, repolling fd = 9
Socket not ready, repolling fd = 9
Socket not ready, repolling fd = 9
Socket not ready, repolling fd = 9
Socket not ready, repolling fd = 9
Socket not ready, repolling fd = 9
Socket not ready, repolling fd = 9
Socket not ready, repolling fd = 9
Socket not ready, repolling fd = 9
Socket not ready, repolling fd = 9
Socket not ready, repolling fd = 9
Socket not ready, repolling fd = 9
Socket not ready, repolling fd = 9
Socket not ready, repolling fd = 9
Socket not ready, repolling fd = 9
Socket not ready, repolling fd = 9
Socket not ready, repolling fd = 9
Socket not ready, repolling fd = 9
Socket not ready, repolling fd = 9
Socket not ready, repolling fd = 9
Socket not ready, repolling fd = 9
Socket not ready, repolling fd = 9
Socket not ready, repolling fd = 9
Socket not ready, repolling fd = 9
Socket not ready, repolling fd = 9
Socket not ready, repolling fd = 9
Socket not ready, repolling fd = 9
Socket not ready, repolling fd = 9
Socket not ready, repolling fd = 9
Socket not ready, repolling fd = 9
Socket not ready, repolling fd = 9
Socket not ready, repolling fd = 9
Socket not ready, repolling fd = 9
Socket not ready, repolling fd = 9
Socket not ready, repolling fd = 9
Socket not ready, repolling fd = 9
Socket not ready, repolling fd = 9
Socket not ready, repolling fd = 9
Socket not ready, repolling fd = 9
Socket not ready, repolling fd = 9
Socket not ready, repolling fd = 9
Socket not ready, repolling fd = 9
Socket not ready, repolling fd = 9
Socket not ready, repolling fd = 9
Socket not ready, repolling fd = 9
Socket not ready, repolling fd = 9
Socket not ready, repolling fd = 9
Socket not ready, repolling fd = 9
Socket not ready, repolling fd = 9
Socket not ready, repolling fd = 9
Socket not ready, repolling fd = 9
Socket not ready, repolling fd = 9
Socket not ready, repolling fd = 9
Socket not ready, repolling fd = 9
Socket not ready, repolling fd = 9
Socket not ready, repolling fd = 9
Socket not ready, repolling fd = 9
Socket not ready, repolling fd = 9
Socket not ready, repolling fd = 9
Socket not ready, repolling fd = 9
Socket not ready, repolling fd = 9
Socket not ready, repolling fd = 9
Socket not ready, repolling fd = 9
Socket not ready, repolling fd = 9
Socket not ready, repolling fd = 9
Socket not ready, repolling fd = 9
Socket not ready, repolling fd = 9
Socket not ready, repolling fd = 9
Socket not ready, repolling fd = 9
Socket not ready, repolling fd = 9
Socket not ready, repolling fd = 9
Socket not ready, repolling fd = 9
Socket not ready, repolling fd = 9
Socket not ready, repolling fd = 9
Socket not ready, repolling fd = 9
Socket not ready, repolling fd = 9
Socket not ready, repolling fd = 9
Socket not ready, repolling fd = 9
Socket not ready, repolling fd = 9
Socket not ready, repolling fd = 9
Socket not ready, repolling fd = 9
Socket not ready, repolling fd = 9
Socket not ready, repolling fd = 9
Socket not ready, repolling fd = 9
Socket not ready, repolling fd = 9
Socket not ready, repolling fd = 9
Socket not ready, repolling fd = 9
Socket not ready, repolling fd = 9
Socket not ready, repolling fd = 9
Socket not ready, repolling fd = 9
Socket not ready, repolling fd = 9
Socket not ready, repolling fd = 9
Socket not ready, repolling fd = 9
Socket not ready, repolling fd = 9
Socket not ready, repolling fd = 9
Socket not ready, repolling fd = 9
Socket not ready, repolling fd = 9
Socket not ready, repolling fd = 9
Socket not ready, repolling fd = 9
Socket not ready, repolling fd = 9
Socket not ready, repolling fd = 9
Socket not ready, repolling fd = 9
Socket not ready, repolling fd = 9
Socket not ready, repolling fd = 9
Socket not ready, repolling fd = 9
Socket not ready, repolling fd = 9
Socket not ready, repolling fd = 9
Socket not ready, repolling fd = 9
Socket not ready, repolling fd = 9
Socket not ready, repolling fd = 9
Socket not ready, repolling fd = 9
Socket not ready, repolling fd = 9
Socket not ready, repolling fd = 9
Socket not ready, repolling fd = 9
Socket not ready, repolling fd = 9
Socket not ready, repolling fd = 9
Socket not ready, repolling fd = 9
Socket not ready, repolling fd = 9
Socket not ready, repolling fd = 9
Socket not ready, repolling fd = 9
Socket not ready, repolling fd = 9
Socket not ready, repolling fd = 9
Socket not ready, repolling fd = 9
Socket not ready, repolling fd = 9
Socket not ready, repolling fd = 9
Socket not ready, repolling fd = 9
Socket not ready, repolling fd = 9
Socket not ready, repolling fd = 9
Socket not ready, repolling fd = 9
Socket not ready, repolling fd = 9
Socket not ready, repolling fd = 9
Socket not ready, repolling fd = 9
Socket not ready, repolling fd = 9
Socket not ready, repolling fd = 9
Socket not ready, repolling fd = 9
Socket not ready, repolling fd = 9
Socket not ready, repolling fd = 9
Socket not ready, repolling fd = 9
Socket not ready, repolling fd = 9
Socket not ready, repolling fd = 9
Socket not ready, repolling fd = 9
Socket not ready, repolling fd = 9
Socket not ready, repolling fd = 9
Socket not ready, repolling fd = 9
Socket not ready, repolling fd = 9
Socket not ready, repolling fd = 9
Socket not ready, repolling fd = 9
Socket not ready, repolling fd = 9
Socket not ready, repolling fd = 9
Socket not ready, repolling fd = 9
Socket not ready, repolling fd = 9
Socket not ready, repolling fd = 9
Socket not ready, repolling fd = 9
Socket not ready, repolling fd = 9
Socket not ready, repolling fd = 9
Socket not ready, repolling fd = 9
Socket not ready, repolling fd = 9
Socket not ready, repolling fd = 9
Socket not ready, repolling fd = 9
Socket not ready, repolling fd = 9
Socket not ready, repolling fd = 9
Socket not ready, repolling fd = 9
Socket not ready, repolling fd = 9
Socket not ready, repolling fd = 9
Socket not ready, repolling fd = 9
Socket not ready, repolling fd = 9
Socket not ready, repolling fd = 9
Socket not ready, repolling fd = 9
Socket not ready, repolling fd = 9
Socket not ready, repolling fd = 9
Socket not ready, repolling fd = 9
Socket not ready, repolling fd = 9
Socket not ready, repolling fd = 9
Socket not ready, repolling fd = 9
Socket not ready, repolling fd = 9
Socket not ready, repolling fd = 9
Socket not ready, repolling fd = 9
Socket not ready, repolling fd = 9
Socket not ready, repolling fd = 9
Socket not ready, repolling fd = 9
Socket not ready, repolling fd = 9
Socket not ready, repolling fd = 9
Socket not ready, repolling fd = 9
Socket not ready, repolling fd = 9
Socket not ready, repolling fd = 9
Socket not ready, repolling fd = 9
Socket not ready, repolling fd = 9
Socket not ready, repolling fd = 9
Socket not ready, repolling fd = 9
Socket not ready, repolling fd = 9
Socket not ready, repolling fd = 9
Socket not ready, repolling fd = 9
Socket not ready, repolling fd = 9
Socket not ready, repolling fd = 9
Socket not ready, repolling fd = 8
Socket not ready, repolling fd = 8
Socket not ready, repolling fd = 8
Socket not ready, repolling fd = 8
Socket not ready, repolling fd = 8
Socket not ready, repolling fd = 8
Socket not ready, repolling fd = 8
Socket not ready, repolling fd = 8
Socket not ready, repolling fd = 8
Socket not ready, repolling fd = 8
Socket not ready, repolling fd = 8
Socket not ready, repolling fd = 8
Socket not ready, repolling fd = 8
Socket not ready, repolling fd = 8
Socket not ready, repolling fd = 8
Socket not ready, repolling fd = 8
Socket not ready, repolling fd = 8
Socket not ready, repolling fd = 8
Socket not ready, repolling fd = 8
Socket not ready, repolling fd = 8
Socket not ready, repolling fd = 8
Socket not ready, repolling fd = 8
Socket not ready, repolling fd = 8
Socket not ready, repolling fd = 8
Socket not ready, repolling fd = 8
Socket not ready, repolling fd = 8
Socket not ready, repolling fd = 8
Socket not ready, repolling fd = 8
Socket not ready, repolling fd = 8
Socket not ready, repolling fd = 8
Socket not ready, repolling fd = 8
Socket not ready, repolling fd = 8
Socket not ready, repolling fd = 8
Socket not ready, repolling fd = 8
Socket not ready, repolling fd = 8
Socket not ready, repolling fd = 8
Socket not ready, repolling fd = 8
Socket not ready, repolling fd = 8
Socket not ready, repolling fd = 8
Socket not ready, repolling fd = 8
Socket not ready, repolling fd = 8
Socket not ready, repolling fd = 8
Socket not ready, repolling fd = 8
Socket not ready, repolling fd = 8
Socket not ready, repolling fd = 8
Socket not ready, repolling fd = 8
Socket not ready, repolling fd = 8
Socket not ready, repolling fd = 8
Socket not ready, repolling fd = 8
Socket not ready, repolling fd = 8
Socket not ready, repolling fd = 8
Socket not ready, repolling fd = 8
Socket not ready, repolling fd = 8
Socket not ready, repolling fd = 8
Socket not ready, repolling fd = 8
Socket not ready, repolling fd = 8
Socket not ready, repolling fd = 8
Socket not ready, repolling fd = 8
Socket not ready, repolling fd = 8
Socket not ready, repolling fd = 8
Socket not ready, repolling fd = 8
Socket not ready, repolling fd = 8
Socket not ready, repolling fd = 8
Socket not ready, repolling fd = 8
Socket not ready, repolling fd = 8
Socket not ready, repolling fd = 8
Socket not ready, repolling fd = 8
Socket not ready, repolling fd = 8
Socket not ready, repolling fd = 8
Socket not ready, repolling fd = 8
Socket not ready, repolling fd = 8
Socket not ready, repolling fd = 8
Socket not ready, repolling fd = 8
Socket not ready, repolling fd = 8
Socket not ready, repolling fd = 8
Socket not ready, repolling fd = 8
Socket not ready, repolling fd = 8
Socket not ready, repolling fd = 8
Socket not ready, repolling fd = 8
Socket not ready, repolling fd = 8
Socket not ready, repolling fd = 8
Socket not ready, repolling fd = 8
Socket not ready, repolling fd = 8
Socket not ready, repolling fd = 8
Socket not ready, repolling fd = 8
Socket not ready, repolling fd = 8
Socket not ready, repolling fd = 8
Socket not ready, repolling fd = 8
Socket not ready, repolling fd = 8
Socket not ready, repolling fd = 8
Socket not ready, repolling fd = 8
Socket not ready, repolling fd = 8
Socket not ready, repolling fd = 8
Socket not ready, repolling fd = 8
Socket not ready, repolling fd = 8
Socket not ready, repolling fd = 8
Socket not ready, repolling fd = 8
Socket not ready, repolling fd = 8
Socket not ready, repolling fd = 8
Socket not ready, repolling fd = 8
Socket not ready, repolling fd = 8
Socket not ready, repolling fd = 8
Socket not ready, repolling fd = 8
Socket not ready, repolling fd = 8
Socket not ready, repolling fd = 8
Socket not ready, repolling fd = 8
Socket not ready, repolling fd = 8
Socket not ready, repolling fd = 8
Socket not ready, repolling fd = 8
Socket not ready, repolling fd = 8
Socket not ready, repolling fd = 8
Socket not ready, repolling fd = 8
Socket not ready, repolling fd = 8
Socket not ready, repolling fd = 8
Socket not ready, repolling fd = 8
Socket not ready, repolling fd = 8
Socket not ready, repolling fd = 8
Socket not ready, repolling fd = 8
Socket not ready, repolling fd = 8
Socket not ready, repolling fd = 8
Socket not ready, repolling fd = 8
Socket not ready, repolling fd = 8
Socket not ready, repolling fd = 8
Socket not ready, repolling fd = 8
Socket not ready, repolling fd = 8
Socket not ready, repolling fd = 8
Socket not ready, repolling fd = 8
Socket not ready, repolling fd = 8
Socket not ready, repolling fd = 8
Socket not ready, repolling fd = 8
Socket not ready, repolling fd = 8
Socket not ready, repolling fd = 8
Socket not ready, repolling fd = 8
Socket not ready, repolling fd = 8
Socket not ready, repolling fd = 8
Socket not ready, repolling fd = 8
Socket not ready, repolling fd = 8
Socket not ready, repolling fd = 8
Socket not ready, repolling fd = 8
Socket not ready, repolling fd = 8
Socket not ready, repolling fd = 8
Socket not ready, repolling fd = 8
Socket not ready, repolling fd = 8
Socket not ready, repolling fd = 8
Socket not ready, repolling fd = 8
Socket not ready, repolling fd = 8
Socket not ready, repolling fd = 8
Socket not ready, repolling fd = 8
Socket not ready, repolling fd = 8
Socket not ready, repolling fd = 8
Socket not ready, repolling fd = 8
Socket not ready, repolling fd = 8
Socket not ready, repolling fd = 8
Socket not ready, repolling fd = 8
Socket not ready, repolling fd = 8
Socket not ready, repolling fd = 8
Socket not ready, repolling fd = 8
Socket not ready, repolling fd = 8
Socket not ready, repolling fd = 8
Socket not ready, repolling fd = 8
Socket not ready, repolling fd = 8
Socket not ready, repolling fd = 8
Socket not ready, repolling fd = 8
Socket not ready, repolling fd = 8
Socket not ready, repolling fd = 8
Socket not ready, repolling fd = 8
Socket not ready, repolling fd = 8
Socket not ready, repolling fd = 7
Socket not ready, repolling fd = 8
Socket not ready, repolling fd = 8
Socket not ready, repolling fd = 8
Socket not ready, repolling fd = 8
Socket not ready, repolling fd = 8
Socket not ready, repolling fd = 8
Socket not ready, repolling fd = 8
Socket not ready, repolling fd = 8
Socket not ready, repolling fd = 8
Socket not ready, repolling fd = 8
Socket not ready, repolling fd = 8
Socket not ready, repolling fd = 8
Socket not ready, repolling fd = 8
Socket not ready, repolling fd = 8
Socket not ready, repolling fd = 8
Socket not ready, repolling fd = 8
Socket not ready, repolling fd = 8
Socket not ready, repolling fd = 8
Socket not ready, repolling fd = 8
Socket not ready, repolling fd = 8
Socket not ready, repolling fd = 8
Socket not ready, repolling fd = 8
Socket not ready, repolling fd = 8
Socket not ready, repolling fd = 8
Socket not ready, repolling fd = 8
Socket not ready, repolling fd = 8
Socket not ready, repolling fd = 8
Socket not ready, repolling fd = 8
Socket not ready, repolling fd = 8
Socket not ready, repolling fd = 8
Socket not ready, repolling fd = 8
Socket not ready, repolling fd = 8
Socket not ready, repolling fd = 8
Socket not ready, repolling fd = 8
Socket not ready, repolling fd = 8
Socket not ready, repolling fd = 8
Socket not ready, repolling fd = 8
Socket not ready, repolling fd = 8
Socket not ready, repolling fd = 8
Socket not ready, repolling fd = 8
Socket not ready, repolling fd = 8
Socket not ready, repolling fd = 8
Socket not ready, repolling fd = 8
Socket not ready, repolling fd = 8
Socket not ready, repolling fd = 8
Socket not ready, repolling fd = 8
Socket not ready, repolling fd = 8
Socket not ready, repolling fd = 8
Socket not ready, repolling fd = 8
Socket not ready, repolling fd = 8
Socket not ready, repolling fd = 8
Socket not ready, repolling fd = 8
Socket not ready, repolling fd = 8
Socket not ready, repolling fd = 8
Socket not ready, repolling fd = 8
Socket not ready, repolling fd = 8
Socket not ready, repolling fd = 8
Socket not ready, repolling fd = 8
Socket not ready, repolling fd = 8
Socket not ready, repolling fd = 8
Socket not ready, repolling fd = 8
Socket not ready, repolling fd = 8
Socket not ready, repolling fd = 8
Socket not ready, repolling fd = 8
Socket not ready, repolling fd = 8
Socket not ready, repolling fd = 8
Socket not ready, repolling fd = 8
Socket not ready, repolling fd = 8
Socket not ready, repolling fd = 8
Socket not ready, repolling fd = 8
Socket not ready, repolling fd = 8
Socket not ready, repolling fd = 8
Socket not ready, repolling fd = 8
Socket not ready, repolling fd = 8
Socket not ready, repolling fd = 8
Socket not ready, repolling fd = 8
Socket not ready, repolling fd = 8
Socket not ready, repolling fd = 8
Socket not ready, repolling fd = 8
Socket not ready, repolling fd = 8
Socket not ready, repolling fd = 8
Socket not ready, repolling fd = 8
Socket not ready, repolling fd = 8
Socket not ready, repolling fd = 8
Socket not ready, repolling fd = 8
Socket not ready, repolling fd = 8
Socket not ready, repolling fd = 8
Socket not ready, repolling fd = 8
Socket not ready, repolling fd = 8
Socket not ready, repolling fd = 8
Socket not ready, repolling fd = 8
Socket not ready, repolling fd = 8
Socket not ready, repolling fd = 8
Socket not ready, repolling fd = 8
Socket not ready, repolling fd = 8
Socket not ready, repolling fd = 8
Socket not ready, repolling fd = 8
Socket not ready, repolling fd = 8
Socket not ready, repolling fd = 8
Socket not ready, repolling fd = 8
Socket not ready, repolling fd = 8
Socket not ready, repolling fd = 8
Socket not ready, repolling fd = 8
Socket not ready, repolling fd = 8
Socket not ready, repolling fd = 8
Socket not ready, repolling fd = 8
Socket not ready, repolling fd = 8
Socket not ready, repolling fd = 8
Socket not ready, repolling fd = 8
Socket not ready, repolling fd = 8
Socket not ready, repolling fd = 8
Socket not ready, repolling fd = 8
Socket not ready, repolling fd = 8
Socket not ready, repolling fd = 8
Socket not ready, repolling fd = 8
Socket not ready, repolling fd = 8
Socket not ready, repolling fd = 8
Socket not ready, repolling fd = 8
Socket not ready, repolling fd = 8
Socket not ready, repolling fd = 8
Socket not ready, repolling fd = 8
Socket not ready, repolling fd = 8
Socket not ready, repolling fd = 8
Socket not ready, repolling fd = 8
Socket not ready, repolling fd = 8
Socket not ready, repolling fd = 8
Socket not ready, repolling fd = 8
Socket not ready, repolling fd = 8
Socket not ready, repolling fd = 8
Socket not ready, repolling fd = 8
Socket not ready, repolling fd = 8
Socket not ready, repolling fd = 8
Socket not ready, repolling fd = 8
Socket not ready, repolling fd = 8
Socket not ready, repolling fd = 8
Socket not ready, repolling fd = 8
Socket not ready, repolling fd = 8
Socket not ready, repolling fd = 8
Socket not ready, repolling fd = 8
Socket not ready, repolling fd = 8
Socket not ready, repolling fd = 8
Socket not ready, repolling fd = 8
Socket not ready, repolling fd = 8
Socket not ready, repolling fd = 8
Socket not ready, repolling fd = 8
Socket not ready, repolling fd = 8
Socket not ready, repolling fd = 8
Socket not ready, repolling fd = 8
Socket not ready, repolling fd = 8
Socket not ready, repolling fd = 8
Socket not ready, repolling fd = 8
Socket not ready, repolling fd = 8
Socket not ready, repolling fd = 8
Socket not ready, repolling fd = 8
Socket not ready, repolling fd = 8
Socket not ready, repolling fd = 8
Socket not ready, repolling fd = 8
Socket not ready, repolling fd = 8
Socket not ready, repolling fd = 8
Socket not ready, repolling fd = 8
Socket not ready, repolling fd = 8
Socket not ready, repolling fd = 8
Socket not ready, repolling fd = 8
Socket not ready, repolling fd = 8
Socket not ready, repolling fd = 8
Socket not ready, repolling fd = 8
Socket not ready, repolling fd = 8
Socket not ready, repolling fd = 8
Socket not ready, repolling fd = 8
Socket not ready, repolling fd = 8
Socket not ready, repolling fd = 8
Socket not ready, repolling fd = 8
Socket not ready, repolling fd = 8
Socket not ready, repolling fd = 8
Socket not ready, repolling fd = 8
Socket not ready, repolling fd = 8
Socket not ready, repolling fd = 8
Socket not ready, repolling fd = 8
Socket not ready, repolling fd = 8
Socket not ready, repolling fd = 8
Socket not ready, repolling fd = 8
Socket not ready, repolling fd = 8
Socket not ready, repolling fd = 8
Socket not ready, repolling fd = 8
Socket not ready, repolling fd = 8
Socket not ready, repolling fd = 8
Socket not ready, repolling fd = 8
Socket not ready, repolling fd = 8
Socket not ready, repolling fd = 8
Socket not ready, repolling fd = 8
Socket not ready, repolling fd = 8
Socket not ready, repolling fd = 8
Socket not ready, repolling fd = 8
Socket not ready, repolling fd = 8
Socket not ready, repolling fd = 8
Socket not ready, repolling fd = 8
Socket not ready, repolling fd = 8
Socket not ready, repolling fd = 8
Socket not ready, repolling fd = 8
Socket not ready, repolling fd = 8
Socket not ready, repolling fd = 8
Socket not ready, repolling fd = 8
Socket not ready, repolling fd = 8
Socket not ready, repolling fd = 8
Socket not ready, repolling fd = 8
Socket not ready, repolling fd = 8
Socket not ready, repolling fd = 8
Socket not ready, repolling fd = 8
Socket not ready, repolling fd = 8
Socket not ready, repolling fd = 8
Socket not ready, repolling fd = 8
Socket not ready, repolling fd = 8
Socket not ready, repolling fd = 8
Socket not ready, repolling fd = 8
Socket not ready, repolling fd = 8
Socket not ready, repolling fd = 8
Socket not ready, repolling fd = 8
Socket not ready, repolling fd = 8
Socket not ready, repolling fd = 8
Socket not ready, repolling fd = 8
Socket not ready, repolling fd = 8
Socket not ready, repolling fd = 8
Socket not ready, repolling fd = 8
Socket not ready, repolling fd = 8
Socket not ready, repolling fd = 8
Socket not ready, repolling fd = 8
Socket not ready, repolling fd = 8
Socket not ready, repolling fd = 8
Socket not ready, repolling fd = 8
Socket not ready, repolling fd = 8
Socket not ready, repolling fd = 8
Socket not ready, repolling fd = 8
Socket not ready, repolling fd = 8
Socket not ready, repolling fd = 8
Socket not ready, repolling fd = 8
Socket not ready, repolling fd = 8
Socket not ready, repolling fd = 8
Socket not ready, repolling fd = 8
Socket not ready, repolling fd = 8
Socket not ready, repolling fd = 8
Socket not ready, repolling fd = 8
Socket not ready, repolling fd = 8
Socket not ready, repolling fd = 8
Socket not ready, repolling fd = 8
Socket not ready, repolling fd = 8
Socket not ready, repolling fd = 8
Socket not ready, repolling fd = 8
Socket not ready, repolling fd = 8
Socket not ready, repolling fd = 8
Socket not ready, repolling fd = 8
Socket not ready, repolling fd = 8
Socket not ready, repolling fd = 8
Socket not ready, repolling fd = 8
Socket not ready, repolling fd = 8
Socket not ready, repolling fd = 8
Socket not ready, repolling fd = 8
Socket not ready, repolling fd = 8
Socket not ready, repolling fd = 8
Socket not ready, repolling fd = 8
Socket not ready, repolling fd = 8
Socket not ready, repolling fd = 8
Socket not ready, repolling fd = 8
Socket not ready, repolling fd = 8
Socket not ready, repolling fd = 8
Socket not ready, repolling fd = 8
Socket not ready, repolling fd = 8
Socket not ready, repolling fd = 8
Socket not ready, repolling fd = 8
Socket not ready, repolling fd = 8
Socket not ready, repolling fd = 8
Socket not ready, repolling fd = 8
Socket not ready, repolling fd = 8
Socket not ready, repolling fd = 8
Socket not ready, repolling fd = 8
Socket not ready, repolling fd = 8
Socket not ready, repolling fd = 8
Socket not ready, repolling fd = 8
Socket not ready, repolling fd = 8
Socket not ready, repolling fd = 8
Socket not ready, repolling fd = 8
Socket not ready, repolling fd = 8
Socket not ready, repolling fd = 8
Socket not ready, repolling fd = 8
Socket not ready, repolling fd = 8
Socket not ready, repolling fd = 8
Socket not ready, repolling fd = 8
Socket not ready, repolling fd = 8
Socket not ready, repolling fd = 8
Socket not ready, repolling fd = 8
Socket not ready, repolling fd = 8
Socket not ready, repolling fd = 8
Socket not ready, repolling fd = 8
Socket not ready, repolling fd = 8
Socket not ready, repolling fd = 8
Socket not ready, repolling fd = 8
Socket not ready, repolling fd = 8
Socket not ready, repolling fd = 8
Socket not ready, repolling fd = 8
Socket not ready, repolling fd = 8
Socket not ready, repolling fd = 8
Socket not ready, repolling fd = 8
Socket not ready, repolling fd = 8
Socket not ready, repolling fd = 8
Socket not ready, repolling fd = 8
Socket not ready, repolling fd = 8
Socket not ready, repolling fd = 8
Socket not ready, repolling fd = 8
Socket not ready, repolling fd = 8
Socket not ready, repolling fd = 8
Socket not ready, repolling fd = 8
Socket not ready, repolling fd = 8
Socket not ready, repolling fd = 8
Socket not ready, repolling fd = 8
Socket not ready, repolling fd = 8
Socket not ready, repolling fd = 8
Socket not ready, repolling fd = 8
Socket not ready, repolling fd = 8
Socket not ready, repolling fd = 8
Socket not ready, repolling fd = 8
Socket not ready, repolling fd = 8
Socket not ready, repolling fd = 8
Socket not ready, repolling fd = 8
Socket not ready, repolling fd = 8
Socket not ready, repolling fd = 8
Socket not ready, repolling fd = 8
Socket not ready, repolling fd = 8
Socket not ready, repolling fd = 8
Socket not ready, repolling fd = 8
Socket not ready, repolling fd = 8
Socket not ready, repolling fd = 8
Socket not ready, repolling fd = 8
Socket not ready, repolling fd = 8
Socket not ready, repolling fd = 8
Socket not ready, repolling fd = 8
Socket not ready, repolling fd = 8
Socket not ready, repolling fd = 8
Socket not ready, repolling fd = 8
Socket not ready, repolling fd = 8
Socket not ready, repolling fd = 8
Socket not ready, repolling fd = 8
Socket not ready, repolling fd = 8
Socket not ready, repolling fd = 8
Socket not ready, repolling fd = 8
Socket not ready, repolling fd = 8
Socket not ready, repolling fd = 8
Socket not ready, repolling fd = 8
Socket not ready, repolling fd = 8
Socket not ready, repolling fd = 8
Socket not ready, repolling fd = 8
Socket not ready, repolling fd = 8
Socket not ready, repolling fd = 8
Socket not ready, repolling fd = 8
Socket not ready, repolling fd = 8
Socket not ready, repolling fd = 8
Socket not ready, repolling fd = 8
Socket not ready, repolling fd = 8
Socket not ready, repolling fd = 8
Socket not ready, repolling fd = 8
Socket not ready, repolling fd = 8
Socket not ready, repolling fd = 8
Socket not ready, repolling fd = 8
Socket not ready, repolling fd = 8
Socket not ready, repolling fd = 8
Socket not ready, repolling fd = 8
Socket not ready, repolling fd = 8
Socket not ready, repolling fd = 8
Socket not ready, repolling fd = 8
Socket not ready, repolling fd = 8
Socket not ready, repolling fd = 8
Socket not ready, repolling fd = 8
Socket not ready, repolling fd = 8
Socket not ready, repolling fd = 8
Socket not ready, repolling fd = 8
Socket not ready, repolling fd = 8
Socket not ready, repolling fd = 8
Socket not ready, repolling fd = 8
Socket not ready, repolling fd = 8
Socket not ready, repolling fd = 8
Socket not ready, repolling fd = 8
Socket not ready, repolling fd = 8
Socket not ready, repolling fd = 8
Socket not ready, repolling fd = 8
Socket not ready, repolling fd = 8
Socket not ready, repolling fd = 8
Socket not ready, repolling fd = 8
Socket not ready, repolling fd = 8
Socket not ready, repolling fd = 8
Socket not ready, repolling fd = 8
Socket not ready, repolling fd = 8
Socket not ready, repolling fd = 8
Socket not ready, repolling fd = 8
Socket not ready, repolling fd = 8
Socket not ready, repolling fd = 8
Socket not ready, repolling fd = 8
Socket not ready, repolling fd = 8
Socket not ready, repolling fd = 8
Socket not ready, repolling fd = 8
Socket not ready, repolling fd = 8
Socket not ready, repolling fd = 8
Socket not ready, repolling fd = 8
Socket not ready, repolling fd = 8
Socket not ready, repolling fd = 8
Socket not ready, repolling fd = 8
Socket not ready, repolling fd = 8
Socket not ready, repolling fd = 8
Socket not ready, repolling fd = 8
Socket not ready, repolling fd = 8
Socket not ready, repolling fd = 8
Socket not ready, repolling fd = 8
Socket not ready, repolling fd = 8
Socket not ready, repolling fd = 8
Socket not ready, repolling fd = 8
Socket not ready, repolling fd = 8
Socket not ready, repolling fd = 8
Socket not ready, repolling fd = 8
Socket not ready, repolling fd = 8
Socket not ready, repolling fd = 8
Socket not ready, repolling fd = 8
Socket not ready, repolling fd = 8
Socket not ready, repolling fd = 8
Socket not ready, repolling fd = 8
Socket not ready, repolling fd = 8
Socket not ready, repolling fd = 8
Socket not ready, repolling fd = 8
Socket not ready, repolling fd = 8
Socket not ready, repolling fd = 8
Socket not ready, repolling fd = 8
Socket not ready, repolling fd = 8
Socket not ready, repolling fd = 8
Socket not ready, repolling fd = 8
Socket not ready, repolling fd = 8
Socket not ready, repolling fd = 8
Socket not ready, repolling fd = 8
Socket not ready, repolling fd = 8
Socket not ready, repolling fd = 8
Socket not ready, repolling fd = 8
Socket not ready, repolling fd = 8
Socket not ready, repolling fd = 8
Socket not ready, repolling fd = 8
Socket not ready, repolling fd = 8
Socket not ready, repolling fd = 8
Socket not ready, repolling fd = 8
Socket not ready, repolling fd = 8
Socket not ready, repolling fd = 8
Socket not ready, repolling fd = 8
Socket not ready, repolling fd = 8
Socket not ready, repolling fd = 8
Socket not ready, repolling fd = 8
Socket not ready, repolling fd = 8
Socket not ready, repolling fd = 8
Socket not ready, repolling fd = 8
Socket not ready, repolling fd = 8
Socket not ready, repolling fd = 8
Socket not ready, repolling fd = 8
Socket not ready, repolling fd = 8
Socket not ready, repolling fd = 8
Socket not ready, repolling fd = 8
Socket not ready, repolling fd = 8
Socket not ready, repolling fd = 8
Socket not ready, repolling fd = 8
Socket not ready, repolling fd = 8
Socket not ready, repolling fd = 8
Socket not ready, repolling fd = 8
Socket not ready, repolling fd = 8
Socket not ready, repolling fd = 8
Socket not ready, repolling fd = 8
Socket not ready, repolling fd = 8
Socket not ready, repolling fd = 8
Socket not ready, repolling fd = 8
Socket not ready, repolling fd = 8
Socket not ready, repolling fd = 8
Socket not ready, repolling fd = 8
Socket not ready, repolling fd = 8
Socket not ready, repolling fd = 8
Socket not ready, repolling fd = 8
Socket not ready, repolling fd = 8
Socket not ready, repolling fd = 8
Socket not ready, repolling fd = 8
Socket not ready, repolling fd = 8
Socket not ready, repolling fd = 8
Socket not ready, repolling fd = 8
Socket not ready, repolling fd = 8
Socket not ready, repolling fd = 8
Socket not ready, repolling fd = 8
Socket not ready, repolling fd = 8
Socket not ready, repolling fd = 8
Socket not ready, repolling fd = 8
Socket not ready, repolling fd = 8
Socket not ready, repolling fd = 8
Socket not ready, repolling fd = 8
Socket not ready, repolling fd = 8
Socket not ready, repolling fd = 8
Socket not ready, repolling fd = 8
Socket not ready, repolling fd = 8
Socket not ready, repolling fd = 8
Socket not ready, repolling fd = 8
Socket not ready, repolling fd = 8
Socket not ready, repolling fd = 8
Socket not ready, repolling fd = 8
Socket not ready, repolling fd = 8
Socket not ready, repolling fd = 8
Socket not ready, repolling fd = 8
Socket not ready, repolling fd = 8
Socket not ready, repolling fd = 8
Socket not ready, repolling fd = 8
Socket not ready, repolling fd = 8
Socket not ready, repolling fd = 8
Socket not ready, repolling fd = 8
Socket not ready, repolling fd = 8
Socket not ready, repolling fd = 8
Socket not ready, repolling fd = 8
Socket not ready, repolling fd = 8
Socket not ready, repolling fd = 8
Socket not ready, repolling fd = 8
Socket not ready, repolling fd = 8
Socket not ready, repolling fd = 8
Socket not ready, repolling fd = 8
Socket not ready, repolling fd = 8
Socket not ready, repolling fd = 8
Socket not ready, repolling fd = 8
Socket not ready, repolling fd = 8
Socket not ready, repolling fd = 8
Socket not ready, repolling fd = 8
Socket not ready, repolling fd = 8
Socket not ready, repolling fd = 8
Socket not ready, repolling fd = 8
Socket not ready, repolling fd = 8
Socket not ready, repolling fd = 8
Socket not ready, repolling fd = 8
Socket not ready, repolling fd = 8
Socket not ready, repolling fd = 8
Socket not ready, repolling fd = 8
Socket not ready, repolling fd = 8
Socket not ready, repolling fd = 8
Socket not ready, repolling fd = 8
Socket not ready, repolling fd = 8
Socket not ready, repolling fd = 8
Socket not ready, repolling fd = 8
Socket not ready, repolling fd = 8
Socket not ready, repolling fd = 8
Socket not ready, repolling fd = 8
Socket not ready, repolling fd = 8
Socket not ready, repolling fd = 8
Socket not ready, repolling fd = 8
Socket not ready, repolling fd = 8
Socket not ready, repolling fd = 8
Socket not ready, repolling fd = 8
Socket not ready, repolling fd = 8
Socket not ready, repolling fd = 8
Socket not ready, repolling fd = 8
Socket not ready, repolling fd = 8
Socket not ready, repolling fd = 8
Socket not ready, repolling fd = 8
Socket not ready, repolling fd = 8
Socket not ready, repolling fd = 8
Socket not ready, repolling fd = 8
Socket not ready, repolling fd = 8
Socket not ready, repolling fd = 8
Socket not ready, repolling fd = 8
Socket not ready, repolling fd = 8
Socket not ready, repolling fd = 8
Socket not ready, repolling fd = 8
Socket not ready, repolling fd = 8
Socket not ready, repolling fd = 8
Socket not ready, repolling fd = 8
Socket not ready, repolling fd = 8
Socket not ready, repolling fd = 8
Socket not ready, repolling fd = 8
Socket not ready, repolling fd = 8
Socket not ready, repolling fd = 8
Socket not ready, repolling fd = 8
Socket not ready, repolling fd = 8
Socket not ready, repolling fd = 8
Socket not ready, repolling fd = 8
Socket not ready, repolling fd = 8
Socket not ready, repolling fd = 8
Socket not ready, repolling fd = 8
Socket not ready, repolling fd = 8
Socket not ready, repolling fd = 8
Socket not ready, repolling fd = 8
Socket not ready, repolling fd = 8
Socket not ready, repolling fd = 8
Socket not ready, repolling fd = 8
Socket not ready, repolling fd = 8
Socket not ready, repolling fd = 8
Socket not ready, repolling fd = 8
Socket not ready, repolling fd = 8
Socket not ready, repolling fd = 8
Socket not ready, repolling fd = 8
Socket not ready, repolling fd = 8
Socket not ready, repolling fd = 8
Socket not ready, repolling fd = 8
Socket not ready, repolling fd = 8
Socket not ready, repolling fd = 8
Socket not ready, repolling fd = 8
Socket not ready, repolling fd = 8
Socket not ready, repolling fd = 8
Socket not ready, repolling fd = 8
Socket not ready, repolling fd = 8
Socket not ready, repolling fd = 8
Socket not ready, repolling fd = 8
Socket not ready, repolling fd = 8
Socket not ready, repolling fd = 8
Socket not ready, repolling fd = 8
Socket not ready, repolling fd = 8
Socket not ready, repolling fd = 8
Socket not ready, repolling fd = 8
Socket not ready, repolling fd = 8
Socket not ready, repolling fd = 8
Socket not ready, repolling fd = 8
Socket not ready, repolling fd = 8
Socket not ready, repolling fd = 8
Socket not ready, repolling fd = 8
Socket not ready, repolling fd = 8
Socket not ready, repolling fd = 8
Socket not ready, repolling fd = 8
Socket not ready, repolling fd = 8
Socket not ready, repolling fd = 8
Socket not ready, repolling fd = 8
Socket not ready, repolling fd = 8
Socket not ready, repolling fd = 8
Socket not ready, repolling fd = 8
Socket not ready, repolling fd = 8
Socket not ready, repolling fd = 8
Socket not ready, repolling fd = 8
Socket not ready, repolling fd = 8
Socket not ready, repolling fd = 8
Socket not ready, repolling fd = 8
Socket not ready, repolling fd = 8
Socket not ready, repolling fd = 8
Socket not ready, repolling fd = 8
Socket not ready, repolling fd = 8
Socket not ready, repolling fd = 8
Socket not ready, repolling fd = 8
Socket not ready, repolling fd = 8
Socket not ready, repolling fd = 8
Socket not ready, repolling fd = 8
Socket not ready, repolling fd = 8
Socket not ready, repolling fd = 8
Socket not ready, repolling fd = 8
Socket not ready, repolling fd = 8
Socket not ready, repolling fd = 8
Socket not ready, repolling fd = 8
Socket not ready, repolling fd = 8
Socket not ready, repolling fd = 8
Socket not ready, repolling fd = 8
Socket not ready, repolling fd = 8
Socket not ready, repolling fd = 8
Socket not ready, repolling fd = 8
Socket not ready, repolling fd = 8
Socket not ready, repolling fd = 8
Socket not ready, repolling fd = 8
Socket not ready, repolling fd = 8
Socket not ready, repolling fd = 8
Socket not ready, repolling fd = 8
Socket not ready, repolling fd = 8
Socket not ready, repolling fd = 8
Socket not ready, repolling fd = 8
Socket not ready, repolling fd = 8
Socket not ready, repolling fd = 8
Socket not ready, repolling fd = 8
Socket not ready, repolling fd = 8
Socket not ready, repolling fd = 8
Socket not ready, repolling fd = 8
Socket not ready, repolling fd = 8
Socket not ready, repolling fd = 8
Socket not ready, repolling fd = 8
Socket not ready, repolling fd = 8
Socket not ready, repolling fd = 8
Socket not ready, repolling fd = 8
Socket not ready, repolling fd = 8
Socket not ready, repolling fd = 8
Socket not ready, repolling fd = 8
Socket not ready, repolling fd = 8
Socket not ready, repolling fd = 8
Socket not ready, repolling fd = 8
Socket not ready, repolling fd = 8
Socket not ready, repolling fd = 8
Socket not ready, repolling fd = 8
Socket not ready, repolling fd = 8
Socket not ready, repolling fd = 8
Socket not ready, repolling fd = 8
Socket not ready, repolling fd = 8
Socket not ready, repolling fd = 8
Socket not ready, repolling fd = 8
Socket not ready, repolling fd = 8
Socket not ready, repolling fd = 8
Socket not ready, repolling fd = 8
Socket not ready, repolling fd = 8
Socket not ready, repolling fd = 8
Socket not ready, repolling fd = 8
Socket not ready, repolling fd = 8
Socket not ready, repolling fd = 8
Socket not ready, repolling fd = 8
Socket not ready, repolling fd = 8
Socket not ready, repolling fd = 8
Socket not ready, repolling fd = 8
Socket not ready, repolling fd = 8
Socket not ready, repolling fd = 8
Socket not ready, repolling fd = 8
Socket not ready, repolling fd = 8
Socket not ready, repolling fd = 8
Socket not ready, repolling fd = 8
Socket not ready, repolling fd = 8
Socket not ready, repolling fd = 8
Socket not ready, repolling fd = 8
Socket not ready, repolling fd = 8
Socket not ready, repolling fd = 8
Socket not ready, repolling fd = 8
Socket not ready, repolling fd = 8
Socket not ready, repolling fd = 8
Socket not ready, repolling fd = 8
Socket not ready, repolling fd = 8
Socket not ready, repolling fd = 8
Socket not ready, repolling fd = 8
Socket not ready, repolling fd = 8
Socket not ready, repolling fd = 8
Socket not ready, repolling fd = 8
Socket not ready, repolling fd = 8
Socket not ready, repolling fd = 8
Socket not ready, repolling fd = 8
Socket not ready, repolling fd = 8
Socket not ready, repolling fd = 8
Socket not ready, repolling fd = 8
Socket not ready, repolling fd = 8
Socket not ready, repolling fd = 8
Socket not ready, repolling fd = 8
Socket not ready, repolling fd = 8
Socket not ready, repolling fd = 8
Socket not ready, repolling fd = 8
Socket not ready, repolling fd = 8
Socket not ready, repolling fd = 8
Socket not ready, repolling fd = 8
Socket not ready, repolling fd = 8
Socket not ready, repolling fd = 8
Socket not ready, repolling fd = 8
Socket not ready, repolling fd = 8
Socket not ready, repolling fd = 8
Socket not ready, repolling fd = 8
Socket not ready, repolling fd = 8
Socket not ready, repolling fd = 8
Socket not ready, repolling fd = 8
Socket not ready, repolling fd = 8
Socket not ready, repolling fd = 8
Socket not ready, repolling fd = 8
Socket not ready, repolling fd = 8
Socket not ready, repolling fd = 8
Socket not ready, repolling fd = 8
Socket not ready, repolling fd = 8
Socket not ready, repolling fd = 8
Socket not ready, repolling fd = 8
Socket not ready, repolling fd = 8
Socket not ready, repolling fd = 8
Socket not ready, repolling fd = 8
Socket not ready, repolling fd = 8
Socket not ready, repolling fd = 8
Socket not ready, repolling fd = 8
Socket not ready, repolling fd = 8
Socket not ready, repolling fd = 8
Socket not ready, repolling fd = 8
Socket not ready, repolling fd = 8
Socket not ready, repolling fd = 8
Socket not ready, repolling fd = 8
Socket not ready, repolling fd = 8
Socket not ready, repolling fd = 8
Socket not ready, repolling fd = 8
Socket not ready, repolling fd = 8
Socket not ready, repolling fd = 8
Socket not ready, repolling fd = 8
Socket not ready, repolling fd = 8
Socket not ready, repolling fd = 8
Socket not ready, repolling fd = 8
Socket not ready, repolling fd = 8
Socket not ready, repolling fd = 8
Socket not ready, repolling fd = 8
Socket not ready, repolling fd = 8
Socket not ready, repolling fd = 8
Socket not ready, repolling fd = 8
Socket not ready, repolling fd = 8
Socket not ready, repolling fd = 8
Socket not ready, repolling fd = 8
Socket not ready, repolling fd = 8
Socket not ready, repolling fd = 8
Socket not ready, repolling fd = 8
Socket not ready, repolling fd = 8
Socket not ready, repolling fd = 8
Socket not ready, repolling fd = 8
Socket not ready, repolling fd = 8
Socket not ready, repolling fd = 8
Socket not ready, repolling fd = 8
Socket not ready, repolling fd = 8
Socket not ready, repolling fd = 8
Socket not ready, repolling fd = 8
Socket not ready, repolling fd = 8
Socket not ready, repolling fd = 8
Socket not ready, repolling fd = 8
Socket not ready, repolling fd = 8
Socket not ready, repolling fd = 8
Socket not ready, repolling fd = 8
Socket not ready, repolling fd = 8
Socket not ready, repolling fd = 8
Socket not ready, repolling fd = 8
Socket not ready, repolling fd = 8
Socket not ready, repolling fd = 8
Socket not ready, repolling fd = 8
Socket not ready, repolling fd = 8
Socket not ready, repolling fd = 8
Socket not ready, repolling fd = 8
Socket not ready, repolling fd = 8
Socket not ready, repolling fd = 8
Socket not ready, repolling fd = 8
Socket not ready, repolling fd = 8
Socket not ready, repolling fd = 8
Socket not ready, repolling fd = 8
Socket not ready, repolling fd = 8
Socket not ready, repolling fd = 8
Socket not ready, repolling fd = 8
Socket not ready, repolling fd = 8
Socket not ready, repolling fd = 8
Socket not ready, repolling fd = 8
Socket not ready, repolling fd = 8
Socket not ready, repolling fd = 8
Socket not ready, repolling fd = 8
Socket not ready, repolling fd = 8
Socket not ready, repolling fd = 8
Socket not ready, repolling fd = 8
Socket not ready, repolling fd = 8
Socket not ready, repolling fd = 8
Socket not ready, repolling fd = 8
Socket not ready, repolling fd = 8
Socket not ready, repolling fd = 8
Socket not ready, repolling fd = 8
Socket not ready, repolling fd = 8
Socket not ready, repolling fd = 8
Socket not ready, repolling fd = 8
Socket not ready, repolling fd = 8
Socket not ready, repolling fd = 8
Socket not ready, repolling fd = 8
Socket not ready, repolling fd = 8
Socket not ready, repolling fd = 8
Socket not ready, repolling fd = 8
Socket not ready, repolling fd = 8
Socket not ready, repolling fd = 8
Socket not ready, repolling fd = 8
Socket not ready, repolling fd = 8
Socket not ready, repolling fd = 8
Socket not ready, repolling fd = 8
Socket not ready, repolling fd = 8
Socket not ready, repolling fd = 8
Socket not ready, repolling fd = 8
Socket not ready, repolling fd = 8
Socket not ready, repolling fd = 8
Socket not ready, repolling fd = 8
Socket not ready, repolling fd = 8
Socket not ready, repolling fd = 8
Socket not ready, repolling fd = 8
Socket not ready, repolling fd = 8
Socket not ready, repolling fd = 8
Socket not ready, repolling fd = 8
Socket not ready, repolling fd = 8
Socket not ready, repolling fd = 8
Socket not ready, repolling fd = 8
Socket not ready, repolling fd = 8
Socket not ready, repolling fd = 8
Socket not ready, repolling fd = 8
Socket not ready, repolling fd = 8
Socket not ready, repolling fd = 8
Socket not ready, repolling fd = 8
Socket not ready, repolling fd = 8
Socket not ready, repolling fd = 8
Socket not ready, repolling fd = 8
Socket not ready, repolling fd = 8
Socket not ready, repolling fd = 8
Socket not ready, repolling fd = 8
Socket not ready, repolling fd = 8
Socket not ready, repolling fd = 8
Socket not ready, repolling fd = 8
Socket not ready, repolling fd = 8
Socket not ready, repolling fd = 8
Socket not ready, repolling fd = 8
Socket not ready, repolling fd = 8
Socket not ready, repolling fd = 8
Socket not ready, repolling fd = 8
Socket not ready, repolling fd = 8
Socket not ready, repolling fd = 8
Socket not ready, repolling fd = 8
Socket not ready, repolling fd = 8
Socket not ready, repolling fd = 8
Socket not ready, repolling fd = 8
Socket not ready, repolling fd = 8
Socket not ready, repolling fd = 8
Socket not ready, repolling fd = 8
Socket not ready, repolling fd = 8
Socket not ready, repolling fd = 8
Socket not ready, repolling fd = 8
Socket not ready, repolling fd = 8
Socket not ready, repolling fd = 8
Socket not ready, repolling fd = 8
Socket not ready, repolling fd = 8
Socket not ready, repolling fd = 8
Socket not ready, repolling fd = 8
Socket not ready, repolling fd = 8
Socket not ready, repolling fd = 8
Socket not ready, repolling fd = 8
Socket not ready, repolling fd = 8
Socket not ready, repolling fd = 8
Socket not ready, repolling fd = 8
Socket not ready, repolling fd = 8
Socket not ready, repolling fd = 8
Socket not ready, repolling fd = 8
Socket not ready, repolling fd = 8
Socket not ready, repolling fd = 8
Socket not ready, repolling fd = 8
Socket not ready, repolling fd = 8
Socket not ready, repolling fd = 8
Socket not ready, repolling fd = 8
Socket not ready, repolling fd = 8
Socket not ready, repolling fd = 8
Socket not ready, repolling fd = 8
Socket not ready, repolling fd = 8
Socket not ready, repolling fd = 8
Socket not ready, repolling fd = 8
Socket not ready, repolling fd = 8
Socket not ready, repolling fd = 8
Socket not ready, repolling fd = 8
Socket not ready, repolling fd = 8
Socket not ready, repolling fd = 8
Socket not ready, repolling fd = 8
Socket not ready, repolling fd = 8
Socket not ready, repolling fd = 8
Socket not ready, repolling fd = 8
Socket not ready, repolling fd = 8
Socket not ready, repolling fd = 8
Socket not ready, repolling fd = 8
Socket not ready, repolling fd = 8
Socket not ready, repolling fd = 8
Socket not ready, repolling fd = 8
Socket not ready, repolling fd = 8
Socket not ready, repolling fd = 8
Socket not ready, repolling fd = 8
Socket not ready, repolling fd = 8
Socket not ready, repolling fd = 8
Socket not ready, repolling fd = 8
Socket not ready, repolling fd = 8
Socket not ready, repolling fd = 8
Socket not ready, repolling fd = 8
Socket not ready, repolling fd = 8
Socket not ready, repolling fd = 8
Socket not ready, repolling fd = 8
Socket not ready, repolling fd = 8
Socket not ready, repolling fd = 8
Socket not ready, repolling fd = 8
Socket not ready, repolling fd = 8
Socket not ready, repolling fd = 8
Socket not ready, repolling fd = 8
Socket not ready, repolling fd = 8
Socket not ready, repolling fd = 8
Socket not ready, repolling fd = 8
Socket not ready, repolling fd = 8
Socket not ready, repolling fd = 8
Socket not ready, repolling fd = 8
Socket not ready, repolling fd = 8
Socket not ready, repolling fd = 8
Socket not ready, repolling fd = 8
Socket not ready, repolling fd = 8
Socket not ready, repolling fd = 8
Socket not ready, repolling fd = 8
Socket not ready, repolling fd = 8
Socket not ready, repolling fd = 8
Socket not ready, repolling fd = 8
Socket not ready, repolling fd = 8
Socket not ready, repolling fd = 8
Socket not ready, repolling fd = 8
Socket not ready, repolling fd = 8
Socket not ready, repolling fd = 8
Socket not ready, repolling fd = 8
Socket not ready, repolling fd = 8
Socket not ready, repolling fd = 8
Socket not ready, repolling fd = 8
Socket not ready, repolling fd = 8
Socket not ready, repolling fd = 8
Socket not ready, repolling fd = 8
Socket not ready, repolling fd = 8
Socket not ready, repolling fd = 8
Socket not ready, repolling fd = 8
Socket not ready, repolling fd = 8
Socket not ready, repolling fd = 8
Socket not ready, repolling fd = 8
Socket not ready, repolling fd = 8
Socket not ready, repolling fd = 8
Socket not ready, repolling fd = 8
Socket not ready, repolling fd = 8
Socket not ready, repolling fd = 8
Socket not ready, repolling fd = 8
Socket not ready, repolling fd = 8
Socket not ready, repolling fd = 8
Socket not ready, repolling fd = 8
Socket not ready, repolling fd = 8
Socket not ready, repolling fd = 8
Socket not ready, repolling fd = 8
Socket not ready, repolling fd = 8
Socket not ready, repolling fd = 8
Socket not ready, repolling fd = 8
Socket not ready, repolling fd = 8
Socket not ready, repolling fd = 8
Socket not ready, repolling fd = 8
Socket not ready, repolling fd = 8
Socket not ready, repolling fd = 8
Socket not ready, repolling fd = 8
Socket not ready, repolling fd = 8
Socket not ready, repolling fd = 8
Socket not ready, repolling fd = 8
Socket not ready, repolling fd = 8
Socket not ready, repolling fd = 8
Socket not ready, repolling fd = 8
Socket not ready, repolling fd = 8
Socket not ready, repolling fd = 8
Socket not ready, repolling fd = 8
Socket not ready, repolling fd = 8
Socket not ready, repolling fd = 8
Socket not ready, repolling fd = 8
Socket not ready, repolling fd = 8
Socket not ready, repolling fd = 8
Socket not ready, repolling fd = 8
Socket not ready, repolling fd = 8
Socket not ready, repolling fd = 8
Socket not ready, repolling fd = 8
Socket not ready, repolling fd = 8
Socket not ready, repolling fd = 8
Socket not ready, repolling fd = 8
Socket not ready, repolling fd = 8
Socket not ready, repolling fd = 8
Socket not ready, repolling fd = 8
Socket not ready, repolling fd = 8
Socket not ready, repolling fd = 8
Socket not ready, repolling fd = 8
Socket not ready, repolling fd = 8
Socket not ready, repolling fd = 8
Socket not ready, repolling fd = 8
Socket not ready, repolling fd = 8
Socket not ready, repolling fd = 8
Socket not ready, repolling fd = 8
Socket not ready, repolling fd = 8
Socket not ready, repolling fd = 8
Socket not ready, repolling fd = 8
Socket not ready, repolling fd = 8
Socket not ready, repolling fd = 8
Socket not ready, repolling fd = 8
Socket not ready, repolling fd = 8
Socket not ready, repolling fd = 8
Socket not ready, repolling fd = 8
Socket not ready, repolling fd = 8
Socket not ready, repolling fd = 8
Socket not ready, repolling fd = 8
Socket not ready, repolling fd = 8
Socket not ready, repolling fd = 8
Socket not ready, repolling fd = 8
Socket not ready, repolling fd = 8
Socket not ready, repolling fd = 8
Socket not ready, repolling fd = 8
Socket not ready, repolling fd = 8
Socket not ready, repolling fd = 8
Socket not ready, repolling fd = 8
Socket not ready, repolling fd = 8
Socket not ready, repolling fd = 8
Socket not ready, repolling fd = 8
Socket not ready, repolling fd = 8
Socket not ready, repolling fd = 8
Socket not ready, repolling fd = 8
Socket not ready, repolling fd = 8
Socket not ready, repolling fd = 8
Socket not ready, repolling fd = 8
Socket not ready, repolling fd = 8
Socket not ready, repolling fd = 8
Socket not ready, repolling fd = 8
Socket not ready, repolling fd = 8
Socket not ready, repolling fd = 8
Socket not ready, repolling fd = 8
Socket not ready, repolling fd = 8
Socket not ready, repolling fd = 8
Socket not ready, repolling fd = 8
Socket not ready, repolling fd = 8
Socket not ready, repolling fd = 8
Socket not ready, repolling fd = 8
Socket not ready, repolling fd = 8
Socket not ready, repolling fd = 8
Socket not ready, repolling fd = 8
Socket not ready, repolling fd = 8
Socket not ready, repolling fd = 8
Socket not ready, repolling fd = 8
Socket not ready, repolling fd = 8
Socket not ready, repolling fd = 8
Socket not ready, repolling fd = 8
Socket not ready, repolling fd = 8
Socket not ready, repolling fd = 8
Socket not ready, repolling fd = 8
Socket not ready, repolling fd = 8
Socket not ready, repolling fd = 8
Socket not ready, repolling fd = 8
Socket not ready, repolling fd = 8
Socket not ready, repolling fd = 8
Socket not ready, repolling fd = 8
Socket not ready, repolling fd = 8
Socket not ready, repolling fd = 8
Socket not ready, repolling fd = 8
Socket not ready, repolling fd = 8
Socket not ready, repolling fd = 8
Socket not ready, repolling fd = 8
Socket not ready, repolling fd = 8
Socket not ready, repolling fd = 8
Socket not ready, repolling fd = 8
Socket not ready, repolling fd = 8
Socket not ready, repolling fd = 8
Socket not ready, repolling fd = 8
Socket not ready, repolling fd = 8
Socket not ready, repolling fd = 8
Socket not ready, repolling fd = 8
Socket not ready, repolling fd = 8
Socket not ready, repolling fd = 8
Socket not ready, repolling fd = 8
Socket not ready, repolling fd = 8
Socket not ready, repolling fd = 8
Socket not ready, repolling fd = 8
Socket not ready, repolling fd = 8
Socket not ready, repolling fd = 8
Socket not ready, repolling fd = 8
Socket not ready, repolling fd = 8
Socket not ready, repolling fd = 8
Socket not ready, repolling fd = 8
Socket not ready, repolling fd = 8
Socket not ready, repolling fd = 8
Socket not ready, repolling fd = 8
Socket not ready, repolling fd = 8
Socket not ready, repolling fd = 8
Socket not ready, repolling fd = 8
Socket not ready, repolling fd = 8
Socket not ready, repolling fd = 8
Socket not ready, repolling fd = 8
Socket not ready, repolling fd = 8
Socket not ready, repolling fd = 8
Socket not ready, repolling fd = 8
Socket not ready, repolling fd = 8
Socket not ready, repolling fd = 8
Socket not ready, repolling fd = 8
Socket not ready, repolling fd = 8
Socket not ready, repolling fd = 8
Socket not ready, repolling fd = 8
Socket not ready, repolling fd = 8
Socket not ready, repolling fd = 8
Socket not ready, repolling fd = 8
Socket not ready, repolling fd = 8
Socket not ready, repolling fd = 8
Socket not ready, repolling fd = 8
Socket not ready, repolling fd = 8
Socket not ready, repolling fd = 8
Socket not ready, repolling fd = 8
Socket not ready, repolling fd = 8
Socket not ready, repolling fd = 8
Socket not ready, repolling fd = 8
Socket not ready, repolling fd = 8
Socket not ready, repolling fd = 8
Socket not ready, repolling fd = 8
Socket not ready, repolling fd = 8
Socket not ready, repolling fd = 8
Socket not ready, repolling fd = 8
Socket not ready, repolling fd = 8
Socket not ready, repolling fd = 8
Socket not ready, repolling fd = 8
Socket not ready, repolling fd = 8
Socket not ready, repolling fd = 8
Socket not ready, repolling fd = 8
Socket not ready, repolling fd = 8
Socket not ready, repolling fd = 8
Socket not ready, repolling fd = 8
Socket not ready, repolling fd = 8
Socket not ready, repolling fd = 8
Socket not ready, repolling fd = 8
Socket not ready, repolling fd = 8
Socket not ready, repolling fd = 8
Socket not ready, repolling fd = 8
Socket not ready, repolling fd = 8
Socket not ready, repolling fd = 8
Socket not ready, repolling fd = 8
Socket not ready, repolling fd = 8
Socket not ready, repolling fd = 8
Socket not ready, repolling fd = 8
Socket not ready, repolling fd = 8
Socket not ready, repolling fd = 8
Socket not ready, repolling fd = 8
Socket not ready, repolling fd = 8
Socket not ready, repolling fd = 8
Socket not ready, repolling fd = 8
Socket not ready, repolling fd = 8
Socket not ready, repolling fd = 8
Socket not ready, repolling fd = 8
Socket not ready, repolling fd = 8
Socket not ready, repolling fd = 8
Socket not ready, repolling fd = 8
Socket not ready, repolling fd = 8
Socket not ready, repolling fd = 8
Socket not ready, repolling fd = 8
Socket not ready, repolling fd = 8
Socket not ready, repolling fd = 8
Socket not ready, repolling fd = 8
Socket not ready, repolling fd = 8
Socket not ready, repolling fd = 8
Socket not ready, repolling fd = 8
Socket not ready, repolling fd = 8
Socket not ready, repolling fd = 8
Socket not ready, repolling fd = 8
Socket not ready, repolling fd = 8
Socket not ready, repolling fd = 8
Socket not ready, repolling fd = 8
Socket not ready, repolling fd = 8
Socket not ready, repolling fd = 8
Socket not ready, repolling fd = 8
Socket not ready, repolling fd = 8
Socket not ready, repolling fd = 8
Socket not ready, repolling fd = 8
Socket not ready, repolling fd = 8
Socket not ready, repolling fd = 8
Socket not ready, repolling fd = 8
Socket not ready, repolling fd = 8
Socket not ready, repolling fd = 8
Socket not ready, repolling fd = 8
Socket not ready, repolling fd = 8
Socket not ready, repolling fd = 8
Socket not ready, repolling fd = 8
Socket not ready, repolling fd = 8
Socket not ready, repolling fd = 8
Socket not ready, repolling fd = 8
Socket not ready, repolling fd = 8
Socket not ready, repolling fd = 8
Socket not ready, repolling fd = 8
Socket not ready, repolling fd = 8
Socket not ready, repolling fd = 8
Socket not ready, repolling fd = 8
Socket not ready, repolling fd = 8
Socket not ready, repolling fd = 8
Socket not ready, repolling fd = 8
Socket not ready, repolling fd = 8
Socket not ready, repolling fd = 8
Socket not ready, repolling fd = 8
Socket not ready, repolling fd = 8
Socket not ready, repolling fd = 8
Socket not ready, repolling fd = 8
Socket not ready, repolling fd = 8
Socket not ready, repolling fd = 8
Socket not ready, repolling fd = 8
Socket not ready, repolling fd = 8
Socket not ready, repolling fd = 8
Socket not ready, repolling fd = 8
Socket not ready, repolling fd = 8
Socket not ready, repolling fd = 8
Socket not ready, repolling fd = 8
Socket not ready, repolling fd = 8
Socket not ready, repolling fd = 8
Socket not ready, repolling fd = 8
Socket not ready, repolling fd = 8
Socket not ready, repolling fd = 8
Socket not ready, repolling fd = 8
Socket not ready, repolling fd = 8
Socket not ready, repolling fd = 8
Socket not ready, repolling fd = 8
Socket not ready, repolling fd = 8
Socket not ready, repolling fd = 8
Socket not ready, repolling fd = 8
Socket not ready, repolling fd = 8
Socket not ready, repolling fd = 8
Socket not ready, repolling fd = 8
Socket not ready, repolling fd = 8
Socket not ready, repolling fd = 8
Socket not ready, repolling fd = 8
Socket not ready, repolling fd = 8
Socket not ready, repolling fd = 8
Socket not ready, repolling fd = 8
Socket not ready, repolling fd = 8
Socket not ready, repolling fd = 8
Socket not ready, repolling fd = 8
Socket not ready, repolling fd = 8
Socket not ready, repolling fd = 8
Socket not ready, repolling fd = 8
Socket not ready, repolling fd = 8
Socket not ready, repolling fd = 8
Socket not ready, repolling fd = 8
Socket not ready, repolling fd = 8
Socket not ready, repolling fd = 8
Socket not ready, repolling fd = 8
Socket not ready, repolling fd = 8
Socket not ready, repolling fd = 8
Socket not ready, repolling fd = 8
Socket not ready, repolling fd = 8
Socket not ready, repolling fd = 8
Socket not ready, repolling fd = 8
Socket not ready, repolling fd = 8
Socket not ready, repolling fd = 8
Socket not ready, repolling fd = 8
Socket not ready, repolling fd = 8
Socket not ready, repolling fd = 8
Socket not ready, repolling fd = 8
Socket not ready, repolling fd = 8
Socket not ready, repolling fd = 8
Socket not ready, repolling fd = 8
Socket not ready, repolling fd = 8
Socket not ready, repolling fd = 8
Socket not ready, repolling fd = 8
Socket not ready, repolling fd = 8
Socket not ready, repolling fd = 8
Socket not ready, repolling fd = 8
Socket not ready, repolling fd = 8
Socket not ready, repolling fd = 8
Socket not ready, repolling fd = 8
Socket not ready, repolling fd = 8
Socket not ready, repolling fd = 8
Socket not ready, repolling fd = 8
Socket not ready, repolling fd = 8
Socket not ready, repolling fd = 8
Socket not ready, repolling fd = 8
Socket not ready, repolling fd = 8
Socket not ready, repolling fd = 8
Socket not ready, repolling fd = 8
Socket not ready, repolling fd = 8
Socket not ready, repolling fd = 8
Socket not ready, repolling fd = 8
Socket not ready, repolling fd = 8
Socket not ready, repolling fd = 8
Socket not ready, repolling fd = 8
Socket not ready, repolling fd = 8
Socket not ready, repolling fd = 8
Socket not ready, repolling fd = 8
Socket not ready, repolling fd = 8
Socket not ready, repolling fd = 8
Socket not ready, repolling fd = 8
Socket not ready, repolling fd = 8
Socket not ready, repolling fd = 8
Socket not ready, repolling fd = 8
Socket not ready, repolling fd = 8
Socket not ready, repolling fd = 8
Socket not ready, repolling fd = 8
Socket not ready, repolling fd = 8
Socket not ready, repolling fd = 8
Socket not ready, repolling fd = 8
Socket not ready, repolling fd = 8
Socket not ready, repolling fd = 8
Socket not ready, repolling fd = 8
Socket not ready, repolling fd = 8
Socket not ready, repolling fd = 8
Socket not ready, repolling fd = 8
Socket not ready, repolling fd = 8
Socket not ready, repolling fd = 8
Socket not ready, repolling fd = 8
Socket not ready, repolling fd = 8
Socket not ready, repolling fd = 8
Socket not ready, repolling fd = 8
Socket not ready, repolling fd = 8
Socket not ready, repolling fd = 8
Socket not ready, repolling fd = 8
Socket not ready, repolling fd = 8
Socket not ready, repolling fd = 8
Socket not ready, repolling fd = 8
Socket not ready, repolling fd = 8
Socket not ready, repolling fd = 8
Socket not ready, repolling fd = 8
Socket not ready, repolling fd = 8
Socket not ready, repolling fd = 8
Socket not ready, repolling fd = 8
Socket not ready, repolling fd = 8
Socket not ready, repolling fd = 8
Socket not ready, repolling fd = 8
Socket not ready, repolling fd = 8
Socket not ready, repolling fd = 8
Socket not ready, repolling fd = 8
Socket not ready, repolling fd = 8
Socket not ready, repolling fd = 8
Socket not ready, repolling fd = 8
Socket not ready, repolling fd = 8
Socket not ready, repolling fd = 8
Socket not ready, repolling fd = 8
Socket not ready, repolling fd = 8
Socket not ready, repolling fd = 8
Socket not ready, repolling fd = 8
Socket not ready, repolling fd = 8
Socket not ready, repolling fd = 8
Socket not ready, repolling fd = 8
Socket not ready, repolling fd = 8
Socket not ready, repolling fd = 8
Socket not ready, repolling fd = 8
Socket not ready, repolling fd = 8
Socket not ready, repolling fd = 8
Socket not ready, repolling fd = 8
Socket not ready, repolling fd = 8
Socket not ready, repolling fd = 8
Socket not ready, repolling fd = 8
Socket not ready, repolling fd = 8
Socket not ready, repolling fd = 8
Socket not ready, repolling fd = 8
Socket not ready, repolling fd = 8
Socket not ready, repolling fd = 8
Socket not ready, repolling fd = 8
Socket not ready, repolling fd = 8
Socket not ready, repolling fd = 8
Socket not ready, repolling fd = 8
Socket not ready, repolling fd = 8
Socket not ready, repolling fd = 8
Socket not ready, repolling fd = 8
Socket not ready, repolling fd = 8
Socket not ready, repolling fd = 8
Socket not ready, repolling fd = 8
Socket not ready, repolling fd = 8
Socket not ready, repolling fd = 8
Socket not ready, repolling fd = 8
Socket not ready, repolling fd = 8
Socket not ready, repolling fd = 8
Socket not ready, repolling fd = 8
Socket not ready, repolling fd = 8
Socket not ready, repolling fd = 8
Socket not ready, repolling fd = 8
Socket not ready, repolling fd = 8
Socket not ready, repolling fd = 8
Socket not ready, repolling fd = 8
Socket not ready, repolling fd = 8
Socket not ready, repolling fd = 8
Socket not ready, repolling fd = 8
Socket not ready, repolling fd = 8
Socket not ready, repolling fd = 8
Socket not ready, repolling fd = 8
Socket not ready, repolling fd = 8
Socket not ready, repolling fd = 8
Socket not ready, repolling fd = 8
Socket not ready, repolling fd = 8
Socket not ready, repolling fd = 8
Socket not ready, repolling fd = 8
Socket not ready, repolling fd = 8
Socket not ready, repolling fd = 8
Socket not ready, repolling fd = 8
Socket not ready, repolling fd = 8
Socket not ready, repolling fd = 8
Socket not ready, repolling fd = 8
Socket not ready, repolling fd = 8
Socket not ready, repolling fd = 8
Socket not ready, repolling fd = 8
Socket not ready, repolling fd = 8
Socket not ready, repolling fd = 8
Socket not ready, repolling fd = 8
Socket not ready, repolling fd = 8
Socket not ready, repolling fd = 8
Socket not ready, repolling fd = 8
Socket not ready, repolling fd = 8
Socket not ready, repolling fd = 8
Socket not ready, repolling fd = 8
Socket not ready, repolling fd = 8
Socket not ready, repolling fd = 8
Socket not ready, repolling fd = 8
Socket not ready, repolling fd = 8
Socket not ready, repolling fd = 8
Socket not ready, repolling fd = 8
Socket not ready, repolling fd = 8
Socket not ready, repolling fd = 8
Socket not ready, repolling fd = 8
Socket not ready, repolling fd = 8
Socket not ready, repolling fd = 8
Socket not ready, repolling fd = 8
Socket not ready, repolling fd = 8
Socket not ready, repolling fd = 8
Socket not ready, repolling fd = 8
Socket not ready, repolling fd = 8
Socket not ready, repolling fd = 8
Socket not ready, repolling fd = 8
Socket not ready, repolling fd = 8
Socket not ready, repolling fd = 8
Socket not ready, repolling fd = 8
Socket not ready, repolling fd = 8
Socket not ready, repolling fd = 8
Socket not ready, repolling fd = 8
Socket not ready, repolling fd = 8
Socket not ready, repolling fd = 8
Socket not ready, repolling fd = 8
Socket not ready, repolling fd = 8
Socket not ready, repolling fd = 8
Socket not ready, repolling fd = 8
Socket not ready, repolling fd = 8
Socket not ready, repolling fd = 8
Socket not ready, repolling fd = 8
Socket not ready, repolling fd = 8
Socket not ready, repolling fd = 8
Socket not ready, repolling fd = 8
Socket not ready, repolling fd = 8
Socket not ready, repolling fd = 8
Socket not ready, repolling fd = 8
Socket not ready, repolling fd = 8
Socket not ready, repolling fd = 8
Socket not ready, repolling fd = 8
Socket not ready, repolling fd = 8
Socket not ready, repolling fd = 8
Socket not ready, repolling fd = 8
Socket not ready, repolling fd = 8
Socket not ready, repolling fd = 8
Socket not ready, repolling fd = 8
Socket not ready, repolling fd = 8
Socket not ready, repolling fd = 8
Socket not ready, repolling fd = 8
Socket not ready, repolling fd = 8
Socket not ready, repolling fd = 8
Socket not ready, repolling fd = 8
Socket not ready, repolling fd = 8
Socket not ready, repolling fd = 8
Socket not ready, repolling fd = 8
Socket not ready, repolling fd = 8
Socket not ready, repolling fd = 8
Socket not ready, repolling fd = 8
Socket not ready, repolling fd = 8
Socket not ready, repolling fd = 8
Socket not ready, repolling fd = 8
Socket not ready, repolling fd = 8
Socket not ready, repolling fd = 8
Socket not ready, repolling fd = 8
Socket not ready, repolling fd = 8
Socket not ready, repolling fd = 8
Socket not ready, repolling fd = 8
Socket not ready, repolling fd = 8
Socket not ready, repolling fd = 8
Socket not ready, repolling fd = 8
Socket not ready, repolling fd = 8
Socket not ready, repolling fd = 8
Socket not ready, repolling fd = 8
Socket not ready, repolling fd = 8
Socket not ready, repolling fd = 8
Socket not ready, repolling fd = 8
Socket not ready, repolling fd = 8
Socket not ready, repolling fd = 8
Socket not ready, repolling fd = 8
Socket not ready, repolling fd = 8
Socket not ready, repolling fd = 8
Socket not ready, repolling fd = 8
Socket not ready, repolling fd = 8
Socket not ready, repolling fd = 8
Socket not ready, repolling fd = 8
Socket not ready, repolling fd = 8
Socket not ready, repolling fd = 8
Socket not ready, repolling fd = 8
Socket not ready, repolling fd = 8
Socket not ready, repolling fd = 8
Socket not ready, repolling fd = 8
Socket not ready, repolling fd = 8
Socket not ready, repolling fd = 8
Socket not ready, repolling fd = 8
Socket not ready, repolling fd = 8
Socket not ready, repolling fd = 8
Socket not ready, repolling fd = 8
Socket not ready, repolling fd = 8
Socket not ready, repolling fd = 8
Socket not ready, repolling fd = 8
Socket not ready, repolling fd = 8
Socket not ready, repolling fd = 8
Socket not ready, repolling fd = 8
Socket not ready, repolling fd = 8
Socket not ready, repolling fd = 8
Socket not ready, repolling fd = 8
Socket not ready, repolling fd = 8
Socket not ready, repolling fd = 8
Socket not ready, repolling fd = 8
Socket not ready, repolling fd = 8
Socket not ready, repolling fd = 8
Socket not ready, repolling fd = 8
Socket not ready, repolling fd = 8
Socket not ready, repolling fd = 8
Socket not ready, repolling fd = 8
Socket not ready, repolling fd = 8
Socket not ready, repolling fd = 8
Socket not ready, repolling fd = 8
Socket not ready, repolling fd = 8
Socket not ready, repolling fd = 8
Socket not ready, repolling fd = 8
Socket not ready, repolling fd = 8
Socket not ready, repolling fd = 8
Socket not ready, repolling fd = 8
Socket not ready, repolling fd = 8
Socket not ready, repolling fd = 8
Socket not ready, repolling fd = 8
Socket not ready, repolling fd = 8
Socket not ready, repolling fd = 8
Socket not ready, repolling fd = 8
Socket not ready, repolling fd = 8
Socket not ready, repolling fd = 8
Socket not ready, repolling fd = 8
Socket not ready, repolling fd = 8
Socket not ready, repolling fd = 8
Socket not ready, repolling fd = 8
Socket not ready, repolling fd = 8
Socket not ready, repolling fd = 8
Socket not ready, repolling fd = 8
Socket not ready, repolling fd = 8
Socket not ready, repolling fd = 8
Socket not ready, repolling fd = 8
Socket not ready, repolling fd = 8
Socket not ready, repolling fd = 8
Socket not ready, repolling fd = 8
Socket not ready, repolling fd = 8
Socket not ready, repolling fd = 8
Socket not ready, repolling fd = 8
Socket not ready, repolling fd = 8
Socket not ready, repolling fd = 8
Socket not ready, repolling fd = 8
Socket not ready, repolling fd = 8
Socket not ready, repolling fd = 8
Socket not ready, repolling fd = 8
Socket not ready, repolling fd = 8
Socket not ready, repolling fd = 8
Socket not ready, repolling fd = 8
Socket not ready, repolling fd = 8
Socket not ready, repolling fd = 8
Socket not ready, repolling fd = 8
Socket not ready, repolling fd = 8
Socket not ready, repolling fd = 8
Socket not ready, repolling fd = 8
Socket not ready, repolling fd = 8
Socket not ready, repolling fd = 8
Socket not ready, repolling fd = 8
Socket not ready, repolling fd = 8
Socket not ready, repolling fd = 8
Socket not ready, repolling fd = 8
Socket not ready, repolling fd = 8
Socket not ready, repolling fd = 8
Socket not ready, repolling fd = 8
Socket not ready, repolling fd = 8
Socket not ready, repolling fd = 8
Socket not ready, repolling fd = 8
Socket not ready, repolling fd = 8
Socket not ready, repolling fd = 8
Socket not ready, repolling fd = 8
Socket not ready, repolling fd = 8
Socket not ready, repolling fd = 8
Socket not ready, repolling fd = 8
Socket not ready, repolling fd = 8
Socket not ready, repolling fd = 8
Socket not ready, repolling fd = 8
Socket not ready, repolling fd = 8
Socket not ready, repolling fd = 8
Socket not ready, repolling fd = 8
Socket not ready, repolling fd = 8
Socket not ready, repolling fd = 8
Socket not ready, repolling fd = 8
Socket not ready, repolling fd = 8
Socket not ready, repolling fd = 8
Socket not ready, repolling fd = 8
Socket not ready, repolling fd = 8
Socket not ready, repolling fd = 8
Socket not ready, repolling fd = 8
Socket not ready, repolling fd = 8
Socket not ready, repolling fd = 8
Socket not ready, repolling fd = 8
Socket not ready, repolling fd = 8
Socket not ready, repolling fd = 8
Socket not ready, repolling fd = 8
Socket not ready, repolling fd = 8
Socket not ready, repolling fd = 8
Socket not ready, repolling fd = 8
Socket not ready, repolling fd = 8
Socket not ready, repolling fd = 8
Socket not ready, repolling fd = 8
Socket not ready, repolling fd = 8
Socket not ready, repolling fd = 8
Socket not ready, repolling fd = 8
Socket not ready, repolling fd = 8
Socket not ready, repolling fd = 8
Socket not ready, repolling fd = 8
Socket not ready, repolling fd = 8
Socket not ready, repolling fd = 8
Socket not ready, repolling fd = 8
Socket not ready, repolling fd = 8
Socket not ready, repolling fd = 8
Socket not ready, repolling fd = 8
Socket not ready, repolling fd = 8
Socket not ready, repolling fd = 8
Socket not ready, repolling fd = 8
Socket not ready, repolling fd = 8
Socket not ready, repolling fd = 8
Socket not ready, repolling fd = 8
Socket not ready, repolling fd = 8
Socket not ready, repolling fd = 8
Socket not ready, repolling fd = 8
Socket not ready, repolling fd = 8
Socket not ready, repolling fd = 8
Socket not ready, repolling fd = 8
Socket not ready, repolling fd = 8
Socket not ready, repolling fd = 8
Socket not ready, repolling fd = 8
Socket not ready, repolling fd = 8
Socket not ready, repolling fd = 8
Socket not ready, repolling fd = 8
Socket not ready, repolling fd = 8
Socket not ready, repolling fd = 8
Socket not ready, repolling fd = 8
Socket not ready, repolling fd = 8
Socket not ready, repolling fd = 8
Socket not ready, repolling fd = 8
Socket not ready, repolling fd = 8
Socket not ready, repolling fd = 8
Socket not ready, repolling fd = 8
Socket not ready, repolling fd = 8
Socket not ready, repolling fd = 8
Socket not ready, repolling fd = 8
Socket not ready, repolling fd = 8
Socket not ready, repolling fd = 8
Socket not ready, repolling fd = 8
Socket not ready, repolling fd = 8
Socket not ready, repolling fd = 8
Socket not ready, repolling fd = 8
Socket not ready, repolling fd = 8
Socket not ready, repolling fd = 8
Socket not ready, repolling fd = 8
Socket not ready, repolling fd = 8
Socket not ready, repolling fd = 8
Socket not ready, repolling fd = 8
Socket not ready, repolling fd = 8
Socket not ready, repolling fd = 8
Socket not ready, repolling fd = 8
Socket not ready, repolling fd = 8
Socket not ready, repolling fd = 8
Socket not ready, repolling fd = 8
Socket not ready, repolling fd = 8
Socket not ready, repolling fd = 8
Socket not ready, repolling fd = 8
Socket not ready, repolling fd = 8
Socket not ready, repolling fd = 8
Socket not ready, repolling fd = 8
Socket not ready, repolling fd = 8
Socket not ready, repolling fd = 8
Socket not ready, repolling fd = 8
Socket not ready, repolling fd = 8
Socket not ready, repolling fd = 8
Socket not ready, repolling fd = 8
Socket not ready, repolling fd = 8
Socket not ready, repolling fd = 8
Socket not ready, repolling fd = 8
Socket not ready, repolling fd = 8
Socket not ready, repolling fd = 8
Socket not ready, repolling fd = 8
Socket not ready, repolling fd = 8
Socket not ready, repolling fd = 8
Socket not ready, repolling fd = 8
Socket not ready, repolling fd = 8
Socket not ready, repolling fd = 8
Socket not ready, repolling fd = 8
Socket not ready, repolling fd = 8
Socket not ready, repolling fd = 8
Socket not ready, repolling fd = 8
Socket not ready, repolling fd = 8
Socket not ready, repolling fd = 8
Socket not ready, repolling fd = 8
Socket not ready, repolling fd = 8
Socket not ready, repolling fd = 8
Socket not ready, repolling fd = 8
Socket not ready, repolling fd = 8
Socket not ready, repolling fd = 8
Socket not ready, repolling fd = 8
Socket not ready, repolling fd = 8
Socket not ready, repolling fd = 8
Socket not ready, repolling fd = 8
Socket not ready, repolling fd = 8
Socket not ready, repolling fd = 8
Socket not ready, repolling fd = 8
Socket not ready, repolling fd = 8
Socket not ready, repolling fd = 8
Socket not ready, repolling fd = 8
Socket not ready, repolling fd = 8
Socket not ready, repolling fd = 8
Socket not ready, repolling fd = 8
Socket not ready, repolling fd = 8
Socket not ready, repolling fd = 8
Socket not ready, repolling fd = 8
Socket not ready, repolling fd = 8
Socket not ready, repolling fd = 8
Socket not ready, repolling fd = 8
Socket not ready, repolling fd = 8
Socket not ready, repolling fd = 8
Socket not ready, repolling fd = 8
Socket not ready, repolling fd = 8
Socket not ready, repolling fd = 8
Socket not ready, repolling fd = 8
Socket not ready, repolling fd = 8
Socket not ready, repolling fd = 8
Socket not ready, repolling fd = 8
Socket not ready, repolling fd = 8
Socket not ready, repolling fd = 8
Socket not ready, repolling fd = 8
Socket not ready, repolling fd = 8
Socket not ready, repolling fd = 8
Socket not ready, repolling fd = 8
Socket not ready, repolling fd = 8
Socket not ready, repolling fd = 8
Socket not ready, repolling fd = 8
Socket not ready, repolling fd = 8
Socket not ready, repolling fd = 8
Socket not ready, repolling fd = 8
Socket not ready, repolling fd = 8
Socket not ready, repolling fd = 8
Socket not ready, repolling fd = 8
Socket not ready, repolling fd = 8
Socket not ready, repolling fd = 8
Socket not ready, repolling fd = 8
Socket not ready, repolling fd = 8
Socket not ready, repolling fd = 8
Socket not ready, repolling fd = 8
Socket not ready, repolling fd = 8
Socket not ready, repolling fd = 8
Socket not ready, repolling fd = 8
Socket not ready, repolling fd = 8
Socket not ready, repolling fd = 8
Socket not ready, repolling fd = 8
Socket not ready, repolling fd = 8
Socket not ready, repolling fd = 8
Socket not ready, repolling fd = 8
Socket not ready, repolling fd = 8
Socket not ready, repolling fd = 8
Socket not ready, repolling fd = 8
Socket not ready, repolling fd = 8
Socket not ready, repolling fd = 8
Socket not ready, repolling fd = 8
Socket not ready, repolling fd = 8
Socket not ready, repolling fd = 8
Socket not ready, repolling fd = 8
Socket not ready, repolling fd = 8
Socket not ready, repolling fd = 8
Socket not ready, repolling fd = 8
Socket not ready, repolling fd = 8
Socket not ready, repolling fd = 8
Socket not ready, repolling fd = 8
Socket not ready, repolling fd = 8
Socket not ready, repolling fd = 8
Socket not ready, repolling fd = 8
Socket not ready, repolling fd = 8
Socket not ready, repolling fd = 8
Socket not ready, repolling fd = 8
Socket not ready, repolling fd = 8
Socket not ready, repolling fd = 8
Socket not ready, repolling fd = 8
Socket not ready, repolling fd = 8
Socket not ready, repolling fd = 8
Socket not ready, repolling fd = 8
Socket not ready, repolling fd = 8
Socket not ready, repolling fd = 8
Socket not ready, repolling fd = 8
Socket not ready, repolling fd = 8
Socket not ready, repolling fd = 8
Socket not ready, repolling fd = 8
Socket not ready, repolling fd = 8
Socket not ready, repolling fd = 8
Socket not ready, repolling fd = 8
Socket not ready, repolling fd = 8
Socket not ready, repolling fd = 8
Socket not ready, repolling fd = 8
Socket not ready, repolling fd = 8
Socket not ready, repolling fd = 8
Socket not ready, repolling fd = 8
Socket not ready, repolling fd = 8
Socket not ready, repolling fd = 8
Socket not ready, repolling fd = 8
Socket not ready, repolling fd = 8
Socket not ready, repolling fd = 8
Socket not ready, repolling fd = 8
Socket not ready, repolling fd = 8
Socket not ready, repolling fd = 8
Socket not ready, repolling fd = 8
Socket not ready, repolling fd = 8
Socket not ready, repolling fd = 8
Socket not ready, repolling fd = 8
Socket not ready, repolling fd = 8
Socket not ready, repolling fd = 8
Socket not ready, repolling fd = 8
Socket not ready, repolling fd = 8
Socket not ready, repolling fd = 8
Socket not ready, repolling fd = 8
Socket not ready, repolling fd = 8
Socket not ready, repolling fd = 8
Socket not ready, repolling fd = 8
Socket not ready, repolling fd = 8
Socket not ready, repolling fd = 8
Socket not ready, repolling fd = 8
Socket not ready, repolling fd = 8
Socket not ready, repolling fd = 8
Socket not ready, repolling fd = 8
Socket not ready, repolling fd = 8
Socket not ready, repolling fd = 8
Socket not ready, repolling fd = 8
Socket not ready, repolling fd = 8
Socket not ready, repolling fd = 8
Socket not ready, repolling fd = 8
Socket not ready, repolling fd = 8
Socket not ready, repolling fd = 8
Socket not ready, repolling fd = 8
Socket not ready, repolling fd = 8
Socket not ready, repolling fd = 8
Socket not ready, repolling fd = 8
Socket not ready, repolling fd = 8
Socket not ready, repolling fd = 8
Socket not ready, repolling fd = 8
Socket not ready, repolling fd = 8
Socket not ready, repolling fd = 8
Socket not ready, repolling fd = 8
Socket not ready, repolling fd = 8
Socket not ready, repolling fd = 8
Socket not ready, repolling fd = 8
Socket not ready, repolling fd = 8
Socket not ready, repolling fd = 8
Socket not ready, repolling fd = 8
Socket not ready, repolling fd = 8
Socket not ready, repolling fd = 8
Socket not ready, repolling fd = 8
Socket not ready, repolling fd = 8
Socket not ready, repolling fd = 8
Socket not ready, repolling fd = 8
Socket not ready, repolling fd = 8
Socket not ready, repolling fd = 8
Socket not ready, repolling fd = 8
Socket not ready, repolling fd = 8
Socket not ready, repolling fd = 8
Socket not ready, repolling fd = 8
Socket not ready, repolling fd = 8
Socket not ready, repolling fd = 8
Socket not ready, repolling fd = 8
Socket not ready, repolling fd = 8
Socket not ready, repolling fd = 8
Socket not ready, repolling fd = 8
Socket not ready, repolling fd = 8
Socket not ready, repolling fd = 8
Socket not ready, repolling fd = 8
Socket not ready, repolling fd = 8
Socket not ready, repolling fd = 8
Socket not ready, repolling fd = 8
Socket not ready, repolling fd = 8
Socket not ready, repolling fd = 8
Socket not ready, repolling fd = 8
Socket not ready, repolling fd = 8
Socket not ready, repolling fd = 8
Socket not ready, repolling fd = 8
Socket not ready, repolling fd = 8
Socket not ready, repolling fd = 8
Socket not ready, repolling fd = 8
Socket not ready, repolling fd = 8
Socket not ready, repolling fd = 8
Socket not ready, repolling fd = 8
Socket not ready, repolling fd = 8
Socket not ready, repolling fd = 8
Socket not ready, repolling fd = 8
Socket not ready, repolling fd = 8
Socket not ready, repolling fd = 8
Socket not ready, repolling fd = 8
Socket not ready, repolling fd = 8
Socket not ready, repolling fd = 8
Socket not ready, repolling fd = 8
Socket not ready, repolling fd = 8
Socket not ready, repolling fd = 8
Socket not ready, repolling fd = 8
Socket not ready, repolling fd = 8
Socket not ready, repolling fd = 8
Socket not ready, repolling fd = 8
Socket not ready, repolling fd = 8
Socket not ready, repolling fd = 8
Socket not ready, repolling fd = 8
Socket not ready, repolling fd = 8
Socket not ready, repolling fd = 8
Socket not ready, repolling fd = 8
Socket not ready, repolling fd = 8
Socket not ready, repolling fd = 8
Socket not ready, repolling fd = 8
Socket not ready, repolling fd = 8
Socket not ready, repolling fd = 8
Socket not ready, repolling fd = 8
Socket not ready, repolling fd = 8
Socket not ready, repolling fd = 8
Socket not ready, repolling fd = 8
Socket not ready, repolling fd = 8
Socket not ready, repolling fd = 8
Socket not ready, repolling fd = 8
Socket not ready, repolling fd = 8
Socket not ready, repolling fd = 8
Socket not ready, repolling fd = 8
Socket not ready, repolling fd = 8
Socket not ready, repolling fd = 8
Socket not ready, repolling fd = 8
Socket not ready, repolling fd = 8
Socket not ready, repolling fd = 8
Socket not ready, repolling fd = 8
Socket not ready, repolling fd = 8
Socket not ready, repolling fd = 8
Socket not ready, repolling fd = 8
Socket not ready, repolling fd = 8
Socket not ready, repolling fd = 8
Socket not ready, repolling fd = 8
Socket not ready, repolling fd = 8
Socket not ready, repolling fd = 8
Socket not ready, repolling fd = 8
Socket not ready, repolling fd = 8
Socket not ready, repolling fd = 8
Socket not ready, repolling fd = 8
Socket not ready, repolling fd = 8
Socket not ready, repolling fd = 8
Socket not ready, repolling fd = 8
Socket not ready, repolling fd = 8
Socket not ready, repolling fd = 8
Socket not ready, repolling fd = 8
Socket not ready, repolling fd = 8
Socket not ready, repolling fd = 8
Socket not ready, repolling fd = 8
Socket not ready, repolling fd = 8
Socket not ready, repolling fd = 8
Socket not ready, repolling fd = 8
Socket not ready, repolling fd = 8
Socket not ready, repolling fd = 8
Socket not ready, repolling fd = 8
Socket not ready, repolling fd = 8
Socket not ready, repolling fd = 8
Socket not ready, repolling fd = 8
Socket not ready, repolling fd = 8
Socket not ready, repolling fd = 8
Socket not ready, repolling fd = 8
Socket not ready, repolling fd = 8
Socket not ready, repolling fd = 8
Socket not ready, repolling fd = 8
Socket not ready, repolling fd = 8
Socket not ready, repolling fd = 8
Socket not ready, repolling fd = 8
Socket not ready, repolling fd = 8
Socket not ready, repolling fd = 8
Socket not ready, repolling fd = 8
Socket not ready, repolling fd = 8
Socket not ready, repolling fd = 8
Socket not ready, repolling fd = 8
Socket not ready, repolling fd = 8
Socket not ready, repolling fd = 8
Socket not ready, repolling fd = 8
Socket not ready, repolling fd = 8
Socket not ready, repolling fd = 8
Socket not ready, repolling fd = 8
Socket not ready, repolling fd = 8
Socket not ready, repolling fd = 8
Socket not ready, repolling fd = 8
Socket not ready, repolling fd = 8
Socket not ready, repolling fd = 8
Socket not ready, repolling fd = 8
Socket not ready, repolling fd = 8
Socket not ready, repolling fd = 8
Socket not ready, repolling fd = 8
Socket not ready, repolling fd = 8
Socket not ready, repolling fd = 8
Socket not ready, repolling fd = 8
Socket not ready, repolling fd = 8
Socket not ready, repolling fd = 8
Socket not ready, repolling fd = 8
Socket not ready, repolling fd = 8
Socket not ready, repolling fd = 8
Socket not ready, repolling fd = 8
Socket not ready, repolling fd = 8
Socket not ready, repolling fd = 8
Socket not ready, repolling fd = 8
Socket not ready, repolling fd = 8
Socket not ready, repolling fd = 8
Socket not ready, repolling fd = 8
Socket not ready, repolling fd = 8
Socket not ready, repolling fd = 8
Socket not ready, repolling fd = 8
Socket not ready, repolling fd = 8
Socket not ready, repolling fd = 8
Socket not ready, repolling fd = 8
Socket not ready, repolling fd = 8
Socket not ready, repolling fd = 8
Socket not ready, repolling fd = 8
Socket not ready, repolling fd = 8
Socket not ready, repolling fd = 8
Socket not ready, repolling fd = 8
Socket not ready, repolling fd = 8
Socket not ready, repolling fd = 8
Socket not ready, repolling fd = 8
Socket not ready, repolling fd = 8
Socket not ready, repolling fd = 8
Socket not ready, repolling fd = 8
Socket not ready, repolling fd = 8
Socket not ready, repolling fd = 8
Socket not ready, repolling fd = 8
Socket not ready, repolling fd = 8
Socket not ready, repolling fd = 8
Socket not ready, repolling fd = 8
Socket not ready, repolling fd = 8
Socket not ready, repolling fd = 8
Socket not ready, repolling fd = 8
Socket not ready, repolling fd = 8
Socket not ready, repolling fd = 8
Socket not ready, repolling fd = 8
Socket not ready, repolling fd = 8
Socket not ready, repolling fd = 8
Socket not ready, repolling fd = 8
Socket not ready, repolling fd = 8
Socket not ready, repolling fd = 8
Socket not ready, repolling fd = 8
Socket not ready, repolling fd = 8
Socket not ready, repolling fd = 8
Socket not ready, repolling fd = 8
Socket not ready, repolling fd = 8
Socket not ready, repolling fd = 8
Socket not ready, repolling fd = 8
Socket not ready, repolling fd = 8
Socket not ready, repolling fd = 8
Socket not ready, repolling fd = 8
Socket not ready, repolling fd = 8
Socket not ready, repolling fd = 8
Socket not ready, repolling fd = 8
Socket not ready, repolling fd = 8
Socket not ready, repolling fd = 8
Socket not ready, repolling fd = 8
Socket not ready, repolling fd = 8
Socket not ready, repolling fd = 8
Socket not ready, repolling fd = 8
Socket not ready, repolling fd = 8
Socket not ready, repolling fd = 8
Socket not ready, repolling fd = 8
Socket not ready, repolling fd = 8
Socket not ready, repolling fd = 8
Socket not ready, repolling fd = 8
Socket not ready, repolling fd = 8
Socket not ready, repolling fd = 8
Socket not ready, repolling fd = 8
Socket not ready, repolling fd = 8
Socket not ready, repolling fd = 8
Socket not ready, repolling fd = 8
Socket not ready, repolling fd = 8
Socket not ready, repolling fd = 8
Socket not ready, repolling fd = 8
Socket not ready, repolling fd = 8
Socket not ready, repolling fd = 8
Socket not ready, repolling fd = 8
Socket not ready, repolling fd = 8
Socket not ready, repolling fd = 8
Socket not ready, repolling fd = 8
Socket not ready, repolling fd = 8
Socket not ready, repolling fd = 8
Socket not ready, repolling fd = 8
Socket not ready, repolling fd = 8
Socket not ready, repolling fd = 8
Socket not ready, repolling fd = 8
Socket not ready, repolling fd = 8
Socket not ready, repolling fd = 8
Socket not ready, repolling fd = 8
Socket not ready, repolling fd = 8
Socket not ready, repolling fd = 8
Socket not ready, repolling fd = 8
Socket not ready, repolling fd = 8
Socket not ready, repolling fd = 8
Socket not ready, repolling fd = 8
Socket not ready, repolling fd = 8
Socket not ready, repolling fd = 8
Socket not ready, repolling fd = 8
Socket not ready, repolling fd = 8
Socket not ready, repolling fd = 8
Socket not ready, repolling fd = 8
Socket not ready, repolling fd = 8
Socket not ready, repolling fd = 8
Socket not ready, repolling fd = 8
Socket not ready, repolling fd = 8
Socket not ready, repolling fd = 8
Socket not ready, repolling fd = 8
Socket not ready, repolling fd = 9
Socket not ready, repolling fd = 9
Socket not ready, repolling fd = 9
Socket not ready, repolling fd = 9
Socket not ready, repolling fd = 9
Socket not ready, repolling fd = 9
Socket not ready, repolling fd = 9
Socket not ready, repolling fd = 9
Socket not ready, repolling fd = 9
Socket not ready, repolling fd = 9
Socket not ready, repolling fd = 9
Socket not ready, repolling fd = 9
Socket not ready, repolling fd = 9
Socket not ready, repolling fd = 9
Socket not ready, repolling fd = 9
Socket not ready, repolling fd = 9
Socket not ready, repolling fd = 9
Socket not ready, repolling fd = 9
Socket not ready, repolling fd = 9
Socket not ready, repolling fd = 9
Socket not ready, repolling fd = 9
Socket not ready, repolling fd = 9
Socket not ready, repolling fd = 9
Socket not ready, repolling fd = 9
Socket not ready, repolling fd = 9
Socket not ready, repolling fd = 9
Socket not ready, repolling fd = 9
Socket not ready, repolling fd = 9
Socket not ready, repolling fd = 9
Socket not ready, repolling fd = 9
Socket not ready, repolling fd = 9
Socket not ready, repolling fd = 9
Socket not ready, repolling fd = 9
Socket not ready, repolling fd = 9
Socket not ready, repolling fd = 9
Socket not ready, repolling fd = 9
Socket not ready, repolling fd = 9
Socket not ready, repolling fd = 9
Socket not ready, repolling fd = 9
Socket not ready, repolling fd = 9
Socket not ready, repolling fd = 9
Socket not ready, repolling fd = 9
Socket not ready, repolling fd = 9
Socket not ready, repolling fd = 9
Socket not ready, repolling fd = 9
Socket not ready, repolling fd = 9
Socket not ready, repolling fd = 9
Socket not ready, repolling fd = 9
Socket not ready, repolling fd = 9
Socket not ready, repolling fd = 9
Socket not ready, repolling fd = 9
Socket not ready, repolling fd = 9
Socket not ready, repolling fd = 9
Socket not ready, repolling fd = 9
Socket not ready, repolling fd = 9
Socket not ready, repolling fd = 9
Socket not ready, repolling fd = 9
Socket not ready, repolling fd = 9
Socket not ready, repolling fd = 9
Socket not ready, repolling fd = 9
Socket not ready, repolling fd = 9
Socket not ready, repolling fd = 9
Socket not ready, repolling fd = 9
Socket not ready, repolling fd = 9
Socket not ready, repolling fd = 9
Socket not ready, repolling fd = 9
Socket not ready, repolling fd = 9
Socket not ready, repolling fd = 9
Socket not ready, repolling fd = 9
Socket not ready, repolling fd = 9
Socket not ready, repolling fd = 9
Socket not ready, repolling fd = 9
Socket not ready, repolling fd = 9
Socket not ready, repolling fd = 9
Socket not ready, repolling fd = 9
Socket not ready, repolling fd = 9
Socket not ready, repolling fd = 9
Socket not ready, repolling fd = 9
Socket not ready, repolling fd = 9
Socket not ready, repolling fd = 9
Socket not ready, repolling fd = 9
Socket not ready, repolling fd = 9
Socket not ready, repolling fd = 9
Socket not ready, repolling fd = 9
Socket not ready, repolling fd = 9
Socket not ready, repolling fd = 9
Socket not ready, repolling fd = 9
Socket not ready, repolling fd = 9
Socket not ready, repolling fd = 9
Socket not ready, repolling fd = 9
Socket not ready, repolling fd = 9
Socket not ready, repolling fd = 9
Socket not ready, repolling fd = 9
Socket not ready, repolling fd = 9
Socket not ready, repolling fd = 9
Socket not ready, repolling fd = 9
Socket not ready, repolling fd = 9
Socket not ready, repolling fd = 9
Socket not ready, repolling fd = 9
Socket not ready, repolling fd = 9
Socket not ready, repolling fd = 9
Socket not ready, repolling fd = 9
Socket not ready, repolling fd = 9
Socket not ready, repolling fd = 9
Socket not ready, repolling fd = 9
Socket not ready, repolling fd = 9
Socket not ready, repolling fd = 9
Socket not ready, repolling fd = 9
Socket not ready, repolling fd = 9
Socket not ready, repolling fd = 9
Socket not ready, repolling fd = 9
Socket not ready, repolling fd = 9
Socket not ready, repolling fd = 9
Socket not ready, repolling fd = 9
Socket not ready, repolling fd = 9
Socket not ready, repolling fd = 9
Socket not ready, repolling fd = 9
Socket not ready, repolling fd = 9
Socket not ready, repolling fd = 9
Socket not ready, repolling fd = 9
Socket not ready, repolling fd = 9
Socket not ready, repolling fd = 9
Socket not ready, repolling fd = 9
Socket not ready, repolling fd = 9
Socket not ready, repolling fd = 9
Socket not ready, repolling fd = 9
Socket not ready, repolling fd = 9
Socket not ready, repolling fd = 9
Socket not ready, repolling fd = 9
Socket not ready, repolling fd = 9
Socket not ready, repolling fd = 9
Socket not ready, repolling fd = 9
Socket not ready, repolling fd = 9
Socket not ready, repolling fd = 9
Socket not ready, repolling fd = 9
Socket not ready, repolling fd = 9
Socket not ready, repolling fd = 9
Socket not ready, repolling fd = 9
Socket not ready, repolling fd = 9
Socket not ready, repolling fd = 9
Socket not ready, repolling fd = 9
Socket not ready, repolling fd = 9
Socket not ready, repolling fd = 9
Socket not ready, repolling fd = 9
Socket not ready, repolling fd = 9
Socket not ready, repolling fd = 9
Socket not ready, repolling fd = 9
Socket not ready, repolling fd = 9
Socket not ready, repolling fd = 9
Socket not ready, repolling fd = 9
Socket not ready, repolling fd = 9
Socket not ready, repolling fd = 9
Socket not ready, repolling fd = 9
Socket not ready, repolling fd = 9
Socket not ready, repolling fd = 9
Socket not ready, repolling fd = 9
Socket not ready, repolling fd = 9
Socket not ready, repolling fd = 9
Socket not ready, repolling fd = 9
Socket not ready, repolling fd = 9
Socket not ready, repolling fd = 9
Socket not ready, repolling fd = 9
Socket not ready, repolling fd = 9
Socket not ready, repolling fd = 9
Socket not ready, repolling fd = 9
Socket not ready, repolling fd = 9
Socket not ready, repolling fd = 9
Socket not ready, repolling fd = 9
Socket not ready, repolling fd = 9
Socket not ready, repolling fd = 9
Socket not ready, repolling fd = 9
Socket not ready, repolling fd = 9
Socket not ready, repolling fd = 9
Socket not ready, repolling fd = 9
Socket not ready, repolling fd = 9
Socket not ready, repolling fd = 9
Socket not ready, repolling fd = 9
Socket not ready, repolling fd = 9
Socket not ready, repolling fd = 9
Socket not ready, repolling fd = 9
Socket not ready, repolling fd = 9
Socket not ready, repolling fd = 9
Socket not ready, repolling fd = 9
Socket not ready, repolling fd = 9
Socket not ready, repolling fd = 9
Socket not ready, repolling fd = 9
Socket not ready, repolling fd = 9
Socket not ready, repolling fd = 9
Socket not ready, repolling fd = 9
Socket not ready, repolling fd = 9
Socket not ready, repolling fd = 9
Socket not ready, repolling fd = 9
Socket not ready, repolling fd = 9
Socket not ready, repolling fd = 9
Socket not ready, repolling fd = 9
Socket not ready, repolling fd = 9
Socket not ready, repolling fd = 9
Socket not ready, repolling fd = 9
Socket not ready, repolling fd = 9
Socket not ready, repolling fd = 9
Socket not ready, repolling fd = 9
Socket not ready, repolling fd = 9
Socket not ready, repolling fd = 9
Socket not ready, repolling fd = 9
Socket not ready, repolling fd = 9
Socket not ready, repolling fd = 9
Socket not ready, repolling fd = 9
Socket not ready, repolling fd = 9
Socket not ready, repolling fd = 9
Socket not ready, repolling fd = 9
Socket not ready, repolling fd = 9
Socket not ready, repolling fd = 9
Socket not ready, repolling fd = 9
Socket not ready, repolling fd = 9
Socket not ready, repolling fd = 9
Socket not ready, repolling fd = 9
Socket not ready, repolling fd = 9
Socket not ready, repolling fd = 9
Socket not ready, repolling fd = 9
Socket not ready, repolling fd = 9
Socket not ready, repolling fd = 9
Socket not ready, repolling fd = 9
Socket not ready, repolling fd = 9
Socket not ready, repolling fd = 9
Socket not ready, repolling fd = 9
Socket not ready, repolling fd = 9
Socket not ready, repolling fd = 9
Socket not ready, repolling fd = 9
Socket not ready, repolling fd = 9
Socket not ready, repolling fd = 9
Socket not ready, repolling fd = 9
Socket not ready, repolling fd = 9
Socket not ready, repolling fd = 9
Socket not ready, repolling fd = 9
Socket not ready, repolling fd = 9
Socket not ready, repolling fd = 9
Socket not ready, repolling fd = 9
Socket not ready, repolling fd = 9
Socket not ready, repolling fd = 9
Socket not ready, repolling fd = 9
Socket not ready, repolling fd = 9
Socket not ready, repolling fd = 9
Socket not ready, repolling fd = 9
Socket not ready, repolling fd = 9
Socket not ready, repolling fd = 9
Socket not ready, repolling fd = 9
Socket not ready, repolling fd = 9
Socket not ready, repolling fd = 9
Socket not ready, repolling fd = 9
Socket not ready, repolling fd = 9
Socket not ready, repolling fd = 9
Socket not ready, repolling fd = 9
Socket not ready, repolling fd = 9
Socket not ready, repolling fd = 9
Socket not ready, repolling fd = 9
Socket not ready, repolling fd = 9
Socket not ready, repolling fd = 9
Socket not ready, repolling fd = 9
Socket not ready, repolling fd = 9
Socket not ready, repolling fd = 9
Socket not ready, repolling fd = 9
Socket not ready, repolling fd = 9
Socket not ready, repolling fd = 9
Socket not ready, repolling fd = 9
Socket not ready, repolling fd = 9
Socket not ready, repolling fd = 9
Socket not ready, repolling fd = 9
Socket not ready, repolling fd = 9
Socket not ready, repolling fd = 9
Socket not ready, repolling fd = 9
Socket not ready, repolling fd = 9
Socket not ready, repolling fd = 9
Socket not ready, repolling fd = 9
Socket not ready, repolling fd = 9
Socket not ready, repolling fd = 9
Socket not ready, repolling fd = 9
Socket not ready, repolling fd = 9
Socket not ready, repolling fd = 9
Socket not ready, repolling fd = 9
Socket not ready, repolling fd = 9
Socket not ready, repolling fd = 9
Socket not ready, repolling fd = 9
Socket not ready, repolling fd = 9
Socket not ready, repolling fd = 9
Socket not ready, repolling fd = 9
Socket not ready, repolling fd = 9
Socket not ready, repolling fd = 9
Socket not ready, repolling fd = 9
Socket not ready, repolling fd = 9
Socket not ready, repolling fd = 9
Socket not ready, repolling fd = 9
Socket not ready, repolling fd = 9
Socket not ready, repolling fd = 9
Socket not ready, repolling fd = 9
Socket not ready, repolling fd = 9
Socket not ready, repolling fd = 9
Socket not ready, repolling fd = 9
Socket not ready, repolling fd = 9
Socket not ready, repolling fd = 9
Socket not ready, repolling fd = 9
Socket not ready, repolling fd = 9
Socket not ready, repolling fd = 9
Socket not ready, repolling fd = 9
Socket not ready, repolling fd = 9
Socket not ready, repolling fd = 9
Socket not ready, repolling fd = 9
Socket not ready, repolling fd = 9
Socket not ready, repolling fd = 9
Socket not ready, repolling fd = 9
Socket not ready, repolling fd = 9
Socket not ready, repolling fd = 9
Socket not ready, repolling fd = 9
Socket not ready, repolling fd = 9
Socket not ready, repolling fd = 9
Socket not ready, repolling fd = 9
Socket not ready, repolling fd = 9
Socket not ready, repolling fd = 9
Socket not ready, repolling fd = 9
Socket not ready, repolling fd = 9
Socket not ready, repolling fd = 9
Socket not ready, repolling fd = 9
Socket not ready, repolling fd = 9
Socket not ready, repolling fd = 9
Socket not ready, repolling fd = 9
Socket not ready, repolling fd = 9
Socket not ready, repolling fd = 9
Socket not ready, repolling fd = 9
Socket not ready, repolling fd = 9
Socket not ready, repolling fd = 9
Socket not ready, repolling fd = 9
Socket not ready, repolling fd = 9
Socket not ready, repolling fd = 9
Socket not ready, repolling fd = 9
Socket not ready, repolling fd = 9
Socket not ready, repolling fd = 9
Socket not ready, repolling fd = 9
Socket not ready, repolling fd = 9
Socket not ready, repolling fd = 9
Socket not ready, repolling fd = 9
Socket not ready, repolling fd = 9
Socket not ready, repolling fd = 9
Socket not ready, repolling fd = 9
Socket not ready, repolling fd = 9
Socket not ready, repolling fd = 9
Socket not ready, repolling fd = 9
Socket not ready, repolling fd = 9
Socket not ready, repolling fd = 9
Socket not ready, repolling fd = 9
Socket not ready, repolling fd = 9
Socket not ready, repolling fd = 9
Socket not ready, repolling fd = 9
Socket not ready, repolling fd = 9
Socket not ready, repolling fd = 9
Socket not ready, repolling fd = 9
Socket not ready, repolling fd = 9
Socket not ready, repolling fd = 9
Socket not ready, repolling fd = 9
Socket not ready, repolling fd = 9
Socket not ready, repolling fd = 9
Socket not ready, repolling fd = 9
Socket not ready, repolling fd = 9
Socket not ready, repolling fd = 9
Socket not ready, repolling fd = 9
Socket not ready, repolling fd = 9
Socket not ready, repolling fd = 9
Socket not ready, repolling fd = 9
Socket not ready, repolling fd = 9
Socket not ready, repolling fd = 9
Socket not ready, repolling fd = 9
Socket not ready, repolling fd = 9
Socket not ready, repolling fd = 9
Socket not ready, repolling fd = 9
Socket not ready, repolling fd = 9
Socket not ready, repolling fd = 9
Socket not ready, repolling fd = 9
Socket not ready, repolling fd = 9
Socket not ready, repolling fd = 9
Socket not ready, repolling fd = 9
Socket not ready, repolling fd = 9
Socket not ready, repolling fd = 9
Socket not ready, repolling fd = 9
Socket not ready, repolling fd = 9
Socket not ready, repolling fd = 9
Socket not ready, repolling fd = 9
Socket not ready, repolling fd = 9
Socket not ready, repolling fd = 9
Socket not ready, repolling fd = 9
Socket not ready, repolling fd = 9
Socket not ready, repolling fd = 9
Socket not ready, repolling fd = 9
Socket not ready, repolling fd = 9
Socket not ready, repolling fd = 9
Socket not ready, repolling fd = 9
Socket not ready, repolling fd = 9
Socket not ready, repolling fd = 9
Socket not ready, repolling fd = 9
Socket not ready, repolling fd = 9
Socket not ready, repolling fd = 9
Socket not ready, repolling fd = 9
Socket not ready, repolling fd = 9
Socket not ready, repolling fd = 9
Socket not ready, repolling fd = 9
Socket not ready, repolling fd = 9
Socket not ready, repolling fd = 9
Socket not ready, repolling fd = 9
Socket not ready, repolling fd = 9
Socket not ready, repolling fd = 9
Socket not ready, repolling fd = 9
Socket not ready, repolling fd = 9
Socket not ready, repolling fd = 9
Socket not ready, repolling fd = 9
Socket not ready, repolling fd = 9
Socket not ready, repolling fd = 9
Socket not ready, repolling fd = 9
Socket not ready, repolling fd = 9
Socket not ready, repolling fd = 9
Socket not ready, repolling fd = 9
Socket not ready, repolling fd = 9
Socket not ready, repolling fd = 9
Socket not ready, repolling fd = 9
Socket not ready, repolling fd = 9
Socket not ready, repolling fd = 9
Socket not ready, repolling fd = 9
Socket not ready, repolling fd = 9
Socket not ready, repolling fd = 9
Socket not ready, repolling fd = 9
Socket not ready, repolling fd = 9
Socket not ready, repolling fd = 9
Socket not ready, repolling fd = 9
Socket not ready, repolling fd = 9
Socket not ready, repolling fd = 9
Socket not ready, repolling fd = 9
Socket not ready, repolling fd = 9
Socket not ready, repolling fd = 9
Socket not ready, repolling fd = 9
Socket not ready, repolling fd = 9
Socket not ready, repolling fd = 9
Socket not ready, repolling fd = 9
Socket not ready, repolling fd = 9
Socket not ready, repolling fd = 9
Socket not ready, repolling fd = 9
Socket not ready, repolling fd = 9
Socket not ready, repolling fd = 9
Socket not ready, repolling fd = 9
Socket not ready, repolling fd = 9
Socket not ready, repolling fd = 9
Socket not ready, repolling fd = 9
Socket not ready, repolling fd = 9
Socket not ready, repolling fd = 9
Socket not ready, repolling fd = 9
Socket not ready, repolling fd = 9
Socket not ready, repolling fd = 9
Socket not ready, repolling fd = 9
Socket not ready, repolling fd = 9
Socket not ready, repolling fd = 9
Socket not ready, repolling fd = 9
Socket not ready, repolling fd = 9
Socket not ready, repolling fd = 9
Socket not ready, repolling fd = 9
Socket not ready, repolling fd = 9
Socket not ready, repolling fd = 9
Socket not ready, repolling fd = 9
Socket not ready, repolling fd = 9
Socket not ready, repolling fd = 9
Socket not ready, repolling fd = 9
Socket not ready, repolling fd = 9
Socket not ready, repolling fd = 9
Socket not ready, repolling fd = 9
Socket not ready, repolling fd = 9
Socket not ready, repolling fd = 9
Socket not ready, repolling fd = 9
Socket not ready, repolling fd = 9
Socket not ready, repolling fd = 9
Socket not ready, repolling fd = 9
Socket not ready, repolling fd = 9
Socket not ready, repolling fd = 9
Socket not ready, repolling fd = 9
Socket not ready, repolling fd = 9
Socket not ready, repolling fd = 9
Socket not ready, repolling fd = 9
Socket not ready, repolling fd = 9
Socket not ready, repolling fd = 9
Socket not ready, repolling fd = 9
Socket not ready, repolling fd = 9
Socket not ready, repolling fd = 9
Socket not ready, repolling fd = 9
Socket not ready, repolling fd = 9
Socket not ready, repolling fd = 9
Socket not ready, repolling fd = 9
Socket not ready, repolling fd = 9
Socket not ready, repolling fd = 9
Socket not ready, repolling fd = 9
Socket not ready, repolling fd = 9
Socket not ready, repolling fd = 9
Socket not ready, repolling fd = 9
Socket not ready, repolling fd = 9
Socket not ready, repolling fd = 9
Socket not ready, repolling fd = 9
Socket not ready, repolling fd = 9
Socket not ready, repolling fd = 9
Socket not ready, repolling fd = 9
Socket not ready, repolling fd = 9
Socket not ready, repolling fd = 9
Socket not ready, repolling fd = 9
Socket not ready, repolling fd = 9
Socket not ready, repolling fd = 9
Socket not ready, repolling fd = 9
Socket not ready, repolling fd = 9
Socket not ready, repolling fd = 9
Socket not ready, repolling fd = 9
Socket not ready, repolling fd = 9
Socket not ready, repolling fd = 9
Socket not ready, repolling fd = 9
Socket not ready, repolling fd = 9
Socket not ready, repolling fd = 9
Socket not ready, repolling fd = 9
Socket not ready, repolling fd = 9
Socket not ready, repolling fd = 9
Socket not ready, repolling fd = 9
Socket not ready, repolling fd = 9
Socket not ready, repolling fd = 9
Socket not ready, repolling fd = 9
Socket not ready, repolling fd = 9
Socket not ready, repolling fd = 9
Socket not ready, repolling fd = 9
Socket not ready, repolling fd = 9
Socket not ready, repolling fd = 9
Socket not ready, repolling fd = 9
Socket not ready, repolling fd = 9
Socket not ready, repolling fd = 9
Socket not ready, repolling fd = 9
Socket not ready, repolling fd = 9
Socket not ready, repolling fd = 9
Socket not ready, repolling fd = 9
Socket not ready, repolling fd = 9
Socket not ready, repolling fd = 9
Socket not ready, repolling fd = 9
Socket not ready, repolling fd = 9
Socket not ready, repolling fd = 9
Socket not ready, repolling fd = 9
Socket not ready, repolling fd = 9
Socket not ready, repolling fd = 9
Socket not ready, repolling fd = 9
Socket not ready, repolling fd = 9
Socket not ready, repolling fd = 9
Socket not ready, repolling fd = 9
Socket not ready, repolling fd = 9
Socket not ready, repolling fd = 9
Socket not ready, repolling fd = 9
Socket not ready, repolling fd = 9
Socket not ready, repolling fd = 9
Socket not ready, repolling fd = 9
Socket not ready, repolling fd = 9
Socket not ready, repolling fd = 9
Socket not ready, repolling fd = 9
Socket not ready, repolling fd = 9
Socket not ready, repolling fd = 9
Socket not ready, repolling fd = 9
Socket not ready, repolling fd = 9
Socket not ready, repolling fd = 9
Socket not ready, repolling fd = 9
Socket not ready, repolling fd = 9
Socket not ready, repolling fd = 9
Socket not ready, repolling fd = 9
Socket not ready, repolling fd = 9
Socket not ready, repolling fd = 9
Socket not ready, repolling fd = 9
Socket not ready, repolling fd = 9
Socket not ready, repolling fd = 9
Socket not ready, repolling fd = 9
Socket not ready, repolling fd = 9
Socket not ready, repolling fd = 9
Socket not ready, repolling fd = 9
Socket not ready, repolling fd = 9
Socket not ready, repolling fd = 9
Socket not ready, repolling fd = 9
Socket not ready, repolling fd = 9
Socket not ready, repolling fd = 9
Socket not ready, repolling fd = 9
Socket not ready, repolling fd = 9
Socket not ready, repolling fd = 9
Socket not ready, repolling fd = 9
Socket not ready, repolling fd = 9
Socket not ready, repolling fd = 9
Socket not ready, repolling fd = 9
Socket not ready, repolling fd = 9
Socket not ready, repolling fd = 9
Socket not ready, repolling fd = 9
Socket not ready, repolling fd = 9
Socket not ready, repolling fd = 9
Socket not ready, repolling fd = 9
Socket not ready, repolling fd = 9
Socket not ready, repolling fd = 9
Socket not ready, repolling fd = 9
Socket not ready, repolling fd = 9
Socket not ready, repolling fd = 9
Socket not ready, repolling fd = 9
Socket not ready, repolling fd = 9
Socket not ready, repolling fd = 9
Socket not ready, repolling fd = 9
Socket not ready, repolling fd = 9
Socket not ready, repolling fd = 9
Socket not ready, repolling fd = 9
Socket not ready, repolling fd = 9
Socket not ready, repolling fd = 9
Socket not ready, repolling fd = 9
Socket not ready, repolling fd = 9
Socket not ready, repolling fd = 9
Socket not ready, repolling fd = 9
Socket not ready, repolling fd = 9
Socket not ready, repolling fd = 9
Socket not ready, repolling fd = 9
Socket not ready, repolling fd = 9
Socket not ready, repolling fd = 9
Socket not ready, repolling fd = 9
Socket not ready, repolling fd = 9
Socket not ready, repolling fd = 9
Socket not ready, repolling fd = 9
Socket not ready, repolling fd = 9
Socket not ready, repolling fd = 9
Socket not ready, repolling fd = 9
Socket not ready, repolling fd = 9
Socket not ready, repolling fd = 9
Socket not ready, repolling fd = 9
Socket not ready, repolling fd = 9
Socket not ready, repolling fd = 9
Socket not ready, repolling fd = 9
Socket not ready, repolling fd = 9
Socket not ready, repolling fd = 9
Socket not ready, repolling fd = 9
Socket not ready, repolling fd = 9
Socket not ready, repolling fd = 9
Socket not ready, repolling fd = 9
Socket not ready, repolling fd = 9
Socket not ready, repolling fd = 9
Socket not ready, repolling fd = 9
Socket not ready, repolling fd = 9
Socket not ready, repolling fd = 9
Socket not ready, repolling fd = 9
Socket not ready, repolling fd = 9
Socket not ready, repolling fd = 9
Socket not ready, repolling fd = 9
Socket not ready, repolling fd = 9
Socket not ready, repolling fd = 9
Socket not ready, repolling fd = 9
Socket not ready, repolling fd = 9
Socket not ready, repolling fd = 9
Socket not ready, repolling fd = 9
Socket not ready, repolling fd = 9
Socket not ready, repolling fd = 9
Socket not ready, repolling fd = 9
Socket not ready, repolling fd = 9
Socket not ready, repolling fd = 9
Socket not ready, repolling fd = 9
Socket not ready, repolling fd = 9
Socket not ready, repolling fd = 9
Socket not ready, repolling fd = 9
Socket not ready, repolling fd = 9
Socket not ready, repolling fd = 9
Socket not ready, repolling fd = 9
Socket not ready, repolling fd = 9
Socket not ready, repolling fd = 9
Socket not ready, repolling fd = 9
Socket not ready, repolling fd = 9
Socket not ready, repolling fd = 9
Socket not ready, repolling fd = 9
Socket not ready, repolling fd = 9
Socket not ready, repolling fd = 9
Socket not ready, repolling fd = 9
Socket not ready, repolling fd = 9
Socket not ready, repolling fd = 9
Socket not ready, repolling fd = 9
Socket not ready, repolling fd = 9
Socket not ready, repolling fd = 9
Socket not ready, repolling fd = 9
Socket not ready, repolling fd = 9
Socket not ready, repolling fd = 9
Socket not ready, repolling fd = 9
Socket not ready, repolling fd = 9
Socket not ready, repolling fd = 9
Socket not ready, repolling fd = 9
Socket not ready, repolling fd = 9
Socket not ready, repolling fd = 9
Socket not ready, repolling fd = 9
Socket not ready, repolling fd = 9
Socket not ready, repolling fd = 9
Socket not ready, repolling fd = 9
Socket not ready, repolling fd = 9
Socket not ready, repolling fd = 9
Socket not ready, repolling fd = 9
Socket not ready, repolling fd = 9
Socket not ready, repolling fd = 9
Socket not ready, repolling fd = 9
Socket not ready, repolling fd = 9
Socket not ready, repolling fd = 9
Socket not ready, repolling fd = 9
Socket not ready, repolling fd = 9
Socket not ready, repolling fd = 9
Socket not ready, repolling fd = 9
Socket not ready, repolling fd = 9
Socket not ready, repolling fd = 9
Socket not ready, repolling fd = 9
Socket not ready, repolling fd = 9
Socket not ready, repolling fd = 9
Socket not ready, repolling fd = 9
Socket not ready, repolling fd = 9
Socket not ready, repolling fd = 9
Socket not ready, repolling fd = 9
Socket not ready, repolling fd = 9
Socket not ready, repolling fd = 9
Socket not ready, repolling fd = 9
Socket not ready, repolling fd = 9
Socket not ready, repolling fd = 9
Socket not ready, repolling fd = 9
Socket not ready, repolling fd = 9
Socket not ready, repolling fd = 9
Socket not ready, repolling fd = 9
Socket not ready, repolling fd = 9
Socket not ready, repolling fd = 9
Socket not ready, repolling fd = 9
Socket not ready, repolling fd = 9
Socket not ready, repolling fd = 9
Socket not ready, repolling fd = 9
Socket not ready, repolling fd = 9
Socket not ready, repolling fd = 9
Socket not ready, repolling fd = 9
Socket not ready, repolling fd = 9
Socket not ready, repolling fd = 9
Socket not ready, repolling fd = 9
Socket not ready, repolling fd = 9
Socket not ready, repolling fd = 9
Socket not ready, repolling fd = 9
Socket not ready, repolling fd = 9
Socket not ready, repolling fd = 9
Socket not ready, repolling fd = 9
Socket not ready, repolling fd = 9
Socket not ready, repolling fd = 9
Socket not ready, repolling fd = 9
Socket not ready, repolling fd = 9
Socket not ready, repolling fd = 9
Socket not ready, repolling fd = 9
Socket not ready, repolling fd = 9
Socket not ready, repolling fd = 9
Socket not ready, repolling fd = 9
Socket not ready, repolling fd = 9
Socket not ready, repolling fd = 9
Socket not ready, repolling fd = 9
Socket not ready, repolling fd = 9
Socket not ready, repolling fd = 9
Socket not ready, repolling fd = 9
Socket not ready, repolling fd = 9
Socket not ready, repolling fd = 9
Socket not ready, repolling fd = 9
Socket not ready, repolling fd = 9
Socket not ready, repolling fd = 9
Socket not ready, repolling fd = 9
Socket not ready, repolling fd = 9
Socket not ready, repolling fd = 9
Socket not ready, repolling fd = 9
Socket not ready, repolling fd = 9
Socket not ready, repolling fd = 9
Socket not ready, repolling fd = 9
Socket not ready, repolling fd = 9
Socket not ready, repolling fd = 9
Socket not ready, repolling fd = 9
Socket not ready, repolling fd = 9
Socket not ready, repolling fd = 9
Socket not ready, repolling fd = 9
Socket not ready, repolling fd = 9
Socket not ready, repolling fd = 9
Socket not ready, repolling fd = 9
Socket not ready, repolling fd = 9
Socket not ready, repolling fd = 9
Socket not ready, repolling fd = 9
Socket not ready, repolling fd = 9
Socket not ready, repolling fd = 9
Socket not ready, repolling fd = 9
Socket not ready, repolling fd = 9
Socket not ready, repolling fd = 9
Socket not ready, repolling fd = 9
Socket not ready, repolling fd = 9
Socket not ready, repolling fd = 9
Socket not ready, repolling fd = 9
Socket not ready, repolling fd = 9
Socket not ready, repolling fd = 9
Socket not ready, repolling fd = 9
Socket not ready, repolling fd = 9
Socket not ready, repolling fd = 9
Socket not ready, repolling fd = 9
Socket not ready, repolling fd = 9
Socket not ready, repolling fd = 9
Socket not ready, repolling fd = 9
Socket not ready, repolling fd = 9
Socket not ready, repolling fd = 9
Socket not ready, repolling fd = 9
Socket not ready, repolling fd = 9
Socket not ready, repolling fd = 9
Socket not ready, repolling fd = 9
Socket not ready, repolling fd = 9
Socket not ready, repolling fd = 9
Socket not ready, repolling fd = 9
Socket not ready, repolling fd = 9
Socket not ready, repolling fd = 9
Socket not ready, repolling fd = 9
Socket not ready, repolling fd = 9
Socket not ready, repolling fd = 9
Socket not ready, repolling fd = 9
Socket not ready, repolling fd = 9
Socket not ready, repolling fd = 9
Socket not ready, repolling fd = 9
Socket not ready, repolling fd = 9
Socket not ready, repolling fd = 9
Socket not ready, repolling fd = 9
Socket not ready, repolling fd = 9
Socket not ready, repolling fd = 9
Socket not ready, repolling fd = 9
Socket not ready, repolling fd = 9
Socket not ready, repolling fd = 9
Socket not ready, repolling fd = 9
Socket not ready, repolling fd = 9
Socket not ready, repolling fd = 9
Socket not ready, repolling fd = 9
Socket not ready, repolling fd = 9
Socket not ready, repolling fd = 9
Socket not ready, repolling fd = 9
Socket not ready, repolling fd = 9
Socket not ready, repolling fd = 9
Socket not ready, repolling fd = 9
Socket not ready, repolling fd = 9
Socket not ready, repolling fd = 9
Socket not ready, repolling fd = 9
Socket not ready, repolling fd = 9
Socket not ready, repolling fd = 9
Socket not ready, repolling fd = 9
Socket not ready, repolling fd = 9
Socket not ready, repolling fd = 9
Socket not ready, repolling fd = 9
Socket not ready, repolling fd = 9
Socket not ready, repolling fd = 9
Socket not ready, repolling fd = 9
Socket not ready, repolling fd = 9
Socket not ready, repolling fd = 9
Socket not ready, repolling fd = 9
Socket not ready, repolling fd = 9
Socket not ready, repolling fd = 9
Socket not ready, repolling fd = 9
Socket not ready, repolling fd = 9
Socket not ready, repolling fd = 9
Socket not ready, repolling fd = 9
Socket not ready, repolling fd = 9
Socket not ready, repolling fd = 9
Socket not ready, repolling fd = 9
Socket not ready, repolling fd = 9
Socket not ready, repolling fd = 9
Socket not ready, repolling fd = 9
Socket not ready, repolling fd = 9
Socket not ready, repolling fd = 9
Socket not ready, repolling fd = 9
Socket not ready, repolling fd = 9
Socket not ready, repolling fd = 9
Socket not ready, repolling fd = 9
Socket not ready, repolling fd = 9
Socket not ready, repolling fd = 9
Socket not ready, repolling fd = 9
Socket not ready, repolling fd = 9
Socket not ready, repolling fd = 9
Socket not ready, repolling fd = 9
Socket not ready, repolling fd = 9
Socket not ready, repolling fd = 9
Socket not ready, repolling fd = 9
Socket not ready, repolling fd = 9
Socket not ready, repolling fd = 9
Socket not ready, repolling fd = 9
Socket not ready, repolling fd = 9
Socket not ready, repolling fd = 9
Socket not ready, repolling fd = 9
Socket not ready, repolling fd = 9
Socket not ready, repolling fd = 9
Socket not ready, repolling fd = 9
Socket not ready, repolling fd = 9
Socket not ready, repolling fd = 9
Socket not ready, repolling fd = 9
Socket not ready, repolling fd = 9
Socket not ready, repolling fd = 9
Socket not ready, repolling fd = 9
Socket not ready, repolling fd = 9
Socket not ready, repolling fd = 9
Socket not ready, repolling fd = 9
Socket not ready, repolling fd = 9
Socket not ready, repolling fd = 9
Socket not ready, repolling fd = 9
Socket not ready, repolling fd = 9
Socket not ready, repolling fd = 9
Socket not ready, repolling fd = 9
Socket not ready, repolling fd = 9
Socket not ready, repolling fd = 9
Socket not ready, repolling fd = 9
Socket not ready, repolling fd = 9
Socket not ready, repolling fd = 9
Socket not ready, repolling fd = 9
Socket not ready, repolling fd = 9
Socket not ready, repolling fd = 9
Socket not ready, repolling fd = 9
Socket not ready, repolling fd = 9
Socket not ready, repolling fd = 9
Socket not ready, repolling fd = 9
Socket not ready, repolling fd = 9
Socket not ready, repolling fd = 9
Socket not ready, repolling fd = 9
Socket not ready, repolling fd = 9
Socket not ready, repolling fd = 9
Socket not ready, repolling fd = 9
Socket not ready, repolling fd = 9
Socket not ready, repolling fd = 9
Socket not ready, repolling fd = 9
Socket not ready, repolling fd = 9
Socket not ready, repolling fd = 9
Socket not ready, repolling fd = 9
Socket not ready, repolling fd = 9
Socket not ready, repolling fd = 9
Socket not ready, repolling fd = 9
Socket not ready, repolling fd = 9
Socket not ready, repolling fd = 9
Socket not ready, repolling fd = 9
Socket not ready, repolling fd = 9
Socket not ready, repolling fd = 9
Socket not ready, repolling fd = 9
Socket not ready, repolling fd = 9
Socket not ready, repolling fd = 9
Socket not ready, repolling fd = 9
Socket not ready, repolling fd = 9
Socket not ready, repolling fd = 9
Socket not ready, repolling fd = 9
Socket not ready, repolling fd = 9
Socket not ready, repolling fd = 9
Socket not ready, repolling fd = 9
Socket not ready, repolling fd = 9
Socket not ready, repolling fd = 9
Socket not ready, repolling fd = 9
Socket not ready, repolling fd = 9
Socket not ready, repolling fd = 9
Socket not ready, repolling fd = 9
Socket not ready, repolling fd = 9
Socket not ready, repolling fd = 9
Socket not ready, repolling fd = 9
Socket not ready, repolling fd = 9
Socket not ready, repolling fd = 9
Socket not ready, repolling fd = 9
Socket not ready, repolling fd = 9
Socket not ready, repolling fd = 9
Socket not ready, repolling fd = 9
Socket not ready, repolling fd = 9
Socket not ready, repolling fd = 9
Socket not ready, repolling fd = 9
Socket not ready, repolling fd = 9
Socket not ready, repolling fd = 9
Socket not ready, repolling fd = 9
Socket not ready, repolling fd = 9
Socket not ready, repolling fd = 9
Socket not ready, repolling fd = 9
Socket not ready, repolling fd = 9
Socket not ready, repolling fd = 9
Socket not ready, repolling fd = 9
Socket not ready, repolling fd = 9
Socket not ready, repolling fd = 9
Socket not ready, repolling fd = 9
Socket not ready, repolling fd = 9
Socket not ready, repolling fd = 9
Socket not ready, repolling fd = 9
Socket not ready, repolling fd = 9
Socket not ready, repolling fd = 9
Socket not ready, repolling fd = 9
Socket not ready, repolling fd = 9
Socket not ready, repolling fd = 9
Socket not ready, repolling fd = 9
Socket not ready, repolling fd = 9
Socket not ready, repolling fd = 9
Socket not ready, repolling fd = 9
Socket not ready, repolling fd = 9
Socket not ready, repolling fd = 9
Socket not ready, repolling fd = 9
Socket not ready, repolling fd = 9
Socket not ready, repolling fd = 9
Socket not ready, repolling fd = 9
Socket not ready, repolling fd = 9
Socket not ready, repolling fd = 9
Socket not ready, repolling fd = 9
Socket not ready, repolling fd = 9
Socket not ready, repolling fd = 9
Socket not ready, repolling fd = 9
Socket not ready, repolling fd = 9
Socket not ready, repolling fd = 9
Socket not ready, repolling fd = 9
Socket not ready, repolling fd = 9
Socket not ready, repolling fd = 9
Socket not ready, repolling fd = 9
Socket not ready, repolling fd = 9
Socket not ready, repolling fd = 9
Socket not ready, repolling fd = 9
Socket not ready, repolling fd = 9
Socket not ready, repolling fd = 9
Socket not ready, repolling fd = 9
Socket not ready, repolling fd = 9
Socket not ready, repolling fd = 9
Socket not ready, repolling fd = 9
Socket not ready, repolling fd = 9
Socket not ready, repolling fd = 9
Socket not ready, repolling fd = 9
Socket not ready, repolling fd = 9
Socket not ready, repolling fd = 9
Socket not ready, repolling fd = 9
Socket not ready, repolling fd = 9
Socket not ready, repolling fd = 9
Socket not ready, repolling fd = 9
Socket not ready, repolling fd = 9
Socket not ready, repolling fd = 9
Socket not ready, repolling fd = 9
Socket not ready, repolling fd = 9
Socket not ready, repolling fd = 9
Socket not ready, repolling fd = 9
Socket not ready, repolling fd = 9
Socket not ready, repolling fd = 9
Socket not ready, repolling fd = 9
Socket not ready, repolling fd = 9
Socket not ready, repolling fd = 9
Socket not ready, repolling fd = 9
Socket not ready, repolling fd = 9
Socket not ready, repolling fd = 9
Socket not ready, repolling fd = 9
Socket not ready, repolling fd = 9
Socket not ready, repolling fd = 9
Socket not ready, repolling fd = 9
Socket not ready, repolling fd = 9
Socket not ready, repolling fd = 9
Socket not ready, repolling fd = 9
Socket not ready, repolling fd = 9
Socket not ready, repolling fd = 9
Socket not ready, repolling fd = 9
Socket not ready, repolling fd = 9
Socket not ready, repolling fd = 9
Socket not ready, repolling fd = 9
Socket not ready, repolling fd = 9
Socket not ready, repolling fd = 9
Socket not ready, repolling fd = 9
Socket not ready, repolling fd = 9
Socket not ready, repolling fd = 9
Socket not ready, repolling fd = 9
Socket not ready, repolling fd = 9
Socket not ready, repolling fd = 9
Socket not ready, repolling fd = 9
Socket not ready, repolling fd = 9
Socket not ready, repolling fd = 9
Socket not ready, repolling fd = 9
Socket not ready, repolling fd = 9
Socket not ready, repolling fd = 9
Socket not ready, repolling fd = 9
Socket not ready, repolling fd = 9
Socket not ready, repolling fd = 9
Socket not ready, repolling fd = 9
Socket not ready, repolling fd = 9
Socket not ready, repolling fd = 9
Socket not ready, repolling fd = 9
Socket not ready, repolling fd = 9
Socket not ready, repolling fd = 9
Socket not ready, repolling fd = 9
Socket not ready, repolling fd = 9
Socket not ready, repolling fd = 9
Socket not ready, repolling fd = 9
Socket not ready, repolling fd = 9
Socket not ready, repolling fd = 9
Socket not ready, repolling fd = 9
Socket not ready, repolling fd = 9
Socket not ready, repolling fd = 9
Socket not ready, repolling fd = 9
Socket not ready, repolling fd = 9
Socket not ready, repolling fd = 9
Socket not ready, repolling fd = 9
Socket not ready, repolling fd = 9
Socket not ready, repolling fd = 9
Socket not ready, repolling fd = 9
Socket not ready, repolling fd = 9
Socket not ready, repolling fd = 9
Socket not ready, repolling fd = 9
Socket not ready, repolling fd = 9
Socket not ready, repolling fd = 9
Socket not ready, repolling fd = 9
Socket not ready, repolling fd = 9
Socket not ready, repolling fd = 9
Socket not ready, repolling fd = 9
Socket not ready, repolling fd = 9
Socket not ready, repolling fd = 9
Socket not ready, repolling fd = 9
Socket not ready, repolling fd = 9
Socket not ready, repolling fd = 9
Socket not ready, repolling fd = 9
Socket not ready, repolling fd = 9
Socket not ready, repolling fd = 9
Socket not ready, repolling fd = 9
Socket not ready, repolling fd = 9
Socket not ready, repolling fd = 9
Socket not ready, repolling fd = 9
Socket not ready, repolling fd = 9
Socket not ready, repolling fd = 9
Socket not ready, repolling fd = 9
Socket not ready, repolling fd = 9
Socket not ready, repolling fd = 9
Socket not ready, repolling fd = 9
Socket not ready, repolling fd = 9
Socket not ready, repolling fd = 9
Socket not ready, repolling fd = 9
Socket not ready, repolling fd = 9
Socket not ready, repolling fd = 9
Socket not ready, repolling fd = 9
Socket not ready, repolling fd = 9
Socket not ready, repolling fd = 9
Socket not ready, repolling fd = 9
Socket not ready, repolling fd = 9
Socket not ready, repolling fd = 9
Socket not ready, repolling fd = 9
Socket not ready, repolling fd = 9
Socket not ready, repolling fd = 9
Socket not ready, repolling fd = 9
Socket not ready, repolling fd = 9
Socket not ready, repolling fd = 9
Socket not ready, repolling fd = 9
Socket not ready, repolling fd = 9
Socket not ready, repolling fd = 9
Socket not ready, repolling fd = 9
Socket not ready, repolling fd = 9
Socket not ready, repolling fd = 9
Socket not ready, repolling fd = 9
Socket not ready, repolling fd = 9
Socket not ready, repolling fd = 9
Socket not ready, repolling fd = 9
Socket not ready, repolling fd = 9
Socket not ready, repolling fd = 9
Socket not ready, repolling fd = 9
Socket not ready, repolling fd = 9
Socket not ready, repolling fd = 9
Socket not ready, repolling fd = 9
Socket not ready, repolling fd = 9
Socket not ready, repolling fd = 9
Socket not ready, repolling fd = 9
Socket not ready, repolling fd = 9
Socket not ready, repolling fd = 9
Socket not ready, repolling fd = 9
Socket not ready, repolling fd = 9
Socket not ready, repolling fd = 9
Socket not ready, repolling fd = 9
Socket not ready, repolling fd = 9
Socket not ready, repolling fd = 9
Socket not ready, repolling fd = 9
Socket not ready, repolling fd = 9
Socket not ready, repolling fd = 9
Socket not ready, repolling fd = 9
Socket not ready, repolling fd = 9
Socket not ready, repolling fd = 9
Socket not ready, repolling fd = 9
Socket not ready, repolling fd = 9
Socket not ready, repolling fd = 9
Socket not ready, repolling fd = 9
Socket not ready, repolling fd = 9
Socket not ready, repolling fd = 9
Socket not ready, repolling fd = 9
Socket not ready, repolling fd = 9
Socket not ready, repolling fd = 9
Socket not ready, repolling fd = 9
Socket not ready, repolling fd = 9
Socket not ready, repolling fd = 9
Socket not ready, repolling fd = 9
Socket not ready, repolling fd = 9
Socket not ready, repolling fd = 9
Socket not ready, repolling fd = 9
Socket not ready, repolling fd = 9
Socket not ready, repolling fd = 9
Socket not ready, repolling fd = 9
Socket not ready, repolling fd = 9
Socket not ready, repolling fd = 9
Socket not ready, repolling fd = 9
Socket not ready, repolling fd = 9
Socket not ready, repolling fd = 9
Socket not ready, repolling fd = 9
Socket not ready, repolling fd = 9
Socket not ready, repolling fd = 9
Socket not ready, repolling fd = 9
Socket not ready, repolling fd = 9
Socket not ready, repolling fd = 9
Socket not ready, repolling fd = 9
Socket not ready, repolling fd = 9
Socket not ready, repolling fd = 9
Socket not ready, repolling fd = 9
Socket not ready, repolling fd = 9
Socket not ready, repolling fd = 9
Socket not ready, repolling fd = 9
Socket not ready, repolling fd = 9
Socket not ready, repolling fd = 9
Socket not ready, repolling fd = 9
Socket not ready, repolling fd = 9
Socket not ready, repolling fd = 9
Socket not ready, repolling fd = 9
Socket not ready, repolling fd = 9
Socket not ready, repolling fd = 9
Socket not ready, repolling fd = 9
Socket not ready, repolling fd = 9
Socket not ready, repolling fd = 9
Socket not ready, repolling fd = 9
Socket not ready, repolling fd = 9
Socket not ready, repolling fd = 9
Socket not ready, repolling fd = 9
Socket not ready, repolling fd = 9
Socket not ready, repolling fd = 9
Socket not ready, repolling fd = 9
Socket not ready, repolling fd = 9
Socket not ready, repolling fd = 9
Socket not ready, repolling fd = 9
Socket not ready, repolling fd = 9
Socket not ready, repolling fd = 9
Socket not ready, repolling fd = 9
Socket not ready, repolling fd = 9
Socket not ready, repolling fd = 9
Socket not ready, repolling fd = 9
Socket not ready, repolling fd = 9
Socket not ready, repolling fd = 9
Socket not ready, repolling fd = 9
Socket not ready, repolling fd = 9
Socket not ready, repolling fd = 9
Socket not ready, repolling fd = 9
Socket not ready, repolling fd = 9
Socket not ready, repolling fd = 9
Socket not ready, repolling fd = 9
Socket not ready, repolling fd = 9
Socket not ready, repolling fd = 9
Socket not ready, repolling fd = 9
Socket not ready, repolling fd = 9
Socket not ready, repolling fd = 9
Socket not ready, repolling fd = 9
Socket not ready, repolling fd = 9
Socket not ready, repolling fd = 9
Socket not ready, repolling fd = 9
Socket not ready, repolling fd = 9
Socket not ready, repolling fd = 9
Socket not ready, repolling fd = 9
Socket not ready, repolling fd = 9
Socket not ready, repolling fd = 9
Socket not ready, repolling fd = 9
Socket not ready, repolling fd = 9
Socket not ready, repolling fd = 9
Socket not ready, repolling fd = 9
Socket not ready, repolling fd = 9
Socket not ready, repolling fd = 9
Socket not ready, repolling fd = 9
Socket not ready, repolling fd = 9
Socket not ready, repolling fd = 9
Socket not ready, repolling fd = 9
Socket not ready, repolling fd = 9
Socket not ready, repolling fd = 9
Socket not ready, repolling fd = 9
Socket not ready, repolling fd = 9
Socket not ready, repolling fd = 9
Socket not ready, repolling fd = 9
Socket not ready, repolling fd = 9
Socket not ready, repolling fd = 9
Socket not ready, repolling fd = 9
Socket not ready, repolling fd = 9
Socket not ready, repolling fd = 9
Socket not ready, repolling fd = 9
Socket not ready, repolling fd = 9
Socket not ready, repolling fd = 9
Socket not ready, repolling fd = 9
Socket not ready, repolling fd = 9
Socket not ready, repolling fd = 9
Socket not ready, repolling fd = 9
Socket not ready, repolling fd = 9
Socket not ready, repolling fd = 9
Socket not ready, repolling fd = 9
Socket not ready, repolling fd = 9
Socket not ready, repolling fd = 9
Socket not ready, repolling fd = 9
Socket not ready, repolling fd = 9
Socket not ready, repolling fd = 9
Socket not ready, repolling fd = 9
Socket not ready, repolling fd = 9
Socket not ready, repolling fd = 9
Socket not ready, repolling fd = 9
Socket not ready, repolling fd = 9
Socket not ready, repolling fd = 9
Socket not ready, repolling fd = 9
Socket not ready, repolling fd = 9
Socket not ready, repolling fd = 9
Socket not ready, repolling fd = 9
Socket not ready, repolling fd = 9
Socket not ready, repolling fd = 9
Socket not ready, repolling fd = 9
Socket not ready, repolling fd = 9
Socket not ready, repolling fd = 9
Socket not ready, repolling fd = 9
Socket not ready, repolling fd = 9
Socket not ready, repolling fd = 9
Socket not ready, repolling fd = 9
Socket not ready, repolling fd = 9
Socket not ready, repolling fd = 9
Socket not ready, repolling fd = 9
Socket not ready, repolling fd = 9
Socket not ready, repolling fd = 9
Socket not ready, repolling fd = 9
Socket not ready, repolling fd = 9
Socket not ready, repolling fd = 9
Socket not ready, repolling fd = 9
Socket not ready, repolling fd = 9
Socket not ready, repolling fd = 9
Socket not ready, repolling fd = 9
Socket not ready, repolling fd = 9
Socket not ready, repolling fd = 9
Socket not ready, repolling fd = 9
Socket not ready, repolling fd = 9
Socket not ready, repolling fd = 9
Socket not ready, repolling fd = 9
Socket not ready, repolling fd = 9
Socket not ready, repolling fd = 9
Socket not ready, repolling fd = 9
Socket not ready, repolling fd = 9
Socket not ready, repolling fd = 9
Socket not ready, repolling fd = 9
Socket not ready, repolling fd = 9
Socket not ready, repolling fd = 9
Socket not ready, repolling fd = 9
Socket not ready, repolling fd = 9
Socket not ready, repolling fd = 9
Socket not ready, repolling fd = 9
Socket not ready, repolling fd = 9
Socket not ready, repolling fd = 9
Socket not ready, repolling fd = 9
Socket not ready, repolling fd = 9
Socket not ready, repolling fd = 9
Socket not ready, repolling fd = 9
Socket not ready, repolling fd = 9
Socket not ready, repolling fd = 9
Socket not ready, repolling fd = 9
Socket not ready, repolling fd = 9
Socket not ready, repolling fd = 9
Socket not ready, repolling fd = 9
Socket not ready, repolling fd = 9
Socket not ready, repolling fd = 9
Socket not ready, repolling fd = 9
Socket not ready, repolling fd = 9
Socket not ready, repolling fd = 9
Socket not ready, repolling fd = 9
Socket not ready, repolling fd = 9
Socket not ready, repolling fd = 9
Socket not ready, repolling fd = 9
Socket not ready, repolling fd = 9
Socket not ready, repolling fd = 9
Socket not ready, repolling fd = 9
Socket not ready, repolling fd = 9
Socket not ready, repolling fd = 9
Socket not ready, repolling fd = 9
Socket not ready, repolling fd = 9
Socket not ready, repolling fd = 9
Socket not ready, repolling fd = 9
Socket not ready, repolling fd = 9
Socket not ready, repolling fd = 9
Socket not ready, repolling fd = 9
Socket not ready, repolling fd = 9
Socket not ready, repolling fd = 9
Socket not ready, repolling fd = 9
Socket not ready, repolling fd = 9
Socket not ready, repolling fd = 9
Socket not ready, repolling fd = 9
Socket not ready, repolling fd = 9
Socket not ready, repolling fd = 9
Socket not ready, repolling fd = 9
Socket not ready, repolling fd = 9
Socket not ready, repolling fd = 9
Socket not ready, repolling fd = 9
Socket not ready, repolling fd = 9
Socket not ready, repolling fd = 9
Socket not ready, repolling fd = 9
Socket not ready, repolling fd = 9
Socket not ready, repolling fd = 9
Socket not ready, repolling fd = 9
Socket not ready, repolling fd = 9
Socket not ready, repolling fd = 9
Socket not ready, repolling fd = 9
Socket not ready, repolling fd = 9
Socket not ready, repolling fd = 9
Socket not ready, repolling fd = 9
Socket not ready, repolling fd = 9
Socket not ready, repolling fd = 9
Socket not ready, repolling fd = 9
Socket not ready, repolling fd = 9
Socket not ready, repolling fd = 9
Socket not ready, repolling fd = 9
Socket not ready, repolling fd = 9
Socket not ready, repolling fd = 9
Socket not ready, repolling fd = 9
Socket not ready, repolling fd = 9
Socket not ready, repolling fd = 9
Socket not ready, repolling fd = 9
Socket not ready, repolling fd = 9
Socket not ready, repolling fd = 9
Socket not ready, repolling fd = 9
Socket not ready, repolling fd = 9
Socket not ready, repolling fd = 9
Socket not ready, repolling fd = 9
Socket not ready, repolling fd = 9
Socket not ready, repolling fd = 9
Socket not ready, repolling fd = 9
Socket not ready, repolling fd = 9
Socket not ready, repolling fd = 9
Socket not ready, repolling fd = 9
Socket not ready, repolling fd = 9
Socket not ready, repolling fd = 9
Socket not ready, repolling fd = 9
Socket not ready, repolling fd = 9
Socket not ready, repolling fd = 9
Socket not ready, repolling fd = 9
Socket not ready, repolling fd = 9
Socket not ready, repolling fd = 9
Socket not ready, repolling fd = 9
Socket not ready, repolling fd = 9
Socket not ready, repolling fd = 9
Socket not ready, repolling fd = 9
Socket not ready, repolling fd = 9
Socket not ready, repolling fd = 9
Socket not ready, repolling fd = 9
Socket not ready, repolling fd = 9
Socket not ready, repolling fd = 9
Socket not ready, repolling fd = 9
Socket not ready, repolling fd = 9
Socket not ready, repolling fd = 9
Socket not ready, repolling fd = 9
Socket not ready, repolling fd = 9
Socket not ready, repolling fd = 9
Socket not ready, repolling fd = 9
Socket not ready, repolling fd = 9
Socket not ready, repolling fd = 9
Socket not ready, repolling fd = 9
Socket not ready, repolling fd = 9
Socket not ready, repolling fd = 9
Socket not ready, repolling fd = 9
Socket not ready, repolling fd = 9
Socket not ready, repolling fd = 9
Socket not ready, repolling fd = 9
Socket not ready, repolling fd = 9
Socket not ready, repolling fd = 9
Socket not ready, repolling fd = 9
Socket not ready, repolling fd = 9
Socket not ready, repolling fd = 9
Socket not ready, repolling fd = 8
Socket not ready, repolling fd = 8
Socket not ready, repolling fd = 8
Socket not ready, repolling fd = 8
Socket not ready, repolling fd = 8
Socket not ready, repolling fd = 8
Socket not ready, repolling fd = 8
Socket not ready, repolling fd = 8
Socket not ready, repolling fd = 8
Socket not ready, repolling fd = 8
Socket not ready, repolling fd = 8
Socket not ready, repolling fd = 8
Socket not ready, repolling fd = 8
Socket not ready, repolling fd = 8
Socket not ready, repolling fd = 8
Socket not ready, repolling fd = 8
Socket not ready, repolling fd = 8
Socket not ready, repolling fd = 8
Socket not ready, repolling fd = 8
Socket not ready, repolling fd = 8
Socket not ready, repolling fd = 8
Socket not ready, repolling fd = 8
Socket not ready, repolling fd = 8
Socket not ready, repolling fd = 8
Socket not ready, repolling fd = 8
Socket not ready, repolling fd = 8
Socket not ready, repolling fd = 8
Socket not ready, repolling fd = 8
Socket not ready, repolling fd = 8
Socket not ready, repolling fd = 8
Socket not ready, repolling fd = 8
Socket not ready, repolling fd = 8
Socket not ready, repolling fd = 8
Socket not ready, repolling fd = 8
Socket not ready, repolling fd = 8
Socket not ready, repolling fd = 8
Socket not ready, repolling fd = 8
Socket not ready, repolling fd = 8
Socket not ready, repolling fd = 8
Socket not ready, repolling fd = 8
Socket not ready, repolling fd = 8
Socket not ready, repolling fd = 8
Socket not ready, repolling fd = 8
Socket not ready, repolling fd = 8
Socket not ready, repolling fd = 8
Socket not ready, repolling fd = 8
Socket not ready, repolling fd = 8
Socket not ready, repolling fd = 8
Socket not ready, repolling fd = 8
Socket not ready, repolling fd = 8
Socket not ready, repolling fd = 8
Socket not ready, repolling fd = 8
Socket not ready, repolling fd = 8
Socket not ready, repolling fd = 8
Socket not ready, repolling fd = 8
Socket not ready, repolling fd = 8
Socket not ready, repolling fd = 8
Socket not ready, repolling fd = 8
Socket not ready, repolling fd = 8
Socket not ready, repolling fd = 8
Socket not ready, repolling fd = 8
Socket not ready, repolling fd = 8
Socket not ready, repolling fd = 8
Socket not ready, repolling fd = 8
Socket not ready, repolling fd = 8
Socket not ready, repolling fd = 8
Socket not ready, repolling fd = 8
Socket not ready, repolling fd = 8
Socket not ready, repolling fd = 8
Socket not ready, repolling fd = 8
Socket not ready, repolling fd = 8
Socket not ready, repolling fd = 8
Socket not ready, repolling fd = 8
Socket not ready, repolling fd = 8
Socket not ready, repolling fd = 8
Socket not ready, repolling fd = 8
Socket not ready, repolling fd = 8
Socket not ready, repolling fd = 8
Socket not ready, repolling fd = 8
Socket not ready, repolling fd = 8
Socket not ready, repolling fd = 8
Socket not ready, repolling fd = 8
Socket not ready, repolling fd = 8
Socket not ready, repolling fd = 8
Socket not ready, repolling fd = 8
Socket not ready, repolling fd = 8
Socket not ready, repolling fd = 8
Socket not ready, repolling fd = 8
Socket not ready, repolling fd = 8
Socket not ready, repolling fd = 8
Socket not ready, repolling fd = 8
Socket not ready, repolling fd = 8
Socket not ready, repolling fd = 8
Socket not ready, repolling fd = 8
Socket not ready, repolling fd = 8
Socket not ready, repolling fd = 8
Socket not ready, repolling fd = 8
Socket not ready, repolling fd = 8
Socket not ready, repolling fd = 8
Socket not ready, repolling fd = 8
Socket not ready, repolling fd = 8
Socket not ready, repolling fd = 8
Socket not ready, repolling fd = 8
Socket not ready, repolling fd = 8
Socket not ready, repolling fd = 8
Socket not ready, repolling fd = 8
Socket not ready, repolling fd = 8
Socket not ready, repolling fd = 8
Socket not ready, repolling fd = 8
Socket not ready, repolling fd = 8
Socket not ready, repolling fd = 8
Socket not ready, repolling fd = 8
Socket not ready, repolling fd = 8
Socket not ready, repolling fd = 8
Socket not ready, repolling fd = 8
Socket not ready, repolling fd = 8
Socket not ready, repolling fd = 8
Socket not ready, repolling fd = 8
Socket not ready, repolling fd = 8
Socket not ready, repolling fd = 8
Socket not ready, repolling fd = 8
Socket not ready, repolling fd = 8
Socket not ready, repolling fd = 8
Socket not ready, repolling fd = 8
Socket not ready, repolling fd = 8
Socket not ready, repolling fd = 8
Socket not ready, repolling fd = 8
Socket not ready, repolling fd = 8
Socket not ready, repolling fd = 8
Socket not ready, repolling fd = 8
Socket not ready, repolling fd = 8
Socket not ready, repolling fd = 8
Socket not ready, repolling fd = 8
Socket not ready, repolling fd = 8
Socket not ready, repolling fd = 8
Socket not ready, repolling fd = 8
Socket not ready, repolling fd = 8
Socket not ready, repolling fd = 8
Socket not ready, repolling fd = 8
Socket not ready, repolling fd = 8
Socket not ready, repolling fd = 8
Socket not ready, repolling fd = 8
Socket not ready, repolling fd = 8
Socket not ready, repolling fd = 8
Socket not ready, repolling fd = 8
Socket not ready, repolling fd = 8
Socket not ready, repolling fd = 8
Socket not ready, repolling fd = 8
Socket not ready, repolling fd = 8
Socket not ready, repolling fd = 8
Socket not ready, repolling fd = 8
Socket not ready, repolling fd = 8
Socket not ready, repolling fd = 8
Socket not ready, repolling fd = 8
Socket not ready, repolling fd = 8
Socket not ready, repolling fd = 8
Socket not ready, repolling fd = 8
Socket not ready, repolling fd = 8
Socket not ready, repolling fd = 8
Socket not ready, repolling fd = 8
Socket not ready, repolling fd = 8
Socket not ready, repolling fd = 8
Socket not ready, repolling fd = 8
Socket not ready, repolling fd = 8
Socket not ready, repolling fd = 8
Socket not ready, repolling fd = 8
Socket not ready, repolling fd = 8
Socket not ready, repolling fd = 8
Socket not ready, repolling fd = 8
Socket not ready, repolling fd = 8
Socket not ready, repolling fd = 8
Socket not ready, repolling fd = 8
Socket not ready, repolling fd = 8
Socket not ready, repolling fd = 8
Socket not ready, repolling fd = 8
Socket not ready, repolling fd = 8
Socket not ready, repolling fd = 8
Socket not ready, repolling fd = 8
Socket not ready, repolling fd = 8
Socket not ready, repolling fd = 8
Socket not ready, repolling fd = 8
Socket not ready, repolling fd = 8
Socket not ready, repolling fd = 8
Socket not ready, repolling fd = 8
Socket not ready, repolling fd = 8
Socket not ready, repolling fd = 8
Socket not ready, repolling fd = 8
Socket not ready, repolling fd = 8
Socket not ready, repolling fd = 8
Socket not ready, repolling fd = 8
Socket not ready, repolling fd = 8
Socket not ready, repolling fd = 8
Socket not ready, repolling fd = 8
Socket not ready, repolling fd = 8
Socket not ready, repolling fd = 8
Socket not ready, repolling fd = 8
Socket not ready, repolling fd = 8
Socket not ready, repolling fd = 8
Socket not ready, repolling fd = 8
Socket not ready, repolling fd = 8
Socket not ready, repolling fd = 8
Socket not ready, repolling fd = 8
Socket not ready, repolling fd = 8
Socket not ready, repolling fd = 8
Socket not ready, repolling fd = 8
Socket not ready, repolling fd = 8
Socket not ready, repolling fd = 8
Socket not ready, repolling fd = 8
Socket not ready, repolling fd = 8
Socket not ready, repolling fd = 8
Socket not ready, repolling fd = 8
Socket not ready, repolling fd = 8
Socket not ready, repolling fd = 8
Socket not ready, repolling fd = 8
Socket not ready, repolling fd = 8
Socket not ready, repolling fd = 8
Socket not ready, repolling fd = 8
Socket not ready, repolling fd = 8
Socket not ready, repolling fd = 8
Socket not ready, repolling fd = 8
Socket not ready, repolling fd = 8
Socket not ready, repolling fd = 8
Socket not ready, repolling fd = 8
Socket not ready, repolling fd = 8
Socket not ready, repolling fd = 8
Socket not ready, repolling fd = 8
Socket not ready, repolling fd = 8
Socket not ready, repolling fd = 8
Socket not ready, repolling fd = 8
Socket not ready, repolling fd = 8
Socket not ready, repolling fd = 8
Socket not ready, repolling fd = 8
Socket not ready, repolling fd = 8
Socket not ready, repolling fd = 8
Socket not ready, repolling fd = 8
Socket not ready, repolling fd = 8
Socket not ready, repolling fd = 8
Socket not ready, repolling fd = 8
Socket not ready, repolling fd = 8
Socket not ready, repolling fd = 8
Socket not ready, repolling fd = 8
Socket not ready, repolling fd = 8
Socket not ready, repolling fd = 8
Socket not ready, repolling fd = 8
Socket not ready, repolling fd = 8
Socket not ready, repolling fd = 8
Socket not ready, repolling fd = 8
Socket not ready, repolling fd = 8
Socket not ready, repolling fd = 8
Socket not ready, repolling fd = 8
Socket not ready, repolling fd = 8
Socket not ready, repolling fd = 8
Socket not ready, repolling fd = 8
Socket not ready, repolling fd = 8
Socket not ready, repolling fd = 8
Socket not ready, repolling fd = 8
Socket not ready, repolling fd = 8
Socket not ready, repolling fd = 8
Socket not ready, repolling fd = 8
Socket not ready, repolling fd = 8
Socket not ready, repolling fd = 8
Socket not ready, repolling fd = 8
Socket not ready, repolling fd = 8
Socket not ready, repolling fd = 8
Socket not ready, repolling fd = 8
Socket not ready, repolling fd = 8
Socket not ready, repolling fd = 8
Socket not ready, repolling fd = 8
Socket not ready, repolling fd = 8
Socket not ready, repolling fd = 8
Socket not ready, repolling fd = 8
Socket not ready, repolling fd = 8
Socket not ready, repolling fd = 8
Socket not ready, repolling fd = 8
Socket not ready, repolling fd = 8
Socket not ready, repolling fd = 8
Socket not ready, repolling fd = 8
Socket not ready, repolling fd = 8
Socket not ready, repolling fd = 8
Socket not ready, repolling fd = 8
Socket not ready, repolling fd = 8
Socket not ready, repolling fd = 8
Socket not ready, repolling fd = 8
Socket not ready, repolling fd = 8
Socket not ready, repolling fd = 8
Socket not ready, repolling fd = 8
Socket not ready, repolling fd = 8
Socket not ready, repolling fd = 8
Socket not ready, repolling fd = 8
Socket not ready, repolling fd = 8
Socket not ready, repolling fd = 8
Socket not ready, repolling fd = 8
Socket not ready, repolling fd = 8
Socket not ready, repolling fd = 8
Socket not ready, repolling fd = 8
Socket not ready, repolling fd = 8
Socket not ready, repolling fd = 8
Socket not ready, repolling fd = 8
Socket not ready, repolling fd = 8
Socket not ready, repolling fd = 8
Socket not ready, repolling fd = 8
Socket not ready, repolling fd = 8
Socket not ready, repolling fd = 8
Socket not ready, repolling fd = 8
Socket not ready, repolling fd = 8
Socket not ready, repolling fd = 8
Socket not ready, repolling fd = 8
Socket not ready, repolling fd = 8
Socket not ready, repolling fd = 8
Socket not ready, repolling fd = 8
Socket not ready, repolling fd = 8
Socket not ready, repolling fd = 8
Socket not ready, repolling fd = 8
Socket not ready, repolling fd = 8
Socket not ready, repolling fd = 8
Socket not ready, repolling fd = 8
Socket not ready, repolling fd = 8
Socket not ready, repolling fd = 8
Socket not ready, repolling fd = 8
Socket not ready, repolling fd = 8
Socket not ready, repolling fd = 8
Socket not ready, repolling fd = 8
Socket not ready, repolling fd = 8
Socket not ready, repolling fd = 8
Socket not ready, repolling fd = 8
Socket not ready, repolling fd = 8
Socket not ready, repolling fd = 8
Socket not ready, repolling fd = 8
Socket not ready, repolling fd = 8
Socket not ready, repolling fd = 8
Socket not ready, repolling fd = 8
Socket not ready, repolling fd = 8
Socket not ready, repolling fd = 8
Socket not ready, repolling fd = 8
Socket not ready, repolling fd = 8
Socket not ready, repolling fd = 8
Socket not ready, repolling fd = 8
Socket not ready, repolling fd = 8
Socket not ready, repolling fd = 8
Socket not ready, repolling fd = 8
Socket not ready, repolling fd = 8
Socket not ready, repolling fd = 8
Socket not ready, repolling fd = 8
Socket not ready, repolling fd = 8
Socket not ready, repolling fd = 8
Socket not ready, repolling fd = 8
Socket not ready, repolling fd = 8
Socket not ready, repolling fd = 8
Socket not ready, repolling fd = 8
Socket not ready, repolling fd = 8
Socket not ready, repolling fd = 8
Socket not ready, repolling fd = 8
Socket not ready, repolling fd = 8
Socket not ready, repolling fd = 8
Socket not ready, repolling fd = 8
Socket not ready, repolling fd = 8
Socket not ready, repolling fd = 8
Socket not ready, repolling fd = 8
Socket not ready, repolling fd = 8
Socket not ready, repolling fd = 8
Socket not ready, repolling fd = 8
Socket not ready, repolling fd = 8
Socket not ready, repolling fd = 8
Socket not ready, repolling fd = 8
Socket not ready, repolling fd = 8
Socket not ready, repolling fd = 8
Socket not ready, repolling fd = 8
Socket not ready, repolling fd = 8
Socket not ready, repolling fd = 8
Socket not ready, repolling fd = 8
Socket not ready, repolling fd = 8
Socket not ready, repolling fd = 8
Socket not ready, repolling fd = 8
Socket not ready, repolling fd = 8
Socket not ready, repolling fd = 8
Socket not ready, repolling fd = 8
Socket not ready, repolling fd = 8
Socket not ready, repolling fd = 8
Socket not ready, repolling fd = 8
Socket not ready, repolling fd = 8
Socket not ready, repolling fd = 8
Socket not ready, repolling fd = 8
Socket not ready, repolling fd = 8
Socket not ready, repolling fd = 8
Socket not ready, repolling fd = 8
Socket not ready, repolling fd = 8
Socket not ready, repolling fd = 8
Socket not ready, repolling fd = 8
Socket not ready, repolling fd = 8
Socket not ready, repolling fd = 8
Socket not ready, repolling fd = 8
Socket not ready, repolling fd = 8
Socket not ready, repolling fd = 8
Socket not ready, repolling fd = 8
Socket not ready, repolling fd = 8
Socket not ready, repolling fd = 8
Socket not ready, repolling fd = 8
Socket not ready, repolling fd = 8
Socket not ready, repolling fd = 8
Socket not ready, repolling fd = 8
Socket not ready, repolling fd = 8
Socket not ready, repolling fd = 8
Socket not ready, repolling fd = 8
Socket not ready, repolling fd = 8
Socket not ready, repolling fd = 8
Socket not ready, repolling fd = 8
Socket not ready, repolling fd = 8
Socket not ready, repolling fd = 8
Socket not ready, repolling fd = 8
Socket not ready, repolling fd = 8
Socket not ready, repolling fd = 8
Socket not ready, repolling fd = 8
Socket not ready, repolling fd = 8
Socket not ready, repolling fd = 8
Socket not ready, repolling fd = 8
Socket not ready, repolling fd = 8
Socket not ready, repolling fd = 8
Socket not ready, repolling fd = 8
Socket not ready, repolling fd = 8
Socket not ready, repolling fd = 8
Socket not ready, repolling fd = 8
Socket not ready, repolling fd = 8
Socket not ready, repolling fd = 8
Socket not ready, repolling fd = 8
Socket not ready, repolling fd = 8
Socket not ready, repolling fd = 8
Socket not ready, repolling fd = 8
Socket not ready, repolling fd = 8
Socket not ready, repolling fd = 8
Socket not ready, repolling fd = 8
Socket not ready, repolling fd = 8
Socket not ready, repolling fd = 8
Socket not ready, repolling fd = 8
Socket not ready, repolling fd = 8
Socket not ready, repolling fd = 8
Socket not ready, repolling fd = 8
Socket not ready, repolling fd = 8
Socket not ready, repolling fd = 8
Socket not ready, repolling fd = 8
Socket not ready, repolling fd = 8
Socket not ready, repolling fd = 8
Socket not ready, repolling fd = 8
Socket not ready, repolling fd = 8
Socket not ready, repolling fd = 8
Socket not ready, repolling fd = 8
Socket not ready, repolling fd = 8
Socket not ready, repolling fd = 8
Socket not ready, repolling fd = 8
Socket not ready, repolling fd = 8
Socket not ready, repolling fd = 8
Socket not ready, repolling fd = 8
Socket not ready, repolling fd = 8
Socket not ready, repolling fd = 8
Socket not ready, repolling fd = 8
Socket not ready, repolling fd = 8
Socket not ready, repolling fd = 8
Socket not ready, repolling fd = 8
Socket not ready, repolling fd = 8
Socket not ready, repolling fd = 8
Socket not ready, repolling fd = 8
Socket not ready, repolling fd = 8
Socket not ready, repolling fd = 8
Socket not ready, repolling fd = 8
Socket not ready, repolling fd = 8
Socket not ready, repolling fd = 8
Socket not ready, repolling fd = 8
Socket not ready, repolling fd = 8
Socket not ready, repolling fd = 8
Socket not ready, repolling fd = 8
Socket not ready, repolling fd = 8
Socket not ready, repolling fd = 8
Socket not ready, repolling fd = 8
Socket not ready, repolling fd = 8
Socket not ready, repolling fd = 8
Socket not ready, repolling fd = 8
Socket not ready, repolling fd = 8
Socket not ready, repolling fd = 8
Socket not ready, repolling fd = 8
Socket not ready, repolling fd = 8
Socket not ready, repolling fd = 8
Socket not ready, repolling fd = 8
Socket not ready, repolling fd = 8
Socket not ready, repolling fd = 8
Socket not ready, repolling fd = 8
Socket not ready, repolling fd = 8
Socket not ready, repolling fd = 8
Socket not ready, repolling fd = 8
Socket not ready, repolling fd = 8
Socket not ready, repolling fd = 8
Socket not ready, repolling fd = 8
Socket not ready, repolling fd = 8
Socket not ready, repolling fd = 8
Socket not ready, repolling fd = 8
Socket not ready, repolling fd = 8
Socket not ready, repolling fd = 8
Socket not ready, repolling fd = 8
Socket not ready, repolling fd = 8
Socket not ready, repolling fd = 8
Socket not ready, repolling fd = 8
Socket not ready, repolling fd = 8
Socket not ready, repolling fd = 8
Socket not ready, repolling fd = 8
Socket not ready, repolling fd = 8
Socket not ready, repolling fd = 8
Socket not ready, repolling fd = 8
Socket not ready, repolling fd = 8
Socket not ready, repolling fd = 8
Socket not ready, repolling fd = 8
Socket not ready, repolling fd = 8
Socket not ready, repolling fd = 8
Socket not ready, repolling fd = 8
Socket not ready, repolling fd = 8
Socket not ready, repolling fd = 8
Socket not ready, repolling fd = 8
Socket not ready, repolling fd = 8
Socket not ready, repolling fd = 8
Socket not ready, repolling fd = 8
Socket not ready, repolling fd = 8
Socket not ready, repolling fd = 8
Socket not ready, repolling fd = 8
Socket not ready, repolling fd = 8
Socket not ready, repolling fd = 8
Socket not ready, repolling fd = 8
Socket not ready, repolling fd = 8
Socket not ready, repolling fd = 8
Socket not ready, repolling fd = 8
Socket not ready, repolling fd = 8
Socket not ready, repolling fd = 8
Socket not ready, repolling fd = 8
Socket not ready, repolling fd = 8
Socket not ready, repolling fd = 8
Socket not ready, repolling fd = 8
Socket not ready, repolling fd = 8
Socket not ready, repolling fd = 8
Socket not ready, repolling fd = 8
Socket not ready, repolling fd = 8
Socket not ready, repolling fd = 8
Socket not ready, repolling fd = 8
Socket not ready, repolling fd = 8
Socket not ready, repolling fd = 8
Socket not ready, repolling fd = 8
Socket not ready, repolling fd = 8
Socket not ready, repolling fd = 8
Socket not ready, repolling fd = 8
Socket not ready, repolling fd = 8
Socket not ready, repolling fd = 8
Socket not ready, repolling fd = 8
Socket not ready, repolling fd = 8
Socket not ready, repolling fd = 8
Socket not ready, repolling fd = 8
Socket not ready, repolling fd = 8
Socket not ready, repolling fd = 8
Socket not ready, repolling fd = 8
Socket not ready, repolling fd = 8
Socket not ready, repolling fd = 8
Socket not ready, repolling fd = 8
Socket not ready, repolling fd = 8
Socket not ready, repolling fd = 8
Socket not ready, repolling fd = 8
Socket not ready, repolling fd = 8
Socket not ready, repolling fd = 8
Socket not ready, repolling fd = 8
Socket not ready, repolling fd = 8
Socket not ready, repolling fd = 8
Socket not ready, repolling fd = 8
Socket not ready, repolling fd = 8
Socket not ready, repolling fd = 8
Socket not ready, repolling fd = 8
Socket not ready, repolling fd = 8
Socket not ready, repolling fd = 8
Socket not ready, repolling fd = 8
Socket not ready, repolling fd = 8
Socket not ready, repolling fd = 8
Socket not ready, repolling fd = 8
Socket not ready, repolling fd = 8
Socket not ready, repolling fd = 8
Socket not ready, repolling fd = 8
Socket not ready, repolling fd = 8
Socket not ready, repolling fd = 8
Socket not ready, repolling fd = 8
Socket not ready, repolling fd = 8
Socket not ready, repolling fd = 8
Socket not ready, repolling fd = 8
Socket not ready, repolling fd = 8
Socket not ready, repolling fd = 8
Socket not ready, repolling fd = 8
Socket not ready, repolling fd = 8
Socket not ready, repolling fd = 8
Socket not ready, repolling fd = 8
Socket not ready, repolling fd = 8
Socket not ready, repolling fd = 8
Socket not ready, repolling fd = 8
Socket not ready, repolling fd = 8
Socket not ready, repolling fd = 8
Socket not ready, repolling fd = 8
Socket not ready, repolling fd = 8
Socket not ready, repolling fd = 8
Socket not ready, repolling fd = 8
Socket not ready, repolling fd = 8
Socket not ready, repolling fd = 8
Socket not ready, repolling fd = 8
Socket not ready, repolling fd = 8
Socket not ready, repolling fd = 8
Socket not ready, repolling fd = 8
Socket not ready, repolling fd = 8
Socket not ready, repolling fd = 8
Socket not ready, repolling fd = 8
Socket not ready, repolling fd = 8
Socket not ready, repolling fd = 8
Socket not ready, repolling fd = 8
Socket not ready, repolling fd = 8
Socket not ready, repolling fd = 8
Socket not ready, repolling fd = 8
Socket not ready, repolling fd = 8
Socket not ready, repolling fd = 8
Socket not ready, repolling fd = 8
Socket not ready, repolling fd = 8
Socket not ready, repolling fd = 8
Socket not ready, repolling fd = 8
Socket not ready, repolling fd = 8
Socket not ready, repolling fd = 8
Socket not ready, repolling fd = 8
Socket not ready, repolling fd = 8
Socket not ready, repolling fd = 8
Socket not ready, repolling fd = 8
Socket not ready, repolling fd = 8
Socket not ready, repolling fd = 8
Socket not ready, repolling fd = 8
Socket not ready, repolling fd = 8
Socket not ready, repolling fd = 8
Socket not ready, repolling fd = 8
Socket not ready, repolling fd = 8
Socket not ready, repolling fd = 8
Socket not ready, repolling fd = 8
Socket not ready, repolling fd = 8
Socket not ready, repolling fd = 8
Socket not ready, repolling fd = 8
Socket not ready, repolling fd = 8
Socket not ready, repolling fd = 8
Socket not ready, repolling fd = 8
Socket not ready, repolling fd = 8
Socket not ready, repolling fd = 8
Socket not ready, repolling fd = 8
Socket not ready, repolling fd = 8
Socket not ready, repolling fd = 8
Socket not ready, repolling fd = 8
Socket not ready, repolling fd = 8
Socket not ready, repolling fd = 8
Socket not ready, repolling fd = 8
Socket not ready, repolling fd = 8
Socket not ready, repolling fd = 8
Socket not ready, repolling fd = 8
Socket not ready, repolling fd = 8
Socket not ready, repolling fd = 8
Socket not ready, repolling fd = 8
Socket not ready, repolling fd = 8
Socket not ready, repolling fd = 8
Socket not ready, repolling fd = 8
Socket not ready, repolling fd = 8
Socket not ready, repolling fd = 8
Socket not ready, repolling fd = 8
Socket not ready, repolling fd = 8
Socket not ready, repolling fd = 8
Socket not ready, repolling fd = 8
Socket not ready, repolling fd = 8
Socket not ready, repolling fd = 8
Socket not ready, repolling fd = 8
Socket not ready, repolling fd = 8
Socket not ready, repolling fd = 8
Socket not ready, repolling fd = 8
Socket not ready, repolling fd = 8
Socket not ready, repolling fd = 8
Socket not ready, repolling fd = 8
Socket not ready, repolling fd = 8
Socket not ready, repolling fd = 8
Socket not ready, repolling fd = 8
Socket not ready, repolling fd = 8
Socket not ready, repolling fd = 8
Socket not ready, repolling fd = 8
Socket not ready, repolling fd = 8
Socket not ready, repolling fd = 8
Socket not ready, repolling fd = 8
Socket not ready, repolling fd = 8
Socket not ready, repolling fd = 8
Socket not ready, repolling fd = 8
Socket not ready, repolling fd = 8
Socket not ready, repolling fd = 8
Socket not ready, repolling fd = 8
Socket not ready, repolling fd = 8
Socket not ready, repolling fd = 8
Socket not ready, repolling fd = 8
Socket not ready, repolling fd = 8
Socket not ready, repolling fd = 8
Socket not ready, repolling fd = 8
Socket not ready, repolling fd = 8
Socket not ready, repolling fd = 8
Socket not ready, repolling fd = 8
Socket not ready, repolling fd = 8
Socket not ready, repolling fd = 8
Socket not ready, repolling fd = 8
Socket not ready, repolling fd = 8
Socket not ready, repolling fd = 8
Socket not ready, repolling fd = 8
Socket not ready, repolling fd = 8
Socket not ready, repolling fd = 8
Socket not ready, repolling fd = 8
Socket not ready, repolling fd = 8
Socket not ready, repolling fd = 8
Socket not ready, repolling fd = 8
Socket not ready, repolling fd = 8
Socket not ready, repolling fd = 8
Socket not ready, repolling fd = 8
Socket not ready, repolling fd = 8
Socket not ready, repolling fd = 8
Socket not ready, repolling fd = 8
Socket not ready, repolling fd = 8
Socket not ready, repolling fd = 8
Socket not ready, repolling fd = 8
Socket not ready, repolling fd = 8
Socket not ready, repolling fd = 8
Socket not ready, repolling fd = 8
Socket not ready, repolling fd = 8
Socket not ready, repolling fd = 8
Socket not ready, repolling fd = 8
Socket not ready, repolling fd = 8
Socket not ready, repolling fd = 8
Socket not ready, repolling fd = 8
Socket not ready, repolling fd = 8
Socket not ready, repolling fd = 8
Socket not ready, repolling fd = 8
Socket not ready, repolling fd = 8
Socket not ready, repolling fd = 8
Socket not ready, repolling fd = 8
Socket not ready, repolling fd = 8
Socket not ready, repolling fd = 8
Socket not ready, repolling fd = 8
Socket not ready, repolling fd = 8
Socket not ready, repolling fd = 8
Socket not ready, repolling fd = 8
Socket not ready, repolling fd = 8
Socket not ready, repolling fd = 8
Socket not ready, repolling fd = 8
Socket not ready, repolling fd = 8
Socket not ready, repolling fd = 8
Socket not ready, repolling fd = 8
Socket not ready, repolling fd = 8
Socket not ready, repolling fd = 8
Socket not ready, repolling fd = 8
Socket not ready, repolling fd = 8
Socket not ready, repolling fd = 8
Socket not ready, repolling fd = 8
Socket not ready, repolling fd = 8
Socket not ready, repolling fd = 8
Socket not ready, repolling fd = 8
Socket not ready, repolling fd = 8
Socket not ready, repolling fd = 8
Socket not ready, repolling fd = 8
Socket not ready, repolling fd = 8
Socket not ready, repolling fd = 8
Socket not ready, repolling fd = 8
Socket not ready, repolling fd = 8
Socket not ready, repolling fd = 8
Socket not ready, repolling fd = 8
Socket not ready, repolling fd = 8
Socket not ready, repolling fd = 8
Socket not ready, repolling fd = 8
Socket not ready, repolling fd = 8
Socket not ready, repolling fd = 8
Socket not ready, repolling fd = 8
Socket not ready, repolling fd = 8
Socket not ready, repolling fd = 8
Socket not ready, repolling fd = 8
Socket not ready, repolling fd = 8
Socket not ready, repolling fd = 8
Socket not ready, repolling fd = 8
Socket not ready, repolling fd = 8
Socket not ready, repolling fd = 8
Socket not ready, repolling fd = 8
Socket not ready, repolling fd = 8
Socket not ready, repolling fd = 8
Socket not ready, repolling fd = 8
Socket not ready, repolling fd = 8
Socket not ready, repolling fd = 8
Socket not ready, repolling fd = 8
Socket not ready, repolling fd = 8
Socket not ready, repolling fd = 8
Socket not ready, repolling fd = 8
Socket not ready, repolling fd = 8
Socket not ready, repolling fd = 8
Socket not ready, repolling fd = 8
Socket not ready, repolling fd = 8
Socket not ready, repolling fd = 8
Socket not ready, repolling fd = 8
Socket not ready, repolling fd = 8
Socket not ready, repolling fd = 8
Socket not ready, repolling fd = 8
Socket not ready, repolling fd = 8
Socket not ready, repolling fd = 8
Socket not ready, repolling fd = 8
Socket not ready, repolling fd = 8
Socket not ready, repolling fd = 8
Socket not ready, repolling fd = 8
Socket not ready, repolling fd = 8
Socket not ready, repolling fd = 8
Socket not ready, repolling fd = 8
Socket not ready, repolling fd = 8
Socket not ready, repolling fd = 8
Socket not ready, repolling fd = 8
Socket not ready, repolling fd = 8
Socket not ready, repolling fd = 8
Socket not ready, repolling fd = 8
Socket not ready, repolling fd = 8
Socket not ready, repolling fd = 8
Socket not ready, repolling fd = 8
Socket not ready, repolling fd = 8
Socket not ready, repolling fd = 8
Socket not ready, repolling fd = 8
Socket not ready, repolling fd = 8
Socket not ready, repolling fd = 8
Socket not ready, repolling fd = 8
Socket not ready, repolling fd = 8
Socket not ready, repolling fd = 8
Socket not ready, repolling fd = 8
Socket not ready, repolling fd = 8
Socket not ready, repolling fd = 8
Socket not ready, repolling fd = 8
Socket not ready, repolling fd = 8
Socket not ready, repolling fd = 8
Socket not ready, repolling fd = 8
Socket not ready, repolling fd = 8
Socket not ready, repolling fd = 8
Socket not ready, repolling fd = 8
Socket not ready, repolling fd = 8
Socket not ready, repolling fd = 8
Socket not ready, repolling fd = 8
Socket not ready, repolling fd = 8
Socket not ready, repolling fd = 8
Socket not ready, repolling fd = 8
Socket not ready, repolling fd = 8
Socket not ready, repolling fd = 8
Socket not ready, repolling fd = 8
Socket not ready, repolling fd = 8
Socket not ready, repolling fd = 8
Socket not ready, repolling fd = 8
Socket not ready, repolling fd = 8
Socket not ready, repolling fd = 8
Socket not ready, repolling fd = 8
Socket not ready, repolling fd = 8
Socket not ready, repolling fd = 8
Socket not ready, repolling fd = 8
Socket not ready, repolling fd = 8
Socket not ready, repolling fd = 8
Socket not ready, repolling fd = 8
Socket not ready, repolling fd = 8
Socket not ready, repolling fd = 8
Socket not ready, repolling fd = 8
Socket not ready, repolling fd = 8
Socket not ready, repolling fd = 8
Socket not ready, repolling fd = 8
Socket not ready, repolling fd = 8
Socket not ready, repolling fd = 8
Socket not ready, repolling fd = 8
Socket not ready, repolling fd = 8
Socket not ready, repolling fd = 8
Socket not ready, repolling fd = 8
Socket not ready, repolling fd = 8
Socket not ready, repolling fd = 8
Socket not ready, repolling fd = 8
Socket not ready, repolling fd = 8
Socket not ready, repolling fd = 8
Socket not ready, repolling fd = 8
Socket not ready, repolling fd = 8
Socket not ready, repolling fd = 8
Socket not ready, repolling fd = 8
Socket not ready, repolling fd = 8
Socket not ready, repolling fd = 8
Socket not ready, repolling fd = 8
Socket not ready, repolling fd = 8
Socket not ready, repolling fd = 8
Socket not ready, repolling fd = 8
Socket not ready, repolling fd = 8
Socket not ready, repolling fd = 8
Socket not ready, repolling fd = 8
Socket not ready, repolling fd = 8
Socket not ready, repolling fd = 8
Socket not ready, repolling fd = 8
Socket not ready, repolling fd = 8
Socket not ready, repolling fd = 8
Socket not ready, repolling fd = 8
Socket not ready, repolling fd = 8
Socket not ready, repolling fd = 8
Socket not ready, repolling fd = 8
Socket not ready, repolling fd = 8
Socket not ready, repolling fd = 8
Socket not ready, repolling fd = 8
Socket not ready, repolling fd = 8
Socket not ready, repolling fd = 8
Socket not ready, repolling fd = 8
Socket not ready, repolling fd = 8
Socket not ready, repolling fd = 8
Socket not ready, repolling fd = 8
Socket not ready, repolling fd = 8
Socket not ready, repolling fd = 8
Socket not ready, repolling fd = 8
Socket not ready, repolling fd = 8
Socket not ready, repolling fd = 8
Socket not ready, repolling fd = 8
Socket not ready, repolling fd = 8
Socket not ready, repolling fd = 8
Socket not ready, repolling fd = 8
Socket not ready, repolling fd = 8
Socket not ready, repolling fd = 8
Socket not ready, repolling fd = 8
Socket not ready, repolling fd = 8
Socket not ready, repolling fd = 8
Socket not ready, repolling fd = 8
Socket not ready, repolling fd = 8
Socket not ready, repolling fd = 8
Socket not ready, repolling fd = 8
Socket not ready, repolling fd = 8
Socket not ready, repolling fd = 8
Socket not ready, repolling fd = 8
Socket not ready, repolling fd = 8
Socket not ready, repolling fd = 8
Socket not ready, repolling fd = 8
Socket not ready, repolling fd = 8
Socket not ready, repolling fd = 8
Socket not ready, repolling fd = 8
Socket not ready, repolling fd = 8
Socket not ready, repolling fd = 8
Socket not ready, repolling fd = 8
Socket not ready, repolling fd = 8
Socket not ready, repolling fd = 8
Socket not ready, repolling fd = 8
Socket not ready, repolling fd = 8
Socket not ready, repolling fd = 8
Socket not ready, repolling fd = 8
Socket not ready, repolling fd = 8
Socket not ready, repolling fd = 8
Socket not ready, repolling fd = 8
Socket not ready, repolling fd = 8
Socket not ready, repolling fd = 8
Socket not ready, repolling fd = 8
Socket not ready, repolling fd = 8
Socket not ready, repolling fd = 8
Socket not ready, repolling fd = 8
Socket not ready, repolling fd = 8
Socket not ready, repolling fd = 8
Socket not ready, repolling fd = 8
Socket not ready, repolling fd = 8
Socket not ready, repolling fd = 8
Socket not ready, repolling fd = 8
Socket not ready, repolling fd = 8
Socket not ready, repolling fd = 8
Socket not ready, repolling fd = 8
Socket not ready, repolling fd = 8
Socket not ready, repolling fd = 8
Socket not ready, repolling fd = 8
Socket not ready, repolling fd = 8
Socket not ready, repolling fd = 8
Socket not ready, repolling fd = 8
Socket not ready, repolling fd = 8
Socket not ready, repolling fd = 8
Socket not ready, repolling fd = 8
Socket not ready, repolling fd = 8
Socket not ready, repolling fd = 8
Socket not ready, repolling fd = 8
Socket not ready, repolling fd = 8
Socket not ready, repolling fd = 8
Socket not ready, repolling fd = 8
Socket not ready, repolling fd = 8
Socket not ready, repolling fd = 8
Socket not ready, repolling fd = 8
Socket not ready, repolling fd = 8
Socket not ready, repolling fd = 8
Socket not ready, repolling fd = 8
Socket not ready, repolling fd = 8
Socket not ready, repolling fd = 8
Socket not ready, repolling fd = 8
Socket not ready, repolling fd = 8
Socket not ready, repolling fd = 8
Socket not ready, repolling fd = 8
Socket not ready, repolling fd = 8
Socket not ready, repolling fd = 8
Socket not ready, repolling fd = 8
Socket not ready, repolling fd = 8
Socket not ready, repolling fd = 8
Socket not ready, repolling fd = 8
Socket not ready, repolling fd = 8
Socket not ready, repolling fd = 8
Socket not ready, repolling fd = 8
Socket not ready, repolling fd = 8
Socket not ready, repolling fd = 8
Socket not ready, repolling fd = 8
Socket not ready, repolling fd = 8
Socket not ready, repolling fd = 8
Socket not ready, repolling fd = 8
Socket not ready, repolling fd = 8
Socket not ready, repolling fd = 8
Socket not ready, repolling fd = 8
Socket not ready, repolling fd = 8
Socket not ready, repolling fd = 8
Socket not ready, repolling fd = 8
Socket not ready, repolling fd = 8
Socket not ready, repolling fd = 8
Socket not ready, repolling fd = 8
Socket not ready, repolling fd = 8
Socket not ready, repolling fd = 8
Socket not ready, repolling fd = 8
Socket not ready, repolling fd = 8
Socket not ready, repolling fd = 8
Socket not ready, repolling fd = 8
Socket not ready, repolling fd = 8
Socket not ready, repolling fd = 8
Socket not ready, repolling fd = 8
Socket not ready, repolling fd = 8
Socket not ready, repolling fd = 8
Socket not ready, repolling fd = 8
Socket not ready, repolling fd = 8
Socket not ready, repolling fd = 8
Socket not ready, repolling fd = 8
Socket not ready, repolling fd = 8
Socket not ready, repolling fd = 8
Socket not ready, repolling fd = 8
Socket not ready, repolling fd = 8
Socket not ready, repolling fd = 8
Socket not ready, repolling fd = 8
Socket not ready, repolling fd = 8
Socket not ready, repolling fd = 8
Socket not ready, repolling fd = 8
Socket not ready, repolling fd = 8
Socket not ready, repolling fd = 8
Socket not ready, repolling fd = 8
Socket not ready, repolling fd = 8
Socket not ready, repolling fd = 8
Socket not ready, repolling fd = 8
Socket not ready, repolling fd = 8
Socket not ready, repolling fd = 8
Socket not ready, repolling fd = 8
Socket not ready, repolling fd = 8
Socket not ready, repolling fd = 8
Socket not ready, repolling fd = 8
Socket not ready, repolling fd = 8
Socket not ready, repolling fd = 8
Socket not ready, repolling fd = 8
Socket not ready, repolling fd = 8
Socket not ready, repolling fd = 8
Socket not ready, repolling fd = 8
Socket not ready, repolling fd = 8
Socket not ready, repolling fd = 8
Socket not ready, repolling fd = 8
Socket not ready, repolling fd = 8
Socket not ready, repolling fd = 8
Socket not ready, repolling fd = 8
Socket not ready, repolling fd = 8
Socket not ready, repolling fd = 8
Socket not ready, repolling fd = 8
Socket not ready, repolling fd = 8
Socket not ready, repolling fd = 8
Socket not ready, repolling fd = 8
Socket not ready, repolling fd = 8
Socket not ready, repolling fd = 8
Socket not ready, repolling fd = 8
Socket not ready, repolling fd = 8
Socket not ready, repolling fd = 8
Socket not ready, repolling fd = 8
Socket not ready, repolling fd = 8
Socket not ready, repolling fd = 8
Socket not ready, repolling fd = 8
Socket not ready, repolling fd = 8
Socket not ready, repolling fd = 8
Socket not ready, repolling fd = 8
Socket not ready, repolling fd = 8
Socket not ready, repolling fd = 8
Socket not ready, repolling fd = 8
Socket not ready, repolling fd = 8
Socket not ready, repolling fd = 8
Socket not ready, repolling fd = 8
Socket not ready, repolling fd = 8
Socket not ready, repolling fd = 8
Socket not ready, repolling fd = 8
Socket not ready, repolling fd = 8
Socket not ready, repolling fd = 8
Socket not ready, repolling fd = 8
Socket not ready, repolling fd = 8
Socket not ready, repolling fd = 8
Socket not ready, repolling fd = 8
Socket not ready, repolling fd = 8
Socket not ready, repolling fd = 8
Socket not ready, repolling fd = 8
Socket not ready, repolling fd = 8
Socket not ready, repolling fd = 8
Socket not ready, repolling fd = 8
Socket not ready, repolling fd = 8
Socket not ready, repolling fd = 8
Socket not ready, repolling fd = 8
Socket not ready, repolling fd = 8
Socket not ready, repolling fd = 8
Socket not ready, repolling fd = 8
Socket not ready, repolling fd = 8
Socket not ready, repolling fd = 8
Socket not ready, repolling fd = 8
Socket not ready, repolling fd = 8
Socket not ready, repolling fd = 8
Socket not ready, repolling fd = 8
Socket not ready, repolling fd = 8
Socket not ready, repolling fd = 8
Socket not ready, repolling fd = 8
Socket not ready, repolling fd = 8
Socket not ready, repolling fd = 8
Socket not ready, repolling fd = 8
Socket not ready, repolling fd = 8
Socket not ready, repolling fd = 8
Socket not ready, repolling fd = 8
Socket not ready, repolling fd = 8
Socket not ready, repolling fd = 8
Socket not ready, repolling fd = 7
Socket not ready, repolling fd = 9
Socket not ready, repolling fd = 9
Socket not ready, repolling fd = 9
Socket not ready, repolling fd = 9
Socket not ready, repolling fd = 9
Socket not ready, repolling fd = 9
Socket not ready, repolling fd = 9
Socket not ready, repolling fd = 9
Socket not ready, repolling fd = 9
Socket not ready, repolling fd = 9
Socket not ready, repolling fd = 9
Socket not ready, repolling fd = 9
Socket not ready, repolling fd = 9
Socket not ready, repolling fd = 9
Socket not ready, repolling fd = 9
Socket not ready, repolling fd = 9
Socket not ready, repolling fd = 9
Socket not ready, repolling fd = 9
Socket not ready, repolling fd = 9
Socket not ready, repolling fd = 9
Socket not ready, repolling fd = 9
Socket not ready, repolling fd = 9
Socket not ready, repolling fd = 9
Socket not ready, repolling fd = 9
Socket not ready, repolling fd = 9
Socket not ready, repolling fd = 9
Socket not ready, repolling fd = 9
Socket not ready, repolling fd = 9
Socket not ready, repolling fd = 9
Socket not ready, repolling fd = 9
Socket not ready, repolling fd = 9
Socket not ready, repolling fd = 9
Socket not ready, repolling fd = 9
Socket not ready, repolling fd = 9
Socket not ready, repolling fd = 9
Socket not ready, repolling fd = 9
Socket not ready, repolling fd = 9
Socket not ready, repolling fd = 9
Socket not ready, repolling fd = 9
Socket not ready, repolling fd = 9
Socket not ready, repolling fd = 9
Socket not ready, repolling fd = 9
Socket not ready, repolling fd = 9
Socket not ready, repolling fd = 9
Socket not ready, repolling fd = 9
Socket not ready, repolling fd = 9
Socket not ready, repolling fd = 9
Socket not ready, repolling fd = 9
Socket not ready, repolling fd = 9
Socket not ready, repolling fd = 9
Socket not ready, repolling fd = 9
Socket not ready, repolling fd = 9
Socket not ready, repolling fd = 9
Socket not ready, repolling fd = 9
Socket not ready, repolling fd = 9
Socket not ready, repolling fd = 9
Socket not ready, repolling fd = 9
Socket not ready, repolling fd = 9
Socket not ready, repolling fd = 9
Socket not ready, repolling fd = 9
Socket not ready, repolling fd = 9
Socket not ready, repolling fd = 9
Socket not ready, repolling fd = 9
Socket not ready, repolling fd = 9
Socket not ready, repolling fd = 9
Socket not ready, repolling fd = 9
Socket not ready, repolling fd = 9
Socket not ready, repolling fd = 9
Socket not ready, repolling fd = 9
Socket not ready, repolling fd = 9
Socket not ready, repolling fd = 9
Socket not ready, repolling fd = 9
Socket not ready, repolling fd = 9
Socket not ready, repolling fd = 9
Socket not ready, repolling fd = 9
Socket not ready, repolling fd = 9
Socket not ready, repolling fd = 9
Socket not ready, repolling fd = 9
Socket not ready, repolling fd = 9
Socket not ready, repolling fd = 9
Socket not ready, repolling fd = 9
Socket not ready, repolling fd = 9
Socket not ready, repolling fd = 9
Socket not ready, repolling fd = 9
Socket not ready, repolling fd = 9
Socket not ready, repolling fd = 9
Socket not ready, repolling fd = 9
Socket not ready, repolling fd = 9
Socket not ready, repolling fd = 9
Socket not ready, repolling fd = 9
Socket not ready, repolling fd = 9
Socket not ready, repolling fd = 9
Socket not ready, repolling fd = 9
Socket not ready, repolling fd = 9
Socket not ready, repolling fd = 9
Socket not ready, repolling fd = 9
Socket not ready, repolling fd = 9
Socket not ready, repolling fd = 9
Socket not ready, repolling fd = 9
Socket not ready, repolling fd = 9
Socket not ready, repolling fd = 9
Socket not ready, repolling fd = 9
Socket not ready, repolling fd = 9
Socket not ready, repolling fd = 9
Socket not ready, repolling fd = 9
Socket not ready, repolling fd = 9
Socket not ready, repolling fd = 9
Socket not ready, repolling fd = 9
Socket not ready, repolling fd = 9
Socket not ready, repolling fd = 9
Socket not ready, repolling fd = 9
Socket not ready, repolling fd = 9
Socket not ready, repolling fd = 9
Socket not ready, repolling fd = 9
Socket not ready, repolling fd = 9
Socket not ready, repolling fd = 9
Socket not ready, repolling fd = 9
Socket not ready, repolling fd = 9
Socket not ready, repolling fd = 9
Socket not ready, repolling fd = 9
Socket not ready, repolling fd = 9
Socket not ready, repolling fd = 9
Socket not ready, repolling fd = 9
Socket not ready, repolling fd = 9
Socket not ready, repolling fd = 9
Socket not ready, repolling fd = 9
Socket not ready, repolling fd = 9
Socket not ready, repolling fd = 9
Socket not ready, repolling fd = 9
Socket not ready, repolling fd = 9
Socket not ready, repolling fd = 9
Socket not ready, repolling fd = 9
Socket not ready, repolling fd = 9
Socket not ready, repolling fd = 9
Socket not ready, repolling fd = 9
Socket not ready, repolling fd = 9
Socket not ready, repolling fd = 9
Socket not ready, repolling fd = 9
Socket not ready, repolling fd = 9
Socket not ready, repolling fd = 9
Socket not ready, repolling fd = 9
Socket not ready, repolling fd = 9
Socket not ready, repolling fd = 9
Socket not ready, repolling fd = 9
Socket not ready, repolling fd = 9
Socket not ready, repolling fd = 9
Socket not ready, repolling fd = 9
Socket not ready, repolling fd = 9
Socket not ready, repolling fd = 9
Socket not ready, repolling fd = 9
Socket not ready, repolling fd = 9
Socket not ready, repolling fd = 9
Socket not ready, repolling fd = 9
Socket not ready, repolling fd = 9
Socket not ready, repolling fd = 9
Socket not ready, repolling fd = 9
Socket not ready, repolling fd = 9
Socket not ready, repolling fd = 9
Socket not ready, repolling fd = 9
Socket not ready, repolling fd = 9
Socket not ready, repolling fd = 9
Socket not ready, repolling fd = 9
Socket not ready, repolling fd = 9
Socket not ready, repolling fd = 9
Socket not ready, repolling fd = 9
Socket not ready, repolling fd = 9
Socket not ready, repolling fd = 9
Socket not ready, repolling fd = 9
Socket not ready, repolling fd = 9
Socket not ready, repolling fd = 9
Socket not ready, repolling fd = 9
Socket not ready, repolling fd = 9
Socket not ready, repolling fd = 9
Socket not ready, repolling fd = 9
Socket not ready, repolling fd = 9
Socket not ready, repolling fd = 9
Socket not ready, repolling fd = 9
Socket not ready, repolling fd = 9
Socket not ready, repolling fd = 9
Socket not ready, repolling fd = 9
Socket not ready, repolling fd = 9
Socket not ready, repolling fd = 9
Socket not ready, repolling fd = 9
Socket not ready, repolling fd = 9
Socket not ready, repolling fd = 9
Socket not ready, repolling fd = 9
Socket not ready, repolling fd = 9
Socket not ready, repolling fd = 9
Socket not ready, repolling fd = 9
Socket not ready, repolling fd = 9
Socket not ready, repolling fd = 9
Socket not ready, repolling fd = 9
Socket not ready, repolling fd = 9
Socket not ready, repolling fd = 9
Socket not ready, repolling fd = 9
Socket not ready, repolling fd = 9
Socket not ready, repolling fd = 9
Socket not ready, repolling fd = 9
Socket not ready, repolling fd = 9
Socket not ready, repolling fd = 9
Socket not ready, repolling fd = 9
Socket not ready, repolling fd = 9
Socket not ready, repolling fd = 9
Socket not ready, repolling fd = 9
Socket not ready, repolling fd = 9
Socket not ready, repolling fd = 9
Socket not ready, repolling fd = 9
Socket not ready, repolling fd = 9
Socket not ready, repolling fd = 9
Socket not ready, repolling fd = 9
Socket not ready, repolling fd = 9
Socket not ready, repolling fd = 9
Socket not ready, repolling fd = 9
Socket not ready, repolling fd = 9
Socket not ready, repolling fd = 9
Socket not ready, repolling fd = 9
Socket not ready, repolling fd = 9
Socket not ready, repolling fd = 9
Socket not ready, repolling fd = 9
Socket not ready, repolling fd = 9
Socket not ready, repolling fd = 9
Socket not ready, repolling fd = 9
Socket not ready, repolling fd = 9
Socket not ready, repolling fd = 9
Socket not ready, repolling fd = 9
Socket not ready, repolling fd = 9
Socket not ready, repolling fd = 9
Socket not ready, repolling fd = 9
Socket not ready, repolling fd = 9
Socket not ready, repolling fd = 9
Socket not ready, repolling fd = 9
Socket not ready, repolling fd = 9
Socket not ready, repolling fd = 9
Socket not ready, repolling fd = 9
Socket not ready, repolling fd = 9
Socket not ready, repolling fd = 9
Socket not ready, repolling fd = 9
Socket not ready, repolling fd = 9
Socket not ready, repolling fd = 9
Socket not ready, repolling fd = 9
Socket not ready, repolling fd = 9
Socket not ready, repolling fd = 9
Socket not ready, repolling fd = 9
Socket not ready, repolling fd = 9
Socket not ready, repolling fd = 9
Socket not ready, repolling fd = 9
Socket not ready, repolling fd = 9
Socket not ready, repolling fd = 9
Socket not ready, repolling fd = 9
Socket not ready, repolling fd = 9
Socket not ready, repolling fd = 9
Socket not ready, repolling fd = 9
Socket not ready, repolling fd = 9
Socket not ready, repolling fd = 9
Socket not ready, repolling fd = 9
Socket not ready, repolling fd = 9
Socket not ready, repolling fd = 9
Socket not ready, repolling fd = 9
Socket not ready, repolling fd = 9
Socket not ready, repolling fd = 9
Socket not ready, repolling fd = 9
Socket not ready, repolling fd = 9
Socket not ready, repolling fd = 9
Socket not ready, repolling fd = 9
Socket not ready, repolling fd = 9
Socket not ready, repolling fd = 9
Socket not ready, repolling fd = 9
Socket not ready, repolling fd = 9
Socket not ready, repolling fd = 9
Socket not ready, repolling fd = 9
Socket not ready, repolling fd = 9
Socket not ready, repolling fd = 9
Socket not ready, repolling fd = 9
Socket not ready, repolling fd = 9
Socket not ready, repolling fd = 9
Socket not ready, repolling fd = 9
Socket not ready, repolling fd = 9
Socket not ready, repolling fd = 9
Socket not ready, repolling fd = 9
Socket not ready, repolling fd = 9
Socket not ready, repolling fd = 9
Socket not ready, repolling fd = 9
Socket not ready, repolling fd = 8
Socket not ready, repolling fd = 8
Socket not ready, repolling fd = 8
Socket not ready, repolling fd = 8
Socket not ready, repolling fd = 8
Socket not ready, repolling fd = 8
Socket not ready, repolling fd = 8
Socket not ready, repolling fd = 8
Socket not ready, repolling fd = 8
Socket not ready, repolling fd = 8
Socket not ready, repolling fd = 8
Socket not ready, repolling fd = 8
Socket not ready, repolling fd = 8
Socket not ready, repolling fd = 8
Socket not ready, repolling fd = 8
Socket not ready, repolling fd = 8
Socket not ready, repolling fd = 8
Socket not ready, repolling fd = 8
Socket not ready, repolling fd = 8
Socket not ready, repolling fd = 8
Socket not ready, repolling fd = 8
Socket not ready, repolling fd = 8
Socket not ready, repolling fd = 8
Socket not ready, repolling fd = 8
Socket not ready, repolling fd = 8
Socket not ready, repolling fd = 8
Socket not ready, repolling fd = 8
Socket not ready, repolling fd = 8
Socket not ready, repolling fd = 8
Socket not ready, repolling fd = 8
Socket not ready, repolling fd = 8
Socket not ready, repolling fd = 8
Socket not ready, repolling fd = 8
Socket not ready, repolling fd = 8
Socket not ready, repolling fd = 8
Socket not ready, repolling fd = 8
Socket not ready, repolling fd = 8
Socket not ready, repolling fd = 8
Socket not ready, repolling fd = 8
Socket not ready, repolling fd = 8
Socket not ready, repolling fd = 8
Socket not ready, repolling fd = 8
Socket not ready, repolling fd = 8
Socket not ready, repolling fd = 8
Socket not ready, repolling fd = 8
Socket not ready, repolling fd = 8
Socket not ready, repolling fd = 8
Socket not ready, repolling fd = 8
Socket not ready, repolling fd = 8
Socket not ready, repolling fd = 8
Socket not ready, repolling fd = 8
Socket not ready, repolling fd = 8
Socket not ready, repolling fd = 8
Socket not ready, repolling fd = 8
Socket not ready, repolling fd = 8
Socket not ready, repolling fd = 8
Socket not ready, repolling fd = 8
Socket not ready, repolling fd = 8
Socket not ready, repolling fd = 8
Socket not ready, repolling fd = 8
Socket not ready, repolling fd = 8
Socket not ready, repolling fd = 8
Socket not ready, repolling fd = 8
Socket not ready, repolling fd = 8
Socket not ready, repolling fd = 8
Socket not ready, repolling fd = 8
Socket not ready, repolling fd = 8
Socket not ready, repolling fd = 8
Socket not ready, repolling fd = 8
Socket not ready, repolling fd = 8
Socket not ready, repolling fd = 8
Socket not ready, repolling fd = 8
Socket not ready, repolling fd = 8
Socket not ready, repolling fd = 8
Socket not ready, repolling fd = 8
Socket not ready, repolling fd = 8
Socket not ready, repolling fd = 8
Socket not ready, repolling fd = 8
Socket not ready, repolling fd = 8
Socket not ready, repolling fd = 8
Socket not ready, repolling fd = 8
Socket not ready, repolling fd = 8
Socket not ready, repolling fd = 8
Socket not ready, repolling fd = 8
Socket not ready, repolling fd = 8
Socket not ready, repolling fd = 8
Socket not ready, repolling fd = 8
Socket not ready, repolling fd = 8
Socket not ready, repolling fd = 8
Socket not ready, repolling fd = 8
Socket not ready, repolling fd = 8
Socket not ready, repolling fd = 8
Socket not ready, repolling fd = 8
Socket not ready, repolling fd = 8
Socket not ready, repolling fd = 8
Socket not ready, repolling fd = 8
Socket not ready, repolling fd = 8
Socket not ready, repolling fd = 8
Socket not ready, repolling fd = 8
Socket not ready, repolling fd = 8
Socket not ready, repolling fd = 8
Socket not ready, repolling fd = 8
Socket not ready, repolling fd = 8
Socket not ready, repolling fd = 8
Socket not ready, repolling fd = 8
Socket not ready, repolling fd = 8
Socket not ready, repolling fd = 8
Socket not ready, repolling fd = 8
Socket not ready, repolling fd = 8
Socket not ready, repolling fd = 8
Socket not ready, repolling fd = 8
Socket not ready, repolling fd = 8
Socket not ready, repolling fd = 8
Socket not ready, repolling fd = 8
Socket not ready, repolling fd = 8
Socket not ready, repolling fd = 8
Socket not ready, repolling fd = 8
Socket not ready, repolling fd = 8
Socket not ready, repolling fd = 8
Socket not ready, repolling fd = 8
Socket not ready, repolling fd = 8
Socket not ready, repolling fd = 8
Socket not ready, repolling fd = 8
Socket not ready, repolling fd = 8
Socket not ready, repolling fd = 8
Socket not ready, repolling fd = 8
Socket not ready, repolling fd = 8
Socket not ready, repolling fd = 8
Socket not ready, repolling fd = 8
Socket not ready, repolling fd = 8
Socket not ready, repolling fd = 8
Socket not ready, repolling fd = 8
Socket not ready, repolling fd = 8
Socket not ready, repolling fd = 8
Socket not ready, repolling fd = 8
Socket not ready, repolling fd = 8
Socket not ready, repolling fd = 8
Socket not ready, repolling fd = 8
Socket not ready, repolling fd = 8
Socket not ready, repolling fd = 8
Socket not ready, repolling fd = 8
Socket not ready, repolling fd = 8
Socket not ready, repolling fd = 8
Socket not ready, repolling fd = 8
Socket not ready, repolling fd = 8
Socket not ready, repolling fd = 8
Socket not ready, repolling fd = 8
Socket not ready, repolling fd = 8
Socket not ready, repolling fd = 8
Socket not ready, repolling fd = 8
Socket not ready, repolling fd = 8
Socket not ready, repolling fd = 8
Socket not ready, repolling fd = 8
Socket not ready, repolling fd = 8
Socket not ready, repolling fd = 8
Socket not ready, repolling fd = 8
Socket not ready, repolling fd = 8
Socket not ready, repolling fd = 8
Socket not ready, repolling fd = 8
Socket not ready, repolling fd = 8
Socket not ready, repolling fd = 8
Socket not ready, repolling fd = 8
Socket not ready, repolling fd = 8
Socket not ready, repolling fd = 8
Socket not ready, repolling fd = 8
Socket not ready, repolling fd = 8
Socket not ready, repolling fd = 8
Socket not ready, repolling fd = 8
Socket not ready, repolling fd = 8
Socket not ready, repolling fd = 8
Socket not ready, repolling fd = 8
Socket not ready, repolling fd = 8
Socket not ready, repolling fd = 8
Socket not ready, repolling fd = 8
Socket not ready, repolling fd = 8
Socket not ready, repolling fd = 8
Socket not ready, repolling fd = 8
Socket not ready, repolling fd = 8
Socket not ready, repolling fd = 8
Socket not ready, repolling fd = 8
Socket not ready, repolling fd = 8
Socket not ready, repolling fd = 8
Socket not ready, repolling fd = 8
Socket not ready, repolling fd = 8
Socket not ready, repolling fd = 8
Socket not ready, repolling fd = 8
Socket not ready, repolling fd = 8
Socket not ready, repolling fd = 8
Socket not ready, repolling fd = 8
Socket not ready, repolling fd = 8
Socket not ready, repolling fd = 8
Socket not ready, repolling fd = 8
Socket not ready, repolling fd = 8
Socket not ready, repolling fd = 8
Socket not ready, repolling fd = 8
Socket not ready, repolling fd = 8
Socket not ready, repolling fd = 8
Socket not ready, repolling fd = 8
Socket not ready, repolling fd = 8
Socket not ready, repolling fd = 8
Socket not ready, repolling fd = 8
Socket not ready, repolling fd = 8
Socket not ready, repolling fd = 8
Socket not ready, repolling fd = 8
Socket not ready, repolling fd = 8
Socket not ready, repolling fd = 8
Socket not ready, repolling fd = 8
Socket not ready, repolling fd = 8
Socket not ready, repolling fd = 8
Socket not ready, repolling fd = 8
Socket not ready, repolling fd = 8
Socket not ready, repolling fd = 8
Socket not ready, repolling fd = 8
Socket not ready, repolling fd = 8
Socket not ready, repolling fd = 8
Socket not ready, repolling fd = 8
Socket not ready, repolling fd = 8
Socket not ready, repolling fd = 8
Socket not ready, repolling fd = 8
Socket not ready, repolling fd = 8
Socket not ready, repolling fd = 8
Socket not ready, repolling fd = 8
Socket not ready, repolling fd = 8
Socket not ready, repolling fd = 8
Socket not ready, repolling fd = 8
Socket not ready, repolling fd = 8
Socket not ready, repolling fd = 8
Socket not ready, repolling fd = 8
Socket not ready, repolling fd = 8
Socket not ready, repolling fd = 8
Socket not ready, repolling fd = 8
Socket not ready, repolling fd = 8
Socket not ready, repolling fd = 8
Socket not ready, repolling fd = 8
Socket not ready, repolling fd = 8
Socket not ready, repolling fd = 8
Socket not ready, repolling fd = 8
Socket not ready, repolling fd = 8
Socket not ready, repolling fd = 8
Socket not ready, repolling fd = 8
Socket not ready, repolling fd = 8
Socket not ready, repolling fd = 8
Socket not ready, repolling fd = 8
Socket not ready, repolling fd = 8
Socket not ready, repolling fd = 8
Socket not ready, repolling fd = 8
Socket not ready, repolling fd = 8
Socket not ready, repolling fd = 8
Socket not ready, repolling fd = 8
Socket not ready, repolling fd = 8
Socket not ready, repolling fd = 8
Socket not ready, repolling fd = 8
Socket not ready, repolling fd = 8
Socket not ready, repolling fd = 8
Socket not ready, repolling fd = 8
Socket not ready, repolling fd = 8
Socket not ready, repolling fd = 8
Socket not ready, repolling fd = 8
Socket not ready, repolling fd = 8
Socket not ready, repolling fd = 8
Socket not ready, repolling fd = 8
Socket not ready, repolling fd = 8
Socket not ready, repolling fd = 8
Socket not ready, repolling fd = 8
Socket not ready, repolling fd = 8
Socket not ready, repolling fd = 8
Socket not ready, repolling fd = 8
Socket not ready, repolling fd = 8
Socket not ready, repolling fd = 8
Socket not ready, repolling fd = 8
Socket not ready, repolling fd = 8
Socket not ready, repolling fd = 8
Socket not ready, repolling fd = 8
Socket not ready, repolling fd = 8
Socket not ready, repolling fd = 8
Socket not ready, repolling fd = 8
Socket not ready, repolling fd = 8
Socket not ready, repolling fd = 8
Socket not ready, repolling fd = 8
Socket not ready, repolling fd = 8
Socket not ready, repolling fd = 8
Socket not ready, repolling fd = 8
Socket not ready, repolling fd = 8
Socket not ready, repolling fd = 8
Socket not ready, repolling fd = 8
Socket not ready, repolling fd = 8
Socket not ready, repolling fd = 8
Socket not ready, repolling fd = 8
Socket not ready, repolling fd = 8
Socket not ready, repolling fd = 8
Socket not ready, repolling fd = 8
Socket not ready, repolling fd = 8
Socket not ready, repolling fd = 8
Socket not ready, repolling fd = 8
Socket not ready, repolling fd = 8
Socket not ready, repolling fd = 8
Socket not ready, repolling fd = 8
Socket not ready, repolling fd = 8
Socket not ready, repolling fd = 8
Socket not ready, repolling fd = 8
Socket not ready, repolling fd = 8
Socket not ready, repolling fd = 8
Socket not ready, repolling fd = 8
Socket not ready, repolling fd = 8
Socket not ready, repolling fd = 8
Socket not ready, repolling fd = 8
Socket not ready, repolling fd = 8
Socket not ready, repolling fd = 8
Socket not ready, repolling fd = 8
Socket not ready, repolling fd = 8
Socket not ready, repolling fd = 8
Socket not ready, repolling fd = 8
Socket not ready, repolling fd = 8
Socket not ready, repolling fd = 8
Socket not ready, repolling fd = 8
Socket not ready, repolling fd = 8
Socket not ready, repolling fd = 8
Socket not ready, repolling fd = 8
Socket not ready, repolling fd = 8
Socket not ready, repolling fd = 8
Socket not ready, repolling fd = 8
Socket not ready, repolling fd = 8
Socket not ready, repolling fd = 8
Socket not ready, repolling fd = 8
Socket not ready, repolling fd = 8
Socket not ready, repolling fd = 8
Socket not ready, repolling fd = 8
Socket not ready, repolling fd = 8
Socket not ready, repolling fd = 8
Socket not ready, repolling fd = 8
Socket not ready, repolling fd = 8
Socket not ready, repolling fd = 8
Socket not ready, repolling fd = 8
Socket not ready, repolling fd = 8
Socket not ready, repolling fd = 8
Socket not ready, repolling fd = 8
Socket not ready, repolling fd = 8
Socket not ready, repolling fd = 8
Socket not ready, repolling fd = 8
Socket not ready, repolling fd = 8
Socket not ready, repolling fd = 8
Socket not ready, repolling fd = 8
Socket not ready, repolling fd = 8
Socket not ready, repolling fd = 8
Socket not ready, repolling fd = 8
Socket not ready, repolling fd = 8
Socket not ready, repolling fd = 8
Socket not ready, repolling fd = 8
Socket not ready, repolling fd = 8
Socket not ready, repolling fd = 8
Socket not ready, repolling fd = 8
Socket not ready, repolling fd = 8
Socket not ready, repolling fd = 8
Socket not ready, repolling fd = 8
Socket not ready, repolling fd = 8
Socket not ready, repolling fd = 8
Socket not ready, repolling fd = 8
Socket not ready, repolling fd = 8
Socket not ready, repolling fd = 8
Socket not ready, repolling fd = 8
Socket not ready, repolling fd = 8
Socket not ready, repolling fd = 8
Socket not ready, repolling fd = 8
Socket not ready, repolling fd = 8
Socket not ready, repolling fd = 8
Socket not ready, repolling fd = 8
Socket not ready, repolling fd = 8
Socket not ready, repolling fd = 8
Socket not ready, repolling fd = 8
Socket not ready, repolling fd = 8
Socket not ready, repolling fd = 8
Socket not ready, repolling fd = 8
Socket not ready, repolling fd = 8
Socket not ready, repolling fd = 8
Socket not ready, repolling fd = 8
Socket not ready, repolling fd = 8
Socket not ready, repolling fd = 8
Socket not ready, repolling fd = 8
Socket not ready, repolling fd = 8
Socket not ready, repolling fd = 8
Socket not ready, repolling fd = 8
Socket not ready, repolling fd = 8
Socket not ready, repolling fd = 8
Socket not ready, repolling fd = 8
Socket not ready, repolling fd = 8
Socket not ready, repolling fd = 8
Socket not ready, repolling fd = 8
Socket not ready, repolling fd = 8
Socket not ready, repolling fd = 8
Socket not ready, repolling fd = 8
Socket not ready, repolling fd = 8
Socket not ready, repolling fd = 8
Socket not ready, repolling fd = 8
Socket not ready, repolling fd = 8
Socket not ready, repolling fd = 8
Socket not ready, repolling fd = 8
Socket not ready, repolling fd = 8
Socket not ready, repolling fd = 8
Socket not ready, repolling fd = 8
Socket not ready, repolling fd = 8
Socket not ready, repolling fd = 8
Socket not ready, repolling fd = 8
Socket not ready, repolling fd = 8
Socket not ready, repolling fd = 8
Socket not ready, repolling fd = 8
Socket not ready, repolling fd = 8
Socket not ready, repolling fd = 8
Socket not ready, repolling fd = 8
Socket not ready, repolling fd = 8
Socket not ready, repolling fd = 8
Socket not ready, repolling fd = 8
Socket not ready, repolling fd = 8
Socket not ready, repolling fd = 8
Socket not ready, repolling fd = 8
Socket not ready, repolling fd = 8
Socket not ready, repolling fd = 8
Socket not ready, repolling fd = 8
Socket not ready, repolling fd = 8
Socket not ready, repolling fd = 8
Socket not ready, repolling fd = 8
Socket not ready, repolling fd = 8
Socket not ready, repolling fd = 8
Socket not ready, repolling fd = 8
Socket not ready, repolling fd = 8
Socket not ready, repolling fd = 8
Socket not ready, repolling fd = 8
Socket not ready, repolling fd = 8
Socket not ready, repolling fd = 8
Socket not ready, repolling fd = 8
Socket not ready, repolling fd = 9
Socket not ready, repolling fd = 9
Socket not ready, repolling fd = 9
Socket not ready, repolling fd = 9
Socket not ready, repolling fd = 9
Socket not ready, repolling fd = 9
Socket not ready, repolling fd = 9
Socket not ready, repolling fd = 9
Socket not ready, repolling fd = 9
Socket not ready, repolling fd = 9
Socket not ready, repolling fd = 9
Socket not ready, repolling fd = 9
Socket not ready, repolling fd = 9
Socket not ready, repolling fd = 9
Socket not ready, repolling fd = 9
Socket not ready, repolling fd = 9
Socket not ready, repolling fd = 9
Socket not ready, repolling fd = 9
Socket not ready, repolling fd = 9
Socket not ready, repolling fd = 9
Socket not ready, repolling fd = 9
Socket not ready, repolling fd = 9
Socket not ready, repolling fd = 9
Socket not ready, repolling fd = 9
Socket not ready, repolling fd = 9
Socket not ready, repolling fd = 9
Socket not ready, repolling fd = 9
Socket not ready, repolling fd = 9
Socket not ready, repolling fd = 9
Socket not ready, repolling fd = 9
Socket not ready, repolling fd = 9
Socket not ready, repolling fd = 9
Socket not ready, repolling fd = 9
Socket not ready, repolling fd = 9
Socket not ready, repolling fd = 9
Socket not ready, repolling fd = 9
Socket not ready, repolling fd = 9
Socket not ready, repolling fd = 9
Socket not ready, repolling fd = 9
Socket not ready, repolling fd = 9
Socket not ready, repolling fd = 9
Socket not ready, repolling fd = 9
Socket not ready, repolling fd = 9
Socket not ready, repolling fd = 9
Socket not ready, repolling fd = 9
Socket not ready, repolling fd = 9
Socket not ready, repolling fd = 9
Socket not ready, repolling fd = 9
Socket not ready, repolling fd = 9
Socket not ready, repolling fd = 9
Socket not ready, repolling fd = 9
Socket not ready, repolling fd = 9
Socket not ready, repolling fd = 9
Socket not ready, repolling fd = 9
Socket not ready, repolling fd = 9
Socket not ready, repolling fd = 9
Socket not ready, repolling fd = 9
Socket not ready, repolling fd = 9
Socket not ready, repolling fd = 9
Socket not ready, repolling fd = 9
Socket not ready, repolling fd = 9
Socket not ready, repolling fd = 9
Socket not ready, repolling fd = 9
Socket not ready, repolling fd = 9
Socket not ready, repolling fd = 9
Socket not ready, repolling fd = 9
Socket not ready, repolling fd = 9
Socket not ready, repolling fd = 9
Socket not ready, repolling fd = 9
Socket not ready, repolling fd = 9
Socket not ready, repolling fd = 9
Socket not ready, repolling fd = 9
Socket not ready, repolling fd = 9
Socket not ready, repolling fd = 9
Socket not ready, repolling fd = 9
Socket not ready, repolling fd = 9
Socket not ready, repolling fd = 9
Socket not ready, repolling fd = 9
Socket not ready, repolling fd = 9
Socket not ready, repolling fd = 9
Socket not ready, repolling fd = 9
Socket not ready, repolling fd = 9
Socket not ready, repolling fd = 9
Socket not ready, repolling fd = 9
Socket not ready, repolling fd = 9
Socket not ready, repolling fd = 9
Socket not ready, repolling fd = 9
Socket not ready, repolling fd = 9
Socket not ready, repolling fd = 9
Socket not ready, repolling fd = 9
Socket not ready, repolling fd = 9
Socket not ready, repolling fd = 9
Socket not ready, repolling fd = 9
Socket not ready, repolling fd = 9
Socket not ready, repolling fd = 9
Socket not ready, repolling fd = 9
Socket not ready, repolling fd = 9
Socket not ready, repolling fd = 9
Socket not ready, repolling fd = 9
Socket not ready, repolling fd = 9
Socket not ready, repolling fd = 9
Socket not ready, repolling fd = 9
Socket not ready, repolling fd = 9
Socket not ready, repolling fd = 9
Socket not ready, repolling fd = 9
Socket not ready, repolling fd = 9
Socket not ready, repolling fd = 9
Socket not ready, repolling fd = 9
Socket not ready, repolling fd = 9
Socket not ready, repolling fd = 9
Socket not ready, repolling fd = 9
Socket not ready, repolling fd = 9
Socket not ready, repolling fd = 9
Socket not ready, repolling fd = 9
Socket not ready, repolling fd = 9
Socket not ready, repolling fd = 9
Socket not ready, repolling fd = 9
Socket not ready, repolling fd = 9
Socket not ready, repolling fd = 9
Socket not ready, repolling fd = 9
Socket not ready, repolling fd = 9
Socket not ready, repolling fd = 9
Socket not ready, repolling fd = 9
Socket not ready, repolling fd = 9
Socket not ready, repolling fd = 9
Socket not ready, repolling fd = 9
Socket not ready, repolling fd = 9
Socket not ready, repolling fd = 9
Socket not ready, repolling fd = 9
Socket not ready, repolling fd = 9
Socket not ready, repolling fd = 9
Socket not ready, repolling fd = 9
Socket not ready, repolling fd = 9
Socket not ready, repolling fd = 9
Socket not ready, repolling fd = 9
Socket not ready, repolling fd = 9
Socket not ready, repolling fd = 9
Socket not ready, repolling fd = 9
Socket not ready, repolling fd = 9
Socket not ready, repolling fd = 9
Socket not ready, repolling fd = 9
Socket not ready, repolling fd = 9
Socket not ready, repolling fd = 9
Socket not ready, repolling fd = 9
Socket not ready, repolling fd = 9
Socket not ready, repolling fd = 9
Socket not ready, repolling fd = 9
Socket not ready, repolling fd = 9
Socket not ready, repolling fd = 9
Socket not ready, repolling fd = 9
Socket not ready, repolling fd = 9
Socket not ready, repolling fd = 9
Socket not ready, repolling fd = 9
Socket not ready, repolling fd = 9
Socket not ready, repolling fd = 9
Socket not ready, repolling fd = 9
Socket not ready, repolling fd = 9
Socket not ready, repolling fd = 9
Socket not ready, repolling fd = 9
Socket not ready, repolling fd = 9
Socket not ready, repolling fd = 9
Socket not ready, repolling fd = 9
Socket not ready, repolling fd = 9
Socket not ready, repolling fd = 9
Socket not ready, repolling fd = 9
Socket not ready, repolling fd = 9
Socket not ready, repolling fd = 9
Socket not ready, repolling fd = 9
Socket not ready, repolling fd = 9
Socket not ready, repolling fd = 9
Socket not ready, repolling fd = 9
Socket not ready, repolling fd = 9
Socket not ready, repolling fd = 9
Socket not ready, repolling fd = 9
Socket not ready, repolling fd = 9
Socket not ready, repolling fd = 9
Socket not ready, repolling fd = 9
Socket not ready, repolling fd = 9
Socket not ready, repolling fd = 9
Socket not ready, repolling fd = 9
Socket not ready, repolling fd = 9
Socket not ready, repolling fd = 9
Socket not ready, repolling fd = 9
Socket not ready, repolling fd = 9
Socket not ready, repolling fd = 9
Socket not ready, repolling fd = 9
Socket not ready, repolling fd = 9
Socket not ready, repolling fd = 9
Socket not ready, repolling fd = 9
Socket not ready, repolling fd = 9
Socket not ready, repolling fd = 9
Socket not ready, repolling fd = 9
Socket not ready, repolling fd = 9
Socket not ready, repolling fd = 9
Socket not ready, repolling fd = 9
Socket not ready, repolling fd = 9
Socket not ready, repolling fd = 9
Socket not ready, repolling fd = 9
Socket not ready, repolling fd = 9
Socket not ready, repolling fd = 9
Socket not ready, repolling fd = 9
Socket not ready, repolling fd = 9
Socket not ready, repolling fd = 9
Socket not ready, repolling fd = 9
Socket not ready, repolling fd = 9
Socket not ready, repolling fd = 9
Socket not ready, repolling fd = 9
Socket not ready, repolling fd = 9
Socket not ready, repolling fd = 9
Socket not ready, repolling fd = 9
Socket not ready, repolling fd = 9
Socket not ready, repolling fd = 9
Socket not ready, repolling fd = 9
Socket not ready, repolling fd = 9
Socket not ready, repolling fd = 9
Socket not ready, repolling fd = 9
Socket not ready, repolling fd = 9
Socket not ready, repolling fd = 9
Socket not ready, repolling fd = 9
Socket not ready, repolling fd = 9
Socket not ready, repolling fd = 9
Socket not ready, repolling fd = 9
Socket not ready, repolling fd = 9
Socket not ready, repolling fd = 9
Socket not ready, repolling fd = 9
Socket not ready, repolling fd = 9
Socket not ready, repolling fd = 9
Socket not ready, repolling fd = 9
Socket not ready, repolling fd = 9
Socket not ready, repolling fd = 9
Socket not ready, repolling fd = 9
Socket not ready, repolling fd = 9
Socket not ready, repolling fd = 9
Socket not ready, repolling fd = 9
Socket not ready, repolling fd = 9
Socket not ready, repolling fd = 9
Socket not ready, repolling fd = 9
Socket not ready, repolling fd = 9
Socket not ready, repolling fd = 9
Socket not ready, repolling fd = 9
Socket not ready, repolling fd = 9
Socket not ready, repolling fd = 9
Socket not ready, repolling fd = 9
Socket not ready, repolling fd = 9
Socket not ready, repolling fd = 9
Socket not ready, repolling fd = 9
Socket not ready, repolling fd = 9
Socket not ready, repolling fd = 9
Socket not ready, repolling fd = 9
Socket not ready, repolling fd = 9
Socket not ready, repolling fd = 9
Socket not ready, repolling fd = 9
Socket not ready, repolling fd = 9
Socket not ready, repolling fd = 9
Socket not ready, repolling fd = 7
Socket not ready, repolling fd = 7
Socket not ready, repolling fd = 7
Socket not ready, repolling fd = 7
Socket not ready, repolling fd = 7
Socket not ready, repolling fd = 7
Socket not ready, repolling fd = 7
Socket not ready, repolling fd = 7
Socket not ready, repolling fd = 7
Socket not ready, repolling fd = 7
Socket not ready, repolling fd = 7
Socket not ready, repolling fd = 7
Socket not ready, repolling fd = 7
Socket not ready, repolling fd = 7
Socket not ready, repolling fd = 7
Socket not ready, repolling fd = 7
Socket not ready, repolling fd = 7
Socket not ready, repolling fd = 7
Socket not ready, repolling fd = 7
Socket not ready, repolling fd = 7
Socket not ready, repolling fd = 7
Socket not ready, repolling fd = 7
Socket not ready, repolling fd = 7
Socket not ready, repolling fd = 7
Socket not ready, repolling fd = 7
Socket not ready, repolling fd = 7
Socket not ready, repolling fd = 7
Socket not ready, repolling fd = 7
Socket not ready, repolling fd = 7
Socket not ready, repolling fd = 7
Socket not ready, repolling fd = 7
Socket not ready, repolling fd = 7
Socket not ready, repolling fd = 7
Socket not ready, repolling fd = 7
Socket not ready, repolling fd = 7
Socket not ready, repolling fd = 7
Socket not ready, repolling fd = 7
Socket not ready, repolling fd = 7
Socket not ready, repolling fd = 7
Socket not ready, repolling fd = 7
Socket not ready, repolling fd = 7
Socket not ready, repolling fd = 7
Socket not ready, repolling fd = 7
Socket not ready, repolling fd = 7
Socket not ready, repolling fd = 7
Socket not ready, repolling fd = 7
Socket not ready, repolling fd = 7
Socket not ready, repolling fd = 7
Socket not ready, repolling fd = 7
Socket not ready, repolling fd = 7
Socket not ready, repolling fd = 7
Socket not ready, repolling fd = 7
Socket not ready, repolling fd = 7
Socket not ready, repolling fd = 7
Socket not ready, repolling fd = 7
Socket not ready, repolling fd = 7
Socket not ready, repolling fd = 7
Socket not ready, repolling fd = 7
Socket not ready, repolling fd = 7
Socket not ready, repolling fd = 7
Socket not ready, repolling fd = 7
Socket not ready, repolling fd = 7
Socket not ready, repolling fd = 7
Socket not ready, repolling fd = 7
Socket not ready, repolling fd = 7
Socket not ready, repolling fd = 7
Socket not ready, repolling fd = 7
Socket not ready, repolling fd = 7
Socket not ready, repolling fd = 7
Socket not ready, repolling fd = 7
Socket not ready, repolling fd = 7
Socket not ready, repolling fd = 7
Socket not ready, repolling fd = 7
Socket not ready, repolling fd = 7
Socket not ready, repolling fd = 7
Socket not ready, repolling fd = 7
Socket not ready, repolling fd = 7
Socket not ready, repolling fd = 7
Socket not ready, repolling fd = 7
Socket not ready, repolling fd = 7
Socket not ready, repolling fd = 7
Socket not ready, repolling fd = 7
Socket not ready, repolling fd = 7
Socket not ready, repolling fd = 7
Socket not ready, repolling fd = 7
Socket not ready, repolling fd = 7
Socket not ready, repolling fd = 7
Socket not ready, repolling fd = 7
Socket not ready, repolling fd = 7
Socket not ready, repolling fd = 7
Socket not ready, repolling fd = 7
Socket not ready, repolling fd = 7
Socket not ready, repolling fd = 7
Socket not ready, repolling fd = 7
Socket not ready, repolling fd = 7
Socket not ready, repolling fd = 7
Socket not ready, repolling fd = 7
Socket not ready, repolling fd = 7
Socket not ready, repolling fd = 7
Socket not ready, repolling fd = 7
Socket not ready, repolling fd = 7
Socket not ready, repolling fd = 7
Socket not ready, repolling fd = 7
Socket not ready, repolling fd = 7
Socket not ready, repolling fd = 7
Socket not ready, repolling fd = 7
Socket not ready, repolling fd = 7
Socket not ready, repolling fd = 7
Socket not ready, repolling fd = 7
Socket not ready, repolling fd = 7
Socket not ready, repolling fd = 7
Socket not ready, repolling fd = 7
Socket not ready, repolling fd = 7
Socket not ready, repolling fd = 7
Socket not ready, repolling fd = 7
Socket not ready, repolling fd = 7
Socket not ready, repolling fd = 7
Socket not ready, repolling fd = 7
Socket not ready, repolling fd = 7
Socket not ready, repolling fd = 7
Socket not ready, repolling fd = 7
Socket not ready, repolling fd = 7
Socket not ready, repolling fd = 7
Socket not ready, repolling fd = 7
Socket not ready, repolling fd = 7
Socket not ready, repolling fd = 7
Socket not ready, repolling fd = 7
Socket not ready, repolling fd = 7
Socket not ready, repolling fd = 7
Socket not ready, repolling fd = 7
Socket not ready, repolling fd = 7
Socket not ready, repolling fd = 7
Socket not ready, repolling fd = 7
Socket not ready, repolling fd = 7
Socket not ready, repolling fd = 7
Socket not ready, repolling fd = 7
Socket not ready, repolling fd = 7
Socket not ready, repolling fd = 7
Socket not ready, repolling fd = 7
Socket not ready, repolling fd = 7
Socket not ready, repolling fd = 7
Socket not ready, repolling fd = 7
Socket not ready, repolling fd = 7
Socket not ready, repolling fd = 7
Socket not ready, repolling fd = 7
Socket not ready, repolling fd = 7
Socket not ready, repolling fd = 7
Socket not ready, repolling fd = 7
Socket not ready, repolling fd = 7
Socket not ready, repolling fd = 7
Socket not ready, repolling fd = 7
Socket not ready, repolling fd = 7
Socket not ready, repolling fd = 7
Socket not ready, repolling fd = 7
Socket not ready, repolling fd = 7
Socket not ready, repolling fd = 7
Socket not ready, repolling fd = 7
Socket not ready, repolling fd = 7
Socket not ready, repolling fd = 7
Socket not ready, repolling fd = 7
Socket not ready, repolling fd = 7
Socket not ready, repolling fd = 7
Socket not ready, repolling fd = 7
Socket not ready, repolling fd = 7
Socket not ready, repolling fd = 7
Socket not ready, repolling fd = 7
Socket not ready, repolling fd = 7
Socket not ready, repolling fd = 7
Socket not ready, repolling fd = 7
Socket not ready, repolling fd = 7
Socket not ready, repolling fd = 7
Socket not ready, repolling fd = 7
Socket not ready, repolling fd = 7
Socket not ready, repolling fd = 7
Socket not ready, repolling fd = 7
Socket not ready, repolling fd = 7
Socket not ready, repolling fd = 7
Socket not ready, repolling fd = 7
Socket not ready, repolling fd = 7
Socket not ready, repolling fd = 7
Socket not ready, repolling fd = 7
Socket not ready, repolling fd = 7
Socket not ready, repolling fd = 7
Socket not ready, repolling fd = 7
Socket not ready, repolling fd = 7
Socket not ready, repolling fd = 7
Socket not ready, repolling fd = 7
Socket not ready, repolling fd = 7
Socket not ready, repolling fd = 7
Socket not ready, repolling fd = 7
Socket not ready, repolling fd = 7
Socket not ready, repolling fd = 7
Socket not ready, repolling fd = 7
Socket not ready, repolling fd = 7
Socket not ready, repolling fd = 7
Socket not ready, repolling fd = 7
Socket not ready, repolling fd = 7
Socket not ready, repolling fd = 7
Socket not ready, repolling fd = 7
Socket not ready, repolling fd = 7
Socket not ready, repolling fd = 7
Socket not ready, repolling fd = 7
Socket not ready, repolling fd = 7
Socket not ready, repolling fd = 7
Socket not ready, repolling fd = 7
Socket not ready, repolling fd = 7
Socket not ready, repolling fd = 7
Socket not ready, repolling fd = 7
Socket not ready, repolling fd = 7
Socket not ready, repolling fd = 7
Socket not ready, repolling fd = 7
Socket not ready, repolling fd = 7
Socket not ready, repolling fd = 7
Socket not ready, repolling fd = 7
Socket not ready, repolling fd = 7
Socket not ready, repolling fd = 7
Socket not ready, repolling fd = 7
Socket not ready, repolling fd = 7
Socket not ready, repolling fd = 7
Socket not ready, repolling fd = 7
Socket not ready, repolling fd = 7
Socket not ready, repolling fd = 7
Socket not ready, repolling fd = 7
Socket not ready, repolling fd = 7
Socket not ready, repolling fd = 7
Socket not ready, repolling fd = 7
Socket not ready, repolling fd = 7
Socket not ready, repolling fd = 7
Socket not ready, repolling fd = 7
Socket not ready, repolling fd = 7
Socket not ready, repolling fd = 7
Socket not ready, repolling fd = 7
Socket not ready, repolling fd = 7
Socket not ready, repolling fd = 7
Socket not ready, repolling fd = 7
Socket not ready, repolling fd = 7
Socket not ready, repolling fd = 7
Socket not ready, repolling fd = 7
Socket not ready, repolling fd = 7
Socket not ready, repolling fd = 7
Socket not ready, repolling fd = 7
Socket not ready, repolling fd = 7
Socket not ready, repolling fd = 7
Socket not ready, repolling fd = 7
Socket not ready, repolling fd = 7
Socket not ready, repolling fd = 7
Socket not ready, repolling fd = 7
Socket not ready, repolling fd = 7
Socket not ready, repolling fd = 7
Socket not ready, repolling fd = 7
Socket not ready, repolling fd = 7
Socket not ready, repolling fd = 7
Socket not ready, repolling fd = 7
Socket not ready, repolling fd = 7
Socket not ready, repolling fd = 7
Socket not ready, repolling fd = 7
Socket not ready, repolling fd = 7
Socket not ready, repolling fd = 7
Socket not ready, repolling fd = 7
Socket not ready, repolling fd = 7
Socket not ready, repolling fd = 7
Socket not ready, repolling fd = 7
Socket not ready, repolling fd = 7
Socket not ready, repolling fd = 7
Socket not ready, repolling fd = 7
Socket not ready, repolling fd = 7
Socket not ready, repolling fd = 7
Socket not ready, repolling fd = 7
Socket not ready, repolling fd = 7
Socket not ready, repolling fd = 7
Socket not ready, repolling fd = 7
Socket not ready, repolling fd = 7
Socket not ready, repolling fd = 7
Socket not ready, repolling fd = 7
Socket not ready, repolling fd = 7
Socket not ready, repolling fd = 7
Socket not ready, repolling fd = 7
Socket not ready, repolling fd = 7
Socket not ready, repolling fd = 7
Socket not ready, repolling fd = 7
Socket not ready, repolling fd = 7
Socket not ready, repolling fd = 7
Socket not ready, repolling fd = 7
Socket not ready, repolling fd = 7
Socket not ready, repolling fd = 7
Socket not ready, repolling fd = 7
Socket not ready, repolling fd = 7
Socket not ready, repolling fd = 7
Socket not ready, repolling fd = 7
Socket not ready, repolling fd = 7
Socket not ready, repolling fd = 7
Socket not ready, repolling fd = 7
Socket not ready, repolling fd = 7
Socket not ready, repolling fd = 7
Socket not ready, repolling fd = 7
Socket not ready, repolling fd = 7
Socket not ready, repolling fd = 7
Socket not ready, repolling fd = 7
Socket not ready, repolling fd = 7
Socket not ready, repolling fd = 7
Socket not ready, repolling fd = 7
Socket not ready, repolling fd = 7
Socket not ready, repolling fd = 7
Socket not ready, repolling fd = 7
Socket not ready, repolling fd = 7
Socket not ready, repolling fd = 7
Socket not ready, repolling fd = 7
Socket not ready, repolling fd = 7
Socket not ready, repolling fd = 7
Socket not ready, repolling fd = 7
Socket not ready, repolling fd = 7
Socket not ready, repolling fd = 7
Socket not ready, repolling fd = 7
Socket not ready, repolling fd = 7
Socket not ready, repolling fd = 7
Socket not ready, repolling fd = 7
Socket not ready, repolling fd = 7
Socket not ready, repolling fd = 7
Socket not ready, repolling fd = 7
Socket not ready, repolling fd = 7
Socket not ready, repolling fd = 7
Socket not ready, repolling fd = 7
Socket not ready, repolling fd = 7
Socket not ready, repolling fd = 7
Socket not ready, repolling fd = 7
Socket not ready, repolling fd = 7
Socket not ready, repolling fd = 7
Socket not ready, repolling fd = 7
Socket not ready, repolling fd = 7
Socket not ready, repolling fd = 7
Socket not ready, repolling fd = 7
Socket not ready, repolling fd = 7
Socket not ready, repolling fd = 7
Socket not ready, repolling fd = 7
Socket not ready, repolling fd = 7
Socket not ready, repolling fd = 7
Socket not ready, repolling fd = 7
Socket not ready, repolling fd = 7
Socket not ready, repolling fd = 7
Socket not ready, repolling fd = 7
Socket not ready, repolling fd = 7
Socket not ready, repolling fd = 7
Socket not ready, repolling fd = 7
Socket not ready, repolling fd = 7
Socket not ready, repolling fd = 7
Socket not ready, repolling fd = 7
Socket not ready, repolling fd = 7
Socket not ready, repolling fd = 7
Socket not ready, repolling fd = 7
Socket not ready, repolling fd = 7
Socket not ready, repolling fd = 7
Socket not ready, repolling fd = 7
Socket not ready, repolling fd = 7
Socket not ready, repolling fd = 7
Socket not ready, repolling fd = 7
Socket not ready, repolling fd = 7
Socket not ready, repolling fd = 7
Socket not ready, repolling fd = 7
Socket not ready, repolling fd = 7
Socket not ready, repolling fd = 7
Socket not ready, repolling fd = 7
Socket not ready, repolling fd = 7
Socket not ready, repolling fd = 7
Socket not ready, repolling fd = 7
Socket not ready, repolling fd = 7
Socket not ready, repolling fd = 7
Socket not ready, repolling fd = 7
Socket not ready, repolling fd = 7
Socket not ready, repolling fd = 7
Socket not ready, repolling fd = 7
Socket not ready, repolling fd = 7
Socket not ready, repolling fd = 7
Socket not ready, repolling fd = 7
Socket not ready, repolling fd = 7
Socket not ready, repolling fd = 7
Socket not ready, repolling fd = 7
Socket not ready, repolling fd = 7
Socket not ready, repolling fd = 7
Socket not ready, repolling fd = 7
Socket not ready, repolling fd = 7
Socket not ready, repolling fd = 7
Socket not ready, repolling fd = 7
Socket not ready, repolling fd = 7
Socket not ready, repolling fd = 7
Socket not ready, repolling fd = 7
Socket not ready, repolling fd = 7
Socket not ready, repolling fd = 7
Socket not ready, repolling fd = 7
Socket not ready, repolling fd = 7
Socket not ready, repolling fd = 7
Socket not ready, repolling fd = 7
Socket not ready, repolling fd = 7
Socket not ready, repolling fd = 7
Socket not ready, repolling fd = 7
Socket not ready, repolling fd = 7
Socket not ready, repolling fd = 7
Socket not ready, repolling fd = 7
Socket not ready, repolling fd = 7
Socket not ready, repolling fd = 7
Socket not ready, repolling fd = 7
Socket not ready, repolling fd = 7
Socket not ready, repolling fd = 7
Socket not ready, repolling fd = 7
Socket not ready, repolling fd = 7
Socket not ready, repolling fd = 7
Socket not ready, repolling fd = 7
Socket not ready, repolling fd = 7
Socket not ready, repolling fd = 7
Socket not ready, repolling fd = 7
Socket not ready, repolling fd = 7
Socket not ready, repolling fd = 7
Socket not ready, repolling fd = 7
Socket not ready, repolling fd = 9
Socket not ready, repolling fd = 8
Socket not ready, repolling fd = 8
Socket not ready, repolling fd = 8
Socket not ready, repolling fd = 8
Socket not ready, repolling fd = 8
Socket not ready, repolling fd = 8
Socket not ready, repolling fd = 8
Socket not ready, repolling fd = 8
Socket not ready, repolling fd = 8
Socket not ready, repolling fd = 8
Socket not ready, repolling fd = 8
Socket not ready, repolling fd = 8
Socket not ready, repolling fd = 8
Socket not ready, repolling fd = 8
Socket not ready, repolling fd = 8
Socket not ready, repolling fd = 8
Socket not ready, repolling fd = 8
Socket not ready, repolling fd = 8
Socket not ready, repolling fd = 8
Socket not ready, repolling fd = 8
Socket not ready, repolling fd = 8
Socket not ready, repolling fd = 8
Socket not ready, repolling fd = 8
Socket not ready, repolling fd = 8
Socket not ready, repolling fd = 8
Socket not ready, repolling fd = 8
Socket not ready, repolling fd = 8
Socket not ready, repolling fd = 8
Socket not ready, repolling fd = 8
Socket not ready, repolling fd = 8
Socket not ready, repolling fd = 8
Socket not ready, repolling fd = 8
Socket not ready, repolling fd = 8
Socket not ready, repolling fd = 8
Socket not ready, repolling fd = 8
Socket not ready, repolling fd = 8
Socket not ready, repolling fd = 8
Socket not ready, repolling fd = 8
Socket not ready, repolling fd = 8
Socket not ready, repolling fd = 8
Socket not ready, repolling fd = 8
Socket not ready, repolling fd = 8
Socket not ready, repolling fd = 8
Socket not ready, repolling fd = 8
Socket not ready, repolling fd = 8
Socket not ready, repolling fd = 8
Socket not ready, repolling fd = 8
Socket not ready, repolling fd = 8
Socket not ready, repolling fd = 8
Socket not ready, repolling fd = 8
Socket not ready, repolling fd = 8
Socket not ready, repolling fd = 8
Socket not ready, repolling fd = 8
Socket not ready, repolling fd = 8
Socket not ready, repolling fd = 8
Socket not ready, repolling fd = 8
Socket not ready, repolling fd = 8
Socket not ready, repolling fd = 8
Socket not ready, repolling fd = 8
Socket not ready, repolling fd = 8
Socket not ready, repolling fd = 8
Socket not ready, repolling fd = 8
Socket not ready, repolling fd = 8
Socket not ready, repolling fd = 8
Socket not ready, repolling fd = 8
Socket not ready, repolling fd = 8
Socket not ready, repolling fd = 8
Socket not ready, repolling fd = 8
Socket not ready, repolling fd = 8
Socket not ready, repolling fd = 8
Socket not ready, repolling fd = 8
Socket not ready, repolling fd = 8
Socket not ready, repolling fd = 8
Socket not ready, repolling fd = 8
Socket not ready, repolling fd = 8
Socket not ready, repolling fd = 8
Socket not ready, repolling fd = 8
Socket not ready, repolling fd = 8
Socket not ready, repolling fd = 8
Socket not ready, repolling fd = 8
Socket not ready, repolling fd = 8
Socket not ready, repolling fd = 8
Socket not ready, repolling fd = 8
Socket not ready, repolling fd = 8
Socket not ready, repolling fd = 8
Socket not ready, repolling fd = 8
Socket not ready, repolling fd = 8
Socket not ready, repolling fd = 8
Socket not ready, repolling fd = 8
Socket not ready, repolling fd = 8
Socket not ready, repolling fd = 8
Socket not ready, repolling fd = 8
Socket not ready, repolling fd = 8
Socket not ready, repolling fd = 8
Socket not ready, repolling fd = 8
Socket not ready, repolling fd = 8
Socket not ready, repolling fd = 8
Socket not ready, repolling fd = 8
Socket not ready, repolling fd = 8
Socket not ready, repolling fd = 8
Socket not ready, repolling fd = 8
Socket not ready, repolling fd = 8
Socket not ready, repolling fd = 8
Socket not ready, repolling fd = 8
Socket not ready, repolling fd = 8
Socket not ready, repolling fd = 8
Socket not ready, repolling fd = 8
Socket not ready, repolling fd = 8
Socket not ready, repolling fd = 8
Socket not ready, repolling fd = 8
Socket not ready, repolling fd = 8
Socket not ready, repolling fd = 8
Socket not ready, repolling fd = 8
Socket not ready, repolling fd = 8
Socket not ready, repolling fd = 8
Socket not ready, repolling fd = 8
Socket not ready, repolling fd = 8
Socket not ready, repolling fd = 8
Socket not ready, repolling fd = 8
Socket not ready, repolling fd = 8
Socket not ready, repolling fd = 8
Socket not ready, repolling fd = 8
Socket not ready, repolling fd = 8
Socket not ready, repolling fd = 8
Socket not ready, repolling fd = 8
Socket not ready, repolling fd = 8
Socket not ready, repolling fd = 8
Socket not ready, repolling fd = 8
Socket not ready, repolling fd = 8
Socket not ready, repolling fd = 8
Socket not ready, repolling fd = 8
Socket not ready, repolling fd = 8
Socket not ready, repolling fd = 8
Socket not ready, repolling fd = 8
Socket not ready, repolling fd = 8
Socket not ready, repolling fd = 8
Socket not ready, repolling fd = 8
Socket not ready, repolling fd = 8
Socket not ready, repolling fd = 8
Socket not ready, repolling fd = 8
Socket not ready, repolling fd = 8
Socket not ready, repolling fd = 8
Socket not ready, repolling fd = 8
Socket not ready, repolling fd = 8
Socket not ready, repolling fd = 8
Socket not ready, repolling fd = 8
Socket not ready, repolling fd = 8
Socket not ready, repolling fd = 8
Socket not ready, repolling fd = 8
Socket not ready, repolling fd = 8
Socket not ready, repolling fd = 8
Socket not ready, repolling fd = 8
Socket not ready, repolling fd = 8
Socket not ready, repolling fd = 8
Socket not ready, repolling fd = 8
Socket not ready, repolling fd = 8
Socket not ready, repolling fd = 8
Socket not ready, repolling fd = 8
Socket not ready, repolling fd = 8
Socket not ready, repolling fd = 8
Socket not ready, repolling fd = 8
Socket not ready, repolling fd = 8
Socket not ready, repolling fd = 8
Socket not ready, repolling fd = 8
Socket not ready, repolling fd = 8
Socket not ready, repolling fd = 8
Socket not ready, repolling fd = 8
Socket not ready, repolling fd = 8
Socket not ready, repolling fd = 8
Socket not ready, repolling fd = 8
Socket not ready, repolling fd = 8
Socket not ready, repolling fd = 8
Socket not ready, repolling fd = 8
Socket not ready, repolling fd = 8
Socket not ready, repolling fd = 8
Socket not ready, repolling fd = 8
Socket not ready, repolling fd = 8
Socket not ready, repolling fd = 8
Socket not ready, repolling fd = 8
Socket not ready, repolling fd = 8
Socket not ready, repolling fd = 8
Socket not ready, repolling fd = 8
Socket not ready, repolling fd = 8
Socket not ready, repolling fd = 8
Socket not ready, repolling fd = 8
Socket not ready, repolling fd = 8
Socket not ready, repolling fd = 8
Socket not ready, repolling fd = 8
Socket not ready, repolling fd = 8
Socket not ready, repolling fd = 8
Socket not ready, repolling fd = 8
Socket not ready, repolling fd = 8
Socket not ready, repolling fd = 8
Socket not ready, repolling fd = 8
Socket not ready, repolling fd = 8
Socket not ready, repolling fd = 8
Socket not ready, repolling fd = 8
Socket not ready, repolling fd = 8
Socket not ready, repolling fd = 8
Socket not ready, repolling fd = 8
Socket not ready, repolling fd = 8
Socket not ready, repolling fd = 8
Socket not ready, repolling fd = 8
Socket not ready, repolling fd = 8
Socket not ready, repolling fd = 8
Socket not ready, repolling fd = 8
Socket not ready, repolling fd = 8
Socket not ready, repolling fd = 8
Socket not ready, repolling fd = 8
Socket not ready, repolling fd = 8
Socket not ready, repolling fd = 8
Socket not ready, repolling fd = 8
Socket not ready, repolling fd = 8
Socket not ready, repolling fd = 9
Socket not ready, repolling fd = 9
Socket not ready, repolling fd = 9
Socket not ready, repolling fd = 9
Socket not ready, repolling fd = 9
Socket not ready, repolling fd = 9
Socket not ready, repolling fd = 9
Socket not ready, repolling fd = 9
Socket not ready, repolling fd = 9
Socket not ready, repolling fd = 9
Socket not ready, repolling fd = 9
Socket not ready, repolling fd = 9
Socket not ready, repolling fd = 9
Socket not ready, repolling fd = 9
Socket not ready, repolling fd = 9
Socket not ready, repolling fd = 9
Socket not ready, repolling fd = 9
Socket not ready, repolling fd = 9
Socket not ready, repolling fd = 9
Socket not ready, repolling fd = 9
Socket not ready, repolling fd = 9
Socket not ready, repolling fd = 9
Socket not ready, repolling fd = 9
Socket not ready, repolling fd = 9
Socket not ready, repolling fd = 9
Socket not ready, repolling fd = 9
Socket not ready, repolling fd = 9
Socket not ready, repolling fd = 9
Socket not ready, repolling fd = 9
Socket not ready, repolling fd = 9
Socket not ready, repolling fd = 9
Socket not ready, repolling fd = 9
Socket not ready, repolling fd = 9
Socket not ready, repolling fd = 9
Socket not ready, repolling fd = 9
Socket not ready, repolling fd = 9
Socket not ready, repolling fd = 9
Socket not ready, repolling fd = 9
Socket not ready, repolling fd = 9
Socket not ready, repolling fd = 9
Socket not ready, repolling fd = 9
Socket not ready, repolling fd = 9
Socket not ready, repolling fd = 9
Socket not ready, repolling fd = 9
Socket not ready, repolling fd = 9
Socket not ready, repolling fd = 9
Socket not ready, repolling fd = 9
Socket not ready, repolling fd = 9
Socket not ready, repolling fd = 9
Socket not ready, repolling fd = 9
Socket not ready, repolling fd = 9
Socket not ready, repolling fd = 9
Socket not ready, repolling fd = 9
Socket not ready, repolling fd = 9
Socket not ready, repolling fd = 9
Socket not ready, repolling fd = 9
Socket not ready, repolling fd = 9
Socket not ready, repolling fd = 9
Socket not ready, repolling fd = 9
Socket not ready, repolling fd = 9
Socket not ready, repolling fd = 9
Socket not ready, repolling fd = 9
Socket not ready, repolling fd = 9
Socket not ready, repolling fd = 9
Socket not ready, repolling fd = 9
Socket not ready, repolling fd = 9
Socket not ready, repolling fd = 9
Socket not ready, repolling fd = 9
Socket not ready, repolling fd = 9
Socket not ready, repolling fd = 9
Socket not ready, repolling fd = 9
Socket not ready, repolling fd = 9
Socket not ready, repolling fd = 9
Socket not ready, repolling fd = 9
Socket not ready, repolling fd = 9
Socket not ready, repolling fd = 9
Socket not ready, repolling fd = 9
Socket not ready, repolling fd = 9
Socket not ready, repolling fd = 9
Socket not ready, repolling fd = 9
Socket not ready, repolling fd = 9
Socket not ready, repolling fd = 9
Socket not ready, repolling fd = 9
Socket not ready, repolling fd = 9
Socket not ready, repolling fd = 9
Socket not ready, repolling fd = 9
Socket not ready, repolling fd = 9
Socket not ready, repolling fd = 9
Socket not ready, repolling fd = 9
Socket not ready, repolling fd = 9
Socket not ready, repolling fd = 9
Socket not ready, repolling fd = 9
Socket not ready, repolling fd = 9
Socket not ready, repolling fd = 9
Socket not ready, repolling fd = 9
Socket not ready, repolling fd = 9
Socket not ready, repolling fd = 9
Socket not ready, repolling fd = 9
Socket not ready, repolling fd = 9
Socket not ready, repolling fd = 9
Socket not ready, repolling fd = 9
Socket not ready, repolling fd = 9
Socket not ready, repolling fd = 9
Socket not ready, repolling fd = 9
Socket not ready, repolling fd = 9
Socket not ready, repolling fd = 9
Socket not ready, repolling fd = 9
Socket not ready, repolling fd = 9
Socket not ready, repolling fd = 9
Socket not ready, repolling fd = 9
Socket not ready, repolling fd = 9
Socket not ready, repolling fd = 9
Socket not ready, repolling fd = 9
Socket not ready, repolling fd = 9
Socket not ready, repolling fd = 9
Socket not ready, repolling fd = 9
Socket not ready, repolling fd = 9
Socket not ready, repolling fd = 9
Socket not ready, repolling fd = 9
Socket not ready, repolling fd = 9
Socket not ready, repolling fd = 9
Socket not ready, repolling fd = 9
Socket not ready, repolling fd = 9
Socket not ready, repolling fd = 9
Socket not ready, repolling fd = 9
Socket not ready, repolling fd = 9
Socket not ready, repolling fd = 9
Socket not ready, repolling fd = 9
Socket not ready, repolling fd = 9
Socket not ready, repolling fd = 9
Socket not ready, repolling fd = 9
Socket not ready, repolling fd = 9
Socket not ready, repolling fd = 9
Socket not ready, repolling fd = 9
Socket not ready, repolling fd = 9
Socket not ready, repolling fd = 9
Socket not ready, repolling fd = 9
Socket not ready, repolling fd = 9
Socket not ready, repolling fd = 9
Socket not ready, repolling fd = 9
Socket not ready, repolling fd = 9
Socket not ready, repolling fd = 9
Socket not ready, repolling fd = 9
Socket not ready, repolling fd = 9
Socket not ready, repolling fd = 9
Socket not ready, repolling fd = 9
Socket not ready, repolling fd = 9
Socket not ready, repolling fd = 9
Socket not ready, repolling fd = 9
Socket not ready, repolling fd = 9
Socket not ready, repolling fd = 9
Socket not ready, repolling fd = 9
Socket not ready, repolling fd = 9
Socket not ready, repolling fd = 9
Socket not ready, repolling fd = 9
Socket not ready, repolling fd = 9
Socket not ready, repolling fd = 9
Socket not ready, repolling fd = 9
Socket not ready, repolling fd = 9
Socket not ready, repolling fd = 9
Socket not ready, repolling fd = 9
Socket not ready, repolling fd = 9
Socket not ready, repolling fd = 9
Socket not ready, repolling fd = 9
Socket not ready, repolling fd = 9
Socket not ready, repolling fd = 9
Socket not ready, repolling fd = 9
Socket not ready, repolling fd = 9
Socket not ready, repolling fd = 9
Socket not ready, repolling fd = 9
Socket not ready, repolling fd = 9
Socket not ready, repolling fd = 9
Socket not ready, repolling fd = 9
Socket not ready, repolling fd = 9
Socket not ready, repolling fd = 9
Socket not ready, repolling fd = 9
Socket not ready, repolling fd = 9
Socket not ready, repolling fd = 9
Socket not ready, repolling fd = 9
Socket not ready, repolling fd = 9
Socket not ready, repolling fd = 9
Socket not ready, repolling fd = 9
Socket not ready, repolling fd = 9
Socket not ready, repolling fd = 9
Socket not ready, repolling fd = 9
Socket not ready, repolling fd = 9
Socket not ready, repolling fd = 9
Socket not ready, repolling fd = 9
Socket not ready, repolling fd = 9
Socket not ready, repolling fd = 9
Socket not ready, repolling fd = 9
Socket not ready, repolling fd = 9
Socket not ready, repolling fd = 9
Socket not ready, repolling fd = 9
Socket not ready, repolling fd = 9
Socket not ready, repolling fd = 9
Socket not ready, repolling fd = 9
Socket not ready, repolling fd = 9
Socket not ready, repolling fd = 9
Socket not ready, repolling fd = 9
Socket not ready, repolling fd = 9
Socket not ready, repolling fd = 9
Socket not ready, repolling fd = 9
Socket not ready, repolling fd = 9
Socket not ready, repolling fd = 9
Socket not ready, repolling fd = 7
Socket not ready, repolling fd = 7
Socket not ready, repolling fd = 7
Socket not ready, repolling fd = 7
Socket not ready, repolling fd = 7
Socket not ready, repolling fd = 7
Socket not ready, repolling fd = 7
Socket not ready, repolling fd = 7
Socket not ready, repolling fd = 7
Socket not ready, repolling fd = 7
Socket not ready, repolling fd = 7
Socket not ready, repolling fd = 7
Socket not ready, repolling fd = 7
Socket not ready, repolling fd = 7
Socket not ready, repolling fd = 7
Socket not ready, repolling fd = 7
Socket not ready, repolling fd = 7
Socket not ready, repolling fd = 7
Socket not ready, repolling fd = 7
Socket not ready, repolling fd = 7
Socket not ready, repolling fd = 7
Socket not ready, repolling fd = 7
Socket not ready, repolling fd = 7
Socket not ready, repolling fd = 7
Socket not ready, repolling fd = 7
Socket not ready, repolling fd = 7
Socket not ready, repolling fd = 7
Socket not ready, repolling fd = 7
Socket not ready, repolling fd = 7
Socket not ready, repolling fd = 7
Socket not ready, repolling fd = 7
Socket not ready, repolling fd = 7
Socket not ready, repolling fd = 7
Socket not ready, repolling fd = 7
Socket not ready, repolling fd = 7
Socket not ready, repolling fd = 7
Socket not ready, repolling fd = 7
Socket not ready, repolling fd = 7
Socket not ready, repolling fd = 7
Socket not ready, repolling fd = 7
Socket not ready, repolling fd = 7
Socket not ready, repolling fd = 7
Socket not ready, repolling fd = 7
Socket not ready, repolling fd = 7
Socket not ready, repolling fd = 7
Socket not ready, repolling fd = 7
Socket not ready, repolling fd = 7
Socket not ready, repolling fd = 7
Socket not ready, repolling fd = 7
Socket not ready, repolling fd = 7
Socket not ready, repolling fd = 7
Socket not ready, repolling fd = 7
Socket not ready, repolling fd = 7
Socket not ready, repolling fd = 7
Socket not ready, repolling fd = 7
Socket not ready, repolling fd = 7
Socket not ready, repolling fd = 7
Socket not ready, repolling fd = 7
Socket not ready, repolling fd = 7
Socket not ready, repolling fd = 7
Socket not ready, repolling fd = 7
Socket not ready, repolling fd = 7
Socket not ready, repolling fd = 7
Socket not ready, repolling fd = 7
Socket not ready, repolling fd = 7
Socket not ready, repolling fd = 7
Socket not ready, repolling fd = 7
Socket not ready, repolling fd = 7
Socket not ready, repolling fd = 7
Socket not ready, repolling fd = 7
Socket not ready, repolling fd = 7
Socket not ready, repolling fd = 7
Socket not ready, repolling fd = 7
Socket not ready, repolling fd = 7
Socket not ready, repolling fd = 7
Socket not ready, repolling fd = 7
Socket not ready, repolling fd = 7
Socket not ready, repolling fd = 7
Socket not ready, repolling fd = 7
Socket not ready, repolling fd = 7
Socket not ready, repolling fd = 7
Socket not ready, repolling fd = 7
Socket not ready, repolling fd = 7
Socket not ready, repolling fd = 7
Socket not ready, repolling fd = 7
Socket not ready, repolling fd = 7
Socket not ready, repolling fd = 7
Socket not ready, repolling fd = 7
Socket not ready, repolling fd = 7
Socket not ready, repolling fd = 7
Socket not ready, repolling fd = 7
Socket not ready, repolling fd = 7
Socket not ready, repolling fd = 7
Socket not ready, repolling fd = 7
Socket not ready, repolling fd = 7
Socket not ready, repolling fd = 7
Socket not ready, repolling fd = 7
Socket not ready, repolling fd = 7
Socket not ready, repolling fd = 7
Socket not ready, repolling fd = 7
Socket not ready, repolling fd = 7
Socket not ready, repolling fd = 7
Socket not ready, repolling fd = 7
Socket not ready, repolling fd = 7
Socket not ready, repolling fd = 7
Socket not ready, repolling fd = 7
Socket not ready, repolling fd = 7
Socket not ready, repolling fd = 7
Socket not ready, repolling fd = 7
Socket not ready, repolling fd = 7
Socket not ready, repolling fd = 7
Socket not ready, repolling fd = 7
Socket not ready, repolling fd = 7
Socket not ready, repolling fd = 7
Socket not ready, repolling fd = 7
Socket not ready, repolling fd = 7
Socket not ready, repolling fd = 7
Socket not ready, repolling fd = 7
Socket not ready, repolling fd = 7
Socket not ready, repolling fd = 7
Socket not ready, repolling fd = 7
Socket not ready, repolling fd = 7
Socket not ready, repolling fd = 7
Socket not ready, repolling fd = 7
Socket not ready, repolling fd = 7
Socket not ready, repolling fd = 7
Socket not ready, repolling fd = 7
Socket not ready, repolling fd = 7
Socket not ready, repolling fd = 7
Socket not ready, repolling fd = 7
Socket not ready, repolling fd = 7
Socket not ready, repolling fd = 7
Socket not ready, repolling fd = 7
Socket not ready, repolling fd = 7
Socket not ready, repolling fd = 7
Socket not ready, repolling fd = 7
Socket not ready, repolling fd = 7
Socket not ready, repolling fd = 7
Socket not ready, repolling fd = 7
Socket not ready, repolling fd = 7
Socket not ready, repolling fd = 7
Socket not ready, repolling fd = 7
Socket not ready, repolling fd = 7
Socket not ready, repolling fd = 7
Socket not ready, repolling fd = 7
Socket not ready, repolling fd = 7
Socket not ready, repolling fd = 7
Socket not ready, repolling fd = 7
Socket not ready, repolling fd = 7
Socket not ready, repolling fd = 7
Socket not ready, repolling fd = 7
Socket not ready, repolling fd = 7
Socket not ready, repolling fd = 7
Socket not ready, repolling fd = 7
Socket not ready, repolling fd = 7
Socket not ready, repolling fd = 7
Socket not ready, repolling fd = 7
Socket not ready, repolling fd = 7
Socket not ready, repolling fd = 7
Socket not ready, repolling fd = 7
Socket not ready, repolling fd = 7
Socket not ready, repolling fd = 7
Socket not ready, repolling fd = 7
Socket not ready, repolling fd = 7
Socket not ready, repolling fd = 7
Socket not ready, repolling fd = 7
Socket not ready, repolling fd = 7
Socket not ready, repolling fd = 7
Socket not ready, repolling fd = 7
Socket not ready, repolling fd = 7
Socket not ready, repolling fd = 7
Socket not ready, repolling fd = 7
Socket not ready, repolling fd = 7
Socket not ready, repolling fd = 7
Socket not ready, repolling fd = 7
Socket not ready, repolling fd = 7
Socket not ready, repolling fd = 7
Socket not ready, repolling fd = 7
Socket not ready, repolling fd = 7
Socket not ready, repolling fd = 7
Socket not ready, repolling fd = 7
Socket not ready, repolling fd = 7
Socket not ready, repolling fd = 7
Socket not ready, repolling fd = 7
Socket not ready, repolling fd = 7
Socket not ready, repolling fd = 7
Socket not ready, repolling fd = 7
Socket not ready, repolling fd = 7
Socket not ready, repolling fd = 7
Socket not ready, repolling fd = 7
Socket not ready, repolling fd = 7
Socket not ready, repolling fd = 7
Socket not ready, repolling fd = 7
Socket not ready, repolling fd = 7
Socket not ready, repolling fd = 7
Socket not ready, repolling fd = 7
Socket not ready, repolling fd = 7
Socket not ready, repolling fd = 7
Socket not ready, repolling fd = 7
Socket not ready, repolling fd = 7
Socket not ready, repolling fd = 7
Socket not ready, repolling fd = 7
Socket not ready, repolling fd = 7
Socket not ready, repolling fd = 7
Socket not ready, repolling fd = 7
Socket not ready, repolling fd = 7
Socket not ready, repolling fd = 7
Socket not ready, repolling fd = 7
Socket not ready, repolling fd = 7
Socket not ready, repolling fd = 7
Socket not ready, repolling fd = 7
Socket not ready, repolling fd = 7
Socket not ready, repolling fd = 7
Socket not ready, repolling fd = 7
Socket not ready, repolling fd = 7
Socket not ready, repolling fd = 7
Socket not ready, repolling fd = 7
Socket not ready, repolling fd = 7
Socket not ready, repolling fd = 7
Socket not ready, repolling fd = 7
Socket not ready, repolling fd = 7
Socket not ready, repolling fd = 7
Socket not ready, repolling fd = 7
Socket not ready, repolling fd = 7
Socket not ready, repolling fd = 7
Socket not ready, repolling fd = 7
Socket not ready, repolling fd = 7
Socket not ready, repolling fd = 7
Socket not ready, repolling fd = 7
Socket not ready, repolling fd = 7
Socket not ready, repolling fd = 7
Socket not ready, repolling fd = 7
Socket not ready, repolling fd = 7
Socket not ready, repolling fd = 7
Socket not ready, repolling fd = 7
Socket not ready, repolling fd = 7
Socket not ready, repolling fd = 7
Socket not ready, repolling fd = 7
Socket not ready, repolling fd = 7
Socket not ready, repolling fd = 7
Socket not ready, repolling fd = 7
Socket not ready, repolling fd = 7
Socket not ready, repolling fd = 7
Socket not ready, repolling fd = 7
Socket not ready, repolling fd = 7
Socket not ready, repolling fd = 7
Socket not ready, repolling fd = 7
Socket not ready, repolling fd = 7
Socket not ready, repolling fd = 7
Socket not ready, repolling fd = 7
Socket not ready, repolling fd = 7
Socket not ready, repolling fd = 7
Socket not ready, repolling fd = 7
Socket not ready, repolling fd = 7
Socket not ready, repolling fd = 7
Socket not ready, repolling fd = 7
Socket not ready, repolling fd = 7
Socket not ready, repolling fd = 7
Socket not ready, repolling fd = 7
Socket not ready, repolling fd = 7
Socket not ready, repolling fd = 7
Socket not ready, repolling fd = 7
Socket not ready, repolling fd = 7
Socket not ready, repolling fd = 7
Socket not ready, repolling fd = 7
Socket not ready, repolling fd = 7
Socket not ready, repolling fd = 7
Socket not ready, repolling fd = 7
Socket not ready, repolling fd = 7
Socket not ready, repolling fd = 7
Socket not ready, repolling fd = 7
Socket not ready, repolling fd = 7
Socket not ready, repolling fd = 7
Socket not ready, repolling fd = 7
Socket not ready, repolling fd = 7
Socket not ready, repolling fd = 7
Socket not ready, repolling fd = 7
Socket not ready, repolling fd = 7
Socket not ready, repolling fd = 7
Socket not ready, repolling fd = 7
Socket not ready, repolling fd = 7
Socket not ready, repolling fd = 7
Socket not ready, repolling fd = 7
Socket not ready, repolling fd = 7
Socket not ready, repolling fd = 7
Socket not ready, repolling fd = 7
Socket not ready, repolling fd = 7
Socket not ready, repolling fd = 7
Socket not ready, repolling fd = 7
Socket not ready, repolling fd = 7
Socket not ready, repolling fd = 7
Socket not ready, repolling fd = 7
Socket not ready, repolling fd = 7
Socket not ready, repolling fd = 7
Socket not ready, repolling fd = 7
Socket not ready, repolling fd = 7
Socket not ready, repolling fd = 7
Socket not ready, repolling fd = 7
Socket not ready, repolling fd = 7
Socket not ready, repolling fd = 7
Socket not ready, repolling fd = 7
Socket not ready, repolling fd = 7
Socket not ready, repolling fd = 7
Socket not ready, repolling fd = 7
Socket not ready, repolling fd = 7
Socket not ready, repolling fd = 7
Socket not ready, repolling fd = 7
Socket not ready, repolling fd = 7
Socket not ready, repolling fd = 7
Socket not ready, repolling fd = 7
Socket not ready, repolling fd = 7
Socket not ready, repolling fd = 7
Socket not ready, repolling fd = 7
Socket not ready, repolling fd = 7
Socket not ready, repolling fd = 7
Socket not ready, repolling fd = 7
Socket not ready, repolling fd = 7
Socket not ready, repolling fd = 7
Socket not ready, repolling fd = 7
Socket not ready, repolling fd = 7
Socket not ready, repolling fd = 7
Socket not ready, repolling fd = 7
Socket not ready, repolling fd = 7
Socket not ready, repolling fd = 7
Socket not ready, repolling fd = 7
Socket not ready, repolling fd = 7
Socket not ready, repolling fd = 7
Socket not ready, repolling fd = 7
Socket not ready, repolling fd = 7
Socket not ready, repolling fd = 7
Socket not ready, repolling fd = 7
Socket not ready, repolling fd = 7
Socket not ready, repolling fd = 7
Socket not ready, repolling fd = 7
Socket not ready, repolling fd = 7
Socket not ready, repolling fd = 7
Socket not ready, repolling fd = 7
Socket not ready, repolling fd = 7
Socket not ready, repolling fd = 7
Socket not ready, repolling fd = 7
Socket not ready, repolling fd = 7
Socket not ready, repolling fd = 7
Socket not ready, repolling fd = 7
Socket not ready, repolling fd = 7
Socket not ready, repolling fd = 7
Socket not ready, repolling fd = 7
Socket not ready, repolling fd = 7
Socket not ready, repolling fd = 7
Socket not ready, repolling fd = 7
Socket not ready, repolling fd = 7
Socket not ready, repolling fd = 7
Socket not ready, repolling fd = 7
Socket not ready, repolling fd = 7
Socket not ready, repolling fd = 7
Socket not ready, repolling fd = 7
Socket not ready, repolling fd = 7
Socket not ready, repolling fd = 7
Socket not ready, repolling fd = 7
Socket not ready, repolling fd = 7
Socket not ready, repolling fd = 7
Socket not ready, repolling fd = 7
Socket not ready, repolling fd = 7
Socket not ready, repolling fd = 7
Socket not ready, repolling fd = 7
Socket not ready, repolling fd = 7
Socket not ready, repolling fd = 7
Socket not ready, repolling fd = 7
Socket not ready, repolling fd = 7
Socket not ready, repolling fd = 7
Socket not ready, repolling fd = 7
Socket not ready, repolling fd = 7
Socket not ready, repolling fd = 7
Socket not ready, repolling fd = 7
Socket not ready, repolling fd = 7
Socket not ready, repolling fd = 7
Socket not ready, repolling fd = 7
Socket not ready, repolling fd = 7
Socket not ready, repolling fd = 7
Socket not ready, repolling fd = 7
Socket not ready, repolling fd = 7
Socket not ready, repolling fd = 7
Socket not ready, repolling fd = 7
Socket not ready, repolling fd = 7
Socket not ready, repolling fd = 7
Socket not ready, repolling fd = 7
Socket not ready, repolling fd = 7
Socket not ready, repolling fd = 7
Socket not ready, repolling fd = 7
Socket not ready, repolling fd = 7
Socket not ready, repolling fd = 7
Socket not ready, repolling fd = 7
Socket not ready, repolling fd = 7
Socket not ready, repolling fd = 7
Socket not ready, repolling fd = 7
Socket not ready, repolling fd = 7
Socket not ready, repolling fd = 7
Socket not ready, repolling fd = 7
Socket not ready, repolling fd = 7
Socket not ready, repolling fd = 7
Socket not ready, repolling fd = 7
Socket not ready, repolling fd = 7
Socket not ready, repolling fd = 7
Socket not ready, repolling fd = 7
Socket not ready, repolling fd = 7
Socket not ready, repolling fd = 7
Socket not ready, repolling fd = 7
Socket not ready, repolling fd = 7
Socket not ready, repolling fd = 7
Socket not ready, repolling fd = 7
Socket not ready, repolling fd = 7
Socket not ready, repolling fd = 7
Socket not ready, repolling fd = 7
Socket not ready, repolling fd = 7
Socket not ready, repolling fd = 7
Socket not ready, repolling fd = 7
Socket not ready, repolling fd = 7
Socket not ready, repolling fd = 7
Socket not ready, repolling fd = 7
Socket not ready, repolling fd = 7
Socket not ready, repolling fd = 7
Socket not ready, repolling fd = 7
Socket not ready, repolling fd = 7
Socket not ready, repolling fd = 7
Socket not ready, repolling fd = 7
Socket not ready, repolling fd = 7
Socket not ready, repolling fd = 7
Socket not ready, repolling fd = 7
Socket not ready, repolling fd = 7
Socket not ready, repolling fd = 7
Socket not ready, repolling fd = 7
Socket not ready, repolling fd = 7
Socket not ready, repolling fd = 7
Socket not ready, repolling fd = 7
Socket not ready, repolling fd = 7
Socket not ready, repolling fd = 7
Socket not ready, repolling fd = 7
Socket not ready, repolling fd = 7
Socket not ready, repolling fd = 7
Socket not ready, repolling fd = 7
Socket not ready, repolling fd = 7
Socket not ready, repolling fd = 7
Socket not ready, repolling fd = 7
Socket not ready, repolling fd = 7
Socket not ready, repolling fd = 7
Socket not ready, repolling fd = 7
Socket not ready, repolling fd = 7
Socket not ready, repolling fd = 7
Socket not ready, repolling fd = 7
Socket not ready, repolling fd = 7
Socket not ready, repolling fd = 7
Socket not ready, repolling fd = 7
Socket not ready, repolling fd = 7
Socket not ready, repolling fd = 7
Socket not ready, repolling fd = 7
Socket not ready, repolling fd = 7
Socket not ready, repolling fd = 7
Socket not ready, repolling fd = 7
Socket not ready, repolling fd = 7
Socket not ready, repolling fd = 7
Socket not ready, repolling fd = 7
Socket not ready, repolling fd = 7
Socket not ready, repolling fd = 7
Socket not ready, repolling fd = 7
Socket not ready, repolling fd = 7
Socket not ready, repolling fd = 7
Socket not ready, repolling fd = 7
Socket not ready, repolling fd = 7
Socket not ready, repolling fd = 7
Socket not ready, repolling fd = 7
Socket not ready, repolling fd = 7
Socket not ready, repolling fd = 7
Socket not ready, repolling fd = 7
Socket not ready, repolling fd = 7
Socket not ready, repolling fd = 7
Socket not ready, repolling fd = 7
Socket not ready, repolling fd = 7
Socket not ready, repolling fd = 7
Socket not ready, repolling fd = 7
Socket not ready, repolling fd = 7
Socket not ready, repolling fd = 7
Socket not ready, repolling fd = 7
Socket not ready, repolling fd = 7
Socket not ready, repolling fd = 7
Socket not ready, repolling fd = 7
Socket not ready, repolling fd = 7
Socket not ready, repolling fd = 7
Socket not ready, repolling fd = 7
Socket not ready, repolling fd = 7
Socket not ready, repolling fd = 7
Socket not ready, repolling fd = 7
Socket not ready, repolling fd = 7
Socket not ready, repolling fd = 7
Socket not ready, repolling fd = 7
Socket not ready, repolling fd = 7
Socket not ready, repolling fd = 7
Socket not ready, repolling fd = 7
Socket not ready, repolling fd = 7
Socket not ready, repolling fd = 7
Socket not ready, repolling fd = 7
Socket not ready, repolling fd = 7
Socket not ready, repolling fd = 7
Socket not ready, repolling fd = 7
Socket not ready, repolling fd = 7
Socket not ready, repolling fd = 7
Socket not ready, repolling fd = 7
Socket not ready, repolling fd = 7
Socket not ready, repolling fd = 7
Socket not ready, repolling fd = 7
Socket not ready, repolling fd = 7
Socket not ready, repolling fd = 7
Socket not ready, repolling fd = 7
Socket not ready, repolling fd = 7
Socket not ready, repolling fd = 7
Socket not ready, repolling fd = 7
Socket not ready, repolling fd = 7
Socket not ready, repolling fd = 7
Socket not ready, repolling fd = 7
Socket not ready, repolling fd = 7
Socket not ready, repolling fd = 7
Socket not ready, repolling fd = 7
Socket not ready, repolling fd = 7
Socket not ready, repolling fd = 7
Socket not ready, repolling fd = 7
Socket not ready, repolling fd = 7
Socket not ready, repolling fd = 7
Socket not ready, repolling fd = 7
Socket not ready, repolling fd = 7
Socket not ready, repolling fd = 7
Socket not ready, repolling fd = 7
Socket not ready, repolling fd = 7
Socket not ready, repolling fd = 7
Socket not ready, repolling fd = 7
Socket not ready, repolling fd = 7
Socket not ready, repolling fd = 7
Socket not ready, repolling fd = 7
Socket not ready, repolling fd = 7
Socket not ready, repolling fd = 7
Socket not ready, repolling fd = 7
Socket not ready, repolling fd = 7
Socket not ready, repolling fd = 7
Socket not ready, repolling fd = 7
Socket not ready, repolling fd = 7
Socket not ready, repolling fd = 7
Socket not ready, repolling fd = 7
Socket not ready, repolling fd = 7
Socket not ready, repolling fd = 7
Socket not ready, repolling fd = 7
Socket not ready, repolling fd = 7
Socket not ready, repolling fd = 7
Socket not ready, repolling fd = 7
Socket not ready, repolling fd = 7
Socket not ready, repolling fd = 7
Socket not ready, repolling fd = 7
Socket not ready, repolling fd = 7
Socket not ready, repolling fd = 7
Socket not ready, repolling fd = 7
Socket not ready, repolling fd = 7
Socket not ready, repolling fd = 7
Socket not ready, repolling fd = 7
Socket not ready, repolling fd = 7
Socket not ready, repolling fd = 7
Socket not ready, repolling fd = 7
Socket not ready, repolling fd = 7
Socket not ready, repolling fd = 7
Socket not ready, repolling fd = 7
Socket not ready, repolling fd = 7
Socket not ready, repolling fd = 7
Socket not ready, repolling fd = 7
Socket not ready, repolling fd = 7
Socket not ready, repolling fd = 7
Socket not ready, repolling fd = 7
Socket not ready, repolling fd = 7
Socket not ready, repolling fd = 7
Socket not ready, repolling fd = 7
Socket not ready, repolling fd = 7
Socket not ready, repolling fd = 7
Socket not ready, repolling fd = 8
Socket not ready, repolling fd = 8
Socket not ready, repolling fd = 8
Socket not ready, repolling fd = 8
Socket not ready, repolling fd = 8
Socket not ready, repolling fd = 8
Socket not ready, repolling fd = 8
Socket not ready, repolling fd = 8
Socket not ready, repolling fd = 8
Socket not ready, repolling fd = 8
Socket not ready, repolling fd = 8
Socket not ready, repolling fd = 8
Socket not ready, repolling fd = 8
Socket not ready, repolling fd = 8
Socket not ready, repolling fd = 8
Socket not ready, repolling fd = 8
Socket not ready, repolling fd = 8
Socket not ready, repolling fd = 8
Socket not ready, repolling fd = 9
Socket not ready, repolling fd = 9
Socket not ready, repolling fd = 9
Socket not ready, repolling fd = 9
Socket not ready, repolling fd = 9
Socket not ready, repolling fd = 9
Socket not ready, repolling fd = 9
Socket not ready, repolling fd = 9
Socket not ready, repolling fd = 9
Socket not ready, repolling fd = 9
Socket not ready, repolling fd = 9
Socket not ready, repolling fd = 9
Socket not ready, repolling fd = 9
Socket not ready, repolling fd = 9
Socket not ready, repolling fd = 9
Socket not ready, repolling fd = 9
Socket not ready, repolling fd = 9
Socket not ready, repolling fd = 9
Socket not ready, repolling fd = 9
Socket not ready, repolling fd = 9
Socket not ready, repolling fd = 9
Socket not ready, repolling fd = 9
Socket not ready, repolling fd = 9
Socket not ready, repolling fd = 9
Socket not ready, repolling fd = 9
Socket not ready, repolling fd = 9
Socket not ready, repolling fd = 9
Socket not ready, repolling fd = 9
Socket not ready, repolling fd = 9
Socket not ready, repolling fd = 9
Socket not ready, repolling fd = 9
Socket not ready, repolling fd = 9
Socket not ready, repolling fd = 9
Socket not ready, repolling fd = 9
Socket not ready, repolling fd = 9
Socket not ready, repolling fd = 9
Socket not ready, repolling fd = 9
Socket not ready, repolling fd = 9
Socket not ready, repolling fd = 9
Socket not ready, repolling fd = 9
Socket not ready, repolling fd = 9
Socket not ready, repolling fd = 9
Socket not ready, repolling fd = 9
Socket not ready, repolling fd = 9
Socket not ready, repolling fd = 9
Socket not ready, repolling fd = 9
Socket not ready, repolling fd = 9
Socket not ready, repolling fd = 9
Socket not ready, repolling fd = 9
Socket not ready, repolling fd = 9
Socket not ready, repolling fd = 9
Socket not ready, repolling fd = 9
Socket not ready, repolling fd = 9
Socket not ready, repolling fd = 9
Socket not ready, repolling fd = 9
Socket not ready, repolling fd = 9
Socket not ready, repolling fd = 9
Socket not ready, repolling fd = 9
Socket not ready, repolling fd = 9
Socket not ready, repolling fd = 9
Socket not ready, repolling fd = 9
Socket not ready, repolling fd = 9
Socket not ready, repolling fd = 9
Socket not ready, repolling fd = 9
Socket not ready, repolling fd = 9
Socket not ready, repolling fd = 9
Socket not ready, repolling fd = 9
Socket not ready, repolling fd = 9
Socket not ready, repolling fd = 9
Socket not ready, repolling fd = 9
Socket not ready, repolling fd = 9
Socket not ready, repolling fd = 9
Socket not ready, repolling fd = 9
Socket not ready, repolling fd = 9
Socket not ready, repolling fd = 9
Socket not ready, repolling fd = 9
Socket not ready, repolling fd = 9
Socket not ready, repolling fd = 9
Socket not ready, repolling fd = 9
Socket not ready, repolling fd = 9
Socket not ready, repolling fd = 9
Socket not ready, repolling fd = 9
Socket not ready, repolling fd = 9
Socket not ready, repolling fd = 9
Socket not ready, repolling fd = 9
Socket not ready, repolling fd = 9
Socket not ready, repolling fd = 9
Socket not ready, repolling fd = 9
Socket not ready, repolling fd = 9
Socket not ready, repolling fd = 9
Socket not ready, repolling fd = 9
Socket not ready, repolling fd = 9
Socket not ready, repolling fd = 9
Socket not ready, repolling fd = 9
Socket not ready, repolling fd = 9
Socket not ready, repolling fd = 9
Socket not ready, repolling fd = 9
Socket not ready, repolling fd = 9
Socket not ready, repolling fd = 9
Socket not ready, repolling fd = 9
Socket not ready, repolling fd = 9
Socket not ready, repolling fd = 9
Socket not ready, repolling fd = 9
Socket not ready, repolling fd = 9
Socket not ready, repolling fd = 9
Socket not ready, repolling fd = 9
Socket not ready, repolling fd = 9
Socket not ready, repolling fd = 9
Socket not ready, repolling fd = 9
Socket not ready, repolling fd = 9
Socket not ready, repolling fd = 9
Socket not ready, repolling fd = 9
Socket not ready, repolling fd = 9
Socket not ready, repolling fd = 9
Socket not ready, repolling fd = 9
Socket not ready, repolling fd = 9
Socket not ready, repolling fd = 9
Socket not ready, repolling fd = 9
Socket not ready, repolling fd = 9
Socket not ready, repolling fd = 9
Socket not ready, repolling fd = 9
Socket not ready, repolling fd = 9
Socket not ready, repolling fd = 9
Socket not ready, repolling fd = 9
Socket not ready, repolling fd = 9
Socket not ready, repolling fd = 9
Socket not ready, repolling fd = 9
Socket not ready, repolling fd = 9
Socket not ready, repolling fd = 9
Socket not ready, repolling fd = 9
Socket not ready, repolling fd = 9
Socket not ready, repolling fd = 9
Socket not ready, repolling fd = 9
Socket not ready, repolling fd = 9
Socket not ready, repolling fd = 9
Socket not ready, repolling fd = 9
Socket not ready, repolling fd = 9
Socket not ready, repolling fd = 9
Socket not ready, repolling fd = 9
Socket not ready, repolling fd = 9
Socket not ready, repolling fd = 9
Socket not ready, repolling fd = 9
Socket not ready, repolling fd = 9
Socket not ready, repolling fd = 9
Socket not ready, repolling fd = 9
Socket not ready, repolling fd = 9
Socket not ready, repolling fd = 9
Socket not ready, repolling fd = 9
Socket not ready, repolling fd = 9
Socket not ready, repolling fd = 9
Socket not ready, repolling fd = 9
Socket not ready, repolling fd = 9
Socket not ready, repolling fd = 9
Socket not ready, repolling fd = 9
Socket not ready, repolling fd = 9
Socket not ready, repolling fd = 9
Socket not ready, repolling fd = 9
Socket not ready, repolling fd = 9
Socket not ready, repolling fd = 9
Socket not ready, repolling fd = 9
Socket not ready, repolling fd = 9
Socket not ready, repolling fd = 9
Socket not ready, repolling fd = 9
Socket not ready, repolling fd = 9
Socket not ready, repolling fd = 9
Socket not ready, repolling fd = 9
Socket not ready, repolling fd = 9
Socket not ready, repolling fd = 9
Socket not ready, repolling fd = 9
Socket not ready, repolling fd = 9
Socket not ready, repolling fd = 9
Socket not ready, repolling fd = 9
Socket not ready, repolling fd = 9
Socket not ready, repolling fd = 9
Socket not ready, repolling fd = 9
Socket not ready, repolling fd = 9
Socket not ready, repolling fd = 9
Socket not ready, repolling fd = 9
Socket not ready, repolling fd = 9
Socket not ready, repolling fd = 9
Socket not ready, repolling fd = 9
Socket not ready, repolling fd = 9
Socket not ready, repolling fd = 9
Socket not ready, repolling fd = 9
Socket not ready, repolling fd = 9
Socket not ready, repolling fd = 9
Socket not ready, repolling fd = 9
Socket not ready, repolling fd = 9
Socket not ready, repolling fd = 9
Socket not ready, repolling fd = 9
Socket not ready, repolling fd = 9
Socket not ready, repolling fd = 9
Socket not ready, repolling fd = 9
Socket not ready, repolling fd = 9
Socket not ready, repolling fd = 9
Socket not ready, repolling fd = 8
Socket not ready, repolling fd = 8
Socket not ready, repolling fd = 8
Socket not ready, repolling fd = 8
Socket not ready, repolling fd = 8
Socket not ready, repolling fd = 8
Socket not ready, repolling fd = 8
Socket not ready, repolling fd = 8
Socket not ready, repolling fd = 8
Socket not ready, repolling fd = 8
Socket not ready, repolling fd = 8
Socket not ready, repolling fd = 8
Socket not ready, repolling fd = 8
Socket not ready, repolling fd = 8
Socket not ready, repolling fd = 8
Socket not ready, repolling fd = 8
Socket not ready, repolling fd = 8
Socket not ready, repolling fd = 8
Socket not ready, repolling fd = 8
Socket not ready, repolling fd = 8
Socket not ready, repolling fd = 8
Socket not ready, repolling fd = 8
Socket not ready, repolling fd = 8
Socket not ready, repolling fd = 8
Socket not ready, repolling fd = 8
Socket not ready, repolling fd = 8
Socket not ready, repolling fd = 8
Socket not ready, repolling fd = 8
Socket not ready, repolling fd = 8
Socket not ready, repolling fd = 8
Socket not ready, repolling fd = 8
Socket not ready, repolling fd = 8
Socket not ready, repolling fd = 8
Socket not ready, repolling fd = 8
Socket not ready, repolling fd = 8
Socket not ready, repolling fd = 8
Socket not ready, repolling fd = 8
Socket not ready, repolling fd = 8
Socket not ready, repolling fd = 8
Socket not ready, repolling fd = 8
Socket not ready, repolling fd = 8
Socket not ready, repolling fd = 8
Socket not ready, repolling fd = 8
Socket not ready, repolling fd = 8
Socket not ready, repolling fd = 8
Socket not ready, repolling fd = 8
Socket not ready, repolling fd = 8
Socket not ready, repolling fd = 8
Socket not ready, repolling fd = 8
Socket not ready, repolling fd = 8
Socket not ready, repolling fd = 8
Socket not ready, repolling fd = 8
Socket not ready, repolling fd = 8
Socket not ready, repolling fd = 8
Socket not ready, repolling fd = 8
Socket not ready, repolling fd = 8
Socket not ready, repolling fd = 8
Socket not ready, repolling fd = 8
Socket not ready, repolling fd = 8
Socket not ready, repolling fd = 8
Socket not ready, repolling fd = 8
Socket not ready, repolling fd = 8
Socket not ready, repolling fd = 8
Socket not ready, repolling fd = 8
Socket not ready, repolling fd = 8
Socket not ready, repolling fd = 8
Socket not ready, repolling fd = 8
Socket not ready, repolling fd = 8
Socket not ready, repolling fd = 8
Socket not ready, repolling fd = 8
Socket not ready, repolling fd = 8
Socket not ready, repolling fd = 8
Socket not ready, repolling fd = 8
Socket not ready, repolling fd = 8
Socket not ready, repolling fd = 8
Socket not ready, repolling fd = 8
Socket not ready, repolling fd = 8
Socket not ready, repolling fd = 8
Socket not ready, repolling fd = 8
Socket not ready, repolling fd = 8
Socket not ready, repolling fd = 8
Socket not ready, repolling fd = 8
Socket not ready, repolling fd = 8
Socket not ready, repolling fd = 8
Socket not ready, repolling fd = 8
Socket not ready, repolling fd = 8
Socket not ready, repolling fd = 8
Socket not ready, repolling fd = 8
Socket not ready, repolling fd = 8
Socket not ready, repolling fd = 8
Socket not ready, repolling fd = 8
Socket not ready, repolling fd = 8
Socket not ready, repolling fd = 8
Socket not ready, repolling fd = 8
Socket not ready, repolling fd = 8
Socket not ready, repolling fd = 8
Socket not ready, repolling fd = 8
Socket not ready, repolling fd = 8
Socket not ready, repolling fd = 8
Socket not ready, repolling fd = 8
Socket not ready, repolling fd = 8
Socket not ready, repolling fd = 8
Socket not ready, repolling fd = 8
Socket not ready, repolling fd = 8
Socket not ready, repolling fd = 8
Socket not ready, repolling fd = 8
Socket not ready, repolling fd = 8
Socket not ready, repolling fd = 8
Socket not ready, repolling fd = 8
Socket not ready, repolling fd = 8
Socket not ready, repolling fd = 8
Socket not ready, repolling fd = 8
Socket not ready, repolling fd = 8
Socket not ready, repolling fd = 8
Socket not ready, repolling fd = 8
Socket not ready, repolling fd = 8
Socket not ready, repolling fd = 8
Socket not ready, repolling fd = 8
Socket not ready, repolling fd = 8
Socket not ready, repolling fd = 8
Socket not ready, repolling fd = 8
Socket not ready, repolling fd = 8
Socket not ready, repolling fd = 8
Socket not ready, repolling fd = 8
Socket not ready, repolling fd = 8
Socket not ready, repolling fd = 8
Socket not ready, repolling fd = 8
Socket not ready, repolling fd = 8
Socket not ready, repolling fd = 8
Socket not ready, repolling fd = 8
Socket not ready, repolling fd = 8
Socket not ready, repolling fd = 8
Socket not ready, repolling fd = 8
Socket not ready, repolling fd = 8
Socket not ready, repolling fd = 8
Socket not ready, repolling fd = 8
Socket not ready, repolling fd = 8
Socket not ready, repolling fd = 8
Socket not ready, repolling fd = 8
Socket not ready, repolling fd = 8
Socket not ready, repolling fd = 8
Socket not ready, repolling fd = 8
Socket not ready, repolling fd = 8
Socket not ready, repolling fd = 8
Socket not ready, repolling fd = 8
Socket not ready, repolling fd = 8
Socket not ready, repolling fd = 8
Socket not ready, repolling fd = 8
Socket not ready, repolling fd = 8
Socket not ready, repolling fd = 8
Socket not ready, repolling fd = 8
Socket not ready, repolling fd = 8
Socket not ready, repolling fd = 8
Socket not ready, repolling fd = 8
Socket not ready, repolling fd = 8
Socket not ready, repolling fd = 8
Socket not ready, repolling fd = 8
Socket not ready, repolling fd = 8
Socket not ready, repolling fd = 8
Socket not ready, repolling fd = 8
Socket not ready, repolling fd = 8
Socket not ready, repolling fd = 8
Socket not ready, repolling fd = 8
Socket not ready, repolling fd = 8
Socket not ready, repolling fd = 8
Socket not ready, repolling fd = 8
Socket not ready, repolling fd = 8
Socket not ready, repolling fd = 8
Socket not ready, repolling fd = 8
Socket not ready, repolling fd = 8
Socket not ready, repolling fd = 8
Socket not ready, repolling fd = 8
Socket not ready, repolling fd = 8
Socket not ready, repolling fd = 8
Socket not ready, repolling fd = 8
Socket not ready, repolling fd = 9
Socket not ready, repolling fd = 9
Socket not ready, repolling fd = 9
Socket not ready, repolling fd = 9
Socket not ready, repolling fd = 9
Socket not ready, repolling fd = 9
Socket not ready, repolling fd = 9
Socket not ready, repolling fd = 9
Socket not ready, repolling fd = 9
Socket not ready, repolling fd = 9
Socket not ready, repolling fd = 9
Socket not ready, repolling fd = 9
Socket not ready, repolling fd = 9
Socket not ready, repolling fd = 9
Socket not ready, repolling fd = 9
Socket not ready, repolling fd = 9
Socket not ready, repolling fd = 9
Socket not ready, repolling fd = 9
Socket not ready, repolling fd = 9
Socket not ready, repolling fd = 9
Socket not ready, repolling fd = 9
Socket not ready, repolling fd = 9
Socket not ready, repolling fd = 9
Socket not ready, repolling fd = 9
Socket not ready, repolling fd = 9
Socket not ready, repolling fd = 9
Socket not ready, repolling fd = 9
Socket not ready, repolling fd = 9
Socket not ready, repolling fd = 9
Socket not ready, repolling fd = 9
Socket not ready, repolling fd = 9
Socket not ready, repolling fd = 9
Socket not ready, repolling fd = 9
Socket not ready, repolling fd = 9
Socket not ready, repolling fd = 9
Socket not ready, repolling fd = 9
Socket not ready, repolling fd = 9
Socket not ready, repolling fd = 9
Socket not ready, repolling fd = 9
Socket not ready, repolling fd = 9
Socket not ready, repolling fd = 9
Socket not ready, repolling fd = 9
Socket not ready, repolling fd = 9
Socket not ready, repolling fd = 9
Socket not ready, repolling fd = 9
Socket not ready, repolling fd = 9
Socket not ready, repolling fd = 9
Socket not ready, repolling fd = 9
Socket not ready, repolling fd = 9
Socket not ready, repolling fd = 9
Socket not ready, repolling fd = 9
Socket not ready, repolling fd = 9
Socket not ready, repolling fd = 9
Socket not ready, repolling fd = 9
Socket not ready, repolling fd = 9
Socket not ready, repolling fd = 9
Socket not ready, repolling fd = 9
Socket not ready, repolling fd = 9
Socket not ready, repolling fd = 9
Socket not ready, repolling fd = 9
Socket not ready, repolling fd = 9
Socket not ready, repolling fd = 9
Socket not ready, repolling fd = 9
Socket not ready, repolling fd = 9
Socket not ready, repolling fd = 9
Socket not ready, repolling fd = 9
Socket not ready, repolling fd = 9
Socket not ready, repolling fd = 9
Socket not ready, repolling fd = 9
Socket not ready, repolling fd = 9
Socket not ready, repolling fd = 9
Socket not ready, repolling fd = 9
Socket not ready, repolling fd = 9
Socket not ready, repolling fd = 9
Socket not ready, repolling fd = 9
Socket not ready, repolling fd = 9
Socket not ready, repolling fd = 9
Socket not ready, repolling fd = 9
Socket not ready, repolling fd = 9
Socket not ready, repolling fd = 9
Socket not ready, repolling fd = 9
Socket not ready, repolling fd = 9
Socket not ready, repolling fd = 9
Socket not ready, repolling fd = 9
Socket not ready, repolling fd = 9
Socket not ready, repolling fd = 9
Socket not ready, repolling fd = 9
Socket not ready, repolling fd = 9
Socket not ready, repolling fd = 9
Socket not ready, repolling fd = 9
Socket not ready, repolling fd = 9
Socket not ready, repolling fd = 9
Socket not ready, repolling fd = 9
Socket not ready, repolling fd = 9
Socket not ready, repolling fd = 9
Socket not ready, repolling fd = 9
Socket not ready, repolling fd = 9
Socket not ready, repolling fd = 9
Socket not ready, repolling fd = 9
Socket not ready, repolling fd = 9
Socket not ready, repolling fd = 9
Socket not ready, repolling fd = 9
Socket not ready, repolling fd = 9
Socket not ready, repolling fd = 9
Socket not ready, repolling fd = 9
Socket not ready, repolling fd = 9
Socket not ready, repolling fd = 9
Socket not ready, repolling fd = 9
Socket not ready, repolling fd = 9
Socket not ready, repolling fd = 9
Socket not ready, repolling fd = 9
Socket not ready, repolling fd = 9
Socket not ready, repolling fd = 9
Socket not ready, repolling fd = 9
Socket not ready, repolling fd = 9
Socket not ready, repolling fd = 9
Socket not ready, repolling fd = 9
Socket not ready, repolling fd = 9
Socket not ready, repolling fd = 9
Socket not ready, repolling fd = 9
Socket not ready, repolling fd = 9
Socket not ready, repolling fd = 9
Socket not ready, repolling fd = 9
Socket not ready, repolling fd = 9
Socket not ready, repolling fd = 9
Socket not ready, repolling fd = 9
Socket not ready, repolling fd = 9
Socket not ready, repolling fd = 9
Socket not ready, repolling fd = 9
Socket not ready, repolling fd = 9
Socket not ready, repolling fd = 9
Socket not ready, repolling fd = 9
Socket not ready, repolling fd = 9
Socket not ready, repolling fd = 9
Socket not ready, repolling fd = 9
Socket not ready, repolling fd = 9
Socket not ready, repolling fd = 9
Socket not ready, repolling fd = 9
Socket not ready, repolling fd = 9
Socket not ready, repolling fd = 9
Socket not ready, repolling fd = 9
Socket not ready, repolling fd = 9
Socket not ready, repolling fd = 9
Socket not ready, repolling fd = 9
Socket not ready, repolling fd = 9
Socket not ready, repolling fd = 9
Socket not ready, repolling fd = 9
Socket not ready, repolling fd = 9
Socket not ready, repolling fd = 9
Socket not ready, repolling fd = 9
Socket not ready, repolling fd = 9
Socket not ready, repolling fd = 9
Socket not ready, repolling fd = 9
Socket not ready, repolling fd = 9
Socket not ready, repolling fd = 9
Socket not ready, repolling fd = 9
Socket not ready, repolling fd = 9
Socket not ready, repolling fd = 9
Socket not ready, repolling fd = 9
Socket not ready, repolling fd = 9
Socket not ready, repolling fd = 9
Socket not ready, repolling fd = 9
Socket not ready, repolling fd = 9
Socket not ready, repolling fd = 9
Socket not ready, repolling fd = 9
Socket not ready, repolling fd = 9
Socket not ready, repolling fd = 9
Socket not ready, repolling fd = 9
Socket not ready, repolling fd = 9
Socket not ready, repolling fd = 9
Socket not ready, repolling fd = 9
Socket not ready, repolling fd = 9
Socket not ready, repolling fd = 9
Socket not ready, repolling fd = 9
Socket not ready, repolling fd = 9
Socket not ready, repolling fd = 9
Socket not ready, repolling fd = 9
Socket not ready, repolling fd = 9
Socket not ready, repolling fd = 9
Socket not ready, repolling fd = 9
Socket not ready, repolling fd = 9
Socket not ready, repolling fd = 9
Socket not ready, repolling fd = 9
Socket not ready, repolling fd = 9
Socket not ready, repolling fd = 9
Socket not ready, repolling fd = 9
Socket not ready, repolling fd = 9
Socket not ready, repolling fd = 9
Socket not ready, repolling fd = 9
Socket not ready, repolling fd = 9
Socket not ready, repolling fd = 9
Socket not ready, repolling fd = 9
Socket not ready, repolling fd = 9
Socket not ready, repolling fd = 9
Socket not ready, repolling fd = 9
Socket not ready, repolling fd = 9
Socket not ready, repolling fd = 9
Socket not ready, repolling fd = 9
Socket not ready, repolling fd = 9
Socket not ready, repolling fd = 9
Socket not ready, repolling fd = 9
Socket not ready, repolling fd = 9
Socket not ready, repolling fd = 9
Socket not ready, repolling fd = 8
Socket not ready, repolling fd = 8
Socket not ready, repolling fd = 8
Socket not ready, repolling fd = 8
Socket not ready, repolling fd = 8
Socket not ready, repolling fd = 8
Socket not ready, repolling fd = 8
Socket not ready, repolling fd = 8
Socket not ready, repolling fd = 8
Socket not ready, repolling fd = 8
Socket not ready, repolling fd = 8
Socket not ready, repolling fd = 8
Socket not ready, repolling fd = 8
Socket not ready, repolling fd = 8
Socket not ready, repolling fd = 8
Socket not ready, repolling fd = 8
Socket not ready, repolling fd = 8
Socket not ready, repolling fd = 8
Socket not ready, repolling fd = 8
Socket not ready, repolling fd = 8
Socket not ready, repolling fd = 8
Socket not ready, repolling fd = 8
Socket not ready, repolling fd = 8
Socket not ready, repolling fd = 8
Socket not ready, repolling fd = 8
Socket not ready, repolling fd = 8
Socket not ready, repolling fd = 8
Socket not ready, repolling fd = 8
Socket not ready, repolling fd = 8
Socket not ready, repolling fd = 8
Socket not ready, repolling fd = 8
Socket not ready, repolling fd = 8
Socket not ready, repolling fd = 8
Socket not ready, repolling fd = 8
Socket not ready, repolling fd = 8
Socket not ready, repolling fd = 8
Socket not ready, repolling fd = 8
Socket not ready, repolling fd = 8
Socket not ready, repolling fd = 8
Socket not ready, repolling fd = 8
Socket not ready, repolling fd = 8
Socket not ready, repolling fd = 8
Socket not ready, repolling fd = 8
Socket not ready, repolling fd = 8
Socket not ready, repolling fd = 8
Socket not ready, repolling fd = 8
Socket not ready, repolling fd = 8
Socket not ready, repolling fd = 8
Socket not ready, repolling fd = 8
Socket not ready, repolling fd = 8
Socket not ready, repolling fd = 8
Socket not ready, repolling fd = 8
Socket not ready, repolling fd = 8
Socket not ready, repolling fd = 8
Socket not ready, repolling fd = 8
Socket not ready, repolling fd = 8
Socket not ready, repolling fd = 8
Socket not ready, repolling fd = 8
Socket not ready, repolling fd = 8
Socket not ready, repolling fd = 8
Socket not ready, repolling fd = 8
Socket not ready, repolling fd = 8
Socket not ready, repolling fd = 8
Socket not ready, repolling fd = 8
Socket not ready, repolling fd = 8
Socket not ready, repolling fd = 8
Socket not ready, repolling fd = 8
Socket not ready, repolling fd = 8
Socket not ready, repolling fd = 8
Socket not ready, repolling fd = 8
Socket not ready, repolling fd = 8
Socket not ready, repolling fd = 8
Socket not ready, repolling fd = 8
Socket not ready, repolling fd = 8
Socket not ready, repolling fd = 8
Socket not ready, repolling fd = 8
Socket not ready, repolling fd = 8
Socket not ready, repolling fd = 8
Socket not ready, repolling fd = 8
Socket not ready, repolling fd = 8
Socket not ready, repolling fd = 8
Socket not ready, repolling fd = 8
Socket not ready, repolling fd = 8
Socket not ready, repolling fd = 8
Socket not ready, repolling fd = 8
Socket not ready, repolling fd = 8
Socket not ready, repolling fd = 8
Socket not ready, repolling fd = 8
Socket not ready, repolling fd = 8
Socket not ready, repolling fd = 8
Socket not ready, repolling fd = 8
Socket not ready, repolling fd = 8
Socket not ready, repolling fd = 8
Socket not ready, repolling fd = 8
Socket not ready, repolling fd = 8
Socket not ready, repolling fd = 8
Socket not ready, repolling fd = 8
Socket not ready, repolling fd = 8
Socket not ready, repolling fd = 8
Socket not ready, repolling fd = 8
Socket not ready, repolling fd = 8
Socket not ready, repolling fd = 8
Socket not ready, repolling fd = 8
Socket not ready, repolling fd = 8
Socket not ready, repolling fd = 8
Socket not ready, repolling fd = 8
Socket not ready, repolling fd = 8
Socket not ready, repolling fd = 8
Socket not ready, repolling fd = 8
Socket not ready, repolling fd = 8
Socket not ready, repolling fd = 8
Socket not ready, repolling fd = 8
Socket not ready, repolling fd = 8
Socket not ready, repolling fd = 8
Socket not ready, repolling fd = 8
Socket not ready, repolling fd = 8
Socket not ready, repolling fd = 8
Socket not ready, repolling fd = 8
Socket not ready, repolling fd = 8
Socket not ready, repolling fd = 8
Socket not ready, repolling fd = 8
Socket not ready, repolling fd = 8
Socket not ready, repolling fd = 8
Socket not ready, repolling fd = 8
Socket not ready, repolling fd = 8
Socket not ready, repolling fd = 8
Socket not ready, repolling fd = 8
Socket not ready, repolling fd = 8
Socket not ready, repolling fd = 8
Socket not ready, repolling fd = 8
Socket not ready, repolling fd = 8
Socket not ready, repolling fd = 8
Socket not ready, repolling fd = 8
Socket not ready, repolling fd = 8
Socket not ready, repolling fd = 8
Socket not ready, repolling fd = 8
Socket not ready, repolling fd = 8
Socket not ready, repolling fd = 8
Socket not ready, repolling fd = 8
Socket not ready, repolling fd = 8
Socket not ready, repolling fd = 8
Socket not ready, repolling fd = 8
Socket not ready, repolling fd = 8
Socket not ready, repolling fd = 8
Socket not ready, repolling fd = 8
Socket not ready, repolling fd = 8
Socket not ready, repolling fd = 8
Socket not ready, repolling fd = 8
Socket not ready, repolling fd = 8
Socket not ready, repolling fd = 8
Socket not ready, repolling fd = 8
Socket not ready, repolling fd = 8
Socket not ready, repolling fd = 8
Socket not ready, repolling fd = 8
Socket not ready, repolling fd = 8
Socket not ready, repolling fd = 8
Socket not ready, repolling fd = 8
Socket not ready, repolling fd = 8
Socket not ready, repolling fd = 8
Socket not ready, repolling fd = 8
Socket not ready, repolling fd = 8
Socket not ready, repolling fd = 8
Socket not ready, repolling fd = 8
Socket not ready, repolling fd = 8
Socket not ready, repolling fd = 8
Socket not ready, repolling fd = 8
Socket not ready, repolling fd = 8
Socket not ready, repolling fd = 8
Socket not ready, repolling fd = 8
Socket not ready, repolling fd = 8
Socket not ready, repolling fd = 8
Socket not ready, repolling fd = 8
Socket not ready, repolling fd = 8
Socket not ready, repolling fd = 8
Socket not ready, repolling fd = 8
Socket not ready, repolling fd = 8
Socket not ready, repolling fd = 8
Socket not ready, repolling fd = 8
Socket not ready, repolling fd = 8
Socket not ready, repolling fd = 8
Socket not ready, repolling fd = 8
Socket not ready, repolling fd = 8
Socket not ready, repolling fd = 8
Socket not ready, repolling fd = 8
Socket not ready, repolling fd = 8
Socket not ready, repolling fd = 8
Socket not ready, repolling fd = 8
Socket not ready, repolling fd = 8
Socket not ready, repolling fd = 8
Socket not ready, repolling fd = 8
Socket not ready, repolling fd = 8
Socket not ready, repolling fd = 8
Socket not ready, repolling fd = 8
Socket not ready, repolling fd = 8
Socket not ready, repolling fd = 8
Socket not ready, repolling fd = 8
Socket not ready, repolling fd = 8
Socket not ready, repolling fd = 8
Socket not ready, repolling fd = 8
Socket not ready, repolling fd = 8
Socket not ready, repolling fd = 8
Socket not ready, repolling fd = 8
Socket not ready, repolling fd = 8
Socket not ready, repolling fd = 8
Socket not ready, repolling fd = 8
Socket not ready, repolling fd = 8
Socket not ready, repolling fd = 8
Socket not ready, repolling fd = 8
Socket not ready, repolling fd = 8
Socket not ready, repolling fd = 8
Socket not ready, repolling fd = 8
Socket not ready, repolling fd = 8
Socket not ready, repolling fd = 8
Socket not ready, repolling fd = 8
Socket not ready, repolling fd = 8
Socket not ready, repolling fd = 8
Socket not ready, repolling fd = 8
Socket not ready, repolling fd = 8
Socket not ready, repolling fd = 8
Socket not ready, repolling fd = 8
Socket not ready, repolling fd = 8
Socket not ready, repolling fd = 8
Socket not ready, repolling fd = 8
Socket not ready, repolling fd = 8
Socket not ready, repolling fd = 8
Socket not ready, repolling fd = 8
Socket not ready, repolling fd = 8
Socket not ready, repolling fd = 9
Socket not ready, repolling fd = 9
Socket not ready, repolling fd = 9
Socket not ready, repolling fd = 9
Socket not ready, repolling fd = 9
Socket not ready, repolling fd = 9
Socket not ready, repolling fd = 9
Socket not ready, repolling fd = 9
Socket not ready, repolling fd = 9
Socket not ready, repolling fd = 9
Socket not ready, repolling fd = 9
Socket not ready, repolling fd = 9
Socket not ready, repolling fd = 9
Socket not ready, repolling fd = 9
Socket not ready, repolling fd = 9
Socket not ready, repolling fd = 9
Socket not ready, repolling fd = 9
Socket not ready, repolling fd = 9
Socket not ready, repolling fd = 9
Socket not ready, repolling fd = 9
Socket not ready, repolling fd = 9
Socket not ready, repolling fd = 9
Socket not ready, repolling fd = 9
Socket not ready, repolling fd = 9
Socket not ready, repolling fd = 9
Socket not ready, repolling fd = 9
Socket not ready, repolling fd = 9
Socket not ready, repolling fd = 9
Socket not ready, repolling fd = 9
Socket not ready, repolling fd = 9
Socket not ready, repolling fd = 9
Socket not ready, repolling fd = 9
Socket not ready, repolling fd = 9
Socket not ready, repolling fd = 9
Socket not ready, repolling fd = 9
Socket not ready, repolling fd = 9
Socket not ready, repolling fd = 9
Socket not ready, repolling fd = 9
Socket not ready, repolling fd = 9
Socket not ready, repolling fd = 9
Socket not ready, repolling fd = 9
Socket not ready, repolling fd = 9
Socket not ready, repolling fd = 9
Socket not ready, repolling fd = 9
Socket not ready, repolling fd = 9
Socket not ready, repolling fd = 9
Socket not ready, repolling fd = 9
Socket not ready, repolling fd = 9
Socket not ready, repolling fd = 9
Socket not ready, repolling fd = 9
Socket not ready, repolling fd = 9
Socket not ready, repolling fd = 9
Socket not ready, repolling fd = 9
Socket not ready, repolling fd = 9
Socket not ready, repolling fd = 9
Socket not ready, repolling fd = 9
Socket not ready, repolling fd = 9
Socket not ready, repolling fd = 9
Socket not ready, repolling fd = 9
Socket not ready, repolling fd = 9
Socket not ready, repolling fd = 9
Socket not ready, repolling fd = 9
Socket not ready, repolling fd = 9
Socket not ready, repolling fd = 9
Socket not ready, repolling fd = 9
Socket not ready, repolling fd = 9
Socket not ready, repolling fd = 9
Socket not ready, repolling fd = 9
Socket not ready, repolling fd = 9
Socket not ready, repolling fd = 9
Socket not ready, repolling fd = 9
Socket not ready, repolling fd = 9
Socket not ready, repolling fd = 9
Socket not ready, repolling fd = 9
Socket not ready, repolling fd = 9
Socket not ready, repolling fd = 9
Socket not ready, repolling fd = 9
Socket not ready, repolling fd = 9
Socket not ready, repolling fd = 9
Socket not ready, repolling fd = 9
Socket not ready, repolling fd = 9
Socket not ready, repolling fd = 9
Socket not ready, repolling fd = 9
Socket not ready, repolling fd = 9
Socket not ready, repolling fd = 9
Socket not ready, repolling fd = 9
Socket not ready, repolling fd = 9
Socket not ready, repolling fd = 9
Socket not ready, repolling fd = 9
Socket not ready, repolling fd = 9
Socket not ready, repolling fd = 9
Socket not ready, repolling fd = 9
Socket not ready, repolling fd = 9
Socket not ready, repolling fd = 9
Socket not ready, repolling fd = 9
Socket not ready, repolling fd = 9
Socket not ready, repolling fd = 9
Socket not ready, repolling fd = 9
Socket not ready, repolling fd = 9
Socket not ready, repolling fd = 9
Socket not ready, repolling fd = 9
Socket not ready, repolling fd = 9
Socket not ready, repolling fd = 9
Socket not ready, repolling fd = 9
Socket not ready, repolling fd = 9
Socket not ready, repolling fd = 9
Socket not ready, repolling fd = 9
Socket not ready, repolling fd = 9
Socket not ready, repolling fd = 9
Socket not ready, repolling fd = 9
Socket not ready, repolling fd = 9
Socket not ready, repolling fd = 9
Socket not ready, repolling fd = 9
Socket not ready, repolling fd = 9
Socket not ready, repolling fd = 9
Socket not ready, repolling fd = 9
Socket not ready, repolling fd = 9
Socket not ready, repolling fd = 9
Socket not ready, repolling fd = 9
Socket not ready, repolling fd = 9
Socket not ready, repolling fd = 9
Socket not ready, repolling fd = 9
Socket not ready, repolling fd = 9
Socket not ready, repolling fd = 9
Socket not ready, repolling fd = 9
Socket not ready, repolling fd = 9
Socket not ready, repolling fd = 9
Socket not ready, repolling fd = 9
Socket not ready, repolling fd = 9
Socket not ready, repolling fd = 9
Socket not ready, repolling fd = 9
Socket not ready, repolling fd = 9
Socket not ready, repolling fd = 9
Socket not ready, repolling fd = 9
Socket not ready, repolling fd = 9
Socket not ready, repolling fd = 9
Socket not ready, repolling fd = 9
Socket not ready, repolling fd = 9
Socket not ready, repolling fd = 9
Socket not ready, repolling fd = 9
Socket not ready, repolling fd = 9
Socket not ready, repolling fd = 9
Socket not ready, repolling fd = 9
Socket not ready, repolling fd = 9
Socket not ready, repolling fd = 9
Socket not ready, repolling fd = 9
Socket not ready, repolling fd = 9
Socket not ready, repolling fd = 9
Socket not ready, repolling fd = 9
Socket not ready, repolling fd = 9
Socket not ready, repolling fd = 9
Socket not ready, repolling fd = 9
Socket not ready, repolling fd = 9
Socket not ready, repolling fd = 9
Socket not ready, repolling fd = 9
Socket not ready, repolling fd = 9
Socket not ready, repolling fd = 9
Socket not ready, repolling fd = 9
Socket not ready, repolling fd = 9
Socket not ready, repolling fd = 9
Socket not ready, repolling fd = 9
Socket not ready, repolling fd = 9
Socket not ready, repolling fd = 9
Socket not ready, repolling fd = 9
Socket not ready, repolling fd = 9
Socket not ready, repolling fd = 9
Socket not ready, repolling fd = 9
Socket not ready, repolling fd = 9
Socket not ready, repolling fd = 9
Socket not ready, repolling fd = 9
Socket not ready, repolling fd = 9
Socket not ready, repolling fd = 9
Socket not ready, repolling fd = 9
Socket not ready, repolling fd = 9
Socket not ready, repolling fd = 9
Socket not ready, repolling fd = 9
Socket not ready, repolling fd = 9
Socket not ready, repolling fd = 9
Socket not ready, repolling fd = 9
Socket not ready, repolling fd = 9
Socket not ready, repolling fd = 9
Socket not ready, repolling fd = 9
Socket not ready, repolling fd = 9
Socket not ready, repolling fd = 9
Socket not ready, repolling fd = 9
Socket not ready, repolling fd = 9
Socket not ready, repolling fd = 9
Socket not ready, repolling fd = 9
Socket not ready, repolling fd = 9
Socket not ready, repolling fd = 9
Socket not ready, repolling fd = 9
Socket not ready, repolling fd = 9
Socket not ready, repolling fd = 9
Socket not ready, repolling fd = 9
Socket not ready, repolling fd = 9
Socket not ready, repolling fd = 9
Socket not ready, repolling fd = 9
Socket not ready, repolling fd = 9
Socket not ready, repolling fd = 9
Socket not ready, repolling fd = 9
Socket not ready, repolling fd = 9
Socket not ready, repolling fd = 9
Socket not ready, repolling fd = 9
Socket not ready, repolling fd = 9
Socket not ready, repolling fd = 9
Socket not ready, repolling fd = 9
Socket not ready, repolling fd = 9
Socket not ready, repolling fd = 9
Socket not ready, repolling fd = 9
Socket not ready, repolling fd = 9
Socket not ready, repolling fd = 9
Socket not ready, repolling fd = 9
Socket not ready, repolling fd = 9
Socket not ready, repolling fd = 9
Socket not ready, repolling fd = 9
Socket not ready, repolling fd = 9
Socket not ready, repolling fd = 9
Socket not ready, repolling fd = 9
Socket not ready, repolling fd = 9
Socket not ready, repolling fd = 9
Socket not ready, repolling fd = 9
Socket not ready, repolling fd = 9
Socket not ready, repolling fd = 9
Socket not ready, repolling fd = 9
Socket not ready, repolling fd = 9
Socket not ready, repolling fd = 9
Socket not ready, repolling fd = 9
Socket not ready, repolling fd = 9
Socket not ready, repolling fd = 9
Socket not ready, repolling fd = 9
Socket not ready, repolling fd = 9
Socket not ready, repolling fd = 9
Socket not ready, repolling fd = 9
Socket not ready, repolling fd = 9
Socket not ready, repolling fd = 9
Socket not ready, repolling fd = 9
Socket not ready, repolling fd = 9
Socket not ready, repolling fd = 9
Socket not ready, repolling fd = 9
Socket not ready, repolling fd = 9
Socket not ready, repolling fd = 9
Socket not ready, repolling fd = 9
Socket not ready, repolling fd = 9
Socket not ready, repolling fd = 9
Socket not ready, repolling fd = 9
Socket not ready, repolling fd = 9
Socket not ready, repolling fd = 9
Socket not ready, repolling fd = 9
Socket not ready, repolling fd = 9
Socket not ready, repolling fd = 9
Socket not ready, repolling fd = 9
Socket not ready, repolling fd = 9
Socket not ready, repolling fd = 9
Socket not ready, repolling fd = 9
Socket not ready, repolling fd = 9
Socket not ready, repolling fd = 9
Socket not ready, repolling fd = 9
Socket not ready, repolling fd = 9
Socket not ready, repolling fd = 9
Socket not ready, repolling fd = 9
Socket not ready, repolling fd = 9
Socket not ready, repolling fd = 9
Socket not ready, repolling fd = 9
Socket not ready, repolling fd = 9
Socket not ready, repolling fd = 9
Socket not ready, repolling fd = 9
Socket not ready, repolling fd = 9
Socket not ready, repolling fd = 9
Socket not ready, repolling fd = 9
Socket not ready, repolling fd = 9
Socket not ready, repolling fd = 9
Socket not ready, repolling fd = 9
Socket not ready, repolling fd = 9
Socket not ready, repolling fd = 9
Socket not ready, repolling fd = 9
Socket not ready, repolling fd = 9
Socket not ready, repolling fd = 9
Socket not ready, repolling fd = 9
Socket not ready, repolling fd = 9
Socket not ready, repolling fd = 9
Socket not ready, repolling fd = 9
Socket not ready, repolling fd = 9
Socket not ready, repolling fd = 9
Socket not ready, repolling fd = 9
Socket not ready, repolling fd = 9
Socket not ready, repolling fd = 9
Socket not ready, repolling fd = 9
Socket not ready, repolling fd = 9
Socket not ready, repolling fd = 9
Socket not ready, repolling fd = 9
Socket not ready, repolling fd = 9
Socket not ready, repolling fd = 9
Socket not ready, repolling fd = 9
Socket not ready, repolling fd = 9
Socket not ready, repolling fd = 9
Socket not ready, repolling fd = 9
Socket not ready, repolling fd = 9
Socket not ready, repolling fd = 9
Socket not ready, repolling fd = 9
Socket not ready, repolling fd = 9
Socket not ready, repolling fd = 9
Socket not ready, repolling fd = 9
Socket not ready, repolling fd = 9
Socket not ready, repolling fd = 9
Socket not ready, repolling fd = 9
Socket not ready, repolling fd = 9
Socket not ready, repolling fd = 9
Socket not ready, repolling fd = 9
Socket not ready, repolling fd = 9
Socket not ready, repolling fd = 9
Socket not ready, repolling fd = 9
Socket not ready, repolling fd = 9
Socket not ready, repolling fd = 9
Socket not ready, repolling fd = 9
Socket not ready, repolling fd = 9
Socket not ready, repolling fd = 9
Socket not ready, repolling fd = 9
Socket not ready, repolling fd = 9
Socket not ready, repolling fd = 9
Socket not ready, repolling fd = 9
Socket not ready, repolling fd = 9
Socket not ready, repolling fd = 9
Socket not ready, repolling fd = 9
Socket not ready, repolling fd = 9
Socket not ready, repolling fd = 9
Socket not ready, repolling fd = 9
Socket not ready, repolling fd = 9
Socket not ready, repolling fd = 9
Socket not ready, repolling fd = 9
Socket not ready, repolling fd = 9
Socket not ready, repolling fd = 9
Socket not ready, repolling fd = 9
Socket not ready, repolling fd = 9
Socket not ready, repolling fd = 9
Socket not ready, repolling fd = 9
Socket not ready, repolling fd = 9
Socket not ready, repolling fd = 9
Socket not ready, repolling fd = 9
Socket not ready, repolling fd = 9
Socket not ready, repolling fd = 9
Socket not ready, repolling fd = 9
Socket not ready, repolling fd = 9
Socket not ready, repolling fd = 9
Socket not ready, repolling fd = 9
Socket not ready, repolling fd = 9
Socket not ready, repolling fd = 9
Socket not ready, repolling fd = 9
Socket not ready, repolling fd = 8
Socket not ready, repolling fd = 8
Socket not ready, repolling fd = 8
Socket not ready, repolling fd = 8
Socket not ready, repolling fd = 8
Socket not ready, repolling fd = 8
Socket not ready, repolling fd = 8
Socket not ready, repolling fd = 8
Socket not ready, repolling fd = 8
Socket not ready, repolling fd = 8
Socket not ready, repolling fd = 8
Socket not ready, repolling fd = 8
Socket not ready, repolling fd = 8
Socket not ready, repolling fd = 8
Socket not ready, repolling fd = 8
Socket not ready, repolling fd = 8
Socket not ready, repolling fd = 8
Socket not ready, repolling fd = 8
Socket not ready, repolling fd = 8
Socket not ready, repolling fd = 8
Socket not ready, repolling fd = 8
Socket not ready, repolling fd = 8
Socket not ready, repolling fd = 8
Socket not ready, repolling fd = 8
Socket not ready, repolling fd = 8
Socket not ready, repolling fd = 8
Socket not ready, repolling fd = 8
Socket not ready, repolling fd = 8
Socket not ready, repolling fd = 8
Socket not ready, repolling fd = 8
Socket not ready, repolling fd = 8
Socket not ready, repolling fd = 8
Socket not ready, repolling fd = 8
Socket not ready, repolling fd = 8
Socket not ready, repolling fd = 8
Socket not ready, repolling fd = 8
Socket not ready, repolling fd = 8
Socket not ready, repolling fd = 8
Socket not ready, repolling fd = 8
Socket not ready, repolling fd = 8
Socket not ready, repolling fd = 8
Socket not ready, repolling fd = 8
Socket not ready, repolling fd = 8
Socket not ready, repolling fd = 8
Socket not ready, repolling fd = 8
Socket not ready, repolling fd = 8
Socket not ready, repolling fd = 8
Socket not ready, repolling fd = 8
Socket not ready, repolling fd = 8
Socket not ready, repolling fd = 8
Socket not ready, repolling fd = 8
Socket not ready, repolling fd = 8
Socket not ready, repolling fd = 8
Socket not ready, repolling fd = 8
Socket not ready, repolling fd = 8
Socket not ready, repolling fd = 8
Socket not ready, repolling fd = 8
Socket not ready, repolling fd = 8
Socket not ready, repolling fd = 8
Socket not ready, repolling fd = 8
Socket not ready, repolling fd = 8
Socket not ready, repolling fd = 8
Socket not ready, repolling fd = 8
Socket not ready, repolling fd = 8
Socket not ready, repolling fd = 8
Socket not ready, repolling fd = 8
Socket not ready, repolling fd = 8
Socket not ready, repolling fd = 8
Socket not ready, repolling fd = 8
Socket not ready, repolling fd = 8
Socket not ready, repolling fd = 8
Socket not ready, repolling fd = 8
Socket not ready, repolling fd = 8
Socket not ready, repolling fd = 8
Socket not ready, repolling fd = 8
Socket not ready, repolling fd = 8
Socket not ready, repolling fd = 8
Socket not ready, repolling fd = 8
Socket not ready, repolling fd = 8
Socket not ready, repolling fd = 8
Socket not ready, repolling fd = 8
Socket not ready, repolling fd = 8
Socket not ready, repolling fd = 8
Socket not ready, repolling fd = 8
Socket not ready, repolling fd = 8
Socket not ready, repolling fd = 8
Socket not ready, repolling fd = 8
Socket not ready, repolling fd = 8
Socket not ready, repolling fd = 8
Socket not ready, repolling fd = 8
Socket not ready, repolling fd = 8
Socket not ready, repolling fd = 8
Socket not ready, repolling fd = 8
Socket not ready, repolling fd = 8
Socket not ready, repolling fd = 8
Socket not ready, repolling fd = 8
Socket not ready, repolling fd = 8
Socket not ready, repolling fd = 8
Socket not ready, repolling fd = 8
Socket not ready, repolling fd = 8
Socket not ready, repolling fd = 8
Socket not ready, repolling fd = 8
Socket not ready, repolling fd = 8
Socket not ready, repolling fd = 8
Socket not ready, repolling fd = 8
Socket not ready, repolling fd = 8
Socket not ready, repolling fd = 8
Socket not ready, repolling fd = 8
Socket not ready, repolling fd = 8
Socket not ready, repolling fd = 8
Socket not ready, repolling fd = 8
Socket not ready, repolling fd = 8
Socket not ready, repolling fd = 8
Socket not ready, repolling fd = 8
Socket not ready, repolling fd = 8
Socket not ready, repolling fd = 8
Socket not ready, repolling fd = 8
Socket not ready, repolling fd = 8
Socket not ready, repolling fd = 8
Socket not ready, repolling fd = 8
Socket not ready, repolling fd = 8
Socket not ready, repolling fd = 8
Socket not ready, repolling fd = 8
Socket not ready, repolling fd = 8
Socket not ready, repolling fd = 8
Socket not ready, repolling fd = 8
Socket not ready, repolling fd = 8
Socket not ready, repolling fd = 8
Socket not ready, repolling fd = 8
Socket not ready, repolling fd = 8
Socket not ready, repolling fd = 8
Socket not ready, repolling fd = 8
Socket not ready, repolling fd = 8
Socket not ready, repolling fd = 8
Socket not ready, repolling fd = 8
Socket not ready, repolling fd = 8
Socket not ready, repolling fd = 8
Socket not ready, repolling fd = 8
Socket not ready, repolling fd = 8
Socket not ready, repolling fd = 8
Socket not ready, repolling fd = 8
Socket not ready, repolling fd = 8
Socket not ready, repolling fd = 8
Socket not ready, repolling fd = 8
Socket not ready, repolling fd = 8
Socket not ready, repolling fd = 8
Socket not ready, repolling fd = 8
Socket not ready, repolling fd = 8
Socket not ready, repolling fd = 8
Socket not ready, repolling fd = 8
Socket not ready, repolling fd = 8
Socket not ready, repolling fd = 8
Socket not ready, repolling fd = 8
Socket not ready, repolling fd = 8
Socket not ready, repolling fd = 8
Socket not ready, repolling fd = 8
Socket not ready, repolling fd = 8
Socket not ready, repolling fd = 8
Socket not ready, repolling fd = 8
Socket not ready, repolling fd = 8
Socket not ready, repolling fd = 8
Socket not ready, repolling fd = 8
Socket not ready, repolling fd = 8
Socket not ready, repolling fd = 8
Socket not ready, repolling fd = 8
Socket not ready, repolling fd = 8
Socket not ready, repolling fd = 8
Socket not ready, repolling fd = 8
Socket not ready, repolling fd = 8
Socket not ready, repolling fd = 8
Socket not ready, repolling fd = 8
Socket not ready, repolling fd = 8
Socket not ready, repolling fd = 8
Socket not ready, repolling fd = 8
Socket not ready, repolling fd = 8
Socket not ready, repolling fd = 8
Socket not ready, repolling fd = 8
Socket not ready, repolling fd = 8
Socket not ready, repolling fd = 8
Socket not ready, repolling fd = 8
Socket not ready, repolling fd = 8
Socket not ready, repolling fd = 8
Socket not ready, repolling fd = 8
Socket not ready, repolling fd = 8
Socket not ready, repolling fd = 8
Socket not ready, repolling fd = 8
Socket not ready, repolling fd = 8
Socket not ready, repolling fd = 8
Socket not ready, repolling fd = 8
Socket not ready, repolling fd = 8
Socket not ready, repolling fd = 8
Socket not ready, repolling fd = 8
Socket not ready, repolling fd = 8
Socket not ready, repolling fd = 8
Socket not ready, repolling fd = 8
Socket not ready, repolling fd = 8
Socket not ready, repolling fd = 8
Socket not ready, repolling fd = 8
Socket not ready, repolling fd = 8
Socket not ready, repolling fd = 8
Socket not ready, repolling fd = 8
Socket not ready, repolling fd = 8
Socket not ready, repolling fd = 8
Socket not ready, repolling fd = 8
Socket not ready, repolling fd = 8
Socket not ready, repolling fd = 8
Socket not ready, repolling fd = 8
Socket not ready, repolling fd = 8
Socket not ready, repolling fd = 8
Socket not ready, repolling fd = 8
Socket not ready, repolling fd = 8
Socket not ready, repolling fd = 8
Socket not ready, repolling fd = 8
Socket not ready, repolling fd = 8
Socket not ready, repolling fd = 8
Socket not ready, repolling fd = 8
Socket not ready, repolling fd = 8
Socket not ready, repolling fd = 8
Socket not ready, repolling fd = 8
Socket not ready, repolling fd = 8
Socket not ready, repolling fd = 8
Socket not ready, repolling fd = 8
Socket not ready, repolling fd = 8
Socket not ready, repolling fd = 8
Socket not ready, repolling fd = 8
Socket not ready, repolling fd = 8
Socket not ready, repolling fd = 8
Socket not ready, repolling fd = 8
Socket not ready, repolling fd = 8
Socket not ready, repolling fd = 8
Socket not ready, repolling fd = 8
Socket not ready, repolling fd = 8
Socket not ready, repolling fd = 8
Socket not ready, repolling fd = 8
Socket not ready, repolling fd = 8
Socket not ready, repolling fd = 8
Socket not ready, repolling fd = 8
Socket not ready, repolling fd = 8
Socket not ready, repolling fd = 8
Socket not ready, repolling fd = 8
Socket not ready, repolling fd = 8
Socket not ready, repolling fd = 8
Socket not ready, repolling fd = 8
Socket not ready, repolling fd = 8
Socket not ready, repolling fd = 8
Socket not ready, repolling fd = 8
Socket not ready, repolling fd = 8
Socket not ready, repolling fd = 8
Socket not ready, repolling fd = 8
Socket not ready, repolling fd = 8
Socket not ready, repolling fd = 8
Socket not ready, repolling fd = 8
Socket not ready, repolling fd = 8
Socket not ready, repolling fd = 8
Socket not ready, repolling fd = 8
Socket not ready, repolling fd = 8
Socket not ready, repolling fd = 8
Socket not ready, repolling fd = 8
Socket not ready, repolling fd = 8
Socket not ready, repolling fd = 8
Socket not ready, repolling fd = 8
Socket not ready, repolling fd = 8
Socket not ready, repolling fd = 8
Socket not ready, repolling fd = 8
Socket not ready, repolling fd = 8
Socket not ready, repolling fd = 8
Socket not ready, repolling fd = 8
Socket not ready, repolling fd = 8
Socket not ready, repolling fd = 8
Socket not ready, repolling fd = 8
Socket not ready, repolling fd = 8
Socket not ready, repolling fd = 8
Socket not ready, repolling fd = 8
Socket not ready, repolling fd = 8
Socket not ready, repolling fd = 8
Socket not ready, repolling fd = 8
Socket not ready, repolling fd = 8
Socket not ready, repolling fd = 8
Socket not ready, repolling fd = 8
Socket not ready, repolling fd = 8
Socket not ready, repolling fd = 8
Socket not ready, repolling fd = 8
Socket not ready, repolling fd = 8
Socket not ready, repolling fd = 8
Socket not ready, repolling fd = 8
Socket not ready, repolling fd = 8
Socket not ready, repolling fd = 8
Socket not ready, repolling fd = 8
Socket not ready, repolling fd = 8
Socket not ready, repolling fd = 8
Socket not ready, repolling fd = 8
Socket not ready, repolling fd = 8
Socket not ready, repolling fd = 8
Socket not ready, repolling fd = 8
Socket not ready, repolling fd = 8
Socket not ready, repolling fd = 8
Socket not ready, repolling fd = 8
Socket not ready, repolling fd = 8
Socket not ready, repolling fd = 8
Socket not ready, repolling fd = 8
Socket not ready, repolling fd = 8
Socket not ready, repolling fd = 8
Socket not ready, repolling fd = 8
Socket not ready, repolling fd = 8
Socket not ready, repolling fd = 8
Socket not ready, repolling fd = 8
Socket not ready, repolling fd = 8
Socket not ready, repolling fd = 8
Socket not ready, repolling fd = 8
Socket not ready, repolling fd = 8
Socket not ready, repolling fd = 8
Socket not ready, repolling fd = 8
Socket not ready, repolling fd = 8
Socket not ready, repolling fd = 8
Socket not ready, repolling fd = 8
Socket not ready, repolling fd = 8
Socket not ready, repolling fd = 8
Socket not ready, repolling fd = 8
Socket not ready, repolling fd = 8
Socket not ready, repolling fd = 8
Socket not ready, repolling fd = 8
Socket not ready, repolling fd = 8
Socket not ready, repolling fd = 8
Socket not ready, repolling fd = 8
Socket not ready, repolling fd = 8
Socket not ready, repolling fd = 8
Socket not ready, repolling fd = 8
Socket not ready, repolling fd = 8
Socket not ready, repolling fd = 8
Socket not ready, repolling fd = 8
Socket not ready, repolling fd = 8
Socket not ready, repolling fd = 8
Socket not ready, repolling fd = 8
Socket not ready, repolling fd = 8
Socket not ready, repolling fd = 8
Socket not ready, repolling fd = 8
Socket not ready, repolling fd = 8
Socket not ready, repolling fd = 8
Socket not ready, repolling fd = 8
Socket not ready, repolling fd = 8
Socket not ready, repolling fd = 8
Socket not ready, repolling fd = 8
Socket not ready, repolling fd = 8
Socket not ready, repolling fd = 8
Socket not ready, repolling fd = 8
Socket not ready, repolling fd = 8
Socket not ready, repolling fd = 8
Socket not ready, repolling fd = 8
Socket not ready, repolling fd = 8
Socket not ready, repolling fd = 8
Socket not ready, repolling fd = 8
Socket not ready, repolling fd = 8
Socket not ready, repolling fd = 8
Socket not ready, repolling fd = 8
Socket not ready, repolling fd = 8
Socket not ready, repolling fd = 8
Socket not ready, repolling fd = 8
Socket not ready, repolling fd = 8
Socket not ready, repolling fd = 8
Socket not ready, repolling fd = 8
Socket not ready, repolling fd = 8
Socket not ready, repolling fd = 8
Socket not ready, repolling fd = 8
Socket not ready, repolling fd = 8
Socket not ready, repolling fd = 8
Socket not ready, repolling fd = 8
Socket not ready, repolling fd = 8
Socket not ready, repolling fd = 8
Socket not ready, repolling fd = 8
Socket not ready, repolling fd = 8
Socket not ready, repolling fd = 8
Socket not ready, repolling fd = 8
Socket not ready, repolling fd = 8
Socket not ready, repolling fd = 8
Socket not ready, repolling fd = 8
Socket not ready, repolling fd = 8
Socket not ready, repolling fd = 8
Socket not ready, repolling fd = 8
Socket not ready, repolling fd = 8
Socket not ready, repolling fd = 8
Socket not ready, repolling fd = 8
Socket not ready, repolling fd = 8
Socket not ready, repolling fd = 8
Socket not ready, repolling fd = 8
Socket not ready, repolling fd = 8
Socket not ready, repolling fd = 8
Socket not ready, repolling fd = 8
Socket not ready, repolling fd = 8
Socket not ready, repolling fd = 8
Socket not ready, repolling fd = 8
Socket not ready, repolling fd = 8
Socket not ready, repolling fd = 8
Socket not ready, repolling fd = 8
Socket not ready, repolling fd = 8
Socket not ready, repolling fd = 8
Socket not ready, repolling fd = 8
Socket not ready, repolling fd = 8
Socket not ready, repolling fd = 8
Socket not ready, repolling fd = 8
Socket not ready, repolling fd = 8
Socket not ready, repolling fd = 8
Socket not ready, repolling fd = 8
Socket not ready, repolling fd = 8
Socket not ready, repolling fd = 8
Socket not ready, repolling fd = 8
Socket not ready, repolling fd = 8
Socket not ready, repolling fd = 8
Socket not ready, repolling fd = 8
Socket not ready, repolling fd = 8
Socket not ready, repolling fd = 8
Socket not ready, repolling fd = 8
Socket not ready, repolling fd = 8
Socket not ready, repolling fd = 8
Socket not ready, repolling fd = 8
Socket not ready, repolling fd = 8
Socket not ready, repolling fd = 8
Socket not ready, repolling fd = 8
Socket not ready, repolling fd = 8
Socket not ready, repolling fd = 8
Socket not ready, repolling fd = 8
Socket not ready, repolling fd = 8
Socket not ready, repolling fd = 8
Socket not ready, repolling fd = 8
Socket not ready, repolling fd = 8
Socket not ready, repolling fd = 8
Socket not ready, repolling fd = 8
Socket not ready, repolling fd = 8
Socket not ready, repolling fd = 8
Socket not ready, repolling fd = 8
Socket not ready, repolling fd = 8
Socket not ready, repolling fd = 8
Socket not ready, repolling fd = 8
Socket not ready, repolling fd = 8
Socket not ready, repolling fd = 8
Socket not ready, repolling fd = 8
Socket not ready, repolling fd = 8
Socket not ready, repolling fd = 8
Socket not ready, repolling fd = 8
Socket not ready, repolling fd = 8
Socket not ready, repolling fd = 8
Socket not ready, repolling fd = 8
Socket not ready, repolling fd = 8
Socket not ready, repolling fd = 8
Socket not ready, repolling fd = 8
Socket not ready, repolling fd = 8
Socket not ready, repolling fd = 8
Socket not ready, repolling fd = 8
Socket not ready, repolling fd = 8
Socket not ready, repolling fd = 8
Socket not ready, repolling fd = 8
Socket not ready, repolling fd = 8
Socket not ready, repolling fd = 8
Socket not ready, repolling fd = 8
Socket not ready, repolling fd = 8
Socket not ready, repolling fd = 8
Socket not ready, repolling fd = 8
Socket not ready, repolling fd = 8
Socket not ready, repolling fd = 8
Socket not ready, repolling fd = 8
Socket not ready, repolling fd = 8
Socket not ready, repolling fd = 8
Socket not ready, repolling fd = 8
Socket not ready, repolling fd = 8
Socket not ready, repolling fd = 8
Socket not ready, repolling fd = 8
Socket not ready, repolling fd = 8
Socket not ready, repolling fd = 8
Socket not ready, repolling fd = 8
Socket not ready, repolling fd = 8
Socket not ready, repolling fd = 8
Socket not ready, repolling fd = 8
Socket not ready, repolling fd = 8
Socket not ready, repolling fd = 8
Socket not ready, repolling fd = 8
Socket not ready, repolling fd = 8
Socket not ready, repolling fd = 8
Socket not ready, repolling fd = 8
Socket not ready, repolling fd = 8
Socket not ready, repolling fd = 8
Socket not ready, repolling fd = 8
Socket not ready, repolling fd = 8
Socket not ready, repolling fd = 8
Socket not ready, repolling fd = 8
Socket not ready, repolling fd = 8
Socket not ready, repolling fd = 8
Socket not ready, repolling fd = 8
Socket not ready, repolling fd = 8
Socket not ready, repolling fd = 8
Socket not ready, repolling fd = 8
Socket not ready, repolling fd = 8
Socket not ready, repolling fd = 8
Socket not ready, repolling fd = 8
Socket not ready, repolling fd = 8
Socket not ready, repolling fd = 8
Socket not ready, repolling fd = 8
Socket not ready, repolling fd = 8
Socket not ready, repolling fd = 8
Socket not ready, repolling fd = 8
Socket not ready, repolling fd = 8
Socket not ready, repolling fd = 8
Socket not ready, repolling fd = 8
Socket not ready, repolling fd = 8
Socket not ready, repolling fd = 8
Socket not ready, repolling fd = 8
Socket not ready, repolling fd = 8
Socket not ready, repolling fd = 8
Socket not ready, repolling fd = 8
Socket not ready, repolling fd = 8
Socket not ready, repolling fd = 8
Socket not ready, repolling fd = 8
Socket not ready, repolling fd = 8
Socket not ready, repolling fd = 8
Socket not ready, repolling fd = 8
Socket not ready, repolling fd = 8
Socket not ready, repolling fd = 8
Socket not ready, repolling fd = 8
Socket not ready, repolling fd = 8
Socket not ready, repolling fd = 8
Socket not ready, repolling fd = 8
Socket not ready, repolling fd = 8
Socket not ready, repolling fd = 8
Socket not ready, repolling fd = 8
Socket not ready, repolling fd = 7
Socket not ready, repolling fd = 7
Socket not ready, repolling fd = 7
Socket not ready, repolling fd = 7
Socket not ready, repolling fd = 7
Socket not ready, repolling fd = 7
Socket not ready, repolling fd = 7
Socket not ready, repolling fd = 7
Socket not ready, repolling fd = 7
Socket not ready, repolling fd = 7
Socket not ready, repolling fd = 7
Socket not ready, repolling fd = 7
Socket not ready, repolling fd = 7
Socket not ready, repolling fd = 7
Socket not ready, repolling fd = 7
Socket not ready, repolling fd = 7
Socket not ready, repolling fd = 7
Socket not ready, repolling fd = 7
Socket not ready, repolling fd = 7
Socket not ready, repolling fd = 7
Socket not ready, repolling fd = 7
Socket not ready, repolling fd = 7
Socket not ready, repolling fd = 7
Socket not ready, repolling fd = 7
Socket not ready, repolling fd = 7
Socket not ready, repolling fd = 7
Socket not ready, repolling fd = 7
Socket not ready, repolling fd = 7
Socket not ready, repolling fd = 7
Socket not ready, repolling fd = 7
Socket not ready, repolling fd = 7
Socket not ready, repolling fd = 7
Socket not ready, repolling fd = 7
Socket not ready, repolling fd = 7
Socket not ready, repolling fd = 7
Socket not ready, repolling fd = 7
Socket not ready, repolling fd = 7
Socket not ready, repolling fd = 7
Socket not ready, repolling fd = 7
Socket not ready, repolling fd = 7
Socket not ready, repolling fd = 7
Socket not ready, repolling fd = 7
Socket not ready, repolling fd = 7
Socket not ready, repolling fd = 7
Socket not ready, repolling fd = 7
Socket not ready, repolling fd = 7
Socket not ready, repolling fd = 7
Socket not ready, repolling fd = 7
Socket not ready, repolling fd = 7
Socket not ready, repolling fd = 7
Socket not ready, repolling fd = 7
Socket not ready, repolling fd = 7
Socket not ready, repolling fd = 7
Socket not ready, repolling fd = 7
Socket not ready, repolling fd = 7
Socket not ready, repolling fd = 7
Socket not ready, repolling fd = 7
Socket not ready, repolling fd = 7
Socket not ready, repolling fd = 7
Socket not ready, repolling fd = 7
Socket not ready, repolling fd = 7
Socket not ready, repolling fd = 7
Socket not ready, repolling fd = 7
Socket not ready, repolling fd = 7
Socket not ready, repolling fd = 7
Socket not ready, repolling fd = 7
Socket not ready, repolling fd = 7
Socket not ready, repolling fd = 7
Socket not ready, repolling fd = 7
Socket not ready, repolling fd = 7
Socket not ready, repolling fd = 7
Socket not ready, repolling fd = 7
Socket not ready, repolling fd = 7
Socket not ready, repolling fd = 7
Socket not ready, repolling fd = 7
Socket not ready, repolling fd = 7
Socket not ready, repolling fd = 7
Socket not ready, repolling fd = 7
Socket not ready, repolling fd = 7
Socket not ready, repolling fd = 7
Socket not ready, repolling fd = 7
Socket not ready, repolling fd = 7
Socket not ready, repolling fd = 7
Socket not ready, repolling fd = 7
Socket not ready, repolling fd = 7
Socket not ready, repolling fd = 7
Socket not ready, repolling fd = 7
Socket not ready, repolling fd = 7
Socket not ready, repolling fd = 7
Socket not ready, repolling fd = 7
Socket not ready, repolling fd = 7
Socket not ready, repolling fd = 7
Socket not ready, repolling fd = 7
Socket not ready, repolling fd = 7
Socket not ready, repolling fd = 7
Socket not ready, repolling fd = 7
Socket not ready, repolling fd = 7
Socket not ready, repolling fd = 7
Socket not ready, repolling fd = 7
Socket not ready, repolling fd = 7
Socket not ready, repolling fd = 7
Socket not ready, repolling fd = 7
Socket not ready, repolling fd = 7
Socket not ready, repolling fd = 7
Socket not ready, repolling fd = 7
Socket not ready, repolling fd = 7
Socket not ready, repolling fd = 7
Socket not ready, repolling fd = 7
Socket not ready, repolling fd = 7
Socket not ready, repolling fd = 7
Socket not ready, repolling fd = 7
Socket not ready, repolling fd = 7
Socket not ready, repolling fd = 7
Socket not ready, repolling fd = 7
Socket not ready, repolling fd = 7
Socket not ready, repolling fd = 7
Socket not ready, repolling fd = 7
Socket not ready, repolling fd = 7
Socket not ready, repolling fd = 7
Socket not ready, repolling fd = 7
Socket not ready, repolling fd = 7
Socket not ready, repolling fd = 7
Socket not ready, repolling fd = 7
Socket not ready, repolling fd = 7
Socket not ready, repolling fd = 7
Socket not ready, repolling fd = 7
Socket not ready, repolling fd = 7
Socket not ready, repolling fd = 7
Socket not ready, repolling fd = 7
Socket not ready, repolling fd = 7
Socket not ready, repolling fd = 7
Socket not ready, repolling fd = 7
Socket not ready, repolling fd = 7
Socket not ready, repolling fd = 7
Socket not ready, repolling fd = 7
Socket not ready, repolling fd = 7
Socket not ready, repolling fd = 7
Socket not ready, repolling fd = 7
Socket not ready, repolling fd = 7
Socket not ready, repolling fd = 7
Socket not ready, repolling fd = 7
Socket not ready, repolling fd = 7
Socket not ready, repolling fd = 7
Socket not ready, repolling fd = 7
Socket not ready, repolling fd = 7
Socket not ready, repolling fd = 7
Socket not ready, repolling fd = 7
Socket not ready, repolling fd = 7
Socket not ready, repolling fd = 7
Socket not ready, repolling fd = 7
Socket not ready, repolling fd = 7
Socket not ready, repolling fd = 7
Socket not ready, repolling fd = 7
Socket not ready, repolling fd = 7
Socket not ready, repolling fd = 7
Socket not ready, repolling fd = 7
Socket not ready, repolling fd = 7
Socket not ready, repolling fd = 7
Socket not ready, repolling fd = 7
Socket not ready, repolling fd = 7
Socket not ready, repolling fd = 7
Socket not ready, repolling fd = 7
Socket not ready, repolling fd = 7
Socket not ready, repolling fd = 7
Socket not ready, repolling fd = 7
Socket not ready, repolling fd = 7
Socket not ready, repolling fd = 7
Socket not ready, repolling fd = 7
Socket not ready, repolling fd = 7
Socket not ready, repolling fd = 7
Socket not ready, repolling fd = 7
Socket not ready, repolling fd = 7
Socket not ready, repolling fd = 7
Socket not ready, repolling fd = 7
Socket not ready, repolling fd = 7
Socket not ready, repolling fd = 7
Socket not ready, repolling fd = 7
Socket not ready, repolling fd = 7
Socket not ready, repolling fd = 7
Socket not ready, repolling fd = 7
Socket not ready, repolling fd = 7
Socket not ready, repolling fd = 7
Socket not ready, repolling fd = 7
Socket not ready, repolling fd = 7
Socket not ready, repolling fd = 7
Socket not ready, repolling fd = 7
Socket not ready, repolling fd = 7
Socket not ready, repolling fd = 7
Socket not ready, repolling fd = 7
Socket not ready, repolling fd = 7
Socket not ready, repolling fd = 7
Socket not ready, repolling fd = 7
Socket not ready, repolling fd = 7
Socket not ready, repolling fd = 7
Socket not ready, repolling fd = 7
Socket not ready, repolling fd = 7
Socket not ready, repolling fd = 7
Socket not ready, repolling fd = 7
Socket not ready, repolling fd = 7
Socket not ready, repolling fd = 7
Socket not ready, repolling fd = 7
Socket not ready, repolling fd = 7
Socket not ready, repolling fd = 7
Socket not ready, repolling fd = 7
Socket not ready, repolling fd = 7
Socket not ready, repolling fd = 7
Socket not ready, repolling fd = 7
Socket not ready, repolling fd = 7
Socket not ready, repolling fd = 7
Socket not ready, repolling fd = 7
Socket not ready, repolling fd = 7
Socket not ready, repolling fd = 7
Socket not ready, repolling fd = 7
Socket not ready, repolling fd = 7
Socket not ready, repolling fd = 7
Socket not ready, repolling fd = 7
Socket not ready, repolling fd = 7
Socket not ready, repolling fd = 7
Socket not ready, repolling fd = 7
Socket not ready, repolling fd = 7
Socket not ready, repolling fd = 7
Socket not ready, repolling fd = 7
Socket not ready, repolling fd = 7
Socket not ready, repolling fd = 7
Socket not ready, repolling fd = 7
Socket not ready, repolling fd = 7
Socket not ready, repolling fd = 7
Socket not ready, repolling fd = 7
Socket not ready, repolling fd = 7
Socket not ready, repolling fd = 7
Socket not ready, repolling fd = 7
Socket not ready, repolling fd = 7
Socket not ready, repolling fd = 7
Socket not ready, repolling fd = 7
Socket not ready, repolling fd = 7
Socket not ready, repolling fd = 7
Socket not ready, repolling fd = 7
Socket not ready, repolling fd = 7
Socket not ready, repolling fd = 7
Socket not ready, repolling fd = 7
Socket not ready, repolling fd = 7
Socket not ready, repolling fd = 7
Socket not ready, repolling fd = 7
Socket not ready, repolling fd = 7
Socket not ready, repolling fd = 7
Socket not ready, repolling fd = 7
Socket not ready, repolling fd = 7
Socket not ready, repolling fd = 7
Socket not ready, repolling fd = 7
Socket not ready, repolling fd = 7
Socket not ready, repolling fd = 7
Socket not ready, repolling fd = 7
Socket not ready, repolling fd = 7
Socket not ready, repolling fd = 7
Socket not ready, repolling fd = 7
Socket not ready, repolling fd = 7
Socket not ready, repolling fd = 7
Socket not ready, repolling fd = 7
Socket not ready, repolling fd = 7
Socket not ready, repolling fd = 7
Socket not ready, repolling fd = 7
Socket not ready, repolling fd = 7
Socket not ready, repolling fd = 7
Socket not ready, repolling fd = 7
Socket not ready, repolling fd = 7
Socket not ready, repolling fd = 7
Socket not ready, repolling fd = 7
Socket not ready, repolling fd = 7
Socket not ready, repolling fd = 7
Socket not ready, repolling fd = 7
Socket not ready, repolling fd = 7
Socket not ready, repolling fd = 7
Socket not ready, repolling fd = 7
Socket not ready, repolling fd = 7
Socket not ready, repolling fd = 7
Socket not ready, repolling fd = 7
Socket not ready, repolling fd = 7
Socket not ready, repolling fd = 7
Socket not ready, repolling fd = 7
Socket not ready, repolling fd = 7
Socket not ready, repolling fd = 7
Socket not ready, repolling fd = 7
Socket not ready, repolling fd = 7
Socket not ready, repolling fd = 7
Socket not ready, repolling fd = 7
Socket not ready, repolling fd = 7
Socket not ready, repolling fd = 7
Socket not ready, repolling fd = 7
Socket not ready, repolling fd = 7
Socket not ready, repolling fd = 7
Socket not ready, repolling fd = 7
Socket not ready, repolling fd = 7
Socket not ready, repolling fd = 7
Socket not ready, repolling fd = 7
Socket not ready, repolling fd = 7
Socket not ready, repolling fd = 7
Socket not ready, repolling fd = 7
Socket not ready, repolling fd = 7
Socket not ready, repolling fd = 7
Socket not ready, repolling fd = 7
Socket not ready, repolling fd = 7
Socket not ready, repolling fd = 7
Socket not ready, repolling fd = 7
Socket not ready, repolling fd = 7
Socket not ready, repolling fd = 7
Socket not ready, repolling fd = 7
Socket not ready, repolling fd = 7
Socket not ready, repolling fd = 7
Socket not ready, repolling fd = 7
Socket not ready, repolling fd = 7
Socket not ready, repolling fd = 7
Socket not ready, repolling fd = 7
Socket not ready, repolling fd = 7
Socket not ready, repolling fd = 7
Socket not ready, repolling fd = 7
Socket not ready, repolling fd = 7
Socket not ready, repolling fd = 7
Socket not ready, repolling fd = 7
Socket not ready, repolling fd = 7
Socket not ready, repolling fd = 7
Socket not ready, repolling fd = 7
Socket not ready, repolling fd = 7
Socket not ready, repolling fd = 7
Socket not ready, repolling fd = 7
Socket not ready, repolling fd = 7
Socket not ready, repolling fd = 7
Socket not ready, repolling fd = 7
Socket not ready, repolling fd = 7
Socket not ready, repolling fd = 7
Socket not ready, repolling fd = 7
Socket not ready, repolling fd = 7
Socket not ready, repolling fd = 7
Socket not ready, repolling fd = 7
Socket not ready, repolling fd = 7
Socket not ready, repolling fd = 7
Socket not ready, repolling fd = 7
Socket not ready, repolling fd = 7
Socket not ready, repolling fd = 7
Socket not ready, repolling fd = 7
Socket not ready, repolling fd = 7
Socket not ready, repolling fd = 7
Socket not ready, repolling fd = 7
Socket not ready, repolling fd = 7
Socket not ready, repolling fd = 7
Socket not ready, repolling fd = 7
Socket not ready, repolling fd = 7
Socket not ready, repolling fd = 7
Socket not ready, repolling fd = 7
Socket not ready, repolling fd = 7
Socket not ready, repolling fd = 7
Socket not ready, repolling fd = 7
Socket not ready, repolling fd = 7
Socket not ready, repolling fd = 7
Socket not ready, repolling fd = 7
Socket not ready, repolling fd = 7
Socket not ready, repolling fd = 7
Socket not ready, repolling fd = 7
Socket not ready, repolling fd = 7
Socket not ready, repolling fd = 7
Socket not ready, repolling fd = 7
Socket not ready, repolling fd = 7
Socket not ready, repolling fd = 7
Socket not ready, repolling fd = 7
Socket not ready, repolling fd = 7
Socket not ready, repolling fd = 7
Socket not ready, repolling fd = 7
Socket not ready, repolling fd = 7
Socket not ready, repolling fd = 7
Socket not ready, repolling fd = 7
Socket not ready, repolling fd = 7
Socket not ready, repolling fd = 7
Socket not ready, repolling fd = 7
Socket not ready, repolling fd = 7
Socket not ready, repolling fd = 7
Socket not ready, repolling fd = 7
Socket not ready, repolling fd = 7
Socket not ready, repolling fd = 7
Socket not ready, repolling fd = 7
Socket not ready, repolling fd = 7
Socket not ready, repolling fd = 7
Socket not ready, repolling fd = 7
Socket not ready, repolling fd = 7
Socket not ready, repolling fd = 7
Socket not ready, repolling fd = 7
Socket not ready, repolling fd = 7
Socket not ready, repolling fd = 7
Socket not ready, repolling fd = 7
Socket not ready, repolling fd = 7
Socket not ready, repolling fd = 7
Socket not ready, repolling fd = 7
Socket not ready, repolling fd = 7
Socket not ready, repolling fd = 7
Socket not ready, repolling fd = 7
Socket not ready, repolling fd = 7
Socket not ready, repolling fd = 7
Socket not ready, repolling fd = 7
Socket not ready, repolling fd = 7
Socket not ready, repolling fd = 7
Socket not ready, repolling fd = 7
Socket not ready, repolling fd = 7
Socket not ready, repolling fd = 7
Socket not ready, repolling fd = 7
Socket not ready, repolling fd = 7
Socket not ready, repolling fd = 7
Socket not ready, repolling fd = 7
Socket not ready, repolling fd = 7
Socket not ready, repolling fd = 7
Socket not ready, repolling fd = 7
Socket not ready, repolling fd = 7
Socket not ready, repolling fd = 7
Socket not ready, repolling fd = 7
Socket not ready, repolling fd = 7
Socket not ready, repolling fd = 7
Socket not ready, repolling fd = 7
Socket not ready, repolling fd = 7
Socket not ready, repolling fd = 7
Socket not ready, repolling fd = 7
Socket not ready, repolling fd = 7
Socket not ready, repolling fd = 7
Socket not ready, repolling fd = 7
Socket not ready, repolling fd = 7
Socket not ready, repolling fd = 7
Socket not ready, repolling fd = 7
Socket not ready, repolling fd = 7
Socket not ready, repolling fd = 7
Socket not ready, repolling fd = 7
Socket not ready, repolling fd = 7
Socket not ready, repolling fd = 7
Socket not ready, repolling fd = 7
Socket not ready, repolling fd = 7
Socket not ready, repolling fd = 7
Socket not ready, repolling fd = 7
Socket not ready, repolling fd = 7
Socket not ready, repolling fd = 7
Socket not ready, repolling fd = 7
Socket not ready, repolling fd = 7
Socket not ready, repolling fd = 7
Socket not ready, repolling fd = 7
Socket not ready, repolling fd = 7
Socket not ready, repolling fd = 7
Socket not ready, repolling fd = 7
Socket not ready, repolling fd = 7
Socket not ready, repolling fd = 7
Socket not ready, repolling fd = 7
Socket not ready, repolling fd = 7
Socket not ready, repolling fd = 7
Socket not ready, repolling fd = 7
Socket not ready, repolling fd = 7
Socket not ready, repolling fd = 7
Socket not ready, repolling fd = 7
Socket not ready, repolling fd = 7
Socket not ready, repolling fd = 7
Socket not ready, repolling fd = 7
Socket not ready, repolling fd = 7
Socket not ready, repolling fd = 7
Socket not ready, repolling fd = 7
Socket not ready, repolling fd = 7
Socket not ready, repolling fd = 7
Socket not ready, repolling fd = 7
Socket not ready, repolling fd = 7
Socket not ready, repolling fd = 7
Socket not ready, repolling fd = 7
Socket not ready, repolling fd = 7
Socket not ready, repolling fd = 7
Socket not ready, repolling fd = 7
Socket not ready, repolling fd = 7
Socket not ready, repolling fd = 7
Socket not ready, repolling fd = 7
Socket not ready, repolling fd = 7
Socket not ready, repolling fd = 7
Socket not ready, repolling fd = 7
Socket not ready, repolling fd = 7
Socket not ready, repolling fd = 7
Socket not ready, repolling fd = 7
Socket not ready, repolling fd = 7
Socket not ready, repolling fd = 7
Socket not ready, repolling fd = 7
Socket not ready, repolling fd = 7
Socket not ready, repolling fd = 7
Socket not ready, repolling fd = 7
Socket not ready, repolling fd = 7
Socket not ready, repolling fd = 7
Socket not ready, repolling fd = 7
Socket not ready, repolling fd = 7
Socket not ready, repolling fd = 7
Socket not ready, repolling fd = 7
Socket not ready, repolling fd = 7
Socket not ready, repolling fd = 7
Socket not ready, repolling fd = 7
Socket not ready, repolling fd = 7
Socket not ready, repolling fd = 7
Socket not ready, repolling fd = 7
Socket not ready, repolling fd = 7
Socket not ready, repolling fd = 7
Socket not ready, repolling fd = 7
Socket not ready, repolling fd = 7
Socket not ready, repolling fd = 7
Socket not ready, repolling fd = 7
Socket not ready, repolling fd = 7
Socket not ready, repolling fd = 7
Socket not ready, repolling fd = 7
Socket not ready, repolling fd = 7
Socket not ready, repolling fd = 7
Socket not ready, repolling fd = 7
Socket not ready, repolling fd = 7
Socket not ready, repolling fd = 7
Socket not ready, repolling fd = 7
Socket not ready, repolling fd = 7
Socket not ready, repolling fd = 7
Socket not ready, repolling fd = 7
Socket not ready, repolling fd = 7
Socket not ready, repolling fd = 7
Socket not ready, repolling fd = 7
Socket not ready, repolling fd = 7
Socket not ready, repolling fd = 7
Socket not ready, repolling fd = 7
Socket not ready, repolling fd = 7
Socket not ready, repolling fd = 7
Socket not ready, repolling fd = 9
Socket not ready, repolling fd = 9
Socket not ready, repolling fd = 9
Socket not ready, repolling fd = 9
Socket not ready, repolling fd = 9
Socket not ready, repolling fd = 9
Socket not ready, repolling fd = 9
Socket not ready, repolling fd = 9
Socket not ready, repolling fd = 9
Socket not ready, repolling fd = 9
Socket not ready, repolling fd = 9
Socket not ready, repolling fd = 9
Socket not ready, repolling fd = 9
Socket not ready, repolling fd = 9
Socket not ready, repolling fd = 9
Socket not ready, repolling fd = 9
Socket not ready, repolling fd = 9
Socket not ready, repolling fd = 9
Socket not ready, repolling fd = 9
Socket not ready, repolling fd = 9
Socket not ready, repolling fd = 9
Socket not ready, repolling fd = 9
Socket not ready, repolling fd = 9
Socket not ready, repolling fd = 9
Socket not ready, repolling fd = 9
Socket not ready, repolling fd = 9
Socket not ready, repolling fd = 9
Socket not ready, repolling fd = 9
Socket not ready, repolling fd = 9
Socket not ready, repolling fd = 9
Socket not ready, repolling fd = 9
Socket not ready, repolling fd = 9
Socket not ready, repolling fd = 9
Socket not ready, repolling fd = 9
Socket not ready, repolling fd = 9
Socket not ready, repolling fd = 9
Socket not ready, repolling fd = 9
Socket not ready, repolling fd = 9
Socket not ready, repolling fd = 9
Socket not ready, repolling fd = 9
Socket not ready, repolling fd = 9
Socket not ready, repolling fd = 9
Socket not ready, repolling fd = 9
Socket not ready, repolling fd = 9
Socket not ready, repolling fd = 9
Socket not ready, repolling fd = 9
Socket not ready, repolling fd = 9
Socket not ready, repolling fd = 9
Socket not ready, repolling fd = 9
Socket not ready, repolling fd = 9
Socket not ready, repolling fd = 9
Socket not ready, repolling fd = 9
Socket not ready, repolling fd = 9
Socket not ready, repolling fd = 9
Socket not ready, repolling fd = 9
Socket not ready, repolling fd = 9
Socket not ready, repolling fd = 9
Socket not ready, repolling fd = 9
Socket not ready, repolling fd = 9
Socket not ready, repolling fd = 9
Socket not ready, repolling fd = 9
Socket not ready, repolling fd = 9
Socket not ready, repolling fd = 9
Socket not ready, repolling fd = 9
Socket not ready, repolling fd = 9
Socket not ready, repolling fd = 9
Socket not ready, repolling fd = 9
Socket not ready, repolling fd = 9
Socket not ready, repolling fd = 9
Socket not ready, repolling fd = 9
Socket not ready, repolling fd = 9
Socket not ready, repolling fd = 9
Socket not ready, repolling fd = 9
Socket not ready, repolling fd = 9
Socket not ready, repolling fd = 9
Socket not ready, repolling fd = 9
Socket not ready, repolling fd = 9
Socket not ready, repolling fd = 9
Socket not ready, repolling fd = 9
Socket not ready, repolling fd = 9
Socket not ready, repolling fd = 9
Socket not ready, repolling fd = 9
Socket not ready, repolling fd = 9
Socket not ready, repolling fd = 9
Socket not ready, repolling fd = 9
Socket not ready, repolling fd = 9
Socket not ready, repolling fd = 9
Socket not ready, repolling fd = 9
Socket not ready, repolling fd = 9
Socket not ready, repolling fd = 9
Socket not ready, repolling fd = 9
Socket not ready, repolling fd = 9
Socket not ready, repolling fd = 9
Socket not ready, repolling fd = 9
Socket not ready, repolling fd = 9
Socket not ready, repolling fd = 9
Socket not ready, repolling fd = 9
Socket not ready, repolling fd = 9
Socket not ready, repolling fd = 9
Socket not ready, repolling fd = 9
Socket not ready, repolling fd = 9
Socket not ready, repolling fd = 9
Socket not ready, repolling fd = 9
Socket not ready, repolling fd = 9
Socket not ready, repolling fd = 9
Socket not ready, repolling fd = 9
Socket not ready, repolling fd = 9
Socket not ready, repolling fd = 9
Socket not ready, repolling fd = 9
Socket not ready, repolling fd = 9
Socket not ready, repolling fd = 9
Socket not ready, repolling fd = 9
Socket not ready, repolling fd = 9
Socket not ready, repolling fd = 9
Socket not ready, repolling fd = 9
Socket not ready, repolling fd = 9
Socket not ready, repolling fd = 9
Socket not ready, repolling fd = 9
Socket not ready, repolling fd = 9
Socket not ready, repolling fd = 9
Socket not ready, repolling fd = 9
Socket not ready, repolling fd = 9
Socket not ready, repolling fd = 9
Socket not ready, repolling fd = 9
Socket not ready, repolling fd = 9
Socket not ready, repolling fd = 9
Socket not ready, repolling fd = 9
Socket not ready, repolling fd = 9
Socket not ready, repolling fd = 9
Socket not ready, repolling fd = 9
Socket not ready, repolling fd = 9
Socket not ready, repolling fd = 9
Socket not ready, repolling fd = 9
Socket not ready, repolling fd = 9
Socket not ready, repolling fd = 9
Socket not ready, repolling fd = 9
Socket not ready, repolling fd = 9
Socket not ready, repolling fd = 9
Socket not ready, repolling fd = 9
Socket not ready, repolling fd = 9
Socket not ready, repolling fd = 9
Socket not ready, repolling fd = 9
Socket not ready, repolling fd = 9
Socket not ready, repolling fd = 9
Socket not ready, repolling fd = 9
Socket not ready, repolling fd = 9
Socket not ready, repolling fd = 9
Socket not ready, repolling fd = 9
Socket not ready, repolling fd = 9
Socket not ready, repolling fd = 9
Socket not ready, repolling fd = 9
Socket not ready, repolling fd = 9
Socket not ready, repolling fd = 9
Socket not ready, repolling fd = 9
Socket not ready, repolling fd = 9
Socket not ready, repolling fd = 9
Socket not ready, repolling fd = 9
Socket not ready, repolling fd = 9
Socket not ready, repolling fd = 9
Socket not ready, repolling fd = 9
Socket not ready, repolling fd = 9
Socket not ready, repolling fd = 9
Socket not ready, repolling fd = 9
Socket not ready, repolling fd = 9
Socket not ready, repolling fd = 9
Socket not ready, repolling fd = 9
Socket not ready, repolling fd = 9
Socket not ready, repolling fd = 9
Socket not ready, repolling fd = 9
Socket not ready, repolling fd = 9
Socket not ready, repolling fd = 9
Socket not ready, repolling fd = 9
Socket not ready, repolling fd = 9
Socket not ready, repolling fd = 9
Socket not ready, repolling fd = 9
Socket not ready, repolling fd = 9
Socket not ready, repolling fd = 9
Socket not ready, repolling fd = 9
Socket not ready, repolling fd = 9
Socket not ready, repolling fd = 9
Socket not ready, repolling fd = 9
Socket not ready, repolling fd = 9
Socket not ready, repolling fd = 9
Socket not ready, repolling fd = 9
Socket not ready, repolling fd = 9
Socket not ready, repolling fd = 9
Socket not ready, repolling fd = 9
Socket not ready, repolling fd = 9
Socket not ready, repolling fd = 9
Socket not ready, repolling fd = 9
Socket not ready, repolling fd = 9
Socket not ready, repolling fd = 9
Socket not ready, repolling fd = 9
Socket not ready, repolling fd = 9
Socket not ready, repolling fd = 9
Socket not ready, repolling fd = 9
Socket not ready, repolling fd = 9
Socket not ready, repolling fd = 9
Socket not ready, repolling fd = 9
Socket not ready, repolling fd = 9
Socket not ready, repolling fd = 9
Socket not ready, repolling fd = 9
Socket not ready, repolling fd = 9
Socket not ready, repolling fd = 9
Socket not ready, repolling fd = 9
Socket not ready, repolling fd = 9
Socket not ready, repolling fd = 9
Socket not ready, repolling fd = 9
Socket not ready, repolling fd = 9
Socket not ready, repolling fd = 9
Socket not ready, repolling fd = 9
Socket not ready, repolling fd = 9
Socket not ready, repolling fd = 9
Socket not ready, repolling fd = 9
Socket not ready, repolling fd = 9
Socket not ready, repolling fd = 9
Socket not ready, repolling fd = 9
Socket not ready, repolling fd = 9
Socket not ready, repolling fd = 9
Socket not ready, repolling fd = 9
Socket not ready, repolling fd = 9
Socket not ready, repolling fd = 9
Socket not ready, repolling fd = 9
Socket not ready, repolling fd = 9
Socket not ready, repolling fd = 9
Socket not ready, repolling fd = 9
Socket not ready, repolling fd = 9
Socket not ready, repolling fd = 9
Socket not ready, repolling fd = 9
Socket not ready, repolling fd = 9
Socket not ready, repolling fd = 9
Socket not ready, repolling fd = 9
Socket not ready, repolling fd = 9
Socket not ready, repolling fd = 9
Socket not ready, repolling fd = 9
Socket not ready, repolling fd = 9
Socket not ready, repolling fd = 9
Socket not ready, repolling fd = 9
Socket not ready, repolling fd = 9
Socket not ready, repolling fd = 9
Socket not ready, repolling fd = 9
Socket not ready, repolling fd = 9
Socket not ready, repolling fd = 9
Socket not ready, repolling fd = 9
Socket not ready, repolling fd = 9
Socket not ready, repolling fd = 9
Socket not ready, repolling fd = 9
Socket not ready, repolling fd = 9
Socket not ready, repolling fd = 9
Socket not ready, repolling fd = 9
Socket not ready, repolling fd = 9
Socket not ready, repolling fd = 9
Socket not ready, repolling fd = 9
Socket not ready, repolling fd = 9
Socket not ready, repolling fd = 9
Socket not ready, repolling fd = 9
Socket not ready, repolling fd = 9
Socket not ready, repolling fd = 9
Socket not ready, repolling fd = 9
Socket not ready, repolling fd = 9
Socket not ready, repolling fd = 9
Socket not ready, repolling fd = 9
Socket not ready, repolling fd = 9
Socket not ready, repolling fd = 9
Socket not ready, repolling fd = 9
Socket not ready, repolling fd = 9
Socket not ready, repolling fd = 9
Socket not ready, repolling fd = 9
Socket not ready, repolling fd = 9
Socket not ready, repolling fd = 9
Socket not ready, repolling fd = 9
Socket not ready, repolling fd = 9
Socket not ready, repolling fd = 9
Socket not ready, repolling fd = 9
Socket not ready, repolling fd = 9
Socket not ready, repolling fd = 9
Socket not ready, repolling fd = 9
Socket not ready, repolling fd = 9
Socket not ready, repolling fd = 9
Socket not ready, repolling fd = 9
Socket not ready, repolling fd = 9
Socket not ready, repolling fd = 9
Socket not ready, repolling fd = 9
Socket not ready, repolling fd = 9
Socket not ready, repolling fd = 9
Socket not ready, repolling fd = 9
Socket not ready, repolling fd = 9
Socket not ready, repolling fd = 9
Socket not ready, repolling fd = 9
Socket not ready, repolling fd = 9
Socket not ready, repolling fd = 9
Socket not ready, repolling fd = 9
Socket not ready, repolling fd = 9
Socket not ready, repolling fd = 9
Socket not ready, repolling fd = 9
Socket not ready, repolling fd = 9
Socket not ready, repolling fd = 9
Socket not ready, repolling fd = 9
Socket not ready, repolling fd = 9
Socket not ready, repolling fd = 9
Socket not ready, repolling fd = 9
Socket not ready, repolling fd = 9
Socket not ready, repolling fd = 9
Socket not ready, repolling fd = 9
Socket not ready, repolling fd = 9
Socket not ready, repolling fd = 9
Socket not ready, repolling fd = 9
Socket not ready, repolling fd = 9
Socket not ready, repolling fd = 9
Socket not ready, repolling fd = 9
Socket not ready, repolling fd = 9
Socket not ready, repolling fd = 9
Socket not ready, repolling fd = 9
Socket not ready, repolling fd = 9
Socket not ready, repolling fd = 9
Socket not ready, repolling fd = 9
Socket not ready, repolling fd = 9
Socket not ready, repolling fd = 9
Socket not ready, repolling fd = 9
Socket not ready, repolling fd = 9
Socket not ready, repolling fd = 9
Socket not ready, repolling fd = 9
Socket not ready, repolling fd = 9
Socket not ready, repolling fd = 9
Socket not ready, repolling fd = 9
Socket not ready, repolling fd = 9
Socket not ready, repolling fd = 9
Socket not ready, repolling fd = 9
Socket not ready, repolling fd = 9
Socket not ready, repolling fd = 9
Socket not ready, repolling fd = 9
Socket not ready, repolling fd = 9
Socket not ready, repolling fd = 9
Socket not ready, repolling fd = 9
Socket not ready, repolling fd = 9
Socket not ready, repolling fd = 9
Socket not ready, repolling fd = 9
Socket not ready, repolling fd = 9
Socket not ready, repolling fd = 9
Socket not ready, repolling fd = 9
Socket not ready, repolling fd = 9
Socket not ready, repolling fd = 9
Socket not ready, repolling fd = 9
Socket not ready, repolling fd = 9
Socket not ready, repolling fd = 9
Socket not ready, repolling fd = 9
Socket not ready, repolling fd = 9
Socket not ready, repolling fd = 9
Socket not ready, repolling fd = 9
Socket not ready, repolling fd = 9
Socket not ready, repolling fd = 9
Socket not ready, repolling fd = 9
Socket not ready, repolling fd = 9
Socket not ready, repolling fd = 9
Socket not ready, repolling fd = 9
Socket not ready, repolling fd = 9
Socket not ready, repolling fd = 9
Socket not ready, repolling fd = 9
Socket not ready, repolling fd = 9
Socket not ready, repolling fd = 9
Socket not ready, repolling fd = 9
Socket not ready, repolling fd = 9
Socket not ready, repolling fd = 9
Socket not ready, repolling fd = 9
Socket not ready, repolling fd = 9
Socket not ready, repolling fd = 9
Socket not ready, repolling fd = 9
Socket not ready, repolling fd = 9
Socket not ready, repolling fd = 9
Socket not ready, repolling fd = 9
Socket not ready, repolling fd = 9
Socket not ready, repolling fd = 9
Socket not ready, repolling fd = 9
Socket not ready, repolling fd = 9
Socket not ready, repolling fd = 9
Socket not ready, repolling fd = 9
Socket not ready, repolling fd = 9
Socket not ready, repolling fd = 9
Socket not ready, repolling fd = 9
Socket not ready, repolling fd = 9
Socket not ready, repolling fd = 9
Socket not ready, repolling fd = 9
Socket not ready, repolling fd = 9
Socket not ready, repolling fd = 9
Socket not ready, repolling fd = 9
Socket not ready, repolling fd = 9
Socket not ready, repolling fd = 9
Socket not ready, repolling fd = 9
Socket not ready, repolling fd = 9
Socket not ready, repolling fd = 9
Socket not ready, repolling fd = 9
Socket not ready, repolling fd = 9
Socket not ready, repolling fd = 9
Socket not ready, repolling fd = 9
Socket not ready, repolling fd = 9
Socket not ready, repolling fd = 9
Socket not ready, repolling fd = 9
Socket not ready, repolling fd = 9
Socket not ready, repolling fd = 9
Socket not ready, repolling fd = 9
Socket not ready, repolling fd = 9
Socket not ready, repolling fd = 9
Socket not ready, repolling fd = 9
Socket not ready, repolling fd = 9
Socket not ready, repolling fd = 9
Socket not ready, repolling fd = 9
Socket not ready, repolling fd = 9
Socket not ready, repolling fd = 9
Socket not ready, repolling fd = 9
Socket not ready, repolling fd = 9
Socket not ready, repolling fd = 9
Socket not ready, repolling fd = 9
Socket not ready, repolling fd = 9
Socket not ready, repolling fd = 9
Socket not ready, repolling fd = 9
Socket not ready, repolling fd = 9
Socket not ready, repolling fd = 9
Socket not ready, repolling fd = 9
Socket not ready, repolling fd = 9
Socket not ready, repolling fd = 9
Socket not ready, repolling fd = 9
Socket not ready, repolling fd = 9
Socket not ready, repolling fd = 9
Socket not ready, repolling fd = 9
Socket not ready, repolling fd = 9
Socket not ready, repolling fd = 9
Socket not ready, repolling fd = 9
Socket not ready, repolling fd = 9
Socket not ready, repolling fd = 9
Socket not ready, repolling fd = 9
Socket not ready, repolling fd = 9
Socket not ready, repolling fd = 9
Socket not ready, repolling fd = 9
Socket not ready, repolling fd = 9
Socket not ready, repolling fd = 9
Socket not ready, repolling fd = 9
Socket not ready, repolling fd = 9
Socket not ready, repolling fd = 9
Socket not ready, repolling fd = 9
Socket not ready, repolling fd = 9
Socket not ready, repolling fd = 9
Socket not ready, repolling fd = 9
Socket not ready, repolling fd = 9
Socket not ready, repolling fd = 9
Socket not ready, repolling fd = 9
Socket not ready, repolling fd = 9
Socket not ready, repolling fd = 9
Socket not ready, repolling fd = 9
Socket not ready, repolling fd = 9
Socket not ready, repolling fd = 9
Socket not ready, repolling fd = 9
Socket not ready, repolling fd = 9
Socket not ready, repolling fd = 9
Socket not ready, repolling fd = 9
Socket not ready, repolling fd = 9
Socket not ready, repolling fd = 9
Socket not ready, repolling fd = 9
Socket not ready, repolling fd = 9
Socket not ready, repolling fd = 9
Socket not ready, repolling fd = 9
Socket not ready, repolling fd = 9
Socket not ready, repolling fd = 9
Socket not ready, repolling fd = 9
Socket not ready, repolling fd = 9
Socket not ready, repolling fd = 9
Socket not ready, repolling fd = 9
Socket not ready, repolling fd = 9
Socket not ready, repolling fd = 9
Socket not ready, repolling fd = 9
Socket not ready, repolling fd = 9
Socket not ready, repolling fd = 9
Socket not ready, repolling fd = 9
Socket not ready, repolling fd = 9
Socket not ready, repolling fd = 9
Socket not ready, repolling fd = 9
Socket not ready, repolling fd = 9
Socket not ready, repolling fd = 9
Socket not ready, repolling fd = 9
Socket not ready, repolling fd = 9
Socket not ready, repolling fd = 9
Socket not ready, repolling fd = 9
Socket not ready, repolling fd = 9
Socket not ready, repolling fd = 9
Socket not ready, repolling fd = 9
Socket not ready, repolling fd = 9
Socket not ready, repolling fd = 9
Socket not ready, repolling fd = 9
Socket not ready, repolling fd = 9
Socket not ready, repolling fd = 9
Socket not ready, repolling fd = 9
Socket not ready, repolling fd = 9
Socket not ready, repolling fd = 9
Socket not ready, repolling fd = 9
Socket not ready, repolling fd = 9
Socket not ready, repolling fd = 9
Socket not ready, repolling fd = 9
Socket not ready, repolling fd = 9
Socket not ready, repolling fd = 9
Socket not ready, repolling fd = 9
Socket not ready, repolling fd = 9
Socket not ready, repolling fd = 9
Socket not ready, repolling fd = 9
Socket not ready, repolling fd = 9
Socket not ready, repolling fd = 9
Socket not ready, repolling fd = 9
Socket not ready, repolling fd = 9
Socket not ready, repolling fd = 9
Socket not ready, repolling fd = 9
Socket not ready, repolling fd = 9
Socket not ready, repolling fd = 9
Socket not ready, repolling fd = 9
Socket not ready, repolling fd = 9
Socket not ready, repolling fd = 9
Socket not ready, repolling fd = 9
Socket not ready, repolling fd = 9
Socket not ready, repolling fd = 9
Socket not ready, repolling fd = 9
Socket not ready, repolling fd = 9
Socket not ready, repolling fd = 9
Socket not ready, repolling fd = 9
Socket not ready, repolling fd = 9
Socket not ready, repolling fd = 9
Socket not ready, repolling fd = 9
Socket not ready, repolling fd = 9
Socket not ready, repolling fd = 9
Socket not ready, repolling fd = 9
Socket not ready, repolling fd = 9
Socket not ready, repolling fd = 9
Socket not ready, repolling fd = 9
Socket not ready, repolling fd = 9
Socket not ready, repolling fd = 9
Socket not ready, repolling fd = 9
Socket not ready, repolling fd = 9
Socket not ready, repolling fd = 9
Socket not ready, repolling fd = 9
Socket not ready, repolling fd = 9
Socket not ready, repolling fd = 9
Socket not ready, repolling fd = 9
Socket not ready, repolling fd = 9
Socket not ready, repolling fd = 9
Socket not ready, repolling fd = 9
Socket not ready, repolling fd = 9
Socket not ready, repolling fd = 9
Socket not ready, repolling fd = 9
Socket not ready, repolling fd = 9
Socket not ready, repolling fd = 9
Socket not ready, repolling fd = 9
Socket not ready, repolling fd = 9
Socket not ready, repolling fd = 9
Socket not ready, repolling fd = 9
Socket not ready, repolling fd = 9
Socket not ready, repolling fd = 9
Socket not ready, repolling fd = 9
Socket not ready, repolling fd = 9
Socket not ready, repolling fd = 9
Socket not ready, repolling fd = 9
Socket not ready, repolling fd = 9
Socket not ready, repolling fd = 9
Socket not ready, repolling fd = 9
Socket not ready, repolling fd = 9
Socket not ready, repolling fd = 9
Socket not ready, repolling fd = 9
Socket not ready, repolling fd = 9
Socket not ready, repolling fd = 9
Socket not ready, repolling fd = 9
Socket not ready, repolling fd = 9
Socket not ready, repolling fd = 9
Socket not ready, repolling fd = 9
Socket not ready, repolling fd = 9
Socket not ready, repolling fd = 9
Socket not ready, repolling fd = 9
Socket not ready, repolling fd = 9
Socket not ready, repolling fd = 9
Socket not ready, repolling fd = 9
Socket not ready, repolling fd = 9
Socket not ready, repolling fd = 9
Socket not ready, repolling fd = 9
Socket not ready, repolling fd = 9
Socket not ready, repolling fd = 9
Socket not ready, repolling fd = 9
Socket not ready, repolling fd = 9
Socket not ready, repolling fd = 9
Socket not ready, repolling fd = 9
Socket not ready, repolling fd = 9
Socket not ready, repolling fd = 9
Socket not ready, repolling fd = 9
Socket not ready, repolling fd = 9
Socket not ready, repolling fd = 9
Socket not ready, repolling fd = 9
Socket not ready, repolling fd = 9
Socket not ready, repolling fd = 9
Socket not ready, repolling fd = 9
Socket not ready, repolling fd = 9
Socket not ready, repolling fd = 9
Socket not ready, repolling fd = 9
Socket not ready, repolling fd = 9
Socket not ready, repolling fd = 9
Socket not ready, repolling fd = 9
Socket not ready, repolling fd = 9
Socket not ready, repolling fd = 9
Socket not ready, repolling fd = 9
Socket not ready, repolling fd = 9
Socket not ready, repolling fd = 9
Socket not ready, repolling fd = 9
Socket not ready, repolling fd = 9
Socket not ready, repolling fd = 9
Socket not ready, repolling fd = 9
Socket not ready, repolling fd = 9
Socket not ready, repolling fd = 9
Socket not ready, repolling fd = 9
Socket not ready, repolling fd = 9
Socket not ready, repolling fd = 9
Socket not ready, repolling fd = 9
Socket not ready, repolling fd = 9
Socket not ready, repolling fd = 9
Socket not ready, repolling fd = 9
Socket not ready, repolling fd = 9
Socket not ready, repolling fd = 8
Socket not ready, repolling fd = 8
Socket not ready, repolling fd = 8
Socket not ready, repolling fd = 8
Socket not ready, repolling fd = 8
Socket not ready, repolling fd = 8
Socket not ready, repolling fd = 8
Socket not ready, repolling fd = 8
Socket not ready, repolling fd = 8
Socket not ready, repolling fd = 8
Socket not ready, repolling fd = 8
Socket not ready, repolling fd = 8
Socket not ready, repolling fd = 8
Socket not ready, repolling fd = 8
Socket not ready, repolling fd = 8
Socket not ready, repolling fd = 8
Socket not ready, repolling fd = 8
Socket not ready, repolling fd = 8
Socket not ready, repolling fd = 8
Socket not ready, repolling fd = 8
Socket not ready, repolling fd = 8
Socket not ready, repolling fd = 8
Socket not ready, repolling fd = 8
Socket not ready, repolling fd = 8
Socket not ready, repolling fd = 8
Socket not ready, repolling fd = 8
Socket not ready, repolling fd = 8
Socket not ready, repolling fd = 8
Socket not ready, repolling fd = 8
Socket not ready, repolling fd = 8
Socket not ready, repolling fd = 8
Socket not ready, repolling fd = 8
Socket not ready, repolling fd = 8
Socket not ready, repolling fd = 8
Socket not ready, repolling fd = 8
Socket not ready, repolling fd = 8
Socket not ready, repolling fd = 8
Socket not ready, repolling fd = 8
Socket not ready, repolling fd = 8
Socket not ready, repolling fd = 8
Socket not ready, repolling fd = 8
Socket not ready, repolling fd = 8
Socket not ready, repolling fd = 8
Socket not ready, repolling fd = 8
Socket not ready, repolling fd = 8
Socket not ready, repolling fd = 8
Socket not ready, repolling fd = 8
Socket not ready, repolling fd = 8
Socket not ready, repolling fd = 8
Socket not ready, repolling fd = 8
Socket not ready, repolling fd = 8
Socket not ready, repolling fd = 8
Socket not ready, repolling fd = 8
Socket not ready, repolling fd = 8
Socket not ready, repolling fd = 8
Socket not ready, repolling fd = 8
Socket not ready, repolling fd = 8
Socket not ready, repolling fd = 8
Socket not ready, repolling fd = 8
Socket not ready, repolling fd = 8
Socket not ready, repolling fd = 8
Socket not ready, repolling fd = 8
Socket not ready, repolling fd = 8
Socket not ready, repolling fd = 8
Socket not ready, repolling fd = 8
Socket not ready, repolling fd = 8
Socket not ready, repolling fd = 8
Socket not ready, repolling fd = 8
Socket not ready, repolling fd = 8
Socket not ready, repolling fd = 8
Socket not ready, repolling fd = 8
Socket not ready, repolling fd = 8
Socket not ready, repolling fd = 8
Socket not ready, repolling fd = 8
Socket not ready, repolling fd = 8
Socket not ready, repolling fd = 8
Socket not ready, repolling fd = 8
Socket not ready, repolling fd = 8
Socket not ready, repolling fd = 8
Socket not ready, repolling fd = 8
Socket not ready, repolling fd = 8
Socket not ready, repolling fd = 8
Socket not ready, repolling fd = 8
Socket not ready, repolling fd = 8
Socket not ready, repolling fd = 8
Socket not ready, repolling fd = 8
Socket not ready, repolling fd = 8
Socket not ready, repolling fd = 8
Socket not ready, repolling fd = 8
Socket not ready, repolling fd = 8
Socket not ready, repolling fd = 8
Socket not ready, repolling fd = 8
Socket not ready, repolling fd = 8
Socket not ready, repolling fd = 8
Socket not ready, repolling fd = 8
Socket not ready, repolling fd = 8
Socket not ready, repolling fd = 8
Socket not ready, repolling fd = 8
Socket not ready, repolling fd = 8
Socket not ready, repolling fd = 8
Socket not ready, repolling fd = 8
Socket not ready, repolling fd = 8
Socket not ready, repolling fd = 8
Socket not ready, repolling fd = 8
Socket not ready, repolling fd = 8
Socket not ready, repolling fd = 8
Socket not ready, repolling fd = 8
Socket not ready, repolling fd = 8
Socket not ready, repolling fd = 8
Socket not ready, repolling fd = 8
Socket not ready, repolling fd = 8
Socket not ready, repolling fd = 8
Socket not ready, repolling fd = 8
Socket not ready, repolling fd = 8
Socket not ready, repolling fd = 8
Socket not ready, repolling fd = 8
Socket not ready, repolling fd = 8
Socket not ready, repolling fd = 8
Socket not ready, repolling fd = 8
Socket not ready, repolling fd = 8
Socket not ready, repolling fd = 8
Socket not ready, repolling fd = 8
Socket not ready, repolling fd = 8
Socket not ready, repolling fd = 8
Socket not ready, repolling fd = 8
Socket not ready, repolling fd = 8
Socket not ready, repolling fd = 8
Socket not ready, repolling fd = 8
Socket not ready, repolling fd = 8
Socket not ready, repolling fd = 8
Socket not ready, repolling fd = 8
Socket not ready, repolling fd = 8
Socket not ready, repolling fd = 8
Socket not ready, repolling fd = 8
Socket not ready, repolling fd = 8
Socket not ready, repolling fd = 8
Socket not ready, repolling fd = 8
Socket not ready, repolling fd = 8
Socket not ready, repolling fd = 8
Socket not ready, repolling fd = 8
Socket not ready, repolling fd = 8
Socket not ready, repolling fd = 8
Socket not ready, repolling fd = 8
Socket not ready, repolling fd = 8
Socket not ready, repolling fd = 8
Socket not ready, repolling fd = 8
Socket not ready, repolling fd = 8
Socket not ready, repolling fd = 8
Socket not ready, repolling fd = 8
Socket not ready, repolling fd = 8
Socket not ready, repolling fd = 8
Socket not ready, repolling fd = 8
Socket not ready, repolling fd = 8
Socket not ready, repolling fd = 8
Socket not ready, repolling fd = 8
Socket not ready, repolling fd = 8
Socket not ready, repolling fd = 8
Socket not ready, repolling fd = 8
Socket not ready, repolling fd = 8
Socket not ready, repolling fd = 8
Socket not ready, repolling fd = 8
Socket not ready, repolling fd = 8
Socket not ready, repolling fd = 8
Socket not ready, repolling fd = 8
Socket not ready, repolling fd = 8
Socket not ready, repolling fd = 8
Socket not ready, repolling fd = 8
Socket not ready, repolling fd = 8
Socket not ready, repolling fd = 8
Socket not ready, repolling fd = 8
Socket not ready, repolling fd = 8
Socket not ready, repolling fd = 8
Socket not ready, repolling fd = 8
Socket not ready, repolling fd = 8
Socket not ready, repolling fd = 8
Socket not ready, repolling fd = 8
Socket not ready, repolling fd = 8
Socket not ready, repolling fd = 8
Socket not ready, repolling fd = 8
Socket not ready, repolling fd = 8
Socket not ready, repolling fd = 8
Socket not ready, repolling fd = 8
Socket not ready, repolling fd = 8
Socket not ready, repolling fd = 8
Socket not ready, repolling fd = 8
Socket not ready, repolling fd = 8
Socket not ready, repolling fd = 8
Socket not ready, repolling fd = 8
Socket not ready, repolling fd = 8
Socket not ready, repolling fd = 8
Socket not ready, repolling fd = 8
Socket not ready, repolling fd = 8
Socket not ready, repolling fd = 8
Socket not ready, repolling fd = 8
Socket not ready, repolling fd = 8
Socket not ready, repolling fd = 8
Socket not ready, repolling fd = 8
Socket not ready, repolling fd = 8
Socket not ready, repolling fd = 8
Socket not ready, repolling fd = 8
Socket not ready, repolling fd = 8
Socket not ready, repolling fd = 8
Socket not ready, repolling fd = 8
Socket not ready, repolling fd = 8
Socket not ready, repolling fd = 8
Socket not ready, repolling fd = 8
Socket not ready, repolling fd = 8
Socket not ready, repolling fd = 8
Socket not ready, repolling fd = 8
Socket not ready, repolling fd = 8
Socket not ready, repolling fd = 8
Socket not ready, repolling fd = 8
Socket not ready, repolling fd = 8
Socket not ready, repolling fd = 8
Socket not ready, repolling fd = 8
Socket not ready, repolling fd = 8
Socket not ready, repolling fd = 8
Socket not ready, repolling fd = 8
Socket not ready, repolling fd = 8
Socket not ready, repolling fd = 8
Socket not ready, repolling fd = 8
Socket not ready, repolling fd = 8
Socket not ready, repolling fd = 8
Socket not ready, repolling fd = 8
Socket not ready, repolling fd = 8
Socket not ready, repolling fd = 8
Socket not ready, repolling fd = 8
Socket not ready, repolling fd = 8
Socket not ready, repolling fd = 8
Socket not ready, repolling fd = 8
Socket not ready, repolling fd = 8
Socket not ready, repolling fd = 8
Socket not ready, repolling fd = 8
Socket not ready, repolling fd = 8
Socket not ready, repolling fd = 8
Socket not ready, repolling fd = 8
Socket not ready, repolling fd = 8
Socket not ready, repolling fd = 8
Socket not ready, repolling fd = 8
Socket not ready, repolling fd = 8
Socket not ready, repolling fd = 8
Socket not ready, repolling fd = 8
Socket not ready, repolling fd = 8
Socket not ready, repolling fd = 8
Socket not ready, repolling fd = 8
Socket not ready, repolling fd = 8
Socket not ready, repolling fd = 8
Socket not ready, repolling fd = 8
Socket not ready, repolling fd = 8
Socket not ready, repolling fd = 8
Socket not ready, repolling fd = 8
Socket not ready, repolling fd = 8
Socket not ready, repolling fd = 8
Socket not ready, repolling fd = 8
Socket not ready, repolling fd = 8
Socket not ready, repolling fd = 8
Socket not ready, repolling fd = 8
Socket not ready, repolling fd = 8
Socket not ready, repolling fd = 8
Socket not ready, repolling fd = 8
Socket not ready, repolling fd = 8
Socket not ready, repolling fd = 8
Socket not ready, repolling fd = 8
Socket not ready, repolling fd = 8
Socket not ready, repolling fd = 8
Socket not ready, repolling fd = 8
Socket not ready, repolling fd = 8
Socket not ready, repolling fd = 8
Socket not ready, repolling fd = 8
Socket not ready, repolling fd = 8
Socket not ready, repolling fd = 8
Socket not ready, repolling fd = 8
Socket not ready, repolling fd = 8
Socket not ready, repolling fd = 8
Socket not ready, repolling fd = 8
Socket not ready, repolling fd = 8
Socket not ready, repolling fd = 8
Socket not ready, repolling fd = 8
Socket not ready, repolling fd = 8
Socket not ready, repolling fd = 8
Socket not ready, repolling fd = 8
Socket not ready, repolling fd = 8
Socket not ready, repolling fd = 8
Socket not ready, repolling fd = 8
Socket not ready, repolling fd = 8
Socket not ready, repolling fd = 8
Socket not ready, repolling fd = 8
Socket not ready, repolling fd = 8
Socket not ready, repolling fd = 8
Socket not ready, repolling fd = 8
Socket not ready, repolling fd = 8
Socket not ready, repolling fd = 8
Socket not ready, repolling fd = 8
Socket not ready, repolling fd = 8
Socket not ready, repolling fd = 8
Socket not ready, repolling fd = 8
Socket not ready, repolling fd = 8
Socket not ready, repolling fd = 8
Socket not ready, repolling fd = 8
Socket not ready, repolling fd = 8
Socket not ready, repolling fd = 8
Socket not ready, repolling fd = 8
Socket not ready, repolling fd = 8
Socket not ready, repolling fd = 8
Socket not ready, repolling fd = 8
Socket not ready, repolling fd = 8
Socket not ready, repolling fd = 8
Socket not ready, repolling fd = 8
Socket not ready, repolling fd = 8
Socket not ready, repolling fd = 8
Socket not ready, repolling fd = 8
Socket not ready, repolling fd = 8
Socket not ready, repolling fd = 8
Socket not ready, repolling fd = 8
Socket not ready, repolling fd = 8
Socket not ready, repolling fd = 8
Socket not ready, repolling fd = 8
Socket not ready, repolling fd = 8
Socket not ready, repolling fd = 8
Socket not ready, repolling fd = 8
Socket not ready, repolling fd = 8
Socket not ready, repolling fd = 8
Socket not ready, repolling fd = 8
Socket not ready, repolling fd = 8
Socket not ready, repolling fd = 8
Socket not ready, repolling fd = 8
Socket not ready, repolling fd = 8
Socket not ready, repolling fd = 8
Socket not ready, repolling fd = 8
Socket not ready, repolling fd = 8
Socket not ready, repolling fd = 8
Socket not ready, repolling fd = 8
Socket not ready, repolling fd = 8
Socket not ready, repolling fd = 8
Socket not ready, repolling fd = 8
Socket not ready, repolling fd = 8
Socket not ready, repolling fd = 8
Socket not ready, repolling fd = 8
Socket not ready, repolling fd = 8
Socket not ready, repolling fd = 8
Socket not ready, repolling fd = 8
Socket not ready, repolling fd = 8
Socket not ready, repolling fd = 8
Socket not ready, repolling fd = 8
Socket not ready, repolling fd = 8
Socket not ready, repolling fd = 8
Socket not ready, repolling fd = 8
Socket not ready, repolling fd = 8
Socket not ready, repolling fd = 8
Socket not ready, repolling fd = 8
Socket not ready, repolling fd = 8
Socket not ready, repolling fd = 8
Socket not ready, repolling fd = 8
Socket not ready, repolling fd = 8
Socket not ready, repolling fd = 8
Socket not ready, repolling fd = 8
Socket not ready, repolling fd = 8
Socket not ready, repolling fd = 8
Socket not ready, repolling fd = 8
Socket not ready, repolling fd = 8
Socket not ready, repolling fd = 8
Socket not ready, repolling fd = 8
Socket not ready, repolling fd = 8
Socket not ready, repolling fd = 8
Socket not ready, repolling fd = 8
Socket not ready, repolling fd = 8
Socket not ready, repolling fd = 8
Socket not ready, repolling fd = 8
Socket not ready, repolling fd = 8
Socket not ready, repolling fd = 8
Socket not ready, repolling fd = 8
Socket not ready, repolling fd = 8
Socket not ready, repolling fd = 8
Socket not ready, repolling fd = 8
Socket not ready, repolling fd = 8
Socket not ready, repolling fd = 8
Socket not ready, repolling fd = 8
Socket not ready, repolling fd = 8
Socket not ready, repolling fd = 8
Socket not ready, repolling fd = 8
Socket not ready, repolling fd = 8
Socket not ready, repolling fd = 8
Socket not ready, repolling fd = 8
Socket not ready, repolling fd = 8
Socket not ready, repolling fd = 8
Socket not ready, repolling fd = 8
Socket not ready, repolling fd = 8
Socket not ready, repolling fd = 8
Socket not ready, repolling fd = 8
Socket not ready, repolling fd = 8
Socket not ready, repolling fd = 8
Socket not ready, repolling fd = 8
Socket not ready, repolling fd = 8
Socket not ready, repolling fd = 8
Socket not ready, repolling fd = 8
Socket not ready, repolling fd = 8
Socket not ready, repolling fd = 8
Socket not ready, repolling fd = 8
Socket not ready, repolling fd = 8
Socket not ready, repolling fd = 8
Socket not ready, repolling fd = 8
Socket not ready, repolling fd = 8
Socket not ready, repolling fd = 8
Socket not ready, repolling fd = 8
Socket not ready, repolling fd = 8
Socket not ready, repolling fd = 8
Socket not ready, repolling fd = 8
Socket not ready, repolling fd = 8
Socket not ready, repolling fd = 8
Socket not ready, repolling fd = 8
Socket not ready, repolling fd = 8
Socket not ready, repolling fd = 8
Socket not ready, repolling fd = 8
Socket not ready, repolling fd = 8
Socket not ready, repolling fd = 8
Socket not ready, repolling fd = 8
Socket not ready, repolling fd = 8
Socket not ready, repolling fd = 8
Socket not ready, repolling fd = 8
Socket not ready, repolling fd = 8
Socket not ready, repolling fd = 8
Socket not ready, repolling fd = 8
Socket not ready, repolling fd = 8
Socket not ready, repolling fd = 8
Socket not ready, repolling fd = 8
Socket not ready, repolling fd = 8
Socket not ready, repolling fd = 8
Socket not ready, repolling fd = 8
Socket not ready, repolling fd = 8
Socket not ready, repolling fd = 8
Socket not ready, repolling fd = 8
Socket not ready, repolling fd = 8
Socket not ready, repolling fd = 8
Socket not ready, repolling fd = 8
Socket not ready, repolling fd = 8
Socket not ready, repolling fd = 8
Socket not ready, repolling fd = 8
Socket not ready, repolling fd = 8
Socket not ready, repolling fd = 8
Socket not ready, repolling fd = 8
Socket not ready, repolling fd = 8
Socket not ready, repolling fd = 8
Socket not ready, repolling fd = 8
Socket not ready, repolling fd = 8
Socket not ready, repolling fd = 8
Socket not ready, repolling fd = 8
Socket not ready, repolling fd = 8
Socket not ready, repolling fd = 8
Socket not ready, repolling fd = 8
Socket not ready, repolling fd = 8
Socket not ready, repolling fd = 8
Socket not ready, repolling fd = 8
Socket not ready, repolling fd = 8
Socket not ready, repolling fd = 8
Socket not ready, repolling fd = 8
Socket not ready, repolling fd = 8
Socket not ready, repolling fd = 8
Socket not ready, repolling fd = 8
Socket not ready, repolling fd = 8
Socket not ready, repolling fd = 8
Socket not ready, repolling fd = 8
Socket not ready, repolling fd = 8
Socket not ready, repolling fd = 8
Socket not ready, repolling fd = 8
Socket not ready, repolling fd = 8
Socket not ready, repolling fd = 8
Socket not ready, repolling fd = 8
Socket not ready, repolling fd = 8
Socket not ready, repolling fd = 8
Socket not ready, repolling fd = 8
Socket not ready, repolling fd = 8
Socket not ready, repolling fd = 8
Socket not ready, repolling fd = 8
Socket not ready, repolling fd = 8
Socket not ready, repolling fd = 8
Socket not ready, repolling fd = 8
Socket not ready, repolling fd = 8
Socket not ready, repolling fd = 8
Socket not ready, repolling fd = 8
Socket not ready, repolling fd = 8
Socket not ready, repolling fd = 8
Socket not ready, repolling fd = 8
Socket not ready, repolling fd = 8
Socket not ready, repolling fd = 8
Socket not ready, repolling fd = 8
Socket not ready, repolling fd = 8
Socket not ready, repolling fd = 8
Socket not ready, repolling fd = 8
Socket not ready, repolling fd = 8
Socket not ready, repolling fd = 8
Socket not ready, repolling fd = 8
Socket not ready, repolling fd = 8
Socket not ready, repolling fd = 8
Socket not ready, repolling fd = 8
Socket not ready, repolling fd = 8
Socket not ready, repolling fd = 8
Socket not ready, repolling fd = 8
Socket not ready, repolling fd = 8
Socket not ready, repolling fd = 8
Socket not ready, repolling fd = 8
Socket not ready, repolling fd = 8
Socket not ready, repolling fd = 8
Socket not ready, repolling fd = 8
Socket not ready, repolling fd = 8
Socket not ready, repolling fd = 8
Socket not ready, repolling fd = 8
Socket not ready, repolling fd = 8
Socket not ready, repolling fd = 8
Socket not ready, repolling fd = 8
Socket not ready, repolling fd = 8
Socket not ready, repolling fd = 8
Socket not ready, repolling fd = 8
Socket not ready, repolling fd = 8
Socket not ready, repolling fd = 8
Socket not ready, repolling fd = 8
Socket not ready, repolling fd = 8
Socket not ready, repolling fd = 8
Socket not ready, repolling fd = 8
Socket not ready, repolling fd = 8
Socket not ready, repolling fd = 8
Socket not ready, repolling fd = 8
Socket not ready, repolling fd = 8
Socket not ready, repolling fd = 8
Socket not ready, repolling fd = 8
Socket not ready, repolling fd = 8
Socket not ready, repolling fd = 8
Socket not ready, repolling fd = 8
Socket not ready, repolling fd = 8
Socket not ready, repolling fd = 8
Socket not ready, repolling fd = 8
Socket not ready, repolling fd = 8
Socket not ready, repolling fd = 8
Socket not ready, repolling fd = 8
Socket not ready, repolling fd = 8
Socket not ready, repolling fd = 8
Socket not ready, repolling fd = 8
Socket not ready, repolling fd = 8
Socket not ready, repolling fd = 8
Socket not ready, repolling fd = 8
Socket not ready, repolling fd = 8
Socket not ready, repolling fd = 8
Socket not ready, repolling fd = 8
Socket not ready, repolling fd = 8
Socket not ready, repolling fd = 8
Socket not ready, repolling fd = 8
Socket not ready, repolling fd = 8
Socket not ready, repolling fd = 8
Socket not ready, repolling fd = 8
Socket not ready, repolling fd = 8
Socket not ready, repolling fd = 8
Socket not ready, repolling fd = 8
Socket not ready, repolling fd = 8
Socket not ready, repolling fd = 8
Socket not ready, repolling fd = 8
Socket not ready, repolling fd = 8
Socket not ready, repolling fd = 8
Socket not ready, repolling fd = 8
Socket not ready, repolling fd = 8
Socket not ready, repolling fd = 8
Socket not ready, repolling fd = 8
Socket not ready, repolling fd = 8
Socket not ready, repolling fd = 8
Socket not ready, repolling fd = 8
Socket not ready, repolling fd = 8
Socket not ready, repolling fd = 8
Socket not ready, repolling fd = 8
Socket not ready, repolling fd = 8
Socket not ready, repolling fd = 8
Socket not ready, repolling fd = 8
Socket not ready, repolling fd = 8
Socket not ready, repolling fd = 8
Socket not ready, repolling fd = 8
Socket not ready, repolling fd = 8
Socket not ready, repolling fd = 8
Socket not ready, repolling fd = 8
Socket not ready, repolling fd = 8
Socket not ready, repolling fd = 8
Socket not ready, repolling fd = 8
Socket not ready, repolling fd = 8
Socket not ready, repolling fd = 8
Socket not ready, repolling fd = 8
Socket not ready, repolling fd = 8
Socket not ready, repolling fd = 8
Socket not ready, repolling fd = 8
Socket not ready, repolling fd = 8
Socket not ready, repolling fd = 8
Socket not ready, repolling fd = 8
Socket not ready, repolling fd = 8
Socket not ready, repolling fd = 8
Socket not ready, repolling fd = 8
Socket not ready, repolling fd = 8
Socket not ready, repolling fd = 8
Socket not ready, repolling fd = 8
Socket not ready, repolling fd = 8
Socket not ready, repolling fd = 8
Socket not ready, repolling fd = 8
Socket not ready, repolling fd = 8
Socket not ready, repolling fd = 8
Socket not ready, repolling fd = 8
Socket not ready, repolling fd = 8
Socket not ready, repolling fd = 8
Socket not ready, repolling fd = 8
Socket not ready, repolling fd = 8
Socket not ready, repolling fd = 8
Socket not ready, repolling fd = 8
Socket not ready, repolling fd = 8
Socket not ready, repolling fd = 8
Socket not ready, repolling fd = 8
Socket not ready, repolling fd = 8
Socket not ready, repolling fd = 8
Socket not ready, repolling fd = 8
Socket not ready, repolling fd = 8
Socket not ready, repolling fd = 8
Socket not ready, repolling fd = 8
Socket not ready, repolling fd = 8
Socket not ready, repolling fd = 8
Socket not ready, repolling fd = 8
Socket not ready, repolling fd = 8
Socket not ready, repolling fd = 8
Socket not ready, repolling fd = 8
Socket not ready, repolling fd = 8
Socket not ready, repolling fd = 8
Socket not ready, repolling fd = 8
Socket not ready, repolling fd = 8
Socket not ready, repolling fd = 8
Socket not ready, repolling fd = 8
Socket not ready, repolling fd = 8
Socket not ready, repolling fd = 8
Socket not ready, repolling fd = 8
Socket not ready, repolling fd = 8
Socket not ready, repolling fd = 8
Socket not ready, repolling fd = 8
Socket not ready, repolling fd = 8
Socket not ready, repolling fd = 8
Socket not ready, repolling fd = 8
Socket not ready, repolling fd = 8
Socket not ready, repolling fd = 8
Socket not ready, repolling fd = 8
Socket not ready, repolling fd = 8
Socket not ready, repolling fd = 8
Socket not ready, repolling fd = 8
Socket not ready, repolling fd = 8
Socket not ready, repolling fd = 8
Socket not ready, repolling fd = 8
Socket not ready, repolling fd = 8
Socket not ready, repolling fd = 8
Socket not ready, repolling fd = 8
Socket not ready, repolling fd = 8
Socket not ready, repolling fd = 8
Socket not ready, repolling fd = 8
Socket not ready, repolling fd = 8
Socket not ready, repolling fd = 8
Socket not ready, repolling fd = 8
Socket not ready, repolling fd = 8
Socket not ready, repolling fd = 8
Socket not ready, repolling fd = 8
Socket not ready, repolling fd = 8
Socket not ready, repolling fd = 8
Socket not ready, repolling fd = 8
Socket not ready, repolling fd = 8
Socket not ready, repolling fd = 8
Socket not ready, repolling fd = 8
Socket not ready, repolling fd = 8
Socket not ready, repolling fd = 8
Socket not ready, repolling fd = 8
Socket not ready, repolling fd = 8
Socket not ready, repolling fd = 8
Socket not ready, repolling fd = 8
Socket not ready, repolling fd = 8
Socket not ready, repolling fd = 8
Socket not ready, repolling fd = 8
Socket not ready, repolling fd = 8
Socket not ready, repolling fd = 8
Socket not ready, repolling fd = 8
Socket not ready, repolling fd = 8
Socket not ready, repolling fd = 8
Socket not ready, repolling fd = 8
Socket not ready, repolling fd = 8
Socket not ready, repolling fd = 8
Socket not ready, repolling fd = 8
Socket not ready, repolling fd = 8
Socket not ready, repolling fd = 8
Socket not ready, repolling fd = 8
Socket not ready, repolling fd = 8
Socket not ready, repolling fd = 8
Socket not ready, repolling fd = 8
Socket not ready, repolling fd = 8
Socket not ready, repolling fd = 8
Socket not ready, repolling fd = 8
Socket not ready, repolling fd = 8
Socket not ready, repolling fd = 8
Socket not ready, repolling fd = 8
Socket not ready, repolling fd = 8
Socket not ready, repolling fd = 8
Socket not ready, repolling fd = 8
Socket not ready, repolling fd = 8
Socket not ready, repolling fd = 8
Socket not ready, repolling fd = 8
Socket not ready, repolling fd = 8
Socket not ready, repolling fd = 8
Socket not ready, repolling fd = 8
Socket not ready, repolling fd = 8
Socket not ready, repolling fd = 8
Socket not ready, repolling fd = 8
Socket not ready, repolling fd = 8
Socket not ready, repolling fd = 8
Socket not ready, repolling fd = 8
Socket not ready, repolling fd = 8
Socket not ready, repolling fd = 8
Socket not ready, repolling fd = 8
Socket not ready, repolling fd = 8
Socket not ready, repolling fd = 8
Socket not ready, repolling fd = 8
Socket not ready, repolling fd = 8
Socket not ready, repolling fd = 8
Socket not ready, repolling fd = 8
Socket not ready, repolling fd = 8
Socket not ready, repolling fd = 8
Socket not ready, repolling fd = 8
Socket not ready, repolling fd = 8
Socket not ready, repolling fd = 8
Socket not ready, repolling fd = 8
Socket not ready, repolling fd = 8
Socket not ready, repolling fd = 8
Socket not ready, repolling fd = 8
Socket not ready, repolling fd = 8
Socket not ready, repolling fd = 8
Socket not ready, repolling fd = 8
Socket not ready, repolling fd = 8
Socket not ready, repolling fd = 8
Socket not ready, repolling fd = 8
Socket not ready, repolling fd = 8
Socket not ready, repolling fd = 8
Socket not ready, repolling fd = 8
Socket not ready, repolling fd = 8
Socket not ready, repolling fd = 8
Socket not ready, repolling fd = 8
Socket not ready, repolling fd = 8
Socket not ready, repolling fd = 8
Socket not ready, repolling fd = 8
Socket not ready, repolling fd = 8
Socket not ready, repolling fd = 8
Socket not ready, repolling fd = 8
Socket not ready, repolling fd = 8
Socket not ready, repolling fd = 8
Socket not ready, repolling fd = 8
Socket not ready, repolling fd = 8
Socket not ready, repolling fd = 8
Socket not ready, repolling fd = 8
Socket not ready, repolling fd = 8
Socket not ready, repolling fd = 8
Socket not ready, repolling fd = 8
Socket not ready, repolling fd = 8
Socket not ready, repolling fd = 8
Socket not ready, repolling fd = 8
Socket not ready, repolling fd = 8
Socket not ready, repolling fd = 8
Socket not ready, repolling fd = 8
Socket not ready, repolling fd = 8
Socket not ready, repolling fd = 8
Socket not ready, repolling fd = 8
Socket not ready, repolling fd = 8
Socket not ready, repolling fd = 8
Socket not ready, repolling fd = 8
Socket not ready, repolling fd = 8
Socket not ready, repolling fd = 8
Socket not ready, repolling fd = 8
Socket not ready, repolling fd = 8
Socket not ready, repolling fd = 8
Socket not ready, repolling fd = 8
Socket not ready, repolling fd = 8
Socket not ready, repolling fd = 8
Socket not ready, repolling fd = 8
Socket not ready, repolling fd = 8
Socket not ready, repolling fd = 8
Socket not ready, repolling fd = 8
Socket not ready, repolling fd = 8
Socket not ready, repolling fd = 8
Socket not ready, repolling fd = 8
Socket not ready, repolling fd = 8
Socket not ready, repolling fd = 8
Socket not ready, repolling fd = 8
Socket not ready, repolling fd = 8
Socket not ready, repolling fd = 8
Socket not ready, repolling fd = 8
Socket not ready, repolling fd = 8
Socket not ready, repolling fd = 8
Socket not ready, repolling fd = 8
Socket not ready, repolling fd = 8
Socket not ready, repolling fd = 8
Socket not ready, repolling fd = 8
Socket not ready, repolling fd = 8
Socket not ready, repolling fd = 8
Socket not ready, repolling fd = 8
Socket not ready, repolling fd = 8
Socket not ready, repolling fd = 8
Socket not ready, repolling fd = 8
Socket not ready, repolling fd = 8
Socket not ready, repolling fd = 8
Socket not ready, repolling fd = 8
Socket not ready, repolling fd = 8
Socket not ready, repolling fd = 8
Socket not ready, repolling fd = 8
Socket not ready, repolling fd = 8
Socket not ready, repolling fd = 8
Socket not ready, repolling fd = 8
Socket not ready, repolling fd = 8
Socket not ready, repolling fd = 8
Socket not ready, repolling fd = 8
Socket not ready, repolling fd = 8
Socket not ready, repolling fd = 8
Socket not ready, repolling fd = 8
Socket not ready, repolling fd = 8
Socket not ready, repolling fd = 8
Socket not ready, repolling fd = 8
Socket not ready, repolling fd = 8
Socket not ready, repolling fd = 8
Socket not ready, repolling fd = 8
Socket not ready, repolling fd = 8
Socket not ready, repolling fd = 8
Socket not ready, repolling fd = 8
Socket not ready, repolling fd = 8
Socket not ready, repolling fd = 8
Socket not ready, repolling fd = 8
Socket not ready, repolling fd = 8
Socket not ready, repolling fd = 8
Socket not ready, repolling fd = 8
Socket not ready, repolling fd = 8
Socket not ready, repolling fd = 8
Socket not ready, repolling fd = 8
Socket not ready, repolling fd = 8
Socket not ready, repolling fd = 8
Socket not ready, repolling fd = 8
Socket not ready, repolling fd = 8
Socket not ready, repolling fd = 8
Socket not ready, repolling fd = 8
Socket not ready, repolling fd = 8
Socket not ready, repolling fd = 8
Socket not ready, repolling fd = 8
Socket not ready, repolling fd = 8
Socket not ready, repolling fd = 8
Socket not ready, repolling fd = 8
Socket not ready, repolling fd = 8
Socket not ready, repolling fd = 8
Socket not ready, repolling fd = 8
Socket not ready, repolling fd = 8
Socket not ready, repolling fd = 8
Socket not ready, repolling fd = 8
Socket not ready, repolling fd = 8
Socket not ready, repolling fd = 8
Socket not ready, repolling fd = 7
Socket not ready, repolling fd = 7
Socket not ready, repolling fd = 7
Socket not ready, repolling fd = 7
Socket not ready, repolling fd = 7
Socket not ready, repolling fd = 7
Socket not ready, repolling fd = 7
Socket not ready, repolling fd = 7
Socket not ready, repolling fd = 7
Socket not ready, repolling fd = 7
Socket not ready, repolling fd = 7
Socket not ready, repolling fd = 7
Socket not ready, repolling fd = 7
Socket not ready, repolling fd = 7
Socket not ready, repolling fd = 7
Socket not ready, repolling fd = 7
Socket not ready, repolling fd = 7
Socket not ready, repolling fd = 7
Socket not ready, repolling fd = 7
Socket not ready, repolling fd = 7
Socket not ready, repolling fd = 7
Socket not ready, repolling fd = 7
Socket not ready, repolling fd = 7
Socket not ready, repolling fd = 7
Socket not ready, repolling fd = 7
Socket not ready, repolling fd = 7
Socket not ready, repolling fd = 7
Socket not ready, repolling fd = 7
Socket not ready, repolling fd = 7
Socket not ready, repolling fd = 7
Socket not ready, repolling fd = 7
Socket not ready, repolling fd = 7
Socket not ready, repolling fd = 7
Socket not ready, repolling fd = 7
Socket not ready, repolling fd = 7
Socket not ready, repolling fd = 7
Socket not ready, repolling fd = 7
Socket not ready, repolling fd = 7
Socket not ready, repolling fd = 7
Socket not ready, repolling fd = 7
Socket not ready, repolling fd = 7
Socket not ready, repolling fd = 7
Socket not ready, repolling fd = 7
Socket not ready, repolling fd = 7
Socket not ready, repolling fd = 7
Socket not ready, repolling fd = 7
Socket not ready, repolling fd = 7
Socket not ready, repolling fd = 7
Socket not ready, repolling fd = 7
Socket not ready, repolling fd = 7
Socket not ready, repolling fd = 7
Socket not ready, repolling fd = 7
Socket not ready, repolling fd = 7
Socket not ready, repolling fd = 7
Socket not ready, repolling fd = 7
Socket not ready, repolling fd = 7
Socket not ready, repolling fd = 7
Socket not ready, repolling fd = 7
Socket not ready, repolling fd = 7
Socket not ready, repolling fd = 7
Socket not ready, repolling fd = 7
Socket not ready, repolling fd = 7
Socket not ready, repolling fd = 7
Socket not ready, repolling fd = 7
Socket not ready, repolling fd = 7
Socket not ready, repolling fd = 7
Socket not ready, repolling fd = 7
Socket not ready, repolling fd = 7
Socket not ready, repolling fd = 7
Socket not ready, repolling fd = 7
Socket not ready, repolling fd = 7
Socket not ready, repolling fd = 7
Socket not ready, repolling fd = 7
Socket not ready, repolling fd = 7
Socket not ready, repolling fd = 7
Socket not ready, repolling fd = 7
Socket not ready, repolling fd = 7
Socket not ready, repolling fd = 7
Socket not ready, repolling fd = 7
Socket not ready, repolling fd = 7
Socket not ready, repolling fd = 7
Socket not ready, repolling fd = 7
Socket not ready, repolling fd = 7
Socket not ready, repolling fd = 7
Socket not ready, repolling fd = 7
Socket not ready, repolling fd = 7
Socket not ready, repolling fd = 7
Socket not ready, repolling fd = 7
Socket not ready, repolling fd = 7
Socket not ready, repolling fd = 7
Socket not ready, repolling fd = 7
Socket not ready, repolling fd = 7
Socket not ready, repolling fd = 7
Socket not ready, repolling fd = 7
Socket not ready, repolling fd = 7
Socket not ready, repolling fd = 7
Socket not ready, repolling fd = 7
Socket not ready, repolling fd = 7
Socket not ready, repolling fd = 7
Socket not ready, repolling fd = 7
Socket not ready, repolling fd = 7
Socket not ready, repolling fd = 7
Socket not ready, repolling fd = 7
Socket not ready, repolling fd = 7
Socket not ready, repolling fd = 7
Socket not ready, repolling fd = 7
Socket not ready, repolling fd = 7
Socket not ready, repolling fd = 7
Socket not ready, repolling fd = 7
Socket not ready, repolling fd = 7
Socket not ready, repolling fd = 7
Socket not ready, repolling fd = 7
Socket not ready, repolling fd = 7
Socket not ready, repolling fd = 7
Socket not ready, repolling fd = 7
Socket not ready, repolling fd = 7
Socket not ready, repolling fd = 7
Socket not ready, repolling fd = 7
Socket not ready, repolling fd = 7
Socket not ready, repolling fd = 7
Socket not ready, repolling fd = 7
Socket not ready, repolling fd = 7
Socket not ready, repolling fd = 7
Socket not ready, repolling fd = 7
Socket not ready, repolling fd = 7
Socket not ready, repolling fd = 7
Socket not ready, repolling fd = 7
Socket not ready, repolling fd = 7
Socket not ready, repolling fd = 7
Socket not ready, repolling fd = 7
Socket not ready, repolling fd = 7
Socket not ready, repolling fd = 7
Socket not ready, repolling fd = 7
Socket not ready, repolling fd = 7
Socket not ready, repolling fd = 7
Socket not ready, repolling fd = 7
Socket not ready, repolling fd = 7
Socket not ready, repolling fd = 7
Socket not ready, repolling fd = 7
Socket not ready, repolling fd = 7
Socket not ready, repolling fd = 7
Socket not ready, repolling fd = 7
Socket not ready, repolling fd = 7
Socket not ready, repolling fd = 7
Socket not ready, repolling fd = 7
Socket not ready, repolling fd = 7
Socket not ready, repolling fd = 7
Socket not ready, repolling fd = 7
Socket not ready, repolling fd = 7
Socket not ready, repolling fd = 7
Socket not ready, repolling fd = 7
Socket not ready, repolling fd = 7
Socket not ready, repolling fd = 7
Socket not ready, repolling fd = 7
Socket not ready, repolling fd = 7
Socket not ready, repolling fd = 7
Socket not ready, repolling fd = 7
Socket not ready, repolling fd = 7
Socket not ready, repolling fd = 7
Socket not ready, repolling fd = 7
Socket not ready, repolling fd = 7
Socket not ready, repolling fd = 7
Socket not ready, repolling fd = 7
Socket not ready, repolling fd = 7
Socket not ready, repolling fd = 7
Socket not ready, repolling fd = 7
Socket not ready, repolling fd = 7
Socket not ready, repolling fd = 7
Socket not ready, repolling fd = 7
Socket not ready, repolling fd = 7
Socket not ready, repolling fd = 7
Socket not ready, repolling fd = 7
Socket not ready, repolling fd = 7
Socket not ready, repolling fd = 7
Socket not ready, repolling fd = 7
Socket not ready, repolling fd = 7
Socket not ready, repolling fd = 7
Socket not ready, repolling fd = 7
Socket not ready, repolling fd = 7
Socket not ready, repolling fd = 7
Socket not ready, repolling fd = 7
Socket not ready, repolling fd = 7
Socket not ready, repolling fd = 7
Socket not ready, repolling fd = 7
Socket not ready, repolling fd = 7
Socket not ready, repolling fd = 7
Socket not ready, repolling fd = 7
Socket not ready, repolling fd = 7
Socket not ready, repolling fd = 7
Socket not ready, repolling fd = 7
Socket not ready, repolling fd = 7
Socket not ready, repolling fd = 7
Socket not ready, repolling fd = 7
Socket not ready, repolling fd = 7
Socket not ready, repolling fd = 7
Socket not ready, repolling fd = 7
Socket not ready, repolling fd = 7
Socket not ready, repolling fd = 7
Socket not ready, repolling fd = 7
Socket not ready, repolling fd = 7
Socket not ready, repolling fd = 7
Socket not ready, repolling fd = 7
Socket not ready, repolling fd = 7
Socket not ready, repolling fd = 7
Socket not ready, repolling fd = 7
Socket not ready, repolling fd = 7
Socket not ready, repolling fd = 7
Socket not ready, repolling fd = 7
Socket not ready, repolling fd = 7
Socket not ready, repolling fd = 7
Socket not ready, repolling fd = 7
Socket not ready, repolling fd = 7
Socket not ready, repolling fd = 7
Socket not ready, repolling fd = 7
Socket not ready, repolling fd = 7
Socket not ready, repolling fd = 7
Socket not ready, repolling fd = 7
Socket not ready, repolling fd = 7
Socket not ready, repolling fd = 7
Socket not ready, repolling fd = 7
Socket not ready, repolling fd = 7
Socket not ready, repolling fd = 7
Socket not ready, repolling fd = 7
Socket not ready, repolling fd = 7
Socket not ready, repolling fd = 7
Socket not ready, repolling fd = 7
Socket not ready, repolling fd = 7
Socket not ready, repolling fd = 7
Socket not ready, repolling fd = 7
Socket not ready, repolling fd = 7
Socket not ready, repolling fd = 7
Socket not ready, repolling fd = 7
Socket not ready, repolling fd = 7
Socket not ready, repolling fd = 7
Socket not ready, repolling fd = 7
Socket not ready, repolling fd = 7
Socket not ready, repolling fd = 7
Socket not ready, repolling fd = 7
Socket not ready, repolling fd = 7
Socket not ready, repolling fd = 7
Socket not ready, repolling fd = 7
Socket not ready, repolling fd = 7
Socket not ready, repolling fd = 7
Socket not ready, repolling fd = 7
Socket not ready, repolling fd = 7
Socket not ready, repolling fd = 7
Socket not ready, repolling fd = 7
Socket not ready, repolling fd = 7
Socket not ready, repolling fd = 7
Socket not ready, repolling fd = 7
Socket not ready, repolling fd = 7
Socket not ready, repolling fd = 7
Socket not ready, repolling fd = 7
Socket not ready, repolling fd = 7
Socket not ready, repolling fd = 7
Socket not ready, repolling fd = 7
Socket not ready, repolling fd = 7
Socket not ready, repolling fd = 7
Socket not ready, repolling fd = 7
Socket not ready, repolling fd = 7
Socket not ready, repolling fd = 7
Socket not ready, repolling fd = 7
Socket not ready, repolling fd = 7
Socket not ready, repolling fd = 7
Socket not ready, repolling fd = 7
Socket not ready, repolling fd = 7
Socket not ready, repolling fd = 7
Socket not ready, repolling fd = 7
Socket not ready, repolling fd = 7
Socket not ready, repolling fd = 7
Socket not ready, repolling fd = 7
Socket not ready, repolling fd = 7
Socket not ready, repolling fd = 7
Socket not ready, repolling fd = 7
Socket not ready, repolling fd = 7
Socket not ready, repolling fd = 7
Socket not ready, repolling fd = 7
Socket not ready, repolling fd = 7
Socket not ready, repolling fd = 7
Socket not ready, repolling fd = 7
Socket not ready, repolling fd = 7
Socket not ready, repolling fd = 7
Socket not ready, repolling fd = 7
Socket not ready, repolling fd = 7
Socket not ready, repolling fd = 7
Socket not ready, repolling fd = 7
Socket not ready, repolling fd = 7
Socket not ready, repolling fd = 7
Socket not ready, repolling fd = 7
Socket not ready, repolling fd = 7
Socket not ready, repolling fd = 7
Socket not ready, repolling fd = 7
Socket not ready, repolling fd = 7
Socket not ready, repolling fd = 7
Socket not ready, repolling fd = 7
Socket not ready, repolling fd = 7
Socket not ready, repolling fd = 7
Socket not ready, repolling fd = 7
Socket not ready, repolling fd = 7
Socket not ready, repolling fd = 7
Socket not ready, repolling fd = 7
Socket not ready, repolling fd = 7
Socket not ready, repolling fd = 7
Socket not ready, repolling fd = 7
Socket not ready, repolling fd = 7
Socket not ready, repolling fd = 7
Socket not ready, repolling fd = 7
Socket not ready, repolling fd = 7
Socket not ready, repolling fd = 7
Socket not ready, repolling fd = 7
Socket not ready, repolling fd = 7
Socket not ready, repolling fd = 7
Socket not ready, repolling fd = 7
Socket not ready, repolling fd = 7
Socket not ready, repolling fd = 7
Socket not ready, repolling fd = 7
Socket not ready, repolling fd = 7
Socket not ready, repolling fd = 7
Socket not ready, repolling fd = 7
Socket not ready, repolling fd = 7
Socket not ready, repolling fd = 7
Socket not ready, repolling fd = 7
Socket not ready, repolling fd = 7
Socket not ready, repolling fd = 7
Socket not ready, repolling fd = 7
Socket not ready, repolling fd = 7
Socket not ready, repolling fd = 7
Socket not ready, repolling fd = 7
Socket not ready, repolling fd = 7
Socket not ready, repolling fd = 7
Socket not ready, repolling fd = 7
Socket not ready, repolling fd = 7
Socket not ready, repolling fd = 7
Socket not ready, repolling fd = 7
Socket not ready, repolling fd = 7
Socket not ready, repolling fd = 7
Socket not ready, repolling fd = 7
Socket not ready, repolling fd = 7
Socket not ready, repolling fd = 7
Socket not ready, repolling fd = 7
Socket not ready, repolling fd = 7
Socket not ready, repolling fd = 7
Socket not ready, repolling fd = 7
Socket not ready, repolling fd = 7
Socket not ready, repolling fd = 7
Socket not ready, repolling fd = 7
Socket not ready, repolling fd = 7
Socket not ready, repolling fd = 7
Socket not ready, repolling fd = 7
Socket not ready, repolling fd = 7
Socket not ready, repolling fd = 7
Socket not ready, repolling fd = 7
Socket not ready, repolling fd = 7
Socket not ready, repolling fd = 7
Socket not ready, repolling fd = 7
Socket not ready, repolling fd = 7
Socket not ready, repolling fd = 7
Socket not ready, repolling fd = 7
Socket not ready, repolling fd = 7
Socket not ready, repolling fd = 7
Socket not ready, repolling fd = 7
Socket not ready, repolling fd = 7
Socket not ready, repolling fd = 7
Socket not ready, repolling fd = 7
Socket not ready, repolling fd = 7
Socket not ready, repolling fd = 7
Socket not ready, repolling fd = 7
Socket not ready, repolling fd = 7
Socket not ready, repolling fd = 7
Socket not ready, repolling fd = 7
Socket not ready, repolling fd = 7
Socket not ready, repolling fd = 7
Socket not ready, repolling fd = 7
Socket not ready, repolling fd = 7
Socket not ready, repolling fd = 7
Socket not ready, repolling fd = 7
Socket not ready, repolling fd = 7
Socket not ready, repolling fd = 7
Socket not ready, repolling fd = 7
Socket not ready, repolling fd = 7
Socket not ready, repolling fd = 7
Socket not ready, repolling fd = 7
Socket not ready, repolling fd = 7
Socket not ready, repolling fd = 7
Socket not ready, repolling fd = 7
Socket not ready, repolling fd = 7
Socket not ready, repolling fd = 7
Socket not ready, repolling fd = 7
Socket not ready, repolling fd = 7
Socket not ready, repolling fd = 7
Socket not ready, repolling fd = 7
Socket not ready, repolling fd = 7
Socket not ready, repolling fd = 7
Socket not ready, repolling fd = 7
Socket not ready, repolling fd = 7
Socket not ready, repolling fd = 7
Socket not ready, repolling fd = 7
Socket not ready, repolling fd = 7
Socket not ready, repolling fd = 7
Socket not ready, repolling fd = 7
Socket not ready, repolling fd = 7
Socket not ready, repolling fd = 7
Socket not ready, repolling fd = 7
Socket not ready, repolling fd = 7
Socket not ready, repolling fd = 7
Socket not ready, repolling fd = 7
Socket not ready, repolling fd = 7
Socket not ready, repolling fd = 7
Socket not ready, repolling fd = 7
Socket not ready, repolling fd = 7
Socket not ready, repolling fd = 7
Socket not ready, repolling fd = 7
Socket not ready, repolling fd = 7
Socket not ready, repolling fd = 7
Socket not ready, repolling fd = 7
Socket not ready, repolling fd = 7
Socket not ready, repolling fd = 7
Socket not ready, repolling fd = 7
Socket not ready, repolling fd = 7
Socket not ready, repolling fd = 7
Socket not ready, repolling fd = 7
Socket not ready, repolling fd = 7
Socket not ready, repolling fd = 7
Socket not ready, repolling fd = 7
Socket not ready, repolling fd = 7
Socket not ready, repolling fd = 7
Socket not ready, repolling fd = 7
Socket not ready, repolling fd = 7
Socket not ready, repolling fd = 7
Socket not ready, repolling fd = 7
Socket not ready, repolling fd = 7
Socket not ready, repolling fd = 7
Socket not ready, repolling fd = 7
Socket not ready, repolling fd = 7
Socket not ready, repolling fd = 7
Socket not ready, repolling fd = 7
Socket not ready, repolling fd = 7
Socket not ready, repolling fd = 7
Socket not ready, repolling fd = 7
Socket not ready, repolling fd = 7
Socket not ready, repolling fd = 7
Socket not ready, repolling fd = 7
Socket not ready, repolling fd = 7
Socket not ready, repolling fd = 7
Socket not ready, repolling fd = 7
Socket not ready, repolling fd = 7
Socket not ready, repolling fd = 7
Socket not ready, repolling fd = 7
Socket not ready, repolling fd = 7
Socket not ready, repolling fd = 7
Socket not ready, repolling fd = 7
Socket not ready, repolling fd = 7
Socket not ready, repolling fd = 7
Socket not ready, repolling fd = 7
Socket not ready, repolling fd = 7
Socket not ready, repolling fd = 7
Socket not ready, repolling fd = 7
Socket not ready, repolling fd = 7
Socket not ready, repolling fd = 7
Socket not ready, repolling fd = 7
Socket not ready, repolling fd = 7
Socket not ready, repolling fd = 7
Socket not ready, repolling fd = 7
Socket not ready, repolling fd = 7
Socket not ready, repolling fd = 7
Socket not ready, repolling fd = 7
Socket not ready, repolling fd = 7
Socket not ready, repolling fd = 7
Socket not ready, repolling fd = 7
Socket not ready, repolling fd = 7
Socket not ready, repolling fd = 7
Socket not ready, repolling fd = 7
Socket not ready, repolling fd = 7
Socket not ready, repolling fd = 7
Socket not ready, repolling fd = 7
Socket not ready, repolling fd = 7
Socket not ready, repolling fd = 7
Socket not ready, repolling fd = 7
Socket not ready, repolling fd = 7
Socket not ready, repolling fd = 7
Socket not ready, repolling fd = 7
Socket not ready, repolling fd = 7
Socket not ready, repolling fd = 7
Socket not ready, repolling fd = 7
Socket not ready, repolling fd = 7
Socket not ready, repolling fd = 7
Socket not ready, repolling fd = 7
Socket not ready, repolling fd = 7
Socket not ready, repolling fd = 7
Socket not ready, repolling fd = 7
Socket not ready, repolling fd = 7
Socket not ready, repolling fd = 7
Socket not ready, repolling fd = 7
Socket not ready, repolling fd = 7
Socket not ready, repolling fd = 7
Socket not ready, repolling fd = 7
Socket not ready, repolling fd = 7
Socket not ready, repolling fd = 7
Socket not ready, repolling fd = 7
Socket not ready, repolling fd = 7
Socket not ready, repolling fd = 7
Socket not ready, repolling fd = 7
Socket not ready, repolling fd = 7
Socket not ready, repolling fd = 7
Socket not ready, repolling fd = 7
Socket not ready, repolling fd = 7
Socket not ready, repolling fd = 7
Socket not ready, repolling fd = 7
Socket not ready, repolling fd = 7
Socket not ready, repolling fd = 7
Socket not ready, repolling fd = 7
Socket not ready, repolling fd = 7
Socket not ready, repolling fd = 7
Socket not ready, repolling fd = 7
Socket not ready, repolling fd = 7
Socket not ready, repolling fd = 7
Socket not ready, repolling fd = 7
Socket not ready, repolling fd = 7
Socket not ready, repolling fd = 7
Socket not ready, repolling fd = 7
Socket not ready, repolling fd = 7
Socket not ready, repolling fd = 7
Socket not ready, repolling fd = 7
Socket not ready, repolling fd = 7
Socket not ready, repolling fd = 7
Socket not ready, repolling fd = 7
Socket not ready, repolling fd = 7
Socket not ready, repolling fd = 7
Socket not ready, repolling fd = 7
Socket not ready, repolling fd = 7
Socket not ready, repolling fd = 7
Socket not ready, repolling fd = 7
Socket not ready, repolling fd = 7
Socket not ready, repolling fd = 7
Socket not ready, repolling fd = 7
Socket not ready, repolling fd = 7
Socket not ready, repolling fd = 7
Socket not ready, repolling fd = 7
Socket not ready, repolling fd = 7
Socket not ready, repolling fd = 7
Socket not ready, repolling fd = 7
Socket not ready, repolling fd = 7
Socket not ready, repolling fd = 7
Socket not ready, repolling fd = 7
Socket not ready, repolling fd = 7
Socket not ready, repolling fd = 7
Socket not ready, repolling fd = 7
Socket not ready, repolling fd = 7
Socket not ready, repolling fd = 7
Socket not ready, repolling fd = 7
Socket not ready, repolling fd = 7
Socket not ready, repolling fd = 7
Socket not ready, repolling fd = 7
Socket not ready, repolling fd = 7
Socket not ready, repolling fd = 7
Socket not ready, repolling fd = 7
Socket not ready, repolling fd = 7
Socket not ready, repolling fd = 7
Socket not ready, repolling fd = 7
Socket not ready, repolling fd = 7
Socket not ready, repolling fd = 7
Socket not ready, repolling fd = 7
Socket not ready, repolling fd = 7
Socket not ready, repolling fd = 7
Socket not ready, repolling fd = 7
Socket not ready, repolling fd = 7
Socket not ready, repolling fd = 7
Socket not ready, repolling fd = 7
Socket not ready, repolling fd = 7
Socket not ready, repolling fd = 7
Socket not ready, repolling fd = 7
Socket not ready, repolling fd = 7
Socket not ready, repolling fd = 7
Socket not ready, repolling fd = 7
Socket not ready, repolling fd = 7
Socket not ready, repolling fd = 7
Socket not ready, repolling fd = 7
Socket not ready, repolling fd = 7
Socket not ready, repolling fd = 7
Socket not ready, repolling fd = 7
Socket not ready, repolling fd = 7
Socket not ready, repolling fd = 7
Socket not ready, repolling fd = 7
Socket not ready, repolling fd = 7
Socket not ready, repolling fd = 7
Socket not ready, repolling fd = 7
Socket not ready, repolling fd = 7
Socket not ready, repolling fd = 7
Socket not ready, repolling fd = 7
Socket not ready, repolling fd = 7
Socket not ready, repolling fd = 7
Socket not ready, repolling fd = 7
Socket not ready, repolling fd = 7
Socket not ready, repolling fd = 7
Socket not ready, repolling fd = 7
Socket not ready, repolling fd = 7
Socket not ready, repolling fd = 7
Socket not ready, repolling fd = 7
Socket not ready, repolling fd = 7
Socket not ready, repolling fd = 7
Socket not ready, repolling fd = 7
Socket not ready, repolling fd = 7
Socket not ready, repolling fd = 7
Socket not ready, repolling fd = 7
Socket not ready, repolling fd = 7
Socket not ready, repolling fd = 7
Socket not ready, repolling fd = 7
Socket not ready, repolling fd = 7
Socket not ready, repolling fd = 7
Socket not ready, repolling fd = 7
Socket not ready, repolling fd = 7
Socket not ready, repolling fd = 7
Socket not ready, repolling fd = 7
Socket not ready, repolling fd = 7
Socket not ready, repolling fd = 7
Socket not ready, repolling fd = 7
Socket not ready, repolling fd = 7
Socket not ready, repolling fd = 7
Socket not ready, repolling fd = 7
Socket not ready, repolling fd = 7
Socket not ready, repolling fd = 7
Socket not ready, repolling fd = 7
Socket not ready, repolling fd = 7
Socket not ready, repolling fd = 7
Socket not ready, repolling fd = 7
Socket not ready, repolling fd = 7
Socket not ready, repolling fd = 7
Socket not ready, repolling fd = 7
Socket not ready, repolling fd = 7
Socket not ready, repolling fd = 7
Socket not ready, repolling fd = 7
Socket not ready, repolling fd = 7
Socket not ready, repolling fd = 7
Socket not ready, repolling fd = 7
Socket not ready, repolling fd = 7
Socket not ready, repolling fd = 7
Socket not ready, repolling fd = 7
Socket not ready, repolling fd = 7
Socket not ready, repolling fd = 7
Socket not ready, repolling fd = 7
Socket not ready, repolling fd = 7
Socket not ready, repolling fd = 7
Socket not ready, repolling fd = 7
Socket not ready, repolling fd = 7
Socket not ready, repolling fd = 7
Socket not ready, repolling fd = 7
Socket not ready, repolling fd = 7
Socket not ready, repolling fd = 7
Socket not ready, repolling fd = 7
Socket not ready, repolling fd = 7
Socket not ready, repolling fd = 7
Socket not ready, repolling fd = 7
Socket not ready, repolling fd = 7
Socket not ready, repolling fd = 7
Socket not ready, repolling fd = 7
Socket not ready, repolling fd = 7
Socket not ready, repolling fd = 7
Socket not ready, repolling fd = 7
Socket not ready, repolling fd = 7
Socket not ready, repolling fd = 7
Socket not ready, repolling fd = 7
Socket not ready, repolling fd = 7
Socket not ready, repolling fd = 7
Socket not ready, repolling fd = 7
Socket not ready, repolling fd = 7
Socket not ready, repolling fd = 7
Socket not ready, repolling fd = 7
Socket not ready, repolling fd = 7
Socket not ready, repolling fd = 7
Socket not ready, repolling fd = 7
Socket not ready, repolling fd = 7
Socket not ready, repolling fd = 7
Socket not ready, repolling fd = 7
Socket not ready, repolling fd = 7
Socket not ready, repolling fd = 7
Socket not ready, repolling fd = 7
Socket not ready, repolling fd = 7
Socket not ready, repolling fd = 7
Socket not ready, repolling fd = 7
Socket not ready, repolling fd = 7
Socket not ready, repolling fd = 7
Socket not ready, repolling fd = 7
Socket not ready, repolling fd = 7
Socket not ready, repolling fd = 7
Socket not ready, repolling fd = 7
Socket not ready, repolling fd = 7
Socket not ready, repolling fd = 7
Socket not ready, repolling fd = 7
Socket not ready, repolling fd = 7
Socket not ready, repolling fd = 7
Socket not ready, repolling fd = 7
Socket not ready, repolling fd = 7
Socket not ready, repolling fd = 7
Socket not ready, repolling fd = 7
Socket not ready, repolling fd = 7
Socket not ready, repolling fd = 7
Socket not ready, repolling fd = 7
Socket not ready, repolling fd = 7
Socket not ready, repolling fd = 7
Socket not ready, repolling fd = 7
Socket not ready, repolling fd = 7
Socket not ready, repolling fd = 7
Socket not ready, repolling fd = 7
Socket not ready, repolling fd = 7
Socket not ready, repolling fd = 7
Socket not ready, repolling fd = 7
Socket not ready, repolling fd = 7
Socket not ready, repolling fd = 7
Socket not ready, repolling fd = 7
Socket not ready, repolling fd = 7
Socket not ready, repolling fd = 7
Socket not ready, repolling fd = 7
Socket not ready, repolling fd = 7
Socket not ready, repolling fd = 7
Socket not ready, repolling fd = 7
Socket not ready, repolling fd = 7
Socket not ready, repolling fd = 7
Socket not ready, repolling fd = 7
Socket not ready, repolling fd = 7
Socket not ready, repolling fd = 7
Socket not ready, repolling fd = 7
Socket not ready, repolling fd = 7
Socket not ready, repolling fd = 7
Socket not ready, repolling fd = 7
Socket not ready, repolling fd = 7
Socket not ready, repolling fd = 7
Socket not ready, repolling fd = 7
Socket not ready, repolling fd = 7
Socket not ready, repolling fd = 7
Socket not ready, repolling fd = 7
Socket not ready, repolling fd = 7
Socket not ready, repolling fd = 7
Socket not ready, repolling fd = 7
Socket not ready, repolling fd = 7
Socket not ready, repolling fd = 7
Socket not ready, repolling fd = 7
Socket not ready, repolling fd = 7
Socket not ready, repolling fd = 7
Socket not ready, repolling fd = 7
Socket not ready, repolling fd = 7
Socket not ready, repolling fd = 7
Socket not ready, repolling fd = 7
Socket not ready, repolling fd = 7
Socket not ready, repolling fd = 7
Socket not ready, repolling fd = 7
Socket not ready, repolling fd = 7
Socket not ready, repolling fd = 7
Socket not ready, repolling fd = 7
Socket not ready, repolling fd = 7
Socket not ready, repolling fd = 7
Socket not ready, repolling fd = 7
Socket not ready, repolling fd = 7
Socket not ready, repolling fd = 7
Socket not ready, repolling fd = 7
Socket not ready, repolling fd = 7
Socket not ready, repolling fd = 7
Socket not ready, repolling fd = 7
Socket not ready, repolling fd = 7
Socket not ready, repolling fd = 7
Socket not ready, repolling fd = 7
Socket not ready, repolling fd = 7
Socket not ready, repolling fd = 7
Socket not ready, repolling fd = 7
Socket not ready, repolling fd = 7
Socket not ready, repolling fd = 7
Socket not ready, repolling fd = 7
Socket not ready, repolling fd = 7
Socket not ready, repolling fd = 7
Socket not ready, repolling fd = 7
Socket not ready, repolling fd = 7
Socket not ready, repolling fd = 7
Socket not ready, repolling fd = 7
Socket not ready, repolling fd = 7
Socket not ready, repolling fd = 7
Socket not ready, repolling fd = 7
Socket not ready, repolling fd = 7
Socket not ready, repolling fd = 7
Socket not ready, repolling fd = 7
Socket not ready, repolling fd = 7
Socket not ready, repolling fd = 7
Socket not ready, repolling fd = 7
Socket not ready, repolling fd = 7
Socket not ready, repolling fd = 7
Socket not ready, repolling fd = 7
Socket not ready, repolling fd = 7
Socket not ready, repolling fd = 7
Socket not ready, repolling fd = 7
Socket not ready, repolling fd = 7
Socket not ready, repolling fd = 7
Socket not ready, repolling fd = 7
Socket not ready, repolling fd = 7
Socket not ready, repolling fd = 7
Socket not ready, repolling fd = 7
Socket not ready, repolling fd = 7
Socket not ready, repolling fd = 7
Socket not ready, repolling fd = 7
Socket not ready, repolling fd = 7
Socket not ready, repolling fd = 7
Socket not ready, repolling fd = 7
Socket not ready, repolling fd = 7
Socket not ready, repolling fd = 7
Socket not ready, repolling fd = 7
Socket not ready, repolling fd = 7
Socket not ready, repolling fd = 7
Socket not ready, repolling fd = 7
Socket not ready, repolling fd = 7
Socket not ready, repolling fd = 7
Socket not ready, repolling fd = 7
Socket not ready, repolling fd = 7
Socket not ready, repolling fd = 7
Socket not ready, repolling fd = 7
Socket not ready, repolling fd = 7
Socket not ready, repolling fd = 7
Socket not ready, repolling fd = 7
Socket not ready, repolling fd = 7
Socket not ready, repolling fd = 7
Socket not ready, repolling fd = 7
Socket not ready, repolling fd = 7
Socket not ready, repolling fd = 7
Socket not ready, repolling fd = 7
Socket not ready, repolling fd = 7
Socket not ready, repolling fd = 7
Socket not ready, repolling fd = 7
Socket not ready, repolling fd = 7
Socket not ready, repolling fd = 7
Socket not ready, repolling fd = 7
Socket not ready, repolling fd = 7
Socket not ready, repolling fd = 7
Socket not ready, repolling fd = 7
Socket not ready, repolling fd = 7
Socket not ready, repolling fd = 7
Socket not ready, repolling fd = 7
Socket not ready, repolling fd = 7
Socket not ready, repolling fd = 7
Socket not ready, repolling fd = 7
Socket not ready, repolling fd = 7
Socket not ready, repolling fd = 7
Socket not ready, repolling fd = 7
Socket not ready, repolling fd = 7
Socket not ready, repolling fd = 7
Socket not ready, repolling fd = 7
Socket not ready, repolling fd = 7
Socket not ready, repolling fd = 7
Socket not ready, repolling fd = 7
Socket not ready, repolling fd = 7
Socket not ready, repolling fd = 7
Socket not ready, repolling fd = 7
Socket not ready, repolling fd = 7
Socket not ready, repolling fd = 7
Socket not ready, repolling fd = 7
Socket not ready, repolling fd = 7
Socket not ready, repolling fd = 7
Socket not ready, repolling fd = 7
Socket not ready, repolling fd = 7
Socket not ready, repolling fd = 7
Socket not ready, repolling fd = 7
Socket not ready, repolling fd = 7
Socket not ready, repolling fd = 7
Socket not ready, repolling fd = 7
Socket not ready, repolling fd = 7
Socket not ready, repolling fd = 7
Socket not ready, repolling fd = 7
Socket not ready, repolling fd = 7
Socket not ready, repolling fd = 7
Socket not ready, repolling fd = 7
Socket not ready, repolling fd = 7
Socket not ready, repolling fd = 7
Socket not ready, repolling fd = 7
Socket not ready, repolling fd = 7
Socket not ready, repolling fd = 7
Socket not ready, repolling fd = 7
Socket not ready, repolling fd = 7
Socket not ready, repolling fd = 7
Socket not ready, repolling fd = 7
Socket not ready, repolling fd = 7
Socket not ready, repolling fd = 7
Socket not ready, repolling fd = 7
Socket not ready, repolling fd = 7
Socket not ready, repolling fd = 7
Socket not ready, repolling fd = 7
Socket not ready, repolling fd = 7
Socket not ready, repolling fd = 7
Socket not ready, repolling fd = 7
Socket not ready, repolling fd = 7
Socket not ready, repolling fd = 7
Socket not ready, repolling fd = 7
Socket not ready, repolling fd = 7
Socket not ready, repolling fd = 7
Socket not ready, repolling fd = 7
Socket not ready, repolling fd = 7
Socket not ready, repolling fd = 7
Socket not ready, repolling fd = 7
Socket not ready, repolling fd = 7
Socket not ready, repolling fd = 7
Socket not ready, repolling fd = 7
Socket not ready, repolling fd = 7
Socket not ready, repolling fd = 7
Socket not ready, repolling fd = 7
Socket not ready, repolling fd = 7
Socket not ready, repolling fd = 7
Socket not ready, repolling fd = 7
Socket not ready, repolling fd = 7
Socket not ready, repolling fd = 7
Socket not ready, repolling fd = 7
Socket not ready, repolling fd = 7
Socket not ready, repolling fd = 7
Socket not ready, repolling fd = 7
Socket not ready, repolling fd = 7
Socket not ready, repolling fd = 7
Socket not ready, repolling fd = 7
Socket not ready, repolling fd = 7
Socket not ready, repolling fd = 7
Socket not ready, repolling fd = 7
Socket not ready, repolling fd = 7
Socket not ready, repolling fd = 7
Socket not ready, repolling fd = 7
Socket not ready, repolling fd = 7
Socket not ready, repolling fd = 7
Socket not ready, repolling fd = 7
Socket not ready, repolling fd = 7
Socket not ready, repolling fd = 7
Socket not ready, repolling fd = 7
Socket not ready, repolling fd = 7
Socket not ready, repolling fd = 7
Socket not ready, repolling fd = 7
Socket not ready, repolling fd = 7
Socket not ready, repolling fd = 7
Socket not ready, repolling fd = 7
Socket not ready, repolling fd = 7
Socket not ready, repolling fd = 7
Socket not ready, repolling fd = 7
Socket not ready, repolling fd = 7
Socket not ready, repolling fd = 7
Socket not ready, repolling fd = 7
Socket not ready, repolling fd = 7
Socket not ready, repolling fd = 7
Socket not ready, repolling fd = 7
Socket not ready, repolling fd = 7
Socket not ready, repolling fd = 7
Socket not ready, repolling fd = 7
Socket not ready, repolling fd = 7
Socket not ready, repolling fd = 7
Socket not ready, repolling fd = 7
Socket not ready, repolling fd = 7
Socket not ready, repolling fd = 7
Socket not ready, repolling fd = 7
Socket not ready, repolling fd = 7
Socket not ready, repolling fd = 7
Socket not ready, repolling fd = 7
Socket not ready, repolling fd = 7
Socket not ready, repolling fd = 7
Socket not ready, repolling fd = 7
Socket not ready, repolling fd = 7
Socket not ready, repolling fd = 7
Socket not ready, repolling fd = 7
Socket not ready, repolling fd = 7
Socket not ready, repolling fd = 7
Socket not ready, repolling fd = 7
Socket not ready, repolling fd = 7
Socket not ready, repolling fd = 7
Socket not ready, repolling fd = 7
Socket not ready, repolling fd = 7
Socket not ready, repolling fd = 7
Socket not ready, repolling fd = 7
Socket not ready, repolling fd = 7
Socket not ready, repolling fd = 7
Socket not ready, repolling fd = 7
Socket not ready, repolling fd = 7
Socket not ready, repolling fd = 7
Socket not ready, repolling fd = 7
Socket not ready, repolling fd = 7
Socket not ready, repolling fd = 7
Socket not ready, repolling fd = 7
Socket not ready, repolling fd = 7
Socket not ready, repolling fd = 7
Socket not ready, repolling fd = 7
Socket not ready, repolling fd = 7
Socket not ready, repolling fd = 7
Socket not ready, repolling fd = 7
Socket not ready, repolling fd = 7
Socket not ready, repolling fd = 7
Socket not ready, repolling fd = 7
Socket not ready, repolling fd = 7
Socket not ready, repolling fd = 7
Socket not ready, repolling fd = 7
Socket not ready, repolling fd = 7
Socket not ready, repolling fd = 7
Socket not ready, repolling fd = 7
Socket not ready, repolling fd = 7
Socket not ready, repolling fd = 7
Socket not ready, repolling fd = 7
Socket not ready, repolling fd = 7
Socket not ready, repolling fd = 7
Socket not ready, repolling fd = 7
Socket not ready, repolling fd = 7
Socket not ready, repolling fd = 7
Socket not ready, repolling fd = 7
Socket not ready, repolling fd = 7
Socket not ready, repolling fd = 7
Socket not ready, repolling fd = 7
Socket not ready, repolling fd = 7
Socket not ready, repolling fd = 7
Socket not ready, repolling fd = 7
Socket not ready, repolling fd = 7
Socket not ready, repolling fd = 7
Socket not ready, repolling fd = 7
Socket not ready, repolling fd = 7
Socket not ready, repolling fd = 7
Socket not ready, repolling fd = 7
Socket not ready, repolling fd = 7
Socket not ready, repolling fd = 7
Socket not ready, repolling fd = 7
Socket not ready, repolling fd = 7
Socket not ready, repolling fd = 7
Socket not ready, repolling fd = 7
Socket not ready, repolling fd = 7
Socket not ready, repolling fd = 7
Socket not ready, repolling fd = 7
Socket not ready, repolling fd = 7
Socket not ready, repolling fd = 7
Socket not ready, repolling fd = 7
Socket not ready, repolling fd = 7
Socket not ready, repolling fd = 7
Socket not ready, repolling fd = 7
Socket not ready, repolling fd = 7
Socket not ready, repolling fd = 7
Socket not ready, repolling fd = 7
Socket not ready, repolling fd = 7
Socket not ready, repolling fd = 7
Socket not ready, repolling fd = 7
Socket not ready, repolling fd = 7
Socket not ready, repolling fd = 7
Socket not ready, repolling fd = 7
Socket not ready, repolling fd = 7
Socket not ready, repolling fd = 7
Socket not ready, repolling fd = 7
Socket not ready, repolling fd = 7
Socket not ready, repolling fd = 7
Socket not ready, repolling fd = 7
Socket not ready, repolling fd = 7
Socket not ready, repolling fd = 7
Socket not ready, repolling fd = 7
Socket not ready, repolling fd = 7
Socket not ready, repolling fd = 7
Socket not ready, repolling fd = 7
Socket not ready, repolling fd = 7
Socket not ready, repolling fd = 7
Socket not ready, repolling fd = 7
Socket not ready, repolling fd = 7
Socket not ready, repolling fd = 7
Socket not ready, repolling fd = 7
Socket not ready, repolling fd = 7
Socket not ready, repolling fd = 7
Socket not ready, repolling fd = 7
Socket not ready, repolling fd = 7
Socket not ready, repolling fd = 7
Socket not ready, repolling fd = 7
Socket not ready, repolling fd = 7
Socket not ready, repolling fd = 7
Socket not ready, repolling fd = 7
Socket not ready, repolling fd = 7
Socket not ready, repolling fd = 7
Socket not ready, repolling fd = 7
Socket not ready, repolling fd = 7
Socket not ready, repolling fd = 7
Socket not ready, repolling fd = 7
Socket not ready, repolling fd = 7
Socket not ready, repolling fd = 7
Socket not ready, repolling fd = 7
Socket not ready, repolling fd = 7
Socket not ready, repolling fd = 7
Socket not ready, repolling fd = 7
Socket not ready, repolling fd = 7
Socket not ready, repolling fd = 7
Socket not ready, repolling fd = 7
Socket not ready, repolling fd = 7
Socket not ready, repolling fd = 7
Socket not ready, repolling fd = 7
Socket not ready, repolling fd = 7
Socket not ready, repolling fd = 7
Socket not ready, repolling fd = 7
Socket not ready, repolling fd = 7
Socket not ready, repolling fd = 7
Socket not ready, repolling fd = 7
Socket not ready, repolling fd = 7
Socket not ready, repolling fd = 7
Socket not ready, repolling fd = 7
Socket not ready, repolling fd = 7
Socket not ready, repolling fd = 7
Socket not ready, repolling fd = 7
Socket not ready, repolling fd = 7
Socket not ready, repolling fd = 7
Socket not ready, repolling fd = 7
Socket not ready, repolling fd = 7
Socket not ready, repolling fd = 7
Socket not ready, repolling fd = 7
Socket not ready, repolling fd = 7
Socket not ready, repolling fd = 7
Socket not ready, repolling fd = 7
Socket not ready, repolling fd = 7
Socket not ready, repolling fd = 7
Socket not ready, repolling fd = 7
Socket not ready, repolling fd = 7
Socket not ready, repolling fd = 7
Socket not ready, repolling fd = 7
Socket not ready, repolling fd = 7
Socket not ready, repolling fd = 7
Socket not ready, repolling fd = 7
Socket not ready, repolling fd = 7
Socket not ready, repolling fd = 7
Socket not ready, repolling fd = 7
Socket not ready, repolling fd = 7
Socket not ready, repolling fd = 7
Socket not ready, repolling fd = 7
Socket not ready, repolling fd = 7
Socket not ready, repolling fd = 7
Socket not ready, repolling fd = 7
Socket not ready, repolling fd = 7
Socket not ready, repolling fd = 7
Socket not ready, repolling fd = 7
Socket not ready, repolling fd = 7
Socket not ready, repolling fd = 7
Socket not ready, repolling fd = 7
Socket not ready, repolling fd = 7
Socket not ready, repolling fd = 7
Socket not ready, repolling fd = 7
Socket not ready, repolling fd = 7
Socket not ready, repolling fd = 7
Socket not ready, repolling fd = 7
Socket not ready, repolling fd = 7
Socket not ready, repolling fd = 7
Socket not ready, repolling fd = 7
Socket not ready, repolling fd = 7
Socket not ready, repolling fd = 7
Socket not ready, repolling fd = 7
Socket not ready, repolling fd = 7
Socket not ready, repolling fd = 7
Socket not ready, repolling fd = 7
Socket not ready, repolling fd = 7
Socket not ready, repolling fd = 7
Socket not ready, repolling fd = 7
Socket not ready, repolling fd = 7
Socket not ready, repolling fd = 7
Socket not ready, repolling fd = 7
Socket not ready, repolling fd = 7
Socket not ready, repolling fd = 7
Socket not ready, repolling fd = 7
Socket not ready, repolling fd = 7
Socket not ready, repolling fd = 7
Socket not ready, repolling fd = 7
Socket not ready, repolling fd = 7
Socket not ready, repolling fd = 7
Socket not ready, repolling fd = 7
Socket not ready, repolling fd = 7
Socket not ready, repolling fd = 7
Socket not ready, repolling fd = 7
Socket not ready, repolling fd = 7
Socket not ready, repolling fd = 7
Socket not ready, repolling fd = 7
Socket not ready, repolling fd = 7
Socket not ready, repolling fd = 7
Socket not ready, repolling fd = 7
Socket not ready, repolling fd = 7
Socket not ready, repolling fd = 7
Socket not ready, repolling fd = 7
Socket not ready, repolling fd = 7
Socket not ready, repolling fd = 7
Socket not ready, repolling fd = 7
Socket not ready, repolling fd = 7
Socket not ready, repolling fd = 7
Socket not ready, repolling fd = 7
Socket not ready, repolling fd = 7
Socket not ready, repolling fd = 7
Socket not ready, repolling fd = 7
Socket not ready, repolling fd = 7
Socket not ready, repolling fd = 7
Socket not ready, repolling fd = 7
Socket not ready, repolling fd = 7
Socket not ready, repolling fd = 7
Socket not ready, repolling fd = 7
Socket not ready, repolling fd = 7
Socket not ready, repolling fd = 7
Socket not ready, repolling fd = 7
Socket not ready, repolling fd = 7
Socket not ready, repolling fd = 7
Socket not ready, repolling fd = 7
Socket not ready, repolling fd = 7
Socket not ready, repolling fd = 7
Socket not ready, repolling fd = 7
Socket not ready, repolling fd = 7
Socket not ready, repolling fd = 7
Socket not ready, repolling fd = 7
Socket not ready, repolling fd = 7
Socket not ready, repolling fd = 7
Socket not ready, repolling fd = 7
Socket not ready, repolling fd = 7
Socket not ready, repolling fd = 7
Socket not ready, repolling fd = 7
Socket not ready, repolling fd = 7
Socket not ready, repolling fd = 7
Socket not ready, repolling fd = 7
Socket not ready, repolling fd = 7
Socket not ready, repolling fd = 7
Socket not ready, repolling fd = 7
Socket not ready, repolling fd = 7
Socket not ready, repolling fd = 7
Socket not ready, repolling fd = 7
Socket not ready, repolling fd = 7
Socket not ready, repolling fd = 7
Socket not ready, repolling fd = 7
Socket not ready, repolling fd = 7
Socket not ready, repolling fd = 7
Socket not ready, repolling fd = 7
Socket not ready, repolling fd = 7
Socket not ready, repolling fd = 7
Socket not ready, repolling fd = 7
Socket not ready, repolling fd = 7
Socket not ready, repolling fd = 7
Socket not ready, repolling fd = 7
Socket not ready, repolling fd = 7
Socket not ready, repolling fd = 7
Socket not ready, repolling fd = 7
Socket not ready, repolling fd = 7
Socket not ready, repolling fd = 7
Socket not ready, repolling fd = 7
Socket not ready, repolling fd = 7
Socket not ready, repolling fd = 7
Socket not ready, repolling fd = 7
Socket not ready, repolling fd = 7
Socket not ready, repolling fd = 7
Socket not ready, repolling fd = 7
Socket not ready, repolling fd = 7
Socket not ready, repolling fd = 7
Socket not ready, repolling fd = 7
Socket not ready, repolling fd = 7
Socket not ready, repolling fd = 7
Socket not ready, repolling fd = 7
Socket not ready, repolling fd = 7
Socket not ready, repolling fd = 7
Socket not ready, repolling fd = 7
Socket not ready, repolling fd = 7
Socket not ready, repolling fd = 7
Socket not ready, repolling fd = 7
Socket not ready, repolling fd = 7
Socket not ready, repolling fd = 7
Socket not ready, repolling fd = 7
Socket not ready, repolling fd = 7
Socket not ready, repolling fd = 7
Socket not ready, repolling fd = 7
Socket not ready, repolling fd = 7
Socket not ready, repolling fd = 7
Socket not ready, repolling fd = 7
Socket not ready, repolling fd = 7
Socket not ready, repolling fd = 7
Socket not ready, repolling fd = 7
Socket not ready, repolling fd = 7
Socket not ready, repolling fd = 7
Socket not ready, repolling fd = 7
Socket not ready, repolling fd = 7
Socket not ready, repolling fd = 7
Socket not ready, repolling fd = 7
Socket not ready, repolling fd = 7
Socket not ready, repolling fd = 7
Socket not ready, repolling fd = 7
Socket not ready, repolling fd = 7
Socket not ready, repolling fd = 7
Socket not ready, repolling fd = 7
Socket not ready, repolling fd = 7
Socket not ready, repolling fd = 7
Socket not ready, repolling fd = 7
Socket not ready, repolling fd = 7
Socket not ready, repolling fd = 7
Socket not ready, repolling fd = 7
Socket not ready, repolling fd = 7
Socket not ready, repolling fd = 7
Socket not ready, repolling fd = 7
Socket not ready, repolling fd = 7
Socket not ready, repolling fd = 7
Socket not ready, repolling fd = 7
Socket not ready, repolling fd = 7
Socket not ready, repolling fd = 7
Socket not ready, repolling fd = 7
Socket not ready, repolling fd = 7
Socket not ready, repolling fd = 7
Socket not ready, repolling fd = 7
Socket not ready, repolling fd = 7
Socket not ready, repolling fd = 7
Socket not ready, repolling fd = 7
Socket not ready, repolling fd = 7
Socket not ready, repolling fd = 7
Socket not ready, repolling fd = 7
Socket not ready, repolling fd = 7
Socket not ready, repolling fd = 7
Socket not ready, repolling fd = 7
Socket not ready, repolling fd = 7
Socket not ready, repolling fd = 7
Socket not ready, repolling fd = 7
Socket not ready, repolling fd = 7
Socket not ready, repolling fd = 7
Socket not ready, repolling fd = 7
Socket not ready, repolling fd = 7
Socket not ready, repolling fd = 7
Socket not ready, repolling fd = 7
Socket not ready, repolling fd = 7
Socket not ready, repolling fd = 7
Socket not ready, repolling fd = 7
Socket not ready, repolling fd = 7
Socket not ready, repolling fd = 7
Socket not ready, repolling fd = 7
Socket not ready, repolling fd = 7
Socket not ready, repolling fd = 7
Socket not ready, repolling fd = 7
Socket not ready, repolling fd = 7
Socket not ready, repolling fd = 7
Socket not ready, repolling fd = 7
Socket not ready, repolling fd = 7
Socket not ready, repolling fd = 7
Socket not ready, repolling fd = 7
Socket not ready, repolling fd = 7
Socket not ready, repolling fd = 7
Socket not ready, repolling fd = 7
Socket not ready, repolling fd = 7
Socket not ready, repolling fd = 7
Socket not ready, repolling fd = 7
Socket not ready, repolling fd = 7
Socket not ready, repolling fd = 7
Socket not ready, repolling fd = 7
Socket not ready, repolling fd = 7
Socket not ready, repolling fd = 7
Socket not ready, repolling fd = 7
Socket not ready, repolling fd = 7
Socket not ready, repolling fd = 7
Socket not ready, repolling fd = 7
Socket not ready, repolling fd = 7
Socket not ready, repolling fd = 7
Socket not ready, repolling fd = 7
Socket not ready, repolling fd = 7
Socket not ready, repolling fd = 7
Socket not ready, repolling fd = 7
Socket not ready, repolling fd = 7
Socket not ready, repolling fd = 7
Socket not ready, repolling fd = 7
Socket not ready, repolling fd = 7
Socket not ready, repolling fd = 7
Socket not ready, repolling fd = 7
Socket not ready, repolling fd = 7
Socket not ready, repolling fd = 7
Socket not ready, repolling fd = 7
Socket not ready, repolling fd = 7
Socket not ready, repolling fd = 7
Socket not ready, repolling fd = 7
Socket not ready, repolling fd = 7
Socket not ready, repolling fd = 7
Socket not ready, repolling fd = 7
Socket not ready, repolling fd = 7
Socket not ready, repolling fd = 7
Socket not ready, repolling fd = 7
Socket not ready, repolling fd = 7
Socket not ready, repolling fd = 7
Socket not ready, repolling fd = 7
Socket not ready, repolling fd = 7
Socket not ready, repolling fd = 7
Socket not ready, repolling fd = 7
Socket not ready, repolling fd = 7
Socket not ready, repolling fd = 7
Socket not ready, repolling fd = 7
Socket not ready, repolling fd = 7
Socket not ready, repolling fd = 7
Socket not ready, repolling fd = 7
Socket not ready, repolling fd = 7
Socket not ready, repolling fd = 7
Socket not ready, repolling fd = 7
Socket not ready, repolling fd = 7
Socket not ready, repolling fd = 7
Socket not ready, repolling fd = 7
Socket not ready, repolling fd = 7
Socket not ready, repolling fd = 7
Socket not ready, repolling fd = 7
Socket not ready, repolling fd = 7
Socket not ready, repolling fd = 7
Socket not ready, repolling fd = 7
Socket not ready, repolling fd = 7
Socket not ready, repolling fd = 7
Socket not ready, repolling fd = 7
Socket not ready, repolling fd = 7
Socket not ready, repolling fd = 7
Socket not ready, repolling fd = 7
Socket not ready, repolling fd = 7
Socket not ready, repolling fd = 7
Socket not ready, repolling fd = 7
Socket not ready, repolling fd = 7
Socket not ready, repolling fd = 7
Socket not ready, repolling fd = 7
Socket not ready, repolling fd = 7
Socket not ready, repolling fd = 7
Socket not ready, repolling fd = 7
Socket not ready, repolling fd = 7
Socket not ready, repolling fd = 7
Socket not ready, repolling fd = 7
Socket not ready, repolling fd = 7
Socket not ready, repolling fd = 7
Socket not ready, repolling fd = 7
Socket not ready, repolling fd = 7
Socket not ready, repolling fd = 7
Socket not ready, repolling fd = 7
Socket not ready, repolling fd = 7
Socket not ready, repolling fd = 7
Socket not ready, repolling fd = 7
Socket not ready, repolling fd = 7
Socket not ready, repolling fd = 7
Socket not ready, repolling fd = 7
Socket not ready, repolling fd = 7
Socket not ready, repolling fd = 7
Socket not ready, repolling fd = 7
Socket not ready, repolling fd = 7
Socket not ready, repolling fd = 7
Socket not ready, repolling fd = 7
Socket not ready, repolling fd = 7
Socket not ready, repolling fd = 7
Socket not ready, repolling fd = 7
Socket not ready, repolling fd = 7
Socket not ready, repolling fd = 7
Socket not ready, repolling fd = 7
Socket not ready, repolling fd = 7
Socket not ready, repolling fd = 7
Socket not ready, repolling fd = 7
Socket not ready, repolling fd = 7
Socket not ready, repolling fd = 7
Socket not ready, repolling fd = 7
Socket not ready, repolling fd = 7
Socket not ready, repolling fd = 7
Socket not ready, repolling fd = 7
Socket not ready, repolling fd = 7
Socket not ready, repolling fd = 7
Socket not ready, repolling fd = 7
Socket not ready, repolling fd = 7
Socket not ready, repolling fd = 7
Socket not ready, repolling fd = 7
Socket not ready, repolling fd = 7
Socket not ready, repolling fd = 7
Socket not ready, repolling fd = 7
Socket not ready, repolling fd = 7
Socket not ready, repolling fd = 7
Socket not ready, repolling fd = 7
Socket not ready, repolling fd = 7
Socket not ready, repolling fd = 7
Socket not ready, repolling fd = 7
Socket not ready, repolling fd = 7
Socket not ready, repolling fd = 7
Socket not ready, repolling fd = 7
Socket not ready, repolling fd = 7
Socket not ready, repolling fd = 7
Socket not ready, repolling fd = 7
Socket not ready, repolling fd = 7
Socket not ready, repolling fd = 7
Socket not ready, repolling fd = 7
Socket not ready, repolling fd = 7
Socket not ready, repolling fd = 7
Socket not ready, repolling fd = 7
Socket not ready, repolling fd = 7
Socket not ready, repolling fd = 7
Socket not ready, repolling fd = 7
Socket not ready, repolling fd = 7
Socket not ready, repolling fd = 7
Socket not ready, repolling fd = 7
Socket not ready, repolling fd = 7
Socket not ready, repolling fd = 7
Socket not ready, repolling fd = 7
Socket not ready, repolling fd = 7
Socket not ready, repolling fd = 7
Socket not ready, repolling fd = 7
Socket not ready, repolling fd = 7
Socket not ready, repolling fd = 7
Socket not ready, repolling fd = 7
Socket not ready, repolling fd = 7
Socket not ready, repolling fd = 7
Socket not ready, repolling fd = 7
Socket not ready, repolling fd = 7
Socket not ready, repolling fd = 7
Socket not ready, repolling fd = 7
Socket not ready, repolling fd = 7
Socket not ready, repolling fd = 7
Socket not ready, repolling fd = 7
Socket not ready, repolling fd = 7
Socket not ready, repolling fd = 7
Socket not ready, repolling fd = 7
Socket not ready, repolling fd = 7
Socket not ready, repolling fd = 7
Socket not ready, repolling fd = 7
Socket not ready, repolling fd = 7
Socket not ready, repolling fd = 7
Socket not ready, repolling fd = 7
Socket not ready, repolling fd = 7
Socket not ready, repolling fd = 7
Socket not ready, repolling fd = 7
Socket not ready, repolling fd = 7
Socket not ready, repolling fd = 7
Socket not ready, repolling fd = 7
Socket not ready, repolling fd = 7
Socket not ready, repolling fd = 7
Socket not ready, repolling fd = 7
Socket not ready, repolling fd = 7
Socket not ready, repolling fd = 7
Socket not ready, repolling fd = 7
Socket not ready, repolling fd = 7
Socket not ready, repolling fd = 7
Socket not ready, repolling fd = 7
Socket not ready, repolling fd = 7
Socket not ready, repolling fd = 7
Socket not ready, repolling fd = 7
Socket not ready, repolling fd = 7
Socket not ready, repolling fd = 7
Socket not ready, repolling fd = 7
Socket not ready, repolling fd = 7
Socket not ready, repolling fd = 7
Socket not ready, repolling fd = 7
Socket not ready, repolling fd = 7
Socket not ready, repolling fd = 7
Socket not ready, repolling fd = 7
Socket not ready, repolling fd = 7
Socket not ready, repolling fd = 7
Socket not ready, repolling fd = 7
Socket not ready, repolling fd = 7
Socket not ready, repolling fd = 7
Socket not ready, repolling fd = 7
Socket not ready, repolling fd = 7
Socket not ready, repolling fd = 7
Socket not ready, repolling fd = 7
Socket not ready, repolling fd = 7
Socket not ready, repolling fd = 7
Socket not ready, repolling fd = 7
Socket not ready, repolling fd = 7
Socket not ready, repolling fd = 7
Socket not ready, repolling fd = 7
Socket not ready, repolling fd = 7
Socket not ready, repolling fd = 7
Socket not ready, repolling fd = 7
Socket not ready, repolling fd = 7
Socket not ready, repolling fd = 7
Socket not ready, repolling fd = 7
Socket not ready, repolling fd = 7
Socket not ready, repolling fd = 7
Socket not ready, repolling fd = 7
Socket not ready, repolling fd = 7
Socket not ready, repolling fd = 7
Socket not ready, repolling fd = 7
Socket not ready, repolling fd = 7
Socket not ready, repolling fd = 7
Socket not ready, repolling fd = 7
Socket not ready, repolling fd = 7
Socket not ready, repolling fd = 7
Socket not ready, repolling fd = 7
Socket not ready, repolling fd = 7
Socket not ready, repolling fd = 7
Socket not ready, repolling fd = 7
Socket not ready, repolling fd = 7
Socket not ready, repolling fd = 7
Socket not ready, repolling fd = 7
Socket not ready, repolling fd = 7
Socket not ready, repolling fd = 7
Socket not ready, repolling fd = 7
Socket not ready, repolling fd = 7
Socket not ready, repolling fd = 7
Socket not ready, repolling fd = 7
Socket not ready, repolling fd = 7
Socket not ready, repolling fd = 7
Socket not ready, repolling fd = 7
Socket not ready, repolling fd = 7
Socket not ready, repolling fd = 7
Socket not ready, repolling fd = 7
Socket not ready, repolling fd = 7
Socket not ready, repolling fd = 7
Socket not ready, repolling fd = 7
Socket not ready, repolling fd = 7
Socket not ready, repolling fd = 7
Socket not ready, repolling fd = 7
Socket not ready, repolling fd = 7
Socket not ready, repolling fd = 7
Socket not ready, repolling fd = 7
Socket not ready, repolling fd = 7
Socket not ready, repolling fd = 7
Socket not ready, repolling fd = 7
Socket not ready, repolling fd = 7
Socket not ready, repolling fd = 7
Socket not ready, repolling fd = 7
Socket not ready, repolling fd = 7
Socket not ready, repolling fd = 7
Socket not ready, repolling fd = 7
Socket not ready, repolling fd = 7
Socket not ready, repolling fd = 7
Socket not ready, repolling fd = 7
Socket not ready, repolling fd = 7
Socket not ready, repolling fd = 7
Socket not ready, repolling fd = 7
Socket not ready, repolling fd = 7
Socket not ready, repolling fd = 7
Socket not ready, repolling fd = 7
Socket not ready, repolling fd = 7
Socket not ready, repolling fd = 7
Socket not ready, repolling fd = 7
Socket not ready, repolling fd = 7
Socket not ready, repolling fd = 7
Socket not ready, repolling fd = 7
Socket not ready, repolling fd = 7
Socket not ready, repolling fd = 7
Socket not ready, repolling fd = 7
Socket not ready, repolling fd = 7
Socket not ready, repolling fd = 7
Socket not ready, repolling fd = 7
Socket not ready, repolling fd = 7
Socket not ready, repolling fd = 7
Socket not ready, repolling fd = 7
Socket not ready, repolling fd = 7
Socket not ready, repolling fd = 7
Socket not ready, repolling fd = 7
Socket not ready, repolling fd = 7
Socket not ready, repolling fd = 7
Socket not ready, repolling fd = 7
Socket not ready, repolling fd = 7
Socket not ready, repolling fd = 7
Socket not ready, repolling fd = 7
Socket not ready, repolling fd = 7
Socket not ready, repolling fd = 7
Socket not ready, repolling fd = 7
Socket not ready, repolling fd = 7
Socket not ready, repolling fd = 7
Socket not ready, repolling fd = 7
Socket not ready, repolling fd = 7
Socket not ready, repolling fd = 7
Socket not ready, repolling fd = 7
Socket not ready, repolling fd = 7
Socket not ready, repolling fd = 7
Socket not ready, repolling fd = 7
Socket not ready, repolling fd = 7
Socket not ready, repolling fd = 7
Socket not ready, repolling fd = 7
Socket not ready, repolling fd = 7
Socket not ready, repolling fd = 7
Socket not ready, repolling fd = 7
Socket not ready, repolling fd = 7
Socket not ready, repolling fd = 7
Socket not ready, repolling fd = 7
Socket not ready, repolling fd = 7
Socket not ready, repolling fd = 7
Socket not ready, repolling fd = 7
Socket not ready, repolling fd = 7
Socket not ready, repolling fd = 7
Socket not ready, repolling fd = 7
Socket not ready, repolling fd = 7
Socket not ready, repolling fd = 7
Socket not ready, repolling fd = 7
Socket not ready, repolling fd = 7
Socket not ready, repolling fd = 7
Socket not ready, repolling fd = 7
Socket not ready, repolling fd = 7
Socket not ready, repolling fd = 7
Socket not ready, repolling fd = 7
Socket not ready, repolling fd = 7
Socket not ready, repolling fd = 7
Socket not ready, repolling fd = 7
Socket not ready, repolling fd = 7
Socket not ready, repolling fd = 7
Socket not ready, repolling fd = 7
Socket not ready, repolling fd = 7
Socket not ready, repolling fd = 7
Socket not ready, repolling fd = 7
Socket not ready, repolling fd = 7
Socket not ready, repolling fd = 7
Socket not ready, repolling fd = 7
Socket not ready, repolling fd = 7
Socket not ready, repolling fd = 7
Socket not ready, repolling fd = 7
Socket not ready, repolling fd = 7
Socket not ready, repolling fd = 7
Socket not ready, repolling fd = 7
Socket not ready, repolling fd = 7
Socket not ready, repolling fd = 7
Socket not ready, repolling fd = 7
Socket not ready, repolling fd = 7
Socket not ready, repolling fd = 7
Socket not ready, repolling fd = 7
Socket not ready, repolling fd = 7
Socket not ready, repolling fd = 7
Socket not ready, repolling fd = 7
Socket not ready, repolling fd = 7
Socket not ready, repolling fd = 7
Socket not ready, repolling fd = 7
Socket not ready, repolling fd = 7
Socket not ready, repolling fd = 7
Socket not ready, repolling fd = 7
Socket not ready, repolling fd = 7
Socket not ready, repolling fd = 7
Socket not ready, repolling fd = 7
Socket not ready, repolling fd = 7
Socket not ready, repolling fd = 7
Socket not ready, repolling fd = 7
Socket not ready, repolling fd = 7
Socket not ready, repolling fd = 7
Socket not ready, repolling fd = 7
Socket not ready, repolling fd = 7
Socket not ready, repolling fd = 7
Socket not ready, repolling fd = 7
Socket not ready, repolling fd = 7
Socket not ready, repolling fd = 7
Socket not ready, repolling fd = 7
Socket not ready, repolling fd = 7
Socket not ready, repolling fd = 7
Socket not ready, repolling fd = 7
Socket not ready, repolling fd = 7
Socket not ready, repolling fd = 7
Socket not ready, repolling fd = 7
Socket not ready, repolling fd = 7
Socket not ready, repolling fd = 7
Socket not ready, repolling fd = 7
Socket not ready, repolling fd = 7
Socket not ready, repolling fd = 7
Socket not ready, repolling fd = 7
Socket not ready, repolling fd = 7
Socket not ready, repolling fd = 7
Socket not ready, repolling fd = 7
Socket not ready, repolling fd = 7
Socket not ready, repolling fd = 7
Socket not ready, repolling fd = 7
Socket not ready, repolling fd = 7
Socket not ready, repolling fd = 7
Socket not ready, repolling fd = 7
Socket not ready, repolling fd = 7
Socket not ready, repolling fd = 7
Socket not ready, repolling fd = 7
Socket not ready, repolling fd = 7
Socket not ready, repolling fd = 7
Socket not ready, repolling fd = 7
Socket not ready, repolling fd = 7
Socket not ready, repolling fd = 7
Socket not ready, repolling fd = 7
Socket not ready, repolling fd = 7
Socket not ready, repolling fd = 7
Socket not ready, repolling fd = 7
Socket not ready, repolling fd = 7
Socket not ready, repolling fd = 7
Socket not ready, repolling fd = 7
Socket not ready, repolling fd = 7
Socket not ready, repolling fd = 7
Socket not ready, repolling fd = 7
Socket not ready, repolling fd = 7
Socket not ready, repolling fd = 7
Socket not ready, repolling fd = 7
Socket not ready, repolling fd = 7
Socket not ready, repolling fd = 7
Socket not ready, repolling fd = 7
Socket not ready, repolling fd = 7
Socket not ready, repolling fd = 7
Socket not ready, repolling fd = 7
Socket not ready, repolling fd = 7
Socket not ready, repolling fd = 7
Socket not ready, repolling fd = 7
Socket not ready, repolling fd = 7
Socket not ready, repolling fd = 7
Socket not ready, repolling fd = 7
Socket not ready, repolling fd = 7
Socket not ready, repolling fd = 7
Socket not ready, repolling fd = 7
Socket not ready, repolling fd = 7
Socket not ready, repolling fd = 7
Socket not ready, repolling fd = 7
Socket not ready, repolling fd = 7
Socket not ready, repolling fd = 7
Socket not ready, repolling fd = 7
Socket not ready, repolling fd = 7
Socket not ready, repolling fd = 7
Socket not ready, repolling fd = 7
Socket not ready, repolling fd = 7
Socket not ready, repolling fd = 7
Socket not ready, repolling fd = 7
Socket not ready, repolling fd = 7
Socket not ready, repolling fd = 7
Socket not ready, repolling fd = 7
Socket not ready, repolling fd = 7
Socket not ready, repolling fd = 7
Socket not ready, repolling fd = 7
Socket not ready, repolling fd = 7
Socket not ready, repolling fd = 7
Socket not ready, repolling fd = 7
Socket not ready, repolling fd = 7
Socket not ready, repolling fd = 7
Socket not ready, repolling fd = 7
Socket not ready, repolling fd = 7
Socket not ready, repolling fd = 7
Socket not ready, repolling fd = 7
Socket not ready, repolling fd = 7
Socket not ready, repolling fd = 7
Socket not ready, repolling fd = 7
Socket not ready, repolling fd = 7
Socket not ready, repolling fd = 7
Socket not ready, repolling fd = 7
Socket not ready, repolling fd = 7
Socket not ready, repolling fd = 7
Socket not ready, repolling fd = 7
Socket not ready, repolling fd = 7
Socket not ready, repolling fd = 7
Socket not ready, repolling fd = 7
Socket not ready, repolling fd = 7
Socket not ready, repolling fd = 7
Socket not ready, repolling fd = 7
Socket not ready, repolling fd = 7
Socket not ready, repolling fd = 7
Socket not ready, repolling fd = 7
Socket not ready, repolling fd = 7
Socket not ready, repolling fd = 7
Socket not ready, repolling fd = 7
Socket not ready, repolling fd = 7
Socket not ready, repolling fd = 7
Socket not ready, repolling fd = 7
Socket not ready, repolling fd = 7
Socket not ready, repolling fd = 7
Socket not ready, repolling fd = 7
Socket not ready, repolling fd = 7
Socket not ready, repolling fd = 7
Socket not ready, repolling fd = 7
Socket not ready, repolling fd = 7
Socket not ready, repolling fd = 7
Socket not ready, repolling fd = 7
Socket not ready, repolling fd = 7
Socket not ready, repolling fd = 7
Socket not ready, repolling fd = 7
Socket not ready, repolling fd = 7
Socket not ready, repolling fd = 7
Socket not ready, repolling fd = 7
Socket not ready, repolling fd = 7
Socket not ready, repolling fd = 7
Socket not ready, repolling fd = 7
Socket not ready, repolling fd = 7
Socket not ready, repolling fd = 7
Socket not ready, repolling fd = 7
Socket not ready, repolling fd = 7
Socket not ready, repolling fd = 7
Socket not ready, repolling fd = 7
Socket not ready, repolling fd = 7
Socket not ready, repolling fd = 7
Socket not ready, repolling fd = 7
Socket not ready, repolling fd = 7
Socket not ready, repolling fd = 7
Socket not ready, repolling fd = 7
Socket not ready, repolling fd = 7
Socket not ready, repolling fd = 7
Socket not ready, repolling fd = 7
Socket not ready, repolling fd = 7
Socket not ready, repolling fd = 7
Socket not ready, repolling fd = 7
Socket not ready, repolling fd = 7
Socket not ready, repolling fd = 7
Socket not ready, repolling fd = 7
Socket not ready, repolling fd = 7
Socket not ready, repolling fd = 7
Socket not ready, repolling fd = 7
Socket not ready, repolling fd = 7
Socket not ready, repolling fd = 7
Socket not ready, repolling fd = 7
Socket not ready, repolling fd = 7
Socket not ready, repolling fd = 7
Socket not ready, repolling fd = 7
Socket not ready, repolling fd = 7
Socket not ready, repolling fd = 7
Socket not ready, repolling fd = 7
Socket not ready, repolling fd = 7
Socket not ready, repolling fd = 7
Socket not ready, repolling fd = 7
Socket not ready, repolling fd = 7
Socket not ready, repolling fd = 7
Socket not ready, repolling fd = 7
Socket not ready, repolling fd = 7
Socket not ready, repolling fd = 7
Socket not ready, repolling fd = 7
Socket not ready, repolling fd = 7
Socket not ready, repolling fd = 7
Socket not ready, repolling fd = 7
Socket not ready, repolling fd = 7
Socket not ready, repolling fd = 7
Socket not ready, repolling fd = 7
Socket not ready, repolling fd = 7
Socket not ready, repolling fd = 7
Socket not ready, repolling fd = 7
Socket not ready, repolling fd = 7
Socket not ready, repolling fd = 7
Socket not ready, repolling fd = 7
Socket not ready, repolling fd = 7
Socket not ready, repolling fd = 7
Socket not ready, repolling fd = 7
Socket not ready, repolling fd = 7
Socket not ready, repolling fd = 7
Socket not ready, repolling fd = 7
Socket not ready, repolling fd = 7
Socket not ready, repolling fd = 7
Socket not ready, repolling fd = 7
Socket not ready, repolling fd = 7
Socket not ready, repolling fd = 7
Socket not ready, repolling fd = 7
Socket not ready, repolling fd = 7
Socket not ready, repolling fd = 7
Socket not ready, repolling fd = 7
Socket not ready, repolling fd = 7
Socket not ready, repolling fd = 7
Socket not ready, repolling fd = 7
Socket not ready, repolling fd = 7
Socket not ready, repolling fd = 7
Socket not ready, repolling fd = 7
Socket not ready, repolling fd = 7
Socket not ready, repolling fd = 7
Socket not ready, repolling fd = 7
Socket not ready, repolling fd = 7
Socket not ready, repolling fd = 7
Socket not ready, repolling fd = 7
Socket not ready, repolling fd = 7
Socket not ready, repolling fd = 7
Socket not ready, repolling fd = 7
Socket not ready, repolling fd = 7
Socket not ready, repolling fd = 7
Socket not ready, repolling fd = 7
Socket not ready, repolling fd = 7
Socket not ready, repolling fd = 7
Socket not ready, repolling fd = 7
Socket not ready, repolling fd = 7
Socket not ready, repolling fd = 7
Socket not ready, repolling fd = 7
Socket not ready, repolling fd = 7
Socket not ready, repolling fd = 7
Socket not ready, repolling fd = 7
Socket not ready, repolling fd = 7
Socket not ready, repolling fd = 7
Socket not ready, repolling fd = 7
Socket not ready, repolling fd = 7
Socket not ready, repolling fd = 7
Socket not ready, repolling fd = 7
Socket not ready, repolling fd = 7
Socket not ready, repolling fd = 7
Socket not ready, repolling fd = 7
Socket not ready, repolling fd = 7
Socket not ready, repolling fd = 7
Socket not ready, repolling fd = 7
Socket not ready, repolling fd = 7
Socket not ready, repolling fd = 7
Socket not ready, repolling fd = 7
Socket not ready, repolling fd = 7
Socket not ready, repolling fd = 7
Socket not ready, repolling fd = 7
Socket not ready, repolling fd = 7
Socket not ready, repolling fd = 7
Socket not ready, repolling fd = 7
Socket not ready, repolling fd = 7
Socket not ready, repolling fd = 7
Socket not ready, repolling fd = 7
Socket not ready, repolling fd = 7
Socket not ready, repolling fd = 7
Socket not ready, repolling fd = 7
Socket not ready, repolling fd = 7
Socket not ready, repolling fd = 7
Socket not ready, repolling fd = 7
Socket not ready, repolling fd = 7
Socket not ready, repolling fd = 7
Socket not ready, repolling fd = 7
Socket not ready, repolling fd = 7
Socket not ready, repolling fd = 7
Socket not ready, repolling fd = 7
Socket not ready, repolling fd = 7
Socket not ready, repolling fd = 7
Socket not ready, repolling fd = 7
Socket not ready, repolling fd = 7
Socket not ready, repolling fd = 7
Socket not ready, repolling fd = 7
Socket not ready, repolling fd = 7
Socket not ready, repolling fd = 7
Socket not ready, repolling fd = 7
Socket not ready, repolling fd = 7
Socket not ready, repolling fd = 7
Socket not ready, repolling fd = 7
Socket not ready, repolling fd = 7
Socket not ready, repolling fd = 7
Socket not ready, repolling fd = 7
Socket not ready, repolling fd = 7
Socket not ready, repolling fd = 7
Socket not ready, repolling fd = 7
Socket not ready, repolling fd = 7
Socket not ready, repolling fd = 7
Socket not ready, repolling fd = 7
Socket not ready, repolling fd = 7
Socket not ready, repolling fd = 7
Socket not ready, repolling fd = 7
Socket not ready, repolling fd = 7
Socket not ready, repolling fd = 7
Socket not ready, repolling fd = 7
Socket not ready, repolling fd = 7
Socket not ready, repolling fd = 7
Socket not ready, repolling fd = 7
Socket not ready, repolling fd = 7
Socket not ready, repolling fd = 7
Socket not ready, repolling fd = 7
Socket not ready, repolling fd = 7
Socket not ready, repolling fd = 7
Socket not ready, repolling fd = 7
Socket not ready, repolling fd = 7
Socket not ready, repolling fd = 7
Socket not ready, repolling fd = 7
Socket not ready, repolling fd = 7
Socket not ready, repolling fd = 7
Socket not ready, repolling fd = 7
Socket not ready, repolling fd = 7
Socket not ready, repolling fd = 7
Socket not ready, repolling fd = 7
Socket not ready, repolling fd = 7
Socket not ready, repolling fd = 7
Socket not ready, repolling fd = 7
Socket not ready, repolling fd = 7
Socket not ready, repolling fd = 7
Socket not ready, repolling fd = 7
Socket not ready, repolling fd = 7
Socket not ready, repolling fd = 7
Socket not ready, repolling fd = 7
Socket not ready, repolling fd = 7
Socket not ready, repolling fd = 7
Socket not ready, repolling fd = 7
Socket not ready, repolling fd = 7
Socket not ready, repolling fd = 7
Socket not ready, repolling fd = 7
Socket not ready, repolling fd = 7
Socket not ready, repolling fd = 7
Socket not ready, repolling fd = 7
Socket not ready, repolling fd = 7
Socket not ready, repolling fd = 7
Socket not ready, repolling fd = 7
Socket not ready, repolling fd = 7
Socket not ready, repolling fd = 7
Socket not ready, repolling fd = 7
Socket not ready, repolling fd = 7
Socket not ready, repolling fd = 7
Socket not ready, repolling fd = 7
Socket not ready, repolling fd = 7
Socket not ready, repolling fd = 7
Socket not ready, repolling fd = 7
Socket not ready, repolling fd = 7
Socket not ready, repolling fd = 7
Socket not ready, repolling fd = 7
Socket not ready, repolling fd = 7
Socket not ready, repolling fd = 7
Socket not ready, repolling fd = 7
Socket not ready, repolling fd = 7
Socket not ready, repolling fd = 7
Socket not ready, repolling fd = 7
Socket not ready, repolling fd = 7
Socket not ready, repolling fd = 7
Socket not ready, repolling fd = 7
Socket not ready, repolling fd = 7
Socket not ready, repolling fd = 7
Socket not ready, repolling fd = 7
Socket not ready, repolling fd = 7
Socket not ready, repolling fd = 7
Socket not ready, repolling fd = 7
Socket not ready, repolling fd = 7
Socket not ready, repolling fd = 7
Socket not ready, repolling fd = 7
Socket not ready, repolling fd = 7
Socket not ready, repolling fd = 7
Socket not ready, repolling fd = 7
Socket not ready, repolling fd = 7
Socket not ready, repolling fd = 7
Socket not ready, repolling fd = 7
Socket not ready, repolling fd = 7
Socket not ready, repolling fd = 7
Socket not ready, repolling fd = 7
Socket not ready, repolling fd = 7
Socket not ready, repolling fd = 7
Socket not ready, repolling fd = 7
Socket not ready, repolling fd = 7
Socket not ready, repolling fd = 7
Socket not ready, repolling fd = 7
Socket not ready, repolling fd = 7
Socket not ready, repolling fd = 7
Socket not ready, repolling fd = 7
Socket not ready, repolling fd = 7
Socket not ready, repolling fd = 7
Socket not ready, repolling fd = 7
Socket not ready, repolling fd = 7
Socket not ready, repolling fd = 7
Socket not ready, repolling fd = 7
Socket not ready, repolling fd = 7
Socket not ready, repolling fd = 7
Socket not ready, repolling fd = 7
Socket not ready, repolling fd = 7
Socket not ready, repolling fd = 7
Socket not ready, repolling fd = 7
Socket not ready, repolling fd = 7
Socket not ready, repolling fd = 7
Socket not ready, repolling fd = 7
Socket not ready, repolling fd = 7
Socket not ready, repolling fd = 7
Socket not ready, repolling fd = 7
Socket not ready, repolling fd = 7
Socket not ready, repolling fd = 7
Socket not ready, repolling fd = 7
Socket not ready, repolling fd = 7
Socket not ready, repolling fd = 7
Socket not ready, repolling fd = 7
Socket not ready, repolling fd = 7
Socket not ready, repolling fd = 7
Socket not ready, repolling fd = 7
Socket not ready, repolling fd = 7
Socket not ready, repolling fd = 7
Socket not ready, repolling fd = 7
Socket not ready, repolling fd = 7
Socket not ready, repolling fd = 7
Socket not ready, repolling fd = 7
Socket not ready, repolling fd = 7
Socket not ready, repolling fd = 7
Socket not ready, repolling fd = 7
Socket not ready, repolling fd = 7
Socket not ready, repolling fd = 7
Socket not ready, repolling fd = 7
Socket not ready, repolling fd = 7
Socket not ready, repolling fd = 7
Socket not ready, repolling fd = 7
Socket not ready, repolling fd = 7
Socket not ready, repolling fd = 7
Socket not ready, repolling fd = 7
Socket not ready, repolling fd = 7
Socket not ready, repolling fd = 7
Socket not ready, repolling fd = 7
Socket not ready, repolling fd = 7
Socket not ready, repolling fd = 7
Socket not ready, repolling fd = 7
Socket not ready, repolling fd = 7
Socket not ready, repolling fd = 7
Socket not ready, repolling fd = 7
Socket not ready, repolling fd = 7
Socket not ready, repolling fd = 7
Socket not ready, repolling fd = 7
Socket not ready, repolling fd = 7
Socket not ready, repolling fd = 7
Socket not ready, repolling fd = 7
Socket not ready, repolling fd = 7
Socket not ready, repolling fd = 7
Socket not ready, repolling fd = 7
Socket not ready, repolling fd = 7
Socket not ready, repolling fd = 7
Socket not ready, repolling fd = 7
Socket not ready, repolling fd = 7
Socket not ready, repolling fd = 7
Socket not ready, repolling fd = 7
Socket not ready, repolling fd = 7
Socket not ready, repolling fd = 7
Socket not ready, repolling fd = 7
Socket not ready, repolling fd = 7
Socket not ready, repolling fd = 7
Socket not ready, repolling fd = 7
Socket not ready, repolling fd = 7
Socket not ready, repolling fd = 7
Socket not ready, repolling fd = 7
Socket not ready, repolling fd = 7
Socket not ready, repolling fd = 7
Socket not ready, repolling fd = 7
Socket not ready, repolling fd = 7
Socket not ready, repolling fd = 7
Socket not ready, repolling fd = 7
Socket not ready, repolling fd = 7
Socket not ready, repolling fd = 7
Socket not ready, repolling fd = 7
Socket not ready, repolling fd = 7
Socket not ready, repolling fd = 7
Socket not ready, repolling fd = 7
Socket not ready, repolling fd = 7
Socket not ready, repolling fd = 7
Socket not ready, repolling fd = 7
Socket not ready, repolling fd = 7
Socket not ready, repolling fd = 7
Socket not ready, repolling fd = 7
Socket not ready, repolling fd = 7
Socket not ready, repolling fd = 7
Socket not ready, repolling fd = 7
Socket not ready, repolling fd = 7
Socket not ready, repolling fd = 7
Socket not ready, repolling fd = 7
Socket not ready, repolling fd = 7
Socket not ready, repolling fd = 7
Socket not ready, repolling fd = 7
Socket not ready, repolling fd = 7
Socket not ready, repolling fd = 7
Socket not ready, repolling fd = 7
Socket not ready, repolling fd = 7
Socket not ready, repolling fd = 7
Socket not ready, repolling fd = 7
Socket not ready, repolling fd = 7
Socket not ready, repolling fd = 7
Socket not ready, repolling fd = 7
Socket not ready, repolling fd = 7
Socket not ready, repolling fd = 7
Socket not ready, repolling fd = 7
Socket not ready, repolling fd = 7
Socket not ready, repolling fd = 7
Socket not ready, repolling fd = 7
Socket not ready, repolling fd = 7
Socket not ready, repolling fd = 7
Socket not ready, repolling fd = 7
Socket not ready, repolling fd = 7
Socket not ready, repolling fd = 7
Socket not ready, repolling fd = 7
Socket not ready, repolling fd = 7
Socket not ready, repolling fd = 7
Socket not ready, repolling fd = 7
Socket not ready, repolling fd = 7
Socket not ready, repolling fd = 7
Socket not ready, repolling fd = 7
Socket not ready, repolling fd = 7
Socket not ready, repolling fd = 7
Socket not ready, repolling fd = 7
Socket not ready, repolling fd = 7
Socket not ready, repolling fd = 7
Socket not ready, repolling fd = 7
Socket not ready, repolling fd = 7
Socket not ready, repolling fd = 7
Socket not ready, repolling fd = 7
Socket not ready, repolling fd = 7
Socket not ready, repolling fd = 7
Socket not ready, repolling fd = 7
Socket not ready, repolling fd = 7
Socket not ready, repolling fd = 7
Socket not ready, repolling fd = 7
Socket not ready, repolling fd = 7
Socket not ready, repolling fd = 7
Socket not ready, repolling fd = 7
Socket not ready, repolling fd = 7
Socket not ready, repolling fd = 7
Socket not ready, repolling fd = 7
Socket not ready, repolling fd = 7
Socket not ready, repolling fd = 7
Socket not ready, repolling fd = 7
Socket not ready, repolling fd = 7
Socket not ready, repolling fd = 7
Socket not ready, repolling fd = 7
Socket not ready, repolling fd = 7
Socket not ready, repolling fd = 7
Socket not ready, repolling fd = 7
Socket not ready, repolling fd = 7
Socket not ready, repolling fd = 7
Socket not ready, repolling fd = 7
Socket not ready, repolling fd = 7
Socket not ready, repolling fd = 7
Socket not ready, repolling fd = 7
Socket not ready, repolling fd = 7
Socket not ready, repolling fd = 7
Socket not ready, repolling fd = 7
Socket not ready, repolling fd = 7
Socket not ready, repolling fd = 7
Socket not ready, repolling fd = 7
Socket not ready, repolling fd = 7
Socket not ready, repolling fd = 7
Socket not ready, repolling fd = 7
Socket not ready, repolling fd = 7
Socket not ready, repolling fd = 7
Socket not ready, repolling fd = 7
Socket not ready, repolling fd = 7
Socket not ready, repolling fd = 7
Socket not ready, repolling fd = 7
Socket not ready, repolling fd = 7
Socket not ready, repolling fd = 7
Socket not ready, repolling fd = 7
Socket not ready, repolling fd = 7
Socket not ready, repolling fd = 7
Socket not ready, repolling fd = 7
Socket not ready, repolling fd = 7
Socket not ready, repolling fd = 7
Socket not ready, repolling fd = 7
Socket not ready, repolling fd = 7
Socket not ready, repolling fd = 7
Socket not ready, repolling fd = 7
Socket not ready, repolling fd = 7
Socket not ready, repolling fd = 7
Socket not ready, repolling fd = 7
Socket not ready, repolling fd = 7
Socket not ready, repolling fd = 7
Socket not ready, repolling fd = 7
Socket not ready, repolling fd = 7
Socket not ready, repolling fd = 7
Socket not ready, repolling fd = 7
Socket not ready, repolling fd = 7
Socket not ready, repolling fd = 7
Socket not ready, repolling fd = 7
Socket not ready, repolling fd = 7
Socket not ready, repolling fd = 7
Socket not ready, repolling fd = 7
Socket not ready, repolling fd = 7
Socket not ready, repolling fd = 7
Socket not ready, repolling fd = 7
Socket not ready, repolling fd = 7
Socket not ready, repolling fd = 7
Socket not ready, repolling fd = 7
Socket not ready, repolling fd = 7
Socket not ready, repolling fd = 7
Socket not ready, repolling fd = 7
Socket not ready, repolling fd = 7
Socket not ready, repolling fd = 7
Socket not ready, repolling fd = 7
Socket not ready, repolling fd = 7
Socket not ready, repolling fd = 7
Socket not ready, repolling fd = 7
Socket not ready, repolling fd = 7
Socket not ready, repolling fd = 7
Socket not ready, repolling fd = 7
Socket not ready, repolling fd = 7
Socket not ready, repolling fd = 7
Socket not ready, repolling fd = 7
Socket not ready, repolling fd = 7
Socket not ready, repolling fd = 7
Socket not ready, repolling fd = 7
Socket not ready, repolling fd = 7
Socket not ready, repolling fd = 7
Socket not ready, repolling fd = 7
Socket not ready, repolling fd = 7
Socket not ready, repolling fd = 7
Socket not ready, repolling fd = 7
Socket not ready, repolling fd = 7
Socket not ready, repolling fd = 7
Socket not ready, repolling fd = 7
Socket not ready, repolling fd = 7
Socket not ready, repolling fd = 7
Socket not ready, repolling fd = 7
Socket not ready, repolling fd = 7
Socket not ready, repolling fd = 7
Socket not ready, repolling fd = 7
Socket not ready, repolling fd = 7
Socket not ready, repolling fd = 7
Socket not ready, repolling fd = 7
Socket not ready, repolling fd = 7
Socket not ready, repolling fd = 7
Socket not ready, repolling fd = 7
Socket not ready, repolling fd = 7
Socket not ready, repolling fd = 7
Socket not ready, repolling fd = 7
Socket not ready, repolling fd = 7
Socket not ready, repolling fd = 7
Socket not ready, repolling fd = 7
Socket not ready, repolling fd = 7
Socket not ready, repolling fd = 7
Socket not ready, repolling fd = 7
Socket not ready, repolling fd = 7
Socket not ready, repolling fd = 7
Socket not ready, repolling fd = 7
Socket not ready, repolling fd = 7
Socket not ready, repolling fd = 7
Socket not ready, repolling fd = 7
Socket not ready, repolling fd = 7
Socket not ready, repolling fd = 7
Socket not ready, repolling fd = 7
Socket not ready, repolling fd = 7
Socket not ready, repolling fd = 7
Socket not ready, repolling fd = 7
Socket not ready, repolling fd = 7
Socket not ready, repolling fd = 7
Socket not ready, repolling fd = 7
Socket not ready, repolling fd = 7
Socket not ready, repolling fd = 7
Socket not ready, repolling fd = 7
Socket not ready, repolling fd = 7
Socket not ready, repolling fd = 7
Socket not ready, repolling fd = 7
Socket not ready, repolling fd = 7
Socket not ready, repolling fd = 7
Socket not ready, repolling fd = 7
Socket not ready, repolling fd = 7
Socket not ready, repolling fd = 7
Socket not ready, repolling fd = 7
Socket not ready, repolling fd = 7
Socket not ready, repolling fd = 7
Socket not ready, repolling fd = 7
Socket not ready, repolling fd = 7
Socket not ready, repolling fd = 7
Socket not ready, repolling fd = 7
Socket not ready, repolling fd = 7
Socket not ready, repolling fd = 7
Socket not ready, repolling fd = 7
Socket not ready, repolling fd = 7
Socket not ready, repolling fd = 7
Socket not ready, repolling fd = 7
Socket not ready, repolling fd = 7
Socket not ready, repolling fd = 7
Socket not ready, repolling fd = 7
Socket not ready, repolling fd = 7
Socket not ready, repolling fd = 7
Socket not ready, repolling fd = 7
Socket not ready, repolling fd = 7
Socket not ready, repolling fd = 7
Socket not ready, repolling fd = 7
Socket not ready, repolling fd = 7
Socket not ready, repolling fd = 7
Socket not ready, repolling fd = 7
Socket not ready, repolling fd = 7
Socket not ready, repolling fd = 7
Socket not ready, repolling fd = 7
Socket not ready, repolling fd = 7
Socket not ready, repolling fd = 7
Socket not ready, repolling fd = 7
Socket not ready, repolling fd = 7
Socket not ready, repolling fd = 7
Socket not ready, repolling fd = 7
Socket not ready, repolling fd = 7
Socket not ready, repolling fd = 7
Socket not ready, repolling fd = 7
Socket not ready, repolling fd = 7
Socket not ready, repolling fd = 7
Socket not ready, repolling fd = 7
Socket not ready, repolling fd = 7
Socket not ready, repolling fd = 7
Socket not ready, repolling fd = 7
Socket not ready, repolling fd = 7
Socket not ready, repolling fd = 7
Socket not ready, repolling fd = 7
Socket not ready, repolling fd = 7
Socket not ready, repolling fd = 7
Socket not ready, repolling fd = 7
Socket not ready, repolling fd = 7
Socket not ready, repolling fd = 7
Socket not ready, repolling fd = 7
Socket not ready, repolling fd = 7
Socket not ready, repolling fd = 7
Socket not ready, repolling fd = 7
Socket not ready, repolling fd = 7
Socket not ready, repolling fd = 7
Socket not ready, repolling fd = 7
Socket not ready, repolling fd = 7
Socket not ready, repolling fd = 7
Socket not ready, repolling fd = 7
Socket not ready, repolling fd = 7
Socket not ready, repolling fd = 7
Socket not ready, repolling fd = 7
Socket not ready, repolling fd = 7
Socket not ready, repolling fd = 7
Socket not ready, repolling fd = 7
Socket not ready, repolling fd = 7
Socket not ready, repolling fd = 7
Socket not ready, repolling fd = 7
Socket not ready, repolling fd = 7
Socket not ready, repolling fd = 7
Socket not ready, repolling fd = 7
Socket not ready, repolling fd = 7
Socket not ready, repolling fd = 7
Socket not ready, repolling fd = 7
Socket not ready, repolling fd = 7
Socket not ready, repolling fd = 7
Socket not ready, repolling fd = 7
Socket not ready, repolling fd = 7
Socket not ready, repolling fd = 7
Socket not ready, repolling fd = 7
Socket not ready, repolling fd = 7
Socket not ready, repolling fd = 7
Socket not ready, repolling fd = 7
Socket not ready, repolling fd = 7
Socket not ready, repolling fd = 7
Socket not ready, repolling fd = 7
Socket not ready, repolling fd = 7
Socket not ready, repolling fd = 7
Socket not ready, repolling fd = 7
Socket not ready, repolling fd = 7
Socket not ready, repolling fd = 7
Socket not ready, repolling fd = 7
Socket not ready, repolling fd = 7
Socket not ready, repolling fd = 7
Socket not ready, repolling fd = 7
Socket not ready, repolling fd = 7
Socket not ready, repolling fd = 7
Socket not ready, repolling fd = 7
Socket not ready, repolling fd = 7
Socket not ready, repolling fd = 7
Socket not ready, repolling fd = 7
Socket not ready, repolling fd = 7
Socket not ready, repolling fd = 7
Socket not ready, repolling fd = 7
Socket not ready, repolling fd = 7
Socket not ready, repolling fd = 7
Socket not ready, repolling fd = 7
Socket not ready, repolling fd = 7
Socket not ready, repolling fd = 7
Socket not ready, repolling fd = 7
Socket not ready, repolling fd = 7
Socket not ready, repolling fd = 7
Socket not ready, repolling fd = 7
Socket not ready, repolling fd = 7
Socket not ready, repolling fd = 7
Socket not ready, repolling fd = 7
Socket not ready, repolling fd = 7
Socket not ready, repolling fd = 7
Socket not ready, repolling fd = 7
Socket not ready, repolling fd = 7
Socket not ready, repolling fd = 7
Socket not ready, repolling fd = 7
Socket not ready, repolling fd = 7
Socket not ready, repolling fd = 7
Socket not ready, repolling fd = 7
Socket not ready, repolling fd = 7
Socket not ready, repolling fd = 7
Socket not ready, repolling fd = 7
Socket not ready, repolling fd = 7
Socket not ready, repolling fd = 7
Socket not ready, repolling fd = 7
Socket not ready, repolling fd = 7
Socket not ready, repolling fd = 7
Socket not ready, repolling fd = 7
Socket not ready, repolling fd = 7
Socket not ready, repolling fd = 7
Socket not ready, repolling fd = 7
Socket not ready, repolling fd = 7
Socket not ready, repolling fd = 7
Socket not ready, repolling fd = 7
Socket not ready, repolling fd = 7
Socket not ready, repolling fd = 7
Socket not ready, repolling fd = 7
Socket not ready, repolling fd = 7
Socket not ready, repolling fd = 7
Socket not ready, repolling fd = 7
Socket not ready, repolling fd = 7
Socket not ready, repolling fd = 7
Socket not ready, repolling fd = 7
Socket not ready, repolling fd = 7
Socket not ready, repolling fd = 7
Socket not ready, repolling fd = 7
Socket not ready, repolling fd = 7
Socket not ready, repolling fd = 7
Socket not ready, repolling fd = 7
Socket not ready, repolling fd = 7
Socket not ready, repolling fd = 7
Socket not ready, repolling fd = 7
Socket not ready, repolling fd = 7
Socket not ready, repolling fd = 7
Socket not ready, repolling fd = 7
Socket not ready, repolling fd = 7
Socket not ready, repolling fd = 7
Socket not ready, repolling fd = 7
Socket not ready, repolling fd = 7
Socket not ready, repolling fd = 7
Socket not ready, repolling fd = 7
Socket not ready, repolling fd = 7
Socket not ready, repolling fd = 7
Socket not ready, repolling fd = 7
Socket not ready, repolling fd = 7
Socket not ready, repolling fd = 7
Socket not ready, repolling fd = 7
Socket not ready, repolling fd = 7
Socket not ready, repolling fd = 7
Socket not ready, repolling fd = 7
Socket not ready, repolling fd = 7
Socket not ready, repolling fd = 7
Socket not ready, repolling fd = 7
Socket not ready, repolling fd = 7
Socket not ready, repolling fd = 7
Socket not ready, repolling fd = 7
Socket not ready, repolling fd = 7
Socket not ready, repolling fd = 7
Socket not ready, repolling fd = 7
Socket not ready, repolling fd = 7
Socket not ready, repolling fd = 7
Socket not ready, repolling fd = 7
Socket not ready, repolling fd = 7
Socket not ready, repolling fd = 7
Socket not ready, repolling fd = 7
Socket not ready, repolling fd = 7
Socket not ready, repolling fd = 7
Socket not ready, repolling fd = 7
Socket not ready, repolling fd = 7
Socket not ready, repolling fd = 7
Socket not ready, repolling fd = 7
Socket not ready, repolling fd = 7
Socket not ready, repolling fd = 7
Socket not ready, repolling fd = 7
Socket not ready, repolling fd = 7
Socket not ready, repolling fd = 7
Socket not ready, repolling fd = 7
Socket not ready, repolling fd = 7
Socket not ready, repolling fd = 7
Socket not ready, repolling fd = 7
Socket not ready, repolling fd = 7
Socket not ready, repolling fd = 7
Socket not ready, repolling fd = 7
Socket not ready, repolling fd = 7
Socket not ready, repolling fd = 7
Socket not ready, repolling fd = 7
Socket not ready, repolling fd = 7
Socket not ready, repolling fd = 7
Socket not ready, repolling fd = 7
Socket not ready, repolling fd = 7
Socket not ready, repolling fd = 7
Socket not ready, repolling fd = 7
Socket not ready, repolling fd = 7
Socket not ready, repolling fd = 7
Socket not ready, repolling fd = 7
Socket not ready, repolling fd = 7
Socket not ready, repolling fd = 7
Socket not ready, repolling fd = 7
Socket not ready, repolling fd = 7
Socket not ready, repolling fd = 7
Socket not ready, repolling fd = 7
Socket not ready, repolling fd = 7
Socket not ready, repolling fd = 7
Socket not ready, repolling fd = 7
Socket not ready, repolling fd = 7
Socket not ready, repolling fd = 7
Socket not ready, repolling fd = 7
Socket not ready, repolling fd = 7
Socket not ready, repolling fd = 7
Socket not ready, repolling fd = 7
Socket not ready, repolling fd = 7
Socket not ready, repolling fd = 7
Socket not ready, repolling fd = 7
Socket not ready, repolling fd = 7
Socket not ready, repolling fd = 7
Socket not ready, repolling fd = 7
Socket not ready, repolling fd = 7
Socket not ready, repolling fd = 7
Socket not ready, repolling fd = 7
Socket not ready, repolling fd = 7
Socket not ready, repolling fd = 7
Socket not ready, repolling fd = 7
Socket not ready, repolling fd = 7
Socket not ready, repolling fd = 7
Socket not ready, repolling fd = 7
Socket not ready, repolling fd = 7
Socket not ready, repolling fd = 7
Socket not ready, repolling fd = 7
Socket not ready, repolling fd = 7
Socket not ready, repolling fd = 7
Socket not ready, repolling fd = 7
Socket not ready, repolling fd = 7
Socket not ready, repolling fd = 7
Socket not ready, repolling fd = 7
Socket not ready, repolling fd = 7
Socket not ready, repolling fd = 7
Socket not ready, repolling fd = 7
Socket not ready, repolling fd = 7
Socket not ready, repolling fd = 7
Socket not ready, repolling fd = 7
Socket not ready, repolling fd = 7
Socket not ready, repolling fd = 7
Socket not ready, repolling fd = 7
Socket not ready, repolling fd = 7
Socket not ready, repolling fd = 7
Socket not ready, repolling fd = 7
Socket not ready, repolling fd = 7
Socket not ready, repolling fd = 7
Socket not ready, repolling fd = 7
Socket not ready, repolling fd = 7
Socket not ready, repolling fd = 7
Socket not ready, repolling fd = 7
Socket not ready, repolling fd = 7
Socket not ready, repolling fd = 7
Socket not ready, repolling fd = 7
Socket not ready, repolling fd = 7
Socket not ready, repolling fd = 7
Socket not ready, repolling fd = 7
Socket not ready, repolling fd = 7
Socket not ready, repolling fd = 7
Socket not ready, repolling fd = 7
Socket not ready, repolling fd = 7
Socket not ready, repolling fd = 7
Socket not ready, repolling fd = 7
Socket not ready, repolling fd = 7
Socket not ready, repolling fd = 7
Socket not ready, repolling fd = 7
Socket not ready, repolling fd = 7
Socket not ready, repolling fd = 7
Socket not ready, repolling fd = 7
Socket not ready, repolling fd = 7
Socket not ready, repolling fd = 7
Socket not ready, repolling fd = 7
Socket not ready, repolling fd = 7
Socket not ready, repolling fd = 7
Socket not ready, repolling fd = 7
Socket not ready, repolling fd = 7
Socket not ready, repolling fd = 7
Socket not ready, repolling fd = 7
Socket not ready, repolling fd = 7
Socket not ready, repolling fd = 7
Socket not ready, repolling fd = 7
Socket not ready, repolling fd = 7
Socket not ready, repolling fd = 7
Socket not ready, repolling fd = 7
Socket not ready, repolling fd = 7
Socket not ready, repolling fd = 7
Socket not ready, repolling fd = 7
Socket not ready, repolling fd = 7
Socket not ready, repolling fd = 7
Socket not ready, repolling fd = 7
Socket not ready, repolling fd = 7
Socket not ready, repolling fd = 7
Socket not ready, repolling fd = 7
Socket not ready, repolling fd = 7
Socket not ready, repolling fd = 7
Socket not ready, repolling fd = 7
Socket not ready, repolling fd = 7
Socket not ready, repolling fd = 7
Socket not ready, repolling fd = 7
Socket not ready, repolling fd = 7
Socket not ready, repolling fd = 7
Socket not ready, repolling fd = 7
Socket not ready, repolling fd = 7
Socket not ready, repolling fd = 7
Socket not ready, repolling fd = 7
Socket not ready, repolling fd = 7
Socket not ready, repolling fd = 7
Socket not ready, repolling fd = 7
Socket not ready, repolling fd = 7
Socket not ready, repolling fd = 7
Socket not ready, repolling fd = 7
Socket not ready, repolling fd = 7
Socket not ready, repolling fd = 7
Socket not ready, repolling fd = 7
Socket not ready, repolling fd = 7
Socket not ready, repolling fd = 7
Socket not ready, repolling fd = 7
Socket not ready, repolling fd = 7
Socket not ready, repolling fd = 7
Socket not ready, repolling fd = 7
Socket not ready, repolling fd = 7
Socket not ready, repolling fd = 7
Socket not ready, repolling fd = 7
Socket not ready, repolling fd = 7
Socket not ready, repolling fd = 7
Socket not ready, repolling fd = 7
Socket not ready, repolling fd = 7
Socket not ready, repolling fd = 7
Socket not ready, repolling fd = 7
Socket not ready, repolling fd = 7
Socket not ready, repolling fd = 7
Socket not ready, repolling fd = 7
Socket not ready, repolling fd = 7
Socket not ready, repolling fd = 7
Socket not ready, repolling fd = 7
Socket not ready, repolling fd = 7
Socket not ready, repolling fd = 7
Socket not ready, repolling fd = 7
Socket not ready, repolling fd = 7
Socket not ready, repolling fd = 7
Socket not ready, repolling fd = 7
Socket not ready, repolling fd = 7
Socket not ready, repolling fd = 7
Socket not ready, repolling fd = 7
Socket not ready, repolling fd = 7
Socket not ready, repolling fd = 7
Socket not ready, repolling fd = 7
Socket not ready, repolling fd = 7
Socket not ready, repolling fd = 7
Socket not ready, repolling fd = 7
Socket not ready, repolling fd = 7
Socket not ready, repolling fd = 7
Socket not ready, repolling fd = 7
Socket not ready, repolling fd = 7
Socket not ready, repolling fd = 7
Socket not ready, repolling fd = 7
Socket not ready, repolling fd = 7
Socket not ready, repolling fd = 7
Socket not ready, repolling fd = 7
Socket not ready, repolling fd = 7
Socket not ready, repolling fd = 7
Socket not ready, repolling fd = 7
Socket not ready, repolling fd = 7
Socket not ready, repolling fd = 7
Socket not ready, repolling fd = 7
Socket not ready, repolling fd = 7
Socket not ready, repolling fd = 7
Socket not ready, repolling fd = 7
Socket not ready, repolling fd = 7
Socket not ready, repolling fd = 7
Socket not ready, repolling fd = 7
Socket not ready, repolling fd = 7
Socket not ready, repolling fd = 7
Socket not ready, repolling fd = 7
Socket not ready, repolling fd = 7
Socket not ready, repolling fd = 7
Socket not ready, repolling fd = 7
Socket not ready, repolling fd = 7
Socket not ready, repolling fd = 7
Socket not ready, repolling fd = 7
Socket not ready, repolling fd = 7
Socket not ready, repolling fd = 7
Socket not ready, repolling fd = 7
Socket not ready, repolling fd = 7
Socket not ready, repolling fd = 7
Socket not ready, repolling fd = 7
Socket not ready, repolling fd = 7
Socket not ready, repolling fd = 7
Socket not ready, repolling fd = 7
Socket not ready, repolling fd = 7
Socket not ready, repolling fd = 7
Socket not ready, repolling fd = 7
Socket not ready, repolling fd = 7
Socket not ready, repolling fd = 7
Socket not ready, repolling fd = 7
Socket not ready, repolling fd = 7
Socket not ready, repolling fd = 7
Socket not ready, repolling fd = 7
Socket not ready, repolling fd = 7
Socket not ready, repolling fd = 7
Socket not ready, repolling fd = 7
Socket not ready, repolling fd = 7
Socket not ready, repolling fd = 7
Socket not ready, repolling fd = 7
Socket not ready, repolling fd = 7
Socket not ready, repolling fd = 7
Socket not ready, repolling fd = 7
Socket not ready, repolling fd = 7
Socket not ready, repolling fd = 7
Socket not ready, repolling fd = 7
Socket not ready, repolling fd = 7
Socket not ready, repolling fd = 7
Socket not ready, repolling fd = 7
Socket not ready, repolling fd = 7
Socket not ready, repolling fd = 7
Socket not ready, repolling fd = 7
Socket not ready, repolling fd = 7
Socket not ready, repolling fd = 7
Socket not ready, repolling fd = 7
Socket not ready, repolling fd = 7
Socket not ready, repolling fd = 7
Socket not ready, repolling fd = 7
Socket not ready, repolling fd = 7
Socket not ready, repolling fd = 7
Socket not ready, repolling fd = 7
Socket not ready, repolling fd = 7
Socket not ready, repolling fd = 7
Socket not ready, repolling fd = 7
Socket not ready, repolling fd = 7
Socket not ready, repolling fd = 7
Socket not ready, repolling fd = 7
Socket not ready, repolling fd = 7
Socket not ready, repolling fd = 7
Socket not ready, repolling fd = 7
Socket not ready, repolling fd = 7
Socket not ready, repolling fd = 7
Socket not ready, repolling fd = 7
Socket not ready, repolling fd = 7
Socket not ready, repolling fd = 7
Socket not ready, repolling fd = 7
Socket not ready, repolling fd = 7
Socket not ready, repolling fd = 7
Socket not ready, repolling fd = 7
Socket not ready, repolling fd = 7
Socket not ready, repolling fd = 7
Socket not ready, repolling fd = 7
Socket not ready, repolling fd = 7
Socket not ready, repolling fd = 7
Socket not ready, repolling fd = 7
Socket not ready, repolling fd = 7
Socket not ready, repolling fd = 7
Socket not ready, repolling fd = 7
Socket not ready, repolling fd = 7
Socket not ready, repolling fd = 7
Socket not ready, repolling fd = 7
Socket not ready, repolling fd = 7
Socket not ready, repolling fd = 7
Socket not ready, repolling fd = 7
Socket not ready, repolling fd = 7
Socket not ready, repolling fd = 7
Socket not ready, repolling fd = 7
Socket not ready, repolling fd = 7
Socket not ready, repolling fd = 7
Socket not ready, repolling fd = 7
Socket not ready, repolling fd = 7
Socket not ready, repolling fd = 7
Socket not ready, repolling fd = 7
Socket not ready, repolling fd = 7
Socket not ready, repolling fd = 7
Socket not ready, repolling fd = 7
Socket not ready, repolling fd = 7
Socket not ready, repolling fd = 7
Socket not ready, repolling fd = 7
Socket not ready, repolling fd = 7
Socket not ready, repolling fd = 7
Socket not ready, repolling fd = 7
Socket not ready, repolling fd = 7
Socket not ready, repolling fd = 7
Socket not ready, repolling fd = 7
Socket not ready, repolling fd = 7
Socket not ready, repolling fd = 7
Socket not ready, repolling fd = 7
Socket not ready, repolling fd = 7
Socket not ready, repolling fd = 7
Socket not ready, repolling fd = 7
Socket not ready, repolling fd = 7
Socket not ready, repolling fd = 7
Socket not ready, repolling fd = 7
Socket not ready, repolling fd = 7
Socket not ready, repolling fd = 7
Socket not ready, repolling fd = 7
Socket not ready, repolling fd = 7
Socket not ready, repolling fd = 7
Socket not ready, repolling fd = 7
Socket not ready, repolling fd = 7
Socket not ready, repolling fd = 7
Socket not ready, repolling fd = 7
Socket not ready, repolling fd = 7
Socket not ready, repolling fd = 7
Socket not ready, repolling fd = 7
Socket not ready, repolling fd = 7
Socket not ready, repolling fd = 7
Socket not ready, repolling fd = 7
Socket not ready, repolling fd = 7
Socket not ready, repolling fd = 7
Socket not ready, repolling fd = 7
Socket not ready, repolling fd = 7
Socket not ready, repolling fd = 7
Socket not ready, repolling fd = 7
Socket not ready, repolling fd = 7
Socket not ready, repolling fd = 7
Socket not ready, repolling fd = 7
Socket not ready, repolling fd = 7
Socket not ready, repolling fd = 7
Socket not ready, repolling fd = 7
Socket not ready, repolling fd = 7
Socket not ready, repolling fd = 7
Socket not ready, repolling fd = 7
Socket not ready, repolling fd = 7
Socket not ready, repolling fd = 7
Socket not ready, repolling fd = 7
Socket not ready, repolling fd = 7
Socket not ready, repolling fd = 7
Socket not ready, repolling fd = 7
Socket not ready, repolling fd = 7
Socket not ready, repolling fd = 7
Socket not ready, repolling fd = 7
Socket not ready, repolling fd = 7
Socket not ready, repolling fd = 7
Socket not ready, repolling fd = 7
Socket not ready, repolling fd = 7
Socket not ready, repolling fd = 7
Socket not ready, repolling fd = 7
Socket not ready, repolling fd = 7
Socket not ready, repolling fd = 7
Socket not ready, repolling fd = 7
Socket not ready, repolling fd = 7
Socket not ready, repolling fd = 7
Socket not ready, repolling fd = 7
Socket not ready, repolling fd = 7
Socket not ready, repolling fd = 7
Socket not ready, repolling fd = 7
Socket not ready, repolling fd = 7
Socket not ready, repolling fd = 7
Socket not ready, repolling fd = 7
Socket not ready, repolling fd = 7
Socket not ready, repolling fd = 7
Socket not ready, repolling fd = 7
Socket not ready, repolling fd = 7
Socket not ready, repolling fd = 7
Socket not ready, repolling fd = 7
Socket not ready, repolling fd = 7
Socket not ready, repolling fd = 7
Socket not ready, repolling fd = 7
Socket not ready, repolling fd = 7
Socket not ready, repolling fd = 7
Socket not ready, repolling fd = 7
Socket not ready, repolling fd = 7
Socket not ready, repolling fd = 7
Socket not ready, repolling fd = 7
Socket not ready, repolling fd = 7
Socket not ready, repolling fd = 7
Socket not ready, repolling fd = 7
Socket not ready, repolling fd = 7
Socket not ready, repolling fd = 7
Socket not ready, repolling fd = 7
Socket not ready, repolling fd = 7
Socket not ready, repolling fd = 7
Socket not ready, repolling fd = 7
Socket not ready, repolling fd = 7
Socket not ready, repolling fd = 7
Socket not ready, repolling fd = 7
Socket not ready, repolling fd = 7
Socket not ready, repolling fd = 7
Socket not ready, repolling fd = 7
Socket not ready, repolling fd = 7
Socket not ready, repolling fd = 7
Socket not ready, repolling fd = 7
Socket not ready, repolling fd = 7
Socket not ready, repolling fd = 7
Socket not ready, repolling fd = 7
Socket not ready, repolling fd = 7
Socket not ready, repolling fd = 7
Socket not ready, repolling fd = 7
Socket not ready, repolling fd = 7
Socket not ready, repolling fd = 7
Socket not ready, repolling fd = 7
Socket not ready, repolling fd = 7
Socket not ready, repolling fd = 7
Socket not ready, repolling fd = 7
Socket not ready, repolling fd = 7
Socket not ready, repolling fd = 7
Socket not ready, repolling fd = 7
Socket not ready, repolling fd = 7
Socket not ready, repolling fd = 7
Socket not ready, repolling fd = 7
Socket not ready, repolling fd = 7
Socket not ready, repolling fd = 7
Socket not ready, repolling fd = 7
Socket not ready, repolling fd = 7
Socket not ready, repolling fd = 7
Socket not ready, repolling fd = 7
Socket not ready, repolling fd = 7
Socket not ready, repolling fd = 7
Socket not ready, repolling fd = 7
Socket not ready, repolling fd = 7
Socket not ready, repolling fd = 7
Socket not ready, repolling fd = 7
Socket not ready, repolling fd = 7
Socket not ready, repolling fd = 7
Socket not ready, repolling fd = 7
Socket not ready, repolling fd = 7
Socket not ready, repolling fd = 7
Socket not ready, repolling fd = 7
Socket not ready, repolling fd = 7
Socket not ready, repolling fd = 7
Socket not ready, repolling fd = 7
Socket not ready, repolling fd = 7
Socket not ready, repolling fd = 7
Socket not ready, repolling fd = 7
Socket not ready, repolling fd = 7
Socket not ready, repolling fd = 7
Socket not ready, repolling fd = 7
Socket not ready, repolling fd = 7
Socket not ready, repolling fd = 7
Socket not ready, repolling fd = 7
Socket not ready, repolling fd = 7
Socket not ready, repolling fd = 7
Socket not ready, repolling fd = 7
Socket not ready, repolling fd = 7
Socket not ready, repolling fd = 7
Socket not ready, repolling fd = 7
Socket not ready, repolling fd = 7
Socket not ready, repolling fd = 7
Socket not ready, repolling fd = 7
Socket not ready, repolling fd = 7
Socket not ready, repolling fd = 7
Socket not ready, repolling fd = 7
Socket not ready, repolling fd = 7
Socket not ready, repolling fd = 7
Socket not ready, repolling fd = 7
Socket not ready, repolling fd = 7
Socket not ready, repolling fd = 7
Socket not ready, repolling fd = 7
Socket not ready, repolling fd = 7
Socket not ready, repolling fd = 7
Socket not ready, repolling fd = 7
Socket not ready, repolling fd = 7
Socket not ready, repolling fd = 7
Socket not ready, repolling fd = 7
Socket not ready, repolling fd = 7
Socket not ready, repolling fd = 7
Socket not ready, repolling fd = 7
Socket not ready, repolling fd = 7
Socket not ready, repolling fd = 7
Socket not ready, repolling fd = 7
Socket not ready, repolling fd = 7
Socket not ready, repolling fd = 7
Socket not ready, repolling fd = 7
Socket not ready, repolling fd = 7
Socket not ready, repolling fd = 7
Socket not ready, repolling fd = 7
Socket not ready, repolling fd = 7
Socket not ready, repolling fd = 7
Socket not ready, repolling fd = 7
Socket not ready, repolling fd = 7
Socket not ready, repolling fd = 7
Socket not ready, repolling fd = 7
Socket not ready, repolling fd = 7
Socket not ready, repolling fd = 7
Socket not ready, repolling fd = 7
Socket not ready, repolling fd = 7
Socket not ready, repolling fd = 7
Socket not ready, repolling fd = 7
Socket not ready, repolling fd = 7
Socket not ready, repolling fd = 7
Socket not ready, repolling fd = 7
Socket not ready, repolling fd = 7
Socket not ready, repolling fd = 7
Socket not ready, repolling fd = 7
Socket not ready, repolling fd = 7
Socket not ready, repolling fd = 7
Socket not ready, repolling fd = 7
Socket not ready, repolling fd = 7
Socket not ready, repolling fd = 7
Socket not ready, repolling fd = 7
Socket not ready, repolling fd = 7
Socket not ready, repolling fd = 7
Socket not ready, repolling fd = 7
Socket not ready, repolling fd = 7
Socket not ready, repolling fd = 7
Socket not ready, repolling fd = 7
Socket not ready, repolling fd = 7
Socket not ready, repolling fd = 7
Socket not ready, repolling fd = 7
Socket not ready, repolling fd = 7
Socket not ready, repolling fd = 7
Socket not ready, repolling fd = 7
Socket not ready, repolling fd = 7
Socket not ready, repolling fd = 7
Socket not ready, repolling fd = 7
Socket not ready, repolling fd = 7
Socket not ready, repolling fd = 7
Socket not ready, repolling fd = 7
Socket not ready, repolling fd = 7
Socket not ready, repolling fd = 7
Socket not ready, repolling fd = 7
Socket not ready, repolling fd = 7
Socket not ready, repolling fd = 7
Socket not ready, repolling fd = 7
Socket not ready, repolling fd = 7
Socket not ready, repolling fd = 7
Socket not ready, repolling fd = 7
Socket not ready, repolling fd = 7
Socket not ready, repolling fd = 7
Socket not ready, repolling fd = 7
Socket not ready, repolling fd = 7
Socket not ready, repolling fd = 7
Socket not ready, repolling fd = 7
Socket not ready, repolling fd = 7
Socket not ready, repolling fd = 7
Socket not ready, repolling fd = 7
Socket not ready, repolling fd = 7
Socket not ready, repolling fd = 7
Socket not ready, repolling fd = 7
Socket not ready, repolling fd = 7
Socket not ready, repolling fd = 7
Socket not ready, repolling fd = 7
Socket not ready, repolling fd = 7
Socket not ready, repolling fd = 7
Socket not ready, repolling fd = 7
Socket not ready, repolling fd = 7
Socket not ready, repolling fd = 7
Socket not ready, repolling fd = 7
Socket not ready, repolling fd = 7
Socket not ready, repolling fd = 7
Socket not ready, repolling fd = 7
Socket not ready, repolling fd = 7
Socket not ready, repolling fd = 7
Socket not ready, repolling fd = 7
Socket not ready, repolling fd = 7
Socket not ready, repolling fd = 7
Socket not ready, repolling fd = 7
Socket not ready, repolling fd = 7
Socket not ready, repolling fd = 7
Socket not ready, repolling fd = 7
Socket not ready, repolling fd = 7
Socket not ready, repolling fd = 7
Socket not ready, repolling fd = 7
Socket not ready, repolling fd = 7
Socket not ready, repolling fd = 7
Socket not ready, repolling fd = 7
Socket not ready, repolling fd = 7
Socket not ready, repolling fd = 7
Socket not ready, repolling fd = 7
Socket not ready, repolling fd = 7
Socket not ready, repolling fd = 7
Socket not ready, repolling fd = 7
Socket not ready, repolling fd = 7
Socket not ready, repolling fd = 7
Socket not ready, repolling fd = 7
Socket not ready, repolling fd = 7
Socket not ready, repolling fd = 7
Socket not ready, repolling fd = 7
Socket not ready, repolling fd = 7
Socket not ready, repolling fd = 7
Socket not ready, repolling fd = 7
Socket not ready, repolling fd = 7
Socket not ready, repolling fd = 7
Socket not ready, repolling fd = 7
Socket not ready, repolling fd = 7
Socket not ready, repolling fd = 7
Socket not ready, repolling fd = 7
Socket not ready, repolling fd = 7
Socket not ready, repolling fd = 7
Socket not ready, repolling fd = 7
Socket not ready, repolling fd = 7
Socket not ready, repolling fd = 7
Socket not ready, repolling fd = 7
Socket not ready, repolling fd = 7
Socket not ready, repolling fd = 7
Socket not ready, repolling fd = 7
Socket not ready, repolling fd = 7
Socket not ready, repolling fd = 7
Socket not ready, repolling fd = 7
Socket not ready, repolling fd = 7
Socket not ready, repolling fd = 7
Socket not ready, repolling fd = 7
Socket not ready, repolling fd = 7
Socket not ready, repolling fd = 7
Socket not ready, repolling fd = 7
Socket not ready, repolling fd = 7
Socket not ready, repolling fd = 7
Socket not ready, repolling fd = 7
Socket not ready, repolling fd = 7
Socket not ready, repolling fd = 7
Socket not ready, repolling fd = 7
Socket not ready, repolling fd = 7
Socket not ready, repolling fd = 7
Socket not ready, repolling fd = 7
Socket not ready, repolling fd = 7
Socket not ready, repolling fd = 7
Socket not ready, repolling fd = 7
Socket not ready, repolling fd = 7
Socket not ready, repolling fd = 7
Socket not ready, repolling fd = 7
Socket not ready, repolling fd = 7
Socket not ready, repolling fd = 7
Socket not ready, repolling fd = 7
Socket not ready, repolling fd = 7
Socket not ready, repolling fd = 7
Socket not ready, repolling fd = 7
Socket not ready, repolling fd = 7
Socket not ready, repolling fd = 7
Socket not ready, repolling fd = 7
Socket not ready, repolling fd = 7
Socket not ready, repolling fd = 7
Socket not ready, repolling fd = 7
Socket not ready, repolling fd = 7
Socket not ready, repolling fd = 7
Socket not ready, repolling fd = 7
Socket not ready, repolling fd = 7
Socket not ready, repolling fd = 7
Socket not ready, repolling fd = 7
Socket not ready, repolling fd = 7
Socket not ready, repolling fd = 7
Socket not ready, repolling fd = 7
Socket not ready, repolling fd = 7
Socket not ready, repolling fd = 7
Socket not ready, repolling fd = 7
Socket not ready, repolling fd = 7
Socket not ready, repolling fd = 7
Socket not ready, repolling fd = 7
Socket not ready, repolling fd = 7
Socket not ready, repolling fd = 7
Socket not ready, repolling fd = 7
Socket not ready, repolling fd = 7
Socket not ready, repolling fd = 7
Socket not ready, repolling fd = 7
Socket not ready, repolling fd = 7
Socket not ready, repolling fd = 7
Socket not ready, repolling fd = 7
Socket not ready, repolling fd = 9
Socket not ready, repolling fd = 9
Socket not ready, repolling fd = 9
Socket not ready, repolling fd = 9
Socket not ready, repolling fd = 9
Socket not ready, repolling fd = 9
Socket not ready, repolling fd = 9
Socket not ready, repolling fd = 9
Socket not ready, repolling fd = 9
Socket not ready, repolling fd = 9
Socket not ready, repolling fd = 9
Socket not ready, repolling fd = 9
Socket not ready, repolling fd = 9
Socket not ready, repolling fd = 9
Socket not ready, repolling fd = 9
Socket not ready, repolling fd = 9
Socket not ready, repolling fd = 9
Socket not ready, repolling fd = 9
Socket not ready, repolling fd = 9
Socket not ready, repolling fd = 9
Socket not ready, repolling fd = 9
Socket not ready, repolling fd = 9
Socket not ready, repolling fd = 9
Socket not ready, repolling fd = 9
Socket not ready, repolling fd = 9
Socket not ready, repolling fd = 9
Socket not ready, repolling fd = 9
Socket not ready, repolling fd = 9
Socket not ready, repolling fd = 9
Socket not ready, repolling fd = 9
Socket not ready, repolling fd = 9
Socket not ready, repolling fd = 9
Socket not ready, repolling fd = 9
Socket not ready, repolling fd = 9
Socket not ready, repolling fd = 9
Socket not ready, repolling fd = 9
Socket not ready, repolling fd = 9
Socket not ready, repolling fd = 9
Socket not ready, repolling fd = 9
Socket not ready, repolling fd = 9
Socket not ready, repolling fd = 9
Socket not ready, repolling fd = 9
Socket not ready, repolling fd = 9
Socket not ready, repolling fd = 9
Socket not ready, repolling fd = 9
Socket not ready, repolling fd = 9
Socket not ready, repolling fd = 9
Socket not ready, repolling fd = 9
Socket not ready, repolling fd = 9
Socket not ready, repolling fd = 9
Socket not ready, repolling fd = 9
Socket not ready, repolling fd = 9
Socket not ready, repolling fd = 9
Socket not ready, repolling fd = 9
Socket not ready, repolling fd = 9
Socket not ready, repolling fd = 9
Socket not ready, repolling fd = 9
Socket not ready, repolling fd = 9
Socket not ready, repolling fd = 9
Socket not ready, repolling fd = 9
Socket not ready, repolling fd = 9
Socket not ready, repolling fd = 9
Socket not ready, repolling fd = 9
Socket not ready, repolling fd = 9
Socket not ready, repolling fd = 9
Socket not ready, repolling fd = 9
Socket not ready, repolling fd = 9
Socket not ready, repolling fd = 9
Socket not ready, repolling fd = 9
Socket not ready, repolling fd = 9
Socket not ready, repolling fd = 9
Socket not ready, repolling fd = 9
Socket not ready, repolling fd = 9
Socket not ready, repolling fd = 9
Socket not ready, repolling fd = 9
Socket not ready, repolling fd = 9
Socket not ready, repolling fd = 9
Socket not ready, repolling fd = 9
Socket not ready, repolling fd = 9
Socket not ready, repolling fd = 9
Socket not ready, repolling fd = 9
Socket not ready, repolling fd = 9
Socket not ready, repolling fd = 9
Socket not ready, repolling fd = 9
Socket not ready, repolling fd = 9
Socket not ready, repolling fd = 9
Socket not ready, repolling fd = 9
Socket not ready, repolling fd = 9
Socket not ready, repolling fd = 9
Socket not ready, repolling fd = 9
Socket not ready, repolling fd = 9
Socket not ready, repolling fd = 9
Socket not ready, repolling fd = 8
Socket not ready, repolling fd = 8
Socket not ready, repolling fd = 8
Socket not ready, repolling fd = 8
Socket not ready, repolling fd = 8
Socket not ready, repolling fd = 8
Socket not ready, repolling fd = 8
Socket not ready, repolling fd = 8
Socket not ready, repolling fd = 8
Socket not ready, repolling fd = 8
Socket not ready, repolling fd = 8
Socket not ready, repolling fd = 8
Socket not ready, repolling fd = 8
Socket not ready, repolling fd = 8
Socket not ready, repolling fd = 8
Socket not ready, repolling fd = 8
Socket not ready, repolling fd = 8
Socket not ready, repolling fd = 8
Socket not ready, repolling fd = 8
Socket not ready, repolling fd = 8
Socket not ready, repolling fd = 8
Socket not ready, repolling fd = 8
Socket not ready, repolling fd = 8
Socket not ready, repolling fd = 8
Socket not ready, repolling fd = 8
Socket not ready, repolling fd = 8
Socket not ready, repolling fd = 8
Socket not ready, repolling fd = 8
Socket not ready, repolling fd = 8
Socket not ready, repolling fd = 8
Socket not ready, repolling fd = 8
Socket not ready, repolling fd = 8
Socket not ready, repolling fd = 8
Socket not ready, repolling fd = 8
Socket not ready, repolling fd = 8
Socket not ready, repolling fd = 8
Socket not ready, repolling fd = 8
Socket not ready, repolling fd = 8
Socket not ready, repolling fd = 8
Socket not ready, repolling fd = 8
Socket not ready, repolling fd = 8
Socket not ready, repolling fd = 8
Socket not ready, repolling fd = 8
Socket not ready, repolling fd = 8
Socket not ready, repolling fd = 8
Socket not ready, repolling fd = 8
Socket not ready, repolling fd = 8
Socket not ready, repolling fd = 8
Socket not ready, repolling fd = 8
Socket not ready, repolling fd = 8
Socket not ready, repolling fd = 8
Socket not ready, repolling fd = 8
Socket not ready, repolling fd = 8
Socket not ready, repolling fd = 8
Socket not ready, repolling fd = 8
Socket not ready, repolling fd = 8
Socket not ready, repolling fd = 8
Socket not ready, repolling fd = 8
Socket not ready, repolling fd = 8
Socket not ready, repolling fd = 8
Socket not ready, repolling fd = 8
Socket not ready, repolling fd = 8
Socket not ready, repolling fd = 8
Socket not ready, repolling fd = 8
Socket not ready, repolling fd = 8
Socket not ready, repolling fd = 8
Socket not ready, repolling fd = 8
Socket not ready, repolling fd = 8
Socket not ready, repolling fd = 8
Socket not ready, repolling fd = 8
Socket not ready, repolling fd = 8
Socket not ready, repolling fd = 8
Socket not ready, repolling fd = 8
Socket not ready, repolling fd = 8
Socket not ready, repolling fd = 8
Socket not ready, repolling fd = 8
Socket not ready, repolling fd = 8
Socket not ready, repolling fd = 8
Socket not ready, repolling fd = 8
Socket not ready, repolling fd = 8
Socket not ready, repolling fd = 8
Socket not ready, repolling fd = 8
Socket not ready, repolling fd = 8
Socket not ready, repolling fd = 8
Socket not ready, repolling fd = 8
Socket not ready, repolling fd = 8
Socket not ready, repolling fd = 8
Socket not ready, repolling fd = 8
Socket not ready, repolling fd = 8
Socket not ready, repolling fd = 8
Socket not ready, repolling fd = 8
Socket not ready, repolling fd = 8
Socket not ready, repolling fd = 8
Socket not ready, repolling fd = 8
Socket not ready, repolling fd = 8
Socket not ready, repolling fd = 8
Socket not ready, repolling fd = 8
Socket not ready, repolling fd = 8
Socket not ready, repolling fd = 8
Socket not ready, repolling fd = 8
Socket not ready, repolling fd = 8
Socket not ready, repolling fd = 8
Socket not ready, repolling fd = 8
Socket not ready, repolling fd = 8
Socket not ready, repolling fd = 8
Socket not ready, repolling fd = 8
Socket not ready, repolling fd = 8
Socket not ready, repolling fd = 8
Socket not ready, repolling fd = 8
Socket not ready, repolling fd = 8
Socket not ready, repolling fd = 8
Socket not ready, repolling fd = 8
Socket not ready, repolling fd = 8
Socket not ready, repolling fd = 8
Socket not ready, repolling fd = 8
Socket not ready, repolling fd = 8
Socket not ready, repolling fd = 8
Socket not ready, repolling fd = 8
Socket not ready, repolling fd = 8
Socket not ready, repolling fd = 8
Socket not ready, repolling fd = 8
Socket not ready, repolling fd = 8
Socket not ready, repolling fd = 8
Socket not ready, repolling fd = 8
Socket not ready, repolling fd = 8
Socket not ready, repolling fd = 8
Socket not ready, repolling fd = 8
Socket not ready, repolling fd = 8
Socket not ready, repolling fd = 8
Socket not ready, repolling fd = 8
Socket not ready, repolling fd = 8
Socket not ready, repolling fd = 8
Socket not ready, repolling fd = 8
Socket not ready, repolling fd = 8
Socket not ready, repolling fd = 8
Socket not ready, repolling fd = 8
Socket not ready, repolling fd = 8
Socket not ready, repolling fd = 8
Socket not ready, repolling fd = 8
Socket not ready, repolling fd = 8
Socket not ready, repolling fd = 8
Socket not ready, repolling fd = 8
Socket not ready, repolling fd = 8
Socket not ready, repolling fd = 8
Socket not ready, repolling fd = 8
Socket not ready, repolling fd = 8
Socket not ready, repolling fd = 8
Socket not ready, repolling fd = 8
Socket not ready, repolling fd = 8
Socket not ready, repolling fd = 8
Socket not ready, repolling fd = 8
Socket not ready, repolling fd = 8
Socket not ready, repolling fd = 8
Socket not ready, repolling fd = 8
Socket not ready, repolling fd = 8
Socket not ready, repolling fd = 8
Socket not ready, repolling fd = 8
Socket not ready, repolling fd = 8
Socket not ready, repolling fd = 8
Socket not ready, repolling fd = 8
Socket not ready, repolling fd = 8
Socket not ready, repolling fd = 8
Socket not ready, repolling fd = 8
Socket not ready, repolling fd = 8
Socket not ready, repolling fd = 8
Socket not ready, repolling fd = 8
Socket not ready, repolling fd = 8
Socket not ready, repolling fd = 8
Socket not ready, repolling fd = 8
Socket not ready, repolling fd = 8
Socket not ready, repolling fd = 8
Socket not ready, repolling fd = 8
Socket not ready, repolling fd = 8
Socket not ready, repolling fd = 8
Socket not ready, repolling fd = 8
Socket not ready, repolling fd = 8
Socket not ready, repolling fd = 8
Socket not ready, repolling fd = 8
Socket not ready, repolling fd = 8
Socket not ready, repolling fd = 8
Socket not ready, repolling fd = 8
Socket not ready, repolling fd = 8
Socket not ready, repolling fd = 8
Socket not ready, repolling fd = 8
Socket not ready, repolling fd = 8
Socket not ready, repolling fd = 8
Socket not ready, repolling fd = 8
Socket not ready, repolling fd = 8
Socket not ready, repolling fd = 8
Socket not ready, repolling fd = 8
Socket not ready, repolling fd = 8
Socket not ready, repolling fd = 8
Socket not ready, repolling fd = 8
Socket not ready, repolling fd = 8
Socket not ready, repolling fd = 8
Socket not ready, repolling fd = 8
Socket not ready, repolling fd = 8
Socket not ready, repolling fd = 8
Socket not ready, repolling fd = 8
Socket not ready, repolling fd = 8
Socket not ready, repolling fd = 8
Socket not ready, repolling fd = 8
Socket not ready, repolling fd = 8
Socket not ready, repolling fd = 8
Socket not ready, repolling fd = 8
Socket not ready, repolling fd = 8
Socket not ready, repolling fd = 8
Socket not ready, repolling fd = 8
Socket not ready, repolling fd = 8
Socket not ready, repolling fd = 8
Socket not ready, repolling fd = 8
Socket not ready, repolling fd = 8
Socket not ready, repolling fd = 8
Socket not ready, repolling fd = 8
Socket not ready, repolling fd = 8
Socket not ready, repolling fd = 8
Socket not ready, repolling fd = 8
Socket not ready, repolling fd = 8
Socket not ready, repolling fd = 8
Socket not ready, repolling fd = 8
Socket not ready, repolling fd = 8
Socket not ready, repolling fd = 8
Socket not ready, repolling fd = 8
Socket not ready, repolling fd = 8
Socket not ready, repolling fd = 8
Socket not ready, repolling fd = 8
Socket not ready, repolling fd = 8
Socket not ready, repolling fd = 8
Socket not ready, repolling fd = 8
Socket not ready, repolling fd = 8
Socket not ready, repolling fd = 8
Socket not ready, repolling fd = 8
Socket not ready, repolling fd = 8
Socket not ready, repolling fd = 8
Socket not ready, repolling fd = 8
Socket not ready, repolling fd = 8
Socket not ready, repolling fd = 8
Socket not ready, repolling fd = 8
Socket not ready, repolling fd = 8
Socket not ready, repolling fd = 8
Socket not ready, repolling fd = 8
Socket not ready, repolling fd = 8
Socket not ready, repolling fd = 8
Socket not ready, repolling fd = 8
Socket not ready, repolling fd = 8
Socket not ready, repolling fd = 8
Socket not ready, repolling fd = 8
Socket not ready, repolling fd = 8
Socket not ready, repolling fd = 8
Socket not ready, repolling fd = 8
Socket not ready, repolling fd = 8
Socket not ready, repolling fd = 8
Socket not ready, repolling fd = 8
Socket not ready, repolling fd = 8
Socket not ready, repolling fd = 8
Socket not ready, repolling fd = 8
Socket not ready, repolling fd = 8
Socket not ready, repolling fd = 8
Socket not ready, repolling fd = 8
Socket not ready, repolling fd = 8
Socket not ready, repolling fd = 8
Socket not ready, repolling fd = 8
Socket not ready, repolling fd = 8
Socket not ready, repolling fd = 8
Socket not ready, repolling fd = 8
Socket not ready, repolling fd = 8
Socket not ready, repolling fd = 8
Socket not ready, repolling fd = 8
Socket not ready, repolling fd = 8
Socket not ready, repolling fd = 8
Socket not ready, repolling fd = 8
Socket not ready, repolling fd = 8
Socket not ready, repolling fd = 8
Socket not ready, repolling fd = 8
Socket not ready, repolling fd = 8
Socket not ready, repolling fd = 8
Socket not ready, repolling fd = 8
Socket not ready, repolling fd = 8
Socket not ready, repolling fd = 8
Socket not ready, repolling fd = 8
Socket not ready, repolling fd = 8
Socket not ready, repolling fd = 8
Socket not ready, repolling fd = 8
Socket not ready, repolling fd = 8
Socket not ready, repolling fd = 8
Socket not ready, repolling fd = 8
Socket not ready, repolling fd = 8
Socket not ready, repolling fd = 8
Socket not ready, repolling fd = 8
Socket not ready, repolling fd = 8
Socket not ready, repolling fd = 8
Socket not ready, repolling fd = 8
Socket not ready, repolling fd = 8
Socket not ready, repolling fd = 8
Socket not ready, repolling fd = 8
Socket not ready, repolling fd = 8
Socket not ready, repolling fd = 8
Socket not ready, repolling fd = 8
Socket not ready, repolling fd = 8
Socket not ready, repolling fd = 8
Socket not ready, repolling fd = 8
Socket not ready, repolling fd = 8
Socket not ready, repolling fd = 8
Socket not ready, repolling fd = 8
Socket not ready, repolling fd = 8
Socket not ready, repolling fd = 8
Socket not ready, repolling fd = 8
Socket not ready, repolling fd = 8
Socket not ready, repolling fd = 8
Socket not ready, repolling fd = 8
Socket not ready, repolling fd = 8
Socket not ready, repolling fd = 8
Socket not ready, repolling fd = 8
Socket not ready, repolling fd = 8
Socket not ready, repolling fd = 8
Socket not ready, repolling fd = 8
Socket not ready, repolling fd = 8
Socket not ready, repolling fd = 8
Socket not ready, repolling fd = 8
Socket not ready, repolling fd = 8
Socket not ready, repolling fd = 8
Socket not ready, repolling fd = 8
Socket not ready, repolling fd = 8
Socket not ready, repolling fd = 8
Socket not ready, repolling fd = 8
Socket not ready, repolling fd = 8
Socket not ready, repolling fd = 8
Socket not ready, repolling fd = 8
Socket not ready, repolling fd = 8
Socket not ready, repolling fd = 8
Socket not ready, repolling fd = 8
Socket not ready, repolling fd = 8
Socket not ready, repolling fd = 8
Socket not ready, repolling fd = 8
Socket not ready, repolling fd = 8
Socket not ready, repolling fd = 8
Socket not ready, repolling fd = 8
Socket not ready, repolling fd = 8
Socket not ready, repolling fd = 8
Socket not ready, repolling fd = 8
Socket not ready, repolling fd = 8
Socket not ready, repolling fd = 8
Socket not ready, repolling fd = 8
Socket not ready, repolling fd = 8
Socket not ready, repolling fd = 8
Socket not ready, repolling fd = 8
Socket not ready, repolling fd = 8
Socket not ready, repolling fd = 8
Socket not ready, repolling fd = 8
Socket not ready, repolling fd = 8
Socket not ready, repolling fd = 8
Socket not ready, repolling fd = 8
Socket not ready, repolling fd = 8
Socket not ready, repolling fd = 8
Socket not ready, repolling fd = 8
Socket not ready, repolling fd = 8
Socket not ready, repolling fd = 8
Socket not ready, repolling fd = 8
Socket not ready, repolling fd = 8
Socket not ready, repolling fd = 8
Socket not ready, repolling fd = 8
Socket not ready, repolling fd = 8
Socket not ready, repolling fd = 8
Socket not ready, repolling fd = 8
Socket not ready, repolling fd = 8
Socket not ready, repolling fd = 8
Socket not ready, repolling fd = 8
Socket not ready, repolling fd = 8
Socket not ready, repolling fd = 8
Socket not ready, repolling fd = 8
Socket not ready, repolling fd = 8
Socket not ready, repolling fd = 8
Socket not ready, repolling fd = 8
Socket not ready, repolling fd = 8
Socket not ready, repolling fd = 8
Socket not ready, repolling fd = 8
Socket not ready, repolling fd = 8
Socket not ready, repolling fd = 8
Socket not ready, repolling fd = 8
Socket not ready, repolling fd = 8
Socket not ready, repolling fd = 8
Socket not ready, repolling fd = 8
Socket not ready, repolling fd = 8
Socket not ready, repolling fd = 8
Socket not ready, repolling fd = 8
Socket not ready, repolling fd = 8
Socket not ready, repolling fd = 8
Socket not ready, repolling fd = 8
Socket not ready, repolling fd = 8
Socket not ready, repolling fd = 8
Socket not ready, repolling fd = 8
Socket not ready, repolling fd = 8
Socket not ready, repolling fd = 8
Socket not ready, repolling fd = 8
Socket not ready, repolling fd = 8
Socket not ready, repolling fd = 8
Socket not ready, repolling fd = 8
Socket not ready, repolling fd = 8
Socket not ready, repolling fd = 8
Socket not ready, repolling fd = 8
Socket not ready, repolling fd = 8
Socket not ready, repolling fd = 8
Socket not ready, repolling fd = 8
Socket not ready, repolling fd = 8
Socket not ready, repolling fd = 8
Socket not ready, repolling fd = 8
Socket not ready, repolling fd = 8
Socket not ready, repolling fd = 8
Socket not ready, repolling fd = 8
Socket not ready, repolling fd = 8
Socket not ready, repolling fd = 8
Socket not ready, repolling fd = 8
Socket not ready, repolling fd = 8
Socket not ready, repolling fd = 8
Socket not ready, repolling fd = 8
Socket not ready, repolling fd = 8
Socket not ready, repolling fd = 8
Socket not ready, repolling fd = 8
Socket not ready, repolling fd = 8
Socket not ready, repolling fd = 8
Socket not ready, repolling fd = 8
Socket not ready, repolling fd = 8
Socket not ready, repolling fd = 8
Socket not ready, repolling fd = 8
Socket not ready, repolling fd = 8
Socket not ready, repolling fd = 8
Socket not ready, repolling fd = 8
Socket not ready, repolling fd = 8
Socket not ready, repolling fd = 8
Socket not ready, repolling fd = 8
Socket not ready, repolling fd = 8
Socket not ready, repolling fd = 8
Socket not ready, repolling fd = 8
Socket not ready, repolling fd = 8
Socket not ready, repolling fd = 8
Socket not ready, repolling fd = 8
Socket not ready, repolling fd = 8
Socket not ready, repolling fd = 8
Socket not ready, repolling fd = 8
Socket not ready, repolling fd = 8
Socket not ready, repolling fd = 8
Socket not ready, repolling fd = 8
Socket not ready, repolling fd = 8
Socket not ready, repolling fd = 8
Socket not ready, repolling fd = 8
Socket not ready, repolling fd = 8
Socket not ready, repolling fd = 8
Socket not ready, repolling fd = 8
Socket not ready, repolling fd = 8
Socket not ready, repolling fd = 8
Socket not ready, repolling fd = 8
Socket not ready, repolling fd = 8
Socket not ready, repolling fd = 8
Socket not ready, repolling fd = 8
Socket not ready, repolling fd = 8
Socket not ready, repolling fd = 8
Socket not ready, repolling fd = 8
Socket not ready, repolling fd = 8
Socket not ready, repolling fd = 8
Socket not ready, repolling fd = 8
Socket not ready, repolling fd = 8
Socket not ready, repolling fd = 8
Socket not ready, repolling fd = 8
Socket not ready, repolling fd = 8
Socket not ready, repolling fd = 8
Socket not ready, repolling fd = 8
Socket not ready, repolling fd = 8
Socket not ready, repolling fd = 8
Socket not ready, repolling fd = 8
Socket not ready, repolling fd = 8
Socket not ready, repolling fd = 8
Socket not ready, repolling fd = 8
Socket not ready, repolling fd = 8
Socket not ready, repolling fd = 8
Socket not ready, repolling fd = 8
Socket not ready, repolling fd = 8
Socket not ready, repolling fd = 8
Socket not ready, repolling fd = 8
Socket not ready, repolling fd = 8
Socket not ready, repolling fd = 8
Socket not ready, repolling fd = 8
Socket not ready, repolling fd = 8
Socket not ready, repolling fd = 8
Socket not ready, repolling fd = 8
Socket not ready, repolling fd = 8
Socket not ready, repolling fd = 8
Socket not ready, repolling fd = 8
Socket not ready, repolling fd = 8
Socket not ready, repolling fd = 8
Socket not ready, repolling fd = 8
Socket not ready, repolling fd = 8
Socket not ready, repolling fd = 8
Socket not ready, repolling fd = 8
Socket not ready, repolling fd = 8
Socket not ready, repolling fd = 8
Socket not ready, repolling fd = 8
Socket not ready, repolling fd = 8
Socket not ready, repolling fd = 8
Socket not ready, repolling fd = 8
Socket not ready, repolling fd = 8
Socket not ready, repolling fd = 8
Socket not ready, repolling fd = 8
Socket not ready, repolling fd = 8
Socket not ready, repolling fd = 8
Socket not ready, repolling fd = 8
Socket not ready, repolling fd = 8
Socket not ready, repolling fd = 8
Socket not ready, repolling fd = 8
Socket not ready, repolling fd = 8
Socket not ready, repolling fd = 8
Socket not ready, repolling fd = 8
Socket not ready, repolling fd = 8
Socket not ready, repolling fd = 8
Socket not ready, repolling fd = 8
Socket not ready, repolling fd = 8
Socket not ready, repolling fd = 8
Socket not ready, repolling fd = 8
Socket not ready, repolling fd = 8
Socket not ready, repolling fd = 8
Socket not ready, repolling fd = 8
Socket not ready, repolling fd = 8
Socket not ready, repolling fd = 8
Socket not ready, repolling fd = 8
Socket not ready, repolling fd = 8
Socket not ready, repolling fd = 8
Socket not ready, repolling fd = 8
Socket not ready, repolling fd = 8
Socket not ready, repolling fd = 8
Socket not ready, repolling fd = 8
Socket not ready, repolling fd = 8
Socket not ready, repolling fd = 8
Socket not ready, repolling fd = 8
Socket not ready, repolling fd = 8
Socket not ready, repolling fd = 8
Socket not ready, repolling fd = 8
Socket not ready, repolling fd = 8
Socket not ready, repolling fd = 8
Socket not ready, repolling fd = 8
Socket not ready, repolling fd = 8
Socket not ready, repolling fd = 8
Socket not ready, repolling fd = 8
Socket not ready, repolling fd = 8
Socket not ready, repolling fd = 8
Socket not ready, repolling fd = 8
Socket not ready, repolling fd = 8
Socket not ready, repolling fd = 8
Socket not ready, repolling fd = 8
Socket not ready, repolling fd = 8
Socket not ready, repolling fd = 8
Socket not ready, repolling fd = 8
Socket not ready, repolling fd = 8
Socket not ready, repolling fd = 8
Socket not ready, repolling fd = 8
Socket not ready, repolling fd = 8
Socket not ready, repolling fd = 8
Socket not ready, repolling fd = 8
Socket not ready, repolling fd = 8
Socket not ready, repolling fd = 8
Socket not ready, repolling fd = 8
Socket not ready, repolling fd = 8
Socket not ready, repolling fd = 8
Socket not ready, repolling fd = 8
Socket not ready, repolling fd = 8
Socket not ready, repolling fd = 8
Socket not ready, repolling fd = 8
Socket not ready, repolling fd = 8
Socket not ready, repolling fd = 8
Socket not ready, repolling fd = 8
Socket not ready, repolling fd = 8
Socket not ready, repolling fd = 8
Socket not ready, repolling fd = 8
Socket not ready, repolling fd = 8
Socket not ready, repolling fd = 8
Socket not ready, repolling fd = 8
Socket not ready, repolling fd = 8
Socket not ready, repolling fd = 8
Socket not ready, repolling fd = 8
Socket not ready, repolling fd = 8
Socket not ready, repolling fd = 8
Socket not ready, repolling fd = 8
Socket not ready, repolling fd = 8
Socket not ready, repolling fd = 8
Socket not ready, repolling fd = 8
Socket not ready, repolling fd = 8
Socket not ready, repolling fd = 8
Socket not ready, repolling fd = 8
Socket not ready, repolling fd = 8
Socket not ready, repolling fd = 8
Socket not ready, repolling fd = 8
Socket not ready, repolling fd = 8
Socket not ready, repolling fd = 8
Socket not ready, repolling fd = 8
Socket not ready, repolling fd = 8
Socket not ready, repolling fd = 8
Socket not ready, repolling fd = 8
Socket not ready, repolling fd = 8
Socket not ready, repolling fd = 8
Socket not ready, repolling fd = 8
Socket not ready, repolling fd = 8
Socket not ready, repolling fd = 8
Socket not ready, repolling fd = 8
Socket not ready, repolling fd = 8
Socket not ready, repolling fd = 8
Socket not ready, repolling fd = 8
Socket not ready, repolling fd = 8
Socket not ready, repolling fd = 8
Socket not ready, repolling fd = 8
Socket not ready, repolling fd = 8
Socket not ready, repolling fd = 8
Socket not ready, repolling fd = 8
Socket not ready, repolling fd = 8
Socket not ready, repolling fd = 8
Socket not ready, repolling fd = 8
Socket not ready, repolling fd = 8
Socket not ready, repolling fd = 8
Socket not ready, repolling fd = 8
Socket not ready, repolling fd = 8
Socket not ready, repolling fd = 8
Socket not ready, repolling fd = 8
Socket not ready, repolling fd = 8
Socket not ready, repolling fd = 8
Socket not ready, repolling fd = 8
Socket not ready, repolling fd = 8
Socket not ready, repolling fd = 8
Socket not ready, repolling fd = 8
Socket not ready, repolling fd = 8
Socket not ready, repolling fd = 8
Socket not ready, repolling fd = 8
Socket not ready, repolling fd = 8
Socket not ready, repolling fd = 8
Socket not ready, repolling fd = 8
Socket not ready, repolling fd = 8
Socket not ready, repolling fd = 8
Socket not ready, repolling fd = 8
Socket not ready, repolling fd = 8
Socket not ready, repolling fd = 8
Socket not ready, repolling fd = 8
Socket not ready, repolling fd = 8
Socket not ready, repolling fd = 8
Socket not ready, repolling fd = 8
Socket not ready, repolling fd = 8
Socket not ready, repolling fd = 8
Socket not ready, repolling fd = 8
Socket not ready, repolling fd = 8
Socket not ready, repolling fd = 8
Socket not ready, repolling fd = 8
Socket not ready, repolling fd = 8
Socket not ready, repolling fd = 8
Socket not ready, repolling fd = 8
Socket not ready, repolling fd = 8
Socket not ready, repolling fd = 8
Socket not ready, repolling fd = 8
Socket not ready, repolling fd = 8
Socket not ready, repolling fd = 8
Socket not ready, repolling fd = 8
Socket not ready, repolling fd = 8
Socket not ready, repolling fd = 8
Socket not ready, repolling fd = 8
Socket not ready, repolling fd = 8
Socket not ready, repolling fd = 8
Socket not ready, repolling fd = 8
Socket not ready, repolling fd = 8
Socket not ready, repolling fd = 8
Socket not ready, repolling fd = 8
Socket not ready, repolling fd = 8
Socket not ready, repolling fd = 8
Socket not ready, repolling fd = 8
Socket not ready, repolling fd = 8
Socket not ready, repolling fd = 8
Socket not ready, repolling fd = 8
Socket not ready, repolling fd = 8
Socket not ready, repolling fd = 8
Socket not ready, repolling fd = 8
Socket not ready, repolling fd = 8
Socket not ready, repolling fd = 8
Socket not ready, repolling fd = 8
Socket not ready, repolling fd = 8
Socket not ready, repolling fd = 8
Socket not ready, repolling fd = 8
Socket not ready, repolling fd = 8
Socket not ready, repolling fd = 8
Socket not ready, repolling fd = 8
Socket not ready, repolling fd = 8
Socket not ready, repolling fd = 8
Socket not ready, repolling fd = 8
Socket not ready, repolling fd = 8
Socket not ready, repolling fd = 8
Socket not ready, repolling fd = 8
Socket not ready, repolling fd = 8
Socket not ready, repolling fd = 8
Socket not ready, repolling fd = 8
Socket not ready, repolling fd = 8
Socket not ready, repolling fd = 8
Socket not ready, repolling fd = 8
Socket not ready, repolling fd = 8
Socket not ready, repolling fd = 8
Socket not ready, repolling fd = 8
Socket not ready, repolling fd = 8
Socket not ready, repolling fd = 8
Socket not ready, repolling fd = 8
Socket not ready, repolling fd = 8
Socket not ready, repolling fd = 8
Socket not ready, repolling fd = 8
Socket not ready, repolling fd = 8
Socket not ready, repolling fd = 8
Socket not ready, repolling fd = 8
Socket not ready, repolling fd = 8
Socket not ready, repolling fd = 8
Socket not ready, repolling fd = 8
Socket not ready, repolling fd = 8
Socket not ready, repolling fd = 8
Socket not ready, repolling fd = 8
Socket not ready, repolling fd = 8
Socket not ready, repolling fd = 8
Socket not ready, repolling fd = 8
Socket not ready, repolling fd = 8
Socket not ready, repolling fd = 8
Socket not ready, repolling fd = 8
Socket not ready, repolling fd = 8
Socket not ready, repolling fd = 8
Socket not ready, repolling fd = 8
Socket not ready, repolling fd = 8
Socket not ready, repolling fd = 8
Socket not ready, repolling fd = 8
Socket not ready, repolling fd = 8
Socket not ready, repolling fd = 8
Socket not ready, repolling fd = 8
Socket not ready, repolling fd = 8
Socket not ready, repolling fd = 8
Socket not ready, repolling fd = 8
Socket not ready, repolling fd = 8
Socket not ready, repolling fd = 8
Socket not ready, repolling fd = 8
Socket not ready, repolling fd = 8
Socket not ready, repolling fd = 8
Socket not ready, repolling fd = 8
Socket not ready, repolling fd = 8
Socket not ready, repolling fd = 8
Socket not ready, repolling fd = 8
Socket not ready, repolling fd = 8
Socket not ready, repolling fd = 8
Socket not ready, repolling fd = 8
Socket not ready, repolling fd = 8
Socket not ready, repolling fd = 8
Socket not ready, repolling fd = 8
Socket not ready, repolling fd = 8
Socket not ready, repolling fd = 8
Socket not ready, repolling fd = 8
Socket not ready, repolling fd = 8
Socket not ready, repolling fd = 8
Socket not ready, repolling fd = 8
Socket not ready, repolling fd = 8
Socket not ready, repolling fd = 8
Socket not ready, repolling fd = 8
Socket not ready, repolling fd = 8
Socket not ready, repolling fd = 8
Socket not ready, repolling fd = 8
Socket not ready, repolling fd = 8
Socket not ready, repolling fd = 8
Socket not ready, repolling fd = 8
Socket not ready, repolling fd = 8
Socket not ready, repolling fd = 8
Socket not ready, repolling fd = 8
Socket not ready, repolling fd = 8
Socket not ready, repolling fd = 8
Socket not ready, repolling fd = 8
Socket not ready, repolling fd = 8
Socket not ready, repolling fd = 8
Socket not ready, repolling fd = 8
Socket not ready, repolling fd = 8
Socket not ready, repolling fd = 8
Socket not ready, repolling fd = 8
Socket not ready, repolling fd = 8
Socket not ready, repolling fd = 8
Socket not ready, repolling fd = 8
Socket not ready, repolling fd = 8
Socket not ready, repolling fd = 8
Socket not ready, repolling fd = 8
Socket not ready, repolling fd = 8
Socket not ready, repolling fd = 8
Socket not ready, repolling fd = 8
Socket not ready, repolling fd = 8
Socket not ready, repolling fd = 8
Socket not ready, repolling fd = 8
Socket not ready, repolling fd = 8
Socket not ready, repolling fd = 8
Socket not ready, repolling fd = 8
Socket not ready, repolling fd = 8
Socket not ready, repolling fd = 8
Socket not ready, repolling fd = 8
Socket not ready, repolling fd = 8
Socket not ready, repolling fd = 8
Socket not ready, repolling fd = 8
Socket not ready, repolling fd = 8
Socket not ready, repolling fd = 8
Socket not ready, repolling fd = 8
Socket not ready, repolling fd = 8
Socket not ready, repolling fd = 8
Socket not ready, repolling fd = 8
Socket not ready, repolling fd = 8
Socket not ready, repolling fd = 8
Socket not ready, repolling fd = 8
Socket not ready, repolling fd = 8
Socket not ready, repolling fd = 8
Socket not ready, repolling fd = 8
Socket not ready, repolling fd = 8
Socket not ready, repolling fd = 8
Socket not ready, repolling fd = 8
Socket not ready, repolling fd = 8
Socket not ready, repolling fd = 8
Socket not ready, repolling fd = 8
Socket not ready, repolling fd = 8
Socket not ready, repolling fd = 8
Socket not ready, repolling fd = 8
Socket not ready, repolling fd = 8
Socket not ready, repolling fd = 8
Socket not ready, repolling fd = 8
Socket not ready, repolling fd = 8
Socket not ready, repolling fd = 8
Socket not ready, repolling fd = 8
Socket not ready, repolling fd = 8
Socket not ready, repolling fd = 8
Socket not ready, repolling fd = 8
Socket not ready, repolling fd = 8
Socket not ready, repolling fd = 8
Socket not ready, repolling fd = 8
Socket not ready, repolling fd = 8
Socket not ready, repolling fd = 8
Socket not ready, repolling fd = 8
Socket not ready, repolling fd = 8
Socket not ready, repolling fd = 8
Socket not ready, repolling fd = 8
Socket not ready, repolling fd = 8
Socket not ready, repolling fd = 8
Socket not ready, repolling fd = 8
Socket not ready, repolling fd = 8
Socket not ready, repolling fd = 8
Socket not ready, repolling fd = 8
Socket not ready, repolling fd = 8
Socket not ready, repolling fd = 8
Socket not ready, repolling fd = 8
Socket not ready, repolling fd = 8
Socket not ready, repolling fd = 8
Socket not ready, repolling fd = 8
Socket not ready, repolling fd = 8
Socket not ready, repolling fd = 8
Socket not ready, repolling fd = 8
Socket not ready, repolling fd = 8
Socket not ready, repolling fd = 8
Socket not ready, repolling fd = 8
Socket not ready, repolling fd = 8
Socket not ready, repolling fd = 8
Socket not ready, repolling fd = 8
Socket not ready, repolling fd = 8
Socket not ready, repolling fd = 8
Socket not ready, repolling fd = 8
Socket not ready, repolling fd = 8
Socket not ready, repolling fd = 8
Socket not ready, repolling fd = 8
Socket not ready, repolling fd = 8
Socket not ready, repolling fd = 8
Socket not ready, repolling fd = 8
Socket not ready, repolling fd = 8
Socket not ready, repolling fd = 8
Socket not ready, repolling fd = 8
Socket not ready, repolling fd = 8
Socket not ready, repolling fd = 8
Socket not ready, repolling fd = 8
Socket not ready, repolling fd = 8
Socket not ready, repolling fd = 8
Socket not ready, repolling fd = 8
Socket not ready, repolling fd = 8
Socket not ready, repolling fd = 8
Socket not ready, repolling fd = 8
Socket not ready, repolling fd = 8
Socket not ready, repolling fd = 8
Socket not ready, repolling fd = 8
Socket not ready, repolling fd = 8
Socket not ready, repolling fd = 8
Socket not ready, repolling fd = 8
Socket not ready, repolling fd = 8
Socket not ready, repolling fd = 8
Socket not ready, repolling fd = 8
Socket not ready, repolling fd = 8
Socket not ready, repolling fd = 8
Socket not ready, repolling fd = 8
Socket not ready, repolling fd = 8
Socket not ready, repolling fd = 8
Socket not ready, repolling fd = 8
Socket not ready, repolling fd = 8
Socket not ready, repolling fd = 8
Socket not ready, repolling fd = 8
Socket not ready, repolling fd = 8
Socket not ready, repolling fd = 8
Socket not ready, repolling fd = 8
Socket not ready, repolling fd = 8
Socket not ready, repolling fd = 8
Socket not ready, repolling fd = 8
Socket not ready, repolling fd = 8
Socket not ready, repolling fd = 8
Socket not ready, repolling fd = 8
Socket not ready, repolling fd = 8
Socket not ready, repolling fd = 8
Socket not ready, repolling fd = 8
Socket not ready, repolling fd = 8
Socket not ready, repolling fd = 8
Socket not ready, repolling fd = 8
Socket not ready, repolling fd = 8
Socket not ready, repolling fd = 8
Socket not ready, repolling fd = 8
Socket not ready, repolling fd = 8
Socket not ready, repolling fd = 8
Socket not ready, repolling fd = 8
Socket not ready, repolling fd = 8
Socket not ready, repolling fd = 8
Socket not ready, repolling fd = 8
Socket not ready, repolling fd = 8
Socket not ready, repolling fd = 8
Socket not ready, repolling fd = 8
Socket not ready, repolling fd = 8
Socket not ready, repolling fd = 8
Socket not ready, repolling fd = 8
Socket not ready, repolling fd = 8
Socket not ready, repolling fd = 8
Socket not ready, repolling fd = 8
Socket not ready, repolling fd = 8
Socket not ready, repolling fd = 8
Socket not ready, repolling fd = 8
Socket not ready, repolling fd = 8
Socket not ready, repolling fd = 8
Socket not ready, repolling fd = 8
Socket not ready, repolling fd = 8
Socket not ready, repolling fd = 8
Socket not ready, repolling fd = 8
Socket not ready, repolling fd = 8
Socket not ready, repolling fd = 8
Socket not ready, repolling fd = 8
Socket not ready, repolling fd = 8
Socket not ready, repolling fd = 8
Socket not ready, repolling fd = 8
Socket not ready, repolling fd = 8
Socket not ready, repolling fd = 8
Socket not ready, repolling fd = 8
Socket not ready, repolling fd = 8
Socket not ready, repolling fd = 8
Socket not ready, repolling fd = 8
Socket not ready, repolling fd = 8
Socket not ready, repolling fd = 8
Socket not ready, repolling fd = 8
Socket not ready, repolling fd = 8
Socket not ready, repolling fd = 8
Socket not ready, repolling fd = 8
Socket not ready, repolling fd = 8
Socket not ready, repolling fd = 8
Socket not ready, repolling fd = 8
Socket not ready, repolling fd = 8
Socket not ready, repolling fd = 8
Socket not ready, repolling fd = 8
Socket not ready, repolling fd = 8
Socket not ready, repolling fd = 8
Socket not ready, repolling fd = 8
Socket not ready, repolling fd = 8
Socket not ready, repolling fd = 8
Socket not ready, repolling fd = 8
Socket not ready, repolling fd = 8
Socket not ready, repolling fd = 8
Socket not ready, repolling fd = 8
Socket not ready, repolling fd = 8
Socket not ready, repolling fd = 8
Socket not ready, repolling fd = 8
Socket not ready, repolling fd = 8
Socket not ready, repolling fd = 8
Socket not ready, repolling fd = 8
Socket not ready, repolling fd = 8
Socket not ready, repolling fd = 8
Socket not ready, repolling fd = 8
Socket not ready, repolling fd = 8
Socket not ready, repolling fd = 8
Socket not ready, repolling fd = 8
Socket not ready, repolling fd = 8
Socket not ready, repolling fd = 8
Socket not ready, repolling fd = 8
Socket not ready, repolling fd = 8
Socket not ready, repolling fd = 8
Socket not ready, repolling fd = 8
Socket not ready, repolling fd = 8
Socket not ready, repolling fd = 8
Socket not ready, repolling fd = 8
Socket not ready, repolling fd = 8
Socket not ready, repolling fd = 8
Socket not ready, repolling fd = 8
Socket not ready, repolling fd = 8
Socket not ready, repolling fd = 8
Socket not ready, repolling fd = 8
Socket not ready, repolling fd = 8
Socket not ready, repolling fd = 8
Socket not ready, repolling fd = 8
Socket not ready, repolling fd = 8
Socket not ready, repolling fd = 8
Socket not ready, repolling fd = 8
Socket not ready, repolling fd = 8
Socket not ready, repolling fd = 8
Socket not ready, repolling fd = 8
Socket not ready, repolling fd = 8
Socket not ready, repolling fd = 8
Socket not ready, repolling fd = 8
Socket not ready, repolling fd = 8
Socket not ready, repolling fd = 8
Socket not ready, repolling fd = 8
Socket not ready, repolling fd = 8
Socket not ready, repolling fd = 8
Socket not ready, repolling fd = 8
Socket not ready, repolling fd = 8
Socket not ready, repolling fd = 8
Socket not ready, repolling fd = 8
Socket not ready, repolling fd = 8
Socket not ready, repolling fd = 8
Socket not ready, repolling fd = 8
Socket not ready, repolling fd = 8
Socket not ready, repolling fd = 8
Socket not ready, repolling fd = 8
Socket not ready, repolling fd = 8
Socket not ready, repolling fd = 8
Socket not ready, repolling fd = 8
Socket not ready, repolling fd = 8
Socket not ready, repolling fd = 8
Socket not ready, repolling fd = 8
Socket not ready, repolling fd = 8
Socket not ready, repolling fd = 8
Socket not ready, repolling fd = 8
Socket not ready, repolling fd = 8
Socket not ready, repolling fd = 8
Socket not ready, repolling fd = 8
Socket not ready, repolling fd = 8
Socket not ready, repolling fd = 8
Socket not ready, repolling fd = 8
Socket not ready, repolling fd = 8
Socket not ready, repolling fd = 8
Socket not ready, repolling fd = 8
Socket not ready, repolling fd = 8
Socket not ready, repolling fd = 8
Socket not ready, repolling fd = 8
Socket not ready, repolling fd = 8
Socket not ready, repolling fd = 8
Socket not ready, repolling fd = 8
Socket not ready, repolling fd = 8
Socket not ready, repolling fd = 8
Socket not ready, repolling fd = 8
Socket not ready, repolling fd = 8
Socket not ready, repolling fd = 8
Socket not ready, repolling fd = 8
Socket not ready, repolling fd = 8
Socket not ready, repolling fd = 8
Socket not ready, repolling fd = 8
Socket not ready, repolling fd = 8
Socket not ready, repolling fd = 8
Socket not ready, repolling fd = 8
Socket not ready, repolling fd = 8
Socket not ready, repolling fd = 8
Socket not ready, repolling fd = 8
Socket not ready, repolling fd = 8
Socket not ready, repolling fd = 8
Socket not ready, repolling fd = 8
Socket not ready, repolling fd = 8
Socket not ready, repolling fd = 8
Socket not ready, repolling fd = 8
Socket not ready, repolling fd = 8
Socket not ready, repolling fd = 8
Socket not ready, repolling fd = 8
Socket not ready, repolling fd = 8
Socket not ready, repolling fd = 8
Socket not ready, repolling fd = 8
Socket not ready, repolling fd = 8
Socket not ready, repolling fd = 8
Socket not ready, repolling fd = 8
Socket not ready, repolling fd = 8
Socket not ready, repolling fd = 8
Socket not ready, repolling fd = 8
Socket not ready, repolling fd = 8
Socket not ready, repolling fd = 8
Socket not ready, repolling fd = 8
Socket not ready, repolling fd = 8
Socket not ready, repolling fd = 8
Socket not ready, repolling fd = 8
Socket not ready, repolling fd = 8
Socket not ready, repolling fd = 8
Socket not ready, repolling fd = 8
Socket not ready, repolling fd = 8
Socket not ready, repolling fd = 8
Socket not ready, repolling fd = 8
Socket not ready, repolling fd = 8
Socket not ready, repolling fd = 8
Socket not ready, repolling fd = 8
Socket not ready, repolling fd = 8
Socket not ready, repolling fd = 8
Socket not ready, repolling fd = 8
Socket not ready, repolling fd = 8
Socket not ready, repolling fd = 8
Socket not ready, repolling fd = 8
Socket not ready, repolling fd = 8
Socket not ready, repolling fd = 8
Socket not ready, repolling fd = 8
Socket not ready, repolling fd = 8
Socket not ready, repolling fd = 8
Socket not ready, repolling fd = 8
Socket not ready, repolling fd = 8
Socket not ready, repolling fd = 8
Socket not ready, repolling fd = 8
Socket not ready, repolling fd = 8
Socket not ready, repolling fd = 8
Socket not ready, repolling fd = 8
Socket not ready, repolling fd = 8
Socket not ready, repolling fd = 8
Socket not ready, repolling fd = 7
Socket not ready, repolling fd = 7
Socket not ready, repolling fd = 7
Socket not ready, repolling fd = 7
Socket not ready, repolling fd = 7
Socket not ready, repolling fd = 7
Socket not ready, repolling fd = 7
Socket not ready, repolling fd = 7
Socket not ready, repolling fd = 7
Socket not ready, repolling fd = 7
Socket not ready, repolling fd = 7
Socket not ready, repolling fd = 7
Socket not ready, repolling fd = 7
Socket not ready, repolling fd = 7
Socket not ready, repolling fd = 7
Socket not ready, repolling fd = 7
Socket not ready, repolling fd = 7
Socket not ready, repolling fd = 7
Socket not ready, repolling fd = 7
Socket not ready, repolling fd = 7
Socket not ready, repolling fd = 7
Socket not ready, repolling fd = 7
Socket not ready, repolling fd = 7
Socket not ready, repolling fd = 7
Socket not ready, repolling fd = 7
Socket not ready, repolling fd = 7
Socket not ready, repolling fd = 7
Socket not ready, repolling fd = 7
Socket not ready, repolling fd = 7
Socket not ready, repolling fd = 7
Socket not ready, repolling fd = 7
Socket not ready, repolling fd = 7
Socket not ready, repolling fd = 7
Socket not ready, repolling fd = 7
Socket not ready, repolling fd = 7
Socket not ready, repolling fd = 7
Socket not ready, repolling fd = 7
Socket not ready, repolling fd = 7
Socket not ready, repolling fd = 7
Socket not ready, repolling fd = 7
Socket not ready, repolling fd = 7
Socket not ready, repolling fd = 7
Socket not ready, repolling fd = 7
Socket not ready, repolling fd = 7
Socket not ready, repolling fd = 7
Socket not ready, repolling fd = 7
Socket not ready, repolling fd = 7
Socket not ready, repolling fd = 7
Socket not ready, repolling fd = 7
Socket not ready, repolling fd = 7
Socket not ready, repolling fd = 7
Socket not ready, repolling fd = 7
Socket not ready, repolling fd = 7
Socket not ready, repolling fd = 7
Socket not ready, repolling fd = 7
Socket not ready, repolling fd = 7
Socket not ready, repolling fd = 7
Socket not ready, repolling fd = 7
Socket not ready, repolling fd = 7
Socket not ready, repolling fd = 7
Socket not ready, repolling fd = 7
Socket not ready, repolling fd = 7
Socket not ready, repolling fd = 7
Socket not ready, repolling fd = 7
Socket not ready, repolling fd = 7
Socket not ready, repolling fd = 7
Socket not ready, repolling fd = 7
Socket not ready, repolling fd = 7
Socket not ready, repolling fd = 7
Socket not ready, repolling fd = 7
Socket not ready, repolling fd = 7
Socket not ready, repolling fd = 7
Socket not ready, repolling fd = 7
Socket not ready, repolling fd = 7
Socket not ready, repolling fd = 7
Socket not ready, repolling fd = 7
Socket not ready, repolling fd = 7
Socket not ready, repolling fd = 7
Socket not ready, repolling fd = 7
Socket not ready, repolling fd = 7
Socket not ready, repolling fd = 7
Socket not ready, repolling fd = 7
Socket not ready, repolling fd = 7
Socket not ready, repolling fd = 7
Socket not ready, repolling fd = 7
Socket not ready, repolling fd = 7
Socket not ready, repolling fd = 7
Socket not ready, repolling fd = 7
Socket not ready, repolling fd = 7
Socket not ready, repolling fd = 7
Socket not ready, repolling fd = 7
Socket not ready, repolling fd = 7
Socket not ready, repolling fd = 7
Socket not ready, repolling fd = 7
Socket not ready, repolling fd = 7
Socket not ready, repolling fd = 7
Socket not ready, repolling fd = 7
Socket not ready, repolling fd = 7
Socket not ready, repolling fd = 7
Socket not ready, repolling fd = 7
Socket not ready, repolling fd = 7
Socket not ready, repolling fd = 7
Socket not ready, repolling fd = 7
Socket not ready, repolling fd = 7
Socket not ready, repolling fd = 7
Socket not ready, repolling fd = 7
Socket not ready, repolling fd = 7
Socket not ready, repolling fd = 7
Socket not ready, repolling fd = 7
Socket not ready, repolling fd = 7
Socket not ready, repolling fd = 7
Socket not ready, repolling fd = 7
Socket not ready, repolling fd = 7
Socket not ready, repolling fd = 7
Socket not ready, repolling fd = 7
Socket not ready, repolling fd = 7
Socket not ready, repolling fd = 7
Socket not ready, repolling fd = 7
Socket not ready, repolling fd = 7
Socket not ready, repolling fd = 7
Socket not ready, repolling fd = 7
Socket not ready, repolling fd = 7
Socket not ready, repolling fd = 7
Socket not ready, repolling fd = 7
Socket not ready, repolling fd = 7
Socket not ready, repolling fd = 7
Socket not ready, repolling fd = 7
Socket not ready, repolling fd = 7
Socket not ready, repolling fd = 7
Socket not ready, repolling fd = 7
Socket not ready, repolling fd = 7
Socket not ready, repolling fd = 7
Socket not ready, repolling fd = 7
Socket not ready, repolling fd = 7
Socket not ready, repolling fd = 7
Socket not ready, repolling fd = 7
Socket not ready, repolling fd = 7
Socket not ready, repolling fd = 7
Socket not ready, repolling fd = 7
Socket not ready, repolling fd = 7
Socket not ready, repolling fd = 7
Socket not ready, repolling fd = 7
Socket not ready, repolling fd = 7
Socket not ready, repolling fd = 7
Socket not ready, repolling fd = 7
Socket not ready, repolling fd = 7
Socket not ready, repolling fd = 7
Socket not ready, repolling fd = 7
Socket not ready, repolling fd = 7
Socket not ready, repolling fd = 7
Socket not ready, repolling fd = 7
Socket not ready, repolling fd = 7
Socket not ready, repolling fd = 7
Socket not ready, repolling fd = 7
Socket not ready, repolling fd = 7
Socket not ready, repolling fd = 7
Socket not ready, repolling fd = 7
Socket not ready, repolling fd = 7
Socket not ready, repolling fd = 7
Socket not ready, repolling fd = 7
Socket not ready, repolling fd = 7
Socket not ready, repolling fd = 7
Socket not ready, repolling fd = 7
Socket not ready, repolling fd = 7
Socket not ready, repolling fd = 7
Socket not ready, repolling fd = 7
Socket not ready, repolling fd = 7
Socket not ready, repolling fd = 7
Socket not ready, repolling fd = 7
Socket not ready, repolling fd = 7
Socket not ready, repolling fd = 7
Socket not ready, repolling fd = 7
Socket not ready, repolling fd = 7
Socket not ready, repolling fd = 7
Socket not ready, repolling fd = 7
Socket not ready, repolling fd = 7
Socket not ready, repolling fd = 7
Socket not ready, repolling fd = 7
Socket not ready, repolling fd = 7
Socket not ready, repolling fd = 7
Socket not ready, repolling fd = 7
Socket not ready, repolling fd = 7
Socket not ready, repolling fd = 7
Socket not ready, repolling fd = 7
Socket not ready, repolling fd = 7
Socket not ready, repolling fd = 7
Socket not ready, repolling fd = 7
Socket not ready, repolling fd = 7
Socket not ready, repolling fd = 7
Socket not ready, repolling fd = 7
Socket not ready, repolling fd = 7
Socket not ready, repolling fd = 7
Socket not ready, repolling fd = 7
Socket not ready, repolling fd = 7
Socket not ready, repolling fd = 7
Socket not ready, repolling fd = 7
Socket not ready, repolling fd = 7
Socket not ready, repolling fd = 7
Socket not ready, repolling fd = 7
Socket not ready, repolling fd = 7
Socket not ready, repolling fd = 7
Socket not ready, repolling fd = 7
Socket not ready, repolling fd = 7
Socket not ready, repolling fd = 7
Socket not ready, repolling fd = 7
Socket not ready, repolling fd = 7
Socket not ready, repolling fd = 7
Socket not ready, repolling fd = 7
Socket not ready, repolling fd = 7
Socket not ready, repolling fd = 7
Socket not ready, repolling fd = 7
Socket not ready, repolling fd = 7
Socket not ready, repolling fd = 7
Socket not ready, repolling fd = 7
Socket not ready, repolling fd = 7
Socket not ready, repolling fd = 7
Socket not ready, repolling fd = 7
Socket not ready, repolling fd = 7
Socket not ready, repolling fd = 7
Socket not ready, repolling fd = 7
Socket not ready, repolling fd = 7
Socket not ready, repolling fd = 7
Socket not ready, repolling fd = 7
Socket not ready, repolling fd = 7
Socket not ready, repolling fd = 7
Socket not ready, repolling fd = 7
Socket not ready, repolling fd = 7
Socket not ready, repolling fd = 7
Socket not ready, repolling fd = 7
Socket not ready, repolling fd = 7
Socket not ready, repolling fd = 7
Socket not ready, repolling fd = 7
Socket not ready, repolling fd = 7
Socket not ready, repolling fd = 7
Socket not ready, repolling fd = 7
Socket not ready, repolling fd = 7
Socket not ready, repolling fd = 7
Socket not ready, repolling fd = 7
Socket not ready, repolling fd = 7
Socket not ready, repolling fd = 7
Socket not ready, repolling fd = 7
Socket not ready, repolling fd = 7
Socket not ready, repolling fd = 7
Socket not ready, repolling fd = 7
Socket not ready, repolling fd = 7
Socket not ready, repolling fd = 7
Socket not ready, repolling fd = 7
Socket not ready, repolling fd = 7
Socket not ready, repolling fd = 7
Socket not ready, repolling fd = 7
Socket not ready, repolling fd = 7
Socket not ready, repolling fd = 7
Socket not ready, repolling fd = 7
Socket not ready, repolling fd = 7
Socket not ready, repolling fd = 7
Socket not ready, repolling fd = 7
Socket not ready, repolling fd = 7
Socket not ready, repolling fd = 7
Socket not ready, repolling fd = 7
Socket not ready, repolling fd = 7
Socket not ready, repolling fd = 7
Socket not ready, repolling fd = 7
Socket not ready, repolling fd = 7
Socket not ready, repolling fd = 7
Socket not ready, repolling fd = 7
Socket not ready, repolling fd = 7
Socket not ready, repolling fd = 7
Socket not ready, repolling fd = 7
Socket not ready, repolling fd = 7
Socket not ready, repolling fd = 7
Socket not ready, repolling fd = 7
Socket not ready, repolling fd = 7
Socket not ready, repolling fd = 7
Socket not ready, repolling fd = 7
Socket not ready, repolling fd = 7
Socket not ready, repolling fd = 7
Socket not ready, repolling fd = 7
Socket not ready, repolling fd = 7
Socket not ready, repolling fd = 7
Socket not ready, repolling fd = 7
Socket not ready, repolling fd = 7
Socket not ready, repolling fd = 7
Socket not ready, repolling fd = 7
Socket not ready, repolling fd = 7
Socket not ready, repolling fd = 7
Socket not ready, repolling fd = 7
Socket not ready, repolling fd = 7
Socket not ready, repolling fd = 7
Socket not ready, repolling fd = 7
Socket not ready, repolling fd = 7
Socket not ready, repolling fd = 7
Socket not ready, repolling fd = 7
Socket not ready, repolling fd = 7
Socket not ready, repolling fd = 7
Socket not ready, repolling fd = 7
Socket not ready, repolling fd = 7
Socket not ready, repolling fd = 7
Socket not ready, repolling fd = 7
Socket not ready, repolling fd = 7
Socket not ready, repolling fd = 7
Socket not ready, repolling fd = 7
Socket not ready, repolling fd = 7
Socket not ready, repolling fd = 7
Socket not ready, repolling fd = 7
Socket not ready, repolling fd = 7
Socket not ready, repolling fd = 7
Socket not ready, repolling fd = 7
Socket not ready, repolling fd = 7
Socket not ready, repolling fd = 7
Socket not ready, repolling fd = 7
Socket not ready, repolling fd = 7
Socket not ready, repolling fd = 7
Socket not ready, repolling fd = 7
Socket not ready, repolling fd = 7
Socket not ready, repolling fd = 7
Socket not ready, repolling fd = 7
Socket not ready, repolling fd = 7
Socket not ready, repolling fd = 7
Socket not ready, repolling fd = 7
Socket not ready, repolling fd = 7
Socket not ready, repolling fd = 7
Socket not ready, repolling fd = 7
Socket not ready, repolling fd = 7
Socket not ready, repolling fd = 7
Socket not ready, repolling fd = 7
Socket not ready, repolling fd = 7
Socket not ready, repolling fd = 7
Socket not ready, repolling fd = 7
Socket not ready, repolling fd = 7
Socket not ready, repolling fd = 7
Socket not ready, repolling fd = 7
Socket not ready, repolling fd = 7
Socket not ready, repolling fd = 7
Socket not ready, repolling fd = 7
Socket not ready, repolling fd = 7
Socket not ready, repolling fd = 7
Socket not ready, repolling fd = 7
Socket not ready, repolling fd = 7
Socket not ready, repolling fd = 7
Socket not ready, repolling fd = 7
Socket not ready, repolling fd = 7
Socket not ready, repolling fd = 7
Socket not ready, repolling fd = 7
Socket not ready, repolling fd = 7
Socket not ready, repolling fd = 7
Socket not ready, repolling fd = 7
Socket not ready, repolling fd = 7
Socket not ready, repolling fd = 7
Socket not ready, repolling fd = 7
Socket not ready, repolling fd = 7
Socket not ready, repolling fd = 7
Socket not ready, repolling fd = 7
Socket not ready, repolling fd = 7
Socket not ready, repolling fd = 7
Socket not ready, repolling fd = 7
Socket not ready, repolling fd = 7
Socket not ready, repolling fd = 7
Socket not ready, repolling fd = 7
Socket not ready, repolling fd = 7
Socket not ready, repolling fd = 7
Socket not ready, repolling fd = 7
Socket not ready, repolling fd = 7
Socket not ready, repolling fd = 7
Socket not ready, repolling fd = 7
Socket not ready, repolling fd = 7
Socket not ready, repolling fd = 7
Socket not ready, repolling fd = 7
Socket not ready, repolling fd = 7
Socket not ready, repolling fd = 7
Socket not ready, repolling fd = 7
Socket not ready, repolling fd = 7
Socket not ready, repolling fd = 7
Socket not ready, repolling fd = 7
Socket not ready, repolling fd = 7
Socket not ready, repolling fd = 7
Socket not ready, repolling fd = 7
Socket not ready, repolling fd = 7
Socket not ready, repolling fd = 7
Socket not ready, repolling fd = 7
Socket not ready, repolling fd = 7
Socket not ready, repolling fd = 7
Socket not ready, repolling fd = 7
Socket not ready, repolling fd = 7
Socket not ready, repolling fd = 7
Socket not ready, repolling fd = 7
Socket not ready, repolling fd = 7
Socket not ready, repolling fd = 7
Socket not ready, repolling fd = 7
Socket not ready, repolling fd = 7
Socket not ready, repolling fd = 7
Socket not ready, repolling fd = 7
Socket not ready, repolling fd = 7
Socket not ready, repolling fd = 7
Socket not ready, repolling fd = 7
Socket not ready, repolling fd = 7
Socket not ready, repolling fd = 7
Socket not ready, repolling fd = 7
Socket not ready, repolling fd = 7
Socket not ready, repolling fd = 7
Socket not ready, repolling fd = 7
Socket not ready, repolling fd = 7
Socket not ready, repolling fd = 7
Socket not ready, repolling fd = 7
Socket not ready, repolling fd = 7
Socket not ready, repolling fd = 7
Socket not ready, repolling fd = 7
Socket not ready, repolling fd = 7
Socket not ready, repolling fd = 7
Socket not ready, repolling fd = 7
Socket not ready, repolling fd = 7
Socket not ready, repolling fd = 7
Socket not ready, repolling fd = 7
Socket not ready, repolling fd = 7
Socket not ready, repolling fd = 7
Socket not ready, repolling fd = 7
Socket not ready, repolling fd = 7
Socket not ready, repolling fd = 7
Socket not ready, repolling fd = 7
Socket not ready, repolling fd = 7
Socket not ready, repolling fd = 7
Socket not ready, repolling fd = 7
Socket not ready, repolling fd = 7
Socket not ready, repolling fd = 7
Socket not ready, repolling fd = 7
Socket not ready, repolling fd = 7
Socket not ready, repolling fd = 7
Socket not ready, repolling fd = 7
Socket not ready, repolling fd = 7
Socket not ready, repolling fd = 7
Socket not ready, repolling fd = 7
Socket not ready, repolling fd = 7
Socket not ready, repolling fd = 7
Socket not ready, repolling fd = 7
Socket not ready, repolling fd = 7
Socket not ready, repolling fd = 7
Socket not ready, repolling fd = 7
Socket not ready, repolling fd = 7
Socket not ready, repolling fd = 7
Socket not ready, repolling fd = 7
Socket not ready, repolling fd = 7
Socket not ready, repolling fd = 7
Socket not ready, repolling fd = 7
Socket not ready, repolling fd = 7
Socket not ready, repolling fd = 7
Socket not ready, repolling fd = 7
Socket not ready, repolling fd = 7
Socket not ready, repolling fd = 7
Socket not ready, repolling fd = 7
Socket not ready, repolling fd = 7
Socket not ready, repolling fd = 7
Socket not ready, repolling fd = 7
Socket not ready, repolling fd = 7
Socket not ready, repolling fd = 7
Socket not ready, repolling fd = 7
Socket not ready, repolling fd = 7
Socket not ready, repolling fd = 7
Socket not ready, repolling fd = 7
Socket not ready, repolling fd = 7
Socket not ready, repolling fd = 7
Socket not ready, repolling fd = 7
Socket not ready, repolling fd = 7
Socket not ready, repolling fd = 7
Socket not ready, repolling fd = 7
Socket not ready, repolling fd = 7
Socket not ready, repolling fd = 7
Socket not ready, repolling fd = 7
Socket not ready, repolling fd = 7
Socket not ready, repolling fd = 7
Socket not ready, repolling fd = 7
Socket not ready, repolling fd = 7
Socket not ready, repolling fd = 7
Socket not ready, repolling fd = 7
Socket not ready, repolling fd = 7
Socket not ready, repolling fd = 7
Socket not ready, repolling fd = 7
Socket not ready, repolling fd = 7
Socket not ready, repolling fd = 7
Socket not ready, repolling fd = 7
Socket not ready, repolling fd = 7
Socket not ready, repolling fd = 7
Socket not ready, repolling fd = 7
Socket not ready, repolling fd = 7
Socket not ready, repolling fd = 7
Socket not ready, repolling fd = 7
Socket not ready, repolling fd = 7
Socket not ready, repolling fd = 7
Socket not ready, repolling fd = 7
Socket not ready, repolling fd = 7
Socket not ready, repolling fd = 7
Socket not ready, repolling fd = 7
Socket not ready, repolling fd = 7
Socket not ready, repolling fd = 7
Socket not ready, repolling fd = 7
Socket not ready, repolling fd = 7
Socket not ready, repolling fd = 7
Socket not ready, repolling fd = 7
Socket not ready, repolling fd = 7
Socket not ready, repolling fd = 7
Socket not ready, repolling fd = 7
Socket not ready, repolling fd = 7
Socket not ready, repolling fd = 7
Socket not ready, repolling fd = 7
Socket not ready, repolling fd = 7
Socket not ready, repolling fd = 7
Socket not ready, repolling fd = 7
Socket not ready, repolling fd = 7
Socket not ready, repolling fd = 7
Socket not ready, repolling fd = 7
Socket not ready, repolling fd = 7
Socket not ready, repolling fd = 7
Socket not ready, repolling fd = 7
Socket not ready, repolling fd = 7
Socket not ready, repolling fd = 7
Socket not ready, repolling fd = 7
Socket not ready, repolling fd = 7
Socket not ready, repolling fd = 7
Socket not ready, repolling fd = 7
Socket not ready, repolling fd = 7
Socket not ready, repolling fd = 7
Socket not ready, repolling fd = 7
Socket not ready, repolling fd = 7
Socket not ready, repolling fd = 7
Socket not ready, repolling fd = 7
Socket not ready, repolling fd = 7
Socket not ready, repolling fd = 7
Socket not ready, repolling fd = 7
Socket not ready, repolling fd = 7
Socket not ready, repolling fd = 7
Socket not ready, repolling fd = 7
Socket not ready, repolling fd = 7
Socket not ready, repolling fd = 7
Socket not ready, repolling fd = 7
Socket not ready, repolling fd = 7
Socket not ready, repolling fd = 7
Socket not ready, repolling fd = 7
Socket not ready, repolling fd = 7
Socket not ready, repolling fd = 7
Socket not ready, repolling fd = 7
Socket not ready, repolling fd = 7
Socket not ready, repolling fd = 7
Socket not ready, repolling fd = 7
Socket not ready, repolling fd = 7
Socket not ready, repolling fd = 7
Socket not ready, repolling fd = 7
Socket not ready, repolling fd = 7
Socket not ready, repolling fd = 7
Socket not ready, repolling fd = 7
Socket not ready, repolling fd = 7
Socket not ready, repolling fd = 7
Socket not ready, repolling fd = 7
Socket not ready, repolling fd = 7
Socket not ready, repolling fd = 7
Socket not ready, repolling fd = 7
Socket not ready, repolling fd = 7
Socket not ready, repolling fd = 7
Socket not ready, repolling fd = 7
Socket not ready, repolling fd = 7
Socket not ready, repolling fd = 7
Socket not ready, repolling fd = 7
Socket not ready, repolling fd = 7
Socket not ready, repolling fd = 7
Socket not ready, repolling fd = 7
Socket not ready, repolling fd = 7
Socket not ready, repolling fd = 7
Socket not ready, repolling fd = 7
Socket not ready, repolling fd = 7
Socket not ready, repolling fd = 7
Socket not ready, repolling fd = 7
Socket not ready, repolling fd = 7
Socket not ready, repolling fd = 7
Socket not ready, repolling fd = 7
Socket not ready, repolling fd = 7
Socket not ready, repolling fd = 7
Socket not ready, repolling fd = 7
Socket not ready, repolling fd = 7
Socket not ready, repolling fd = 7
Socket not ready, repolling fd = 7
Socket not ready, repolling fd = 7
Socket not ready, repolling fd = 7
Socket not ready, repolling fd = 7
Socket not ready, repolling fd = 7
Socket not ready, repolling fd = 7
Socket not ready, repolling fd = 7
Socket not ready, repolling fd = 7
Socket not ready, repolling fd = 7
Socket not ready, repolling fd = 7
Socket not ready, repolling fd = 7
Socket not ready, repolling fd = 7
Socket not ready, repolling fd = 7
Socket not ready, repolling fd = 7
Socket not ready, repolling fd = 7
Socket not ready, repolling fd = 7
Socket not ready, repolling fd = 7
Socket not ready, repolling fd = 7
Socket not ready, repolling fd = 7
Socket not ready, repolling fd = 7
Socket not ready, repolling fd = 7
Socket not ready, repolling fd = 7
Socket not ready, repolling fd = 7
Socket not ready, repolling fd = 7
Socket not ready, repolling fd = 7
Socket not ready, repolling fd = 7
Socket not ready, repolling fd = 7
Socket not ready, repolling fd = 7
Socket not ready, repolling fd = 7
Socket not ready, repolling fd = 7
Socket not ready, repolling fd = 7
Socket not ready, repolling fd = 7
Socket not ready, repolling fd = 7
Socket not ready, repolling fd = 7
Socket not ready, repolling fd = 7
Socket not ready, repolling fd = 7
Socket not ready, repolling fd = 7
Socket not ready, repolling fd = 7
Socket not ready, repolling fd = 7
Socket not ready, repolling fd = 7
Socket not ready, repolling fd = 7
Socket not ready, repolling fd = 7
Socket not ready, repolling fd = 7
Socket not ready, repolling fd = 7
Socket not ready, repolling fd = 7
Socket not ready, repolling fd = 7
Socket not ready, repolling fd = 7
Socket not ready, repolling fd = 7
Socket not ready, repolling fd = 7
Socket not ready, repolling fd = 7
Socket not ready, repolling fd = 7
Socket not ready, repolling fd = 7
Socket not ready, repolling fd = 7
Socket not ready, repolling fd = 7
Socket not ready, repolling fd = 7
Socket not ready, repolling fd = 7
Socket not ready, repolling fd = 7
Socket not ready, repolling fd = 7
Socket not ready, repolling fd = 7
Socket not ready, repolling fd = 7
Socket not ready, repolling fd = 7
Socket not ready, repolling fd = 7
Socket not ready, repolling fd = 7
Socket not ready, repolling fd = 7
Socket not ready, repolling fd = 7
Socket not ready, repolling fd = 7
Socket not ready, repolling fd = 7
Socket not ready, repolling fd = 7
Socket not ready, repolling fd = 7
Socket not ready, repolling fd = 7
Socket not ready, repolling fd = 7
Socket not ready, repolling fd = 7
Socket not ready, repolling fd = 7
Socket not ready, repolling fd = 7
Socket not ready, repolling fd = 7
Socket not ready, repolling fd = 7
Socket not ready, repolling fd = 7
Socket not ready, repolling fd = 7
Socket not ready, repolling fd = 7
Socket not ready, repolling fd = 7
Socket not ready, repolling fd = 7
Socket not ready, repolling fd = 7
Socket not ready, repolling fd = 7
Socket not ready, repolling fd = 7
Socket not ready, repolling fd = 7
Socket not ready, repolling fd = 7
Socket not ready, repolling fd = 7
Socket not ready, repolling fd = 7
Socket not ready, repolling fd = 7
Socket not ready, repolling fd = 7
Socket not ready, repolling fd = 7
Socket not ready, repolling fd = 7
Socket not ready, repolling fd = 7
Socket not ready, repolling fd = 7
Socket not ready, repolling fd = 7
Socket not ready, repolling fd = 7
Socket not ready, repolling fd = 7
Socket not ready, repolling fd = 7
Socket not ready, repolling fd = 7
Socket not ready, repolling fd = 7
Socket not ready, repolling fd = 7
Socket not ready, repolling fd = 7
Socket not ready, repolling fd = 7
Socket not ready, repolling fd = 7
Socket not ready, repolling fd = 7
Socket not ready, repolling fd = 7
Socket not ready, repolling fd = 7
Socket not ready, repolling fd = 7
Socket not ready, repolling fd = 7
Socket not ready, repolling fd = 7
Socket not ready, repolling fd = 7
Socket not ready, repolling fd = 7
Socket not ready, repolling fd = 7
Socket not ready, repolling fd = 7
Socket not ready, repolling fd = 7
Socket not ready, repolling fd = 7
Socket not ready, repolling fd = 7
Socket not ready, repolling fd = 7
Socket not ready, repolling fd = 7
Socket not ready, repolling fd = 7
Socket not ready, repolling fd = 7
Socket not ready, repolling fd = 7
Socket not ready, repolling fd = 7
Socket not ready, repolling fd = 7
Socket not ready, repolling fd = 7
Socket not ready, repolling fd = 7
Socket not ready, repolling fd = 7
Socket not ready, repolling fd = 7
Socket not ready, repolling fd = 7
Socket not ready, repolling fd = 7
Socket not ready, repolling fd = 7
Socket not ready, repolling fd = 7
Socket not ready, repolling fd = 7
Socket not ready, repolling fd = 7
Socket not ready, repolling fd = 7
Socket not ready, repolling fd = 7
Socket not ready, repolling fd = 7
Socket not ready, repolling fd = 7
Socket not ready, repolling fd = 7
Socket not ready, repolling fd = 7
Socket not ready, repolling fd = 7
Socket not ready, repolling fd = 7
Socket not ready, repolling fd = 7
Socket not ready, repolling fd = 7
Socket not ready, repolling fd = 7
Socket not ready, repolling fd = 7
Socket not ready, repolling fd = 7
Socket not ready, repolling fd = 7
Socket not ready, repolling fd = 7
Socket not ready, repolling fd = 7
Socket not ready, repolling fd = 7
Socket not ready, repolling fd = 7
Socket not ready, repolling fd = 7
Socket not ready, repolling fd = 7
Socket not ready, repolling fd = 7
Socket not ready, repolling fd = 7
Socket not ready, repolling fd = 7
Socket not ready, repolling fd = 7
Socket not ready, repolling fd = 7
Socket not ready, repolling fd = 7
Socket not ready, repolling fd = 7
Socket not ready, repolling fd = 7
Socket not ready, repolling fd = 7
Socket not ready, repolling fd = 7
Socket not ready, repolling fd = 7
Socket not ready, repolling fd = 7
Socket not ready, repolling fd = 7
Socket not ready, repolling fd = 7
Socket not ready, repolling fd = 7
Socket not ready, repolling fd = 7
Socket not ready, repolling fd = 7
Socket not ready, repolling fd = 7
Socket not ready, repolling fd = 7
Socket not ready, repolling fd = 7
Socket not ready, repolling fd = 7
Socket not ready, repolling fd = 7
Socket not ready, repolling fd = 7
Socket not ready, repolling fd = 7
Socket not ready, repolling fd = 7
Socket not ready, repolling fd = 7
Socket not ready, repolling fd = 7
Socket not ready, repolling fd = 7
Socket not ready, repolling fd = 7
Socket not ready, repolling fd = 7
Socket not ready, repolling fd = 7
Socket not ready, repolling fd = 7
Socket not ready, repolling fd = 7
Socket not ready, repolling fd = 7
Socket not ready, repolling fd = 7
Socket not ready, repolling fd = 7
Socket not ready, repolling fd = 7
Socket not ready, repolling fd = 7
Socket not ready, repolling fd = 7
Socket not ready, repolling fd = 7
Socket not ready, repolling fd = 7
Socket not ready, repolling fd = 7
Socket not ready, repolling fd = 7
Socket not ready, repolling fd = 7
Socket not ready, repolling fd = 7
Socket not ready, repolling fd = 7
Socket not ready, repolling fd = 7
Socket not ready, repolling fd = 7
Socket not ready, repolling fd = 7
Socket not ready, repolling fd = 7
Socket not ready, repolling fd = 7
Socket not ready, repolling fd = 7
Socket not ready, repolling fd = 7
Socket not ready, repolling fd = 7
Socket not ready, repolling fd = 7
Socket not ready, repolling fd = 7
Socket not ready, repolling fd = 7
Socket not ready, repolling fd = 7
Socket not ready, repolling fd = 7
Socket not ready, repolling fd = 7
Socket not ready, repolling fd = 7
Socket not ready, repolling fd = 7
Socket not ready, repolling fd = 7
Socket not ready, repolling fd = 7
Socket not ready, repolling fd = 7
Socket not ready, repolling fd = 7
Socket not ready, repolling fd = 7
Socket not ready, repolling fd = 7
Socket not ready, repolling fd = 7
Socket not ready, repolling fd = 7
Socket not ready, repolling fd = 7
Socket not ready, repolling fd = 7
Socket not ready, repolling fd = 7
Socket not ready, repolling fd = 7
Socket not ready, repolling fd = 7
Socket not ready, repolling fd = 7
Socket not ready, repolling fd = 7
Socket not ready, repolling fd = 7
Socket not ready, repolling fd = 7
Socket not ready, repolling fd = 7
Socket not ready, repolling fd = 7
Socket not ready, repolling fd = 7
Socket not ready, repolling fd = 7
Socket not ready, repolling fd = 7
Socket not ready, repolling fd = 7
Socket not ready, repolling fd = 7
Socket not ready, repolling fd = 7
Socket not ready, repolling fd = 7
Socket not ready, repolling fd = 7
Socket not ready, repolling fd = 7
Socket not ready, repolling fd = 7
Socket not ready, repolling fd = 7
Socket not ready, repolling fd = 7
Socket not ready, repolling fd = 7
Socket not ready, repolling fd = 7
Socket not ready, repolling fd = 7
Socket not ready, repolling fd = 7
Socket not ready, repolling fd = 7
Socket not ready, repolling fd = 7
Socket not ready, repolling fd = 7
Socket not ready, repolling fd = 7
Socket not ready, repolling fd = 7
Socket not ready, repolling fd = 7
Socket not ready, repolling fd = 7
Socket not ready, repolling fd = 7
Socket not ready, repolling fd = 7
Socket not ready, repolling fd = 7
Socket not ready, repolling fd = 7
Socket not ready, repolling fd = 7
Socket not ready, repolling fd = 7
Socket not ready, repolling fd = 7
Socket not ready, repolling fd = 7
Socket not ready, repolling fd = 7
Socket not ready, repolling fd = 7
Socket not ready, repolling fd = 7
Socket not ready, repolling fd = 7
Socket not ready, repolling fd = 7
Socket not ready, repolling fd = 7
Socket not ready, repolling fd = 7
Socket not ready, repolling fd = 7
Socket not ready, repolling fd = 7
Socket not ready, repolling fd = 7
Socket not ready, repolling fd = 7
Socket not ready, repolling fd = 7
Socket not ready, repolling fd = 7
Socket not ready, repolling fd = 7
Socket not ready, repolling fd = 7
Socket not ready, repolling fd = 7
Socket not ready, repolling fd = 7
Socket not ready, repolling fd = 7
Socket not ready, repolling fd = 7
Socket not ready, repolling fd = 7
Socket not ready, repolling fd = 7
Socket not ready, repolling fd = 7
Socket not ready, repolling fd = 7
Socket not ready, repolling fd = 7
Socket not ready, repolling fd = 7
Socket not ready, repolling fd = 7
Socket not ready, repolling fd = 7
Socket not ready, repolling fd = 7
Socket not ready, repolling fd = 7
Socket not ready, repolling fd = 7
Socket not ready, repolling fd = 7
Socket not ready, repolling fd = 7
Socket not ready, repolling fd = 7
Socket not ready, repolling fd = 7
Socket not ready, repolling fd = 7
Socket not ready, repolling fd = 7
Socket not ready, repolling fd = 7
Socket not ready, repolling fd = 7
Socket not ready, repolling fd = 7
Socket not ready, repolling fd = 7
Socket not ready, repolling fd = 7
Socket not ready, repolling fd = 7
Socket not ready, repolling fd = 7
Socket not ready, repolling fd = 7
Socket not ready, repolling fd = 7
Socket not ready, repolling fd = 7
Socket not ready, repolling fd = 7
Socket not ready, repolling fd = 7
Socket not ready, repolling fd = 7
Socket not ready, repolling fd = 7
Socket not ready, repolling fd = 7
Socket not ready, repolling fd = 7
Socket not ready, repolling fd = 7
Socket not ready, repolling fd = 7
Socket not ready, repolling fd = 7
Socket not ready, repolling fd = 7
Socket not ready, repolling fd = 7
Socket not ready, repolling fd = 7
Socket not ready, repolling fd = 7
Socket not ready, repolling fd = 7
Socket not ready, repolling fd = 7
Socket not ready, repolling fd = 7
Socket not ready, repolling fd = 7
Socket not ready, repolling fd = 7
Socket not ready, repolling fd = 7
Socket not ready, repolling fd = 7
Socket not ready, repolling fd = 7
Socket not ready, repolling fd = 7
Socket not ready, repolling fd = 7
Socket not ready, repolling fd = 7
Socket not ready, repolling fd = 7
Socket not ready, repolling fd = 7
Socket not ready, repolling fd = 7
Socket not ready, repolling fd = 7
Socket not ready, repolling fd = 7
Socket not ready, repolling fd = 7
Socket not ready, repolling fd = 7
Socket not ready, repolling fd = 7
Socket not ready, repolling fd = 7
Socket not ready, repolling fd = 7
Socket not ready, repolling fd = 7
Socket not ready, repolling fd = 7
Socket not ready, repolling fd = 7
Socket not ready, repolling fd = 7
Socket not ready, repolling fd = 7
Socket not ready, repolling fd = 7
Socket not ready, repolling fd = 7
Socket not ready, repolling fd = 7
Socket not ready, repolling fd = 7
Socket not ready, repolling fd = 7
Socket not ready, repolling fd = 7
Socket not ready, repolling fd = 7
Socket not ready, repolling fd = 7
Socket not ready, repolling fd = 7
Socket not ready, repolling fd = 7
Socket not ready, repolling fd = 7
Socket not ready, repolling fd = 7
Socket not ready, repolling fd = 7
Socket not ready, repolling fd = 7
Socket not ready, repolling fd = 7
Socket not ready, repolling fd = 7
Socket not ready, repolling fd = 7
Socket not ready, repolling fd = 7
Socket not ready, repolling fd = 7
Socket not ready, repolling fd = 7
Socket not ready, repolling fd = 7
Socket not ready, repolling fd = 7
Socket not ready, repolling fd = 7
Socket not ready, repolling fd = 7
Socket not ready, repolling fd = 7
Socket not ready, repolling fd = 7
Socket not ready, repolling fd = 7
Socket not ready, repolling fd = 7
Socket not ready, repolling fd = 7
Socket not ready, repolling fd = 7
Socket not ready, repolling fd = 7
Socket not ready, repolling fd = 7
Socket not ready, repolling fd = 7
Socket not ready, repolling fd = 7
Socket not ready, repolling fd = 7
Socket not ready, repolling fd = 7
Socket not ready, repolling fd = 7
Socket not ready, repolling fd = 7
Socket not ready, repolling fd = 7
Socket not ready, repolling fd = 7
Socket not ready, repolling fd = 7
Socket not ready, repolling fd = 7
Socket not ready, repolling fd = 7
Socket not ready, repolling fd = 7
Socket not ready, repolling fd = 7
Socket not ready, repolling fd = 7
Socket not ready, repolling fd = 7
Socket not ready, repolling fd = 7
Socket not ready, repolling fd = 7
Socket not ready, repolling fd = 7
Socket not ready, repolling fd = 7
Socket not ready, repolling fd = 7
Socket not ready, repolling fd = 7
Socket not ready, repolling fd = 7
Socket not ready, repolling fd = 7
Socket not ready, repolling fd = 7
Socket not ready, repolling fd = 7
Socket not ready, repolling fd = 7
Socket not ready, repolling fd = 7
Socket not ready, repolling fd = 7
Socket not ready, repolling fd = 7
Socket not ready, repolling fd = 7
Socket not ready, repolling fd = 7
Socket not ready, repolling fd = 7
Socket not ready, repolling fd = 7
Socket not ready, repolling fd = 7
Socket not ready, repolling fd = 7
Socket not ready, repolling fd = 7
Socket not ready, repolling fd = 7
Socket not ready, repolling fd = 7
Socket not ready, repolling fd = 7
Socket not ready, repolling fd = 7
Socket not ready, repolling fd = 7
Socket not ready, repolling fd = 7
Socket not ready, repolling fd = 7
Socket not ready, repolling fd = 7
Socket not ready, repolling fd = 7
Socket not ready, repolling fd = 7
Socket not ready, repolling fd = 7
Socket not ready, repolling fd = 7
Socket not ready, repolling fd = 7
Socket not ready, repolling fd = 7
Socket not ready, repolling fd = 7
Socket not ready, repolling fd = 7
Socket not ready, repolling fd = 7
Socket not ready, repolling fd = 7
Socket not ready, repolling fd = 7
Socket not ready, repolling fd = 7
Socket not ready, repolling fd = 7
Socket not ready, repolling fd = 7
Socket not ready, repolling fd = 7
Socket not ready, repolling fd = 7
Socket not ready, repolling fd = 7
Socket not ready, repolling fd = 7
Socket not ready, repolling fd = 7
Socket not ready, repolling fd = 7
Socket not ready, repolling fd = 7
Socket not ready, repolling fd = 7
Socket not ready, repolling fd = 7
Socket not ready, repolling fd = 7
Socket not ready, repolling fd = 7
Socket not ready, repolling fd = 7
Socket not ready, repolling fd = 7
Socket not ready, repolling fd = 7
Socket not ready, repolling fd = 7
Socket not ready, repolling fd = 7
Socket not ready, repolling fd = 7
Socket not ready, repolling fd = 7
Socket not ready, repolling fd = 7
Socket not ready, repolling fd = 7
Socket not ready, repolling fd = 7
Socket not ready, repolling fd = 7
Socket not ready, repolling fd = 7
Socket not ready, repolling fd = 7
Socket not ready, repolling fd = 7
Socket not ready, repolling fd = 7
Socket not ready, repolling fd = 7
Socket not ready, repolling fd = 7
Socket not ready, repolling fd = 7
Socket not ready, repolling fd = 7
Socket not ready, repolling fd = 7
Socket not ready, repolling fd = 7
Socket not ready, repolling fd = 7
Socket not ready, repolling fd = 7
Socket not ready, repolling fd = 7
Socket not ready, repolling fd = 7
Socket not ready, repolling fd = 7
Socket not ready, repolling fd = 7
Socket not ready, repolling fd = 7
Socket not ready, repolling fd = 7
Socket not ready, repolling fd = 7
Socket not ready, repolling fd = 7
Socket not ready, repolling fd = 7
Socket not ready, repolling fd = 7
Socket not ready, repolling fd = 7
Socket not ready, repolling fd = 7
Socket not ready, repolling fd = 7
Socket not ready, repolling fd = 7
Socket not ready, repolling fd = 7
Socket not ready, repolling fd = 7
Socket not ready, repolling fd = 7
Socket not ready, repolling fd = 7
Socket not ready, repolling fd = 7
Socket not ready, repolling fd = 7
Socket not ready, repolling fd = 7
Socket not ready, repolling fd = 7
Socket not ready, repolling fd = 7
Socket not ready, repolling fd = 7
Socket not ready, repolling fd = 7
Socket not ready, repolling fd = 7
Socket not ready, repolling fd = 7
Socket not ready, repolling fd = 7
Socket not ready, repolling fd = 7
Socket not ready, repolling fd = 7
Socket not ready, repolling fd = 7
Socket not ready, repolling fd = 7
Socket not ready, repolling fd = 7
Socket not ready, repolling fd = 7
Socket not ready, repolling fd = 7
Socket not ready, repolling fd = 7
Socket not ready, repolling fd = 7
Socket not ready, repolling fd = 7
Socket not ready, repolling fd = 7
Socket not ready, repolling fd = 7
Socket not ready, repolling fd = 7
Socket not ready, repolling fd = 7
Socket not ready, repolling fd = 7
Socket not ready, repolling fd = 7
Socket not ready, repolling fd = 7
Socket not ready, repolling fd = 7
Socket not ready, repolling fd = 7
Socket not ready, repolling fd = 7
Socket not ready, repolling fd = 7
Socket not ready, repolling fd = 7
Socket not ready, repolling fd = 7
Socket not ready, repolling fd = 7
Socket not ready, repolling fd = 7
Socket not ready, repolling fd = 7
Socket not ready, repolling fd = 7
Socket not ready, repolling fd = 7
Socket not ready, repolling fd = 7
Socket not ready, repolling fd = 7
Socket not ready, repolling fd = 7
Socket not ready, repolling fd = 7
Socket not ready, repolling fd = 7
Socket not ready, repolling fd = 7
Socket not ready, repolling fd = 7
Socket not ready, repolling fd = 7
Socket not ready, repolling fd = 7
Socket not ready, repolling fd = 7
Socket not ready, repolling fd = 7
Socket not ready, repolling fd = 7
Socket not ready, repolling fd = 7
Socket not ready, repolling fd = 7
Socket not ready, repolling fd = 7
Socket not ready, repolling fd = 7
Socket not ready, repolling fd = 7
Socket not ready, repolling fd = 7
Socket not ready, repolling fd = 7
Socket not ready, repolling fd = 7
Socket not ready, repolling fd = 7
Socket not ready, repolling fd = 7
Socket not ready, repolling fd = 7
Socket not ready, repolling fd = 7
Socket not ready, repolling fd = 7
Socket not ready, repolling fd = 7
Socket not ready, repolling fd = 7
Socket not ready, repolling fd = 7
Socket not ready, repolling fd = 7
Socket not ready, repolling fd = 7
Socket not ready, repolling fd = 7
Socket not ready, repolling fd = 7
Socket not ready, repolling fd = 7
Socket not ready, repolling fd = 7
Socket not ready, repolling fd = 7
Socket not ready, repolling fd = 7
Socket not ready, repolling fd = 7
Socket not ready, repolling fd = 7
Socket not ready, repolling fd = 7
Socket not ready, repolling fd = 7
Socket not ready, repolling fd = 7
Socket not ready, repolling fd = 7
Socket not ready, repolling fd = 7
Socket not ready, repolling fd = 7
Socket not ready, repolling fd = 7
Socket not ready, repolling fd = 7
Socket not ready, repolling fd = 7
Socket not ready, repolling fd = 7
Socket not ready, repolling fd = 7
Socket not ready, repolling fd = 7
Socket not ready, repolling fd = 7
Socket not ready, repolling fd = 7
Socket not ready, repolling fd = 7
Socket not ready, repolling fd = 7
Socket not ready, repolling fd = 7
Socket not ready, repolling fd = 7
Socket not ready, repolling fd = 7
Socket not ready, repolling fd = 7
Socket not ready, repolling fd = 7
Socket not ready, repolling fd = 7
Socket not ready, repolling fd = 7
Socket not ready, repolling fd = 7
Socket not ready, repolling fd = 7
Socket not ready, repolling fd = 7
Socket not ready, repolling fd = 7
Socket not ready, repolling fd = 7
Socket not ready, repolling fd = 7
Socket not ready, repolling fd = 7
Socket not ready, repolling fd = 7
Socket not ready, repolling fd = 7
Socket not ready, repolling fd = 7
Socket not ready, repolling fd = 7
Socket not ready, repolling fd = 7
Socket not ready, repolling fd = 7
Socket not ready, repolling fd = 7
Socket not ready, repolling fd = 7
Socket not ready, repolling fd = 7
Socket not ready, repolling fd = 7
Socket not ready, repolling fd = 7
Socket not ready, repolling fd = 7
Socket not ready, repolling fd = 7
Socket not ready, repolling fd = 7
Socket not ready, repolling fd = 7
Socket not ready, repolling fd = 7
Socket not ready, repolling fd = 7
Socket not ready, repolling fd = 7
Socket not ready, repolling fd = 7
Socket not ready, repolling fd = 7
Socket not ready, repolling fd = 7
Socket not ready, repolling fd = 7
Socket not ready, repolling fd = 7
Socket not ready, repolling fd = 7
Socket not ready, repolling fd = 7
Socket not ready, repolling fd = 7
Socket not ready, repolling fd = 7
Socket not ready, repolling fd = 7
Socket not ready, repolling fd = 7
Socket not ready, repolling fd = 7
Socket not ready, repolling fd = 7
Socket not ready, repolling fd = 7
Socket not ready, repolling fd = 7
Socket not ready, repolling fd = 7
Socket not ready, repolling fd = 7
Socket not ready, repolling fd = 7
Socket not ready, repolling fd = 7
Socket not ready, repolling fd = 7
Socket not ready, repolling fd = 7
Socket not ready, repolling fd = 7
Socket not ready, repolling fd = 7
Socket not ready, repolling fd = 7
Socket not ready, repolling fd = 7
Socket not ready, repolling fd = 7
Socket not ready, repolling fd = 7
Socket not ready, repolling fd = 7
Socket not ready, repolling fd = 7
Socket not ready, repolling fd = 7
Socket not ready, repolling fd = 7
Socket not ready, repolling fd = 7
Socket not ready, repolling fd = 7
Socket not ready, repolling fd = 7
Socket not ready, repolling fd = 7
Socket not ready, repolling fd = 7
Socket not ready, repolling fd = 7
Socket not ready, repolling fd = 7
Socket not ready, repolling fd = 7
Socket not ready, repolling fd = 7
Socket not ready, repolling fd = 7
Socket not ready, repolling fd = 7
Socket not ready, repolling fd = 7
Socket not ready, repolling fd = 7
Socket not ready, repolling fd = 7
Socket not ready, repolling fd = 7
Socket not ready, repolling fd = 7
Socket not ready, repolling fd = 7
Socket not ready, repolling fd = 7
Socket not ready, repolling fd = 7
Socket not ready, repolling fd = 7
Socket not ready, repolling fd = 7
Socket not ready, repolling fd = 7
Socket not ready, repolling fd = 7
Socket not ready, repolling fd = 7
Socket not ready, repolling fd = 7
Socket not ready, repolling fd = 7
Socket not ready, repolling fd = 7
Socket not ready, repolling fd = 7
Socket not ready, repolling fd = 7
Socket not ready, repolling fd = 7
Socket not ready, repolling fd = 7
Socket not ready, repolling fd = 7
Socket not ready, repolling fd = 7
Socket not ready, repolling fd = 7
Socket not ready, repolling fd = 7
Socket not ready, repolling fd = 7
Socket not ready, repolling fd = 7
Socket not ready, repolling fd = 7
Socket not ready, repolling fd = 7
Socket not ready, repolling fd = 7
Socket not ready, repolling fd = 7
Socket not ready, repolling fd = 7
Socket not ready, repolling fd = 7
Socket not ready, repolling fd = 7
Socket not ready, repolling fd = 7
Socket not ready, repolling fd = 7
Socket not ready, repolling fd = 7
Socket not ready, repolling fd = 7
Socket not ready, repolling fd = 7
Socket not ready, repolling fd = 7
Socket not ready, repolling fd = 7
Socket not ready, repolling fd = 7
Socket not ready, repolling fd = 7
Socket not ready, repolling fd = 7
Socket not ready, repolling fd = 7
Socket not ready, repolling fd = 7
Socket not ready, repolling fd = 7
Socket not ready, repolling fd = 7
Socket not ready, repolling fd = 7
Socket not ready, repolling fd = 7
Socket not ready, repolling fd = 7
Socket not ready, repolling fd = 7
Socket not ready, repolling fd = 7
Socket not ready, repolling fd = 7
Socket not ready, repolling fd = 7
Socket not ready, repolling fd = 7
Socket not ready, repolling fd = 7
Socket not ready, repolling fd = 7
Socket not ready, repolling fd = 7
Socket not ready, repolling fd = 7
Socket not ready, repolling fd = 7
Socket not ready, repolling fd = 7
Socket not ready, repolling fd = 7
Socket not ready, repolling fd = 7
Socket not ready, repolling fd = 7
Socket not ready, repolling fd = 7
Socket not ready, repolling fd = 7
Socket not ready, repolling fd = 7
Socket not ready, repolling fd = 7
Socket not ready, repolling fd = 7
Socket not ready, repolling fd = 7
Socket not ready, repolling fd = 7
Socket not ready, repolling fd = 7
Socket not ready, repolling fd = 7
Socket not ready, repolling fd = 7
Socket not ready, repolling fd = 7
Socket not ready, repolling fd = 7
Socket not ready, repolling fd = 7
Socket not ready, repolling fd = 7
Socket not ready, repolling fd = 7
Socket not ready, repolling fd = 7
Socket not ready, repolling fd = 7
Socket not ready, repolling fd = 7
Socket not ready, repolling fd = 7
Socket not ready, repolling fd = 7
Socket not ready, repolling fd = 7
Socket not ready, repolling fd = 7
Socket not ready, repolling fd = 7
Socket not ready, repolling fd = 7
Socket not ready, repolling fd = 7
Socket not ready, repolling fd = 7
Socket not ready, repolling fd = 7
Socket not ready, repolling fd = 7
Socket not ready, repolling fd = 7
Socket not ready, repolling fd = 7
Socket not ready, repolling fd = 7
Socket not ready, repolling fd = 7
Socket not ready, repolling fd = 7
Socket not ready, repolling fd = 7
Socket not ready, repolling fd = 7
Socket not ready, repolling fd = 7
Socket not ready, repolling fd = 7
Socket not ready, repolling fd = 7
Socket not ready, repolling fd = 7
Socket not ready, repolling fd = 7
Socket not ready, repolling fd = 7
Socket not ready, repolling fd = 7
Socket not ready, repolling fd = 7
Socket not ready, repolling fd = 7
Socket not ready, repolling fd = 7
Socket not ready, repolling fd = 7
Socket not ready, repolling fd = 7
Socket not ready, repolling fd = 7
Socket not ready, repolling fd = 7
Socket not ready, repolling fd = 7
Socket not ready, repolling fd = 7
Socket not ready, repolling fd = 7
Socket not ready, repolling fd = 7
Socket not ready, repolling fd = 7
Socket not ready, repolling fd = 7
Socket not ready, repolling fd = 7
Socket not ready, repolling fd = 7
Socket not ready, repolling fd = 7
Socket not ready, repolling fd = 7
Socket not ready, repolling fd = 7
Socket not ready, repolling fd = 7
Socket not ready, repolling fd = 7
Socket not ready, repolling fd = 7
Socket not ready, repolling fd = 7
Socket not ready, repolling fd = 7
Socket not ready, repolling fd = 7
Socket not ready, repolling fd = 7
Socket not ready, repolling fd = 9
Socket not ready, repolling fd = 9
Socket not ready, repolling fd = 9
Socket not ready, repolling fd = 9
Socket not ready, repolling fd = 9
Socket not ready, repolling fd = 9
Socket not ready, repolling fd = 9
Socket not ready, repolling fd = 9
Socket not ready, repolling fd = 9
Socket not ready, repolling fd = 9
Socket not ready, repolling fd = 9
Socket not ready, repolling fd = 9
Socket not ready, repolling fd = 9
Socket not ready, repolling fd = 9
Socket not ready, repolling fd = 9
Socket not ready, repolling fd = 9
Socket not ready, repolling fd = 9
Socket not ready, repolling fd = 9
Socket not ready, repolling fd = 9
Socket not ready, repolling fd = 9
Socket not ready, repolling fd = 9
Socket not ready, repolling fd = 9
Socket not ready, repolling fd = 9
Socket not ready, repolling fd = 9
Socket not ready, repolling fd = 9
Socket not ready, repolling fd = 9
Socket not ready, repolling fd = 9
Socket not ready, repolling fd = 9
Socket not ready, repolling fd = 9
Socket not ready, repolling fd = 9
Socket not ready, repolling fd = 9
Socket not ready, repolling fd = 9
Socket not ready, repolling fd = 9
Socket not ready, repolling fd = 9
Socket not ready, repolling fd = 9
Socket not ready, repolling fd = 9
Socket not ready, repolling fd = 9
Socket not ready, repolling fd = 9
Socket not ready, repolling fd = 9
Socket not ready, repolling fd = 9
Socket not ready, repolling fd = 9
Socket not ready, repolling fd = 9
Socket not ready, repolling fd = 9
Socket not ready, repolling fd = 9
Socket not ready, repolling fd = 9
Socket not ready, repolling fd = 9
Socket not ready, repolling fd = 9
Socket not ready, repolling fd = 9
Socket not ready, repolling fd = 9
Socket not ready, repolling fd = 9
Socket not ready, repolling fd = 9
Socket not ready, repolling fd = 9
Socket not ready, repolling fd = 9
Socket not ready, repolling fd = 9
Socket not ready, repolling fd = 9
Socket not ready, repolling fd = 9
Socket not ready, repolling fd = 9
Socket not ready, repolling fd = 9
Socket not ready, repolling fd = 9
Socket not ready, repolling fd = 9
Socket not ready, repolling fd = 9
Socket not ready, repolling fd = 9
Socket not ready, repolling fd = 9
Socket not ready, repolling fd = 9
Socket not ready, repolling fd = 9
Socket not ready, repolling fd = 9
Socket not ready, repolling fd = 9
Socket not ready, repolling fd = 9
Socket not ready, repolling fd = 9
Socket not ready, repolling fd = 9
Socket not ready, repolling fd = 9
Socket not ready, repolling fd = 9
Socket not ready, repolling fd = 9
Socket not ready, repolling fd = 9
Socket not ready, repolling fd = 9
Socket not ready, repolling fd = 9
Socket not ready, repolling fd = 9
Socket not ready, repolling fd = 9
Socket not ready, repolling fd = 9
Socket not ready, repolling fd = 9
Socket not ready, repolling fd = 9
Socket not ready, repolling fd = 9
Socket not ready, repolling fd = 9
Socket not ready, repolling fd = 9
Socket not ready, repolling fd = 9
Socket not ready, repolling fd = 9
Socket not ready, repolling fd = 9
Socket not ready, repolling fd = 9
Socket not ready, repolling fd = 9
Socket not ready, repolling fd = 9
Socket not ready, repolling fd = 9
Socket not ready, repolling fd = 9
Socket not ready, repolling fd = 9
Socket not ready, repolling fd = 9
Socket not ready, repolling fd = 9
Socket not ready, repolling fd = 9
Socket not ready, repolling fd = 9
Socket not ready, repolling fd = 9
Socket not ready, repolling fd = 9
Socket not ready, repolling fd = 9
Socket not ready, repolling fd = 9
Socket not ready, repolling fd = 9
Socket not ready, repolling fd = 9
Socket not ready, repolling fd = 9
Socket not ready, repolling fd = 9
Socket not ready, repolling fd = 9
Socket not ready, repolling fd = 9
Socket not ready, repolling fd = 9
Socket not ready, repolling fd = 9
Socket not ready, repolling fd = 9
Socket not ready, repolling fd = 9
Socket not ready, repolling fd = 9
Socket not ready, repolling fd = 9
Socket not ready, repolling fd = 9
Socket not ready, repolling fd = 9
Socket not ready, repolling fd = 9
Socket not ready, repolling fd = 9
Socket not ready, repolling fd = 9
Socket not ready, repolling fd = 9
Socket not ready, repolling fd = 9
Socket not ready, repolling fd = 9
Socket not ready, repolling fd = 9
Socket not ready, repolling fd = 9
Socket not ready, repolling fd = 9
Socket not ready, repolling fd = 9
Socket not ready, repolling fd = 9
Socket not ready, repolling fd = 9
Socket not ready, repolling fd = 9
Socket not ready, repolling fd = 9
Socket not ready, repolling fd = 9
Socket not ready, repolling fd = 9
Socket not ready, repolling fd = 9
Socket not ready, repolling fd = 9
Socket not ready, repolling fd = 9
Socket not ready, repolling fd = 9
Socket not ready, repolling fd = 9
Socket not ready, repolling fd = 9
Socket not ready, repolling fd = 9
Socket not ready, repolling fd = 9
Socket not ready, repolling fd = 9
Socket not ready, repolling fd = 9
Socket not ready, repolling fd = 9
Socket not ready, repolling fd = 9
Socket not ready, repolling fd = 9
Socket not ready, repolling fd = 9
Socket not ready, repolling fd = 9
Socket not ready, repolling fd = 9
Socket not ready, repolling fd = 9
Socket not ready, repolling fd = 9
Socket not ready, repolling fd = 9
Socket not ready, repolling fd = 9
Socket not ready, repolling fd = 9
Socket not ready, repolling fd = 9
Socket not ready, repolling fd = 9
Socket not ready, repolling fd = 9
Socket not ready, repolling fd = 9
Socket not ready, repolling fd = 9
Socket not ready, repolling fd = 9
Socket not ready, repolling fd = 9
Socket not ready, repolling fd = 9
Socket not ready, repolling fd = 9
Socket not ready, repolling fd = 9
Socket not ready, repolling fd = 9
Socket not ready, repolling fd = 9
Socket not ready, repolling fd = 9
Socket not ready, repolling fd = 9
Socket not ready, repolling fd = 9
Socket not ready, repolling fd = 9
Socket not ready, repolling fd = 9
Socket not ready, repolling fd = 9
Socket not ready, repolling fd = 9
Socket not ready, repolling fd = 9
Socket not ready, repolling fd = 9
Socket not ready, repolling fd = 9
Socket not ready, repolling fd = 9
Socket not ready, repolling fd = 9
Socket not ready, repolling fd = 9
Socket not ready, repolling fd = 9
Socket not ready, repolling fd = 9
Socket not ready, repolling fd = 9
Socket not ready, repolling fd = 9
Socket not ready, repolling fd = 9
Socket not ready, repolling fd = 9
Socket not ready, repolling fd = 9
Socket not ready, repolling fd = 9
Socket not ready, repolling fd = 9
Socket not ready, repolling fd = 9
Socket not ready, repolling fd = 9
Socket not ready, repolling fd = 9
Socket not ready, repolling fd = 9
Socket not ready, repolling fd = 9
Socket not ready, repolling fd = 9
Socket not ready, repolling fd = 9
Socket not ready, repolling fd = 9
Socket not ready, repolling fd = 9
Socket not ready, repolling fd = 9
Socket not ready, repolling fd = 9
Socket not ready, repolling fd = 9
Socket not ready, repolling fd = 9
Socket not ready, repolling fd = 9
Socket not ready, repolling fd = 9
Socket not ready, repolling fd = 9
Socket not ready, repolling fd = 9
Socket not ready, repolling fd = 9
Socket not ready, repolling fd = 9
Socket not ready, repolling fd = 9
Socket not ready, repolling fd = 9
Socket not ready, repolling fd = 9
Socket not ready, repolling fd = 9
Socket not ready, repolling fd = 9
Socket not ready, repolling fd = 9
Socket not ready, repolling fd = 9
Socket not ready, repolling fd = 9
Socket not ready, repolling fd = 9
Socket not ready, repolling fd = 9
Socket not ready, repolling fd = 9
Socket not ready, repolling fd = 9
Socket not ready, repolling fd = 9
Socket not ready, repolling fd = 9
Socket not ready, repolling fd = 9
Socket not ready, repolling fd = 9
Socket not ready, repolling fd = 9
Socket not ready, repolling fd = 9
Socket not ready, repolling fd = 9
Socket not ready, repolling fd = 9
Socket not ready, repolling fd = 9
Socket not ready, repolling fd = 9
Socket not ready, repolling fd = 9
Socket not ready, repolling fd = 9
Socket not ready, repolling fd = 9
Socket not ready, repolling fd = 9
Socket not ready, repolling fd = 9
Socket not ready, repolling fd = 9
Socket not ready, repolling fd = 9
Socket not ready, repolling fd = 9
Socket not ready, repolling fd = 9
Socket not ready, repolling fd = 9
Socket not ready, repolling fd = 9
Socket not ready, repolling fd = 9
Socket not ready, repolling fd = 9
Socket not ready, repolling fd = 9
Socket not ready, repolling fd = 9
Socket not ready, repolling fd = 9
Socket not ready, repolling fd = 9
Socket not ready, repolling fd = 9
Socket not ready, repolling fd = 9
Socket not ready, repolling fd = 9
Socket not ready, repolling fd = 9
Socket not ready, repolling fd = 9
Socket not ready, repolling fd = 9
Socket not ready, repolling fd = 9
Socket not ready, repolling fd = 9
Socket not ready, repolling fd = 9
Socket not ready, repolling fd = 9
Socket not ready, repolling fd = 9
Socket not ready, repolling fd = 9
Socket not ready, repolling fd = 9
Socket not ready, repolling fd = 9
Socket not ready, repolling fd = 9
Socket not ready, repolling fd = 9
Socket not ready, repolling fd = 9
Socket not ready, repolling fd = 9
Socket not ready, repolling fd = 9
Socket not ready, repolling fd = 8
Socket not ready, repolling fd = 8
Socket not ready, repolling fd = 8
Socket not ready, repolling fd = 8
Socket not ready, repolling fd = 8
Socket not ready, repolling fd = 8
Socket not ready, repolling fd = 8
Socket not ready, repolling fd = 8
Socket not ready, repolling fd = 8
Socket not ready, repolling fd = 8
Socket not ready, repolling fd = 8
Socket not ready, repolling fd = 8
Socket not ready, repolling fd = 8
Socket not ready, repolling fd = 8
Socket not ready, repolling fd = 8
Socket not ready, repolling fd = 8
Socket not ready, repolling fd = 8
Socket not ready, repolling fd = 8
Socket not ready, repolling fd = 8
Socket not ready, repolling fd = 8
Socket not ready, repolling fd = 8
Socket not ready, repolling fd = 8
Socket not ready, repolling fd = 8
Socket not ready, repolling fd = 8
Socket not ready, repolling fd = 8
Socket not ready, repolling fd = 8
Socket not ready, repolling fd = 8
Socket not ready, repolling fd = 8
Socket not ready, repolling fd = 8
Socket not ready, repolling fd = 8
Socket not ready, repolling fd = 8
Socket not ready, repolling fd = 8
Socket not ready, repolling fd = 8
Socket not ready, repolling fd = 8
Socket not ready, repolling fd = 8
Socket not ready, repolling fd = 8
Socket not ready, repolling fd = 8
Socket not ready, repolling fd = 8
Socket not ready, repolling fd = 8
Socket not ready, repolling fd = 8
Socket not ready, repolling fd = 8
Socket not ready, repolling fd = 8
Socket not ready, repolling fd = 8
Socket not ready, repolling fd = 8
Socket not ready, repolling fd = 8
Socket not ready, repolling fd = 8
Socket not ready, repolling fd = 8
Socket not ready, repolling fd = 8
Socket not ready, repolling fd = 8
Socket not ready, repolling fd = 8
Socket not ready, repolling fd = 8
Socket not ready, repolling fd = 8
Socket not ready, repolling fd = 8
Socket not ready, repolling fd = 8
Socket not ready, repolling fd = 8
Socket not ready, repolling fd = 8
Socket not ready, repolling fd = 8
Socket not ready, repolling fd = 8
Socket not ready, repolling fd = 8
Socket not ready, repolling fd = 8
Socket not ready, repolling fd = 8
Socket not ready, repolling fd = 8
Socket not ready, repolling fd = 8
Socket not ready, repolling fd = 8
Socket not ready, repolling fd = 8
Socket not ready, repolling fd = 8
Socket not ready, repolling fd = 8
Socket not ready, repolling fd = 8
Socket not ready, repolling fd = 8
Socket not ready, repolling fd = 8
Socket not ready, repolling fd = 8
Socket not ready, repolling fd = 8
Socket not ready, repolling fd = 8
Socket not ready, repolling fd = 8
Socket not ready, repolling fd = 8
Socket not ready, repolling fd = 8
Socket not ready, repolling fd = 8
Socket not ready, repolling fd = 8
Socket not ready, repolling fd = 8
Socket not ready, repolling fd = 8
Socket not ready, repolling fd = 8
Socket not ready, repolling fd = 8
Socket not ready, repolling fd = 8
Socket not ready, repolling fd = 8
Socket not ready, repolling fd = 8
Socket not ready, repolling fd = 8
Socket not ready, repolling fd = 8
Socket not ready, repolling fd = 8
Socket not ready, repolling fd = 8
Socket not ready, repolling fd = 8
Socket not ready, repolling fd = 8
Socket not ready, repolling fd = 8
Socket not ready, repolling fd = 8
Socket not ready, repolling fd = 8
Socket not ready, repolling fd = 8
Socket not ready, repolling fd = 8
Socket not ready, repolling fd = 8
Socket not ready, repolling fd = 8
Socket not ready, repolling fd = 8
Socket not ready, repolling fd = 8
Socket not ready, repolling fd = 8
Socket not ready, repolling fd = 8
Socket not ready, repolling fd = 8
Socket not ready, repolling fd = 8
Socket not ready, repolling fd = 8
Socket not ready, repolling fd = 8
Socket not ready, repolling fd = 8
Socket not ready, repolling fd = 8
Socket not ready, repolling fd = 8
Socket not ready, repolling fd = 8
Socket not ready, repolling fd = 8
Socket not ready, repolling fd = 8
Socket not ready, repolling fd = 8
Socket not ready, repolling fd = 8
Socket not ready, repolling fd = 8
Socket not ready, repolling fd = 8
Socket not ready, repolling fd = 8
Socket not ready, repolling fd = 8
Socket not ready, repolling fd = 8
Socket not ready, repolling fd = 8
Socket not ready, repolling fd = 8
Socket not ready, repolling fd = 8
Socket not ready, repolling fd = 8
Socket not ready, repolling fd = 8
Socket not ready, repolling fd = 8
Socket not ready, repolling fd = 8
Socket not ready, repolling fd = 8
Socket not ready, repolling fd = 8
Socket not ready, repolling fd = 8
Socket not ready, repolling fd = 8
Socket not ready, repolling fd = 8
Socket not ready, repolling fd = 8
Socket not ready, repolling fd = 8
Socket not ready, repolling fd = 8
Socket not ready, repolling fd = 8
Socket not ready, repolling fd = 8
Socket not ready, repolling fd = 8
Socket not ready, repolling fd = 8
Socket not ready, repolling fd = 8
Socket not ready, repolling fd = 8
Socket not ready, repolling fd = 8
Socket not ready, repolling fd = 8
Socket not ready, repolling fd = 8
Socket not ready, repolling fd = 8
Socket not ready, repolling fd = 8
Socket not ready, repolling fd = 8
Socket not ready, repolling fd = 8
Socket not ready, repolling fd = 8
Socket not ready, repolling fd = 8
Socket not ready, repolling fd = 8
Socket not ready, repolling fd = 8
Socket not ready, repolling fd = 8
Socket not ready, repolling fd = 8
Socket not ready, repolling fd = 8
Socket not ready, repolling fd = 8
Socket not ready, repolling fd = 8
Socket not ready, repolling fd = 8
Socket not ready, repolling fd = 8
Socket not ready, repolling fd = 8
Socket not ready, repolling fd = 8
Socket not ready, repolling fd = 8
Socket not ready, repolling fd = 8
Socket not ready, repolling fd = 8
Socket not ready, repolling fd = 8
Socket not ready, repolling fd = 8
Socket not ready, repolling fd = 8
Socket not ready, repolling fd = 8
Socket not ready, repolling fd = 8
Socket not ready, repolling fd = 8
Socket not ready, repolling fd = 8
Socket not ready, repolling fd = 8
Socket not ready, repolling fd = 8
Socket not ready, repolling fd = 8
Socket not ready, repolling fd = 8
Socket not ready, repolling fd = 8
Socket not ready, repolling fd = 8
Socket not ready, repolling fd = 8
Socket not ready, repolling fd = 8
Socket not ready, repolling fd = 8
Socket not ready, repolling fd = 8
Socket not ready, repolling fd = 8
Socket not ready, repolling fd = 8
Socket not ready, repolling fd = 8
Socket not ready, repolling fd = 8
Socket not ready, repolling fd = 8
Socket not ready, repolling fd = 8
Socket not ready, repolling fd = 8
Socket not ready, repolling fd = 8
Socket not ready, repolling fd = 8
Socket not ready, repolling fd = 8
Socket not ready, repolling fd = 8
Socket not ready, repolling fd = 8
Socket not ready, repolling fd = 8
Socket not ready, repolling fd = 8
Socket not ready, repolling fd = 8
Socket not ready, repolling fd = 8
Socket not ready, repolling fd = 8
Socket not ready, repolling fd = 8
Socket not ready, repolling fd = 8
Socket not ready, repolling fd = 8
Socket not ready, repolling fd = 8
Socket not ready, repolling fd = 8
Socket not ready, repolling fd = 8
Socket not ready, repolling fd = 8
Socket not ready, repolling fd = 8
Socket not ready, repolling fd = 8
Socket not ready, repolling fd = 8
Socket not ready, repolling fd = 8
Socket not ready, repolling fd = 8
Socket not ready, repolling fd = 8
Socket not ready, repolling fd = 8
Socket not ready, repolling fd = 7
Socket not ready, repolling fd = 7
Socket not ready, repolling fd = 7
Socket not ready, repolling fd = 7
Socket not ready, repolling fd = 7
Socket not ready, repolling fd = 7
Socket not ready, repolling fd = 7
Socket not ready, repolling fd = 7
Socket not ready, repolling fd = 7
Socket not ready, repolling fd = 7
Socket not ready, repolling fd = 7
Socket not ready, repolling fd = 7
Socket not ready, repolling fd = 7
Socket not ready, repolling fd = 7
Socket not ready, repolling fd = 7
Socket not ready, repolling fd = 7
Socket not ready, repolling fd = 7
Socket not ready, repolling fd = 7
Socket not ready, repolling fd = 7
Socket not ready, repolling fd = 7
Socket not ready, repolling fd = 7
Socket not ready, repolling fd = 7
Socket not ready, repolling fd = 7
Socket not ready, repolling fd = 7
Socket not ready, repolling fd = 7
Socket not ready, repolling fd = 7
Socket not ready, repolling fd = 7
Socket not ready, repolling fd = 7
Socket not ready, repolling fd = 7
Socket not ready, repolling fd = 7
Socket not ready, repolling fd = 7
Socket not ready, repolling fd = 7
Socket not ready, repolling fd = 7
Socket not ready, repolling fd = 7
Socket not ready, repolling fd = 7
Socket not ready, repolling fd = 7
Socket not ready, repolling fd = 7
Socket not ready, repolling fd = 7
Socket not ready, repolling fd = 7
Socket not ready, repolling fd = 7
Socket not ready, repolling fd = 7
Socket not ready, repolling fd = 7
Socket not ready, repolling fd = 7
Socket not ready, repolling fd = 7
Socket not ready, repolling fd = 7
Socket not ready, repolling fd = 7
Socket not ready, repolling fd = 7
Socket not ready, repolling fd = 7
Socket not ready, repolling fd = 7
Socket not ready, repolling fd = 7
Socket not ready, repolling fd = 7
Socket not ready, repolling fd = 7
Socket not ready, repolling fd = 7
Socket not ready, repolling fd = 7
Socket not ready, repolling fd = 7
Socket not ready, repolling fd = 7
Socket not ready, repolling fd = 7
Socket not ready, repolling fd = 7
Socket not ready, repolling fd = 7
Socket not ready, repolling fd = 7
Socket not ready, repolling fd = 7
Socket not ready, repolling fd = 7
Socket not ready, repolling fd = 7
Socket not ready, repolling fd = 7
Socket not ready, repolling fd = 7
Socket not ready, repolling fd = 7
Socket not ready, repolling fd = 7
Socket not ready, repolling fd = 7
Socket not ready, repolling fd = 7
Socket not ready, repolling fd = 7
Socket not ready, repolling fd = 7
Socket not ready, repolling fd = 7
Socket not ready, repolling fd = 7
Socket not ready, repolling fd = 7
Socket not ready, repolling fd = 7
Socket not ready, repolling fd = 7
Socket not ready, repolling fd = 7
Socket not ready, repolling fd = 7
Socket not ready, repolling fd = 7
Socket not ready, repolling fd = 7
Socket not ready, repolling fd = 7
Socket not ready, repolling fd = 7
Socket not ready, repolling fd = 7
Socket not ready, repolling fd = 7
Socket not ready, repolling fd = 7
Socket not ready, repolling fd = 7
Socket not ready, repolling fd = 7
Socket not ready, repolling fd = 7
Socket not ready, repolling fd = 7
Socket not ready, repolling fd = 7
Socket not ready, repolling fd = 7
Socket not ready, repolling fd = 7
Socket not ready, repolling fd = 7
Socket not ready, repolling fd = 7
Socket not ready, repolling fd = 7
Socket not ready, repolling fd = 7
Socket not ready, repolling fd = 7
Socket not ready, repolling fd = 7
Socket not ready, repolling fd = 7
Socket not ready, repolling fd = 7
Socket not ready, repolling fd = 7
Socket not ready, repolling fd = 7
Socket not ready, repolling fd = 7
Socket not ready, repolling fd = 7
Socket not ready, repolling fd = 7
Socket not ready, repolling fd = 7
Socket not ready, repolling fd = 7
Socket not ready, repolling fd = 7
Socket not ready, repolling fd = 7
Socket not ready, repolling fd = 7
Socket not ready, repolling fd = 7
Socket not ready, repolling fd = 7
Socket not ready, repolling fd = 7
Socket not ready, repolling fd = 7
Socket not ready, repolling fd = 7
Socket not ready, repolling fd = 7
Socket not ready, repolling fd = 7
Socket not ready, repolling fd = 7
Socket not ready, repolling fd = 7
Socket not ready, repolling fd = 7
Socket not ready, repolling fd = 7
Socket not ready, repolling fd = 7
Socket not ready, repolling fd = 7
Socket not ready, repolling fd = 7
Socket not ready, repolling fd = 7
Socket not ready, repolling fd = 7
Socket not ready, repolling fd = 7
Socket not ready, repolling fd = 7
Socket not ready, repolling fd = 7
Socket not ready, repolling fd = 7
Socket not ready, repolling fd = 7
Socket not ready, repolling fd = 7
Socket not ready, repolling fd = 7
Socket not ready, repolling fd = 7
Socket not ready, repolling fd = 7
Socket not ready, repolling fd = 7
Socket not ready, repolling fd = 7
Socket not ready, repolling fd = 7
Socket not ready, repolling fd = 7
Socket not ready, repolling fd = 7
Socket not ready, repolling fd = 7
Socket not ready, repolling fd = 7
Socket not ready, repolling fd = 7
Socket not ready, repolling fd = 7
Socket not ready, repolling fd = 7
Socket not ready, repolling fd = 7
Socket not ready, repolling fd = 7
Socket not ready, repolling fd = 7
Socket not ready, repolling fd = 7
Socket not ready, repolling fd = 7
Socket not ready, repolling fd = 7
Socket not ready, repolling fd = 7
Socket not ready, repolling fd = 7
Socket not ready, repolling fd = 7
Socket not ready, repolling fd = 7
Socket not ready, repolling fd = 7
Socket not ready, repolling fd = 7
Socket not ready, repolling fd = 7
Socket not ready, repolling fd = 7
Socket not ready, repolling fd = 7
Socket not ready, repolling fd = 7
Socket not ready, repolling fd = 7
Socket not ready, repolling fd = 7
Socket not ready, repolling fd = 7
Socket not ready, repolling fd = 7
Socket not ready, repolling fd = 7
Socket not ready, repolling fd = 7
Socket not ready, repolling fd = 7
Socket not ready, repolling fd = 7
Socket not ready, repolling fd = 7
Socket not ready, repolling fd = 7
Socket not ready, repolling fd = 7
Socket not ready, repolling fd = 7
Socket not ready, repolling fd = 7
Socket not ready, repolling fd = 7
Socket not ready, repolling fd = 7
Socket not ready, repolling fd = 7
Socket not ready, repolling fd = 7
Socket not ready, repolling fd = 7
Socket not ready, repolling fd = 7
Socket not ready, repolling fd = 7
Socket not ready, repolling fd = 7
Socket not ready, repolling fd = 7
Socket not ready, repolling fd = 7
Socket not ready, repolling fd = 7
Socket not ready, repolling fd = 7
Socket not ready, repolling fd = 7
Socket not ready, repolling fd = 7
Socket not ready, repolling fd = 7
Socket not ready, repolling fd = 7
Socket not ready, repolling fd = 7
Socket not ready, repolling fd = 7
Socket not ready, repolling fd = 7
Socket not ready, repolling fd = 7
Socket not ready, repolling fd = 7
Socket not ready, repolling fd = 7
Socket not ready, repolling fd = 7
Socket not ready, repolling fd = 7
Socket not ready, repolling fd = 7
Socket not ready, repolling fd = 7
Socket not ready, repolling fd = 7
Socket not ready, repolling fd = 7
Socket not ready, repolling fd = 7
Socket not ready, repolling fd = 7
Socket not ready, repolling fd = 7
Socket not ready, repolling fd = 7
Socket not ready, repolling fd = 7
Socket not ready, repolling fd = 7
Socket not ready, repolling fd = 7
Socket not ready, repolling fd = 7
Socket not ready, repolling fd = 7
Socket not ready, repolling fd = 7
Socket not ready, repolling fd = 7
Socket not ready, repolling fd = 7
Socket not ready, repolling fd = 7
Socket not ready, repolling fd = 7
Socket not ready, repolling fd = 7
Socket not ready, repolling fd = 7
Socket not ready, repolling fd = 7
Socket not ready, repolling fd = 7
Socket not ready, repolling fd = 7
Socket not ready, repolling fd = 7
Socket not ready, repolling fd = 7
Socket not ready, repolling fd = 7
Socket not ready, repolling fd = 7
Socket not ready, repolling fd = 7
Socket not ready, repolling fd = 7
Socket not ready, repolling fd = 7
Socket not ready, repolling fd = 7
Socket not ready, repolling fd = 7
Socket not ready, repolling fd = 7
Socket not ready, repolling fd = 7
Socket not ready, repolling fd = 7
Socket not ready, repolling fd = 7
Socket not ready, repolling fd = 7
Socket not ready, repolling fd = 7
Socket not ready, repolling fd = 7
Socket not ready, repolling fd = 7
Socket not ready, repolling fd = 7
Socket not ready, repolling fd = 7
Socket not ready, repolling fd = 7
Socket not ready, repolling fd = 7
Socket not ready, repolling fd = 7
Socket not ready, repolling fd = 7
Socket not ready, repolling fd = 7
Socket not ready, repolling fd = 7
Socket not ready, repolling fd = 7
Socket not ready, repolling fd = 7
Socket not ready, repolling fd = 7
Socket not ready, repolling fd = 7
Socket not ready, repolling fd = 7
Socket not ready, repolling fd = 7
Socket not ready, repolling fd = 7
Socket not ready, repolling fd = 7
Socket not ready, repolling fd = 7
Socket not ready, repolling fd = 7
Socket not ready, repolling fd = 7
Socket not ready, repolling fd = 7
Socket not ready, repolling fd = 7
Socket not ready, repolling fd = 7
Socket not ready, repolling fd = 7
Socket not ready, repolling fd = 7
Socket not ready, repolling fd = 7
Socket not ready, repolling fd = 7
Socket not ready, repolling fd = 7
Socket not ready, repolling fd = 7
Socket not ready, repolling fd = 7
Socket not ready, repolling fd = 7
Socket not ready, repolling fd = 7
Socket not ready, repolling fd = 7
Socket not ready, repolling fd = 7
Socket not ready, repolling fd = 7
Socket not ready, repolling fd = 7
Socket not ready, repolling fd = 7
Socket not ready, repolling fd = 7
Socket not ready, repolling fd = 7
Socket not ready, repolling fd = 7
Socket not ready, repolling fd = 7
Socket not ready, repolling fd = 7
Socket not ready, repolling fd = 7
Socket not ready, repolling fd = 7
Socket not ready, repolling fd = 7
Socket not ready, repolling fd = 7
Socket not ready, repolling fd = 7
Socket not ready, repolling fd = 7
Socket not ready, repolling fd = 7
Socket not ready, repolling fd = 7
Socket not ready, repolling fd = 7
Socket not ready, repolling fd = 7
Socket not ready, repolling fd = 7
Socket not ready, repolling fd = 7
Socket not ready, repolling fd = 7
Socket not ready, repolling fd = 7
Socket not ready, repolling fd = 7
Socket not ready, repolling fd = 7
Socket not ready, repolling fd = 7
Socket not ready, repolling fd = 7
Socket not ready, repolling fd = 7
Socket not ready, repolling fd = 7
Socket not ready, repolling fd = 7
Socket not ready, repolling fd = 7
Socket not ready, repolling fd = 7
Socket not ready, repolling fd = 7
Socket not ready, repolling fd = 7
Socket not ready, repolling fd = 7
Socket not ready, repolling fd = 7
Socket not ready, repolling fd = 7
Socket not ready, repolling fd = 7
Socket not ready, repolling fd = 7
Socket not ready, repolling fd = 7
Socket not ready, repolling fd = 7
Socket not ready, repolling fd = 7
Socket not ready, repolling fd = 7
Socket not ready, repolling fd = 7
Socket not ready, repolling fd = 7
Socket not ready, repolling fd = 7
Socket not ready, repolling fd = 7
Socket not ready, repolling fd = 7
Socket not ready, repolling fd = 7
Socket not ready, repolling fd = 7
Socket not ready, repolling fd = 7
Socket not ready, repolling fd = 7
Socket not ready, repolling fd = 7
Socket not ready, repolling fd = 7
Socket not ready, repolling fd = 7
Socket not ready, repolling fd = 7
Socket not ready, repolling fd = 7
Socket not ready, repolling fd = 7
Socket not ready, repolling fd = 7
Socket not ready, repolling fd = 7
Socket not ready, repolling fd = 7
Socket not ready, repolling fd = 7
Socket not ready, repolling fd = 7
Socket not ready, repolling fd = 7
Socket not ready, repolling fd = 7
Socket not ready, repolling fd = 7
Socket not ready, repolling fd = 7
Socket not ready, repolling fd = 7
Socket not ready, repolling fd = 7
Socket not ready, repolling fd = 7
Socket not ready, repolling fd = 7
Socket not ready, repolling fd = 7
Socket not ready, repolling fd = 7
Socket not ready, repolling fd = 7
Socket not ready, repolling fd = 7
Socket not ready, repolling fd = 7
Socket not ready, repolling fd = 7
Socket not ready, repolling fd = 7
Socket not ready, repolling fd = 7
Socket not ready, repolling fd = 7
Socket not ready, repolling fd = 7
Socket not ready, repolling fd = 7
Socket not ready, repolling fd = 7
Socket not ready, repolling fd = 7
Socket not ready, repolling fd = 7
Socket not ready, repolling fd = 7
Socket not ready, repolling fd = 7
Socket not ready, repolling fd = 7
Socket not ready, repolling fd = 7
Socket not ready, repolling fd = 7
Socket not ready, repolling fd = 7
Socket not ready, repolling fd = 7
Socket not ready, repolling fd = 7
Socket not ready, repolling fd = 7
Socket not ready, repolling fd = 7
Socket not ready, repolling fd = 7
Socket not ready, repolling fd = 7
Socket not ready, repolling fd = 7
Socket not ready, repolling fd = 7
Socket not ready, repolling fd = 7
Socket not ready, repolling fd = 7
Socket not ready, repolling fd = 7
Socket not ready, repolling fd = 7
Socket not ready, repolling fd = 7
Socket not ready, repolling fd = 7
Socket not ready, repolling fd = 7
Socket not ready, repolling fd = 7
Socket not ready, repolling fd = 7
Socket not ready, repolling fd = 7
Socket not ready, repolling fd = 7
Socket not ready, repolling fd = 7
Socket not ready, repolling fd = 7
Socket not ready, repolling fd = 7
Socket not ready, repolling fd = 7
Socket not ready, repolling fd = 7
Socket not ready, repolling fd = 7
Socket not ready, repolling fd = 7
Socket not ready, repolling fd = 7
Socket not ready, repolling fd = 7
Socket not ready, repolling fd = 7
Socket not ready, repolling fd = 7
Socket not ready, repolling fd = 7
Socket not ready, repolling fd = 7
Socket not ready, repolling fd = 7
Socket not ready, repolling fd = 7
Socket not ready, repolling fd = 7
Socket not ready, repolling fd = 7
Socket not ready, repolling fd = 7
Socket not ready, repolling fd = 7
Socket not ready, repolling fd = 7
Socket not ready, repolling fd = 7
Socket not ready, repolling fd = 7
Socket not ready, repolling fd = 7
Socket not ready, repolling fd = 7
Socket not ready, repolling fd = 7
Socket not ready, repolling fd = 7
Socket not ready, repolling fd = 7
Socket not ready, repolling fd = 7
Socket not ready, repolling fd = 7
Socket not ready, repolling fd = 7
Socket not ready, repolling fd = 7
Socket not ready, repolling fd = 7
Socket not ready, repolling fd = 7
Socket not ready, repolling fd = 7
Socket not ready, repolling fd = 7
Socket not ready, repolling fd = 7
Socket not ready, repolling fd = 7
Socket not ready, repolling fd = 7
Socket not ready, repolling fd = 7
Socket not ready, repolling fd = 7
Socket not ready, repolling fd = 7
Socket not ready, repolling fd = 7
Socket not ready, repolling fd = 7
Socket not ready, repolling fd = 7
Socket not ready, repolling fd = 7
Socket not ready, repolling fd = 7
Socket not ready, repolling fd = 7
Socket not ready, repolling fd = 7
Socket not ready, repolling fd = 7
Socket not ready, repolling fd = 7
Socket not ready, repolling fd = 7
Socket not ready, repolling fd = 7
Socket not ready, repolling fd = 7
Socket not ready, repolling fd = 7
Socket not ready, repolling fd = 7
Socket not ready, repolling fd = 7
Socket not ready, repolling fd = 7
Socket not ready, repolling fd = 7
Socket not ready, repolling fd = 7
Socket not ready, repolling fd = 7
Socket not ready, repolling fd = 7
Socket not ready, repolling fd = 7
Socket not ready, repolling fd = 7
Socket not ready, repolling fd = 7
Socket not ready, repolling fd = 7
Socket not ready, repolling fd = 7
Socket not ready, repolling fd = 7
Socket not ready, repolling fd = 7
Socket not ready, repolling fd = 7
Socket not ready, repolling fd = 7
Socket not ready, repolling fd = 7
Socket not ready, repolling fd = 7
Socket not ready, repolling fd = 7
Socket not ready, repolling fd = 7
Socket not ready, repolling fd = 7
Socket not ready, repolling fd = 7
Socket not ready, repolling fd = 7
Socket not ready, repolling fd = 7
Socket not ready, repolling fd = 7
Socket not ready, repolling fd = 7
Socket not ready, repolling fd = 7
Socket not ready, repolling fd = 7
Socket not ready, repolling fd = 7
Socket not ready, repolling fd = 7
Socket not ready, repolling fd = 7
Socket not ready, repolling fd = 7
Socket not ready, repolling fd = 7
Socket not ready, repolling fd = 7
Socket not ready, repolling fd = 7
Socket not ready, repolling fd = 7
Socket not ready, repolling fd = 7
Socket not ready, repolling fd = 7
Socket not ready, repolling fd = 7
Socket not ready, repolling fd = 7
Socket not ready, repolling fd = 7
Socket not ready, repolling fd = 7
Socket not ready, repolling fd = 7
Socket not ready, repolling fd = 7
Socket not ready, repolling fd = 7
Socket not ready, repolling fd = 7
Socket not ready, repolling fd = 7
Socket not ready, repolling fd = 7
Socket not ready, repolling fd = 7
Socket not ready, repolling fd = 7
Socket not ready, repolling fd = 7
Socket not ready, repolling fd = 7
Socket not ready, repolling fd = 7
Socket not ready, repolling fd = 7
Socket not ready, repolling fd = 7
Socket not ready, repolling fd = 7
Socket not ready, repolling fd = 7
Socket not ready, repolling fd = 7
Socket not ready, repolling fd = 7
Socket not ready, repolling fd = 7
Socket not ready, repolling fd = 7
Socket not ready, repolling fd = 7
Socket not ready, repolling fd = 7
Socket not ready, repolling fd = 7
Socket not ready, repolling fd = 7
Socket not ready, repolling fd = 7
Socket not ready, repolling fd = 7
Socket not ready, repolling fd = 7
Socket not ready, repolling fd = 7
Socket not ready, repolling fd = 7
Socket not ready, repolling fd = 7
Socket not ready, repolling fd = 7
Socket not ready, repolling fd = 7
Socket not ready, repolling fd = 7
Socket not ready, repolling fd = 7
Socket not ready, repolling fd = 7
Socket not ready, repolling fd = 7
Socket not ready, repolling fd = 7
Socket not ready, repolling fd = 7
Socket not ready, repolling fd = 7
Socket not ready, repolling fd = 7
Socket not ready, repolling fd = 7
Socket not ready, repolling fd = 7
Socket not ready, repolling fd = 7
Socket not ready, repolling fd = 7
Socket not ready, repolling fd = 7
Socket not ready, repolling fd = 7
Socket not ready, repolling fd = 7
Socket not ready, repolling fd = 7
Socket not ready, repolling fd = 7
Socket not ready, repolling fd = 7
Socket not ready, repolling fd = 7
Socket not ready, repolling fd = 7
Socket not ready, repolling fd = 7
Socket not ready, repolling fd = 7
Socket not ready, repolling fd = 7
Socket not ready, repolling fd = 7
Socket not ready, repolling fd = 7
Socket not ready, repolling fd = 7
Socket not ready, repolling fd = 7
Socket not ready, repolling fd = 7
Socket not ready, repolling fd = 7
Socket not ready, repolling fd = 7
Socket not ready, repolling fd = 7
Socket not ready, repolling fd = 7
Socket not ready, repolling fd = 7
Socket not ready, repolling fd = 7
Socket not ready, repolling fd = 7
Socket not ready, repolling fd = 7
Socket not ready, repolling fd = 7
Socket not ready, repolling fd = 7
Socket not ready, repolling fd = 7
Socket not ready, repolling fd = 7
Socket not ready, repolling fd = 7
Socket not ready, repolling fd = 7
Socket not ready, repolling fd = 7
Socket not ready, repolling fd = 7
Socket not ready, repolling fd = 7
Socket not ready, repolling fd = 7
Socket not ready, repolling fd = 7
Socket not ready, repolling fd = 7
Socket not ready, repolling fd = 7
Socket not ready, repolling fd = 7
Socket not ready, repolling fd = 7
Socket not ready, repolling fd = 7
Socket not ready, repolling fd = 7
Socket not ready, repolling fd = 7
Socket not ready, repolling fd = 7
Socket not ready, repolling fd = 7
Socket not ready, repolling fd = 7
Socket not ready, repolling fd = 7
Socket not ready, repolling fd = 7
Socket not ready, repolling fd = 7
Socket not ready, repolling fd = 7
Socket not ready, repolling fd = 7
Socket not ready, repolling fd = 7
Socket not ready, repolling fd = 7
Socket not ready, repolling fd = 7
Socket not ready, repolling fd = 7
Socket not ready, repolling fd = 7
Socket not ready, repolling fd = 7
Socket not ready, repolling fd = 7
Socket not ready, repolling fd = 7
Socket not ready, repolling fd = 7
Socket not ready, repolling fd = 7
Socket not ready, repolling fd = 7
Socket not ready, repolling fd = 7
Socket not ready, repolling fd = 7
Socket not ready, repolling fd = 7
Socket not ready, repolling fd = 7
Socket not ready, repolling fd = 7
Socket not ready, repolling fd = 7
Socket not ready, repolling fd = 7
Socket not ready, repolling fd = 7
Socket not ready, repolling fd = 7
Socket not ready, repolling fd = 7
Socket not ready, repolling fd = 7
Socket not ready, repolling fd = 7
Socket not ready, repolling fd = 7
Socket not ready, repolling fd = 7
Socket not ready, repolling fd = 7
Socket not ready, repolling fd = 7
Socket not ready, repolling fd = 7
Socket not ready, repolling fd = 7
Socket not ready, repolling fd = 7
Socket not ready, repolling fd = 7
Socket not ready, repolling fd = 7
Socket not ready, repolling fd = 7
Socket not ready, repolling fd = 7
Socket not ready, repolling fd = 7
Socket not ready, repolling fd = 7
Socket not ready, repolling fd = 7
Socket not ready, repolling fd = 7
Socket not ready, repolling fd = 7
Socket not ready, repolling fd = 7
Socket not ready, repolling fd = 7
Socket not ready, repolling fd = 7
Socket not ready, repolling fd = 7
Socket not ready, repolling fd = 7
Socket not ready, repolling fd = 7
Socket not ready, repolling fd = 7
Socket not ready, repolling fd = 7
Socket not ready, repolling fd = 7
Socket not ready, repolling fd = 7
Socket not ready, repolling fd = 7
Socket not ready, repolling fd = 7
Socket not ready, repolling fd = 7
Socket not ready, repolling fd = 7
Socket not ready, repolling fd = 7
Socket not ready, repolling fd = 7
Socket not ready, repolling fd = 7
Socket not ready, repolling fd = 7
Socket not ready, repolling fd = 7
Socket not ready, repolling fd = 7
Socket not ready, repolling fd = 7
Socket not ready, repolling fd = 7
Socket not ready, repolling fd = 7
Socket not ready, repolling fd = 7
Socket not ready, repolling fd = 7
Socket not ready, repolling fd = 7
Socket not ready, repolling fd = 7
Socket not ready, repolling fd = 7
Socket not ready, repolling fd = 7
Socket not ready, repolling fd = 7
Socket not ready, repolling fd = 7
Socket not ready, repolling fd = 7
Socket not ready, repolling fd = 7
Socket not ready, repolling fd = 7
Socket not ready, repolling fd = 7
Socket not ready, repolling fd = 7
Socket not ready, repolling fd = 7
Socket not ready, repolling fd = 7
Socket not ready, repolling fd = 7
Socket not ready, repolling fd = 7
Socket not ready, repolling fd = 7
Socket not ready, repolling fd = 7
Socket not ready, repolling fd = 7
Socket not ready, repolling fd = 7
Socket not ready, repolling fd = 7
Socket not ready, repolling fd = 7
Socket not ready, repolling fd = 7
Socket not ready, repolling fd = 7
Socket not ready, repolling fd = 7
Socket not ready, repolling fd = 7
Socket not ready, repolling fd = 7
Socket not ready, repolling fd = 7
Socket not ready, repolling fd = 7
Socket not ready, repolling fd = 7
Socket not ready, repolling fd = 7
Socket not ready, repolling fd = 7
Socket not ready, repolling fd = 7
Socket not ready, repolling fd = 7
Socket not ready, repolling fd = 7
Socket not ready, repolling fd = 7
Socket not ready, repolling fd = 7
Socket not ready, repolling fd = 7
Socket not ready, repolling fd = 7
Socket not ready, repolling fd = 7
Socket not ready, repolling fd = 7
Socket not ready, repolling fd = 7
Socket not ready, repolling fd = 7
Socket not ready, repolling fd = 7
Socket not ready, repolling fd = 7
Socket not ready, repolling fd = 7
Socket not ready, repolling fd = 7
Socket not ready, repolling fd = 7
Socket not ready, repolling fd = 7
Socket not ready, repolling fd = 7
Socket not ready, repolling fd = 7
Socket not ready, repolling fd = 7
Socket not ready, repolling fd = 7
Socket not ready, repolling fd = 7
Socket not ready, repolling fd = 7
Socket not ready, repolling fd = 7
Socket not ready, repolling fd = 7
Socket not ready, repolling fd = 7
Socket not ready, repolling fd = 7
Socket not ready, repolling fd = 7
Socket not ready, repolling fd = 7
Socket not ready, repolling fd = 7
Socket not ready, repolling fd = 7
Socket not ready, repolling fd = 7
Socket not ready, repolling fd = 7
Socket not ready, repolling fd = 7
Socket not ready, repolling fd = 7
Socket not ready, repolling fd = 7
Socket not ready, repolling fd = 7
Socket not ready, repolling fd = 7
Socket not ready, repolling fd = 7
Socket not ready, repolling fd = 7
Socket not ready, repolling fd = 7
Socket not ready, repolling fd = 7
Socket not ready, repolling fd = 7
Socket not ready, repolling fd = 7
Socket not ready, repolling fd = 7
Socket not ready, repolling fd = 7
Socket not ready, repolling fd = 7
Socket not ready, repolling fd = 7
Socket not ready, repolling fd = 7
Socket not ready, repolling fd = 7
Socket not ready, repolling fd = 7
Socket not ready, repolling fd = 7
Socket not ready, repolling fd = 7
Socket not ready, repolling fd = 7
Socket not ready, repolling fd = 7
Socket not ready, repolling fd = 7
Socket not ready, repolling fd = 7
Socket not ready, repolling fd = 7
Socket not ready, repolling fd = 7
Socket not ready, repolling fd = 7
Socket not ready, repolling fd = 7
Socket not ready, repolling fd = 7
Socket not ready, repolling fd = 7
Socket not ready, repolling fd = 7
Socket not ready, repolling fd = 7
Socket not ready, repolling fd = 7
Socket not ready, repolling fd = 7
Socket not ready, repolling fd = 7
Socket not ready, repolling fd = 7
Socket not ready, repolling fd = 7
Socket not ready, repolling fd = 7
Socket not ready, repolling fd = 7
Socket not ready, repolling fd = 7
Socket not ready, repolling fd = 7
Socket not ready, repolling fd = 7
Socket not ready, repolling fd = 7
Socket not ready, repolling fd = 7
Socket not ready, repolling fd = 7
Socket not ready, repolling fd = 7
Socket not ready, repolling fd = 7
Socket not ready, repolling fd = 7
Socket not ready, repolling fd = 7
Socket not ready, repolling fd = 7
Socket not ready, repolling fd = 7
Socket not ready, repolling fd = 7
Socket not ready, repolling fd = 7
Socket not ready, repolling fd = 7
Socket not ready, repolling fd = 7
Socket not ready, repolling fd = 7
Socket not ready, repolling fd = 7
Socket not ready, repolling fd = 7
Socket not ready, repolling fd = 7
Socket not ready, repolling fd = 7
Socket not ready, repolling fd = 7
Socket not ready, repolling fd = 7
Socket not ready, repolling fd = 7
Socket not ready, repolling fd = 7
Socket not ready, repolling fd = 7
Socket not ready, repolling fd = 7
Socket not ready, repolling fd = 7
Socket not ready, repolling fd = 7
Socket not ready, repolling fd = 7
Socket not ready, repolling fd = 7
Socket not ready, repolling fd = 7
Socket not ready, repolling fd = 7
Socket not ready, repolling fd = 7
Socket not ready, repolling fd = 7
Socket not ready, repolling fd = 7
Socket not ready, repolling fd = 7
Socket not ready, repolling fd = 7
Socket not ready, repolling fd = 7
Socket not ready, repolling fd = 7
Socket not ready, repolling fd = 7
Socket not ready, repolling fd = 7
Socket not ready, repolling fd = 7
Socket not ready, repolling fd = 7
Socket not ready, repolling fd = 7
Socket not ready, repolling fd = 7
Socket not ready, repolling fd = 7
Socket not ready, repolling fd = 7
Socket not ready, repolling fd = 7
Socket not ready, repolling fd = 7
Socket not ready, repolling fd = 7
Socket not ready, repolling fd = 7
Socket not ready, repolling fd = 7
Socket not ready, repolling fd = 7
Socket not ready, repolling fd = 7
Socket not ready, repolling fd = 7
Socket not ready, repolling fd = 7
Socket not ready, repolling fd = 7
Socket not ready, repolling fd = 7
Socket not ready, repolling fd = 7
Socket not ready, repolling fd = 7
Socket not ready, repolling fd = 7
Socket not ready, repolling fd = 7
Socket not ready, repolling fd = 7
Socket not ready, repolling fd = 7
Socket not ready, repolling fd = 7
Socket not ready, repolling fd = 7
Socket not ready, repolling fd = 7
Socket not ready, repolling fd = 7
Socket not ready, repolling fd = 7
Socket not ready, repolling fd = 7
Socket not ready, repolling fd = 7
Socket not ready, repolling fd = 7
Socket not ready, repolling fd = 7
Socket not ready, repolling fd = 7
Socket not ready, repolling fd = 7
Socket not ready, repolling fd = 7
Socket not ready, repolling fd = 7
Socket not ready, repolling fd = 7
Socket not ready, repolling fd = 7
Socket not ready, repolling fd = 7
Socket not ready, repolling fd = 7
Socket not ready, repolling fd = 7
Socket not ready, repolling fd = 7
Socket not ready, repolling fd = 7
Socket not ready, repolling fd = 7
Socket not ready, repolling fd = 7
Socket not ready, repolling fd = 7
Socket not ready, repolling fd = 7
Socket not ready, repolling fd = 7
Socket not ready, repolling fd = 7
Socket not ready, repolling fd = 7
Socket not ready, repolling fd = 7
Socket not ready, repolling fd = 7
Socket not ready, repolling fd = 7
Socket not ready, repolling fd = 7
Socket not ready, repolling fd = 7
Socket not ready, repolling fd = 7
Socket not ready, repolling fd = 7
Socket not ready, repolling fd = 7
Socket not ready, repolling fd = 7
Socket not ready, repolling fd = 7
Socket not ready, repolling fd = 7
Socket not ready, repolling fd = 7
Socket not ready, repolling fd = 7
Socket not ready, repolling fd = 7
Socket not ready, repolling fd = 7
Socket not ready, repolling fd = 7
Socket not ready, repolling fd = 7
Socket not ready, repolling fd = 7
Socket not ready, repolling fd = 7
Socket not ready, repolling fd = 7
Socket not ready, repolling fd = 7
Socket not ready, repolling fd = 7
Socket not ready, repolling fd = 7
Socket not ready, repolling fd = 7
Socket not ready, repolling fd = 7
Socket not ready, repolling fd = 7
Socket not ready, repolling fd = 7
Socket not ready, repolling fd = 7
Socket not ready, repolling fd = 7
Socket not ready, repolling fd = 7
Socket not ready, repolling fd = 7
Socket not ready, repolling fd = 7
Socket not ready, repolling fd = 7
Socket not ready, repolling fd = 7
Socket not ready, repolling fd = 7
Socket not ready, repolling fd = 7
Socket not ready, repolling fd = 7
Socket not ready, repolling fd = 7
Socket not ready, repolling fd = 7
Socket not ready, repolling fd = 7
Socket not ready, repolling fd = 7
Socket not ready, repolling fd = 7
Socket not ready, repolling fd = 7
Socket not ready, repolling fd = 7
Socket not ready, repolling fd = 7
Socket not ready, repolling fd = 7
Socket not ready, repolling fd = 7
Socket not ready, repolling fd = 7
Socket not ready, repolling fd = 7
Socket not ready, repolling fd = 7
Socket not ready, repolling fd = 7
Socket not ready, repolling fd = 7
Socket not ready, repolling fd = 7
Socket not ready, repolling fd = 7
Socket not ready, repolling fd = 7
Socket not ready, repolling fd = 7
Socket not ready, repolling fd = 7
Socket not ready, repolling fd = 7
Socket not ready, repolling fd = 7
Socket not ready, repolling fd = 7
Socket not ready, repolling fd = 7
Socket not ready, repolling fd = 7
Socket not ready, repolling fd = 7
Socket not ready, repolling fd = 7
Socket not ready, repolling fd = 7
Socket not ready, repolling fd = 7
Socket not ready, repolling fd = 7
Socket not ready, repolling fd = 7
Socket not ready, repolling fd = 7
Socket not ready, repolling fd = 7
Socket not ready, repolling fd = 7
Socket not ready, repolling fd = 7
Socket not ready, repolling fd = 7
Socket not ready, repolling fd = 7
Socket not ready, repolling fd = 7
Socket not ready, repolling fd = 7
Socket not ready, repolling fd = 7
Socket not ready, repolling fd = 7
Socket not ready, repolling fd = 7
Socket not ready, repolling fd = 7
Socket not ready, repolling fd = 7
Socket not ready, repolling fd = 7
Socket not ready, repolling fd = 7
Socket not ready, repolling fd = 7
Socket not ready, repolling fd = 7
Socket not ready, repolling fd = 7
Socket not ready, repolling fd = 7
Socket not ready, repolling fd = 7
Socket not ready, repolling fd = 7
Socket not ready, repolling fd = 7
Socket not ready, repolling fd = 7
Socket not ready, repolling fd = 7
Socket not ready, repolling fd = 7
Socket not ready, repolling fd = 7
Socket not ready, repolling fd = 7
Socket not ready, repolling fd = 7
Socket not ready, repolling fd = 7
Socket not ready, repolling fd = 7
Socket not ready, repolling fd = 7
Socket not ready, repolling fd = 7
Socket not ready, repolling fd = 7
Socket not ready, repolling fd = 7
Socket not ready, repolling fd = 7
Socket not ready, repolling fd = 7
Socket not ready, repolling fd = 7
Socket not ready, repolling fd = 7
Socket not ready, repolling fd = 7
Socket not ready, repolling fd = 7
Socket not ready, repolling fd = 7
Socket not ready, repolling fd = 7
Socket not ready, repolling fd = 7
Socket not ready, repolling fd = 7
Socket not ready, repolling fd = 7
Socket not ready, repolling fd = 7
Socket not ready, repolling fd = 7
Socket not ready, repolling fd = 7
Socket not ready, repolling fd = 7
Socket not ready, repolling fd = 7
Socket not ready, repolling fd = 7
Socket not ready, repolling fd = 7
Socket not ready, repolling fd = 7
Socket not ready, repolling fd = 7
Socket not ready, repolling fd = 7
Socket not ready, repolling fd = 7
Socket not ready, repolling fd = 7
Socket not ready, repolling fd = 7
Socket not ready, repolling fd = 7
Socket not ready, repolling fd = 7
Socket not ready, repolling fd = 7
Socket not ready, repolling fd = 7
Socket not ready, repolling fd = 7
Socket not ready, repolling fd = 7
Socket not ready, repolling fd = 7
Socket not ready, repolling fd = 7
Socket not ready, repolling fd = 7
Socket not ready, repolling fd = 7
Socket not ready, repolling fd = 7
Socket not ready, repolling fd = 7
Socket not ready, repolling fd = 7
Socket not ready, repolling fd = 7
Socket not ready, repolling fd = 7
Socket not ready, repolling fd = 7
Socket not ready, repolling fd = 7
Socket not ready, repolling fd = 7
Socket not ready, repolling fd = 7
Socket not ready, repolling fd = 7
Socket not ready, repolling fd = 7
Socket not ready, repolling fd = 7
Socket not ready, repolling fd = 7
Socket not ready, repolling fd = 7
Socket not ready, repolling fd = 7
Socket not ready, repolling fd = 7
Socket not ready, repolling fd = 7
Socket not ready, repolling fd = 7
Socket not ready, repolling fd = 7
Socket not ready, repolling fd = 7
Socket not ready, repolling fd = 7
Socket not ready, repolling fd = 7
Socket not ready, repolling fd = 7
Socket not ready, repolling fd = 7
Socket not ready, repolling fd = 7
Socket not ready, repolling fd = 7
Socket not ready, repolling fd = 7
Socket not ready, repolling fd = 7
Socket not ready, repolling fd = 7
Socket not ready, repolling fd = 7
Socket not ready, repolling fd = 7
Socket not ready, repolling fd = 7
Socket not ready, repolling fd = 7
Socket not ready, repolling fd = 7
Socket not ready, repolling fd = 7
Socket not ready, repolling fd = 7
Socket not ready, repolling fd = 7
Socket not ready, repolling fd = 7
Socket not ready, repolling fd = 7
Socket not ready, repolling fd = 7
Socket not ready, repolling fd = 7
Socket not ready, repolling fd = 7
Socket not ready, repolling fd = 7
Socket not ready, repolling fd = 7
Socket not ready, repolling fd = 7
Socket not ready, repolling fd = 7
Socket not ready, repolling fd = 7
Socket not ready, repolling fd = 7
Socket not ready, repolling fd = 7
Socket not ready, repolling fd = 7
Socket not ready, repolling fd = 7
Socket not ready, repolling fd = 7
Socket not ready, repolling fd = 7
Socket not ready, repolling fd = 7
Socket not ready, repolling fd = 7
Socket not ready, repolling fd = 7
Socket not ready, repolling fd = 7
Socket not ready, repolling fd = 7
Socket not ready, repolling fd = 7
Socket not ready, repolling fd = 7
Socket not ready, repolling fd = 7
Socket not ready, repolling fd = 7
Socket not ready, repolling fd = 7
Socket not ready, repolling fd = 7
Socket not ready, repolling fd = 7
Socket not ready, repolling fd = 7
Socket not ready, repolling fd = 7
Socket not ready, repolling fd = 7
Socket not ready, repolling fd = 7
Socket not ready, repolling fd = 7
Socket not ready, repolling fd = 7
Socket not ready, repolling fd = 7
Socket not ready, repolling fd = 7
Socket not ready, repolling fd = 7
Socket not ready, repolling fd = 7
Socket not ready, repolling fd = 7
Socket not ready, repolling fd = 7
Socket not ready, repolling fd = 7
Socket not ready, repolling fd = 7
Socket not ready, repolling fd = 7
Socket not ready, repolling fd = 7
Socket not ready, repolling fd = 7
Socket not ready, repolling fd = 7
Socket not ready, repolling fd = 7
Socket not ready, repolling fd = 7
Socket not ready, repolling fd = 7
Socket not ready, repolling fd = 7
Socket not ready, repolling fd = 7
Socket not ready, repolling fd = 7
Socket not ready, repolling fd = 7
Socket not ready, repolling fd = 7
Socket not ready, repolling fd = 7
Socket not ready, repolling fd = 7
Socket not ready, repolling fd = 7
Socket not ready, repolling fd = 7
Socket not ready, repolling fd = 7
Socket not ready, repolling fd = 7
Socket not ready, repolling fd = 7
Socket not ready, repolling fd = 7
Socket not ready, repolling fd = 7
Socket not ready, repolling fd = 7
Socket not ready, repolling fd = 7
Socket not ready, repolling fd = 7
Socket not ready, repolling fd = 7
Socket not ready, repolling fd = 7
Socket not ready, repolling fd = 7
Socket not ready, repolling fd = 7
Socket not ready, repolling fd = 7
Socket not ready, repolling fd = 7
Socket not ready, repolling fd = 7
Socket not ready, repolling fd = 7
Socket not ready, repolling fd = 7
Socket not ready, repolling fd = 7
Socket not ready, repolling fd = 7
Socket not ready, repolling fd = 7
Socket not ready, repolling fd = 7
Socket not ready, repolling fd = 7
Socket not ready, repolling fd = 7
Socket not ready, repolling fd = 7
Socket not ready, repolling fd = 7
Socket not ready, repolling fd = 7
Socket not ready, repolling fd = 7
Socket not ready, repolling fd = 7
Socket not ready, repolling fd = 7
Socket not ready, repolling fd = 7
Socket not ready, repolling fd = 7
Socket not ready, repolling fd = 7
Socket not ready, repolling fd = 7
Socket not ready, repolling fd = 7
Socket not ready, repolling fd = 7
Socket not ready, repolling fd = 7
Socket not ready, repolling fd = 7
Socket not ready, repolling fd = 7
Socket not ready, repolling fd = 7
Socket not ready, repolling fd = 7
Socket not ready, repolling fd = 7
Socket not ready, repolling fd = 7
Socket not ready, repolling fd = 7
Socket not ready, repolling fd = 7
Socket not ready, repolling fd = 7
Socket not ready, repolling fd = 7
Socket not ready, repolling fd = 7
Socket not ready, repolling fd = 7
Socket not ready, repolling fd = 7
Socket not ready, repolling fd = 7
Socket not ready, repolling fd = 7
Socket not ready, repolling fd = 7
Socket not ready, repolling fd = 7
Socket not ready, repolling fd = 7
Socket not ready, repolling fd = 7
Socket not ready, repolling fd = 7
Socket not ready, repolling fd = 7
Socket not ready, repolling fd = 7
Socket not ready, repolling fd = 7
Socket not ready, repolling fd = 7
Socket not ready, repolling fd = 7
Socket not ready, repolling fd = 7
Socket not ready, repolling fd = 7
Socket not ready, repolling fd = 7
Socket not ready, repolling fd = 7
Socket not ready, repolling fd = 7
Socket not ready, repolling fd = 7
Socket not ready, repolling fd = 7
Socket not ready, repolling fd = 7
Socket not ready, repolling fd = 7
Socket not ready, repolling fd = 7
Socket not ready, repolling fd = 7
Socket not ready, repolling fd = 7
Socket not ready, repolling fd = 7
Socket not ready, repolling fd = 7
Socket not ready, repolling fd = 7
Socket not ready, repolling fd = 7
Socket not ready, repolling fd = 7
Socket not ready, repolling fd = 7
Socket not ready, repolling fd = 7
Socket not ready, repolling fd = 7
Socket not ready, repolling fd = 7
Socket not ready, repolling fd = 7
Socket not ready, repolling fd = 7
Socket not ready, repolling fd = 7
Socket not ready, repolling fd = 7
Socket not ready, repolling fd = 7
Socket not ready, repolling fd = 7
Socket not ready, repolling fd = 7
Socket not ready, repolling fd = 7
Socket not ready, repolling fd = 7
Socket not ready, repolling fd = 7
Socket not ready, repolling fd = 7
Socket not ready, repolling fd = 7
Socket not ready, repolling fd = 7
Socket not ready, repolling fd = 7
Socket not ready, repolling fd = 7
Socket not ready, repolling fd = 7
Socket not ready, repolling fd = 7
Socket not ready, repolling fd = 7
Socket not ready, repolling fd = 7
Socket not ready, repolling fd = 7
Socket not ready, repolling fd = 7
Socket not ready, repolling fd = 7
Socket not ready, repolling fd = 7
Socket not ready, repolling fd = 7
Socket not ready, repolling fd = 7
Socket not ready, repolling fd = 7
Socket not ready, repolling fd = 7
Socket not ready, repolling fd = 7
Socket not ready, repolling fd = 7
Socket not ready, repolling fd = 7
Socket not ready, repolling fd = 7
Socket not ready, repolling fd = 7
Socket not ready, repolling fd = 7
Socket not ready, repolling fd = 7
Socket not ready, repolling fd = 7
Socket not ready, repolling fd = 7
Socket not ready, repolling fd = 7
Socket not ready, repolling fd = 7
Socket not ready, repolling fd = 7
Socket not ready, repolling fd = 7
Socket not ready, repolling fd = 7
Socket not ready, repolling fd = 7
Socket not ready, repolling fd = 7
Socket not ready, repolling fd = 7
Socket not ready, repolling fd = 7
Socket not ready, repolling fd = 7
Socket not ready, repolling fd = 7
Socket not ready, repolling fd = 7
Socket not ready, repolling fd = 7
Socket not ready, repolling fd = 7
Socket not ready, repolling fd = 7
Socket not ready, repolling fd = 7
Socket not ready, repolling fd = 7
Socket not ready, repolling fd = 7
Socket not ready, repolling fd = 7
Socket not ready, repolling fd = 7
Socket not ready, repolling fd = 7
Socket not ready, repolling fd = 7
Socket not ready, repolling fd = 7
Socket not ready, repolling fd = 7
Socket not ready, repolling fd = 7
Socket not ready, repolling fd = 7
Socket not ready, repolling fd = 7
Socket not ready, repolling fd = 7
Socket not ready, repolling fd = 7
Socket not ready, repolling fd = 7
Socket not ready, repolling fd = 7
Socket not ready, repolling fd = 7
Socket not ready, repolling fd = 7
Socket not ready, repolling fd = 7
Socket not ready, repolling fd = 7
Socket not ready, repolling fd = 7
Socket not ready, repolling fd = 7
Socket not ready, repolling fd = 7
Socket not ready, repolling fd = 7
Socket not ready, repolling fd = 7
Socket not ready, repolling fd = 7
Socket not ready, repolling fd = 7
Socket not ready, repolling fd = 7
Socket not ready, repolling fd = 7
Socket not ready, repolling fd = 7
Socket not ready, repolling fd = 7
Socket not ready, repolling fd = 7
Socket not ready, repolling fd = 7
Socket not ready, repolling fd = 7
Socket not ready, repolling fd = 7
Socket not ready, repolling fd = 7
Socket not ready, repolling fd = 7
Socket not ready, repolling fd = 7
Socket not ready, repolling fd = 7
Socket not ready, repolling fd = 7
Socket not ready, repolling fd = 7
Socket not ready, repolling fd = 7
Socket not ready, repolling fd = 7
Socket not ready, repolling fd = 7
Socket not ready, repolling fd = 7
Socket not ready, repolling fd = 7
Socket not ready, repolling fd = 7
Socket not ready, repolling fd = 7
Socket not ready, repolling fd = 7
Socket not ready, repolling fd = 7
Socket not ready, repolling fd = 7
Socket not ready, repolling fd = 7
Socket not ready, repolling fd = 7
Socket not ready, repolling fd = 7
Socket not ready, repolling fd = 7
Socket not ready, repolling fd = 7
Socket not ready, repolling fd = 7
Socket not ready, repolling fd = 7
Socket not ready, repolling fd = 7
Socket not ready, repolling fd = 7
Socket not ready, repolling fd = 7
Socket not ready, repolling fd = 7
Socket not ready, repolling fd = 7
Socket not ready, repolling fd = 7
Socket not ready, repolling fd = 7
Socket not ready, repolling fd = 7
Socket not ready, repolling fd = 7
Socket not ready, repolling fd = 7
Socket not ready, repolling fd = 7
Socket not ready, repolling fd = 7
Socket not ready, repolling fd = 7
Socket not ready, repolling fd = 7
Socket not ready, repolling fd = 7
Socket not ready, repolling fd = 7
Socket not ready, repolling fd = 7
Socket not ready, repolling fd = 7
Socket not ready, repolling fd = 7
Socket not ready, repolling fd = 7
Socket not ready, repolling fd = 7
Socket not ready, repolling fd = 7
Socket not ready, repolling fd = 7
Socket not ready, repolling fd = 7
Socket not ready, repolling fd = 7
Socket not ready, repolling fd = 7
Socket not ready, repolling fd = 7
Socket not ready, repolling fd = 7
Socket not ready, repolling fd = 7
Socket not ready, repolling fd = 7
Socket not ready, repolling fd = 7
Socket not ready, repolling fd = 7
Socket not ready, repolling fd = 7
Socket not ready, repolling fd = 7
Socket not ready, repolling fd = 7
Socket not ready, repolling fd = 7
Socket not ready, repolling fd = 7
Socket not ready, repolling fd = 7
Socket not ready, repolling fd = 7
Socket not ready, repolling fd = 7
Socket not ready, repolling fd = 7
Socket not ready, repolling fd = 7
Socket not ready, repolling fd = 7
Socket not ready, repolling fd = 7
Socket not ready, repolling fd = 7
Socket not ready, repolling fd = 7
Socket not ready, repolling fd = 7
Socket not ready, repolling fd = 7
Socket not ready, repolling fd = 7
Socket not ready, repolling fd = 7
Socket not ready, repolling fd = 7
Socket not ready, repolling fd = 7
Socket not ready, repolling fd = 7
Socket not ready, repolling fd = 7
Socket not ready, repolling fd = 7
Socket not ready, repolling fd = 7
Socket not ready, repolling fd = 7
Socket not ready, repolling fd = 7
Socket not ready, repolling fd = 7
Socket not ready, repolling fd = 7
Socket not ready, repolling fd = 7
Socket not ready, repolling fd = 7
Socket not ready, repolling fd = 7
Socket not ready, repolling fd = 7
Socket not ready, repolling fd = 7
Socket not ready, repolling fd = 7
Socket not ready, repolling fd = 7
Socket not ready, repolling fd = 7
Socket not ready, repolling fd = 7
Socket not ready, repolling fd = 7
Socket not ready, repolling fd = 7
Socket not ready, repolling fd = 7
Socket not ready, repolling fd = 7
Socket not ready, repolling fd = 7
Socket not ready, repolling fd = 7
Socket not ready, repolling fd = 7
Socket not ready, repolling fd = 7
Socket not ready, repolling fd = 7
Socket not ready, repolling fd = 7
Socket not ready, repolling fd = 7
Socket not ready, repolling fd = 7
Socket not ready, repolling fd = 7
Socket not ready, repolling fd = 7
Socket not ready, repolling fd = 7
Socket not ready, repolling fd = 7
Socket not ready, repolling fd = 7
Socket not ready, repolling fd = 7
Socket not ready, repolling fd = 7
Socket not ready, repolling fd = 7
Socket not ready, repolling fd = 7
Socket not ready, repolling fd = 7
Socket not ready, repolling fd = 7
Socket not ready, repolling fd = 7
Socket not ready, repolling fd = 7
Socket not ready, repolling fd = 7
Socket not ready, repolling fd = 7
Socket not ready, repolling fd = 7
Socket not ready, repolling fd = 7
Socket not ready, repolling fd = 7
Socket not ready, repolling fd = 7
Socket not ready, repolling fd = 7
Socket not ready, repolling fd = 7
Socket not ready, repolling fd = 7
Socket not ready, repolling fd = 7
Socket not ready, repolling fd = 7
Socket not ready, repolling fd = 7
Socket not ready, repolling fd = 7
Socket not ready, repolling fd = 7
Socket not ready, repolling fd = 7
Socket not ready, repolling fd = 7
Socket not ready, repolling fd = 7
Socket not ready, repolling fd = 7
Socket not ready, repolling fd = 7
Socket not ready, repolling fd = 7
Socket not ready, repolling fd = 7
Socket not ready, repolling fd = 7
Socket not ready, repolling fd = 7
Socket not ready, repolling fd = 7
Socket not ready, repolling fd = 7
Socket not ready, repolling fd = 7
Socket not ready, repolling fd = 7
Socket not ready, repolling fd = 7
Socket not ready, repolling fd = 7
Socket not ready, repolling fd = 7
Socket not ready, repolling fd = 7
Socket not ready, repolling fd = 7
Socket not ready, repolling fd = 7
Socket not ready, repolling fd = 7
Socket not ready, repolling fd = 7
Socket not ready, repolling fd = 7
Socket not ready, repolling fd = 7
Socket not ready, repolling fd = 7
Socket not ready, repolling fd = 7
Socket not ready, repolling fd = 7
Socket not ready, repolling fd = 7
Socket not ready, repolling fd = 7
Socket not ready, repolling fd = 7
Socket not ready, repolling fd = 7
Socket not ready, repolling fd = 7
Socket not ready, repolling fd = 7
Socket not ready, repolling fd = 7
Socket not ready, repolling fd = 7
Socket not ready, repolling fd = 7
Socket not ready, repolling fd = 7
Socket not ready, repolling fd = 7
Socket not ready, repolling fd = 7
Socket not ready, repolling fd = 7
Socket not ready, repolling fd = 7
Socket not ready, repolling fd = 7
Socket not ready, repolling fd = 7
Socket not ready, repolling fd = 7
Socket not ready, repolling fd = 7
Socket not ready, repolling fd = 7
Socket not ready, repolling fd = 7
Socket not ready, repolling fd = 7
Socket not ready, repolling fd = 7
Socket not ready, repolling fd = 7
Socket not ready, repolling fd = 7
Socket not ready, repolling fd = 7
Socket not ready, repolling fd = 7
Socket not ready, repolling fd = 7
Socket not ready, repolling fd = 7
Socket not ready, repolling fd = 7
Socket not ready, repolling fd = 7
Socket not ready, repolling fd = 7
Socket not ready, repolling fd = 7
Socket not ready, repolling fd = 7
Socket not ready, repolling fd = 7
Socket not ready, repolling fd = 7
Socket not ready, repolling fd = 7
Socket not ready, repolling fd = 7
Socket not ready, repolling fd = 7
Socket not ready, repolling fd = 7
Socket not ready, repolling fd = 7
Socket not ready, repolling fd = 7
Socket not ready, repolling fd = 7
Socket not ready, repolling fd = 7
Socket not ready, repolling fd = 7
Socket not ready, repolling fd = 7
Socket not ready, repolling fd = 7
Socket not ready, repolling fd = 7
Socket not ready, repolling fd = 7
Socket not ready, repolling fd = 7
Socket not ready, repolling fd = 7
Socket not ready, repolling fd = 7
Socket not ready, repolling fd = 7
Socket not ready, repolling fd = 7
Socket not ready, repolling fd = 7
Socket not ready, repolling fd = 7
Socket not ready, repolling fd = 7
Socket not ready, repolling fd = 7
Socket not ready, repolling fd = 7
Socket not ready, repolling fd = 7
Socket not ready, repolling fd = 7
Socket not ready, repolling fd = 7
Socket not ready, repolling fd = 7
Socket not ready, repolling fd = 7
Socket not ready, repolling fd = 7
Socket not ready, repolling fd = 7
Socket not ready, repolling fd = 7
Socket not ready, repolling fd = 7
Socket not ready, repolling fd = 7
Socket not ready, repolling fd = 7
Socket not ready, repolling fd = 7
Socket not ready, repolling fd = 7
Socket not ready, repolling fd = 7
Socket not ready, repolling fd = 7
Socket not ready, repolling fd = 7
Socket not ready, repolling fd = 7
Socket not ready, repolling fd = 7
Socket not ready, repolling fd = 7
Socket not ready, repolling fd = 7
Socket not ready, repolling fd = 7
Socket not ready, repolling fd = 7
Socket not ready, repolling fd = 7
Socket not ready, repolling fd = 7
Socket not ready, repolling fd = 7
Socket not ready, repolling fd = 7
Socket not ready, repolling fd = 7
Socket not ready, repolling fd = 7
Socket not ready, repolling fd = 7
Socket not ready, repolling fd = 7
Socket not ready, repolling fd = 7
Socket not ready, repolling fd = 7
Socket not ready, repolling fd = 7
Socket not ready, repolling fd = 7
Socket not ready, repolling fd = 7
Socket not ready, repolling fd = 7
Socket not ready, repolling fd = 7
Socket not ready, repolling fd = 7
Socket not ready, repolling fd = 7
Socket not ready, repolling fd = 7
Socket not ready, repolling fd = 7
Socket not ready, repolling fd = 7
Socket not ready, repolling fd = 7
Socket not ready, repolling fd = 7
Socket not ready, repolling fd = 7
Socket not ready, repolling fd = 7
Socket not ready, repolling fd = 7
Socket not ready, repolling fd = 7
Socket not ready, repolling fd = 7
Socket not ready, repolling fd = 7
Socket not ready, repolling fd = 7
Socket not ready, repolling fd = 7
Socket not ready, repolling fd = 7
Socket not ready, repolling fd = 7
Socket not ready, repolling fd = 7
Socket not ready, repolling fd = 7
Socket not ready, repolling fd = 7
Socket not ready, repolling fd = 7
Socket not ready, repolling fd = 7
Socket not ready, repolling fd = 7
Socket not ready, repolling fd = 7
Socket not ready, repolling fd = 7
Socket not ready, repolling fd = 7
Socket not ready, repolling fd = 7
Socket not ready, repolling fd = 7
Socket not ready, repolling fd = 7
Socket not ready, repolling fd = 7
Socket not ready, repolling fd = 7
Socket not ready, repolling fd = 7
Socket not ready, repolling fd = 7
Socket not ready, repolling fd = 7
Socket not ready, repolling fd = 7
Socket not ready, repolling fd = 7
Socket not ready, repolling fd = 7
Socket not ready, repolling fd = 7
Socket not ready, repolling fd = 7
Socket not ready, repolling fd = 7
Socket not ready, repolling fd = 7
Socket not ready, repolling fd = 7
Socket not ready, repolling fd = 7
Socket not ready, repolling fd = 7
Socket not ready, repolling fd = 7
Socket not ready, repolling fd = 7
Socket not ready, repolling fd = 7
Socket not ready, repolling fd = 7
Socket not ready, repolling fd = 7
Socket not ready, repolling fd = 7
Socket not ready, repolling fd = 7
Socket not ready, repolling fd = 7
Socket not ready, repolling fd = 7
Socket not ready, repolling fd = 7
Socket not ready, repolling fd = 7
Socket not ready, repolling fd = 7
Socket not ready, repolling fd = 7
Socket not ready, repolling fd = 7
Socket not ready, repolling fd = 7
Socket not ready, repolling fd = 7
Socket not ready, repolling fd = 7
Socket not ready, repolling fd = 7
Socket not ready, repolling fd = 7
Socket not ready, repolling fd = 7
Socket not ready, repolling fd = 7
Socket not ready, repolling fd = 7
Socket not ready, repolling fd = 7
Socket not ready, repolling fd = 7
Socket not ready, repolling fd = 7
Socket not ready, repolling fd = 7
Socket not ready, repolling fd = 7
Socket not ready, repolling fd = 7
Socket not ready, repolling fd = 7
Socket not ready, repolling fd = 7
Socket not ready, repolling fd = 7
Socket not ready, repolling fd = 7
Socket not ready, repolling fd = 7
Socket not ready, repolling fd = 7
Socket not ready, repolling fd = 7
Socket not ready, repolling fd = 7
Socket not ready, repolling fd = 7
Socket not ready, repolling fd = 7
Socket not ready, repolling fd = 7
Socket not ready, repolling fd = 7
Socket not ready, repolling fd = 7
Socket not ready, repolling fd = 7
Socket not ready, repolling fd = 7
Socket not ready, repolling fd = 7
Socket not ready, repolling fd = 7
Socket not ready, repolling fd = 7
Socket not ready, repolling fd = 7
Socket not ready, repolling fd = 7
Socket not ready, repolling fd = 7
Socket not ready, repolling fd = 7
Socket not ready, repolling fd = 7
Socket not ready, repolling fd = 7
Socket not ready, repolling fd = 7
Socket not ready, repolling fd = 7
Socket not ready, repolling fd = 7
Socket not ready, repolling fd = 7
Socket not ready, repolling fd = 7
Socket not ready, repolling fd = 7
Socket not ready, repolling fd = 7
Socket not ready, repolling fd = 7
Socket not ready, repolling fd = 7
Socket not ready, repolling fd = 7
Socket not ready, repolling fd = 9
Socket not ready, repolling fd = 8
Socket not ready, repolling fd = 8
Socket not ready, repolling fd = 8
Socket not ready, repolling fd = 8
Socket not ready, repolling fd = 8
Socket not ready, repolling fd = 8
Socket not ready, repolling fd = 8
Socket not ready, repolling fd = 8
Socket not ready, repolling fd = 8
Socket not ready, repolling fd = 8
Socket not ready, repolling fd = 8
Socket not ready, repolling fd = 8
Socket not ready, repolling fd = 8
Socket not ready, repolling fd = 8
Socket not ready, repolling fd = 8
Socket not ready, repolling fd = 8
Socket not ready, repolling fd = 8
Socket not ready, repolling fd = 8
Socket not ready, repolling fd = 8
Socket not ready, repolling fd = 8
Socket not ready, repolling fd = 8
Socket not ready, repolling fd = 8
Socket not ready, repolling fd = 8
Socket not ready, repolling fd = 8
Socket not ready, repolling fd = 8
Socket not ready, repolling fd = 8
Socket not ready, repolling fd = 8
Socket not ready, repolling fd = 8
Socket not ready, repolling fd = 8
Socket not ready, repolling fd = 8
Socket not ready, repolling fd = 8
Socket not ready, repolling fd = 8
Socket not ready, repolling fd = 8
Socket not ready, repolling fd = 8
Socket not ready, repolling fd = 8
Socket not ready, repolling fd = 8
Socket not ready, repolling fd = 8
Socket not ready, repolling fd = 8
Socket not ready, repolling fd = 8
Socket not ready, repolling fd = 8
Socket not ready, repolling fd = 8
Socket not ready, repolling fd = 8
Socket not ready, repolling fd = 8
Socket not ready, repolling fd = 8
Socket not ready, repolling fd = 8
Socket not ready, repolling fd = 8
Socket not ready, repolling fd = 8
Socket not ready, repolling fd = 8
Socket not ready, repolling fd = 8
Socket not ready, repolling fd = 8
Socket not ready, repolling fd = 8
Socket not ready, repolling fd = 8
Socket not ready, repolling fd = 8
Socket not ready, repolling fd = 8
Socket not ready, repolling fd = 8
Socket not ready, repolling fd = 8
Socket not ready, repolling fd = 8
Socket not ready, repolling fd = 8
Socket not ready, repolling fd = 8
Socket not ready, repolling fd = 8
Socket not ready, repolling fd = 8
Socket not ready, repolling fd = 8
Socket not ready, repolling fd = 8
Socket not ready, repolling fd = 8
Socket not ready, repolling fd = 8
Socket not ready, repolling fd = 8
Socket not ready, repolling fd = 8
Socket not ready, repolling fd = 8
Socket not ready, repolling fd = 8
Socket not ready, repolling fd = 8
Socket not ready, repolling fd = 8
Socket not ready, repolling fd = 8
Socket not ready, repolling fd = 8
Socket not ready, repolling fd = 8
Socket not ready, repolling fd = 8
Socket not ready, repolling fd = 8
Socket not ready, repolling fd = 8
Socket not ready, repolling fd = 8
Socket not ready, repolling fd = 7
Socket not ready, repolling fd = 7
Socket not ready, repolling fd = 7
Socket not ready, repolling fd = 7
Socket not ready, repolling fd = 7
Socket not ready, repolling fd = 7
Socket not ready, repolling fd = 7
Socket not ready, repolling fd = 7
Socket not ready, repolling fd = 7
Socket not ready, repolling fd = 7
Socket not ready, repolling fd = 7
Socket not ready, repolling fd = 7
Socket not ready, repolling fd = 7
Socket not ready, repolling fd = 7
Socket not ready, repolling fd = 7
Socket not ready, repolling fd = 7
Socket not ready, repolling fd = 7
Socket not ready, repolling fd = 7
Socket not ready, repolling fd = 7
Socket not ready, repolling fd = 7
Socket not ready, repolling fd = 7
Socket not ready, repolling fd = 7
Socket not ready, repolling fd = 7
Socket not ready, repolling fd = 7
Socket not ready, repolling fd = 7
Socket not ready, repolling fd = 7
Socket not ready, repolling fd = 7
Socket not ready, repolling fd = 7
Socket not ready, repolling fd = 7
Socket not ready, repolling fd = 7
Socket not ready, repolling fd = 7
Socket not ready, repolling fd = 7
Socket not ready, repolling fd = 7
Socket not ready, repolling fd = 7
Socket not ready, repolling fd = 7
Socket not ready, repolling fd = 7
Socket not ready, repolling fd = 7
Socket not ready, repolling fd = 7
Socket not ready, repolling fd = 7
Socket not ready, repolling fd = 7
Socket not ready, repolling fd = 7
Socket not ready, repolling fd = 7
Socket not ready, repolling fd = 7
Socket not ready, repolling fd = 7
Socket not ready, repolling fd = 7
Socket not ready, repolling fd = 7
Socket not ready, repolling fd = 7
Socket not ready, repolling fd = 7
Socket not ready, repolling fd = 7
Socket not ready, repolling fd = 7
Socket not ready, repolling fd = 7
Socket not ready, repolling fd = 7
Socket not ready, repolling fd = 7
Socket not ready, repolling fd = 7
Socket not ready, repolling fd = 7
Socket not ready, repolling fd = 7
Socket not ready, repolling fd = 7
Socket not ready, repolling fd = 7
Socket not ready, repolling fd = 7
Socket not ready, repolling fd = 7
Socket not ready, repolling fd = 7
Socket not ready, repolling fd = 7
Socket not ready, repolling fd = 7
Socket not ready, repolling fd = 7
Socket not ready, repolling fd = 7
Socket not ready, repolling fd = 7
Socket not ready, repolling fd = 7
Socket not ready, repolling fd = 7
Socket not ready, repolling fd = 7
Socket not ready, repolling fd = 7
Socket not ready, repolling fd = 7
Socket not ready, repolling fd = 7
Socket not ready, repolling fd = 7
Socket not ready, repolling fd = 7
Socket not ready, repolling fd = 7
Socket not ready, repolling fd = 7
Socket not ready, repolling fd = 7
Socket not ready, repolling fd = 7
Socket not ready, repolling fd = 7
Socket not ready, repolling fd = 7
Socket not ready, repolling fd = 7
Socket not ready, repolling fd = 7
Socket not ready, repolling fd = 7
Socket not ready, repolling fd = 7
Socket not ready, repolling fd = 7
Socket not ready, repolling fd = 7
Socket not ready, repolling fd = 7
Socket not ready, repolling fd = 7
Socket not ready, repolling fd = 7
Socket not ready, repolling fd = 7
Socket not ready, repolling fd = 7
Socket not ready, repolling fd = 7
Socket not ready, repolling fd = 7
Socket not ready, repolling fd = 7
Socket not ready, repolling fd = 7
Socket not ready, repolling fd = 7
Socket not ready, repolling fd = 7
Socket not ready, repolling fd = 7
Socket not ready, repolling fd = 7
Socket not ready, repolling fd = 7
Socket not ready, repolling fd = 7
Socket not ready, repolling fd = 7
Socket not ready, repolling fd = 7
Socket not ready, repolling fd = 7
Socket not ready, repolling fd = 7
Socket not ready, repolling fd = 7
Socket not ready, repolling fd = 7
Socket not ready, repolling fd = 7
Socket not ready, repolling fd = 7
Socket not ready, repolling fd = 7
Socket not ready, repolling fd = 7
Socket not ready, repolling fd = 7
Socket not ready, repolling fd = 7
Socket not ready, repolling fd = 7
Socket not ready, repolling fd = 7
Socket not ready, repolling fd = 7
Socket not ready, repolling fd = 7
Socket not ready, repolling fd = 7
Socket not ready, repolling fd = 7
Socket not ready, repolling fd = 7
Socket not ready, repolling fd = 7
Socket not ready, repolling fd = 7
Socket not ready, repolling fd = 7
Socket not ready, repolling fd = 7
Socket not ready, repolling fd = 7
Socket not ready, repolling fd = 7
Socket not ready, repolling fd = 7
Socket not ready, repolling fd = 7
Socket not ready, repolling fd = 7
Socket not ready, repolling fd = 7
Socket not ready, repolling fd = 7
Socket not ready, repolling fd = 7
Socket not ready, repolling fd = 7
Socket not ready, repolling fd = 7
Socket not ready, repolling fd = 7
Socket not ready, repolling fd = 7
Socket not ready, repolling fd = 7
Socket not ready, repolling fd = 7
Socket not ready, repolling fd = 7
Socket not ready, repolling fd = 7
Socket not ready, repolling fd = 7
Socket not ready, repolling fd = 7
Socket not ready, repolling fd = 7
Socket not ready, repolling fd = 7
Socket not ready, repolling fd = 7
Socket not ready, repolling fd = 7
Socket not ready, repolling fd = 7
Socket not ready, repolling fd = 7
Socket not ready, repolling fd = 7
Socket not ready, repolling fd = 7
Socket not ready, repolling fd = 7
Socket not ready, repolling fd = 7
Socket not ready, repolling fd = 7
Socket not ready, repolling fd = 7
Socket not ready, repolling fd = 7
Socket not ready, repolling fd = 7
Socket not ready, repolling fd = 7
Socket not ready, repolling fd = 7
Socket not ready, repolling fd = 7
Socket not ready, repolling fd = 7
Socket not ready, repolling fd = 7
Socket not ready, repolling fd = 7
Socket not ready, repolling fd = 7
Socket not ready, repolling fd = 7
Socket not ready, repolling fd = 7
Socket not ready, repolling fd = 7
Socket not ready, repolling fd = 7
Socket not ready, repolling fd = 7
Socket not ready, repolling fd = 7
Socket not ready, repolling fd = 7
Socket not ready, repolling fd = 7
Socket not ready, repolling fd = 7
Socket not ready, repolling fd = 7
Socket not ready, repolling fd = 7
Socket not ready, repolling fd = 7
Socket not ready, repolling fd = 7
Socket not ready, repolling fd = 7
Socket not ready, repolling fd = 7
Socket not ready, repolling fd = 7
Socket not ready, repolling fd = 7
Socket not ready, repolling fd = 7
Socket not ready, repolling fd = 7
Socket not ready, repolling fd = 7
Socket not ready, repolling fd = 7
Socket not ready, repolling fd = 7
Socket not ready, repolling fd = 7
Socket not ready, repolling fd = 7
Socket not ready, repolling fd = 7
Socket not ready, repolling fd = 7
Socket not ready, repolling fd = 7
Socket not ready, repolling fd = 7
Socket not ready, repolling fd = 7
Socket not ready, repolling fd = 7
Socket not ready, repolling fd = 7
Socket not ready, repolling fd = 7
Socket not ready, repolling fd = 7
Socket not ready, repolling fd = 7
Socket not ready, repolling fd = 7
Socket not ready, repolling fd = 7
Socket not ready, repolling fd = 7
Socket not ready, repolling fd = 7
Socket not ready, repolling fd = 7
Socket not ready, repolling fd = 7
Socket not ready, repolling fd = 7
Socket not ready, repolling fd = 7
Socket not ready, repolling fd = 7
Socket not ready, repolling fd = 7
Socket not ready, repolling fd = 7
Socket not ready, repolling fd = 7
Socket not ready, repolling fd = 7
Socket not ready, repolling fd = 7
Socket not ready, repolling fd = 7
Socket not ready, repolling fd = 7
Socket not ready, repolling fd = 7
Socket not ready, repolling fd = 7
Socket not ready, repolling fd = 7
Socket not ready, repolling fd = 7
Socket not ready, repolling fd = 7
Socket not ready, repolling fd = 7
Socket not ready, repolling fd = 7
Socket not ready, repolling fd = 7
Socket not ready, repolling fd = 7
Socket not ready, repolling fd = 7
Socket not ready, repolling fd = 7
Socket not ready, repolling fd = 7
Socket not ready, repolling fd = 7
Socket not ready, repolling fd = 7
Socket not ready, repolling fd = 7
Socket not ready, repolling fd = 7
Socket not ready, repolling fd = 7
Socket not ready, repolling fd = 7
Socket not ready, repolling fd = 7
Socket not ready, repolling fd = 7
Socket not ready, repolling fd = 7
Socket not ready, repolling fd = 7
Socket not ready, repolling fd = 7
Socket not ready, repolling fd = 7
Socket not ready, repolling fd = 7
Socket not ready, repolling fd = 7
Socket not ready, repolling fd = 7
Socket not ready, repolling fd = 7
Socket not ready, repolling fd = 7
Socket not ready, repolling fd = 7
Socket not ready, repolling fd = 7
Socket not ready, repolling fd = 7
Socket not ready, repolling fd = 7
Socket not ready, repolling fd = 7
Socket not ready, repolling fd = 7
Socket not ready, repolling fd = 7
Socket not ready, repolling fd = 7
Socket not ready, repolling fd = 7
Socket not ready, repolling fd = 7
Socket not ready, repolling fd = 7
Socket not ready, repolling fd = 7
Socket not ready, repolling fd = 7
Socket not ready, repolling fd = 7
Socket not ready, repolling fd = 7
Socket not ready, repolling fd = 7
Socket not ready, repolling fd = 7
Socket not ready, repolling fd = 7
Socket not ready, repolling fd = 7
Socket not ready, repolling fd = 7
Socket not ready, repolling fd = 7
Socket not ready, repolling fd = 7
Socket not ready, repolling fd = 7
Socket not ready, repolling fd = 7
Socket not ready, repolling fd = 7
Socket not ready, repolling fd = 7
Socket not ready, repolling fd = 7
Socket not ready, repolling fd = 7
Socket not ready, repolling fd = 7
Socket not ready, repolling fd = 7
Socket not ready, repolling fd = 7
Socket not ready, repolling fd = 7
Socket not ready, repolling fd = 7
Socket not ready, repolling fd = 7
Socket not ready, repolling fd = 7
Socket not ready, repolling fd = 7
Socket not ready, repolling fd = 7
Socket not ready, repolling fd = 7
Socket not ready, repolling fd = 7
Socket not ready, repolling fd = 7
Socket not ready, repolling fd = 7
Socket not ready, repolling fd = 7
Socket not ready, repolling fd = 7
Socket not ready, repolling fd = 7
Socket not ready, repolling fd = 7
Socket not ready, repolling fd = 7
Socket not ready, repolling fd = 7
Socket not ready, repolling fd = 7
Socket not ready, repolling fd = 7
Socket not ready, repolling fd = 7
Socket not ready, repolling fd = 7
Socket not ready, repolling fd = 7
Socket not ready, repolling fd = 7
Socket not ready, repolling fd = 7
Socket not ready, repolling fd = 7
Socket not ready, repolling fd = 7
Socket not ready, repolling fd = 7
Socket not ready, repolling fd = 7
Socket not ready, repolling fd = 7
Socket not ready, repolling fd = 7
Socket not ready, repolling fd = 7
Socket not ready, repolling fd = 7
Socket not ready, repolling fd = 7
Socket not ready, repolling fd = 7
Socket not ready, repolling fd = 7
Socket not ready, repolling fd = 7
Socket not ready, repolling fd = 7
Socket not ready, repolling fd = 7
Socket not ready, repolling fd = 7
Socket not ready, repolling fd = 7
Socket not ready, repolling fd = 7
Socket not ready, repolling fd = 7
Socket not ready, repolling fd = 7
Socket not ready, repolling fd = 7
Socket not ready, repolling fd = 7
Socket not ready, repolling fd = 7
Socket not ready, repolling fd = 7
Socket not ready, repolling fd = 7
Socket not ready, repolling fd = 7
Socket not ready, repolling fd = 7
Socket not ready, repolling fd = 7
Socket not ready, repolling fd = 7
Socket not ready, repolling fd = 7
Socket not ready, repolling fd = 7
Socket not ready, repolling fd = 7
Socket not ready, repolling fd = 7
Socket not ready, repolling fd = 7
Socket not ready, repolling fd = 7
Socket not ready, repolling fd = 7
Socket not ready, repolling fd = 7
Socket not ready, repolling fd = 7
Socket not ready, repolling fd = 7
Socket not ready, repolling fd = 7
Socket not ready, repolling fd = 7
Socket not ready, repolling fd = 7
Socket not ready, repolling fd = 7
Socket not ready, repolling fd = 7
Socket not ready, repolling fd = 7
Socket not ready, repolling fd = 7
Socket not ready, repolling fd = 7
Socket not ready, repolling fd = 7
Socket not ready, repolling fd = 7
Socket not ready, repolling fd = 7
Socket not ready, repolling fd = 7
Socket not ready, repolling fd = 7
Socket not ready, repolling fd = 7
Socket not ready, repolling fd = 7
Socket not ready, repolling fd = 7
Socket not ready, repolling fd = 7
Socket not ready, repolling fd = 7
Socket not ready, repolling fd = 7
Socket not ready, repolling fd = 7
Socket not ready, repolling fd = 7
Socket not ready, repolling fd = 7
Socket not ready, repolling fd = 7
Socket not ready, repolling fd = 7
Socket not ready, repolling fd = 7
Socket not ready, repolling fd = 7
Socket not ready, repolling fd = 7
Socket not ready, repolling fd = 7
Socket not ready, repolling fd = 7
Socket not ready, repolling fd = 7
Socket not ready, repolling fd = 7
Socket not ready, repolling fd = 7
Socket not ready, repolling fd = 7
Socket not ready, repolling fd = 7
Socket not ready, repolling fd = 7
Socket not ready, repolling fd = 7
Socket not ready, repolling fd = 7
Socket not ready, repolling fd = 7
Socket not ready, repolling fd = 7
Socket not ready, repolling fd = 7
Socket not ready, repolling fd = 7
Socket not ready, repolling fd = 7
Socket not ready, repolling fd = 7
Socket not ready, repolling fd = 7
Socket not ready, repolling fd = 7
Socket not ready, repolling fd = 7
Socket not ready, repolling fd = 7
Socket not ready, repolling fd = 7
Socket not ready, repolling fd = 7
Socket not ready, repolling fd = 7
Socket not ready, repolling fd = 7
Socket not ready, repolling fd = 7
Socket not ready, repolling fd = 7
Socket not ready, repolling fd = 7
Socket not ready, repolling fd = 7
Socket not ready, repolling fd = 7
Socket not ready, repolling fd = 7
Socket not ready, repolling fd = 7
Socket not ready, repolling fd = 7
Socket not ready, repolling fd = 7
Socket not ready, repolling fd = 7
Socket not ready, repolling fd = 7
Socket not ready, repolling fd = 7
Socket not ready, repolling fd = 7
Socket not ready, repolling fd = 7
Socket not ready, repolling fd = 7
Socket not ready, repolling fd = 7
Socket not ready, repolling fd = 7
Socket not ready, repolling fd = 7
Socket not ready, repolling fd = 7
Socket not ready, repolling fd = 7
Socket not ready, repolling fd = 7
Socket not ready, repolling fd = 7
Socket not ready, repolling fd = 7
Socket not ready, repolling fd = 7
Socket not ready, repolling fd = 7
Socket not ready, repolling fd = 7
Socket not ready, repolling fd = 7
Socket not ready, repolling fd = 7
Socket not ready, repolling fd = 7
Socket not ready, repolling fd = 7
Socket not ready, repolling fd = 7
Socket not ready, repolling fd = 7
Socket not ready, repolling fd = 7
Socket not ready, repolling fd = 7
Socket not ready, repolling fd = 7
Socket not ready, repolling fd = 7
Socket not ready, repolling fd = 7
Socket not ready, repolling fd = 7
Socket not ready, repolling fd = 7
Socket not ready, repolling fd = 7
Socket not ready, repolling fd = 7
Socket not ready, repolling fd = 7
Socket not ready, repolling fd = 7
Socket not ready, repolling fd = 7
Socket not ready, repolling fd = 7
Socket not ready, repolling fd = 7
Socket not ready, repolling fd = 7
Socket not ready, repolling fd = 7
Socket not ready, repolling fd = 7
Socket not ready, repolling fd = 7
Socket not ready, repolling fd = 7
Socket not ready, repolling fd = 7
Socket not ready, repolling fd = 7
Socket not ready, repolling fd = 7
Socket not ready, repolling fd = 7
Socket not ready, repolling fd = 7
Socket not ready, repolling fd = 7
Socket not ready, repolling fd = 7
Socket not ready, repolling fd = 7
Socket not ready, repolling fd = 7
Socket not ready, repolling fd = 7
Socket not ready, repolling fd = 7
Socket not ready, repolling fd = 7
Socket not ready, repolling fd = 7
Socket not ready, repolling fd = 7
Socket not ready, repolling fd = 7
Socket not ready, repolling fd = 7
Socket not ready, repolling fd = 7
Socket not ready, repolling fd = 7
Socket not ready, repolling fd = 7
Socket not ready, repolling fd = 7
Socket not ready, repolling fd = 7
Socket not ready, repolling fd = 7
Socket not ready, repolling fd = 7
Socket not ready, repolling fd = 7
Socket not ready, repolling fd = 7
Socket not ready, repolling fd = 7
Socket not ready, repolling fd = 7
Socket not ready, repolling fd = 7
Socket not ready, repolling fd = 7
Socket not ready, repolling fd = 7
Socket not ready, repolling fd = 7
Socket not ready, repolling fd = 7
Socket not ready, repolling fd = 7
Socket not ready, repolling fd = 7
Socket not ready, repolling fd = 7
Socket not ready, repolling fd = 7
Socket not ready, repolling fd = 7
Socket not ready, repolling fd = 7
Socket not ready, repolling fd = 7
Socket not ready, repolling fd = 7
Socket not ready, repolling fd = 7
Socket not ready, repolling fd = 7
Socket not ready, repolling fd = 7
Socket not ready, repolling fd = 7
Socket not ready, repolling fd = 7
Socket not ready, repolling fd = 7
Socket not ready, repolling fd = 7
Socket not ready, repolling fd = 7
Socket not ready, repolling fd = 7
Socket not ready, repolling fd = 7
Socket not ready, repolling fd = 7
Socket not ready, repolling fd = 7
Socket not ready, repolling fd = 7
Socket not ready, repolling fd = 7
Socket not ready, repolling fd = 7
Socket not ready, repolling fd = 7
Socket not ready, repolling fd = 7
Socket not ready, repolling fd = 7
Socket not ready, repolling fd = 7
Socket not ready, repolling fd = 7
Socket not ready, repolling fd = 7
Socket not ready, repolling fd = 7
Socket not ready, repolling fd = 7
Socket not ready, repolling fd = 7
Socket not ready, repolling fd = 7
Socket not ready, repolling fd = 7
Socket not ready, repolling fd = 7
Socket not ready, repolling fd = 7
Socket not ready, repolling fd = 7
Socket not ready, repolling fd = 7
Socket not ready, repolling fd = 7
Socket not ready, repolling fd = 7
Socket not ready, repolling fd = 7
Socket not ready, repolling fd = 7
Socket not ready, repolling fd = 7
Socket not ready, repolling fd = 7
Socket not ready, repolling fd = 7
Socket not ready, repolling fd = 7
Socket not ready, repolling fd = 7
Socket not ready, repolling fd = 7
Socket not ready, repolling fd = 7
Socket not ready, repolling fd = 7
Socket not ready, repolling fd = 7
Socket not ready, repolling fd = 7
Socket not ready, repolling fd = 7
Socket not ready, repolling fd = 7
Socket not ready, repolling fd = 7
Socket not ready, repolling fd = 7
Socket not ready, repolling fd = 7
Socket not ready, repolling fd = 7
Socket not ready, repolling fd = 7
Socket not ready, repolling fd = 7
Socket not ready, repolling fd = 7
Socket not ready, repolling fd = 7
Socket not ready, repolling fd = 7
Socket not ready, repolling fd = 7
Socket not ready, repolling fd = 7
Socket not ready, repolling fd = 7
Socket not ready, repolling fd = 7
Socket not ready, repolling fd = 7
Socket not ready, repolling fd = 7
Socket not ready, repolling fd = 7
Socket not ready, repolling fd = 7
Socket not ready, repolling fd = 7
Socket not ready, repolling fd = 7
Socket not ready, repolling fd = 7
Socket not ready, repolling fd = 7
Socket not ready, repolling fd = 7
Socket not ready, repolling fd = 7
Socket not ready, repolling fd = 7
Socket not ready, repolling fd = 7
Socket not ready, repolling fd = 7
Socket not ready, repolling fd = 7
Socket not ready, repolling fd = 7
Socket not ready, repolling fd = 7
Socket not ready, repolling fd = 7
Socket not ready, repolling fd = 7
Socket not ready, repolling fd = 7
Socket not ready, repolling fd = 7
Socket not ready, repolling fd = 7
Socket not ready, repolling fd = 7
Socket not ready, repolling fd = 7
Socket not ready, repolling fd = 7
Socket not ready, repolling fd = 7
Socket not ready, repolling fd = 7
Socket not ready, repolling fd = 7
Socket not ready, repolling fd = 7
Socket not ready, repolling fd = 7
Socket not ready, repolling fd = 7
Socket not ready, repolling fd = 7
Socket not ready, repolling fd = 7
Socket not ready, repolling fd = 7
Socket not ready, repolling fd = 7
Socket not ready, repolling fd = 7
Socket not ready, repolling fd = 7
Socket not ready, repolling fd = 7
Socket not ready, repolling fd = 7
Socket not ready, repolling fd = 7
Socket not ready, repolling fd = 7
Socket not ready, repolling fd = 7
Socket not ready, repolling fd = 7
Socket not ready, repolling fd = 7
Socket not ready, repolling fd = 7
Socket not ready, repolling fd = 7
Socket not ready, repolling fd = 7
Socket not ready, repolling fd = 7
Socket not ready, repolling fd = 7
Socket not ready, repolling fd = 7
Socket not ready, repolling fd = 7
Socket not ready, repolling fd = 7
Socket not ready, repolling fd = 7
Socket not ready, repolling fd = 7
Socket not ready, repolling fd = 7
Socket not ready, repolling fd = 7
Socket not ready, repolling fd = 7
Socket not ready, repolling fd = 7
Socket not ready, repolling fd = 7
Socket not ready, repolling fd = 7
Socket not ready, repolling fd = 7
Socket not ready, repolling fd = 7
Socket not ready, repolling fd = 7
Socket not ready, repolling fd = 7
Socket not ready, repolling fd = 7
Socket not ready, repolling fd = 7
Socket not ready, repolling fd = 7
Socket not ready, repolling fd = 7
Socket not ready, repolling fd = 7
Socket not ready, repolling fd = 7
Socket not ready, repolling fd = 7
Socket not ready, repolling fd = 7
Socket not ready, repolling fd = 7
Socket not ready, repolling fd = 7
Socket not ready, repolling fd = 7
Socket not ready, repolling fd = 7
Socket not ready, repolling fd = 7
Socket not ready, repolling fd = 7
Socket not ready, repolling fd = 7
Socket not ready, repolling fd = 7
Socket not ready, repolling fd = 7
Socket not ready, repolling fd = 7
Socket not ready, repolling fd = 7
Socket not ready, repolling fd = 7
Socket not ready, repolling fd = 7
Socket not ready, repolling fd = 7
Socket not ready, repolling fd = 7
Socket not ready, repolling fd = 7
Socket not ready, repolling fd = 7
Socket not ready, repolling fd = 7
Socket not ready, repolling fd = 7
Socket not ready, repolling fd = 7
Socket not ready, repolling fd = 7
Socket not ready, repolling fd = 7
Socket not ready, repolling fd = 7
Socket not ready, repolling fd = 7
Socket not ready, repolling fd = 7
Socket not ready, repolling fd = 7
Socket not ready, repolling fd = 7
Socket not ready, repolling fd = 7
Socket not ready, repolling fd = 7
Socket not ready, repolling fd = 7
Socket not ready, repolling fd = 7
Socket not ready, repolling fd = 7
Socket not ready, repolling fd = 7
Socket not ready, repolling fd = 7
Socket not ready, repolling fd = 7
Socket not ready, repolling fd = 7
Socket not ready, repolling fd = 7
Socket not ready, repolling fd = 7
Socket not ready, repolling fd = 7
Socket not ready, repolling fd = 7
Socket not ready, repolling fd = 7
Socket not ready, repolling fd = 7
Socket not ready, repolling fd = 7
Socket not ready, repolling fd = 7
Socket not ready, repolling fd = 7
Socket not ready, repolling fd = 7
Socket not ready, repolling fd = 7
Socket not ready, repolling fd = 7
Socket not ready, repolling fd = 7
Socket not ready, repolling fd = 7
Socket not ready, repolling fd = 7
Socket not ready, repolling fd = 7
Socket not ready, repolling fd = 7
Socket not ready, repolling fd = 7
Socket not ready, repolling fd = 7
Socket not ready, repolling fd = 7
Socket not ready, repolling fd = 7
Socket not ready, repolling fd = 7
Socket not ready, repolling fd = 7
Socket not ready, repolling fd = 7
Socket not ready, repolling fd = 7
Socket not ready, repolling fd = 7
Socket not ready, repolling fd = 7
Socket not ready, repolling fd = 7
Socket not ready, repolling fd = 7
Socket not ready, repolling fd = 7
Socket not ready, repolling fd = 7
Socket not ready, repolling fd = 7
Socket not ready, repolling fd = 7
Socket not ready, repolling fd = 7
Socket not ready, repolling fd = 7
Socket not ready, repolling fd = 7
Socket not ready, repolling fd = 7
Socket not ready, repolling fd = 7
Socket not ready, repolling fd = 7
Socket not ready, repolling fd = 7
Socket not ready, repolling fd = 7
Socket not ready, repolling fd = 7
Socket not ready, repolling fd = 7
Socket not ready, repolling fd = 7
Socket not ready, repolling fd = 7
Socket not ready, repolling fd = 7
Socket not ready, repolling fd = 7
Socket not ready, repolling fd = 7
Socket not ready, repolling fd = 7
Socket not ready, repolling fd = 7
Socket not ready, repolling fd = 7
Socket not ready, repolling fd = 7
Socket not ready, repolling fd = 7
Socket not ready, repolling fd = 7
Socket not ready, repolling fd = 7
Socket not ready, repolling fd = 7
Socket not ready, repolling fd = 7
Socket not ready, repolling fd = 7
Socket not ready, repolling fd = 7
Socket not ready, repolling fd = 7
Socket not ready, repolling fd = 7
Socket not ready, repolling fd = 7
Socket not ready, repolling fd = 7
Socket not ready, repolling fd = 7
Socket not ready, repolling fd = 7
Socket not ready, repolling fd = 7
Socket not ready, repolling fd = 7
Socket not ready, repolling fd = 7
Socket not ready, repolling fd = 7
Socket not ready, repolling fd = 7
Socket not ready, repolling fd = 7
Socket not ready, repolling fd = 7
Socket not ready, repolling fd = 7
Socket not ready, repolling fd = 7
Socket not ready, repolling fd = 7
Socket not ready, repolling fd = 7
Socket not ready, repolling fd = 7
Socket not ready, repolling fd = 7
Socket not ready, repolling fd = 7
Socket not ready, repolling fd = 7
Socket not ready, repolling fd = 7
Socket not ready, repolling fd = 7
Socket not ready, repolling fd = 7
Socket not ready, repolling fd = 7
Socket not ready, repolling fd = 7
Socket not ready, repolling fd = 7
Socket not ready, repolling fd = 7
Socket not ready, repolling fd = 7
Socket not ready, repolling fd = 7
Socket not ready, repolling fd = 7
Socket not ready, repolling fd = 7
Socket not ready, repolling fd = 7
Socket not ready, repolling fd = 7
Socket not ready, repolling fd = 7
Socket not ready, repolling fd = 7
Socket not ready, repolling fd = 7
Socket not ready, repolling fd = 7
Socket not ready, repolling fd = 7
Socket not ready, repolling fd = 7
Socket not ready, repolling fd = 7
Socket not ready, repolling fd = 7
Socket not ready, repolling fd = 7
Socket not ready, repolling fd = 7
Socket not ready, repolling fd = 7
Socket not ready, repolling fd = 7
Socket not ready, repolling fd = 7
Socket not ready, repolling fd = 7
Socket not ready, repolling fd = 7
Socket not ready, repolling fd = 7
Socket not ready, repolling fd = 7
Socket not ready, repolling fd = 7
Socket not ready, repolling fd = 7
Socket not ready, repolling fd = 7
Socket not ready, repolling fd = 7
Socket not ready, repolling fd = 7
Socket not ready, repolling fd = 7
Socket not ready, repolling fd = 7
Socket not ready, repolling fd = 7
Socket not ready, repolling fd = 7
Socket not ready, repolling fd = 7
Socket not ready, repolling fd = 7
Socket not ready, repolling fd = 7
Socket not ready, repolling fd = 7
Socket not ready, repolling fd = 7
Socket not ready, repolling fd = 7
Socket not ready, repolling fd = 7
Socket not ready, repolling fd = 7
Socket not ready, repolling fd = 7
Socket not ready, repolling fd = 7
Socket not ready, repolling fd = 7
Socket not ready, repolling fd = 7
Socket not ready, repolling fd = 7
Socket not ready, repolling fd = 7
Socket not ready, repolling fd = 7
Socket not ready, repolling fd = 7
Socket not ready, repolling fd = 7
Socket not ready, repolling fd = 7
Socket not ready, repolling fd = 7
Socket not ready, repolling fd = 7
Socket not ready, repolling fd = 7
Socket not ready, repolling fd = 7
Socket not ready, repolling fd = 7
Socket not ready, repolling fd = 7
Socket not ready, repolling fd = 7
Socket not ready, repolling fd = 7
Socket not ready, repolling fd = 7
Socket not ready, repolling fd = 7
Socket not ready, repolling fd = 7
Socket not ready, repolling fd = 7
Socket not ready, repolling fd = 7
Socket not ready, repolling fd = 7
Socket not ready, repolling fd = 7
Socket not ready, repolling fd = 7
Socket not ready, repolling fd = 7
Socket not ready, repolling fd = 7
Socket not ready, repolling fd = 7
Socket not ready, repolling fd = 7
Socket not ready, repolling fd = 7
Socket not ready, repolling fd = 7
Socket not ready, repolling fd = 7
Socket not ready, repolling fd = 7
Socket not ready, repolling fd = 7
Socket not ready, repolling fd = 7
Socket not ready, repolling fd = 7
Socket not ready, repolling fd = 7
Socket not ready, repolling fd = 7
Socket not ready, repolling fd = 7
Socket not ready, repolling fd = 7
Socket not ready, repolling fd = 7
Socket not ready, repolling fd = 7
Socket not ready, repolling fd = 7
Socket not ready, repolling fd = 7
Socket not ready, repolling fd = 7
Socket not ready, repolling fd = 7
Socket not ready, repolling fd = 7
Socket not ready, repolling fd = 7
Socket not ready, repolling fd = 7
Socket not ready, repolling fd = 7
Socket not ready, repolling fd = 7
Socket not ready, repolling fd = 7
Socket not ready, repolling fd = 7
Socket not ready, repolling fd = 7
Socket not ready, repolling fd = 7
Socket not ready, repolling fd = 7
Socket not ready, repolling fd = 7
Socket not ready, repolling fd = 7
Socket not ready, repolling fd = 7
Socket not ready, repolling fd = 7
Socket not ready, repolling fd = 7
Socket not ready, repolling fd = 7
Socket not ready, repolling fd = 7
Socket not ready, repolling fd = 7
Socket not ready, repolling fd = 7
Socket not ready, repolling fd = 7
Socket not ready, repolling fd = 7
Socket not ready, repolling fd = 7
Socket not ready, repolling fd = 7
Socket not ready, repolling fd = 7
Socket not ready, repolling fd = 7
Socket not ready, repolling fd = 7
Socket not ready, repolling fd = 7
Socket not ready, repolling fd = 7
Socket not ready, repolling fd = 7
Socket not ready, repolling fd = 7
Socket not ready, repolling fd = 7
Socket not ready, repolling fd = 7
Socket not ready, repolling fd = 7
Socket not ready, repolling fd = 7
Socket not ready, repolling fd = 7
Socket not ready, repolling fd = 7
Socket not ready, repolling fd = 7
Socket not ready, repolling fd = 7
Socket not ready, repolling fd = 7
Socket not ready, repolling fd = 7
Socket not ready, repolling fd = 7
Socket not ready, repolling fd = 7
Socket not ready, repolling fd = 7
Socket not ready, repolling fd = 7
Socket not ready, repolling fd = 7
Socket not ready, repolling fd = 7
Socket not ready, repolling fd = 7
Socket not ready, repolling fd = 7
Socket not ready, repolling fd = 7
Socket not ready, repolling fd = 7
Socket not ready, repolling fd = 7
Socket not ready, repolling fd = 7
Socket not ready, repolling fd = 7
Socket not ready, repolling fd = 7
Socket not ready, repolling fd = 7
Socket not ready, repolling fd = 7
Socket not ready, repolling fd = 7
Socket not ready, repolling fd = 7
Socket not ready, repolling fd = 7
Socket not ready, repolling fd = 7
Socket not ready, repolling fd = 7
Socket not ready, repolling fd = 7
Socket not ready, repolling fd = 7
Socket not ready, repolling fd = 7
Socket not ready, repolling fd = 7
Socket not ready, repolling fd = 7
Socket not ready, repolling fd = 7
Socket not ready, repolling fd = 7
Socket not ready, repolling fd = 7
Socket not ready, repolling fd = 7
Socket not ready, repolling fd = 7
Socket not ready, repolling fd = 7
Socket not ready, repolling fd = 7
Socket not ready, repolling fd = 7
Socket not ready, repolling fd = 7
Socket not ready, repolling fd = 7
Socket not ready, repolling fd = 7
Socket not ready, repolling fd = 7
Socket not ready, repolling fd = 7
Socket not ready, repolling fd = 7
Socket not ready, repolling fd = 7
Socket not ready, repolling fd = 7
Socket not ready, repolling fd = 7
Socket not ready, repolling fd = 7
Socket not ready, repolling fd = 7
Socket not ready, repolling fd = 7
Socket not ready, repolling fd = 7
Socket not ready, repolling fd = 7
Socket not ready, repolling fd = 7
Socket not ready, repolling fd = 7
Socket not ready, repolling fd = 7
Socket not ready, repolling fd = 7
Socket not ready, repolling fd = 7
Socket not ready, repolling fd = 7
Socket not ready, repolling fd = 7
Socket not ready, repolling fd = 7
Socket not ready, repolling fd = 7
Socket not ready, repolling fd = 7
Socket not ready, repolling fd = 7
Socket not ready, repolling fd = 7
Socket not ready, repolling fd = 7
Socket not ready, repolling fd = 7
Socket not ready, repolling fd = 7
Socket not ready, repolling fd = 7
Socket not ready, repolling fd = 7
Socket not ready, repolling fd = 7
Socket not ready, repolling fd = 7
Socket not ready, repolling fd = 7
Socket not ready, repolling fd = 7
Socket not ready, repolling fd = 7
Socket not ready, repolling fd = 7
Socket not ready, repolling fd = 7
Socket not ready, repolling fd = 7
Socket not ready, repolling fd = 7
Socket not ready, repolling fd = 7
Socket not ready, repolling fd = 7
Socket not ready, repolling fd = 7
Socket not ready, repolling fd = 7
Socket not ready, repolling fd = 7
Socket not ready, repolling fd = 7
Socket not ready, repolling fd = 7
Socket not ready, repolling fd = 7
Socket not ready, repolling fd = 7
Socket not ready, repolling fd = 7
Socket not ready, repolling fd = 7
Socket not ready, repolling fd = 7
Socket not ready, repolling fd = 7
Socket not ready, repolling fd = 7
Socket not ready, repolling fd = 7
Socket not ready, repolling fd = 7
Socket not ready, repolling fd = 7
Socket not ready, repolling fd = 7
Socket not ready, repolling fd = 7
Socket not ready, repolling fd = 7
Socket not ready, repolling fd = 7
Socket not ready, repolling fd = 7
Socket not ready, repolling fd = 7
Socket not ready, repolling fd = 7
Socket not ready, repolling fd = 7
Socket not ready, repolling fd = 7
Socket not ready, repolling fd = 7
Socket not ready, repolling fd = 7
Socket not ready, repolling fd = 7
Socket not ready, repolling fd = 7
Socket not ready, repolling fd = 7
Socket not ready, repolling fd = 7
Socket not ready, repolling fd = 7
Socket not ready, repolling fd = 7
Socket not ready, repolling fd = 7
Socket not ready, repolling fd = 7
Socket not ready, repolling fd = 7
Socket not ready, repolling fd = 7
Socket not ready, repolling fd = 7
Socket not ready, repolling fd = 7
Socket not ready, repolling fd = 7
Socket not ready, repolling fd = 7
Socket not ready, repolling fd = 7
Socket not ready, repolling fd = 7
Socket not ready, repolling fd = 7
Socket not ready, repolling fd = 7
Socket not ready, repolling fd = 7
Socket not ready, repolling fd = 7
Socket not ready, repolling fd = 7
Socket not ready, repolling fd = 7
Socket not ready, repolling fd = 7
Socket not ready, repolling fd = 7
Socket not ready, repolling fd = 7
Socket not ready, repolling fd = 7
Socket not ready, repolling fd = 7
Socket not ready, repolling fd = 7
Socket not ready, repolling fd = 7
Socket not ready, repolling fd = 7
Socket not ready, repolling fd = 7
Socket not ready, repolling fd = 7
Socket not ready, repolling fd = 7
Socket not ready, repolling fd = 7
Socket not ready, repolling fd = 7
Socket not ready, repolling fd = 7
Socket not ready, repolling fd = 7
Socket not ready, repolling fd = 7
Socket not ready, repolling fd = 7
Socket not ready, repolling fd = 7
Socket not ready, repolling fd = 7
Socket not ready, repolling fd = 7
Socket not ready, repolling fd = 7
Socket not ready, repolling fd = 7
Socket not ready, repolling fd = 7
Socket not ready, repolling fd = 7
Socket not ready, repolling fd = 7
Socket not ready, repolling fd = 7
Socket not ready, repolling fd = 7
Socket not ready, repolling fd = 7
Socket not ready, repolling fd = 7
Socket not ready, repolling fd = 7
Socket not ready, repolling fd = 7
Socket not ready, repolling fd = 7
Socket not ready, repolling fd = 7
Socket not ready, repolling fd = 7
Socket not ready, repolling fd = 7
Socket not ready, repolling fd = 7
Socket not ready, repolling fd = 7
Socket not ready, repolling fd = 7
Socket not ready, repolling fd = 7
Socket not ready, repolling fd = 7
Socket not ready, repolling fd = 7
Socket not ready, repolling fd = 7
Socket not ready, repolling fd = 7
Socket not ready, repolling fd = 7
Socket not ready, repolling fd = 7
Socket not ready, repolling fd = 7
Socket not ready, repolling fd = 7
Socket not ready, repolling fd = 7
Socket not ready, repolling fd = 7
Socket not ready, repolling fd = 7
Socket not ready, repolling fd = 7
Socket not ready, repolling fd = 7
Socket not ready, repolling fd = 7
Socket not ready, repolling fd = 7
Socket not ready, repolling fd = 7
Socket not ready, repolling fd = 7
Socket not ready, repolling fd = 7
Socket not ready, repolling fd = 7
Socket not ready, repolling fd = 7
Socket not ready, repolling fd = 7
Socket not ready, repolling fd = 7
Socket not ready, repolling fd = 7
Socket not ready, repolling fd = 7
Socket not ready, repolling fd = 7
Socket not ready, repolling fd = 7
Socket not ready, repolling fd = 7
Socket not ready, repolling fd = 7
Socket not ready, repolling fd = 7
Socket not ready, repolling fd = 7
Socket not ready, repolling fd = 7
Socket not ready, repolling fd = 7
Socket not ready, repolling fd = 7
Socket not ready, repolling fd = 7
Socket not ready, repolling fd = 7
Socket not ready, repolling fd = 7
Socket not ready, repolling fd = 7
Socket not ready, repolling fd = 7
Socket not ready, repolling fd = 7
Socket not ready, repolling fd = 7
Socket not ready, repolling fd = 7
Socket not ready, repolling fd = 7
Socket not ready, repolling fd = 7
Socket not ready, repolling fd = 7
Socket not ready, repolling fd = 7
Socket not ready, repolling fd = 7
Socket not ready, repolling fd = 7
Socket not ready, repolling fd = 7
Socket not ready, repolling fd = 7
Socket not ready, repolling fd = 7
Socket not ready, repolling fd = 7
Socket not ready, repolling fd = 7
Socket not ready, repolling fd = 7
Socket not ready, repolling fd = 7
Socket not ready, repolling fd = 7
Socket not ready, repolling fd = 7
Socket not ready, repolling fd = 7
Socket not ready, repolling fd = 7
Socket not ready, repolling fd = 7
Socket not ready, repolling fd = 7
Socket not ready, repolling fd = 7
Socket not ready, repolling fd = 7
Socket not ready, repolling fd = 7
Socket not ready, repolling fd = 7
Socket not ready, repolling fd = 7
Socket not ready, repolling fd = 7
Socket not ready, repolling fd = 7
Socket not ready, repolling fd = 7
Socket not ready, repolling fd = 7
Socket not ready, repolling fd = 7
Socket not ready, repolling fd = 7
Socket not ready, repolling fd = 7
Socket not ready, repolling fd = 7
Socket not ready, repolling fd = 7
Socket not ready, repolling fd = 7
Socket not ready, repolling fd = 7
Socket not ready, repolling fd = 7
Socket not ready, repolling fd = 7
Socket not ready, repolling fd = 7
Socket not ready, repolling fd = 7
Socket not ready, repolling fd = 7
Socket not ready, repolling fd = 7
Socket not ready, repolling fd = 7
Socket not ready, repolling fd = 7
Socket not ready, repolling fd = 7
Socket not ready, repolling fd = 7
Socket not ready, repolling fd = 7
Socket not ready, repolling fd = 7
Socket not ready, repolling fd = 7
Socket not ready, repolling fd = 7
Socket not ready, repolling fd = 7
Socket not ready, repolling fd = 7
Socket not ready, repolling fd = 7
Socket not ready, repolling fd = 7
Socket not ready, repolling fd = 7
Socket not ready, repolling fd = 7
Socket not ready, repolling fd = 7
Socket not ready, repolling fd = 7
Socket not ready, repolling fd = 7
Socket not ready, repolling fd = 7
Socket not ready, repolling fd = 7
Socket not ready, repolling fd = 7
Socket not ready, repolling fd = 7
Socket not ready, repolling fd = 7
Socket not ready, repolling fd = 7
Socket not ready, repolling fd = 7
Socket not ready, repolling fd = 7
Socket not ready, repolling fd = 7
Socket not ready, repolling fd = 7
Socket not ready, repolling fd = 7
Socket not ready, repolling fd = 7
Socket not ready, repolling fd = 7
Socket not ready, repolling fd = 7
Socket not ready, repolling fd = 7
Socket not ready, repolling fd = 7
Socket not ready, repolling fd = 7
Socket not ready, repolling fd = 7
Socket not ready, repolling fd = 7
Socket not ready, repolling fd = 7
Socket not ready, repolling fd = 7
Socket not ready, repolling fd = 7
Socket not ready, repolling fd = 7
Socket not ready, repolling fd = 7
Socket not ready, repolling fd = 7
Socket not ready, repolling fd = 7
Socket not ready, repolling fd = 7
Socket not ready, repolling fd = 7
Socket not ready, repolling fd = 7
Socket not ready, repolling fd = 7
Socket not ready, repolling fd = 7
Socket not ready, repolling fd = 7
Socket not ready, repolling fd = 7
Socket not ready, repolling fd = 7
Socket not ready, repolling fd = 7
Socket not ready, repolling fd = 7
Socket not ready, repolling fd = 7
Socket not ready, repolling fd = 7
Socket not ready, repolling fd = 7
Socket not ready, repolling fd = 7
Socket not ready, repolling fd = 7
Socket not ready, repolling fd = 7
Socket not ready, repolling fd = 7
Socket not ready, repolling fd = 7
Socket not ready, repolling fd = 7
Socket not ready, repolling fd = 7
Socket not ready, repolling fd = 7
Socket not ready, repolling fd = 7
Socket not ready, repolling fd = 7
Socket not ready, repolling fd = 7
Socket not ready, repolling fd = 7
Socket not ready, repolling fd = 7
Socket not ready, repolling fd = 7
Socket not ready, repolling fd = 7
Socket not ready, repolling fd = 7
Socket not ready, repolling fd = 7
Socket not ready, repolling fd = 7
Socket not ready, repolling fd = 7
Socket not ready, repolling fd = 7
Socket not ready, repolling fd = 7
Socket not ready, repolling fd = 7
Socket not ready, repolling fd = 7
Socket not ready, repolling fd = 7
Socket not ready, repolling fd = 7
Socket not ready, repolling fd = 7
Socket not ready, repolling fd = 7
Socket not ready, repolling fd = 7
Socket not ready, repolling fd = 7
Socket not ready, repolling fd = 7
Socket not ready, repolling fd = 7
Socket not ready, repolling fd = 7
Socket not ready, repolling fd = 7
Socket not ready, repolling fd = 7
Socket not ready, repolling fd = 7
Socket not ready, repolling fd = 7
Socket not ready, repolling fd = 7
Socket not ready, repolling fd = 7
Socket not ready, repolling fd = 7
Socket not ready, repolling fd = 7
Socket not ready, repolling fd = 7
Socket not ready, repolling fd = 7
Socket not ready, repolling fd = 7
Socket not ready, repolling fd = 7
Socket not ready, repolling fd = 7
Socket not ready, repolling fd = 7
Socket not ready, repolling fd = 7
Socket not ready, repolling fd = 7
Socket not ready, repolling fd = 7
Socket not ready, repolling fd = 7
Socket not ready, repolling fd = 7
Socket not ready, repolling fd = 7
Socket not ready, repolling fd = 7
Socket not ready, repolling fd = 7
Socket not ready, repolling fd = 7
Socket not ready, repolling fd = 7
Socket not ready, repolling fd = 7
Socket not ready, repolling fd = 7
Socket not ready, repolling fd = 7
Socket not ready, repolling fd = 7
Socket not ready, repolling fd = 7
Socket not ready, repolling fd = 7
Socket not ready, repolling fd = 7
Socket not ready, repolling fd = 7
Socket not ready, repolling fd = 7
Socket not ready, repolling fd = 7
Socket not ready, repolling fd = 7
Socket not ready, repolling fd = 7
Socket not ready, repolling fd = 7
Socket not ready, repolling fd = 7
Socket not ready, repolling fd = 7
Socket not ready, repolling fd = 7
Socket not ready, repolling fd = 7
Socket not ready, repolling fd = 7
Socket not ready, repolling fd = 7
Socket not ready, repolling fd = 7
Socket not ready, repolling fd = 7
Socket not ready, repolling fd = 7
Socket not ready, repolling fd = 7
Socket not ready, repolling fd = 7
Socket not ready, repolling fd = 7
Socket not ready, repolling fd = 7
Socket not ready, repolling fd = 7
Socket not ready, repolling fd = 7
Socket not ready, repolling fd = 7
Socket not ready, repolling fd = 7
Socket not ready, repolling fd = 7
Socket not ready, repolling fd = 7
Socket not ready, repolling fd = 7
Socket not ready, repolling fd = 7
Socket not ready, repolling fd = 7
Socket not ready, repolling fd = 7
Socket not ready, repolling fd = 7
Socket not ready, repolling fd = 7
Socket not ready, repolling fd = 7
Socket not ready, repolling fd = 7
Socket not ready, repolling fd = 7
Socket not ready, repolling fd = 7
Socket not ready, repolling fd = 7
Socket not ready, repolling fd = 7
Socket not ready, repolling fd = 7
Socket not ready, repolling fd = 7
Socket not ready, repolling fd = 7
Socket not ready, repolling fd = 7
Socket not ready, repolling fd = 7
Socket not ready, repolling fd = 7
Socket not ready, repolling fd = 7
Socket not ready, repolling fd = 7
Socket not ready, repolling fd = 7
Socket not ready, repolling fd = 7
Socket not ready, repolling fd = 7
Socket not ready, repolling fd = 7
Socket not ready, repolling fd = 7
Socket not ready, repolling fd = 7
Socket not ready, repolling fd = 7
Socket not ready, repolling fd = 7
Socket not ready, repolling fd = 7
Socket not ready, repolling fd = 7
Socket not ready, repolling fd = 7
Socket not ready, repolling fd = 7
Socket not ready, repolling fd = 7
Socket not ready, repolling fd = 7
Socket not ready, repolling fd = 7
Socket not ready, repolling fd = 7
Socket not ready, repolling fd = 7
Socket not ready, repolling fd = 7
Socket not ready, repolling fd = 7
Socket not ready, repolling fd = 7
Socket not ready, repolling fd = 7
Socket not ready, repolling fd = 7
Socket not ready, repolling fd = 7
Socket not ready, repolling fd = 7
Socket not ready, repolling fd = 7
Socket not ready, repolling fd = 7
Socket not ready, repolling fd = 7
Socket not ready, repolling fd = 7
Socket not ready, repolling fd = 7
Socket not ready, repolling fd = 7
Socket not ready, repolling fd = 7
Socket not ready, repolling fd = 7
Socket not ready, repolling fd = 7
Socket not ready, repolling fd = 7
Socket not ready, repolling fd = 7
Socket not ready, repolling fd = 7
Socket not ready, repolling fd = 7
Socket not ready, repolling fd = 7
Socket not ready, repolling fd = 7
Socket not ready, repolling fd = 7
Socket not ready, repolling fd = 7
Socket not ready, repolling fd = 7
Socket not ready, repolling fd = 7
Socket not ready, repolling fd = 7
Socket not ready, repolling fd = 7
Socket not ready, repolling fd = 7
Socket not ready, repolling fd = 7
Socket not ready, repolling fd = 7
Socket not ready, repolling fd = 7
Socket not ready, repolling fd = 7
Socket not ready, repolling fd = 7
Socket not ready, repolling fd = 7
Socket not ready, repolling fd = 7
Socket not ready, repolling fd = 7
Socket not ready, repolling fd = 7
Socket not ready, repolling fd = 7
Socket not ready, repolling fd = 7
Socket not ready, repolling fd = 7
Socket not ready, repolling fd = 7
Socket not ready, repolling fd = 7
Socket not ready, repolling fd = 7
Socket not ready, repolling fd = 7
Socket not ready, repolling fd = 7
Socket not ready, repolling fd = 7
Socket not ready, repolling fd = 7
Socket not ready, repolling fd = 7
Socket not ready, repolling fd = 7
Socket not ready, repolling fd = 7
Socket not ready, repolling fd = 7
Socket not ready, repolling fd = 7
Socket not ready, repolling fd = 7
Socket not ready, repolling fd = 7
Socket not ready, repolling fd = 7
Socket not ready, repolling fd = 7
Socket not ready, repolling fd = 7
Socket not ready, repolling fd = 7
Socket not ready, repolling fd = 7
Socket not ready, repolling fd = 7
Socket not ready, repolling fd = 7
Socket not ready, repolling fd = 7
Socket not ready, repolling fd = 7
Socket not ready, repolling fd = 7
Socket not ready, repolling fd = 7
Socket not ready, repolling fd = 7
Socket not ready, repolling fd = 7
Socket not ready, repolling fd = 7
Socket not ready, repolling fd = 7
Socket not ready, repolling fd = 7
Socket not ready, repolling fd = 7
Socket not ready, repolling fd = 7
Socket not ready, repolling fd = 7
Socket not ready, repolling fd = 7
Socket not ready, repolling fd = 7
Socket not ready, repolling fd = 7
Socket not ready, repolling fd = 7
Socket not ready, repolling fd = 7
Socket not ready, repolling fd = 7
Socket not ready, repolling fd = 7
Socket not ready, repolling fd = 7
Socket not ready, repolling fd = 7
Socket not ready, repolling fd = 7
Socket not ready, repolling fd = 7
Socket not ready, repolling fd = 7
Socket not ready, repolling fd = 7
Socket not ready, repolling fd = 7
Socket not ready, repolling fd = 7
Socket not ready, repolling fd = 7
Socket not ready, repolling fd = 7
Socket not ready, repolling fd = 7
Socket not ready, repolling fd = 7
Socket not ready, repolling fd = 7
Socket not ready, repolling fd = 7
Socket not ready, repolling fd = 7
Socket not ready, repolling fd = 7
Socket not ready, repolling fd = 7
Socket not ready, repolling fd = 7
Socket not ready, repolling fd = 7
Socket not ready, repolling fd = 7
Socket not ready, repolling fd = 7
Socket not ready, repolling fd = 7
Socket not ready, repolling fd = 7
Socket not ready, repolling fd = 7
Socket not ready, repolling fd = 7
Socket not ready, repolling fd = 7
Socket not ready, repolling fd = 7
Socket not ready, repolling fd = 7
Socket not ready, repolling fd = 7
Socket not ready, repolling fd = 7
Socket not ready, repolling fd = 7
Socket not ready, repolling fd = 7
Socket not ready, repolling fd = 7
Socket not ready, repolling fd = 7
Socket not ready, repolling fd = 7
Socket not ready, repolling fd = 7
Socket not ready, repolling fd = 7
Socket not ready, repolling fd = 7
Socket not ready, repolling fd = 7
Socket not ready, repolling fd = 7
Socket not ready, repolling fd = 7
Socket not ready, repolling fd = 7
Socket not ready, repolling fd = 8
Socket not ready, repolling fd = 8
Socket not ready, repolling fd = 8
Socket not ready, repolling fd = 8
Socket not ready, repolling fd = 8
Socket not ready, repolling fd = 8
Socket not ready, repolling fd = 8
Socket not ready, repolling fd = 8
Socket not ready, repolling fd = 8
Socket not ready, repolling fd = 8
Socket not ready, repolling fd = 8
Socket not ready, repolling fd = 8
Socket not ready, repolling fd = 8
Socket not ready, repolling fd = 8
Socket not ready, repolling fd = 8
Socket not ready, repolling fd = 8
Socket not ready, repolling fd = 8
Socket not ready, repolling fd = 8
Socket not ready, repolling fd = 8
Socket not ready, repolling fd = 8
Socket not ready, repolling fd = 8
Socket not ready, repolling fd = 8
Socket not ready, repolling fd = 8
Socket not ready, repolling fd = 8
Socket not ready, repolling fd = 8
Socket not ready, repolling fd = 8
Socket not ready, repolling fd = 8
Socket not ready, repolling fd = 8
Socket not ready, repolling fd = 8
Socket not ready, repolling fd = 8
Socket not ready, repolling fd = 8
Socket not ready, repolling fd = 8
Socket not ready, repolling fd = 8
Socket not ready, repolling fd = 8
Socket not ready, repolling fd = 8
Socket not ready, repolling fd = 8
Socket not ready, repolling fd = 8
Socket not ready, repolling fd = 8
Socket not ready, repolling fd = 8
Socket not ready, repolling fd = 8
Socket not ready, repolling fd = 8
Socket not ready, repolling fd = 8
Socket not ready, repolling fd = 8
Socket not ready, repolling fd = 8
Socket not ready, repolling fd = 8
Socket not ready, repolling fd = 8
Socket not ready, repolling fd = 8
Socket not ready, repolling fd = 8
Socket not ready, repolling fd = 8
Socket not ready, repolling fd = 8
Socket not ready, repolling fd = 8
Socket not ready, repolling fd = 8
Socket not ready, repolling fd = 8
Socket not ready, repolling fd = 8
Socket not ready, repolling fd = 8
Socket not ready, repolling fd = 8
Socket not ready, repolling fd = 8
Socket not ready, repolling fd = 8
Socket not ready, repolling fd = 8
Socket not ready, repolling fd = 8
Socket not ready, repolling fd = 8
Socket not ready, repolling fd = 8
Socket not ready, repolling fd = 8
Socket not ready, repolling fd = 9
Socket not ready, repolling fd = 9
Socket not ready, repolling fd = 9
Socket not ready, repolling fd = 9
Socket not ready, repolling fd = 9
Socket not ready, repolling fd = 9
Socket not ready, repolling fd = 9
Socket not ready, repolling fd = 9
Socket not ready, repolling fd = 9
Socket not ready, repolling fd = 9
Socket not ready, repolling fd = 9
Socket not ready, repolling fd = 9
Socket not ready, repolling fd = 9
Socket not ready, repolling fd = 9
Socket not ready, repolling fd = 9
Socket not ready, repolling fd = 9
Socket not ready, repolling fd = 9
Socket not ready, repolling fd = 9
Socket not ready, repolling fd = 9
Socket not ready, repolling fd = 9
Socket not ready, repolling fd = 9
Socket not ready, repolling fd = 9
Socket not ready, repolling fd = 9
Socket not ready, repolling fd = 9
Socket not ready, repolling fd = 9
Socket not ready, repolling fd = 9
Socket not ready, repolling fd = 9
Socket not ready, repolling fd = 9
Socket not ready, repolling fd = 9
Socket not ready, repolling fd = 9
Socket not ready, repolling fd = 9
Socket not ready, repolling fd = 9
Socket not ready, repolling fd = 9
Socket not ready, repolling fd = 9
Socket not ready, repolling fd = 9
Socket not ready, repolling fd = 9
Socket not ready, repolling fd = 9
Socket not ready, repolling fd = 9
Socket not ready, repolling fd = 9
Socket not ready, repolling fd = 9
Socket not ready, repolling fd = 9
Socket not ready, repolling fd = 9
Socket not ready, repolling fd = 9
Socket not ready, repolling fd = 9
Socket not ready, repolling fd = 9
Socket not ready, repolling fd = 9
Socket not ready, repolling fd = 9
Socket not ready, repolling fd = 9
Socket not ready, repolling fd = 9
Socket not ready, repolling fd = 9
Socket not ready, repolling fd = 9
Socket not ready, repolling fd = 9
Socket not ready, repolling fd = 9
Socket not ready, repolling fd = 9
Socket not ready, repolling fd = 9
Socket not ready, repolling fd = 9
Socket not ready, repolling fd = 9
Socket not ready, repolling fd = 9
Socket not ready, repolling fd = 9
Socket not ready, repolling fd = 9
Socket not ready, repolling fd = 9
Socket not ready, repolling fd = 9
Socket not ready, repolling fd = 9
Socket not ready, repolling fd = 9
Socket not ready, repolling fd = 9
Socket not ready, repolling fd = 9
Socket not ready, repolling fd = 9
Socket not ready, repolling fd = 9
Socket not ready, repolling fd = 9
Socket not ready, repolling fd = 9
Socket not ready, repolling fd = 9
Socket not ready, repolling fd = 9
Socket not ready, repolling fd = 9
Socket not ready, repolling fd = 9
Socket not ready, repolling fd = 9
Socket not ready, repolling fd = 9
Socket not ready, repolling fd = 9
Socket not ready, repolling fd = 9
Socket not ready, repolling fd = 9
Socket not ready, repolling fd = 9
Socket not ready, repolling fd = 9
Socket not ready, repolling fd = 9
Socket not ready, repolling fd = 9
Socket not ready, repolling fd = 9
Socket not ready, repolling fd = 9
Socket not ready, repolling fd = 9
Socket not ready, repolling fd = 9
Socket not ready, repolling fd = 9
Socket not ready, repolling fd = 9
Socket not ready, repolling fd = 9
Socket not ready, repolling fd = 9
Socket not ready, repolling fd = 9
Socket not ready, repolling fd = 9
Socket not ready, repolling fd = 9
Socket not ready, repolling fd = 9
Socket not ready, repolling fd = 9
Socket not ready, repolling fd = 9
Socket not ready, repolling fd = 9
Socket not ready, repolling fd = 9
Socket not ready, repolling fd = 9
Socket not ready, repolling fd = 9
Socket not ready, repolling fd = 9
Socket not ready, repolling fd = 9
Socket not ready, repolling fd = 9
Socket not ready, repolling fd = 9
Socket not ready, repolling fd = 9
Socket not ready, repolling fd = 9
Socket not ready, repolling fd = 9
Socket not ready, repolling fd = 9
Socket not ready, repolling fd = 9
Socket not ready, repolling fd = 9
Socket not ready, repolling fd = 9
Socket not ready, repolling fd = 9
Socket not ready, repolling fd = 9
Socket not ready, repolling fd = 9
Socket not ready, repolling fd = 9
Socket not ready, repolling fd = 9
Socket not ready, repolling fd = 9
Socket not ready, repolling fd = 9
Socket not ready, repolling fd = 9
Socket not ready, repolling fd = 9
Socket not ready, repolling fd = 9
Socket not ready, repolling fd = 9
Socket not ready, repolling fd = 9
Socket not ready, repolling fd = 9
Socket not ready, repolling fd = 9
Socket not ready, repolling fd = 9
Socket not ready, repolling fd = 9
Socket not ready, repolling fd = 9
Socket not ready, repolling fd = 9
Socket not ready, repolling fd = 9
Socket not ready, repolling fd = 9
Socket not ready, repolling fd = 9
Socket not ready, repolling fd = 9
Socket not ready, repolling fd = 9
Socket not ready, repolling fd = 9
Socket not ready, repolling fd = 9
Socket not ready, repolling fd = 9
Socket not ready, repolling fd = 9
Socket not ready, repolling fd = 9
Socket not ready, repolling fd = 9
Socket not ready, repolling fd = 9
Socket not ready, repolling fd = 9
Socket not ready, repolling fd = 9
Socket not ready, repolling fd = 9
Socket not ready, repolling fd = 9
Socket not ready, repolling fd = 9
Socket not ready, repolling fd = 9
Socket not ready, repolling fd = 9
Socket not ready, repolling fd = 9
Socket not ready, repolling fd = 9
Socket not ready, repolling fd = 9
Socket not ready, repolling fd = 9
Socket not ready, repolling fd = 9
Socket not ready, repolling fd = 9
Socket not ready, repolling fd = 9
Socket not ready, repolling fd = 9
Socket not ready, repolling fd = 9
Socket not ready, repolling fd = 9
Socket not ready, repolling fd = 9
Socket not ready, repolling fd = 9
Socket not ready, repolling fd = 9
Socket not ready, repolling fd = 9
Socket not ready, repolling fd = 9
Socket not ready, repolling fd = 9
Socket not ready, repolling fd = 9
Socket not ready, repolling fd = 9
Socket not ready, repolling fd = 9
Socket not ready, repolling fd = 9
Socket not ready, repolling fd = 9
Socket not ready, repolling fd = 9
Socket not ready, repolling fd = 9
Socket not ready, repolling fd = 9
Socket not ready, repolling fd = 9
Socket not ready, repolling fd = 9
Socket not ready, repolling fd = 9
Socket not ready, repolling fd = 9
Socket not ready, repolling fd = 9
Socket not ready, repolling fd = 9
Socket not ready, repolling fd = 9
Socket not ready, repolling fd = 9
Socket not ready, repolling fd = 9
Socket not ready, repolling fd = 9
Socket not ready, repolling fd = 9
Socket not ready, repolling fd = 9
Socket not ready, repolling fd = 9
Socket not ready, repolling fd = 9
Socket not ready, repolling fd = 9
Socket not ready, repolling fd = 9
Socket not ready, repolling fd = 9
Socket not ready, repolling fd = 9
Socket not ready, repolling fd = 9
Socket not ready, repolling fd = 9
Socket not ready, repolling fd = 9
Socket not ready, repolling fd = 9
Socket not ready, repolling fd = 9
Socket not ready, repolling fd = 9
Socket not ready, repolling fd = 9
Socket not ready, repolling fd = 9
Socket not ready, repolling fd = 9
Socket not ready, repolling fd = 9
Socket not ready, repolling fd = 9
Socket not ready, repolling fd = 9
Socket not ready, repolling fd = 9
Socket not ready, repolling fd = 9
Socket not ready, repolling fd = 9
Socket not ready, repolling fd = 9
Socket not ready, repolling fd = 9
Socket not ready, repolling fd = 9
Socket not ready, repolling fd = 9
Socket not ready, repolling fd = 9
Socket not ready, repolling fd = 9
Socket not ready, repolling fd = 9
Socket not ready, repolling fd = 9
Socket not ready, repolling fd = 9
Socket not ready, repolling fd = 9
Socket not ready, repolling fd = 9
Socket not ready, repolling fd = 9
Socket not ready, repolling fd = 9
Socket not ready, repolling fd = 9
Socket not ready, repolling fd = 9
Socket not ready, repolling fd = 9
Socket not ready, repolling fd = 9
Socket not ready, repolling fd = 9
Socket not ready, repolling fd = 9
Socket not ready, repolling fd = 9
Socket not ready, repolling fd = 9
Socket not ready, repolling fd = 9
Socket not ready, repolling fd = 9
Socket not ready, repolling fd = 9
Socket not ready, repolling fd = 9
Socket not ready, repolling fd = 9
Socket not ready, repolling fd = 9
Socket not ready, repolling fd = 9
Socket not ready, repolling fd = 9
Socket not ready, repolling fd = 9
Socket not ready, repolling fd = 9
Socket not ready, repolling fd = 9
Socket not ready, repolling fd = 9
Socket not ready, repolling fd = 9
Socket not ready, repolling fd = 9
Socket not ready, repolling fd = 9
Socket not ready, repolling fd = 9
Socket not ready, repolling fd = 9
Socket not ready, repolling fd = 9
Socket not ready, repolling fd = 9
Socket not ready, repolling fd = 9
Socket not ready, repolling fd = 9
Socket not ready, repolling fd = 9
Socket not ready, repolling fd = 9
Socket not ready, repolling fd = 9
Socket not ready, repolling fd = 9
Socket not ready, repolling fd = 9
Socket not ready, repolling fd = 9
Socket not ready, repolling fd = 9
Socket not ready, repolling fd = 9
Socket not ready, repolling fd = 9
Socket not ready, repolling fd = 9
Socket not ready, repolling fd = 9
Socket not ready, repolling fd = 9
Socket not ready, repolling fd = 9
Socket not ready, repolling fd = 9
Socket not ready, repolling fd = 9
Socket not ready, repolling fd = 9
Socket not ready, repolling fd = 9
Socket not ready, repolling fd = 9
Socket not ready, repolling fd = 9
Socket not ready, repolling fd = 9
Socket not ready, repolling fd = 9
Socket not ready, repolling fd = 9
Socket not ready, repolling fd = 9
Socket not ready, repolling fd = 9
Socket not ready, repolling fd = 9
Socket not ready, repolling fd = 9
Socket not ready, repolling fd = 9
Socket not ready, repolling fd = 9
Socket not ready, repolling fd = 9
Socket not ready, repolling fd = 9
Socket not ready, repolling fd = 9
Socket not ready, repolling fd = 9
Socket not ready, repolling fd = 9
Socket not ready, repolling fd = 9
Socket not ready, repolling fd = 9
Socket not ready, repolling fd = 9
Socket not ready, repolling fd = 9
Socket not ready, repolling fd = 9
Socket not ready, repolling fd = 9
Socket not ready, repolling fd = 9
Socket not ready, repolling fd = 9
Socket not ready, repolling fd = 9
Socket not ready, repolling fd = 9
Socket not ready, repolling fd = 9
Socket not ready, repolling fd = 9
Socket not ready, repolling fd = 9
Socket not ready, repolling fd = 9
Socket not ready, repolling fd = 9
Socket not ready, repolling fd = 9
Socket not ready, repolling fd = 9
Socket not ready, repolling fd = 9
Socket not ready, repolling fd = 9
Socket not ready, repolling fd = 9
Socket not ready, repolling fd = 9
Socket not ready, repolling fd = 9
Socket not ready, repolling fd = 9
Socket not ready, repolling fd = 9
Socket not ready, repolling fd = 9
Socket not ready, repolling fd = 9
Socket not ready, repolling fd = 9
Socket not ready, repolling fd = 9
Socket not ready, repolling fd = 9
Socket not ready, repolling fd = 9
Socket not ready, repolling fd = 9
Socket not ready, repolling fd = 9
Socket not ready, repolling fd = 9
Socket not ready, repolling fd = 9
Socket not ready, repolling fd = 9
Socket not ready, repolling fd = 9
Socket not ready, repolling fd = 9
Socket not ready, repolling fd = 9
Socket not ready, repolling fd = 9
Socket not ready, repolling fd = 9
Socket not ready, repolling fd = 9
Socket not ready, repolling fd = 9
Socket not ready, repolling fd = 9
Socket not ready, repolling fd = 9
Socket not ready, repolling fd = 9
Socket not ready, repolling fd = 9
Socket not ready, repolling fd = 9
Socket not ready, repolling fd = 9
Socket not ready, repolling fd = 9
Socket not ready, repolling fd = 9
Socket not ready, repolling fd = 9
Socket not ready, repolling fd = 9
Socket not ready, repolling fd = 9
Socket not ready, repolling fd = 9
Socket not ready, repolling fd = 9
Socket not ready, repolling fd = 9
Socket not ready, repolling fd = 9
Socket not ready, repolling fd = 9
Socket not ready, repolling fd = 9
Socket not ready, repolling fd = 9
Socket not ready, repolling fd = 9
Socket not ready, repolling fd = 9
Socket not ready, repolling fd = 9
Socket not ready, repolling fd = 9
Socket not ready, repolling fd = 9
Socket not ready, repolling fd = 9
Socket not ready, repolling fd = 9
Socket not ready, repolling fd = 9
Socket not ready, repolling fd = 9
Socket not ready, repolling fd = 9
Socket not ready, repolling fd = 9
Socket not ready, repolling fd = 9
Socket not ready, repolling fd = 9
Socket not ready, repolling fd = 9
Socket not ready, repolling fd = 9
Socket not ready, repolling fd = 9
Socket not ready, repolling fd = 9
Socket not ready, repolling fd = 9
Socket not ready, repolling fd = 9
Socket not ready, repolling fd = 9
Socket not ready, repolling fd = 9
Socket not ready, repolling fd = 9
Socket not ready, repolling fd = 9
Socket not ready, repolling fd = 9
Socket not ready, repolling fd = 9
Socket not ready, repolling fd = 9
Socket not ready, repolling fd = 9
Socket not ready, repolling fd = 9
Socket not ready, repolling fd = 9
Socket not ready, repolling fd = 9
Socket not ready, repolling fd = 9
Socket not ready, repolling fd = 9
Socket not ready, repolling fd = 9
Socket not ready, repolling fd = 9
Socket not ready, repolling fd = 9
Socket not ready, repolling fd = 9
Socket not ready, repolling fd = 9
Socket not ready, repolling fd = 9
Socket not ready, repolling fd = 9
Socket not ready, repolling fd = 9
Socket not ready, repolling fd = 9
Socket not ready, repolling fd = 9
Socket not ready, repolling fd = 9
Socket not ready, repolling fd = 9
Socket not ready, repolling fd = 9
Socket not ready, repolling fd = 9
Socket not ready, repolling fd = 9
Socket not ready, repolling fd = 9
Socket not ready, repolling fd = 9
Socket not ready, repolling fd = 9
Socket not ready, repolling fd = 9
Socket not ready, repolling fd = 9
Socket not ready, repolling fd = 9
Socket not ready, repolling fd = 9
Socket not ready, repolling fd = 9
Socket not ready, repolling fd = 9
Socket not ready, repolling fd = 9
Socket not ready, repolling fd = 9
Socket not ready, repolling fd = 9
Socket not ready, repolling fd = 9
Socket not ready, repolling fd = 9
Socket not ready, repolling fd = 9
Socket not ready, repolling fd = 9
Socket not ready, repolling fd = 9
Socket not ready, repolling fd = 9
Socket not ready, repolling fd = 9
Socket not ready, repolling fd = 9
Socket not ready, repolling fd = 7
Socket not ready, repolling fd = 7
Socket not ready, repolling fd = 7
Socket not ready, repolling fd = 7
Socket not ready, repolling fd = 7
Socket not ready, repolling fd = 7
Socket not ready, repolling fd = 7
Socket not ready, repolling fd = 7
Socket not ready, repolling fd = 7
Socket not ready, repolling fd = 7
Socket not ready, repolling fd = 7
Socket not ready, repolling fd = 7
Socket not ready, repolling fd = 7
Socket not ready, repolling fd = 7
Socket not ready, repolling fd = 7
Socket not ready, repolling fd = 7
Socket not ready, repolling fd = 7
Socket not ready, repolling fd = 7
Socket not ready, repolling fd = 7
Socket not ready, repolling fd = 7
Socket not ready, repolling fd = 7
Socket not ready, repolling fd = 7
Socket not ready, repolling fd = 7
Socket not ready, repolling fd = 7
Socket not ready, repolling fd = 7
Socket not ready, repolling fd = 7
Socket not ready, repolling fd = 7
Socket not ready, repolling fd = 7
Socket not ready, repolling fd = 7
Socket not ready, repolling fd = 7
Socket not ready, repolling fd = 7
Socket not ready, repolling fd = 7
Socket not ready, repolling fd = 7
Socket not ready, repolling fd = 7
Socket not ready, repolling fd = 7
Socket not ready, repolling fd = 7
Socket not ready, repolling fd = 7
Socket not ready, repolling fd = 7
Socket not ready, repolling fd = 7
Socket not ready, repolling fd = 7
Socket not ready, repolling fd = 7
Socket not ready, repolling fd = 7
Socket not ready, repolling fd = 7
Socket not ready, repolling fd = 7
Socket not ready, repolling fd = 7
Socket not ready, repolling fd = 7
Socket not ready, repolling fd = 7
Socket not ready, repolling fd = 7
Socket not ready, repolling fd = 7
Socket not ready, repolling fd = 7
Socket not ready, repolling fd = 7
Socket not ready, repolling fd = 7
Socket not ready, repolling fd = 7
Socket not ready, repolling fd = 7
Socket not ready, repolling fd = 7
Socket not ready, repolling fd = 7
Socket not ready, repolling fd = 7
Socket not ready, repolling fd = 7
Socket not ready, repolling fd = 7
Socket not ready, repolling fd = 7
Socket not ready, repolling fd = 7
Socket not ready, repolling fd = 7
Socket not ready, repolling fd = 7
Socket not ready, repolling fd = 7
Socket not ready, repolling fd = 7
Socket not ready, repolling fd = 7
Socket not ready, repolling fd = 7
Socket not ready, repolling fd = 7
Socket not ready, repolling fd = 7
Socket not ready, repolling fd = 7
Socket not ready, repolling fd = 7
Socket not ready, repolling fd = 7
Socket not ready, repolling fd = 7
Socket not ready, repolling fd = 7
Socket not ready, repolling fd = 7
Socket not ready, repolling fd = 7
Socket not ready, repolling fd = 7
Socket not ready, repolling fd = 7
Socket not ready, repolling fd = 7
Socket not ready, repolling fd = 7
Socket not ready, repolling fd = 7
Socket not ready, repolling fd = 7
Socket not ready, repolling fd = 7
Socket not ready, repolling fd = 7
Socket not ready, repolling fd = 7
Socket not ready, repolling fd = 7
Socket not ready, repolling fd = 7
Socket not ready, repolling fd = 7
Socket not ready, repolling fd = 7
Socket not ready, repolling fd = 7
Socket not ready, repolling fd = 7
Socket not ready, repolling fd = 7
Socket not ready, repolling fd = 7
Socket not ready, repolling fd = 7
Socket not ready, repolling fd = 7
Socket not ready, repolling fd = 7
Socket not ready, repolling fd = 7
Socket not ready, repolling fd = 7
Socket not ready, repolling fd = 7
Socket not ready, repolling fd = 7
Socket not ready, repolling fd = 7
Socket not ready, repolling fd = 7
Socket not ready, repolling fd = 7
Socket not ready, repolling fd = 7
Socket not ready, repolling fd = 7
Socket not ready, repolling fd = 7
Socket not ready, repolling fd = 7
Socket not ready, repolling fd = 7
Socket not ready, repolling fd = 7
Socket not ready, repolling fd = 7
Socket not ready, repolling fd = 7
Socket not ready, repolling fd = 7
Socket not ready, repolling fd = 7
Socket not ready, repolling fd = 7
Socket not ready, repolling fd = 7
Socket not ready, repolling fd = 7
Socket not ready, repolling fd = 7
Socket not ready, repolling fd = 7
Socket not ready, repolling fd = 7
Socket not ready, repolling fd = 7
Socket not ready, repolling fd = 7
Socket not ready, repolling fd = 7
Socket not ready, repolling fd = 7
Socket not ready, repolling fd = 7
Socket not ready, repolling fd = 7
Socket not ready, repolling fd = 7
Socket not ready, repolling fd = 7
Socket not ready, repolling fd = 7
Socket not ready, repolling fd = 7
Socket not ready, repolling fd = 7
Socket not ready, repolling fd = 7
Socket not ready, repolling fd = 7
Socket not ready, repolling fd = 7
Socket not ready, repolling fd = 7
Socket not ready, repolling fd = 7
Socket not ready, repolling fd = 7
Socket not ready, repolling fd = 7
Socket not ready, repolling fd = 7
Socket not ready, repolling fd = 7
Socket not ready, repolling fd = 7
Socket not ready, repolling fd = 7
Socket not ready, repolling fd = 7
Socket not ready, repolling fd = 7
Socket not ready, repolling fd = 7
Socket not ready, repolling fd = 7
Socket not ready, repolling fd = 7
Socket not ready, repolling fd = 7
Socket not ready, repolling fd = 7
Socket not ready, repolling fd = 7
Socket not ready, repolling fd = 7
Socket not ready, repolling fd = 7
Socket not ready, repolling fd = 7
Socket not ready, repolling fd = 7
Socket not ready, repolling fd = 7
Socket not ready, repolling fd = 7
Socket not ready, repolling fd = 7
Socket not ready, repolling fd = 7
Socket not ready, repolling fd = 7
Socket not ready, repolling fd = 7
Socket not ready, repolling fd = 7
Socket not ready, repolling fd = 7
Socket not ready, repolling fd = 7
Socket not ready, repolling fd = 7
Socket not ready, repolling fd = 7
Socket not ready, repolling fd = 7
Socket not ready, repolling fd = 7
Socket not ready, repolling fd = 7
Socket not ready, repolling fd = 7
Socket not ready, repolling fd = 7
Socket not ready, repolling fd = 7
Socket not ready, repolling fd = 7
Socket not ready, repolling fd = 7
Socket not ready, repolling fd = 7
Socket not ready, repolling fd = 7
Socket not ready, repolling fd = 7
Socket not ready, repolling fd = 7
Socket not ready, repolling fd = 7
Socket not ready, repolling fd = 7
Socket not ready, repolling fd = 7
Socket not ready, repolling fd = 7
Socket not ready, repolling fd = 7
Socket not ready, repolling fd = 7
Socket not ready, repolling fd = 7
Socket not ready, repolling fd = 7
Socket not ready, repolling fd = 7
Socket not ready, repolling fd = 7
Socket not ready, repolling fd = 7
Socket not ready, repolling fd = 7
Socket not ready, repolling fd = 7
Socket not ready, repolling fd = 7
Socket not ready, repolling fd = 7
Socket not ready, repolling fd = 7
Socket not ready, repolling fd = 7
Socket not ready, repolling fd = 7
Socket not ready, repolling fd = 7
Socket not ready, repolling fd = 7
Socket not ready, repolling fd = 7
Socket not ready, repolling fd = 7
Socket not ready, repolling fd = 7
Socket not ready, repolling fd = 7
Socket not ready, repolling fd = 7
Socket not ready, repolling fd = 7
Socket not ready, repolling fd = 7
Socket not ready, repolling fd = 7
Socket not ready, repolling fd = 7
Socket not ready, repolling fd = 7
Socket not ready, repolling fd = 7
Socket not ready, repolling fd = 7
Socket not ready, repolling fd = 7
Socket not ready, repolling fd = 7
Socket not ready, repolling fd = 7
Socket not ready, repolling fd = 7
Socket not ready, repolling fd = 7
Socket not ready, repolling fd = 7
Socket not ready, repolling fd = 7
Socket not ready, repolling fd = 7
Socket not ready, repolling fd = 7
Socket not ready, repolling fd = 7
Socket not ready, repolling fd = 7
Socket not ready, repolling fd = 7
Socket not ready, repolling fd = 7
Socket not ready, repolling fd = 7
Socket not ready, repolling fd = 7
Socket not ready, repolling fd = 7
Socket not ready, repolling fd = 7
Socket not ready, repolling fd = 7
Socket not ready, repolling fd = 7
Socket not ready, repolling fd = 7
Socket not ready, repolling fd = 7
Socket not ready, repolling fd = 7
Socket not ready, repolling fd = 7
Socket not ready, repolling fd = 7
Socket not ready, repolling fd = 7
Socket not ready, repolling fd = 7
Socket not ready, repolling fd = 7
Socket not ready, repolling fd = 7
Socket not ready, repolling fd = 7
Socket not ready, repolling fd = 7
Socket not ready, repolling fd = 7
Socket not ready, repolling fd = 7
Socket not ready, repolling fd = 7
Socket not ready, repolling fd = 7
Socket not ready, repolling fd = 7
Socket not ready, repolling fd = 7
Socket not ready, repolling fd = 7
Socket not ready, repolling fd = 7
Socket not ready, repolling fd = 7
Socket not ready, repolling fd = 7
Socket not ready, repolling fd = 7
Socket not ready, repolling fd = 7
Socket not ready, repolling fd = 7
Socket not ready, repolling fd = 7
Socket not ready, repolling fd = 7
Socket not ready, repolling fd = 7
Socket not ready, repolling fd = 7
Socket not ready, repolling fd = 7
Socket not ready, repolling fd = 7
Socket not ready, repolling fd = 7
Socket not ready, repolling fd = 7
Socket not ready, repolling fd = 7
Socket not ready, repolling fd = 7
Socket not ready, repolling fd = 7
Socket not ready, repolling fd = 7
Socket not ready, repolling fd = 7
Socket not ready, repolling fd = 7
Socket not ready, repolling fd = 7
Socket not ready, repolling fd = 7
Socket not ready, repolling fd = 7
Socket not ready, repolling fd = 7
Socket not ready, repolling fd = 7
Socket not ready, repolling fd = 7
Socket not ready, repolling fd = 7
Socket not ready, repolling fd = 7
Socket not ready, repolling fd = 7
Socket not ready, repolling fd = 7
Socket not ready, repolling fd = 7
Socket not ready, repolling fd = 7
Socket not ready, repolling fd = 7
Socket not ready, repolling fd = 7
Socket not ready, repolling fd = 7
Socket not ready, repolling fd = 7
Socket not ready, repolling fd = 7
Socket not ready, repolling fd = 7
Socket not ready, repolling fd = 7
Socket not ready, repolling fd = 7
Socket not ready, repolling fd = 7
Socket not ready, repolling fd = 7
Socket not ready, repolling fd = 7
Socket not ready, repolling fd = 7
Socket not ready, repolling fd = 7
Socket not ready, repolling fd = 7
Socket not ready, repolling fd = 7
Socket not ready, repolling fd = 7
Socket not ready, repolling fd = 7
Socket not ready, repolling fd = 7
Socket not ready, repolling fd = 7
Socket not ready, repolling fd = 7
Socket not ready, repolling fd = 7
Socket not ready, repolling fd = 7
Socket not ready, repolling fd = 7
Socket not ready, repolling fd = 7
Socket not ready, repolling fd = 7
Socket not ready, repolling fd = 7
Socket not ready, repolling fd = 7
Socket not ready, repolling fd = 7
Socket not ready, repolling fd = 7
Socket not ready, repolling fd = 7
Socket not ready, repolling fd = 7
Socket not ready, repolling fd = 7
Socket not ready, repolling fd = 7
Socket not ready, repolling fd = 7
Socket not ready, repolling fd = 7
Socket not ready, repolling fd = 7
Socket not ready, repolling fd = 7
Socket not ready, repolling fd = 7
Socket not ready, repolling fd = 7
Socket not ready, repolling fd = 7
Socket not ready, repolling fd = 7
Socket not ready, repolling fd = 7
Socket not ready, repolling fd = 7
Socket not ready, repolling fd = 7
Socket not ready, repolling fd = 7
Socket not ready, repolling fd = 7
Socket not ready, repolling fd = 7
Socket not ready, repolling fd = 7
Socket not ready, repolling fd = 7
Socket not ready, repolling fd = 7
Socket not ready, repolling fd = 7
Socket not ready, repolling fd = 7
Socket not ready, repolling fd = 7
Socket not ready, repolling fd = 7
Socket not ready, repolling fd = 7
Socket not ready, repolling fd = 7
Socket not ready, repolling fd = 7
Socket not ready, repolling fd = 7
Socket not ready, repolling fd = 7
Socket not ready, repolling fd = 7
Socket not ready, repolling fd = 7
Socket not ready, repolling fd = 7
Socket not ready, repolling fd = 7
Socket not ready, repolling fd = 7
Socket not ready, repolling fd = 7
Socket not ready, repolling fd = 7
Socket not ready, repolling fd = 7
Socket not ready, repolling fd = 7
Socket not ready, repolling fd = 7
Socket not ready, repolling fd = 7
Socket not ready, repolling fd = 7
Socket not ready, repolling fd = 7
Socket not ready, repolling fd = 7
Socket not ready, repolling fd = 7
Socket not ready, repolling fd = 7
Socket not ready, repolling fd = 7
Socket not ready, repolling fd = 7
Socket not ready, repolling fd = 7
Socket not ready, repolling fd = 7
Socket not ready, repolling fd = 7
Socket not ready, repolling fd = 7
Socket not ready, repolling fd = 7
Socket not ready, repolling fd = 7
Socket not ready, repolling fd = 7
Socket not ready, repolling fd = 7
Socket not ready, repolling fd = 7
Socket not ready, repolling fd = 7
Socket not ready, repolling fd = 7
Socket not ready, repolling fd = 7
Socket not ready, repolling fd = 7
Socket not ready, repolling fd = 7
Socket not ready, repolling fd = 7
Socket not ready, repolling fd = 7
Socket not ready, repolling fd = 7
Socket not ready, repolling fd = 7
Socket not ready, repolling fd = 7
Socket not ready, repolling fd = 7
Socket not ready, repolling fd = 7
Socket not ready, repolling fd = 7
Socket not ready, repolling fd = 7
Socket not ready, repolling fd = 7
Socket not ready, repolling fd = 7
Socket not ready, repolling fd = 7
Socket not ready, repolling fd = 7
Socket not ready, repolling fd = 7
Socket not ready, repolling fd = 7
Socket not ready, repolling fd = 7
Socket not ready, repolling fd = 7
Socket not ready, repolling fd = 7
Socket not ready, repolling fd = 7
Socket not ready, repolling fd = 7
Socket not ready, repolling fd = 7
Socket not ready, repolling fd = 7
Socket not ready, repolling fd = 7
Socket not ready, repolling fd = 7
Socket not ready, repolling fd = 7
Socket not ready, repolling fd = 7
Socket not ready, repolling fd = 7
Socket not ready, repolling fd = 7
Socket not ready, repolling fd = 7
Socket not ready, repolling fd = 7
Socket not ready, repolling fd = 7
Socket not ready, repolling fd = 7
Socket not ready, repolling fd = 7
Socket not ready, repolling fd = 7
Socket not ready, repolling fd = 7
Socket not ready, repolling fd = 7
Socket not ready, repolling fd = 7
Socket not ready, repolling fd = 7
Socket not ready, repolling fd = 7
Socket not ready, repolling fd = 7
Socket not ready, repolling fd = 7
Socket not ready, repolling fd = 7
Socket not ready, repolling fd = 7
Socket not ready, repolling fd = 7
Socket not ready, repolling fd = 7
Socket not ready, repolling fd = 7
Socket not ready, repolling fd = 7
Socket not ready, repolling fd = 7
Socket not ready, repolling fd = 7
Socket not ready, repolling fd = 7
Socket not ready, repolling fd = 7
Socket not ready, repolling fd = 7
Socket not ready, repolling fd = 7
Socket not ready, repolling fd = 7
Socket not ready, repolling fd = 7
Socket not ready, repolling fd = 7
Socket not ready, repolling fd = 7
Socket not ready, repolling fd = 7
Socket not ready, repolling fd = 7
Socket not ready, repolling fd = 7
Socket not ready, repolling fd = 7
Socket not ready, repolling fd = 7
Socket not ready, repolling fd = 7
Socket not ready, repolling fd = 7
Socket not ready, repolling fd = 7
Socket not ready, repolling fd = 7
Socket not ready, repolling fd = 7
Socket not ready, repolling fd = 7
Socket not ready, repolling fd = 7
Socket not ready, repolling fd = 7
Socket not ready, repolling fd = 7
Socket not ready, repolling fd = 7
Socket not ready, repolling fd = 7
Socket not ready, repolling fd = 7
Socket not ready, repolling fd = 7
Socket not ready, repolling fd = 7
Socket not ready, repolling fd = 7
Socket not ready, repolling fd = 7
Socket not ready, repolling fd = 7
Socket not ready, repolling fd = 7
Socket not ready, repolling fd = 7
Socket not ready, repolling fd = 7
Socket not ready, repolling fd = 7
Socket not ready, repolling fd = 7
Socket not ready, repolling fd = 7
Socket not ready, repolling fd = 7
Socket not ready, repolling fd = 7
Socket not ready, repolling fd = 7
Socket not ready, repolling fd = 7
Socket not ready, repolling fd = 7
Socket not ready, repolling fd = 7
Socket not ready, repolling fd = 7
Socket not ready, repolling fd = 7
Socket not ready, repolling fd = 7
Socket not ready, repolling fd = 7
Socket not ready, repolling fd = 7
Socket not ready, repolling fd = 7
Socket not ready, repolling fd = 7
Socket not ready, repolling fd = 7
Socket not ready, repolling fd = 7
Socket not ready, repolling fd = 7
Socket not ready, repolling fd = 7
Socket not ready, repolling fd = 7
Socket not ready, repolling fd = 7
Socket not ready, repolling fd = 7
Socket not ready, repolling fd = 7
Socket not ready, repolling fd = 7
Socket not ready, repolling fd = 7
Socket not ready, repolling fd = 7
Socket not ready, repolling fd = 7
Socket not ready, repolling fd = 7
Socket not ready, repolling fd = 7
Socket not ready, repolling fd = 7
Socket not ready, repolling fd = 7
Socket not ready, repolling fd = 7
Socket not ready, repolling fd = 7
Socket not ready, repolling fd = 7
Socket not ready, repolling fd = 7
Socket not ready, repolling fd = 7
Socket not ready, repolling fd = 7
Socket not ready, repolling fd = 7
Socket not ready, repolling fd = 7
Socket not ready, repolling fd = 7
Socket not ready, repolling fd = 7
Socket not ready, repolling fd = 7
Socket not ready, repolling fd = 7
Socket not ready, repolling fd = 7
Socket not ready, repolling fd = 7
Socket not ready, repolling fd = 7
Socket not ready, repolling fd = 7
Socket not ready, repolling fd = 7
Socket not ready, repolling fd = 7
Socket not ready, repolling fd = 7
Socket not ready, repolling fd = 7
Socket not ready, repolling fd = 7
Socket not ready, repolling fd = 7
Socket not ready, repolling fd = 7
Socket not ready, repolling fd = 7
Socket not ready, repolling fd = 7
Socket not ready, repolling fd = 7
Socket not ready, repolling fd = 7
Socket not ready, repolling fd = 7
Socket not ready, repolling fd = 7
Socket not ready, repolling fd = 7
Socket not ready, repolling fd = 7
Socket not ready, repolling fd = 7
Socket not ready, repolling fd = 7
Socket not ready, repolling fd = 7
Socket not ready, repolling fd = 7
Socket not ready, repolling fd = 7
Socket not ready, repolling fd = 7
Socket not ready, repolling fd = 7
Socket not ready, repolling fd = 7
Socket not ready, repolling fd = 7
Socket not ready, repolling fd = 7
Socket not ready, repolling fd = 7
Socket not ready, repolling fd = 7
Socket not ready, repolling fd = 7
Socket not ready, repolling fd = 7
Socket not ready, repolling fd = 7
Socket not ready, repolling fd = 7
Socket not ready, repolling fd = 7
Socket not ready, repolling fd = 7
Socket not ready, repolling fd = 7
Socket not ready, repolling fd = 7
Socket not ready, repolling fd = 7
Socket not ready, repolling fd = 7
Socket not ready, repolling fd = 7
Socket not ready, repolling fd = 7
Socket not ready, repolling fd = 7
Socket not ready, repolling fd = 7
Socket not ready, repolling fd = 7
Socket not ready, repolling fd = 7
Socket not ready, repolling fd = 7
Socket not ready, repolling fd = 7
Socket not ready, repolling fd = 7
Socket not ready, repolling fd = 7
Socket not ready, repolling fd = 7
Socket not ready, repolling fd = 7
Socket not ready, repolling fd = 7
Socket not ready, repolling fd = 7
Socket not ready, repolling fd = 7
Socket not ready, repolling fd = 7
Socket not ready, repolling fd = 7
Socket not ready, repolling fd = 7
Socket not ready, repolling fd = 7
Socket not ready, repolling fd = 7
Socket not ready, repolling fd = 7
Socket not ready, repolling fd = 7
Socket not ready, repolling fd = 7
Socket not ready, repolling fd = 7
Socket not ready, repolling fd = 7
Socket not ready, repolling fd = 7
Socket not ready, repolling fd = 7
Socket not ready, repolling fd = 7
Socket not ready, repolling fd = 7
Socket not ready, repolling fd = 7
Socket not ready, repolling fd = 7
Socket not ready, repolling fd = 7
Socket not ready, repolling fd = 7
Socket not ready, repolling fd = 7
Socket not ready, repolling fd = 7
Socket not ready, repolling fd = 7
Socket not ready, repolling fd = 7
Socket not ready, repolling fd = 7
Socket not ready, repolling fd = 7
Socket not ready, repolling fd = 7
Socket not ready, repolling fd = 7
Socket not ready, repolling fd = 7
Socket not ready, repolling fd = 7
Socket not ready, repolling fd = 7
Socket not ready, repolling fd = 7
Socket not ready, repolling fd = 7
Socket not ready, repolling fd = 7
Socket not ready, repolling fd = 7
Socket not ready, repolling fd = 7
Socket not ready, repolling fd = 7
Socket not ready, repolling fd = 7
Socket not ready, repolling fd = 7
Socket not ready, repolling fd = 7
Socket not ready, repolling fd = 7
Socket not ready, repolling fd = 7
Socket not ready, repolling fd = 7
Socket not ready, repolling fd = 7
Socket not ready, repolling fd = 7
Socket not ready, repolling fd = 7
Socket not ready, repolling fd = 7
Socket not ready, repolling fd = 7
Socket not ready, repolling fd = 7
Socket not ready, repolling fd = 7
Socket not ready, repolling fd = 7
Socket not ready, repolling fd = 7
Socket not ready, repolling fd = 7
Socket not ready, repolling fd = 7
Socket not ready, repolling fd = 7
Socket not ready, repolling fd = 7
Socket not ready, repolling fd = 7
Socket not ready, repolling fd = 7
Socket not ready, repolling fd = 7
Socket not ready, repolling fd = 7
Socket not ready, repolling fd = 7
Socket not ready, repolling fd = 7
Socket not ready, repolling fd = 7
Socket not ready, repolling fd = 7
Socket not ready, repolling fd = 7
Socket not ready, repolling fd = 7
Socket not ready, repolling fd = 7
Socket not ready, repolling fd = 7
Socket not ready, repolling fd = 7
Socket not ready, repolling fd = 7
Socket not ready, repolling fd = 7
Socket not ready, repolling fd = 7
Socket not ready, repolling fd = 7
Socket not ready, repolling fd = 7
Socket not ready, repolling fd = 7
Socket not ready, repolling fd = 7
Socket not ready, repolling fd = 7
Socket not ready, repolling fd = 7
Socket not ready, repolling fd = 7
Socket not ready, repolling fd = 7
Socket not ready, repolling fd = 7
Socket not ready, repolling fd = 7
Socket not ready, repolling fd = 7
Socket not ready, repolling fd = 7
Socket not ready, repolling fd = 7
Socket not ready, repolling fd = 7
Socket not ready, repolling fd = 7
Socket not ready, repolling fd = 7
Socket not ready, repolling fd = 7
Socket not ready, repolling fd = 7
Socket not ready, repolling fd = 7
Socket not ready, repolling fd = 7
Socket not ready, repolling fd = 7
Socket not ready, repolling fd = 7
Socket not ready, repolling fd = 7
Socket not ready, repolling fd = 7
Socket not ready, repolling fd = 7
Socket not ready, repolling fd = 7
Socket not ready, repolling fd = 7
Socket not ready, repolling fd = 7
Socket not ready, repolling fd = 7
Socket not ready, repolling fd = 7
Socket not ready, repolling fd = 7
Socket not ready, repolling fd = 7
Socket not ready, repolling fd = 7
Socket not ready, repolling fd = 7
Socket not ready, repolling fd = 7
Socket not ready, repolling fd = 7
Socket not ready, repolling fd = 7
Socket not ready, repolling fd = 7
Socket not ready, repolling fd = 7
Socket not ready, repolling fd = 7
Socket not ready, repolling fd = 7
Socket not ready, repolling fd = 7
Socket not ready, repolling fd = 7
Socket not ready, repolling fd = 7
Socket not ready, repolling fd = 7
Socket not ready, repolling fd = 7
Socket not ready, repolling fd = 7
Socket not ready, repolling fd = 7
Socket not ready, repolling fd = 7
Socket not ready, repolling fd = 7
Socket not ready, repolling fd = 7
Socket not ready, repolling fd = 7
Socket not ready, repolling fd = 7
Socket not ready, repolling fd = 7
Socket not ready, repolling fd = 7
Socket not ready, repolling fd = 7
Socket not ready, repolling fd = 7
Socket not ready, repolling fd = 7
Socket not ready, repolling fd = 7
Socket not ready, repolling fd = 7
Socket not ready, repolling fd = 7
Socket not ready, repolling fd = 7
Socket not ready, repolling fd = 7
Socket not ready, repolling fd = 7
Socket not ready, repolling fd = 7
Socket not ready, repolling fd = 7
Socket not ready, repolling fd = 7
Socket not ready, repolling fd = 7
Socket not ready, repolling fd = 7
Socket not ready, repolling fd = 7
Socket not ready, repolling fd = 7
Socket not ready, repolling fd = 7
Socket not ready, repolling fd = 7
Socket not ready, repolling fd = 7
Socket not ready, repolling fd = 7
Socket not ready, repolling fd = 7
Socket not ready, repolling fd = 7
Socket not ready, repolling fd = 7
Socket not ready, repolling fd = 7
Socket not ready, repolling fd = 7
Socket not ready, repolling fd = 7
Socket not ready, repolling fd = 7
Socket not ready, repolling fd = 7
Socket not ready, repolling fd = 7
Socket not ready, repolling fd = 7
Socket not ready, repolling fd = 7
Socket not ready, repolling fd = 7
Socket not ready, repolling fd = 7
Socket not ready, repolling fd = 7
Socket not ready, repolling fd = 7
Socket not ready, repolling fd = 7
Socket not ready, repolling fd = 7
Socket not ready, repolling fd = 7
Socket not ready, repolling fd = 7
Socket not ready, repolling fd = 7
Socket not ready, repolling fd = 7
Socket not ready, repolling fd = 7
Socket not ready, repolling fd = 7
Socket not ready, repolling fd = 7
Socket not ready, repolling fd = 7
Socket not ready, repolling fd = 7
Socket not ready, repolling fd = 7
Socket not ready, repolling fd = 7
Socket not ready, repolling fd = 7
Socket not ready, repolling fd = 7
Socket not ready, repolling fd = 7
Socket not ready, repolling fd = 7
Socket not ready, repolling fd = 7
Socket not ready, repolling fd = 7
Socket not ready, repolling fd = 7
Socket not ready, repolling fd = 7
Socket not ready, repolling fd = 7
Socket not ready, repolling fd = 7
Socket not ready, repolling fd = 7
Socket not ready, repolling fd = 7
Socket not ready, repolling fd = 7
Socket not ready, repolling fd = 7
Socket not ready, repolling fd = 7
Socket not ready, repolling fd = 7
Socket not ready, repolling fd = 7
Socket not ready, repolling fd = 7
Socket not ready, repolling fd = 7
Socket not ready, repolling fd = 7
Socket not ready, repolling fd = 7
Socket not ready, repolling fd = 7
Socket not ready, repolling fd = 7
Socket not ready, repolling fd = 7
Socket not ready, repolling fd = 7
Socket not ready, repolling fd = 7
Socket not ready, repolling fd = 7
Socket not ready, repolling fd = 7
Socket not ready, repolling fd = 7
Socket not ready, repolling fd = 7
Socket not ready, repolling fd = 7
Socket not ready, repolling fd = 7
Socket not ready, repolling fd = 7
Socket not ready, repolling fd = 7
Socket not ready, repolling fd = 7
Socket not ready, repolling fd = 7
Socket not ready, repolling fd = 7
Socket not ready, repolling fd = 7
Socket not ready, repolling fd = 7
Socket not ready, repolling fd = 7
Socket not ready, repolling fd = 7
Socket not ready, repolling fd = 7
Socket not ready, repolling fd = 7
Socket not ready, repolling fd = 7
Socket not ready, repolling fd = 7
Socket not ready, repolling fd = 7
Socket not ready, repolling fd = 7
Socket not ready, repolling fd = 7
Socket not ready, repolling fd = 7
Socket not ready, repolling fd = 7
Socket not ready, repolling fd = 7
Socket not ready, repolling fd = 7
Socket not ready, repolling fd = 7
Socket not ready, repolling fd = 7
Socket not ready, repolling fd = 7
Socket not ready, repolling fd = 7
Socket not ready, repolling fd = 7
Socket not ready, repolling fd = 7
Socket not ready, repolling fd = 7
Socket not ready, repolling fd = 7
Socket not ready, repolling fd = 7
Socket not ready, repolling fd = 7
Socket not ready, repolling fd = 7
Socket not ready, repolling fd = 7
Socket not ready, repolling fd = 7
Socket not ready, repolling fd = 7
Socket not ready, repolling fd = 7
Socket not ready, repolling fd = 7
Socket not ready, repolling fd = 7
Socket not ready, repolling fd = 7
Socket not ready, repolling fd = 7
Socket not ready, repolling fd = 7
Socket not ready, repolling fd = 7
Socket not ready, repolling fd = 7
Socket not ready, repolling fd = 7
Socket not ready, repolling fd = 7
Socket not ready, repolling fd = 7
Socket not ready, repolling fd = 7
Socket not ready, repolling fd = 7
Socket not ready, repolling fd = 7
Socket not ready, repolling fd = 7
Socket not ready, repolling fd = 7
Socket not ready, repolling fd = 7
Socket not ready, repolling fd = 7
Socket not ready, repolling fd = 7
Socket not ready, repolling fd = 7
Socket not ready, repolling fd = 7
Socket not ready, repolling fd = 7
Socket not ready, repolling fd = 7
Socket not ready, repolling fd = 7
Socket not ready, repolling fd = 7
Socket not ready, repolling fd = 7
Socket not ready, repolling fd = 7
Socket not ready, repolling fd = 7
Socket not ready, repolling fd = 7
Socket not ready, repolling fd = 7
Socket not ready, repolling fd = 7
Socket not ready, repolling fd = 7
Socket not ready, repolling fd = 7
Socket not ready, repolling fd = 7
Socket not ready, repolling fd = 7
Socket not ready, repolling fd = 7
Socket not ready, repolling fd = 7
Socket not ready, repolling fd = 7
Socket not ready, repolling fd = 7
Socket not ready, repolling fd = 7
Socket not ready, repolling fd = 7
Socket not ready, repolling fd = 7
Socket not ready, repolling fd = 7
Socket not ready, repolling fd = 7
Socket not ready, repolling fd = 7
Socket not ready, repolling fd = 7
Socket not ready, repolling fd = 7
Socket not ready, repolling fd = 7
Socket not ready, repolling fd = 7
Socket not ready, repolling fd = 7
Socket not ready, repolling fd = 7
Socket not ready, repolling fd = 7
Socket not ready, repolling fd = 7
Socket not ready, repolling fd = 7
Socket not ready, repolling fd = 7
Socket not ready, repolling fd = 7
Socket not ready, repolling fd = 7
Socket not ready, repolling fd = 7
Socket not ready, repolling fd = 7
Socket not ready, repolling fd = 7
Socket not ready, repolling fd = 7
Socket not ready, repolling fd = 7
Socket not ready, repolling fd = 7
Socket not ready, repolling fd = 7
Socket not ready, repolling fd = 7
Socket not ready, repolling fd = 7
Socket not ready, repolling fd = 7
Socket not ready, repolling fd = 7
Socket not ready, repolling fd = 7
Socket not ready, repolling fd = 7
Socket not ready, repolling fd = 7
Socket not ready, repolling fd = 7
Socket not ready, repolling fd = 7
Socket not ready, repolling fd = 7
Socket not ready, repolling fd = 7
Socket not ready, repolling fd = 7
Socket not ready, repolling fd = 7
Socket not ready, repolling fd = 7
Socket not ready, repolling fd = 7
Socket not ready, repolling fd = 7
Socket not ready, repolling fd = 7
Socket not ready, repolling fd = 7
Socket not ready, repolling fd = 7
Socket not ready, repolling fd = 7
Socket not ready, repolling fd = 7
Socket not ready, repolling fd = 7
Socket not ready, repolling fd = 7
Socket not ready, repolling fd = 7
Socket not ready, repolling fd = 7
Socket not ready, repolling fd = 7
Socket not ready, repolling fd = 7
Socket not ready, repolling fd = 7
Socket not ready, repolling fd = 7
Socket not ready, repolling fd = 7
Socket not ready, repolling fd = 7
Socket not ready, repolling fd = 7
Socket not ready, repolling fd = 7
Socket not ready, repolling fd = 7
Socket not ready, repolling fd = 7
Socket not ready, repolling fd = 7
Socket not ready, repolling fd = 7
Socket not ready, repolling fd = 7
Socket not ready, repolling fd = 7
Socket not ready, repolling fd = 7
Socket not ready, repolling fd = 7
Socket not ready, repolling fd = 7
Socket not ready, repolling fd = 7
Socket not ready, repolling fd = 7
Socket not ready, repolling fd = 7
Socket not ready, repolling fd = 7
Socket not ready, repolling fd = 7
Socket not ready, repolling fd = 7
Socket not ready, repolling fd = 7
Socket not ready, repolling fd = 7
Socket not ready, repolling fd = 7
Socket not ready, repolling fd = 7
Socket not ready, repolling fd = 7
Socket not ready, repolling fd = 7
Socket not ready, repolling fd = 7
Socket not ready, repolling fd = 7
Socket not ready, repolling fd = 7
Socket not ready, repolling fd = 7
Socket not ready, repolling fd = 7
Socket not ready, repolling fd = 7
Socket not ready, repolling fd = 7
Socket not ready, repolling fd = 7
Socket not ready, repolling fd = 7
Socket not ready, repolling fd = 7
Socket not ready, repolling fd = 7
Socket not ready, repolling fd = 7
Socket not ready, repolling fd = 7
Socket not ready, repolling fd = 7
Socket not ready, repolling fd = 7
Socket not ready, repolling fd = 7
Socket not ready, repolling fd = 7
Socket not ready, repolling fd = 7
Socket not ready, repolling fd = 7
Socket not ready, repolling fd = 7
Socket not ready, repolling fd = 7
Socket not ready, repolling fd = 7
Socket not ready, repolling fd = 7
Socket not ready, repolling fd = 7
Socket not ready, repolling fd = 7
Socket not ready, repolling fd = 7
Socket not ready, repolling fd = 7
Socket not ready, repolling fd = 7
Socket not ready, repolling fd = 7
Socket not ready, repolling fd = 7
Socket not ready, repolling fd = 7
Socket not ready, repolling fd = 7
Socket not ready, repolling fd = 7
Socket not ready, repolling fd = 7
Socket not ready, repolling fd = 7
Socket not ready, repolling fd = 7
Socket not ready, repolling fd = 7
Socket not ready, repolling fd = 7
Socket not ready, repolling fd = 7
Socket not ready, repolling fd = 7
Socket not ready, repolling fd = 7
Socket not ready, repolling fd = 7
Socket not ready, repolling fd = 7
Socket not ready, repolling fd = 7
Socket not ready, repolling fd = 7
Socket not ready, repolling fd = 7
Socket not ready, repolling fd = 7
Socket not ready, repolling fd = 7
Socket not ready, repolling fd = 7
Socket not ready, repolling fd = 7
Socket not ready, repolling fd = 7
Socket not ready, repolling fd = 7
Socket not ready, repolling fd = 7
Socket not ready, repolling fd = 7
Socket not ready, repolling fd = 7
Socket not ready, repolling fd = 7
Socket not ready, repolling fd = 7
Socket not ready, repolling fd = 7
Socket not ready, repolling fd = 7
Socket not ready, repolling fd = 7
Socket not ready, repolling fd = 7
Socket not ready, repolling fd = 7
Socket not ready, repolling fd = 7
Socket not ready, repolling fd = 7
Socket not ready, repolling fd = 7
Socket not ready, repolling fd = 7
Socket not ready, repolling fd = 7
Socket not ready, repolling fd = 7
Socket not ready, repolling fd = 7
Socket not ready, repolling fd = 7
Socket not ready, repolling fd = 7
Socket not ready, repolling fd = 7
Socket not ready, repolling fd = 7
Socket not ready, repolling fd = 7
Socket not ready, repolling fd = 7
Socket not ready, repolling fd = 7
Socket not ready, repolling fd = 7
Socket not ready, repolling fd = 7
Socket not ready, repolling fd = 7
Socket not ready, repolling fd = 7
Socket not ready, repolling fd = 7
Socket not ready, repolling fd = 7
Socket not ready, repolling fd = 7
Socket not ready, repolling fd = 7
Socket not ready, repolling fd = 7
Socket not ready, repolling fd = 7
Socket not ready, repolling fd = 7
Socket not ready, repolling fd = 7
Socket not ready, repolling fd = 7
Socket not ready, repolling fd = 7
Socket not ready, repolling fd = 7
Socket not ready, repolling fd = 7
Socket not ready, repolling fd = 7
Socket not ready, repolling fd = 7
Socket not ready, repolling fd = 7
Socket not ready, repolling fd = 7
Socket not ready, repolling fd = 7
Socket not ready, repolling fd = 7
Socket not ready, repolling fd = 7
Socket not ready, repolling fd = 7
Socket not ready, repolling fd = 7
Socket not ready, repolling fd = 7
Socket not ready, repolling fd = 7
Socket not ready, repolling fd = 7
Socket not ready, repolling fd = 7
Socket not ready, repolling fd = 7
Socket not ready, repolling fd = 7
Socket not ready, repolling fd = 7
Socket not ready, repolling fd = 7
Socket not ready, repolling fd = 7
Socket not ready, repolling fd = 7
Socket not ready, repolling fd = 7
Socket not ready, repolling fd = 7
Socket not ready, repolling fd = 7
Socket not ready, repolling fd = 7
Socket not ready, repolling fd = 7
Socket not ready, repolling fd = 7
Socket not ready, repolling fd = 7
Socket not ready, repolling fd = 7
Socket not ready, repolling fd = 7
Socket not ready, repolling fd = 7
Socket not ready, repolling fd = 7
Socket not ready, repolling fd = 7
Socket not ready, repolling fd = 7
Socket not ready, repolling fd = 7
Socket not ready, repolling fd = 7
Socket not ready, repolling fd = 7
Socket not ready, repolling fd = 7
Socket not ready, repolling fd = 7
Socket not ready, repolling fd = 7
Socket not ready, repolling fd = 7
Socket not ready, repolling fd = 7
Socket not ready, repolling fd = 7
Socket not ready, repolling fd = 7
Socket not ready, repolling fd = 7
Socket not ready, repolling fd = 7
Socket not ready, repolling fd = 7
Socket not ready, repolling fd = 7
Socket not ready, repolling fd = 7
Socket not ready, repolling fd = 7
Socket not ready, repolling fd = 7
Socket not ready, repolling fd = 7
Socket not ready, repolling fd = 7
Socket not ready, repolling fd = 7
Socket not ready, repolling fd = 7
Socket not ready, repolling fd = 7
Socket not ready, repolling fd = 7
Socket not ready, repolling fd = 7
Socket not ready, repolling fd = 7
Socket not ready, repolling fd = 7
Socket not ready, repolling fd = 7
Socket not ready, repolling fd = 7
Socket not ready, repolling fd = 7
Socket not ready, repolling fd = 7
Socket not ready, repolling fd = 7
Socket not ready, repolling fd = 7
Socket not ready, repolling fd = 7
Socket not ready, repolling fd = 7
Socket not ready, repolling fd = 7
Socket not ready, repolling fd = 7
Socket not ready, repolling fd = 7
Socket not ready, repolling fd = 7
Socket not ready, repolling fd = 7
Socket not ready, repolling fd = 7
Socket not ready, repolling fd = 7
Socket not ready, repolling fd = 7
Socket not ready, repolling fd = 7
Socket not ready, repolling fd = 7
Socket not ready, repolling fd = 7
Socket not ready, repolling fd = 7
Socket not ready, repolling fd = 7
Socket not ready, repolling fd = 7
Socket not ready, repolling fd = 7
Socket not ready, repolling fd = 7
Socket not ready, repolling fd = 7
Socket not ready, repolling fd = 7
Socket not ready, repolling fd = 7
Socket not ready, repolling fd = 7
Socket not ready, repolling fd = 7
Socket not ready, repolling fd = 7
Socket not ready, repolling fd = 7
Socket not ready, repolling fd = 7
Socket not ready, repolling fd = 7
Socket not ready, repolling fd = 7
Socket not ready, repolling fd = 7
Socket not ready, repolling fd = 7
Socket not ready, repolling fd = 7
Socket not ready, repolling fd = 7
Socket not ready, repolling fd = 7
Socket not ready, repolling fd = 7
Socket not ready, repolling fd = 7
Socket not ready, repolling fd = 7
Socket not ready, repolling fd = 7
Socket not ready, repolling fd = 7
Socket not ready, repolling fd = 7
Socket not ready, repolling fd = 7
Socket not ready, repolling fd = 7
Socket not ready, repolling fd = 7
Socket not ready, repolling fd = 7
Socket not ready, repolling fd = 7
Socket not ready, repolling fd = 7
Socket not ready, repolling fd = 7
Socket not ready, repolling fd = 7
Socket not ready, repolling fd = 7
Socket not ready, repolling fd = 7
Socket not ready, repolling fd = 7
Socket not ready, repolling fd = 7
Socket not ready, repolling fd = 7
Socket not ready, repolling fd = 7
Socket not ready, repolling fd = 7
Socket not ready, repolling fd = 7
Socket not ready, repolling fd = 7
Socket not ready, repolling fd = 7
Socket not ready, repolling fd = 7
Socket not ready, repolling fd = 7
Socket not ready, repolling fd = 7
Socket not ready, repolling fd = 7
Socket not ready, repolling fd = 7
Socket not ready, repolling fd = 7
Socket not ready, repolling fd = 7
Socket not ready, repolling fd = 7
Socket not ready, repolling fd = 7
Socket not ready, repolling fd = 7
Socket not ready, repolling fd = 7
Socket not ready, repolling fd = 7
Socket not ready, repolling fd = 7
Socket not ready, repolling fd = 7
Socket not ready, repolling fd = 7
Socket not ready, repolling fd = 7
Socket not ready, repolling fd = 7
Socket not ready, repolling fd = 7
Socket not ready, repolling fd = 7
Socket not ready, repolling fd = 7
Socket not ready, repolling fd = 7
Socket not ready, repolling fd = 7
Socket not ready, repolling fd = 7
Socket not ready, repolling fd = 7
Socket not ready, repolling fd = 7
Socket not ready, repolling fd = 7
Socket not ready, repolling fd = 7
Socket not ready, repolling fd = 7
Socket not ready, repolling fd = 7
Socket not ready, repolling fd = 7
Socket not ready, repolling fd = 7
Socket not ready, repolling fd = 7
Socket not ready, repolling fd = 7
Socket not ready, repolling fd = 7
Socket not ready, repolling fd = 7
Socket not ready, repolling fd = 7
Socket not ready, repolling fd = 7
Socket not ready, repolling fd = 7
Socket not ready, repolling fd = 7
Socket not ready, repolling fd = 7
Socket not ready, repolling fd = 7
Socket not ready, repolling fd = 7
Socket not ready, repolling fd = 7
Socket not ready, repolling fd = 7
Socket not ready, repolling fd = 7
Socket not ready, repolling fd = 7
Socket not ready, repolling fd = 7
Socket not ready, repolling fd = 7
Socket not ready, repolling fd = 7
Socket not ready, repolling fd = 7
Socket not ready, repolling fd = 7
Socket not ready, repolling fd = 7
Socket not ready, repolling fd = 7
Socket not ready, repolling fd = 7
Socket not ready, repolling fd = 7
Socket not ready, repolling fd = 7
Socket not ready, repolling fd = 7
Socket not ready, repolling fd = 7
Socket not ready, repolling fd = 7
Socket not ready, repolling fd = 7
Socket not ready, repolling fd = 7
Socket not ready, repolling fd = 7
Socket not ready, repolling fd = 7
Socket not ready, repolling fd = 7
Socket not ready, repolling fd = 7
Socket not ready, repolling fd = 7
Socket not ready, repolling fd = 7
Socket not ready, repolling fd = 7
Socket not ready, repolling fd = 7
Socket not ready, repolling fd = 7
Socket not ready, repolling fd = 7
Socket not ready, repolling fd = 7
Socket not ready, repolling fd = 7
Socket not ready, repolling fd = 7
Socket not ready, repolling fd = 7
Socket not ready, repolling fd = 7
Socket not ready, repolling fd = 7
Socket not ready, repolling fd = 7
Socket not ready, repolling fd = 7
Socket not ready, repolling fd = 7
Socket not ready, repolling fd = 7
Socket not ready, repolling fd = 7
Socket not ready, repolling fd = 7
Socket not ready, repolling fd = 7
Socket not ready, repolling fd = 7
Socket not ready, repolling fd = 7
Socket not ready, repolling fd = 7
Socket not ready, repolling fd = 7
Socket not ready, repolling fd = 7
Socket not ready, repolling fd = 7
Socket not ready, repolling fd = 7
Socket not ready, repolling fd = 7
Socket not ready, repolling fd = 7
Socket not ready, repolling fd = 7
Socket not ready, repolling fd = 7
Socket not ready, repolling fd = 7
Socket not ready, repolling fd = 7
Socket not ready, repolling fd = 7
Socket not ready, repolling fd = 7
Socket not ready, repolling fd = 7
Socket not ready, repolling fd = 7
Socket not ready, repolling fd = 7
Socket not ready, repolling fd = 7
Socket not ready, repolling fd = 7
Socket not ready, repolling fd = 7
Socket not ready, repolling fd = 7
Socket not ready, repolling fd = 7
Socket not ready, repolling fd = 7
Socket not ready, repolling fd = 7
Socket not ready, repolling fd = 7
Socket not ready, repolling fd = 7
Socket not ready, repolling fd = 7
Socket not ready, repolling fd = 7
Socket not ready, repolling fd = 7
Socket not ready, repolling fd = 7
Socket not ready, repolling fd = 7
Socket not ready, repolling fd = 7
Socket not ready, repolling fd = 7
Socket not ready, repolling fd = 7
Socket not ready, repolling fd = 7
Socket not ready, repolling fd = 7
Socket not ready, repolling fd = 7
Socket not ready, repolling fd = 7
Socket not ready, repolling fd = 7
Socket not ready, repolling fd = 7
Socket not ready, repolling fd = 7
Socket not ready, repolling fd = 7
Socket not ready, repolling fd = 7
Socket not ready, repolling fd = 7
Socket not ready, repolling fd = 7
Socket not ready, repolling fd = 7
Socket not ready, repolling fd = 7
Socket not ready, repolling fd = 7
Socket not ready, repolling fd = 7
Socket not ready, repolling fd = 7
Socket not ready, repolling fd = 7
Socket not ready, repolling fd = 7
Socket not ready, repolling fd = 7
Socket not ready, repolling fd = 7
Socket not ready, repolling fd = 7
Socket not ready, repolling fd = 7
Socket not ready, repolling fd = 7
Socket not ready, repolling fd = 7
Socket not ready, repolling fd = 7
Socket not ready, repolling fd = 7
Socket not ready, repolling fd = 7
Socket not ready, repolling fd = 7
Socket not ready, repolling fd = 7
Socket not ready, repolling fd = 7
Socket not ready, repolling fd = 7
Socket not ready, repolling fd = 7
Socket not ready, repolling fd = 7
Socket not ready, repolling fd = 7
Socket not ready, repolling fd = 7
Socket not ready, repolling fd = 7
Socket not ready, repolling fd = 7
Socket not ready, repolling fd = 7
Socket not ready, repolling fd = 7
Socket not ready, repolling fd = 7
Socket not ready, repolling fd = 7
Socket not ready, repolling fd = 7
Socket not ready, repolling fd = 7
Socket not ready, repolling fd = 7
Socket not ready, repolling fd = 7
Socket not ready, repolling fd = 7
Socket not ready, repolling fd = 7
Socket not ready, repolling fd = 7
Socket not ready, repolling fd = 7
Socket not ready, repolling fd = 7
Socket not ready, repolling fd = 7
Socket not ready, repolling fd = 7
Socket not ready, repolling fd = 7
Socket not ready, repolling fd = 7
Socket not ready, repolling fd = 7
Socket not ready, repolling fd = 7
Socket not ready, repolling fd = 7
Socket not ready, repolling fd = 7
Socket not ready, repolling fd = 7
Socket not ready, repolling fd = 7
Socket not ready, repolling fd = 7
Socket not ready, repolling fd = 7
Socket not ready, repolling fd = 7
Socket not ready, repolling fd = 7
Socket not ready, repolling fd = 7
Socket not ready, repolling fd = 7
Socket not ready, repolling fd = 7
Socket not ready, repolling fd = 7
Socket not ready, repolling fd = 7
Socket not ready, repolling fd = 7
Socket not ready, repolling fd = 7
Socket not ready, repolling fd = 7
Socket not ready, repolling fd = 7
Socket not ready, repolling fd = 7
Socket not ready, repolling fd = 7
Socket not ready, repolling fd = 7
Socket not ready, repolling fd = 7
Socket not ready, repolling fd = 7
Socket not ready, repolling fd = 7
Socket not ready, repolling fd = 7
Socket not ready, repolling fd = 7
Socket not ready, repolling fd = 7
Socket not ready, repolling fd = 7
Socket not ready, repolling fd = 7
Socket not ready, repolling fd = 7
Socket not ready, repolling fd = 7
Socket not ready, repolling fd = 7
Socket not ready, repolling fd = 7
Socket not ready, repolling fd = 7
Socket not ready, repolling fd = 7
Socket not ready, repolling fd = 7
Socket not ready, repolling fd = 7
Socket not ready, repolling fd = 7
Socket not ready, repolling fd = 7
Socket not ready, repolling fd = 7
Socket not ready, repolling fd = 7
Socket not ready, repolling fd = 7
Socket not ready, repolling fd = 7
Socket not ready, repolling fd = 7
Socket not ready, repolling fd = 7
Socket not ready, repolling fd = 7
Socket not ready, repolling fd = 7
Socket not ready, repolling fd = 7
Socket not ready, repolling fd = 7
Socket not ready, repolling fd = 7
Socket not ready, repolling fd = 7
Socket not ready, repolling fd = 7
Socket not ready, repolling fd = 7
Socket not ready, repolling fd = 7
Socket not ready, repolling fd = 7
Socket not ready, repolling fd = 7
Socket not ready, repolling fd = 7
Socket not ready, repolling fd = 7
Socket not ready, repolling fd = 7
Socket not ready, repolling fd = 7
Socket not ready, repolling fd = 7
Socket not ready, repolling fd = 7
Socket not ready, repolling fd = 7
Socket not ready, repolling fd = 7
Socket not ready, repolling fd = 7
Socket not ready, repolling fd = 7
Socket not ready, repolling fd = 7
Socket not ready, repolling fd = 7
Socket not ready, repolling fd = 7
Socket not ready, repolling fd = 7
Socket not ready, repolling fd = 7
Socket not ready, repolling fd = 7
Socket not ready, repolling fd = 7
Socket not ready, repolling fd = 7
Socket not ready, repolling fd = 7
Socket not ready, repolling fd = 7
Socket not ready, repolling fd = 7
Socket not ready, repolling fd = 7
Socket not ready, repolling fd = 7
Socket not ready, repolling fd = 7
Socket not ready, repolling fd = 7
Socket not ready, repolling fd = 7
Socket not ready, repolling fd = 7
Socket not ready, repolling fd = 7
Socket not ready, repolling fd = 7
Socket not ready, repolling fd = 7
Socket not ready, repolling fd = 7
Socket not ready, repolling fd = 7
Socket not ready, repolling fd = 7
Socket not ready, repolling fd = 7
Socket not ready, repolling fd = 7
Socket not ready, repolling fd = 7
Socket not ready, repolling fd = 7
Socket not ready, repolling fd = 7
Socket not ready, repolling fd = 7
Socket not ready, repolling fd = 7
Socket not ready, repolling fd = 7
Socket not ready, repolling fd = 7
Socket not ready, repolling fd = 7
Socket not ready, repolling fd = 7
Socket not ready, repolling fd = 7
Socket not ready, repolling fd = 7
Socket not ready, repolling fd = 7
Socket not ready, repolling fd = 7
Socket not ready, repolling fd = 7
Socket not ready, repolling fd = 7
Socket not ready, repolling fd = 7
Socket not ready, repolling fd = 7
Socket not ready, repolling fd = 7
Socket not ready, repolling fd = 7
Socket not ready, repolling fd = 7
Socket not ready, repolling fd = 7
Socket not ready, repolling fd = 7
Socket not ready, repolling fd = 7
Socket not ready, repolling fd = 7
Socket not ready, repolling fd = 7
Socket not ready, repolling fd = 7
Socket not ready, repolling fd = 7
Socket not ready, repolling fd = 7
Socket not ready, repolling fd = 7
Socket not ready, repolling fd = 7
Socket not ready, repolling fd = 7
Socket not ready, repolling fd = 7
Socket not ready, repolling fd = 7
Socket not ready, repolling fd = 7
Socket not ready, repolling fd = 7
Socket not ready, repolling fd = 7
Socket not ready, repolling fd = 7
Socket not ready, repolling fd = 7
Socket not ready, repolling fd = 7
Socket not ready, repolling fd = 7
Socket not ready, repolling fd = 7
Socket not ready, repolling fd = 7
Socket not ready, repolling fd = 7
Socket not ready, repolling fd = 7
Socket not ready, repolling fd = 7
Socket not ready, repolling fd = 7
Socket not ready, repolling fd = 7
Socket not ready, repolling fd = 7
Socket not ready, repolling fd = 7
Socket not ready, repolling fd = 7
Socket not ready, repolling fd = 7
Socket not ready, repolling fd = 7
Socket not ready, repolling fd = 7
Socket not ready, repolling fd = 7
Socket not ready, repolling fd = 7
Socket not ready, repolling fd = 7
Socket not ready, repolling fd = 7
Socket not ready, repolling fd = 7
Socket not ready, repolling fd = 7
Socket not ready, repolling fd = 7
Socket not ready, repolling fd = 7
Socket not ready, repolling fd = 7
Socket not ready, repolling fd = 7
Socket not ready, repolling fd = 7
Socket not ready, repolling fd = 7
Socket not ready, repolling fd = 7
Socket not ready, repolling fd = 7
Socket not ready, repolling fd = 7
Socket not ready, repolling fd = 7
Socket not ready, repolling fd = 7
Socket not ready, repolling fd = 7
Socket not ready, repolling fd = 7
Socket not ready, repolling fd = 7
Socket not ready, repolling fd = 7
Socket not ready, repolling fd = 7
Socket not ready, repolling fd = 7
Socket not ready, repolling fd = 7
Socket not ready, repolling fd = 7
Socket not ready, repolling fd = 7
Socket not ready, repolling fd = 7
Socket not ready, repolling fd = 7
Socket not ready, repolling fd = 7
Socket not ready, repolling fd = 7
Socket not ready, repolling fd = 7
Socket not ready, repolling fd = 7
Socket not ready, repolling fd = 7
Socket not ready, repolling fd = 7
Socket not ready, repolling fd = 7
Socket not ready, repolling fd = 7
Socket not ready, repolling fd = 7
Socket not ready, repolling fd = 7
Socket not ready, repolling fd = 7
Socket not ready, repolling fd = 7
Socket not ready, repolling fd = 7
Socket not ready, repolling fd = 7
Socket not ready, repolling fd = 7
Socket not ready, repolling fd = 7
Socket not ready, repolling fd = 7
Socket not ready, repolling fd = 7
Socket not ready, repolling fd = 7
Socket not ready, repolling fd = 7
Socket not ready, repolling fd = 7
Socket not ready, repolling fd = 7
Socket not ready, repolling fd = 7
Socket not ready, repolling fd = 7
Socket not ready, repolling fd = 7
Socket not ready, repolling fd = 7
Socket not ready, repolling fd = 7
Socket not ready, repolling fd = 7
Socket not ready, repolling fd = 7
Socket not ready, repolling fd = 7
Socket not ready, repolling fd = 7
Socket not ready, repolling fd = 7
Socket not ready, repolling fd = 7
Socket not ready, repolling fd = 7
Socket not ready, repolling fd = 7
Socket not ready, repolling fd = 7
Socket not ready, repolling fd = 7
Socket not ready, repolling fd = 7
Socket not ready, repolling fd = 7
Socket not ready, repolling fd = 7
Socket not ready, repolling fd = 7
Socket not ready, repolling fd = 7
Socket not ready, repolling fd = 7
Socket not ready, repolling fd = 7
Socket not ready, repolling fd = 7
Socket not ready, repolling fd = 7
Socket not ready, repolling fd = 7
Socket not ready, repolling fd = 7
Socket not ready, repolling fd = 7
Socket not ready, repolling fd = 7
Socket not ready, repolling fd = 7
Socket not ready, repolling fd = 7
Socket not ready, repolling fd = 7
Socket not ready, repolling fd = 7
Socket not ready, repolling fd = 7
Socket not ready, repolling fd = 7
Socket not ready, repolling fd = 7
Socket not ready, repolling fd = 7
Socket not ready, repolling fd = 7
Socket not ready, repolling fd = 7
Socket not ready, repolling fd = 7
Socket not ready, repolling fd = 7
Socket not ready, repolling fd = 7
Socket not ready, repolling fd = 7
Socket not ready, repolling fd = 7
Socket not ready, repolling fd = 7
Socket not ready, repolling fd = 7
Socket not ready, repolling fd = 7
Socket not ready, repolling fd = 7
Socket not ready, repolling fd = 7
Socket not ready, repolling fd = 7
Socket not ready, repolling fd = 7
Socket not ready, repolling fd = 7
Socket not ready, repolling fd = 7
Socket not ready, repolling fd = 7
Socket not ready, repolling fd = 7
Socket not ready, repolling fd = 7
Socket not ready, repolling fd = 7
Socket not ready, repolling fd = 7
Socket not ready, repolling fd = 7
Socket not ready, repolling fd = 7
Socket not ready, repolling fd = 7
Socket not ready, repolling fd = 7
Socket not ready, repolling fd = 7
Socket not ready, repolling fd = 7
Socket not ready, repolling fd = 7
Socket not ready, repolling fd = 7
Socket not ready, repolling fd = 7
Socket not ready, repolling fd = 7
Socket not ready, repolling fd = 7
Socket not ready, repolling fd = 7
Socket not ready, repolling fd = 7
Socket not ready, repolling fd = 7
Socket not ready, repolling fd = 7
Socket not ready, repolling fd = 7
Socket not ready, repolling fd = 7
Socket not ready, repolling fd = 7
Socket not ready, repolling fd = 7
Socket not ready, repolling fd = 7
Socket not ready, repolling fd = 7
Socket not ready, repolling fd = 7
Socket not ready, repolling fd = 7
Socket not ready, repolling fd = 7
Socket not ready, repolling fd = 7
Socket not ready, repolling fd = 7
Socket not ready, repolling fd = 7
Socket not ready, repolling fd = 7
Socket not ready, repolling fd = 7
Socket not ready, repolling fd = 9
Socket not ready, repolling fd = 9
Socket not ready, repolling fd = 9
Socket not ready, repolling fd = 9
Socket not ready, repolling fd = 9
Socket not ready, repolling fd = 9
Socket not ready, repolling fd = 9
Socket not ready, repolling fd = 9
Socket not ready, repolling fd = 9
Socket not ready, repolling fd = 9
Socket not ready, repolling fd = 9
Socket not ready, repolling fd = 9
Socket not ready, repolling fd = 9
Socket not ready, repolling fd = 9
Socket not ready, repolling fd = 9
Socket not ready, repolling fd = 9
Socket not ready, repolling fd = 9
Socket not ready, repolling fd = 9
Socket not ready, repolling fd = 9
Socket not ready, repolling fd = 9
Socket not ready, repolling fd = 9
Socket not ready, repolling fd = 9
Socket not ready, repolling fd = 9
Socket not ready, repolling fd = 9
Socket not ready, repolling fd = 9
Socket not ready, repolling fd = 9
Socket not ready, repolling fd = 9
Socket not ready, repolling fd = 9
Socket not ready, repolling fd = 9
Socket not ready, repolling fd = 9
Socket not ready, repolling fd = 9
Socket not ready, repolling fd = 9
Socket not ready, repolling fd = 9
Socket not ready, repolling fd = 9
Socket not ready, repolling fd = 9
Socket not ready, repolling fd = 9
Socket not ready, repolling fd = 9
Socket not ready, repolling fd = 9
Socket not ready, repolling fd = 9
Socket not ready, repolling fd = 9
Socket not ready, repolling fd = 9
Socket not ready, repolling fd = 9
Socket not ready, repolling fd = 9
Socket not ready, repolling fd = 9
Socket not ready, repolling fd = 9
Socket not ready, repolling fd = 9
Socket not ready, repolling fd = 9
Socket not ready, repolling fd = 9
Socket not ready, repolling fd = 9
Socket not ready, repolling fd = 9
Socket not ready, repolling fd = 9
Socket not ready, repolling fd = 9
Socket not ready, repolling fd = 9
Socket not ready, repolling fd = 9
Socket not ready, repolling fd = 9
Socket not ready, repolling fd = 9
Socket not ready, repolling fd = 9
Socket not ready, repolling fd = 9
Socket not ready, repolling fd = 9
Socket not ready, repolling fd = 9
Socket not ready, repolling fd = 9
Socket not ready, repolling fd = 9
Socket not ready, repolling fd = 9
Socket not ready, repolling fd = 9
Socket not ready, repolling fd = 9
Socket not ready, repolling fd = 9
Socket not ready, repolling fd = 9
Socket not ready, repolling fd = 9
Socket not ready, repolling fd = 9
Socket not ready, repolling fd = 9
Socket not ready, repolling fd = 9
Socket not ready, repolling fd = 9
Socket not ready, repolling fd = 9
Socket not ready, repolling fd = 9
Socket not ready, repolling fd = 9
Socket not ready, repolling fd = 9
Socket not ready, repolling fd = 9
Socket not ready, repolling fd = 9
Socket not ready, repolling fd = 9
Socket not ready, repolling fd = 9
Socket not ready, repolling fd = 9
Socket not ready, repolling fd = 9
Socket not ready, repolling fd = 9
Socket not ready, repolling fd = 9
Socket not ready, repolling fd = 9
Socket not ready, repolling fd = 9
Socket not ready, repolling fd = 9
Socket not ready, repolling fd = 9
Socket not ready, repolling fd = 9
Socket not ready, repolling fd = 9
Socket not ready, repolling fd = 9
Socket not ready, repolling fd = 9
Socket not ready, repolling fd = 9
Socket not ready, repolling fd = 9
Socket not ready, repolling fd = 9
Socket not ready, repolling fd = 9
Socket not ready, repolling fd = 9
Socket not ready, repolling fd = 9
Socket not ready, repolling fd = 9
Socket not ready, repolling fd = 9
Socket not ready, repolling fd = 9
Socket not ready, repolling fd = 9
Socket not ready, repolling fd = 9
Socket not ready, repolling fd = 9
Socket not ready, repolling fd = 9
Socket not ready, repolling fd = 9
Socket not ready, repolling fd = 9
Socket not ready, repolling fd = 9
Socket not ready, repolling fd = 9
Socket not ready, repolling fd = 9
Socket not ready, repolling fd = 9
Socket not ready, repolling fd = 9
Socket not ready, repolling fd = 9
Socket not ready, repolling fd = 9
Socket not ready, repolling fd = 9
Socket not ready, repolling fd = 9
Socket not ready, repolling fd = 9
Socket not ready, repolling fd = 9
Socket not ready, repolling fd = 9
Socket not ready, repolling fd = 9
Socket not ready, repolling fd = 9
Socket not ready, repolling fd = 9
Socket not ready, repolling fd = 9
Socket not ready, repolling fd = 9
Socket not ready, repolling fd = 9
Socket not ready, repolling fd = 9
Socket not ready, repolling fd = 9
Socket not ready, repolling fd = 9
Socket not ready, repolling fd = 9
Socket not ready, repolling fd = 9
Socket not ready, repolling fd = 9
Socket not ready, repolling fd = 9
Socket not ready, repolling fd = 9
Socket not ready, repolling fd = 9
Socket not ready, repolling fd = 9
Socket not ready, repolling fd = 9
Socket not ready, repolling fd = 9
Socket not ready, repolling fd = 9
Socket not ready, repolling fd = 9
Socket not ready, repolling fd = 9
Socket not ready, repolling fd = 9
Socket not ready, repolling fd = 9
Socket not ready, repolling fd = 9
Socket not ready, repolling fd = 9
Socket not ready, repolling fd = 9
Socket not ready, repolling fd = 9
Socket not ready, repolling fd = 9
Socket not ready, repolling fd = 9
Socket not ready, repolling fd = 9
Socket not ready, repolling fd = 9
Socket not ready, repolling fd = 9
Socket not ready, repolling fd = 9
Socket not ready, repolling fd = 9
Socket not ready, repolling fd = 9
Socket not ready, repolling fd = 9
Socket not ready, repolling fd = 9
Socket not ready, repolling fd = 9
Socket not ready, repolling fd = 9
Socket not ready, repolling fd = 9
Socket not ready, repolling fd = 9
Socket not ready, repolling fd = 9
Socket not ready, repolling fd = 9
Socket not ready, repolling fd = 9
Socket not ready, repolling fd = 9
Socket not ready, repolling fd = 9
Socket not ready, repolling fd = 9
Socket not ready, repolling fd = 9
Socket not ready, repolling fd = 9
Socket not ready, repolling fd = 9
Socket not ready, repolling fd = 9
Socket not ready, repolling fd = 9
Socket not ready, repolling fd = 9
Socket not ready, repolling fd = 9
Socket not ready, repolling fd = 9
Socket not ready, repolling fd = 9
Socket not ready, repolling fd = 9
Socket not ready, repolling fd = 9
Socket not ready, repolling fd = 9
Socket not ready, repolling fd = 9
Socket not ready, repolling fd = 9
Socket not ready, repolling fd = 9
Socket not ready, repolling fd = 9
Socket not ready, repolling fd = 9
Socket not ready, repolling fd = 9
Socket not ready, repolling fd = 9
Socket not ready, repolling fd = 9
Socket not ready, repolling fd = 9
Socket not ready, repolling fd = 9
Socket not ready, repolling fd = 9
Socket not ready, repolling fd = 9
Socket not ready, repolling fd = 9
Socket not ready, repolling fd = 9
Socket not ready, repolling fd = 9
Socket not ready, repolling fd = 9
Socket not ready, repolling fd = 9
Socket not ready, repolling fd = 9
Socket not ready, repolling fd = 9
Socket not ready, repolling fd = 9
Socket not ready, repolling fd = 9
Socket not ready, repolling fd = 9
Socket not ready, repolling fd = 9
Socket not ready, repolling fd = 9
Socket not ready, repolling fd = 9
Socket not ready, repolling fd = 9
Socket not ready, repolling fd = 9
Socket not ready, repolling fd = 9
Socket not ready, repolling fd = 9
Socket not ready, repolling fd = 9
Socket not ready, repolling fd = 9
Socket not ready, repolling fd = 9
Socket not ready, repolling fd = 9
Socket not ready, repolling fd = 9
Socket not ready, repolling fd = 9
Socket not ready, repolling fd = 9
Socket not ready, repolling fd = 9
Socket not ready, repolling fd = 9
Socket not ready, repolling fd = 9
Socket not ready, repolling fd = 9
Socket not ready, repolling fd = 9
Socket not ready, repolling fd = 9
Socket not ready, repolling fd = 9
Socket not ready, repolling fd = 9
Socket not ready, repolling fd = 9
Socket not ready, repolling fd = 9
Socket not ready, repolling fd = 9
Socket not ready, repolling fd = 9
Socket not ready, repolling fd = 9
Socket not ready, repolling fd = 9
Socket not ready, repolling fd = 9
Socket not ready, repolling fd = 9
Socket not ready, repolling fd = 9
Socket not ready, repolling fd = 9
Socket not ready, repolling fd = 9
Socket not ready, repolling fd = 9
Socket not ready, repolling fd = 9
Socket not ready, repolling fd = 9
Socket not ready, repolling fd = 9
Socket not ready, repolling fd = 9
Socket not ready, repolling fd = 9
Socket not ready, repolling fd = 9
Socket not ready, repolling fd = 9
Socket not ready, repolling fd = 9
Socket not ready, repolling fd = 9
Socket not ready, repolling fd = 9
Socket not ready, repolling fd = 9
Socket not ready, repolling fd = 9
Socket not ready, repolling fd = 9
Socket not ready, repolling fd = 9
Socket not ready, repolling fd = 9
Socket not ready, repolling fd = 9
Socket not ready, repolling fd = 9
Socket not ready, repolling fd = 9
Socket not ready, repolling fd = 9
Socket not ready, repolling fd = 9
Socket not ready, repolling fd = 9
Socket not ready, repolling fd = 9
Socket not ready, repolling fd = 9
Socket not ready, repolling fd = 9
Socket not ready, repolling fd = 9
Socket not ready, repolling fd = 9
Socket not ready, repolling fd = 9
Socket not ready, repolling fd = 9
Socket not ready, repolling fd = 9
Socket not ready, repolling fd = 9
Socket not ready, repolling fd = 9
Socket not ready, repolling fd = 9
Socket not ready, repolling fd = 9
Socket not ready, repolling fd = 9
Socket not ready, repolling fd = 9
Socket not ready, repolling fd = 9
Socket not ready, repolling fd = 9
Socket not ready, repolling fd = 9
Socket not ready, repolling fd = 9
Socket not ready, repolling fd = 9
Socket not ready, repolling fd = 9
Socket not ready, repolling fd = 9
Socket not ready, repolling fd = 9
Socket not ready, repolling fd = 9
Socket not ready, repolling fd = 9
Socket not ready, repolling fd = 9
Socket not ready, repolling fd = 9
Socket not ready, repolling fd = 9
Socket not ready, repolling fd = 9
Socket not ready, repolling fd = 9
Socket not ready, repolling fd = 9
Socket not ready, repolling fd = 9
Socket not ready, repolling fd = 9
Socket not ready, repolling fd = 9
Socket not ready, repolling fd = 9
Socket not ready, repolling fd = 9
Socket not ready, repolling fd = 9
Socket not ready, repolling fd = 9
Socket not ready, repolling fd = 9
Socket not ready, repolling fd = 9
Socket not ready, repolling fd = 9
Socket not ready, repolling fd = 9
Socket not ready, repolling fd = 9
Socket not ready, repolling fd = 9
Socket not ready, repolling fd = 9
Socket not ready, repolling fd = 9
Socket not ready, repolling fd = 9
Socket not ready, repolling fd = 9
Socket not ready, repolling fd = 9
Socket not ready, repolling fd = 9
Socket not ready, repolling fd = 9
Socket not ready, repolling fd = 9
Socket not ready, repolling fd = 9
Socket not ready, repolling fd = 9
Socket not ready, repolling fd = 9
Socket not ready, repolling fd = 9
Socket not ready, repolling fd = 9
Socket not ready, repolling fd = 9
Socket not ready, repolling fd = 9
Socket not ready, repolling fd = 9
Socket not ready, repolling fd = 9
Socket not ready, repolling fd = 9
Socket not ready, repolling fd = 9
Socket not ready, repolling fd = 9
Socket not ready, repolling fd = 9
Socket not ready, repolling fd = 9
Socket not ready, repolling fd = 9
Socket not ready, repolling fd = 9
Socket not ready, repolling fd = 9
Socket not ready, repolling fd = 9
Socket not ready, repolling fd = 9
Socket not ready, repolling fd = 9
Socket not ready, repolling fd = 9
Socket not ready, repolling fd = 9
Socket not ready, repolling fd = 9
Socket not ready, repolling fd = 9
Socket not ready, repolling fd = 9
Socket not ready, repolling fd = 9
Socket not ready, repolling fd = 9
Socket not ready, repolling fd = 9
Socket not ready, repolling fd = 9
Socket not ready, repolling fd = 9
Socket not ready, repolling fd = 9
Socket not ready, repolling fd = 9
Socket not ready, repolling fd = 9
Socket not ready, repolling fd = 9
Socket not ready, repolling fd = 9
Socket not ready, repolling fd = 9
Socket not ready, repolling fd = 9
Socket not ready, repolling fd = 9
Socket not ready, repolling fd = 9
Socket not ready, repolling fd = 9
Socket not ready, repolling fd = 9
Socket not ready, repolling fd = 9
Socket not ready, repolling fd = 9
Socket not ready, repolling fd = 9
Socket not ready, repolling fd = 9
Socket not ready, repolling fd = 9
Socket not ready, repolling fd = 9
Socket not ready, repolling fd = 9
Socket not ready, repolling fd = 9
Socket not ready, repolling fd = 9
Socket not ready, repolling fd = 9
Socket not ready, repolling fd = 9
Socket not ready, repolling fd = 9
Socket not ready, repolling fd = 9
Socket not ready, repolling fd = 9
Socket not ready, repolling fd = 9
Socket not ready, repolling fd = 9
Socket not ready, repolling fd = 9
Socket not ready, repolling fd = 9
Socket not ready, repolling fd = 9
Socket not ready, repolling fd = 9
Socket not ready, repolling fd = 9
Socket not ready, repolling fd = 9
Socket not ready, repolling fd = 9
Socket not ready, repolling fd = 9
Socket not ready, repolling fd = 9
Socket not ready, repolling fd = 9
Socket not ready, repolling fd = 9
Socket not ready, repolling fd = 9
Socket not ready, repolling fd = 9
Socket not ready, repolling fd = 9
Socket not ready, repolling fd = 9
Socket not ready, repolling fd = 9
Socket not ready, repolling fd = 9
Socket not ready, repolling fd = 9
Socket not ready, repolling fd = 9
Socket not ready, repolling fd = 9
Socket not ready, repolling fd = 9
Socket not ready, repolling fd = 9
Socket not ready, repolling fd = 9
Socket not ready, repolling fd = 9
Socket not ready, repolling fd = 9
Socket not ready, repolling fd = 9
Socket not ready, repolling fd = 9
Socket not ready, repolling fd = 9
Socket not ready, repolling fd = 9
Socket not ready, repolling fd = 9
Socket not ready, repolling fd = 9
Socket not ready, repolling fd = 9
Socket not ready, repolling fd = 9
Socket not ready, repolling fd = 9
Socket not ready, repolling fd = 9
Socket not ready, repolling fd = 9
Socket not ready, repolling fd = 9
Socket not ready, repolling fd = 9
Socket not ready, repolling fd = 9
Socket not ready, repolling fd = 9
Socket not ready, repolling fd = 9
Socket not ready, repolling fd = 9
Socket not ready, repolling fd = 9
Socket not ready, repolling fd = 9
Socket not ready, repolling fd = 9
Socket not ready, repolling fd = 9
Socket not ready, repolling fd = 9
Socket not ready, repolling fd = 9
Socket not ready, repolling fd = 9
Socket not ready, repolling fd = 9
Socket not ready, repolling fd = 9
Socket not ready, repolling fd = 9
Socket not ready, repolling fd = 9
Socket not ready, repolling fd = 9
Socket not ready, repolling fd = 9
Socket not ready, repolling fd = 9
Socket not ready, repolling fd = 9
Socket not ready, repolling fd = 9
Socket not ready, repolling fd = 9
Socket not ready, repolling fd = 9
Socket not ready, repolling fd = 9
Socket not ready, repolling fd = 9
Socket not ready, repolling fd = 9
Socket not ready, repolling fd = 9
Socket not ready, repolling fd = 9
Socket not ready, repolling fd = 9
Socket not ready, repolling fd = 9
Socket not ready, repolling fd = 9
Socket not ready, repolling fd = 9
Socket not ready, repolling fd = 9
Socket not ready, repolling fd = 9
Socket not ready, repolling fd = 9
Socket not ready, repolling fd = 9
Socket not ready, repolling fd = 9
Socket not ready, repolling fd = 9
Socket not ready, repolling fd = 9
Socket not ready, repolling fd = 9
Socket not ready, repolling fd = 9
Socket not ready, repolling fd = 9
Socket not ready, repolling fd = 9
Socket not ready, repolling fd = 9
Socket not ready, repolling fd = 9
Socket not ready, repolling fd = 9
Socket not ready, repolling fd = 9
Socket not ready, repolling fd = 9
Socket not ready, repolling fd = 9
Socket not ready, repolling fd = 9
Socket not ready, repolling fd = 9
Socket not ready, repolling fd = 9
Socket not ready, repolling fd = 9
Socket not ready, repolling fd = 9
Socket not ready, repolling fd = 9
Socket not ready, repolling fd = 9
Socket not ready, repolling fd = 9
Socket not ready, repolling fd = 9
Socket not ready, repolling fd = 9
Socket not ready, repolling fd = 9
Socket not ready, repolling fd = 9
Socket not ready, repolling fd = 9
Socket not ready, repolling fd = 9
Socket not ready, repolling fd = 9
Socket not ready, repolling fd = 9
Socket not ready, repolling fd = 9
Socket not ready, repolling fd = 9
Socket not ready, repolling fd = 9
Socket not ready, repolling fd = 9
Socket not ready, repolling fd = 9
Socket not ready, repolling fd = 9
Socket not ready, repolling fd = 9
Socket not ready, repolling fd = 9
Socket not ready, repolling fd = 9
Socket not ready, repolling fd = 9
Socket not ready, repolling fd = 9
Socket not ready, repolling fd = 9
Socket not ready, repolling fd = 9
Socket not ready, repolling fd = 9
Socket not ready, repolling fd = 9
Socket not ready, repolling fd = 9
Socket not ready, repolling fd = 9
Socket not ready, repolling fd = 9
Socket not ready, repolling fd = 9
Socket not ready, repolling fd = 9
Socket not ready, repolling fd = 9
Socket not ready, repolling fd = 9
Socket not ready, repolling fd = 9
Socket not ready, repolling fd = 9
Socket not ready, repolling fd = 9
Socket not ready, repolling fd = 9
Socket not ready, repolling fd = 9
Socket not ready, repolling fd = 9
Socket not ready, repolling fd = 9
Socket not ready, repolling fd = 9
Socket not ready, repolling fd = 9
Socket not ready, repolling fd = 9
Socket not ready, repolling fd = 9
Socket not ready, repolling fd = 9
Socket not ready, repolling fd = 9
Socket not ready, repolling fd = 9
Socket not ready, repolling fd = 9
Socket not ready, repolling fd = 9
Socket not ready, repolling fd = 9
Socket not ready, repolling fd = 9
Socket not ready, repolling fd = 9
Socket not ready, repolling fd = 9
Socket not ready, repolling fd = 9
Socket not ready, repolling fd = 9
Socket not ready, repolling fd = 9
Socket not ready, repolling fd = 9
Socket not ready, repolling fd = 9
Socket not ready, repolling fd = 9
Socket not ready, repolling fd = 9
Socket not ready, repolling fd = 9
Socket not ready, repolling fd = 9
Socket not ready, repolling fd = 9
Socket not ready, repolling fd = 9
Socket not ready, repolling fd = 9
Socket not ready, repolling fd = 9
Socket not ready, repolling fd = 9
Socket not ready, repolling fd = 9
Socket not ready, repolling fd = 9
Socket not ready, repolling fd = 9
Socket not ready, repolling fd = 9
Socket not ready, repolling fd = 9
Socket not ready, repolling fd = 9
Socket not ready, repolling fd = 9
Socket not ready, repolling fd = 9
Socket not ready, repolling fd = 9
Socket not ready, repolling fd = 9
Socket not ready, repolling fd = 9
Socket not ready, repolling fd = 9
Socket not ready, repolling fd = 9
Socket not ready, repolling fd = 9
Socket not ready, repolling fd = 9
Socket not ready, repolling fd = 9
Socket not ready, repolling fd = 9
Socket not ready, repolling fd = 9
Socket not ready, repolling fd = 9
Socket not ready, repolling fd = 9
Socket not ready, repolling fd = 9
Socket not ready, repolling fd = 9
Socket not ready, repolling fd = 9
Socket not ready, repolling fd = 9
Socket not ready, repolling fd = 9
Socket not ready, repolling fd = 9
Socket not ready, repolling fd = 9
Socket not ready, repolling fd = 9
Socket not ready, repolling fd = 9
Socket not ready, repolling fd = 9
Socket not ready, repolling fd = 9
Socket not ready, repolling fd = 9
Socket not ready, repolling fd = 9
Socket not ready, repolling fd = 9
Socket not ready, repolling fd = 9
Socket not ready, repolling fd = 9
Socket not ready, repolling fd = 9
Socket not ready, repolling fd = 9
Socket not ready, repolling fd = 9
Socket not ready, repolling fd = 9
Socket not ready, repolling fd = 9
Socket not ready, repolling fd = 9
Socket not ready, repolling fd = 9
Socket not ready, repolling fd = 9
Socket not ready, repolling fd = 9
Socket not ready, repolling fd = 9
Socket not ready, repolling fd = 9
Socket not ready, repolling fd = 9
Socket not ready, repolling fd = 9
Socket not ready, repolling fd = 9
Socket not ready, repolling fd = 9
Socket not ready, repolling fd = 9
Socket not ready, repolling fd = 9
Socket not ready, repolling fd = 9
Socket not ready, repolling fd = 9
Socket not ready, repolling fd = 9
Socket not ready, repolling fd = 9
Socket not ready, repolling fd = 9
Socket not ready, repolling fd = 9
Socket not ready, repolling fd = 9
Socket not ready, repolling fd = 9
Socket not ready, repolling fd = 9
Socket not ready, repolling fd = 9
Socket not ready, repolling fd = 9
Socket not ready, repolling fd = 9
Socket not ready, repolling fd = 9
Socket not ready, repolling fd = 9
Socket not ready, repolling fd = 9
Socket not ready, repolling fd = 9
Socket not ready, repolling fd = 9
Socket not ready, repolling fd = 9
Socket not ready, repolling fd = 9
Socket not ready, repolling fd = 9
Socket not ready, repolling fd = 9
Socket not ready, repolling fd = 9
Socket not ready, repolling fd = 9
Socket not ready, repolling fd = 9
Socket not ready, repolling fd = 9
Socket not ready, repolling fd = 9
Socket not ready, repolling fd = 9
Socket not ready, repolling fd = 9
Socket not ready, repolling fd = 9
Socket not ready, repolling fd = 9
Socket not ready, repolling fd = 9
Socket not ready, repolling fd = 9
Socket not ready, repolling fd = 9
Socket not ready, repolling fd = 9
Socket not ready, repolling fd = 9
Socket not ready, repolling fd = 9
Socket not ready, repolling fd = 9
Socket not ready, repolling fd = 9
Socket not ready, repolling fd = 9
Socket not ready, repolling fd = 9
Socket not ready, repolling fd = 9
Socket not ready, repolling fd = 9
Socket not ready, repolling fd = 9
Socket not ready, repolling fd = 9
Socket not ready, repolling fd = 9
Socket not ready, repolling fd = 9
Socket not ready, repolling fd = 9
Socket not ready, repolling fd = 9
Socket not ready, repolling fd = 9
Socket not ready, repolling fd = 9
Socket not ready, repolling fd = 9
Socket not ready, repolling fd = 9
Socket not ready, repolling fd = 9
Socket not ready, repolling fd = 9
Socket not ready, repolling fd = 9
Socket not ready, repolling fd = 9
Socket not ready, repolling fd = 9
Socket not ready, repolling fd = 9
Socket not ready, repolling fd = 9
Socket not ready, repolling fd = 9
Socket not ready, repolling fd = 9
Socket not ready, repolling fd = 9
Socket not ready, repolling fd = 9
Socket not ready, repolling fd = 9
Socket not ready, repolling fd = 9
Socket not ready, repolling fd = 9
Socket not ready, repolling fd = 9
Socket not ready, repolling fd = 9
Socket not ready, repolling fd = 9
Socket not ready, repolling fd = 9
Socket not ready, repolling fd = 9
Socket not ready, repolling fd = 9
Socket not ready, repolling fd = 9
Socket not ready, repolling fd = 9
Socket not ready, repolling fd = 9
Socket not ready, repolling fd = 9
Socket not ready, repolling fd = 9
Socket not ready, repolling fd = 9
Socket not ready, repolling fd = 9
Socket not ready, repolling fd = 9
Socket not ready, repolling fd = 9
Socket not ready, repolling fd = 9
Socket not ready, repolling fd = 9
Socket not ready, repolling fd = 9
Socket not ready, repolling fd = 9
Socket not ready, repolling fd = 9
Socket not ready, repolling fd = 9
Socket not ready, repolling fd = 9
Socket not ready, repolling fd = 9
Socket not ready, repolling fd = 9
Socket not ready, repolling fd = 9
Socket not ready, repolling fd = 9
Socket not ready, repolling fd = 9
Socket not ready, repolling fd = 9
Socket not ready, repolling fd = 9
Socket not ready, repolling fd = 9
Socket not ready, repolling fd = 9
Socket not ready, repolling fd = 9
Socket not ready, repolling fd = 9
Socket not ready, repolling fd = 9
Socket not ready, repolling fd = 9
Socket not ready, repolling fd = 9
Socket not ready, repolling fd = 9
Socket not ready, repolling fd = 9
Socket not ready, repolling fd = 9
Socket not ready, repolling fd = 9
Socket not ready, repolling fd = 9
Socket not ready, repolling fd = 9
Socket not ready, repolling fd = 9
Socket not ready, repolling fd = 9
Socket not ready, repolling fd = 9
Socket not ready, repolling fd = 9
Socket not ready, repolling fd = 9
Socket not ready, repolling fd = 9
Socket not ready, repolling fd = 9
Socket not ready, repolling fd = 9
Socket not ready, repolling fd = 9
Socket not ready, repolling fd = 9
Socket not ready, repolling fd = 9
Socket not ready, repolling fd = 9
Socket not ready, repolling fd = 9
Socket not ready, repolling fd = 9
Socket not ready, repolling fd = 9
Socket not ready, repolling fd = 9
Socket not ready, repolling fd = 9
Socket not ready, repolling fd = 9
Socket not ready, repolling fd = 9
Socket not ready, repolling fd = 9
Socket not ready, repolling fd = 9
Socket not ready, repolling fd = 9
Socket not ready, repolling fd = 9
Socket not ready, repolling fd = 9
Socket not ready, repolling fd = 9
Socket not ready, repolling fd = 9
Socket not ready, repolling fd = 9
Socket not ready, repolling fd = 9
Socket not ready, repolling fd = 9
Socket not ready, repolling fd = 9
Socket not ready, repolling fd = 9
Socket not ready, repolling fd = 9
Socket not ready, repolling fd = 9
Socket not ready, repolling fd = 9
Socket not ready, repolling fd = 9
Socket not ready, repolling fd = 9
Socket not ready, repolling fd = 9
Socket not ready, repolling fd = 9
Socket not ready, repolling fd = 9
Socket not ready, repolling fd = 9
Socket not ready, repolling fd = 9
Socket not ready, repolling fd = 9
Socket not ready, repolling fd = 9
Socket not ready, repolling fd = 9
Socket not ready, repolling fd = 9
Socket not ready, repolling fd = 9
Socket not ready, repolling fd = 9
Socket not ready, repolling fd = 9
Socket not ready, repolling fd = 9
Socket not ready, repolling fd = 9
Socket not ready, repolling fd = 9
Socket not ready, repolling fd = 9
Socket not ready, repolling fd = 9
Socket not ready, repolling fd = 9
Socket not ready, repolling fd = 9
Socket not ready, repolling fd = 9
Socket not ready, repolling fd = 9
Socket not ready, repolling fd = 9
Socket not ready, repolling fd = 9
Socket not ready, repolling fd = 9
Socket not ready, repolling fd = 9
Socket not ready, repolling fd = 9
Socket not ready, repolling fd = 9
Socket not ready, repolling fd = 9
Socket not ready, repolling fd = 9
Socket not ready, repolling fd = 9
Socket not ready, repolling fd = 9
Socket not ready, repolling fd = 9
Socket not ready, repolling fd = 9
Socket not ready, repolling fd = 9
Socket not ready, repolling fd = 9
Socket not ready, repolling fd = 9
Socket not ready, repolling fd = 9
Socket not ready, repolling fd = 9
Socket not ready, repolling fd = 9
Socket not ready, repolling fd = 9
Socket not ready, repolling fd = 9
Socket not ready, repolling fd = 9
Socket not ready, repolling fd = 9
Socket not ready, repolling fd = 9
Socket not ready, repolling fd = 9
Socket not ready, repolling fd = 9
Socket not ready, repolling fd = 9
Socket not ready, repolling fd = 9
Socket not ready, repolling fd = 9
Socket not ready, repolling fd = 9
Socket not ready, repolling fd = 9
Socket not ready, repolling fd = 9
Socket not ready, repolling fd = 9
Socket not ready, repolling fd = 9
Socket not ready, repolling fd = 9
Socket not ready, repolling fd = 9
Socket not ready, repolling fd = 9
Socket not ready, repolling fd = 9
Socket not ready, repolling fd = 9
Socket not ready, repolling fd = 9
Socket not ready, repolling fd = 9
Socket not ready, repolling fd = 9
Socket not ready, repolling fd = 9
Socket not ready, repolling fd = 9
Socket not ready, repolling fd = 9
Socket not ready, repolling fd = 9
Socket not ready, repolling fd = 9
Socket not ready, repolling fd = 9
Socket not ready, repolling fd = 9
Socket not ready, repolling fd = 9
Socket not ready, repolling fd = 9
Socket not ready, repolling fd = 9
Socket not ready, repolling fd = 9
Socket not ready, repolling fd = 9
Socket not ready, repolling fd = 9
Socket not ready, repolling fd = 9
Socket not ready, repolling fd = 9
Socket not ready, repolling fd = 9
Socket not ready, repolling fd = 9
Socket not ready, repolling fd = 9
Socket not ready, repolling fd = 9
Socket not ready, repolling fd = 9
Socket not ready, repolling fd = 9
Socket not ready, repolling fd = 9
Socket not ready, repolling fd = 9
Socket not ready, repolling fd = 9
Socket not ready, repolling fd = 9
Socket not ready, repolling fd = 9
Socket not ready, repolling fd = 9
Socket not ready, repolling fd = 9
Socket not ready, repolling fd = 9
Socket not ready, repolling fd = 9
Socket not ready, repolling fd = 9
Socket not ready, repolling fd = 9
Socket not ready, repolling fd = 9
Socket not ready, repolling fd = 9
Socket not ready, repolling fd = 9
Socket not ready, repolling fd = 9
Socket not ready, repolling fd = 9
Socket not ready, repolling fd = 9
Socket not ready, repolling fd = 9
Socket not ready, repolling fd = 9
Socket not ready, repolling fd = 9
Socket not ready, repolling fd = 9
Socket not ready, repolling fd = 9
Socket not ready, repolling fd = 9
Socket not ready, repolling fd = 9
Socket not ready, repolling fd = 9
Socket not ready, repolling fd = 9
Socket not ready, repolling fd = 9
Socket not ready, repolling fd = 9
Socket not ready, repolling fd = 9
Socket not ready, repolling fd = 9
Socket not ready, repolling fd = 9
Socket not ready, repolling fd = 9
Socket not ready, repolling fd = 9
Socket not ready, repolling fd = 9
Socket not ready, repolling fd = 9
Socket not ready, repolling fd = 9
Socket not ready, repolling fd = 9
Socket not ready, repolling fd = 9
Socket not ready, repolling fd = 9
Socket not ready, repolling fd = 9
Socket not ready, repolling fd = 9
Socket not ready, repolling fd = 9
Socket not ready, repolling fd = 9
Socket not ready, repolling fd = 9
Socket not ready, repolling fd = 9
Socket not ready, repolling fd = 9
Socket not ready, repolling fd = 9
Socket not ready, repolling fd = 9
Socket not ready, repolling fd = 9
Socket not ready, repolling fd = 9
Socket not ready, repolling fd = 9
Socket not ready, repolling fd = 9
Socket not ready, repolling fd = 9
Socket not ready, repolling fd = 9
Socket not ready, repolling fd = 9
Socket not ready, repolling fd = 9
Socket not ready, repolling fd = 9
Socket not ready, repolling fd = 9
Socket not ready, repolling fd = 9
Socket not ready, repolling fd = 9
Socket not ready, repolling fd = 9
Socket not ready, repolling fd = 9
Socket not ready, repolling fd = 9
Socket not ready, repolling fd = 9
Socket not ready, repolling fd = 9
Socket not ready, repolling fd = 9
Socket not ready, repolling fd = 9
Socket not ready, repolling fd = 9
Socket not ready, repolling fd = 9
Socket not ready, repolling fd = 9
Socket not ready, repolling fd = 9
Socket not ready, repolling fd = 9
Socket not ready, repolling fd = 9
Socket not ready, repolling fd = 9
Socket not ready, repolling fd = 9
Socket not ready, repolling fd = 9
Socket not ready, repolling fd = 9
Socket not ready, repolling fd = 9
Socket not ready, repolling fd = 9
Socket not ready, repolling fd = 9
Socket not ready, repolling fd = 9
Socket not ready, repolling fd = 9
Socket not ready, repolling fd = 9
Socket not ready, repolling fd = 9
Socket not ready, repolling fd = 9
Socket not ready, repolling fd = 9
Socket not ready, repolling fd = 9
Socket not ready, repolling fd = 9
Socket not ready, repolling fd = 9
Socket not ready, repolling fd = 9
Socket not ready, repolling fd = 9
Socket not ready, repolling fd = 9
Socket not ready, repolling fd = 9
Socket not ready, repolling fd = 9
Socket not ready, repolling fd = 9
Socket not ready, repolling fd = 9
Socket not ready, repolling fd = 9
Socket not ready, repolling fd = 9
Socket not ready, repolling fd = 9
Socket not ready, repolling fd = 9
Socket not ready, repolling fd = 9
Socket not ready, repolling fd = 9
Socket not ready, repolling fd = 9
Socket not ready, repolling fd = 9
Socket not ready, repolling fd = 9
Socket not ready, repolling fd = 9
Socket not ready, repolling fd = 9
Socket not ready, repolling fd = 9
Socket not ready, repolling fd = 9
Socket not ready, repolling fd = 9
Socket not ready, repolling fd = 9
Socket not ready, repolling fd = 9
Socket not ready, repolling fd = 9
Socket not ready, repolling fd = 9
Socket not ready, repolling fd = 9
Socket not ready, repolling fd = 9
Socket not ready, repolling fd = 9
Socket not ready, repolling fd = 9
Socket not ready, repolling fd = 9
Socket not ready, repolling fd = 9
Socket not ready, repolling fd = 9
Socket not ready, repolling fd = 9
Socket not ready, repolling fd = 9
Socket not ready, repolling fd = 9
Socket not ready, repolling fd = 9
Socket not ready, repolling fd = 9
Socket not ready, repolling fd = 9
Socket not ready, repolling fd = 9
Socket not ready, repolling fd = 9
Socket not ready, repolling fd = 9
Socket not ready, repolling fd = 9
Socket not ready, repolling fd = 9
Socket not ready, repolling fd = 9
Socket not ready, repolling fd = 9
Socket not ready, repolling fd = 9
Socket not ready, repolling fd = 9
Socket not ready, repolling fd = 9
Socket not ready, repolling fd = 9
Socket not ready, repolling fd = 9
Socket not ready, repolling fd = 9
Socket not ready, repolling fd = 9
Socket not ready, repolling fd = 9
Socket not ready, repolling fd = 9
Socket not ready, repolling fd = 9
Socket not ready, repolling fd = 9
Socket not ready, repolling fd = 9
Socket not ready, repolling fd = 9
Socket not ready, repolling fd = 9
Socket not ready, repolling fd = 9
Socket not ready, repolling fd = 9
Socket not ready, repolling fd = 9
Socket not ready, repolling fd = 9
Socket not ready, repolling fd = 9
Socket not ready, repolling fd = 9
Socket not ready, repolling fd = 9
Socket not ready, repolling fd = 9
Socket not ready, repolling fd = 9
Socket not ready, repolling fd = 9
Socket not ready, repolling fd = 9
Socket not ready, repolling fd = 9
Socket not ready, repolling fd = 9
Socket not ready, repolling fd = 9
Socket not ready, repolling fd = 9
Socket not ready, repolling fd = 9
Socket not ready, repolling fd = 9
Socket not ready, repolling fd = 9
Socket not ready, repolling fd = 9
Socket not ready, repolling fd = 9
Socket not ready, repolling fd = 9
Socket not ready, repolling fd = 9
Socket not ready, repolling fd = 9
Socket not ready, repolling fd = 9
Socket not ready, repolling fd = 9
Socket not ready, repolling fd = 9
Socket not ready, repolling fd = 9
Socket not ready, repolling fd = 9
Socket not ready, repolling fd = 9
Socket not ready, repolling fd = 9
Socket not ready, repolling fd = 9
Socket not ready, repolling fd = 9
Socket not ready, repolling fd = 9
Socket not ready, repolling fd = 9
Socket not ready, repolling fd = 9
Socket not ready, repolling fd = 9
Socket not ready, repolling fd = 9
Socket not ready, repolling fd = 9
Socket not ready, repolling fd = 9
Socket not ready, repolling fd = 9
Socket not ready, repolling fd = 9
Socket not ready, repolling fd = 9
Socket not ready, repolling fd = 9
Socket not ready, repolling fd = 9
Socket not ready, repolling fd = 9
Socket not ready, repolling fd = 9
Socket not ready, repolling fd = 9
Socket not ready, repolling fd = 9
Socket not ready, repolling fd = 9
Socket not ready, repolling fd = 9
Socket not ready, repolling fd = 9
Socket not ready, repolling fd = 9
Socket not ready, repolling fd = 9
Socket not ready, repolling fd = 9
Socket not ready, repolling fd = 9
Socket not ready, repolling fd = 9
Socket not ready, repolling fd = 9
Socket not ready, repolling fd = 9
Socket not ready, repolling fd = 9
Socket not ready, repolling fd = 9
Socket not ready, repolling fd = 9
Socket not ready, repolling fd = 9
Socket not ready, repolling fd = 9
Socket not ready, repolling fd = 9
Socket not ready, repolling fd = 9
Socket not ready, repolling fd = 9
Socket not ready, repolling fd = 9
Socket not ready, repolling fd = 9
Socket not ready, repolling fd = 9
Socket not ready, repolling fd = 9
Socket not ready, repolling fd = 9
Socket not ready, repolling fd = 9
Socket not ready, repolling fd = 9
Socket not ready, repolling fd = 9
Socket not ready, repolling fd = 9
Socket not ready, repolling fd = 9
Socket not ready, repolling fd = 9
Socket not ready, repolling fd = 9
Socket not ready, repolling fd = 9
Socket not ready, repolling fd = 9
Socket not ready, repolling fd = 9
Socket not ready, repolling fd = 9
Socket not ready, repolling fd = 9
Socket not ready, repolling fd = 9
Socket not ready, repolling fd = 9
Socket not ready, repolling fd = 9
Socket not ready, repolling fd = 9
Socket not ready, repolling fd = 9
Socket not ready, repolling fd = 9
Socket not ready, repolling fd = 9
Socket not ready, repolling fd = 9
Socket not ready, repolling fd = 9
Socket not ready, repolling fd = 9
Socket not ready, repolling fd = 9
Socket not ready, repolling fd = 9
Socket not ready, repolling fd = 9
Socket not ready, repolling fd = 9
Socket not ready, repolling fd = 9
Socket not ready, repolling fd = 9
Socket not ready, repolling fd = 9
Socket not ready, repolling fd = 9
Socket not ready, repolling fd = 9
Socket not ready, repolling fd = 9
Socket not ready, repolling fd = 9
Socket not ready, repolling fd = 9
Socket not ready, repolling fd = 9
Socket not ready, repolling fd = 9
Socket not ready, repolling fd = 9
Socket not ready, repolling fd = 9
Socket not ready, repolling fd = 9
Socket not ready, repolling fd = 9
Socket not ready, repolling fd = 9
Socket not ready, repolling fd = 9
Socket not ready, repolling fd = 9
Socket not ready, repolling fd = 9
Socket not ready, repolling fd = 9
Socket not ready, repolling fd = 9
Socket not ready, repolling fd = 9
Socket not ready, repolling fd = 9
Socket not ready, repolling fd = 9
Socket not ready, repolling fd = 9
Socket not ready, repolling fd = 9
Socket not ready, repolling fd = 9
Socket not ready, repolling fd = 9
Socket not ready, repolling fd = 9
Socket not ready, repolling fd = 9
Socket not ready, repolling fd = 9
Socket not ready, repolling fd = 9
Socket not ready, repolling fd = 9
Socket not ready, repolling fd = 9
Socket not ready, repolling fd = 9
Socket not ready, repolling fd = 9
Socket not ready, repolling fd = 9
Socket not ready, repolling fd = 9
Socket not ready, repolling fd = 9
Socket not ready, repolling fd = 9
Socket not ready, repolling fd = 9
Socket not ready, repolling fd = 9
Socket not ready, repolling fd = 9
Socket not ready, repolling fd = 9
Socket not ready, repolling fd = 9
Socket not ready, repolling fd = 9
Socket not ready, repolling fd = 9
Socket not ready, repolling fd = 9
Socket not ready, repolling fd = 9
Socket not ready, repolling fd = 9
Socket not ready, repolling fd = 9
Socket not ready, repolling fd = 9
Socket not ready, repolling fd = 9
Socket not ready, repolling fd = 9
Socket not ready, repolling fd = 9
Socket not ready, repolling fd = 9
Socket not ready, repolling fd = 9
Socket not ready, repolling fd = 9
Socket not ready, repolling fd = 9
Socket not ready, repolling fd = 9
Socket not ready, repolling fd = 9
Socket not ready, repolling fd = 9
Socket not ready, repolling fd = 9
Socket not ready, repolling fd = 9
Socket not ready, repolling fd = 9
Socket not ready, repolling fd = 9
Socket not ready, repolling fd = 9
Socket not ready, repolling fd = 9
Socket not ready, repolling fd = 9
Socket not ready, repolling fd = 9
Socket not ready, repolling fd = 9
Socket not ready, repolling fd = 9
Socket not ready, repolling fd = 9
Socket not ready, repolling fd = 9
Socket not ready, repolling fd = 9
Socket not ready, repolling fd = 9
Socket not ready, repolling fd = 9
Socket not ready, repolling fd = 9
Socket not ready, repolling fd = 9
Socket not ready, repolling fd = 9
Socket not ready, repolling fd = 9
Socket not ready, repolling fd = 9
Socket not ready, repolling fd = 9
Socket not ready, repolling fd = 9
Socket not ready, repolling fd = 9
Socket not ready, repolling fd = 9
Socket not ready, repolling fd = 9
Socket not ready, repolling fd = 9
Socket not ready, repolling fd = 9
Socket not ready, repolling fd = 9
Socket not ready, repolling fd = 9
Socket not ready, repolling fd = 9
Socket not ready, repolling fd = 9
Socket not ready, repolling fd = 9
Socket not ready, repolling fd = 9
Socket not ready, repolling fd = 9
Socket not ready, repolling fd = 9
Socket not ready, repolling fd = 9
Socket not ready, repolling fd = 9
Socket not ready, repolling fd = 9
Socket not ready, repolling fd = 9
Socket not ready, repolling fd = 9
Socket not ready, repolling fd = 9
Socket not ready, repolling fd = 9
Socket not ready, repolling fd = 9
Socket not ready, repolling fd = 9
Socket not ready, repolling fd = 9
Socket not ready, repolling fd = 9
Socket not ready, repolling fd = 9
Socket not ready, repolling fd = 9
Socket not ready, repolling fd = 9
Socket not ready, repolling fd = 9
Socket not ready, repolling fd = 9
Socket not ready, repolling fd = 9
Socket not ready, repolling fd = 9
Socket not ready, repolling fd = 9
Socket not ready, repolling fd = 9
Socket not ready, repolling fd = 9
Socket not ready, repolling fd = 9
Socket not ready, repolling fd = 9
Socket not ready, repolling fd = 9
Socket not ready, repolling fd = 9
Socket not ready, repolling fd = 9
Socket not ready, repolling fd = 9
Socket not ready, repolling fd = 9
Socket not ready, repolling fd = 9
Socket not ready, repolling fd = 9
Socket not ready, repolling fd = 9
Socket not ready, repolling fd = 9
Socket not ready, repolling fd = 9
Socket not ready, repolling fd = 9
Socket not ready, repolling fd = 9
Socket not ready, repolling fd = 9
Socket not ready, repolling fd = 9
Socket not ready, repolling fd = 9
Socket not ready, repolling fd = 9
Socket not ready, repolling fd = 9
Socket not ready, repolling fd = 9
Socket not ready, repolling fd = 9
Socket not ready, repolling fd = 9
Socket not ready, repolling fd = 9
Socket not ready, repolling fd = 9
Socket not ready, repolling fd = 9
Socket not ready, repolling fd = 9
Socket not ready, repolling fd = 9
Socket not ready, repolling fd = 9
Socket not ready, repolling fd = 9
Socket not ready, repolling fd = 9
Socket not ready, repolling fd = 9
Socket not ready, repolling fd = 9
Socket not ready, repolling fd = 9
Socket not ready, repolling fd = 9
Socket not ready, repolling fd = 9
Socket not ready, repolling fd = 9
Socket not ready, repolling fd = 9
Socket not ready, repolling fd = 9
Socket not ready, repolling fd = 9
Socket not ready, repolling fd = 9
Socket not ready, repolling fd = 9
Socket not ready, repolling fd = 9
Socket not ready, repolling fd = 9
Socket not ready, repolling fd = 9
Socket not ready, repolling fd = 9
Socket not ready, repolling fd = 9
Socket not ready, repolling fd = 9
Socket not ready, repolling fd = 9
Socket not ready, repolling fd = 9
Socket not ready, repolling fd = 9
Socket not ready, repolling fd = 9
Socket not ready, repolling fd = 9
Socket not ready, repolling fd = 9
Socket not ready, repolling fd = 9
Socket not ready, repolling fd = 9
Socket not ready, repolling fd = 9
Socket not ready, repolling fd = 9
Socket not ready, repolling fd = 9
Socket not ready, repolling fd = 9
Socket not ready, repolling fd = 9
Socket not ready, repolling fd = 9
Socket not ready, repolling fd = 9
Socket not ready, repolling fd = 9
Socket not ready, repolling fd = 9
Socket not ready, repolling fd = 9
Socket not ready, repolling fd = 9
Socket not ready, repolling fd = 9
Socket not ready, repolling fd = 9
Socket not ready, repolling fd = 9
Socket not ready, repolling fd = 9
Socket not ready, repolling fd = 9
Socket not ready, repolling fd = 9
Socket not ready, repolling fd = 9
Socket not ready, repolling fd = 9
Socket not ready, repolling fd = 9
Socket not ready, repolling fd = 9
Socket not ready, repolling fd = 9
Socket not ready, repolling fd = 9
Socket not ready, repolling fd = 9
Socket not ready, repolling fd = 9
Socket not ready, repolling fd = 9
Socket not ready, repolling fd = 9
Socket not ready, repolling fd = 9
Socket not ready, repolling fd = 9
Socket not ready, repolling fd = 9
Socket not ready, repolling fd = 9
Socket not ready, repolling fd = 9
Socket not ready, repolling fd = 9
Socket not ready, repolling fd = 9
Socket not ready, repolling fd = 9
Socket not ready, repolling fd = 9
Socket not ready, repolling fd = 9
Socket not ready, repolling fd = 9
Socket not ready, repolling fd = 9
Socket not ready, repolling fd = 9
Socket not ready, repolling fd = 9
Socket not ready, repolling fd = 9
Socket not ready, repolling fd = 9
Socket not ready, repolling fd = 9
Socket not ready, repolling fd = 9
Socket not ready, repolling fd = 9
Socket not ready, repolling fd = 9
Socket not ready, repolling fd = 9
Socket not ready, repolling fd = 9
Socket not ready, repolling fd = 9
Socket not ready, repolling fd = 9
Socket not ready, repolling fd = 9
Socket not ready, repolling fd = 9
Socket not ready, repolling fd = 9
Socket not ready, repolling fd = 9
Socket not ready, repolling fd = 9
Socket not ready, repolling fd = 9
Socket not ready, repolling fd = 9
Socket not ready, repolling fd = 9
Socket not ready, repolling fd = 9
Socket not ready, repolling fd = 9
Socket not ready, repolling fd = 9
Socket not ready, repolling fd = 9
Socket not ready, repolling fd = 9
Socket not ready, repolling fd = 9
Socket not ready, repolling fd = 9
Socket not ready, repolling fd = 9
Socket not ready, repolling fd = 9
Socket not ready, repolling fd = 9
Socket not ready, repolling fd = 9
Socket not ready, repolling fd = 9
Socket not ready, repolling fd = 9
Socket not ready, repolling fd = 9
Socket not ready, repolling fd = 9
Socket not ready, repolling fd = 9
Socket not ready, repolling fd = 9
Socket not ready, repolling fd = 9
Socket not ready, repolling fd = 9
Socket not ready, repolling fd = 9
Socket not ready, repolling fd = 9
Socket not ready, repolling fd = 9
Socket not ready, repolling fd = 9
Socket not ready, repolling fd = 9
Socket not ready, repolling fd = 9
Socket not ready, repolling fd = 9
Socket not ready, repolling fd = 9
Socket not ready, repolling fd = 9
Socket not ready, repolling fd = 9
Socket not ready, repolling fd = 9
Socket not ready, repolling fd = 9
Socket not ready, repolling fd = 9
Socket not ready, repolling fd = 9
Socket not ready, repolling fd = 9
Socket not ready, repolling fd = 9
Socket not ready, repolling fd = 9
Socket not ready, repolling fd = 9
Socket not ready, repolling fd = 9
Socket not ready, repolling fd = 9
Socket not ready, repolling fd = 9
Socket not ready, repolling fd = 9
Socket not ready, repolling fd = 9
Socket not ready, repolling fd = 9
Socket not ready, repolling fd = 9
Socket not ready, repolling fd = 9
Socket not ready, repolling fd = 9
Socket not ready, repolling fd = 9
Socket not ready, repolling fd = 9
Socket not ready, repolling fd = 9
Socket not ready, repolling fd = 9
Socket not ready, repolling fd = 9
Socket not ready, repolling fd = 9
Socket not ready, repolling fd = 9
Socket not ready, repolling fd = 9
Socket not ready, repolling fd = 9
Socket not ready, repolling fd = 9
Socket not ready, repolling fd = 9
Socket not ready, repolling fd = 9
Socket not ready, repolling fd = 9
Socket not ready, repolling fd = 9
Socket not ready, repolling fd = 9
Socket not ready, repolling fd = 9
Socket not ready, repolling fd = 9
Socket not ready, repolling fd = 9
Socket not ready, repolling fd = 9
Socket not ready, repolling fd = 9
Socket not ready, repolling fd = 9
Socket not ready, repolling fd = 9
Socket not ready, repolling fd = 9
Socket not ready, repolling fd = 9
Socket not ready, repolling fd = 9
Socket not ready, repolling fd = 9
Socket not ready, repolling fd = 9
Socket not ready, repolling fd = 9
Socket not ready, repolling fd = 9
Socket not ready, repolling fd = 9
Socket not ready, repolling fd = 9
Socket not ready, repolling fd = 9
Socket not ready, repolling fd = 9
Socket not ready, repolling fd = 9
Socket not ready, repolling fd = 9
Socket not ready, repolling fd = 9
Socket not ready, repolling fd = 9
Socket not ready, repolling fd = 9
Socket not ready, repolling fd = 9
Socket not ready, repolling fd = 9
Socket not ready, repolling fd = 9
Socket not ready, repolling fd = 9
Socket not ready, repolling fd = 9
Socket not ready, repolling fd = 9
Socket not ready, repolling fd = 9
Socket not ready, repolling fd = 9
Socket not ready, repolling fd = 9
Socket not ready, repolling fd = 9
Socket not ready, repolling fd = 9
Socket not ready, repolling fd = 9
Socket not ready, repolling fd = 9
Socket not ready, repolling fd = 9
Socket not ready, repolling fd = 9
Socket not ready, repolling fd = 9
Socket not ready, repolling fd = 9
Socket not ready, repolling fd = 9
Socket not ready, repolling fd = 9
Socket not ready, repolling fd = 9
Socket not ready, repolling fd = 9
Socket not ready, repolling fd = 9
Socket not ready, repolling fd = 9
Socket not ready, repolling fd = 9
Socket not ready, repolling fd = 9
Socket not ready, repolling fd = 9
Socket not ready, repolling fd = 9
Socket not ready, repolling fd = 9
Socket not ready, repolling fd = 9
Socket not ready, repolling fd = 9
Socket not ready, repolling fd = 9
Socket not ready, repolling fd = 9
Socket not ready, repolling fd = 9
Socket not ready, repolling fd = 9
Socket not ready, repolling fd = 9
Socket not ready, repolling fd = 9
Socket not ready, repolling fd = 9
Socket not ready, repolling fd = 9
Socket not ready, repolling fd = 9
Socket not ready, repolling fd = 9
Socket not ready, repolling fd = 9
Socket not ready, repolling fd = 9
Socket not ready, repolling fd = 9
Socket not ready, repolling fd = 9
Socket not ready, repolling fd = 9
Socket not ready, repolling fd = 9
Socket not ready, repolling fd = 9
Socket not ready, repolling fd = 9
Socket not ready, repolling fd = 9
Socket not ready, repolling fd = 9
Socket not ready, repolling fd = 9
Socket not ready, repolling fd = 9
Socket not ready, repolling fd = 9
Socket not ready, repolling fd = 9
Socket not ready, repolling fd = 9
Socket not ready, repolling fd = 9
Socket not ready, repolling fd = 9
Socket not ready, repolling fd = 9
Socket not ready, repolling fd = 9
Socket not ready, repolling fd = 9
Socket not ready, repolling fd = 9
Socket not ready, repolling fd = 9
Socket not ready, repolling fd = 9
Socket not ready, repolling fd = 9
Socket not ready, repolling fd = 9
Socket not ready, repolling fd = 9
Socket not ready, repolling fd = 9
Socket not ready, repolling fd = 9
Socket not ready, repolling fd = 9
Socket not ready, repolling fd = 9
Socket not ready, repolling fd = 9
Socket not ready, repolling fd = 9
Socket not ready, repolling fd = 9
Socket not ready, repolling fd = 9
Socket not ready, repolling fd = 9
Socket not ready, repolling fd = 9
Socket not ready, repolling fd = 9
Socket not ready, repolling fd = 9
Socket not ready, repolling fd = 9
Socket not ready, repolling fd = 9
Socket not ready, repolling fd = 9
Socket not ready, repolling fd = 9
Socket not ready, repolling fd = 9
Socket not ready, repolling fd = 9
Socket not ready, repolling fd = 9
Socket not ready, repolling fd = 9
Socket not ready, repolling fd = 9
Socket not ready, repolling fd = 9
Socket not ready, repolling fd = 9
Socket not ready, repolling fd = 9
Socket not ready, repolling fd = 9
Socket not ready, repolling fd = 9
Socket not ready, repolling fd = 9
Socket not ready, repolling fd = 9
Socket not ready, repolling fd = 9
Socket not ready, repolling fd = 9
Socket not ready, repolling fd = 9
Socket not ready, repolling fd = 9
Socket not ready, repolling fd = 9
Socket not ready, repolling fd = 9
Socket not ready, repolling fd = 9
Socket not ready, repolling fd = 9
Socket not ready, repolling fd = 9
Socket not ready, repolling fd = 9
Socket not ready, repolling fd = 9
Socket not ready, repolling fd = 9
Socket not ready, repolling fd = 9
Socket not ready, repolling fd = 9
Socket not ready, repolling fd = 9
Socket not ready, repolling fd = 9
Socket not ready, repolling fd = 9
Socket not ready, repolling fd = 9
Socket not ready, repolling fd = 9
Socket not ready, repolling fd = 9
Socket not ready, repolling fd = 9
Socket not ready, repolling fd = 9
Socket not ready, repolling fd = 9
Socket not ready, repolling fd = 9
Socket not ready, repolling fd = 9
Socket not ready, repolling fd = 9
Socket not ready, repolling fd = 9
Socket not ready, repolling fd = 9
Socket not ready, repolling fd = 9
Socket not ready, repolling fd = 9
Socket not ready, repolling fd = 9
Socket not ready, repolling fd = 9
Socket not ready, repolling fd = 9
Socket not ready, repolling fd = 9
Socket not ready, repolling fd = 9
Socket not ready, repolling fd = 9
Socket not ready, repolling fd = 9
Socket not ready, repolling fd = 9
Socket not ready, repolling fd = 9
Socket not ready, repolling fd = 9
Socket not ready, repolling fd = 9
Socket not ready, repolling fd = 9
Socket not ready, repolling fd = 9
Socket not ready, repolling fd = 9
Socket not ready, repolling fd = 9
Socket not ready, repolling fd = 9
Socket not ready, repolling fd = 9
Socket not ready, repolling fd = 9
Socket not ready, repolling fd = 9
Socket not ready, repolling fd = 9
Socket not ready, repolling fd = 9
Socket not ready, repolling fd = 9
Socket not ready, repolling fd = 9
Socket not ready, repolling fd = 9
Socket not ready, repolling fd = 9
Socket not ready, repolling fd = 9
Socket not ready, repolling fd = 9
Socket not ready, repolling fd = 9
Socket not ready, repolling fd = 9
Socket not ready, repolling fd = 9
Socket not ready, repolling fd = 9
Socket not ready, repolling fd = 9
Socket not ready, repolling fd = 9
Socket not ready, repolling fd = 9
Socket not ready, repolling fd = 9
Socket not ready, repolling fd = 9
Socket not ready, repolling fd = 9
Socket not ready, repolling fd = 9
Socket not ready, repolling fd = 9
Socket not ready, repolling fd = 9
Socket not ready, repolling fd = 9
Socket not ready, repolling fd = 9
Socket not ready, repolling fd = 9
Socket not ready, repolling fd = 9
Socket not ready, repolling fd = 9
Socket not ready, repolling fd = 9
Socket not ready, repolling fd = 9
Socket not ready, repolling fd = 9
Socket not ready, repolling fd = 9
Socket not ready, repolling fd = 9
Socket not ready, repolling fd = 9
Socket not ready, repolling fd = 9
Socket not ready, repolling fd = 9
Socket not ready, repolling fd = 9
Socket not ready, repolling fd = 9
Socket not ready, repolling fd = 9
Socket not ready, repolling fd = 9
Socket not ready, repolling fd = 9
Socket not ready, repolling fd = 9
Socket not ready, repolling fd = 9
Socket not ready, repolling fd = 9
Socket not ready, repolling fd = 9
Socket not ready, repolling fd = 9
Socket not ready, repolling fd = 9
Socket not ready, repolling fd = 9
Socket not ready, repolling fd = 9
Socket not ready, repolling fd = 9
Socket not ready, repolling fd = 9
Socket not ready, repolling fd = 9
Socket not ready, repolling fd = 9
Socket not ready, repolling fd = 9
Socket not ready, repolling fd = 9
Socket not ready, repolling fd = 9
Socket not ready, repolling fd = 9
Socket not ready, repolling fd = 9
Socket not ready, repolling fd = 9
Socket not ready, repolling fd = 9
Socket not ready, repolling fd = 9
Socket not ready, repolling fd = 9
Socket not ready, repolling fd = 9
Socket not ready, repolling fd = 9
Socket not ready, repolling fd = 9
Socket not ready, repolling fd = 9
Socket not ready, repolling fd = 9
Socket not ready, repolling fd = 9
Socket not ready, repolling fd = 9
Socket not ready, repolling fd = 9
Socket not ready, repolling fd = 9
Socket not ready, repolling fd = 9
Socket not ready, repolling fd = 9
Socket not ready, repolling fd = 9
Socket not ready, repolling fd = 9
Socket not ready, repolling fd = 9
Socket not ready, repolling fd = 9
Socket not ready, repolling fd = 9
Socket not ready, repolling fd = 9
Socket not ready, repolling fd = 9
Socket not ready, repolling fd = 9
Socket not ready, repolling fd = 9
Socket not ready, repolling fd = 9
Socket not ready, repolling fd = 9
Socket not ready, repolling fd = 9
Socket not ready, repolling fd = 9
Socket not ready, repolling fd = 9
Socket not ready, repolling fd = 9
Socket not ready, repolling fd = 9
Socket not ready, repolling fd = 9
Socket not ready, repolling fd = 9
Socket not ready, repolling fd = 9
Socket not ready, repolling fd = 9
Socket not ready, repolling fd = 9
Socket not ready, repolling fd = 9
Socket not ready, repolling fd = 9
Socket not ready, repolling fd = 9
Socket not ready, repolling fd = 9
Socket not ready, repolling fd = 9
Socket not ready, repolling fd = 9
Socket not ready, repolling fd = 9
Socket not ready, repolling fd = 9
Socket not ready, repolling fd = 9
Socket not ready, repolling fd = 9
Socket not ready, repolling fd = 9
Socket not ready, repolling fd = 9
Socket not ready, repolling fd = 9
Socket not ready, repolling fd = 9
Socket not ready, repolling fd = 9
Socket not ready, repolling fd = 9
Socket not ready, repolling fd = 9
Socket not ready, repolling fd = 9
Socket not ready, repolling fd = 9
Socket not ready, repolling fd = 9
Socket not ready, repolling fd = 9
Socket not ready, repolling fd = 9
Socket not ready, repolling fd = 9
Socket not ready, repolling fd = 9
Socket not ready, repolling fd = 9
Socket not ready, repolling fd = 9
Socket not ready, repolling fd = 9
Socket not ready, repolling fd = 9
Socket not ready, repolling fd = 9
Socket not ready, repolling fd = 9
Socket not ready, repolling fd = 9
Socket not ready, repolling fd = 9
Socket not ready, repolling fd = 9
Socket not ready, repolling fd = 9
Socket not ready, repolling fd = 9
Socket not ready, repolling fd = 9
Socket not ready, repolling fd = 9
Socket not ready, repolling fd = 9
Socket not ready, repolling fd = 9
Socket not ready, repolling fd = 9
Socket not ready, repolling fd = 9
Socket not ready, repolling fd = 9
Socket not ready, repolling fd = 9
Socket not ready, repolling fd = 9
Socket not ready, repolling fd = 9
Socket not ready, repolling fd = 9
Socket not ready, repolling fd = 9
Socket not ready, repolling fd = 9
Socket not ready, repolling fd = 9
Socket not ready, repolling fd = 9
Socket not ready, repolling fd = 9
Socket not ready, repolling fd = 9
Socket not ready, repolling fd = 9
Socket not ready, repolling fd = 9
Socket not ready, repolling fd = 9
Socket not ready, repolling fd = 9
Socket not ready, repolling fd = 9
Socket not ready, repolling fd = 9
Socket not ready, repolling fd = 9
Socket not ready, repolling fd = 9
Socket not ready, repolling fd = 9
Socket not ready, repolling fd = 9
Socket not ready, repolling fd = 9
Socket not ready, repolling fd = 9
Socket not ready, repolling fd = 9
Socket not ready, repolling fd = 9
Socket not ready, repolling fd = 9
Socket not ready, repolling fd = 9
Socket not ready, repolling fd = 9
Socket not ready, repolling fd = 9
Socket not ready, repolling fd = 9
Socket not ready, repolling fd = 9
Socket not ready, repolling fd = 9
Socket not ready, repolling fd = 9
Socket not ready, repolling fd = 9
Socket not ready, repolling fd = 9
Socket not ready, repolling fd = 9
Socket not ready, repolling fd = 9
Socket not ready, repolling fd = 9
Socket not ready, repolling fd = 9
Socket not ready, repolling fd = 9
Socket not ready, repolling fd = 9
Socket not ready, repolling fd = 9
Socket not ready, repolling fd = 9
Socket not ready, repolling fd = 9
Socket not ready, repolling fd = 9
Socket not ready, repolling fd = 9
Socket not ready, repolling fd = 9
Socket not ready, repolling fd = 9
Socket not ready, repolling fd = 9
Socket not ready, repolling fd = 9
Socket not ready, repolling fd = 9
Socket not ready, repolling fd = 9
Socket not ready, repolling fd = 9
Socket not ready, repolling fd = 9
Socket not ready, repolling fd = 9
Socket not ready, repolling fd = 9
Socket not ready, repolling fd = 9
Socket not ready, repolling fd = 9
Socket not ready, repolling fd = 9
Socket not ready, repolling fd = 9
Socket not ready, repolling fd = 9
Socket not ready, repolling fd = 9
Socket not ready, repolling fd = 9
Socket not ready, repolling fd = 9
Socket not ready, repolling fd = 9
Socket not ready, repolling fd = 9
Socket not ready, repolling fd = 9
Socket not ready, repolling fd = 9
Socket not ready, repolling fd = 9
Socket not ready, repolling fd = 9
Socket not ready, repolling fd = 9
Socket not ready, repolling fd = 9
Socket not ready, repolling fd = 9
Socket not ready, repolling fd = 9
Socket not ready, repolling fd = 9
Socket not ready, repolling fd = 9
Socket not ready, repolling fd = 9
Socket not ready, repolling fd = 9
Socket not ready, repolling fd = 9
Socket not ready, repolling fd = 9
Socket not ready, repolling fd = 9
Socket not ready, repolling fd = 9
Socket not ready, repolling fd = 9
Socket not ready, repolling fd = 9
Socket not ready, repolling fd = 9
Socket not ready, repolling fd = 9
Socket not ready, repolling fd = 9
Socket not ready, repolling fd = 9
Socket not ready, repolling fd = 9
Socket not ready, repolling fd = 9
Socket not ready, repolling fd = 9
Socket not ready, repolling fd = 9
Socket not ready, repolling fd = 9
Socket not ready, repolling fd = 9
Socket not ready, repolling fd = 9
Socket not ready, repolling fd = 9
Socket not ready, repolling fd = 9
Socket not ready, repolling fd = 9
Socket not ready, repolling fd = 9
Socket not ready, repolling fd = 9
Socket not ready, repolling fd = 9
Socket not ready, repolling fd = 9
Socket not ready, repolling fd = 9
Socket not ready, repolling fd = 9
Socket not ready, repolling fd = 9
Socket not ready, repolling fd = 9
Socket not ready, repolling fd = 9
Socket not ready, repolling fd = 9
Socket not ready, repolling fd = 9
Socket not ready, repolling fd = 9
Socket not ready, repolling fd = 9
Socket not ready, repolling fd = 9
Socket not ready, repolling fd = 9
Socket not ready, repolling fd = 9
Socket not ready, repolling fd = 9
Socket not ready, repolling fd = 9
Socket not ready, repolling fd = 9
Socket not ready, repolling fd = 9
Socket not ready, repolling fd = 9
Socket not ready, repolling fd = 9
Socket not ready, repolling fd = 9
Socket not ready, repolling fd = 9
Socket not ready, repolling fd = 9
Socket not ready, repolling fd = 9
Socket not ready, repolling fd = 9
Socket not ready, repolling fd = 9
Socket not ready, repolling fd = 9
Socket not ready, repolling fd = 9
Socket not ready, repolling fd = 9
Socket not ready, repolling fd = 9
Socket not ready, repolling fd = 9
Socket not ready, repolling fd = 9
Socket not ready, repolling fd = 9
Socket not ready, repolling fd = 9
Socket not ready, repolling fd = 9
Socket not ready, repolling fd = 9
Socket not ready, repolling fd = 9
Socket not ready, repolling fd = 9
Socket not ready, repolling fd = 9
Socket not ready, repolling fd = 9
Socket not ready, repolling fd = 9
Socket not ready, repolling fd = 9
Socket not ready, repolling fd = 9
Socket not ready, repolling fd = 9
Socket not ready, repolling fd = 9
Socket not ready, repolling fd = 9
Socket not ready, repolling fd = 9
Socket not ready, repolling fd = 9
Socket not ready, repolling fd = 9
Socket not ready, repolling fd = 9
Socket not ready, repolling fd = 9
Socket not ready, repolling fd = 9
Socket not ready, repolling fd = 9
Socket not ready, repolling fd = 9
Socket not ready, repolling fd = 9
Socket not ready, repolling fd = 9
Socket not ready, repolling fd = 9
Socket not ready, repolling fd = 9
Socket not ready, repolling fd = 9
Socket not ready, repolling fd = 9
Socket not ready, repolling fd = 9
Socket not ready, repolling fd = 9
Socket not ready, repolling fd = 9
Socket not ready, repolling fd = 9
Socket not ready, repolling fd = 9
Socket not ready, repolling fd = 9
Socket not ready, repolling fd = 9
Socket not ready, repolling fd = 9
Socket not ready, repolling fd = 9
Socket not ready, repolling fd = 9
Socket not ready, repolling fd = 9
Socket not ready, repolling fd = 9
Socket not ready, repolling fd = 9
Socket not ready, repolling fd = 9
Socket not ready, repolling fd = 9
Socket not ready, repolling fd = 9
Socket not ready, repolling fd = 9
Socket not ready, repolling fd = 9
Socket not ready, repolling fd = 9
Socket not ready, repolling fd = 9
Socket not ready, repolling fd = 9
Socket not ready, repolling fd = 9
Socket not ready, repolling fd = 9
Socket not ready, repolling fd = 9
Socket not ready, repolling fd = 9
Socket not ready, repolling fd = 9
Socket not ready, repolling fd = 9
Socket not ready, repolling fd = 9
Socket not ready, repolling fd = 9
Socket not ready, repolling fd = 9
Socket not ready, repolling fd = 9
Socket not ready, repolling fd = 9
Socket not ready, repolling fd = 9
Socket not ready, repolling fd = 9
Socket not ready, repolling fd = 9
Socket not ready, repolling fd = 9
Socket not ready, repolling fd = 9
Socket not ready, repolling fd = 9
Socket not ready, repolling fd = 9
Socket not ready, repolling fd = 9
Socket not ready, repolling fd = 9
Socket not ready, repolling fd = 9
Socket not ready, repolling fd = 9
Socket not ready, repolling fd = 9
Socket not ready, repolling fd = 9
Socket not ready, repolling fd = 9
Socket not ready, repolling fd = 9
Socket not ready, repolling fd = 9
Socket not ready, repolling fd = 9
Socket not ready, repolling fd = 9
Socket not ready, repolling fd = 9
Socket not ready, repolling fd = 9
Socket not ready, repolling fd = 9
Socket not ready, repolling fd = 9
Socket not ready, repolling fd = 9
Socket not ready, repolling fd = 9
Socket not ready, repolling fd = 9
Socket not ready, repolling fd = 9
Socket not ready, repolling fd = 9
Socket not ready, repolling fd = 9
Socket not ready, repolling fd = 9
Socket not ready, repolling fd = 9
Socket not ready, repolling fd = 9
Socket not ready, repolling fd = 9
Socket not ready, repolling fd = 9
Socket not ready, repolling fd = 9
Socket not ready, repolling fd = 9
Socket not ready, repolling fd = 9
Socket not ready, repolling fd = 9
Socket not ready, repolling fd = 9
Socket not ready, repolling fd = 9
Socket not ready, repolling fd = 9
Socket not ready, repolling fd = 9
Socket not ready, repolling fd = 9
Socket not ready, repolling fd = 9
Socket not ready, repolling fd = 9
Socket not ready, repolling fd = 9
Socket not ready, repolling fd = 9
Socket not ready, repolling fd = 9
Socket not ready, repolling fd = 9
Socket not ready, repolling fd = 9
Socket not ready, repolling fd = 9
Socket not ready, repolling fd = 9
Socket not ready, repolling fd = 9
Socket not ready, repolling fd = 9
Socket not ready, repolling fd = 9
Socket not ready, repolling fd = 9
Socket not ready, repolling fd = 9
Socket not ready, repolling fd = 9
Socket not ready, repolling fd = 9
Socket not ready, repolling fd = 9
Socket not ready, repolling fd = 9
Socket not ready, repolling fd = 9
Socket not ready, repolling fd = 9
Socket not ready, repolling fd = 9
Socket not ready, repolling fd = 9
Socket not ready, repolling fd = 9
Socket not ready, repolling fd = 9
Socket not ready, repolling fd = 9
Socket not ready, repolling fd = 9
Socket not ready, repolling fd = 9
Socket not ready, repolling fd = 9
Socket not ready, repolling fd = 9
Socket not ready, repolling fd = 9
Socket not ready, repolling fd = 9
Socket not ready, repolling fd = 9
Socket not ready, repolling fd = 9
Socket not ready, repolling fd = 9
Socket not ready, repolling fd = 9
Socket not ready, repolling fd = 9
Socket not ready, repolling fd = 9
Socket not ready, repolling fd = 9
Socket not ready, repolling fd = 9
Socket not ready, repolling fd = 9
Socket not ready, repolling fd = 9
Socket not ready, repolling fd = 9
Socket not ready, repolling fd = 9
Socket not ready, repolling fd = 9
Socket not ready, repolling fd = 9
Socket not ready, repolling fd = 9
Socket not ready, repolling fd = 9
Socket not ready, repolling fd = 9
Socket not ready, repolling fd = 9
Socket not ready, repolling fd = 9
Socket not ready, repolling fd = 9
Socket not ready, repolling fd = 9
Socket not ready, repolling fd = 9
Socket not ready, repolling fd = 9
Socket not ready, repolling fd = 9
Socket not ready, repolling fd = 9
Socket not ready, repolling fd = 9
Socket not ready, repolling fd = 9
Socket not ready, repolling fd = 9
Socket not ready, repolling fd = 9
Socket not ready, repolling fd = 9
Socket not ready, repolling fd = 9
Socket not ready, repolling fd = 9
Socket not ready, repolling fd = 9
Socket not ready, repolling fd = 9
Socket not ready, repolling fd = 9
Socket not ready, repolling fd = 9
Socket not ready, repolling fd = 9
Socket not ready, repolling fd = 9
Socket not ready, repolling fd = 9
Socket not ready, repolling fd = 9
Socket not ready, repolling fd = 9
Socket not ready, repolling fd = 9
Socket not ready, repolling fd = 9
Socket not ready, repolling fd = 9
Socket not ready, repolling fd = 9
Socket not ready, repolling fd = 9
Socket not ready, repolling fd = 9
Socket not ready, repolling fd = 9
Socket not ready, repolling fd = 9
Socket not ready, repolling fd = 9
Socket not ready, repolling fd = 9
Socket not ready, repolling fd = 9
Socket not ready, repolling fd = 9
Socket not ready, repolling fd = 9
Socket not ready, repolling fd = 9
Socket not ready, repolling fd = 9
Socket not ready, repolling fd = 9
Socket not ready, repolling fd = 9
Socket not ready, repolling fd = 9
Socket not ready, repolling fd = 9
Socket not ready, repolling fd = 9
Socket not ready, repolling fd = 9
Socket not ready, repolling fd = 9
Socket not ready, repolling fd = 9
Socket not ready, repolling fd = 9
Socket not ready, repolling fd = 9
Socket not ready, repolling fd = 9
Socket not ready, repolling fd = 9
Socket not ready, repolling fd = 9
Socket not ready, repolling fd = 9
Socket not ready, repolling fd = 9
Socket not ready, repolling fd = 9
Socket not ready, repolling fd = 9
Socket not ready, repolling fd = 9
Socket not ready, repolling fd = 9
Socket not ready, repolling fd = 9
Socket not ready, repolling fd = 9
Socket not ready, repolling fd = 9
Socket not ready, repolling fd = 9
Socket not ready, repolling fd = 9
Socket not ready, repolling fd = 9
Socket not ready, repolling fd = 9
Socket not ready, repolling fd = 9
Socket not ready, repolling fd = 9
Socket not ready, repolling fd = 9
Socket not ready, repolling fd = 9
Socket not ready, repolling fd = 9
Socket not ready, repolling fd = 9
Socket not ready, repolling fd = 9
Socket not ready, repolling fd = 9
Socket not ready, repolling fd = 9
Socket not ready, repolling fd = 9
Socket not ready, repolling fd = 9
Socket not ready, repolling fd = 9
Socket not ready, repolling fd = 9
Socket not ready, repolling fd = 9
Socket not ready, repolling fd = 9
Socket not ready, repolling fd = 9
Socket not ready, repolling fd = 9
Socket not ready, repolling fd = 9
Socket not ready, repolling fd = 9
Socket not ready, repolling fd = 9
Socket not ready, repolling fd = 9
Socket not ready, repolling fd = 9
Socket not ready, repolling fd = 9
Socket not ready, repolling fd = 9
Socket not ready, repolling fd = 9
Socket not ready, repolling fd = 9
Socket not ready, repolling fd = 9
Socket not ready, repolling fd = 9
Socket not ready, repolling fd = 9
Socket not ready, repolling fd = 9
Socket not ready, repolling fd = 9
Socket not ready, repolling fd = 9
Socket not ready, repolling fd = 9
Socket not ready, repolling fd = 9
Socket not ready, repolling fd = 9
Socket not ready, repolling fd = 9
Socket not ready, repolling fd = 9
Socket not ready, repolling fd = 9
Socket not ready, repolling fd = 9
Socket not ready, repolling fd = 9
Socket not ready, repolling fd = 9
Socket not ready, repolling fd = 9
Socket not ready, repolling fd = 9
Socket not ready, repolling fd = 9
Socket not ready, repolling fd = 9
Socket not ready, repolling fd = 9
Socket not ready, repolling fd = 9
Socket not ready, repolling fd = 9
Socket not ready, repolling fd = 9
Socket not ready, repolling fd = 9
Socket not ready, repolling fd = 9
Socket not ready, repolling fd = 9
Socket not ready, repolling fd = 9
Socket not ready, repolling fd = 9
Socket not ready, repolling fd = 9
Socket not ready, repolling fd = 9
Socket not ready, repolling fd = 9
Socket not ready, repolling fd = 9
Socket not ready, repolling fd = 9
Socket not ready, repolling fd = 9
Socket not ready, repolling fd = 9
Socket not ready, repolling fd = 9
Socket not ready, repolling fd = 9
Socket not ready, repolling fd = 9
Socket not ready, repolling fd = 9
Socket not ready, repolling fd = 9
Socket not ready, repolling fd = 9
Socket not ready, repolling fd = 9
Socket not ready, repolling fd = 9
Socket not ready, repolling fd = 9
Socket not ready, repolling fd = 9
Socket not ready, repolling fd = 9
Socket not ready, repolling fd = 9
Socket not ready, repolling fd = 9
Socket not ready, repolling fd = 9
Socket not ready, repolling fd = 9
Socket not ready, repolling fd = 9
Socket not ready, repolling fd = 9
Socket not ready, repolling fd = 9
Socket not ready, repolling fd = 9
Socket not ready, repolling fd = 9
Socket not ready, repolling fd = 9
Socket not ready, repolling fd = 9
Socket not ready, repolling fd = 9
Socket not ready, repolling fd = 9
Socket not ready, repolling fd = 9
Socket not ready, repolling fd = 9
Socket not ready, repolling fd = 9
Socket not ready, repolling fd = 9
Socket not ready, repolling fd = 9
Socket not ready, repolling fd = 9
Socket not ready, repolling fd = 9
Socket not ready, repolling fd = 9
Socket not ready, repolling fd = 9
Socket not ready, repolling fd = 9
Socket not ready, repolling fd = 9
Socket not ready, repolling fd = 9
Socket not ready, repolling fd = 9
Socket not ready, repolling fd = 9
Socket not ready, repolling fd = 9
Socket not ready, repolling fd = 9
Socket not ready, repolling fd = 9
Socket not ready, repolling fd = 9
Socket not ready, repolling fd = 9
Socket not ready, repolling fd = 9
Socket not ready, repolling fd = 9
Socket not ready, repolling fd = 9
Socket not ready, repolling fd = 9
Socket not ready, repolling fd = 9
Socket not ready, repolling fd = 9
Socket not ready, repolling fd = 9
Socket not ready, repolling fd = 9
Socket not ready, repolling fd = 9
Socket not ready, repolling fd = 9
Socket not ready, repolling fd = 9
Socket not ready, repolling fd = 9
Socket not ready, repolling fd = 9
Socket not ready, repolling fd = 9
Socket not ready, repolling fd = 9
Socket not ready, repolling fd = 9
Socket not ready, repolling fd = 9
Socket not ready, repolling fd = 9
Socket not ready, repolling fd = 9
Socket not ready, repolling fd = 9
Socket not ready, repolling fd = 9
Socket not ready, repolling fd = 9
Socket not ready, repolling fd = 9
Socket not ready, repolling fd = 9
Socket not ready, repolling fd = 9
Socket not ready, repolling fd = 9
Socket not ready, repolling fd = 9
Socket not ready, repolling fd = 9
Socket not ready, repolling fd = 9
Socket not ready, repolling fd = 9
Socket not ready, repolling fd = 9
Socket not ready, repolling fd = 9
Socket not ready, repolling fd = 9
Socket not ready, repolling fd = 9
Socket not ready, repolling fd = 9
Socket not ready, repolling fd = 9
Socket not ready, repolling fd = 9
Socket not ready, repolling fd = 9
Socket not ready, repolling fd = 9
Socket not ready, repolling fd = 9
Socket not ready, repolling fd = 9
Socket not ready, repolling fd = 9
Socket not ready, repolling fd = 9
Socket not ready, repolling fd = 9
Socket not ready, repolling fd = 9
Socket not ready, repolling fd = 9
Socket not ready, repolling fd = 9
Socket not ready, repolling fd = 9
Socket not ready, repolling fd = 9
Socket not ready, repolling fd = 9
Socket not ready, repolling fd = 9
Socket not ready, repolling fd = 9
Socket not ready, repolling fd = 9
Socket not ready, repolling fd = 9
Socket not ready, repolling fd = 9
Socket not ready, repolling fd = 9
Socket not ready, repolling fd = 9
Socket not ready, repolling fd = 9
Socket not ready, repolling fd = 9
Socket not ready, repolling fd = 9
Socket not ready, repolling fd = 9
Socket not ready, repolling fd = 9
Socket not ready, repolling fd = 9
Socket not ready, repolling fd = 9
Socket not ready, repolling fd = 9
Socket not ready, repolling fd = 9
Socket not ready, repolling fd = 9
Socket not ready, repolling fd = 9
Socket not ready, repolling fd = 9
Socket not ready, repolling fd = 8
Socket not ready, repolling fd = 8
Socket not ready, repolling fd = 8
Socket not ready, repolling fd = 8
Socket not ready, repolling fd = 8
Socket not ready, repolling fd = 8
Socket not ready, repolling fd = 8
Socket not ready, repolling fd = 8
Socket not ready, repolling fd = 8
Socket not ready, repolling fd = 8
Socket not ready, repolling fd = 8
Socket not ready, repolling fd = 8
Socket not ready, repolling fd = 8
Socket not ready, repolling fd = 8
Socket not ready, repolling fd = 8
Socket not ready, repolling fd = 8
Socket not ready, repolling fd = 8
Socket not ready, repolling fd = 8
Socket not ready, repolling fd = 8
Socket not ready, repolling fd = 8
Socket not ready, repolling fd = 8
Socket not ready, repolling fd = 8
Socket not ready, repolling fd = 8
Socket not ready, repolling fd = 8
Socket not ready, repolling fd = 8
Socket not ready, repolling fd = 8
Socket not ready, repolling fd = 8
Socket not ready, repolling fd = 8
Socket not ready, repolling fd = 8
Socket not ready, repolling fd = 8
Socket not ready, repolling fd = 8
Socket not ready, repolling fd = 8
Socket not ready, repolling fd = 8
Socket not ready, repolling fd = 8
Socket not ready, repolling fd = 8
Socket not ready, repolling fd = 8
Socket not ready, repolling fd = 8
Socket not ready, repolling fd = 8
Socket not ready, repolling fd = 8
Socket not ready, repolling fd = 8
Socket not ready, repolling fd = 8
Socket not ready, repolling fd = 8
Socket not ready, repolling fd = 8
Socket not ready, repolling fd = 8
Socket not ready, repolling fd = 8
Socket not ready, repolling fd = 8
Socket not ready, repolling fd = 8
Socket not ready, repolling fd = 8
Socket not ready, repolling fd = 8
Socket not ready, repolling fd = 8
Socket not ready, repolling fd = 8
Socket not ready, repolling fd = 8
Socket not ready, repolling fd = 8
Socket not ready, repolling fd = 8
Socket not ready, repolling fd = 8
Socket not ready, repolling fd = 8
Socket not ready, repolling fd = 8
Socket not ready, repolling fd = 8
Socket not ready, repolling fd = 8
Socket not ready, repolling fd = 8
Socket not ready, repolling fd = 8
Socket not ready, repolling fd = 8
Socket not ready, repolling fd = 8
Socket not ready, repolling fd = 8
Socket not ready, repolling fd = 8
Socket not ready, repolling fd = 8
Socket not ready, repolling fd = 8
Socket not ready, repolling fd = 8
Socket not ready, repolling fd = 8
Socket not ready, repolling fd = 8
Socket not ready, repolling fd = 8
Socket not ready, repolling fd = 8
Socket not ready, repolling fd = 8
Socket not ready, repolling fd = 8
Socket not ready, repolling fd = 8
Socket not ready, repolling fd = 8
Socket not ready, repolling fd = 8
Socket not ready, repolling fd = 8
Socket not ready, repolling fd = 8
Socket not ready, repolling fd = 8
Socket not ready, repolling fd = 8
Socket not ready, repolling fd = 8
Socket not ready, repolling fd = 8
Socket not ready, repolling fd = 8
Socket not ready, repolling fd = 8
Socket not ready, repolling fd = 8
Socket not ready, repolling fd = 8
Socket not ready, repolling fd = 8
Socket not ready, repolling fd = 8
Socket not ready, repolling fd = 8
Socket not ready, repolling fd = 8
Socket not ready, repolling fd = 8
Socket not ready, repolling fd = 8
Socket not ready, repolling fd = 8
Socket not ready, repolling fd = 8
Socket not ready, repolling fd = 8
Socket not ready, repolling fd = 8
Socket not ready, repolling fd = 8
Socket not ready, repolling fd = 8
Socket not ready, repolling fd = 8
Socket not ready, repolling fd = 8
Socket not ready, repolling fd = 8
Socket not ready, repolling fd = 8
Socket not ready, repolling fd = 8
Socket not ready, repolling fd = 8
Socket not ready, repolling fd = 8
Socket not ready, repolling fd = 8
Socket not ready, repolling fd = 8
Socket not ready, repolling fd = 8
Socket not ready, repolling fd = 8
Socket not ready, repolling fd = 8
Socket not ready, repolling fd = 8
Socket not ready, repolling fd = 8
Socket not ready, repolling fd = 8
Socket not ready, repolling fd = 8
Socket not ready, repolling fd = 8
Socket not ready, repolling fd = 8
Socket not ready, repolling fd = 8
Socket not ready, repolling fd = 8
Socket not ready, repolling fd = 8
Socket not ready, repolling fd = 8
Socket not ready, repolling fd = 8
Socket not ready, repolling fd = 8
Socket not ready, repolling fd = 8
Socket not ready, repolling fd = 8
Socket not ready, repolling fd = 8
Socket not ready, repolling fd = 8
Socket not ready, repolling fd = 8
Socket not ready, repolling fd = 8
Socket not ready, repolling fd = 8
Socket not ready, repolling fd = 8
Socket not ready, repolling fd = 8
Socket not ready, repolling fd = 8
Socket not ready, repolling fd = 8
Socket not ready, repolling fd = 8
Socket not ready, repolling fd = 8
Socket not ready, repolling fd = 8
Socket not ready, repolling fd = 8
Socket not ready, repolling fd = 8
Socket not ready, repolling fd = 8
Socket not ready, repolling fd = 8
Socket not ready, repolling fd = 8
Socket not ready, repolling fd = 8
Socket not ready, repolling fd = 8
Socket not ready, repolling fd = 8
Socket not ready, repolling fd = 8
Socket not ready, repolling fd = 8
Socket not ready, repolling fd = 8
Socket not ready, repolling fd = 8
Socket not ready, repolling fd = 8
Socket not ready, repolling fd = 8
Socket not ready, repolling fd = 8
Socket not ready, repolling fd = 8
Socket not ready, repolling fd = 8
Socket not ready, repolling fd = 8
Socket not ready, repolling fd = 8
Socket not ready, repolling fd = 8
Socket not ready, repolling fd = 8
Socket not ready, repolling fd = 8
Socket not ready, repolling fd = 8
Socket not ready, repolling fd = 8
Socket not ready, repolling fd = 8
Socket not ready, repolling fd = 8
Socket not ready, repolling fd = 8
Socket not ready, repolling fd = 8
Socket not ready, repolling fd = 8
Socket not ready, repolling fd = 8
Socket not ready, repolling fd = 8
Socket not ready, repolling fd = 8
Socket not ready, repolling fd = 8
Socket not ready, repolling fd = 8
Socket not ready, repolling fd = 8
Socket not ready, repolling fd = 8
Socket not ready, repolling fd = 8
Socket not ready, repolling fd = 8
Socket not ready, repolling fd = 8
Socket not ready, repolling fd = 8
Socket not ready, repolling fd = 8
Socket not ready, repolling fd = 8
Socket not ready, repolling fd = 8
Socket not ready, repolling fd = 8
Socket not ready, repolling fd = 8
Socket not ready, repolling fd = 8
Socket not ready, repolling fd = 8
Socket not ready, repolling fd = 8
Socket not ready, repolling fd = 8
Socket not ready, repolling fd = 8
Socket not ready, repolling fd = 8
Socket not ready, repolling fd = 8
Socket not ready, repolling fd = 8
Socket not ready, repolling fd = 8
Socket not ready, repolling fd = 8
Socket not ready, repolling fd = 8
Socket not ready, repolling fd = 8
Socket not ready, repolling fd = 8
Socket not ready, repolling fd = 8
Socket not ready, repolling fd = 8
Socket not ready, repolling fd = 8
Socket not ready, repolling fd = 8
Socket not ready, repolling fd = 8
Socket not ready, repolling fd = 8
Socket not ready, repolling fd = 8
Socket not ready, repolling fd = 8
Socket not ready, repolling fd = 8
Socket not ready, repolling fd = 8
Socket not ready, repolling fd = 8
Socket not ready, repolling fd = 8
Socket not ready, repolling fd = 8
Socket not ready, repolling fd = 8
Socket not ready, repolling fd = 8
Socket not ready, repolling fd = 8
Socket not ready, repolling fd = 8
Socket not ready, repolling fd = 8
Socket not ready, repolling fd = 8
Socket not ready, repolling fd = 8
Socket not ready, repolling fd = 8
Socket not ready, repolling fd = 8
Socket not ready, repolling fd = 8
Socket not ready, repolling fd = 8
Socket not ready, repolling fd = 8
Socket not ready, repolling fd = 8
Socket not ready, repolling fd = 8
Socket not ready, repolling fd = 8
Socket not ready, repolling fd = 8
Socket not ready, repolling fd = 8
Socket not ready, repolling fd = 8
Socket not ready, repolling fd = 8
Socket not ready, repolling fd = 8
Socket not ready, repolling fd = 8
Socket not ready, repolling fd = 8
Socket not ready, repolling fd = 8
Socket not ready, repolling fd = 8
Socket not ready, repolling fd = 8
Socket not ready, repolling fd = 8
Socket not ready, repolling fd = 8
Socket not ready, repolling fd = 8
Socket not ready, repolling fd = 8
Socket not ready, repolling fd = 8
Socket not ready, repolling fd = 8
Socket not ready, repolling fd = 8
Socket not ready, repolling fd = 8
Socket not ready, repolling fd = 8
Socket not ready, repolling fd = 8
Socket not ready, repolling fd = 8
Socket not ready, repolling fd = 8
Socket not ready, repolling fd = 8
Socket not ready, repolling fd = 8
Socket not ready, repolling fd = 8
Socket not ready, repolling fd = 8
Socket not ready, repolling fd = 8
Socket not ready, repolling fd = 8
Socket not ready, repolling fd = 8
Socket not ready, repolling fd = 8
Socket not ready, repolling fd = 8
Socket not ready, repolling fd = 8
Socket not ready, repolling fd = 8
Socket not ready, repolling fd = 8
Socket not ready, repolling fd = 8
Socket not ready, repolling fd = 8
Socket not ready, repolling fd = 8
Socket not ready, repolling fd = 8
Socket not ready, repolling fd = 8
Socket not ready, repolling fd = 8
Socket not ready, repolling fd = 8
Socket not ready, repolling fd = 8
Socket not ready, repolling fd = 8
Socket not ready, repolling fd = 8
Socket not ready, repolling fd = 8
Socket not ready, repolling fd = 8
Socket not ready, repolling fd = 8
Socket not ready, repolling fd = 8
Socket not ready, repolling fd = 8
Socket not ready, repolling fd = 8
Socket not ready, repolling fd = 8
Socket not ready, repolling fd = 8
Socket not ready, repolling fd = 8
Socket not ready, repolling fd = 8
Socket not ready, repolling fd = 8
Socket not ready, repolling fd = 8
Socket not ready, repolling fd = 8
Socket not ready, repolling fd = 8
Socket not ready, repolling fd = 8
Socket not ready, repolling fd = 8
Socket not ready, repolling fd = 8
Socket not ready, repolling fd = 8
Socket not ready, repolling fd = 8
Socket not ready, repolling fd = 8
Socket not ready, repolling fd = 8
Socket not ready, repolling fd = 8
Socket not ready, repolling fd = 8
Socket not ready, repolling fd = 8
Socket not ready, repolling fd = 8
Socket not ready, repolling fd = 8
Socket not ready, repolling fd = 8
Socket not ready, repolling fd = 8
Socket not ready, repolling fd = 8
Socket not ready, repolling fd = 8
Socket not ready, repolling fd = 8
Socket not ready, repolling fd = 8
Socket not ready, repolling fd = 8
Socket not ready, repolling fd = 8
Socket not ready, repolling fd = 8
Socket not ready, repolling fd = 8
Socket not ready, repolling fd = 8
Socket not ready, repolling fd = 8
Socket not ready, repolling fd = 8
Socket not ready, repolling fd = 8
Socket not ready, repolling fd = 8
Socket not ready, repolling fd = 8
Socket not ready, repolling fd = 8
Socket not ready, repolling fd = 8
Socket not ready, repolling fd = 8
Socket not ready, repolling fd = 8
Socket not ready, repolling fd = 8
Socket not ready, repolling fd = 8
Socket not ready, repolling fd = 8
Socket not ready, repolling fd = 8
Socket not ready, repolling fd = 8
Socket not ready, repolling fd = 8
Socket not ready, repolling fd = 8
Socket not ready, repolling fd = 8
Socket not ready, repolling fd = 8
Socket not ready, repolling fd = 8
Socket not ready, repolling fd = 8
Socket not ready, repolling fd = 8
Socket not ready, repolling fd = 8
Socket not ready, repolling fd = 8
Socket not ready, repolling fd = 8
Socket not ready, repolling fd = 8
Socket not ready, repolling fd = 8
Socket not ready, repolling fd = 8
Socket not ready, repolling fd = 8
Socket not ready, repolling fd = 8
Socket not ready, repolling fd = 8
Socket not ready, repolling fd = 8
Socket not ready, repolling fd = 8
Socket not ready, repolling fd = 8
Socket not ready, repolling fd = 8
Socket not ready, repolling fd = 8
Socket not ready, repolling fd = 8
Socket not ready, repolling fd = 8
Socket not ready, repolling fd = 8
Socket not ready, repolling fd = 8
Socket not ready, repolling fd = 8
Socket not ready, repolling fd = 8
Socket not ready, repolling fd = 8
Socket not ready, repolling fd = 8
Socket not ready, repolling fd = 8
Socket not ready, repolling fd = 8
Socket not ready, repolling fd = 8
Socket not ready, repolling fd = 8
Socket not ready, repolling fd = 8
Socket not ready, repolling fd = 8
Socket not ready, repolling fd = 8
Socket not ready, repolling fd = 8
Socket not ready, repolling fd = 8
Socket not ready, repolling fd = 8
Socket not ready, repolling fd = 8
Socket not ready, repolling fd = 8
Socket not ready, repolling fd = 8
Socket not ready, repolling fd = 8
Socket not ready, repolling fd = 8
Socket not ready, repolling fd = 8
Socket not ready, repolling fd = 8
Socket not ready, repolling fd = 8
Socket not ready, repolling fd = 8
Socket not ready, repolling fd = 8
Socket not ready, repolling fd = 8
Socket not ready, repolling fd = 8
Socket not ready, repolling fd = 8
Socket not ready, repolling fd = 8
Socket not ready, repolling fd = 8
Socket not ready, repolling fd = 8
Socket not ready, repolling fd = 8
Socket not ready, repolling fd = 8
Socket not ready, repolling fd = 8
Socket not ready, repolling fd = 8
Socket not ready, repolling fd = 8
Socket not ready, repolling fd = 8
Socket not ready, repolling fd = 8
Socket not ready, repolling fd = 8
Socket not ready, repolling fd = 8
Socket not ready, repolling fd = 8
Socket not ready, repolling fd = 8
Socket not ready, repolling fd = 8
Socket not ready, repolling fd = 8
Socket not ready, repolling fd = 8
Socket not ready, repolling fd = 8
Socket not ready, repolling fd = 8
Socket not ready, repolling fd = 8
Socket not ready, repolling fd = 8
Socket not ready, repolling fd = 8
Socket not ready, repolling fd = 8
Socket not ready, repolling fd = 8
Socket not ready, repolling fd = 8
Socket not ready, repolling fd = 8
Socket not ready, repolling fd = 8
Socket not ready, repolling fd = 8
Socket not ready, repolling fd = 8
Socket not ready, repolling fd = 8
Socket not ready, repolling fd = 8
Socket not ready, repolling fd = 8
Socket not ready, repolling fd = 8
Socket not ready, repolling fd = 8
Socket not ready, repolling fd = 8
Socket not ready, repolling fd = 8
Socket not ready, repolling fd = 8
Socket not ready, repolling fd = 8
Socket not ready, repolling fd = 8
Socket not ready, repolling fd = 8
Socket not ready, repolling fd = 8
Socket not ready, repolling fd = 8
Socket not ready, repolling fd = 8
Socket not ready, repolling fd = 8
Socket not ready, repolling fd = 8
Socket not ready, repolling fd = 8
Socket not ready, repolling fd = 8
Socket not ready, repolling fd = 8
Socket not ready, repolling fd = 8
Socket not ready, repolling fd = 8
Socket not ready, repolling fd = 8
Socket not ready, repolling fd = 8
Socket not ready, repolling fd = 8
Socket not ready, repolling fd = 8
Socket not ready, repolling fd = 8
Socket not ready, repolling fd = 8
Socket not ready, repolling fd = 8
Socket not ready, repolling fd = 8
Socket not ready, repolling fd = 8
Socket not ready, repolling fd = 8
Socket not ready, repolling fd = 8
Socket not ready, repolling fd = 8
Socket not ready, repolling fd = 8
Socket not ready, repolling fd = 8
Socket not ready, repolling fd = 8
Socket not ready, repolling fd = 8
Socket not ready, repolling fd = 8
Socket not ready, repolling fd = 8
Socket not ready, repolling fd = 8
Socket not ready, repolling fd = 8
Socket not ready, repolling fd = 8
Socket not ready, repolling fd = 8
Socket not ready, repolling fd = 8
Socket not ready, repolling fd = 8
Socket not ready, repolling fd = 8
Socket not ready, repolling fd = 8
Socket not ready, repolling fd = 8
Socket not ready, repolling fd = 8
Socket not ready, repolling fd = 8
Socket not ready, repolling fd = 8
Socket not ready, repolling fd = 8
Socket not ready, repolling fd = 8
Socket not ready, repolling fd = 8
Socket not ready, repolling fd = 8
Socket not ready, repolling fd = 8
Socket not ready, repolling fd = 8
Socket not ready, repolling fd = 8
Socket not ready, repolling fd = 8
Socket not ready, repolling fd = 8
Socket not ready, repolling fd = 8
Socket not ready, repolling fd = 8
Socket not ready, repolling fd = 8
Socket not ready, repolling fd = 8
Socket not ready, repolling fd = 8
Socket not ready, repolling fd = 8
Socket not ready, repolling fd = 8
Socket not ready, repolling fd = 8
Socket not ready, repolling fd = 8
Socket not ready, repolling fd = 8
Socket not ready, repolling fd = 8
Socket not ready, repolling fd = 8
Socket not ready, repolling fd = 8
Socket not ready, repolling fd = 8
Socket not ready, repolling fd = 8
Socket not ready, repolling fd = 8
Socket not ready, repolling fd = 8
Socket not ready, repolling fd = 8
Socket not ready, repolling fd = 8
Socket not ready, repolling fd = 8
Socket not ready, repolling fd = 8
Socket not ready, repolling fd = 8
Socket not ready, repolling fd = 8
Socket not ready, repolling fd = 8
Socket not ready, repolling fd = 8
Socket not ready, repolling fd = 8
Socket not ready, repolling fd = 8
Socket not ready, repolling fd = 8
Socket not ready, repolling fd = 8
Socket not ready, repolling fd = 8
Socket not ready, repolling fd = 8
Socket not ready, repolling fd = 8
Socket not ready, repolling fd = 8
Socket not ready, repolling fd = 8
Socket not ready, repolling fd = 8
Socket not ready, repolling fd = 8
Socket not ready, repolling fd = 8
Socket not ready, repolling fd = 8
Socket not ready, repolling fd = 8
Socket not ready, repolling fd = 8
Socket not ready, repolling fd = 8
Socket not ready, repolling fd = 8
Socket not ready, repolling fd = 8
Socket not ready, repolling fd = 8
Socket not ready, repolling fd = 8
Socket not ready, repolling fd = 8
Socket not ready, repolling fd = 8
Socket not ready, repolling fd = 8
Socket not ready, repolling fd = 8
Socket not ready, repolling fd = 8
Socket not ready, repolling fd = 8
Socket not ready, repolling fd = 8
Socket not ready, repolling fd = 8
Socket not ready, repolling fd = 8
Socket not ready, repolling fd = 8
Socket not ready, repolling fd = 8
Socket not ready, repolling fd = 8
Socket not ready, repolling fd = 8
Socket not ready, repolling fd = 8
Socket not ready, repolling fd = 8
Socket not ready, repolling fd = 8
Socket not ready, repolling fd = 8
Socket not ready, repolling fd = 8
Socket not ready, repolling fd = 8
Socket not ready, repolling fd = 8
Socket not ready, repolling fd = 8
Socket not ready, repolling fd = 8
Socket not ready, repolling fd = 8
Socket not ready, repolling fd = 8
Socket not ready, repolling fd = 8
Socket not ready, repolling fd = 8
Socket not ready, repolling fd = 8
Socket not ready, repolling fd = 8
Socket not ready, repolling fd = 8
Socket not ready, repolling fd = 8
Socket not ready, repolling fd = 8
Socket not ready, repolling fd = 8
Socket not ready, repolling fd = 8
Socket not ready, repolling fd = 8
Socket not ready, repolling fd = 8
Socket not ready, repolling fd = 8
Socket not ready, repolling fd = 8
Socket not ready, repolling fd = 8
Socket not ready, repolling fd = 8
Socket not ready, repolling fd = 8
Socket not ready, repolling fd = 8
Socket not ready, repolling fd = 8
Socket not ready, repolling fd = 8
Socket not ready, repolling fd = 8
Socket not ready, repolling fd = 8
Socket not ready, repolling fd = 8
Socket not ready, repolling fd = 8
Socket not ready, repolling fd = 8
Socket not ready, repolling fd = 8
Socket not ready, repolling fd = 8
Socket not ready, repolling fd = 8
Socket not ready, repolling fd = 8
Socket not ready, repolling fd = 8
Socket not ready, repolling fd = 8
Socket not ready, repolling fd = 8
Socket not ready, repolling fd = 8
Socket not ready, repolling fd = 8
Socket not ready, repolling fd = 8
Socket not ready, repolling fd = 8
Socket not ready, repolling fd = 8
Socket not ready, repolling fd = 8
Socket not ready, repolling fd = 8
Socket not ready, repolling fd = 8
Socket not ready, repolling fd = 8
Socket not ready, repolling fd = 8
Socket not ready, repolling fd = 8
Socket not ready, repolling fd = 8
Socket not ready, repolling fd = 8
Socket not ready, repolling fd = 8
Socket not ready, repolling fd = 8
Socket not ready, repolling fd = 8
Socket not ready, repolling fd = 8
Socket not ready, repolling fd = 8
Socket not ready, repolling fd = 8
Socket not ready, repolling fd = 8
Socket not ready, repolling fd = 8
Socket not ready, repolling fd = 8
Socket not ready, repolling fd = 8
Socket not ready, repolling fd = 8
Socket not ready, repolling fd = 8
Socket not ready, repolling fd = 8
Socket not ready, repolling fd = 8
Socket not ready, repolling fd = 8
Socket not ready, repolling fd = 8
Socket not ready, repolling fd = 8
Socket not ready, repolling fd = 8
Socket not ready, repolling fd = 8
Socket not ready, repolling fd = 8
Socket not ready, repolling fd = 8
Socket not ready, repolling fd = 8
Socket not ready, repolling fd = 8
Socket not ready, repolling fd = 8
Socket not ready, repolling fd = 8
Socket not ready, repolling fd = 8
Socket not ready, repolling fd = 8
Socket not ready, repolling fd = 8
Socket not ready, repolling fd = 8
Socket not ready, repolling fd = 8
Socket not ready, repolling fd = 8
Socket not ready, repolling fd = 8
Socket not ready, repolling fd = 8
Socket not ready, repolling fd = 8
Socket not ready, repolling fd = 8
Socket not ready, repolling fd = 8
Socket not ready, repolling fd = 8
Socket not ready, repolling fd = 8
Socket not ready, repolling fd = 8
Socket not ready, repolling fd = 8
Socket not ready, repolling fd = 8
Socket not ready, repolling fd = 8
Socket not ready, repolling fd = 8
Socket not ready, repolling fd = 8
Socket not ready, repolling fd = 8
Socket not ready, repolling fd = 8
Socket not ready, repolling fd = 8
Socket not ready, repolling fd = 8
Socket not ready, repolling fd = 8
Socket not ready, repolling fd = 8
Socket not ready, repolling fd = 8
Socket not ready, repolling fd = 8
Socket not ready, repolling fd = 8
Socket not ready, repolling fd = 8
Socket not ready, repolling fd = 8
Socket not ready, repolling fd = 8
Socket not ready, repolling fd = 8
Socket not ready, repolling fd = 8
Socket not ready, repolling fd = 8
Socket not ready, repolling fd = 8
Socket not ready, repolling fd = 8
Socket not ready, repolling fd = 8
Socket not ready, repolling fd = 8
Socket not ready, repolling fd = 8
Socket not ready, repolling fd = 8
Socket not ready, repolling fd = 8
Socket not ready, repolling fd = 8
Socket not ready, repolling fd = 8
Socket not ready, repolling fd = 8
Socket not ready, repolling fd = 8
Socket not ready, repolling fd = 8
Socket not ready, repolling fd = 8
Socket not ready, repolling fd = 8
Socket not ready, repolling fd = 8
Socket not ready, repolling fd = 8
Socket not ready, repolling fd = 8
Socket not ready, repolling fd = 8
Socket not ready, repolling fd = 8
Socket not ready, repolling fd = 8
Socket not ready, repolling fd = 8
Socket not ready, repolling fd = 8
Socket not ready, repolling fd = 8
Socket not ready, repolling fd = 8
Socket not ready, repolling fd = 8
Socket not ready, repolling fd = 8
Socket not ready, repolling fd = 8
Socket not ready, repolling fd = 8
Socket not ready, repolling fd = 8
Socket not ready, repolling fd = 8
Socket not ready, repolling fd = 8
Socket not ready, repolling fd = 8
Socket not ready, repolling fd = 8
Socket not ready, repolling fd = 8
Socket not ready, repolling fd = 8
Socket not ready, repolling fd = 8
Socket not ready, repolling fd = 8
Socket not ready, repolling fd = 8
Socket not ready, repolling fd = 8
Socket not ready, repolling fd = 8
Socket not ready, repolling fd = 8
Socket not ready, repolling fd = 8
Socket not ready, repolling fd = 8
Socket not ready, repolling fd = 8
Socket not ready, repolling fd = 8
Socket not ready, repolling fd = 8
Socket not ready, repolling fd = 8
Socket not ready, repolling fd = 8
Socket not ready, repolling fd = 8
Socket not ready, repolling fd = 8
Socket not ready, repolling fd = 8
Socket not ready, repolling fd = 8
Socket not ready, repolling fd = 8
Socket not ready, repolling fd = 8
Socket not ready, repolling fd = 8
Socket not ready, repolling fd = 8
Socket not ready, repolling fd = 8
Socket not ready, repolling fd = 8
Socket not ready, repolling fd = 8
Socket not ready, repolling fd = 8
Socket not ready, repolling fd = 8
Socket not ready, repolling fd = 8
Socket not ready, repolling fd = 8
Socket not ready, repolling fd = 8
Socket not ready, repolling fd = 8
Socket not ready, repolling fd = 8
Socket not ready, repolling fd = 8
Socket not ready, repolling fd = 8
Socket not ready, repolling fd = 8
Socket not ready, repolling fd = 8
Socket not ready, repolling fd = 8
Socket not ready, repolling fd = 8
Socket not ready, repolling fd = 8
Socket not ready, repolling fd = 8
Socket not ready, repolling fd = 8
Socket not ready, repolling fd = 8
Socket not ready, repolling fd = 8
Socket not ready, repolling fd = 8
Socket not ready, repolling fd = 8
Socket not ready, repolling fd = 8
Socket not ready, repolling fd = 8
Socket not ready, repolling fd = 8
Socket not ready, repolling fd = 8
Socket not ready, repolling fd = 8
Socket not ready, repolling fd = 8
Socket not ready, repolling fd = 8
Socket not ready, repolling fd = 8
Socket not ready, repolling fd = 8
Socket not ready, repolling fd = 8
Socket not ready, repolling fd = 8
Socket not ready, repolling fd = 8
Socket not ready, repolling fd = 8
Socket not ready, repolling fd = 8
Socket not ready, repolling fd = 8
Socket not ready, repolling fd = 8
Socket not ready, repolling fd = 8
Socket not ready, repolling fd = 8
Socket not ready, repolling fd = 8
Socket not ready, repolling fd = 8
Socket not ready, repolling fd = 8
Socket not ready, repolling fd = 8
Socket not ready, repolling fd = 8
Socket not ready, repolling fd = 8
Socket not ready, repolling fd = 8
Socket not ready, repolling fd = 8
Socket not ready, repolling fd = 8
Socket not ready, repolling fd = 8
Socket not ready, repolling fd = 8
Socket not ready, repolling fd = 8
Socket not ready, repolling fd = 8
Socket not ready, repolling fd = 8
Socket not ready, repolling fd = 8
Socket not ready, repolling fd = 8
Socket not ready, repolling fd = 8
Socket not ready, repolling fd = 8
Socket not ready, repolling fd = 8
Socket not ready, repolling fd = 8
Socket not ready, repolling fd = 8
Socket not ready, repolling fd = 8
Socket not ready, repolling fd = 8
Socket not ready, repolling fd = 8
Socket not ready, repolling fd = 8
Socket not ready, repolling fd = 8
Socket not ready, repolling fd = 8
Socket not ready, repolling fd = 8
Socket not ready, repolling fd = 8
Socket not ready, repolling fd = 8
Socket not ready, repolling fd = 8
Socket not ready, repolling fd = 8
Socket not ready, repolling fd = 8
Socket not ready, repolling fd = 8
Socket not ready, repolling fd = 8
Socket not ready, repolling fd = 8
Socket not ready, repolling fd = 8
Socket not ready, repolling fd = 8
Socket not ready, repolling fd = 8
Socket not ready, repolling fd = 8
Socket not ready, repolling fd = 8
Socket not ready, repolling fd = 8
Socket not ready, repolling fd = 8
Socket not ready, repolling fd = 8
Socket not ready, repolling fd = 8
Socket not ready, repolling fd = 8
Socket not ready, repolling fd = 8
Socket not ready, repolling fd = 8
Socket not ready, repolling fd = 8
Socket not ready, repolling fd = 8
Socket not ready, repolling fd = 8
Socket not ready, repolling fd = 8
Socket not ready, repolling fd = 8
Socket not ready, repolling fd = 8
Socket not ready, repolling fd = 8
Socket not ready, repolling fd = 8
Socket not ready, repolling fd = 8
Socket not ready, repolling fd = 8
Socket not ready, repolling fd = 8
Socket not ready, repolling fd = 8
Socket not ready, repolling fd = 8
Socket not ready, repolling fd = 8
Socket not ready, repolling fd = 8
Socket not ready, repolling fd = 8
Socket not ready, repolling fd = 8
Socket not ready, repolling fd = 8
Socket not ready, repolling fd = 8
Socket not ready, repolling fd = 8
Socket not ready, repolling fd = 8
Socket not ready, repolling fd = 8
Socket not ready, repolling fd = 8
Socket not ready, repolling fd = 8
Socket not ready, repolling fd = 8
Socket not ready, repolling fd = 8
Socket not ready, repolling fd = 8
Socket not ready, repolling fd = 8
Socket not ready, repolling fd = 8
Socket not ready, repolling fd = 8
Socket not ready, repolling fd = 8
Socket not ready, repolling fd = 8
Socket not ready, repolling fd = 8
Socket not ready, repolling fd = 8
Socket not ready, repolling fd = 8
Socket not ready, repolling fd = 8
Socket not ready, repolling fd = 8
Socket not ready, repolling fd = 8
Socket not ready, repolling fd = 8
Socket not ready, repolling fd = 8
Socket not ready, repolling fd = 8
Socket not ready, repolling fd = 8
Socket not ready, repolling fd = 8
Socket not ready, repolling fd = 8
Socket not ready, repolling fd = 8
Socket not ready, repolling fd = 8
Socket not ready, repolling fd = 8
Socket not ready, repolling fd = 8
Socket not ready, repolling fd = 8
Socket not ready, repolling fd = 8
Socket not ready, repolling fd = 8
Socket not ready, repolling fd = 8
Socket not ready, repolling fd = 8
Socket not ready, repolling fd = 8
Socket not ready, repolling fd = 8
Socket not ready, repolling fd = 8
Socket not ready, repolling fd = 8
Socket not ready, repolling fd = 8
Socket not ready, repolling fd = 8
Socket not ready, repolling fd = 8
Socket not ready, repolling fd = 8
Socket not ready, repolling fd = 8
Socket not ready, repolling fd = 8
Socket not ready, repolling fd = 8
Socket not ready, repolling fd = 8
Socket not ready, repolling fd = 8
Socket not ready, repolling fd = 8
Socket not ready, repolling fd = 8
Socket not ready, repolling fd = 8
Socket not ready, repolling fd = 8
Socket not ready, repolling fd = 8
Socket not ready, repolling fd = 8
Socket not ready, repolling fd = 8
Socket not ready, repolling fd = 8
Socket not ready, repolling fd = 8
Socket not ready, repolling fd = 8
Socket not ready, repolling fd = 8
Socket not ready, repolling fd = 8
Socket not ready, repolling fd = 8
Socket not ready, repolling fd = 8
Socket not ready, repolling fd = 8
Socket not ready, repolling fd = 8
Socket not ready, repolling fd = 8
Socket not ready, repolling fd = 8
Socket not ready, repolling fd = 8
Socket not ready, repolling fd = 8
Socket not ready, repolling fd = 8
Socket not ready, repolling fd = 8
Socket not ready, repolling fd = 8
Socket not ready, repolling fd = 8
Socket not ready, repolling fd = 8
Socket not ready, repolling fd = 8
Socket not ready, repolling fd = 8
Socket not ready, repolling fd = 8
Socket not ready, repolling fd = 8
Socket not ready, repolling fd = 8
Socket not ready, repolling fd = 8
Socket not ready, repolling fd = 8
Socket not ready, repolling fd = 8
Socket not ready, repolling fd = 8
Socket not ready, repolling fd = 8
Socket not ready, repolling fd = 8
Socket not ready, repolling fd = 8
Socket not ready, repolling fd = 8
Socket not ready, repolling fd = 8
Socket not ready, repolling fd = 8
Socket not ready, repolling fd = 8
Socket not ready, repolling fd = 8
Socket not ready, repolling fd = 8
Socket not ready, repolling fd = 8
Socket not ready, repolling fd = 8
Socket not ready, repolling fd = 8
Socket not ready, repolling fd = 8
Socket not ready, repolling fd = 8
Socket not ready, repolling fd = 8
Socket not ready, repolling fd = 8
Socket not ready, repolling fd = 8
Socket not ready, repolling fd = 8
Socket not ready, repolling fd = 8
Socket not ready, repolling fd = 8
Socket not ready, repolling fd = 8
Socket not ready, repolling fd = 8
Socket not ready, repolling fd = 8
Socket not ready, repolling fd = 8
Socket not ready, repolling fd = 8
Socket not ready, repolling fd = 8
Socket not ready, repolling fd = 8
Socket not ready, repolling fd = 8
Socket not ready, repolling fd = 8
Socket not ready, repolling fd = 8
Socket not ready, repolling fd = 8
Socket not ready, repolling fd = 8
Socket not ready, repolling fd = 8
Socket not ready, repolling fd = 8
Socket not ready, repolling fd = 8
Socket not ready, repolling fd = 8
Socket not ready, repolling fd = 8
Socket not ready, repolling fd = 8
Socket not ready, repolling fd = 8
Socket not ready, repolling fd = 8
Socket not ready, repolling fd = 8
Socket not ready, repolling fd = 8
Socket not ready, repolling fd = 8
Socket not ready, repolling fd = 8
Socket not ready, repolling fd = 8
Socket not ready, repolling fd = 8
Socket not ready, repolling fd = 8
Socket not ready, repolling fd = 8
Socket not ready, repolling fd = 8
Socket not ready, repolling fd = 8
Socket not ready, repolling fd = 8
Socket not ready, repolling fd = 8
Socket not ready, repolling fd = 8
Socket not ready, repolling fd = 8
Socket not ready, repolling fd = 8
Socket not ready, repolling fd = 8
Socket not ready, repolling fd = 8
Socket not ready, repolling fd = 8
Socket not ready, repolling fd = 8
Socket not ready, repolling fd = 8
Socket not ready, repolling fd = 8
Socket not ready, repolling fd = 8
Socket not ready, repolling fd = 8
Socket not ready, repolling fd = 8
Socket not ready, repolling fd = 8
Socket not ready, repolling fd = 8
Socket not ready, repolling fd = 8
Socket not ready, repolling fd = 8
Socket not ready, repolling fd = 8
Socket not ready, repolling fd = 8
Socket not ready, repolling fd = 8
Socket not ready, repolling fd = 8
Socket not ready, repolling fd = 8
Socket not ready, repolling fd = 8
Socket not ready, repolling fd = 8
Socket not ready, repolling fd = 8
Socket not ready, repolling fd = 8
Socket not ready, repolling fd = 8
Socket not ready, repolling fd = 8
Socket not ready, repolling fd = 8
Socket not ready, repolling fd = 8
Socket not ready, repolling fd = 8
Socket not ready, repolling fd = 8
Socket not ready, repolling fd = 8
Socket not ready, repolling fd = 8
Socket not ready, repolling fd = 8
Socket not ready, repolling fd = 8
Socket not ready, repolling fd = 8
Socket not ready, repolling fd = 8
Socket not ready, repolling fd = 8
Socket not ready, repolling fd = 8
Socket not ready, repolling fd = 8
Socket not ready, repolling fd = 8
Socket not ready, repolling fd = 8
Socket not ready, repolling fd = 8
Socket not ready, repolling fd = 8
Socket not ready, repolling fd = 8
Socket not ready, repolling fd = 8
Socket not ready, repolling fd = 8
Socket not ready, repolling fd = 8
Socket not ready, repolling fd = 8
Socket not ready, repolling fd = 8
Socket not ready, repolling fd = 8
Socket not ready, repolling fd = 8
Socket not ready, repolling fd = 8
Socket not ready, repolling fd = 8
Socket not ready, repolling fd = 8
Socket not ready, repolling fd = 8
Socket not ready, repolling fd = 8
Socket not ready, repolling fd = 8
Socket not ready, repolling fd = 8
Socket not ready, repolling fd = 8
Socket not ready, repolling fd = 8
Socket not ready, repolling fd = 8
Socket not ready, repolling fd = 8
Socket not ready, repolling fd = 8
Socket not ready, repolling fd = 8
Socket not ready, repolling fd = 8
Socket not ready, repolling fd = 8
Socket not ready, repolling fd = 8
Socket not ready, repolling fd = 8
Socket not ready, repolling fd = 8
Socket not ready, repolling fd = 8
Socket not ready, repolling fd = 8
Socket not ready, repolling fd = 8
Socket not ready, repolling fd = 8
Socket not ready, repolling fd = 8
Socket not ready, repolling fd = 8
Socket not ready, repolling fd = 8
Socket not ready, repolling fd = 8
Socket not ready, repolling fd = 8
Socket not ready, repolling fd = 8
Socket not ready, repolling fd = 8
Socket not ready, repolling fd = 8
Socket not ready, repolling fd = 8
Socket not ready, repolling fd = 8
Socket not ready, repolling fd = 8
Socket not ready, repolling fd = 8
Socket not ready, repolling fd = 8
Socket not ready, repolling fd = 8
Socket not ready, repolling fd = 8
Socket not ready, repolling fd = 8
Socket not ready, repolling fd = 8
Socket not ready, repolling fd = 8
Socket not ready, repolling fd = 8
Socket not ready, repolling fd = 8
Socket not ready, repolling fd = 8
Socket not ready, repolling fd = 8
Socket not ready, repolling fd = 8
Socket not ready, repolling fd = 8
Socket not ready, repolling fd = 8
Socket not ready, repolling fd = 8
Socket not ready, repolling fd = 8
Socket not ready, repolling fd = 8
Socket not ready, repolling fd = 8
Socket not ready, repolling fd = 8
Socket not ready, repolling fd = 8
Socket not ready, repolling fd = 8
Socket not ready, repolling fd = 8
Socket not ready, repolling fd = 8
Socket not ready, repolling fd = 8
Socket not ready, repolling fd = 8
Socket not ready, repolling fd = 8
Socket not ready, repolling fd = 8
Socket not ready, repolling fd = 8
Socket not ready, repolling fd = 8
Socket not ready, repolling fd = 8
Socket not ready, repolling fd = 8
Socket not ready, repolling fd = 8
Socket not ready, repolling fd = 8
Socket not ready, repolling fd = 8
Socket not ready, repolling fd = 8
Socket not ready, repolling fd = 8
Socket not ready, repolling fd = 8
Socket not ready, repolling fd = 8
Socket not ready, repolling fd = 8
Socket not ready, repolling fd = 8
Socket not ready, repolling fd = 8
Socket not ready, repolling fd = 8
Socket not ready, repolling fd = 8
Socket not ready, repolling fd = 8
Socket not ready, repolling fd = 8
Socket not ready, repolling fd = 8
Socket not ready, repolling fd = 8
Socket not ready, repolling fd = 8
Socket not ready, repolling fd = 8
Socket not ready, repolling fd = 8
Socket not ready, repolling fd = 8
Socket not ready, repolling fd = 8
Socket not ready, repolling fd = 8
Socket not ready, repolling fd = 8
Socket not ready, repolling fd = 8
Socket not ready, repolling fd = 8
Socket not ready, repolling fd = 8
Socket not ready, repolling fd = 8
Socket not ready, repolling fd = 8
Socket not ready, repolling fd = 8
Socket not ready, repolling fd = 8
Socket not ready, repolling fd = 8
Socket not ready, repolling fd = 8
Socket not ready, repolling fd = 8
Socket not ready, repolling fd = 8
Socket not ready, repolling fd = 8
Socket not ready, repolling fd = 8
Socket not ready, repolling fd = 8
Socket not ready, repolling fd = 8
Socket not ready, repolling fd = 8
Socket not ready, repolling fd = 8
Socket not ready, repolling fd = 8
Socket not ready, repolling fd = 8
Socket not ready, repolling fd = 8
Socket not ready, repolling fd = 8
Socket not ready, repolling fd = 8
Socket not ready, repolling fd = 8
Socket not ready, repolling fd = 8
Socket not ready, repolling fd = 8
Socket not ready, repolling fd = 8
Socket not ready, repolling fd = 8
Socket not ready, repolling fd = 8
Socket not ready, repolling fd = 8
Socket not ready, repolling fd = 8
Socket not ready, repolling fd = 8
Socket not ready, repolling fd = 8
Socket not ready, repolling fd = 8
Socket not ready, repolling fd = 8
Socket not ready, repolling fd = 8
Socket not ready, repolling fd = 8
Socket not ready, repolling fd = 8
Socket not ready, repolling fd = 8
Socket not ready, repolling fd = 8
Socket not ready, repolling fd = 8
Socket not ready, repolling fd = 8
Socket not ready, repolling fd = 8
Socket not ready, repolling fd = 8
Socket not ready, repolling fd = 8
Socket not ready, repolling fd = 8
Socket not ready, repolling fd = 8
Socket not ready, repolling fd = 8
Socket not ready, repolling fd = 8
Socket not ready, repolling fd = 8
Socket not ready, repolling fd = 8
Socket not ready, repolling fd = 8
Socket not ready, repolling fd = 8
Socket not ready, repolling fd = 8
Socket not ready, repolling fd = 8
Socket not ready, repolling fd = 8
Socket not ready, repolling fd = 8
Socket not ready, repolling fd = 8
Socket not ready, repolling fd = 8
Socket not ready, repolling fd = 8
Socket not ready, repolling fd = 8
Socket not ready, repolling fd = 8
Socket not ready, repolling fd = 8
Socket not ready, repolling fd = 8
Socket not ready, repolling fd = 8
Socket not ready, repolling fd = 8
Socket not ready, repolling fd = 8
Socket not ready, repolling fd = 8
Socket not ready, repolling fd = 8
Socket not ready, repolling fd = 8
Socket not ready, repolling fd = 8
Socket not ready, repolling fd = 8
Socket not ready, repolling fd = 8
Socket not ready, repolling fd = 8
Socket not ready, repolling fd = 8
Socket not ready, repolling fd = 8
Socket not ready, repolling fd = 8
Socket not ready, repolling fd = 8
Socket not ready, repolling fd = 8
Socket not ready, repolling fd = 8
Socket not ready, repolling fd = 8
Socket not ready, repolling fd = 8
Socket not ready, repolling fd = 8
Socket not ready, repolling fd = 8
Socket not ready, repolling fd = 8
Socket not ready, repolling fd = 8
Socket not ready, repolling fd = 8
Socket not ready, repolling fd = 8
Socket not ready, repolling fd = 8
Socket not ready, repolling fd = 8
Socket not ready, repolling fd = 8
Socket not ready, repolling fd = 8
Socket not ready, repolling fd = 8
Socket not ready, repolling fd = 8
Socket not ready, repolling fd = 8
Socket not ready, repolling fd = 8
Socket not ready, repolling fd = 8
Socket not ready, repolling fd = 8
Socket not ready, repolling fd = 8
Socket not ready, repolling fd = 8
Socket not ready, repolling fd = 8
Socket not ready, repolling fd = 8
Socket not ready, repolling fd = 8
Socket not ready, repolling fd = 8
Socket not ready, repolling fd = 8
Socket not ready, repolling fd = 8
Socket not ready, repolling fd = 8
Socket not ready, repolling fd = 8
Socket not ready, repolling fd = 8
Socket not ready, repolling fd = 8
Socket not ready, repolling fd = 8
Socket not ready, repolling fd = 8
Socket not ready, repolling fd = 8
Socket not ready, repolling fd = 8
Socket not ready, repolling fd = 8
Socket not ready, repolling fd = 8
Socket not ready, repolling fd = 8
Socket not ready, repolling fd = 8
Socket not ready, repolling fd = 8
Socket not ready, repolling fd = 8
Socket not ready, repolling fd = 8
Socket not ready, repolling fd = 8
Socket not ready, repolling fd = 8
Socket not ready, repolling fd = 8
Socket not ready, repolling fd = 8
Socket not ready, repolling fd = 8
Socket not ready, repolling fd = 8
Socket not ready, repolling fd = 8
Socket not ready, repolling fd = 8
Socket not ready, repolling fd = 8
Socket not ready, repolling fd = 8
Socket not ready, repolling fd = 8
Socket not ready, repolling fd = 8
Socket not ready, repolling fd = 8
Socket not ready, repolling fd = 8
Socket not ready, repolling fd = 8
Socket not ready, repolling fd = 8
Socket not ready, repolling fd = 8
Socket not ready, repolling fd = 8
Socket not ready, repolling fd = 8
Socket not ready, repolling fd = 8
Socket not ready, repolling fd = 8
Socket not ready, repolling fd = 8
Socket not ready, repolling fd = 8
Socket not ready, repolling fd = 8
Socket not ready, repolling fd = 8
Socket not ready, repolling fd = 8
Socket not ready, repolling fd = 8
Socket not ready, repolling fd = 8
Socket not ready, repolling fd = 8
Socket not ready, repolling fd = 8
Socket not ready, repolling fd = 8
Socket not ready, repolling fd = 8
Socket not ready, repolling fd = 8
Socket not ready, repolling fd = 8
Socket not ready, repolling fd = 8
Socket not ready, repolling fd = 8
Socket not ready, repolling fd = 8
Socket not ready, repolling fd = 8
Socket not ready, repolling fd = 8
Socket not ready, repolling fd = 8
Socket not ready, repolling fd = 8
Socket not ready, repolling fd = 8
Socket not ready, repolling fd = 8
Socket not ready, repolling fd = 8
Socket not ready, repolling fd = 8
Socket not ready, repolling fd = 8
Socket not ready, repolling fd = 8
Socket not ready, repolling fd = 8
Socket not ready, repolling fd = 8
Socket not ready, repolling fd = 8
Socket not ready, repolling fd = 8
Socket not ready, repolling fd = 8
Socket not ready, repolling fd = 8
Socket not ready, repolling fd = 8
Socket not ready, repolling fd = 8
Socket not ready, repolling fd = 8
Socket not ready, repolling fd = 8
Socket not ready, repolling fd = 8
Socket not ready, repolling fd = 8
Socket not ready, repolling fd = 8
Socket not ready, repolling fd = 8
Socket not ready, repolling fd = 8
Socket not ready, repolling fd = 8
Socket not ready, repolling fd = 8
Socket not ready, repolling fd = 8
Socket not ready, repolling fd = 8
Socket not ready, repolling fd = 8
Socket not ready, repolling fd = 8
Socket not ready, repolling fd = 8
Socket not ready, repolling fd = 8
Socket not ready, repolling fd = 8
Socket not ready, repolling fd = 8
Socket not ready, repolling fd = 8
Socket not ready, repolling fd = 8
Socket not ready, repolling fd = 8
Socket not ready, repolling fd = 8
Socket not ready, repolling fd = 8
Socket not ready, repolling fd = 8
Socket not ready, repolling fd = 8
Socket not ready, repolling fd = 8
Socket not ready, repolling fd = 8
Socket not ready, repolling fd = 8
Socket not ready, repolling fd = 8
Socket not ready, repolling fd = 8
Socket not ready, repolling fd = 8
Socket not ready, repolling fd = 8
Socket not ready, repolling fd = 8
Socket not ready, repolling fd = 8
Socket not ready, repolling fd = 8
Socket not ready, repolling fd = 8
Socket not ready, repolling fd = 8
Socket not ready, repolling fd = 8
Socket not ready, repolling fd = 8
Socket not ready, repolling fd = 8
Socket not ready, repolling fd = 8
Socket not ready, repolling fd = 8
Socket not ready, repolling fd = 8
Socket not ready, repolling fd = 8
Socket not ready, repolling fd = 8
Socket not ready, repolling fd = 8
Socket not ready, repolling fd = 8
Socket not ready, repolling fd = 8
Socket not ready, repolling fd = 8
Socket not ready, repolling fd = 8
Socket not ready, repolling fd = 8
Socket not ready, repolling fd = 8
Socket not ready, repolling fd = 8
Socket not ready, repolling fd = 8
Socket not ready, repolling fd = 8
Socket not ready, repolling fd = 8
Socket not ready, repolling fd = 8
Socket not ready, repolling fd = 8
Socket not ready, repolling fd = 8
Socket not ready, repolling fd = 8
Socket not ready, repolling fd = 8
Socket not ready, repolling fd = 8
Socket not ready, repolling fd = 8
Socket not ready, repolling fd = 8
Socket not ready, repolling fd = 8
Socket not ready, repolling fd = 8
Socket not ready, repolling fd = 8
Socket not ready, repolling fd = 8
Socket not ready, repolling fd = 8
Socket not ready, repolling fd = 8
Socket not ready, repolling fd = 8
Socket not ready, repolling fd = 8
Socket not ready, repolling fd = 8
Socket not ready, repolling fd = 8
Socket not ready, repolling fd = 8
Socket not ready, repolling fd = 8
Socket not ready, repolling fd = 8
Socket not ready, repolling fd = 8
Socket not ready, repolling fd = 8
Socket not ready, repolling fd = 8
Socket not ready, repolling fd = 8
Socket not ready, repolling fd = 8
Socket not ready, repolling fd = 8
Socket not ready, repolling fd = 8
Socket not ready, repolling fd = 8
Socket not ready, repolling fd = 8
Socket not ready, repolling fd = 8
Socket not ready, repolling fd = 8
Socket not ready, repolling fd = 8
Socket not ready, repolling fd = 8
Socket not ready, repolling fd = 8
Socket not ready, repolling fd = 8
Socket not ready, repolling fd = 8
Socket not ready, repolling fd = 8
Socket not ready, repolling fd = 8
Socket not ready, repolling fd = 8
Socket not ready, repolling fd = 8
Socket not ready, repolling fd = 8
Socket not ready, repolling fd = 8
Socket not ready, repolling fd = 8
Socket not ready, repolling fd = 8
Socket not ready, repolling fd = 8
Socket not ready, repolling fd = 8
Socket not ready, repolling fd = 8
Socket not ready, repolling fd = 8
Socket not ready, repolling fd = 8
Socket not ready, repolling fd = 8
Socket not ready, repolling fd = 8
Socket not ready, repolling fd = 8
Socket not ready, repolling fd = 8
Socket not ready, repolling fd = 8
Socket not ready, repolling fd = 8
Socket not ready, repolling fd = 8
Socket not ready, repolling fd = 8
Socket not ready, repolling fd = 8
Socket not ready, repolling fd = 8
Socket not ready, repolling fd = 8
Socket not ready, repolling fd = 8
Socket not ready, repolling fd = 8
Socket not ready, repolling fd = 8
Socket not ready, repolling fd = 8
Socket not ready, repolling fd = 8
Socket not ready, repolling fd = 8
Socket not ready, repolling fd = 8
Socket not ready, repolling fd = 8
Socket not ready, repolling fd = 8
Socket not ready, repolling fd = 8
Socket not ready, repolling fd = 8
Socket not ready, repolling fd = 8
Socket not ready, repolling fd = 8
Socket not ready, repolling fd = 8
Socket not ready, repolling fd = 8
Socket not ready, repolling fd = 8
Socket not ready, repolling fd = 8
Socket not ready, repolling fd = 8
Socket not ready, repolling fd = 8
Socket not ready, repolling fd = 8
Socket not ready, repolling fd = 8
Socket not ready, repolling fd = 8
Socket not ready, repolling fd = 8
Socket not ready, repolling fd = 8
Socket not ready, repolling fd = 8
Socket not ready, repolling fd = 8
Socket not ready, repolling fd = 8
Socket not ready, repolling fd = 8
Socket not ready, repolling fd = 8
Socket not ready, repolling fd = 8
Socket not ready, repolling fd = 8
Socket not ready, repolling fd = 8
Socket not ready, repolling fd = 8
Socket not ready, repolling fd = 8
Socket not ready, repolling fd = 8
Socket not ready, repolling fd = 8
Socket not ready, repolling fd = 8
Socket not ready, repolling fd = 8
Socket not ready, repolling fd = 8
Socket not ready, repolling fd = 8
Socket not ready, repolling fd = 8
Socket not ready, repolling fd = 8
Socket not ready, repolling fd = 8
Socket not ready, repolling fd = 8
Socket not ready, repolling fd = 8
Socket not ready, repolling fd = 8
Socket not ready, repolling fd = 8
Socket not ready, repolling fd = 8
Socket not ready, repolling fd = 8
Socket not ready, repolling fd = 8
Socket not ready, repolling fd = 8
Socket not ready, repolling fd = 8
Socket not ready, repolling fd = 8
Socket not ready, repolling fd = 8
Socket not ready, repolling fd = 8
Socket not ready, repolling fd = 8
Socket not ready, repolling fd = 8
Socket not ready, repolling fd = 8
Socket not ready, repolling fd = 8
Socket not ready, repolling fd = 8
Socket not ready, repolling fd = 8
Socket not ready, repolling fd = 8
Socket not ready, repolling fd = 8
Socket not ready, repolling fd = 8
Socket not ready, repolling fd = 8
Socket not ready, repolling fd = 8
Socket not ready, repolling fd = 8
Socket not ready, repolling fd = 8
Socket not ready, repolling fd = 8
Socket not ready, repolling fd = 8
Socket not ready, repolling fd = 8
Socket not ready, repolling fd = 8
Socket not ready, repolling fd = 8
Socket not ready, repolling fd = 8
Socket not ready, repolling fd = 8
Socket not ready, repolling fd = 8
Socket not ready, repolling fd = 8
Socket not ready, repolling fd = 8
Socket not ready, repolling fd = 8
Socket not ready, repolling fd = 8
Socket not ready, repolling fd = 8
Socket not ready, repolling fd = 8
Socket not ready, repolling fd = 8
Socket not ready, repolling fd = 8
Socket not ready, repolling fd = 8
Socket not ready, repolling fd = 8
Socket not ready, repolling fd = 8
Socket not ready, repolling fd = 8
Socket not ready, repolling fd = 8
Socket not ready, repolling fd = 8
Socket not ready, repolling fd = 8
Socket not ready, repolling fd = 8
Socket not ready, repolling fd = 8
Socket not ready, repolling fd = 8
Socket not ready, repolling fd = 8
Socket not ready, repolling fd = 8
Socket not ready, repolling fd = 8
Socket not ready, repolling fd = 8
Socket not ready, repolling fd = 8
Socket not ready, repolling fd = 8
Socket not ready, repolling fd = 8
Socket not ready, repolling fd = 8
Socket not ready, repolling fd = 8
Socket not ready, repolling fd = 8
Socket not ready, repolling fd = 8
Socket not ready, repolling fd = 8
Socket not ready, repolling fd = 8
Socket not ready, repolling fd = 8
Socket not ready, repolling fd = 8
Socket not ready, repolling fd = 8
Socket not ready, repolling fd = 8
Socket not ready, repolling fd = 8
Socket not ready, repolling fd = 8
Socket not ready, repolling fd = 8
Socket not ready, repolling fd = 8
Socket not ready, repolling fd = 8
Socket not ready, repolling fd = 8
Socket not ready, repolling fd = 8
Socket not ready, repolling fd = 8
Socket not ready, repolling fd = 8
Socket not ready, repolling fd = 8
Socket not ready, repolling fd = 8
Socket not ready, repolling fd = 8
Socket not ready, repolling fd = 8
Socket not ready, repolling fd = 8
Socket not ready, repolling fd = 8
Socket not ready, repolling fd = 8
Socket not ready, repolling fd = 8
Socket not ready, repolling fd = 8
Socket not ready, repolling fd = 8
Socket not ready, repolling fd = 8
Socket not ready, repolling fd = 8
Socket not ready, repolling fd = 8
Socket not ready, repolling fd = 8
Socket not ready, repolling fd = 8
Socket not ready, repolling fd = 8
Socket not ready, repolling fd = 8
Socket not ready, repolling fd = 8
Socket not ready, repolling fd = 8
Socket not ready, repolling fd = 8
Socket not ready, repolling fd = 8
Socket not ready, repolling fd = 8
Socket not ready, repolling fd = 8
Socket not ready, repolling fd = 8
Socket not ready, repolling fd = 8
Socket not ready, repolling fd = 8
Socket not ready, repolling fd = 8
Socket not ready, repolling fd = 8
Socket not ready, repolling fd = 8
Socket not ready, repolling fd = 8
Socket not ready, repolling fd = 8
Socket not ready, repolling fd = 8
Socket not ready, repolling fd = 8
Socket not ready, repolling fd = 8
Socket not ready, repolling fd = 8
Socket not ready, repolling fd = 8
Socket not ready, repolling fd = 8
Socket not ready, repolling fd = 8
Socket not ready, repolling fd = 8
Socket not ready, repolling fd = 8
Socket not ready, repolling fd = 8
Socket not ready, repolling fd = 8
Socket not ready, repolling fd = 8
Socket not ready, repolling fd = 8
Socket not ready, repolling fd = 8
Socket not ready, repolling fd = 8
Socket not ready, repolling fd = 8
Socket not ready, repolling fd = 8
Socket not ready, repolling fd = 8
Socket not ready, repolling fd = 8
Socket not ready, repolling fd = 8
Socket not ready, repolling fd = 8
Socket not ready, repolling fd = 8
Socket not ready, repolling fd = 8
Socket not ready, repolling fd = 8
Socket not ready, repolling fd = 8
Socket not ready, repolling fd = 8
Socket not ready, repolling fd = 8
Socket not ready, repolling fd = 8
Socket not ready, repolling fd = 8
Socket not ready, repolling fd = 8
Socket not ready, repolling fd = 8
Socket not ready, repolling fd = 8
Socket not ready, repolling fd = 8
Socket not ready, repolling fd = 8
Socket not ready, repolling fd = 8
Socket not ready, repolling fd = 8
Socket not ready, repolling fd = 8
Socket not ready, repolling fd = 8
Socket not ready, repolling fd = 8
Socket not ready, repolling fd = 8
Socket not ready, repolling fd = 8
Socket not ready, repolling fd = 8
Socket not ready, repolling fd = 8
Socket not ready, repolling fd = 8
Socket not ready, repolling fd = 8
Socket not ready, repolling fd = 8
Socket not ready, repolling fd = 8
Socket not ready, repolling fd = 8
Socket not ready, repolling fd = 8
Socket not ready, repolling fd = 8
Socket not ready, repolling fd = 8
Socket not ready, repolling fd = 8
Socket not ready, repolling fd = 8
Socket not ready, repolling fd = 8
Socket not ready, repolling fd = 8
Socket not ready, repolling fd = 8
Socket not ready, repolling fd = 8
Socket not ready, repolling fd = 8
Socket not ready, repolling fd = 8
Socket not ready, repolling fd = 8
Socket not ready, repolling fd = 8
Socket not ready, repolling fd = 8
Socket not ready, repolling fd = 8
Socket not ready, repolling fd = 8
Socket not ready, repolling fd = 8
Socket not ready, repolling fd = 8
Socket not ready, repolling fd = 8
Socket not ready, repolling fd = 8
Socket not ready, repolling fd = 8
Socket not ready, repolling fd = 8
Socket not ready, repolling fd = 8
Socket not ready, repolling fd = 8
Socket not ready, repolling fd = 8
Socket not ready, repolling fd = 8
Socket not ready, repolling fd = 8
Socket not ready, repolling fd = 8
Socket not ready, repolling fd = 8
Socket not ready, repolling fd = 8
Socket not ready, repolling fd = 8
Socket not ready, repolling fd = 8
Socket not ready, repolling fd = 8
Socket not ready, repolling fd = 8
Socket not ready, repolling fd = 8
Socket not ready, repolling fd = 8
Socket not ready, repolling fd = 8
Socket not ready, repolling fd = 8
Socket not ready, repolling fd = 8
Socket not ready, repolling fd = 8
Socket not ready, repolling fd = 8
Socket not ready, repolling fd = 8
Socket not ready, repolling fd = 8
Socket not ready, repolling fd = 8
Socket not ready, repolling fd = 8
Socket not ready, repolling fd = 8
Socket not ready, repolling fd = 8
Socket not ready, repolling fd = 8
Socket not ready, repolling fd = 8
Socket not ready, repolling fd = 8
Socket not ready, repolling fd = 8
Socket not ready, repolling fd = 8
Socket not ready, repolling fd = 8
Socket not ready, repolling fd = 8
Socket not ready, repolling fd = 8
Socket not ready, repolling fd = 8
Socket not ready, repolling fd = 8
Socket not ready, repolling fd = 8
Socket not ready, repolling fd = 8
Socket not ready, repolling fd = 8
Socket not ready, repolling fd = 8
Socket not ready, repolling fd = 8
Socket not ready, repolling fd = 8
Socket not ready, repolling fd = 8
Socket not ready, repolling fd = 8
Socket not ready, repolling fd = 8
Socket not ready, repolling fd = 8
Socket not ready, repolling fd = 8
Socket not ready, repolling fd = 8
Socket not ready, repolling fd = 8
Socket not ready, repolling fd = 8
Socket not ready, repolling fd = 8
Socket not ready, repolling fd = 8
Socket not ready, repolling fd = 8
Socket not ready, repolling fd = 8
Socket not ready, repolling fd = 8
Socket not ready, repolling fd = 8
Socket not ready, repolling fd = 8
Socket not ready, repolling fd = 8
Socket not ready, repolling fd = 8
Socket not ready, repolling fd = 8
Socket not ready, repolling fd = 8
Socket not ready, repolling fd = 8
Socket not ready, repolling fd = 8
Socket not ready, repolling fd = 8
Socket not ready, repolling fd = 8
Socket not ready, repolling fd = 8
Socket not ready, repolling fd = 8
Socket not ready, repolling fd = 8
Socket not ready, repolling fd = 8
Socket not ready, repolling fd = 8
Socket not ready, repolling fd = 8
Socket not ready, repolling fd = 8
Socket not ready, repolling fd = 8
Socket not ready, repolling fd = 8
Socket not ready, repolling fd = 8
Socket not ready, repolling fd = 8
Socket not ready, repolling fd = 8
Socket not ready, repolling fd = 8
Socket not ready, repolling fd = 8
Socket not ready, repolling fd = 8
Socket not ready, repolling fd = 8
Socket not ready, repolling fd = 8
Socket not ready, repolling fd = 8
Socket not ready, repolling fd = 8
Socket not ready, repolling fd = 8
Socket not ready, repolling fd = 8
Socket not ready, repolling fd = 8
Socket not ready, repolling fd = 8
Socket not ready, repolling fd = 8
Socket not ready, repolling fd = 8
Socket not ready, repolling fd = 8
Socket not ready, repolling fd = 8
Socket not ready, repolling fd = 8
Socket not ready, repolling fd = 8
Socket not ready, repolling fd = 8
Socket not ready, repolling fd = 8
Socket not ready, repolling fd = 8
Socket not ready, repolling fd = 8
Socket not ready, repolling fd = 8
Socket not ready, repolling fd = 8
Socket not ready, repolling fd = 8
Socket not ready, repolling fd = 8
Socket not ready, repolling fd = 8
Socket not ready, repolling fd = 8
Socket not ready, repolling fd = 8
Socket not ready, repolling fd = 8
Socket not ready, repolling fd = 8
Socket not ready, repolling fd = 8
Socket not ready, repolling fd = 8
Socket not ready, repolling fd = 8
Socket not ready, repolling fd = 8
Socket not ready, repolling fd = 8
Socket not ready, repolling fd = 8
Socket not ready, repolling fd = 8
Socket not ready, repolling fd = 8
Socket not ready, repolling fd = 8
Socket not ready, repolling fd = 8
Socket not ready, repolling fd = 8
Socket not ready, repolling fd = 8
Socket not ready, repolling fd = 8
Socket not ready, repolling fd = 8
Socket not ready, repolling fd = 8
Socket not ready, repolling fd = 8
Socket not ready, repolling fd = 8
Socket not ready, repolling fd = 8
Socket not ready, repolling fd = 8
Socket not ready, repolling fd = 8
Socket not ready, repolling fd = 8
Socket not ready, repolling fd = 8
Socket not ready, repolling fd = 8
Socket not ready, repolling fd = 8
Socket not ready, repolling fd = 8
Socket not ready, repolling fd = 8
Socket not ready, repolling fd = 8
Socket not ready, repolling fd = 8
Socket not ready, repolling fd = 8
Socket not ready, repolling fd = 8
Socket not ready, repolling fd = 8
Socket not ready, repolling fd = 8
Socket not ready, repolling fd = 8
Socket not ready, repolling fd = 8
Socket not ready, repolling fd = 8
Socket not ready, repolling fd = 8
Socket not ready, repolling fd = 8
Socket not ready, repolling fd = 8
Socket not ready, repolling fd = 8
Socket not ready, repolling fd = 8
Socket not ready, repolling fd = 8
Socket not ready, repolling fd = 8
Socket not ready, repolling fd = 8
Socket not ready, repolling fd = 8
Socket not ready, repolling fd = 8
Socket not ready, repolling fd = 8
Socket not ready, repolling fd = 8
Socket not ready, repolling fd = 8
Socket not ready, repolling fd = 8
Socket not ready, repolling fd = 8
Socket not ready, repolling fd = 8
Socket not ready, repolling fd = 8
Socket not ready, repolling fd = 8
Socket not ready, repolling fd = 8
Socket not ready, repolling fd = 8
Socket not ready, repolling fd = 8
Socket not ready, repolling fd = 8
Socket not ready, repolling fd = 8
Socket not ready, repolling fd = 8
Socket not ready, repolling fd = 8
Socket not ready, repolling fd = 8
Socket not ready, repolling fd = 8
Socket not ready, repolling fd = 8
Socket not ready, repolling fd = 8
Socket not ready, repolling fd = 8
Socket not ready, repolling fd = 8
Socket not ready, repolling fd = 8
Socket not ready, repolling fd = 8
Socket not ready, repolling fd = 8
Socket not ready, repolling fd = 8
Socket not ready, repolling fd = 8
Socket not ready, repolling fd = 8
Socket not ready, repolling fd = 8
Socket not ready, repolling fd = 8
Socket not ready, repolling fd = 8
Socket not ready, repolling fd = 8
Socket not ready, repolling fd = 8
Socket not ready, repolling fd = 8
Socket not ready, repolling fd = 8
Socket not ready, repolling fd = 8
Socket not ready, repolling fd = 8
Socket not ready, repolling fd = 8
Socket not ready, repolling fd = 8
Socket not ready, repolling fd = 8
Socket not ready, repolling fd = 8
Socket not ready, repolling fd = 8
Socket not ready, repolling fd = 8
Socket not ready, repolling fd = 8
Socket not ready, repolling fd = 8
Socket not ready, repolling fd = 8
Socket not ready, repolling fd = 8
Socket not ready, repolling fd = 8
Socket not ready, repolling fd = 8
Socket not ready, repolling fd = 8
Socket not ready, repolling fd = 8
Socket not ready, repolling fd = 8
Socket not ready, repolling fd = 8
Socket not ready, repolling fd = 8
Socket not ready, repolling fd = 8
Socket not ready, repolling fd = 8
Socket not ready, repolling fd = 8
Socket not ready, repolling fd = 8
Socket not ready, repolling fd = 8
Socket not ready, repolling fd = 8
Socket not ready, repolling fd = 8
Socket not ready, repolling fd = 8
Socket not ready, repolling fd = 8
Socket not ready, repolling fd = 8
Socket not ready, repolling fd = 8
Socket not ready, repolling fd = 8
Socket not ready, repolling fd = 8
Socket not ready, repolling fd = 8
Socket not ready, repolling fd = 8
Socket not ready, repolling fd = 8
Socket not ready, repolling fd = 8
Socket not ready, repolling fd = 8
Socket not ready, repolling fd = 8
Socket not ready, repolling fd = 8
Socket not ready, repolling fd = 8
Socket not ready, repolling fd = 8
Socket not ready, repolling fd = 8
Socket not ready, repolling fd = 8
Socket not ready, repolling fd = 8
Socket not ready, repolling fd = 8
Socket not ready, repolling fd = 8
Socket not ready, repolling fd = 8
Socket not ready, repolling fd = 8
Socket not ready, repolling fd = 8
Socket not ready, repolling fd = 8
Socket not ready, repolling fd = 8
Socket not ready, repolling fd = 8
Socket not ready, repolling fd = 8
Socket not ready, repolling fd = 8
Socket not ready, repolling fd = 8
Socket not ready, repolling fd = 8
Socket not ready, repolling fd = 8
Socket not ready, repolling fd = 8
Socket not ready, repolling fd = 8
Socket not ready, repolling fd = 8
Socket not ready, repolling fd = 8
Socket not ready, repolling fd = 8
Socket not ready, repolling fd = 8
Socket not ready, repolling fd = 8
Socket not ready, repolling fd = 8
Socket not ready, repolling fd = 8
Socket not ready, repolling fd = 8
Socket not ready, repolling fd = 8
Socket not ready, repolling fd = 8
Socket not ready, repolling fd = 8
Socket not ready, repolling fd = 8
Socket not ready, repolling fd = 8
Socket not ready, repolling fd = 8
Socket not ready, repolling fd = 8
Socket not ready, repolling fd = 8
Socket not ready, repolling fd = 8
Socket not ready, repolling fd = 8
Socket not ready, repolling fd = 8
Socket not ready, repolling fd = 8
Socket not ready, repolling fd = 8
Socket not ready, repolling fd = 8
Socket not ready, repolling fd = 8
Socket not ready, repolling fd = 8
Socket not ready, repolling fd = 8
Socket not ready, repolling fd = 8
Socket not ready, repolling fd = 8
Socket not ready, repolling fd = 8
Socket not ready, repolling fd = 8
Socket not ready, repolling fd = 8
Socket not ready, repolling fd = 8
Socket not ready, repolling fd = 8
Socket not ready, repolling fd = 8
Socket not ready, repolling fd = 8
Socket not ready, repolling fd = 8
Socket not ready, repolling fd = 8
Socket not ready, repolling fd = 8
Socket not ready, repolling fd = 8
Socket not ready, repolling fd = 8
Socket not ready, repolling fd = 8
Socket not ready, repolling fd = 8
Socket not ready, repolling fd = 8
Socket not ready, repolling fd = 8
Socket not ready, repolling fd = 8
Socket not ready, repolling fd = 8
Socket not ready, repolling fd = 8
Socket not ready, repolling fd = 8
Socket not ready, repolling fd = 8
Socket not ready, repolling fd = 8
Socket not ready, repolling fd = 8
Socket not ready, repolling fd = 8
Socket not ready, repolling fd = 8
Socket not ready, repolling fd = 8
Socket not ready, repolling fd = 8
Socket not ready, repolling fd = 8
Socket not ready, repolling fd = 8
Socket not ready, repolling fd = 8
Socket not ready, repolling fd = 8
Socket not ready, repolling fd = 8
Socket not ready, repolling fd = 8
Socket not ready, repolling fd = 8
Socket not ready, repolling fd = 8
Socket not ready, repolling fd = 8
Socket not ready, repolling fd = 8
Socket not ready, repolling fd = 8
Socket not ready, repolling fd = 8
Socket not ready, repolling fd = 8
Socket not ready, repolling fd = 8
Socket not ready, repolling fd = 8
Socket not ready, repolling fd = 8
Socket not ready, repolling fd = 8
Socket not ready, repolling fd = 8
Socket not ready, repolling fd = 8
Socket not ready, repolling fd = 8
Socket not ready, repolling fd = 8
Socket not ready, repolling fd = 8
Socket not ready, repolling fd = 8
Socket not ready, repolling fd = 8
Socket not ready, repolling fd = 8
Socket not ready, repolling fd = 8
Socket not ready, repolling fd = 8
Socket not ready, repolling fd = 8
Socket not ready, repolling fd = 8
Socket not ready, repolling fd = 8
Socket not ready, repolling fd = 8
Socket not ready, repolling fd = 8
Socket not ready, repolling fd = 8
Socket not ready, repolling fd = 8
Socket not ready, repolling fd = 8
Socket not ready, repolling fd = 8
Socket not ready, repolling fd = 8
Socket not ready, repolling fd = 8
Socket not ready, repolling fd = 8
Socket not ready, repolling fd = 8
Socket not ready, repolling fd = 8
Socket not ready, repolling fd = 8
Socket not ready, repolling fd = 8
Socket not ready, repolling fd = 8
Socket not ready, repolling fd = 8
Socket not ready, repolling fd = 8
Socket not ready, repolling fd = 8
Socket not ready, repolling fd = 8
Socket not ready, repolling fd = 8
Socket not ready, repolling fd = 8
Socket not ready, repolling fd = 8
Socket not ready, repolling fd = 8
Socket not ready, repolling fd = 8
Socket not ready, repolling fd = 8
Socket not ready, repolling fd = 8
Socket not ready, repolling fd = 8
Socket not ready, repolling fd = 8
Socket not ready, repolling fd = 8
Socket not ready, repolling fd = 8
Socket not ready, repolling fd = 8
Socket not ready, repolling fd = 8
Socket not ready, repolling fd = 8
Socket not ready, repolling fd = 8
Socket not ready, repolling fd = 8
Socket not ready, repolling fd = 8
Socket not ready, repolling fd = 8
Socket not ready, repolling fd = 8
Socket not ready, repolling fd = 8
Socket not ready, repolling fd = 8
Socket not ready, repolling fd = 8
Socket not ready, repolling fd = 8
Socket not ready, repolling fd = 8
Socket not ready, repolling fd = 8
Socket not ready, repolling fd = 8
Socket not ready, repolling fd = 8
Socket not ready, repolling fd = 8
Socket not ready, repolling fd = 8
Socket not ready, repolling fd = 8
Socket not ready, repolling fd = 8
Socket not ready, repolling fd = 8
Socket not ready, repolling fd = 8
Socket not ready, repolling fd = 8
Socket not ready, repolling fd = 8
Socket not ready, repolling fd = 8
Socket not ready, repolling fd = 8
Socket not ready, repolling fd = 8
Socket not ready, repolling fd = 7
Socket not ready, repolling fd = 7
Socket not ready, repolling fd = 7
Socket not ready, repolling fd = 7
Socket not ready, repolling fd = 7
Socket not ready, repolling fd = 7
Socket not ready, repolling fd = 7
Socket not ready, repolling fd = 7
Socket not ready, repolling fd = 7
Socket not ready, repolling fd = 7
Socket not ready, repolling fd = 7
Socket not ready, repolling fd = 7
Socket not ready, repolling fd = 7
Socket not ready, repolling fd = 7
Socket not ready, repolling fd = 7
Socket not ready, repolling fd = 7
Socket not ready, repolling fd = 7
Socket not ready, repolling fd = 7
Socket not ready, repolling fd = 7
Socket not ready, repolling fd = 7
Socket not ready, repolling fd = 7
Socket not ready, repolling fd = 7
Socket not ready, repolling fd = 7
Socket not ready, repolling fd = 7
Socket not ready, repolling fd = 7
Socket not ready, repolling fd = 7
Socket not ready, repolling fd = 7
Socket not ready, repolling fd = 7
Socket not ready, repolling fd = 7
Socket not ready, repolling fd = 7
Socket not ready, repolling fd = 7
Socket not ready, repolling fd = 7
Socket not ready, repolling fd = 7
Socket not ready, repolling fd = 7
Socket not ready, repolling fd = 7
Socket not ready, repolling fd = 7
Socket not ready, repolling fd = 7
Socket not ready, repolling fd = 7
Socket not ready, repolling fd = 7
Socket not ready, repolling fd = 7
Socket not ready, repolling fd = 7
Socket not ready, repolling fd = 7
Socket not ready, repolling fd = 7
Socket not ready, repolling fd = 7
Socket not ready, repolling fd = 7
Socket not ready, repolling fd = 7
Socket not ready, repolling fd = 7
Socket not ready, repolling fd = 7
Socket not ready, repolling fd = 7
Socket not ready, repolling fd = 7
Socket not ready, repolling fd = 7
Socket not ready, repolling fd = 7
Socket not ready, repolling fd = 7
Socket not ready, repolling fd = 7
Socket not ready, repolling fd = 7
Socket not ready, repolling fd = 7
Socket not ready, repolling fd = 7
Socket not ready, repolling fd = 7
Socket not ready, repolling fd = 7
Socket not ready, repolling fd = 7
Socket not ready, repolling fd = 7
Socket not ready, repolling fd = 7
Socket not ready, repolling fd = 7
Socket not ready, repolling fd = 7
Socket not ready, repolling fd = 7
Socket not ready, repolling fd = 7
Socket not ready, repolling fd = 7
Socket not ready, repolling fd = 7
Socket not ready, repolling fd = 7
Socket not ready, repolling fd = 7
Socket not ready, repolling fd = 7
Socket not ready, repolling fd = 7
Socket not ready, repolling fd = 7
Socket not ready, repolling fd = 7
Socket not ready, repolling fd = 7
Socket not ready, repolling fd = 7
Socket not ready, repolling fd = 7
Socket not ready, repolling fd = 7
Socket not ready, repolling fd = 7
Socket not ready, repolling fd = 7
Socket not ready, repolling fd = 7
Socket not ready, repolling fd = 7
Socket not ready, repolling fd = 7
Socket not ready, repolling fd = 7
Socket not ready, repolling fd = 7
Socket not ready, repolling fd = 7
Socket not ready, repolling fd = 7
Socket not ready, repolling fd = 7
Socket not ready, repolling fd = 7
Socket not ready, repolling fd = 7
Socket not ready, repolling fd = 7
Socket not ready, repolling fd = 7
Socket not ready, repolling fd = 7
Socket not ready, repolling fd = 7
Socket not ready, repolling fd = 7
Socket not ready, repolling fd = 7
Socket not ready, repolling fd = 7
Socket not ready, repolling fd = 7
Socket not ready, repolling fd = 7
Socket not ready, repolling fd = 7
Socket not ready, repolling fd = 7
Socket not ready, repolling fd = 7
Socket not ready, repolling fd = 7
Socket not ready, repolling fd = 7
Socket not ready, repolling fd = 7
Socket not ready, repolling fd = 7
Socket not ready, repolling fd = 7
Socket not ready, repolling fd = 7
Socket not ready, repolling fd = 7
Socket not ready, repolling fd = 7
Socket not ready, repolling fd = 7
Socket not ready, repolling fd = 7
Socket not ready, repolling fd = 7
Socket not ready, repolling fd = 7
Socket not ready, repolling fd = 7
Socket not ready, repolling fd = 7
Socket not ready, repolling fd = 7
Socket not ready, repolling fd = 7
Socket not ready, repolling fd = 7
Socket not ready, repolling fd = 7
Socket not ready, repolling fd = 7
Socket not ready, repolling fd = 7
Socket not ready, repolling fd = 7
Socket not ready, repolling fd = 7
Socket not ready, repolling fd = 7
Socket not ready, repolling fd = 7
Socket not ready, repolling fd = 7
Socket not ready, repolling fd = 7
Socket not ready, repolling fd = 7
Socket not ready, repolling fd = 7
Socket not ready, repolling fd = 7
Socket not ready, repolling fd = 7
Socket not ready, repolling fd = 7
Socket not ready, repolling fd = 7
Socket not ready, repolling fd = 7
Socket not ready, repolling fd = 7
Socket not ready, repolling fd = 7
Socket not ready, repolling fd = 7
Socket not ready, repolling fd = 7
Socket not ready, repolling fd = 7
Socket not ready, repolling fd = 7
Socket not ready, repolling fd = 7
Socket not ready, repolling fd = 7
Socket not ready, repolling fd = 7
Socket not ready, repolling fd = 7
Socket not ready, repolling fd = 7
Socket not ready, repolling fd = 7
Socket not ready, repolling fd = 7
Socket not ready, repolling fd = 7
Socket not ready, repolling fd = 7
Socket not ready, repolling fd = 7
Socket not ready, repolling fd = 7
Socket not ready, repolling fd = 7
Socket not ready, repolling fd = 7
Socket not ready, repolling fd = 7
Socket not ready, repolling fd = 7
Socket not ready, repolling fd = 7
Socket not ready, repolling fd = 7
Socket not ready, repolling fd = 7
Socket not ready, repolling fd = 7
Socket not ready, repolling fd = 7
Socket not ready, repolling fd = 7
Socket not ready, repolling fd = 7
Socket not ready, repolling fd = 7
Socket not ready, repolling fd = 7
Socket not ready, repolling fd = 7
Socket not ready, repolling fd = 7
Socket not ready, repolling fd = 7
Socket not ready, repolling fd = 7
Socket not ready, repolling fd = 7
Socket not ready, repolling fd = 7
Socket not ready, repolling fd = 7
Socket not ready, repolling fd = 7
Socket not ready, repolling fd = 7
Socket not ready, repolling fd = 7
Socket not ready, repolling fd = 7
Socket not ready, repolling fd = 7
Socket not ready, repolling fd = 7
Socket not ready, repolling fd = 7
Socket not ready, repolling fd = 7
Socket not ready, repolling fd = 7
Socket not ready, repolling fd = 7
Socket not ready, repolling fd = 7
Socket not ready, repolling fd = 7
Socket not ready, repolling fd = 7
Socket not ready, repolling fd = 7
Socket not ready, repolling fd = 7
Socket not ready, repolling fd = 7
Socket not ready, repolling fd = 7
Socket not ready, repolling fd = 7
Socket not ready, repolling fd = 7
Socket not ready, repolling fd = 7
Socket not ready, repolling fd = 7
Socket not ready, repolling fd = 7
Socket not ready, repolling fd = 7
Socket not ready, repolling fd = 7
Socket not ready, repolling fd = 7
Socket not ready, repolling fd = 7
Socket not ready, repolling fd = 7
Socket not ready, repolling fd = 7
Socket not ready, repolling fd = 7
Socket not ready, repolling fd = 7
Socket not ready, repolling fd = 7
Socket not ready, repolling fd = 7
Socket not ready, repolling fd = 7
Socket not ready, repolling fd = 7
Socket not ready, repolling fd = 7
Socket not ready, repolling fd = 7
Socket not ready, repolling fd = 7
Socket not ready, repolling fd = 7
Socket not ready, repolling fd = 7
Socket not ready, repolling fd = 7
Socket not ready, repolling fd = 7
Socket not ready, repolling fd = 7
Socket not ready, repolling fd = 7
Socket not ready, repolling fd = 7
Socket not ready, repolling fd = 7
Socket not ready, repolling fd = 7
Socket not ready, repolling fd = 7
Socket not ready, repolling fd = 7
Socket not ready, repolling fd = 7
Socket not ready, repolling fd = 7
Socket not ready, repolling fd = 7
Socket not ready, repolling fd = 7
Socket not ready, repolling fd = 7
Socket not ready, repolling fd = 7
Socket not ready, repolling fd = 7
Socket not ready, repolling fd = 7
Socket not ready, repolling fd = 7
Socket not ready, repolling fd = 7
Socket not ready, repolling fd = 7
Socket not ready, repolling fd = 7
Socket not ready, repolling fd = 7
Socket not ready, repolling fd = 7
Socket not ready, repolling fd = 7
Socket not ready, repolling fd = 7
Socket not ready, repolling fd = 7
Socket not ready, repolling fd = 7
Socket not ready, repolling fd = 7
Socket not ready, repolling fd = 7
Socket not ready, repolling fd = 7
Socket not ready, repolling fd = 7
Socket not ready, repolling fd = 7
Socket not ready, repolling fd = 7
Socket not ready, repolling fd = 7
Socket not ready, repolling fd = 7
Socket not ready, repolling fd = 7
Socket not ready, repolling fd = 7
Socket not ready, repolling fd = 7
Socket not ready, repolling fd = 7
Socket not ready, repolling fd = 7
Socket not ready, repolling fd = 7
Socket not ready, repolling fd = 7
Socket not ready, repolling fd = 7
Socket not ready, repolling fd = 7
Socket not ready, repolling fd = 7
Socket not ready, repolling fd = 7
Socket not ready, repolling fd = 7
Socket not ready, repolling fd = 7
Socket not ready, repolling fd = 7
Socket not ready, repolling fd = 7
Socket not ready, repolling fd = 7
Socket not ready, repolling fd = 7
Socket not ready, repolling fd = 7
Socket not ready, repolling fd = 7
Socket not ready, repolling fd = 7
Socket not ready, repolling fd = 7
Socket not ready, repolling fd = 7
Socket not ready, repolling fd = 7
Socket not ready, repolling fd = 7
Socket not ready, repolling fd = 7
Socket not ready, repolling fd = 7
Socket not ready, repolling fd = 7
Socket not ready, repolling fd = 7
Socket not ready, repolling fd = 7
Socket not ready, repolling fd = 7
Socket not ready, repolling fd = 7
Socket not ready, repolling fd = 7
Socket not ready, repolling fd = 7
Socket not ready, repolling fd = 7
Socket not ready, repolling fd = 7
Socket not ready, repolling fd = 7
Socket not ready, repolling fd = 7
Socket not ready, repolling fd = 7
Socket not ready, repolling fd = 7
Socket not ready, repolling fd = 7
Socket not ready, repolling fd = 7
Socket not ready, repolling fd = 7
Socket not ready, repolling fd = 7
Socket not ready, repolling fd = 7
Socket not ready, repolling fd = 7
Socket not ready, repolling fd = 7
Socket not ready, repolling fd = 7
Socket not ready, repolling fd = 7
Socket not ready, repolling fd = 7
Socket not ready, repolling fd = 7
Socket not ready, repolling fd = 7
Socket not ready, repolling fd = 7
Socket not ready, repolling fd = 7
Socket not ready, repolling fd = 7
Socket not ready, repolling fd = 7
Socket not ready, repolling fd = 7
Socket not ready, repolling fd = 7
Socket not ready, repolling fd = 7
Socket not ready, repolling fd = 7
Socket not ready, repolling fd = 7
Socket not ready, repolling fd = 7
Socket not ready, repolling fd = 7
Socket not ready, repolling fd = 7
Socket not ready, repolling fd = 7
Socket not ready, repolling fd = 7
Socket not ready, repolling fd = 7
Socket not ready, repolling fd = 7
Socket not ready, repolling fd = 7
Socket not ready, repolling fd = 7
Socket not ready, repolling fd = 7
Socket not ready, repolling fd = 7
Socket not ready, repolling fd = 7
Socket not ready, repolling fd = 7
Socket not ready, repolling fd = 7
Socket not ready, repolling fd = 7
Socket not ready, repolling fd = 7
Socket not ready, repolling fd = 7
Socket not ready, repolling fd = 7
Socket not ready, repolling fd = 7
Socket not ready, repolling fd = 7
Socket not ready, repolling fd = 7
Socket not ready, repolling fd = 7
Socket not ready, repolling fd = 7
Socket not ready, repolling fd = 7
Socket not ready, repolling fd = 7
Socket not ready, repolling fd = 7
Socket not ready, repolling fd = 7
Socket not ready, repolling fd = 7
Socket not ready, repolling fd = 7
Socket not ready, repolling fd = 7
Socket not ready, repolling fd = 7
Socket not ready, repolling fd = 7
Socket not ready, repolling fd = 7
Socket not ready, repolling fd = 7
Socket not ready, repolling fd = 7
Socket not ready, repolling fd = 7
Socket not ready, repolling fd = 7
Socket not ready, repolling fd = 7
Socket not ready, repolling fd = 7
Socket not ready, repolling fd = 7
Socket not ready, repolling fd = 7
Socket not ready, repolling fd = 7
Socket not ready, repolling fd = 7
Socket not ready, repolling fd = 7
Socket not ready, repolling fd = 7
Socket not ready, repolling fd = 7
Socket not ready, repolling fd = 7
Socket not ready, repolling fd = 7
Socket not ready, repolling fd = 7
Socket not ready, repolling fd = 7
Socket not ready, repolling fd = 7
Socket not ready, repolling fd = 7
Socket not ready, repolling fd = 7
Socket not ready, repolling fd = 7
Socket not ready, repolling fd = 7
Socket not ready, repolling fd = 7
Socket not ready, repolling fd = 7
Socket not ready, repolling fd = 7
Socket not ready, repolling fd = 7
Socket not ready, repolling fd = 7
Socket not ready, repolling fd = 7
Socket not ready, repolling fd = 7
Socket not ready, repolling fd = 7
Socket not ready, repolling fd = 7
Socket not ready, repolling fd = 7
Socket not ready, repolling fd = 7
Socket not ready, repolling fd = 7
Socket not ready, repolling fd = 7
Socket not ready, repolling fd = 7
Socket not ready, repolling fd = 7
Socket not ready, repolling fd = 7
Socket not ready, repolling fd = 7
Socket not ready, repolling fd = 7
Socket not ready, repolling fd = 7
Socket not ready, repolling fd = 7
Socket not ready, repolling fd = 7
Socket not ready, repolling fd = 7
Socket not ready, repolling fd = 7
Socket not ready, repolling fd = 7
Socket not ready, repolling fd = 7
Socket not ready, repolling fd = 7
Socket not ready, repolling fd = 7
Socket not ready, repolling fd = 7
Socket not ready, repolling fd = 7
Socket not ready, repolling fd = 7
Socket not ready, repolling fd = 7
Socket not ready, repolling fd = 7
Socket not ready, repolling fd = 7
Socket not ready, repolling fd = 7
Socket not ready, repolling fd = 7
Socket not ready, repolling fd = 7
Socket not ready, repolling fd = 7
Socket not ready, repolling fd = 7
Socket not ready, repolling fd = 7
Socket not ready, repolling fd = 7
Socket not ready, repolling fd = 7
Socket not ready, repolling fd = 7
Socket not ready, repolling fd = 7
Socket not ready, repolling fd = 7
Socket not ready, repolling fd = 7
Socket not ready, repolling fd = 7
Socket not ready, repolling fd = 7
Socket not ready, repolling fd = 7
Socket not ready, repolling fd = 7
Socket not ready, repolling fd = 7
Socket not ready, repolling fd = 7
Socket not ready, repolling fd = 7
Socket not ready, repolling fd = 7
Socket not ready, repolling fd = 7
Socket not ready, repolling fd = 7
Socket not ready, repolling fd = 7
Socket not ready, repolling fd = 7
Socket not ready, repolling fd = 7
Socket not ready, repolling fd = 7
Socket not ready, repolling fd = 7
Socket not ready, repolling fd = 7
Socket not ready, repolling fd = 7
Socket not ready, repolling fd = 7
Socket not ready, repolling fd = 7
Socket not ready, repolling fd = 7
Socket not ready, repolling fd = 7
Socket not ready, repolling fd = 7
Socket not ready, repolling fd = 7
Socket not ready, repolling fd = 7
Socket not ready, repolling fd = 7
Socket not ready, repolling fd = 7
Socket not ready, repolling fd = 7
Socket not ready, repolling fd = 7
Socket not ready, repolling fd = 7
Socket not ready, repolling fd = 7
Socket not ready, repolling fd = 7
Socket not ready, repolling fd = 7
Socket not ready, repolling fd = 7
Socket not ready, repolling fd = 7
Socket not ready, repolling fd = 7
Socket not ready, repolling fd = 7
Socket not ready, repolling fd = 7
Socket not ready, repolling fd = 7
Socket not ready, repolling fd = 7
Socket not ready, repolling fd = 7
Socket not ready, repolling fd = 7
Socket not ready, repolling fd = 7
Socket not ready, repolling fd = 7
Socket not ready, repolling fd = 7
Socket not ready, repolling fd = 7
Socket not ready, repolling fd = 7
Socket not ready, repolling fd = 7
Socket not ready, repolling fd = 7
Socket not ready, repolling fd = 7
Socket not ready, repolling fd = 7
Socket not ready, repolling fd = 7
Socket not ready, repolling fd = 7
Socket not ready, repolling fd = 7
Socket not ready, repolling fd = 7
Socket not ready, repolling fd = 7
Socket not ready, repolling fd = 7
Socket not ready, repolling fd = 7
Socket not ready, repolling fd = 7
Socket not ready, repolling fd = 7
Socket not ready, repolling fd = 7
Socket not ready, repolling fd = 7
Socket not ready, repolling fd = 7
Socket not ready, repolling fd = 7
Socket not ready, repolling fd = 7
Socket not ready, repolling fd = 7
Socket not ready, repolling fd = 7
Socket not ready, repolling fd = 7
Socket not ready, repolling fd = 7
Socket not ready, repolling fd = 7
Socket not ready, repolling fd = 7
Socket not ready, repolling fd = 7
Socket not ready, repolling fd = 7
Socket not ready, repolling fd = 7
Socket not ready, repolling fd = 7
Socket not ready, repolling fd = 7
Socket not ready, repolling fd = 7
Socket not ready, repolling fd = 7
Socket not ready, repolling fd = 7
Socket not ready, repolling fd = 7
Socket not ready, repolling fd = 7
Socket not ready, repolling fd = 7
Socket not ready, repolling fd = 7
Socket not ready, repolling fd = 7
Socket not ready, repolling fd = 7
Socket not ready, repolling fd = 7
Socket not ready, repolling fd = 7
Socket not ready, repolling fd = 7
Socket not ready, repolling fd = 7
Socket not ready, repolling fd = 7
Socket not ready, repolling fd = 7
Socket not ready, repolling fd = 7
Socket not ready, repolling fd = 7
Socket not ready, repolling fd = 7
Socket not ready, repolling fd = 7
Socket not ready, repolling fd = 7
Socket not ready, repolling fd = 7
Socket not ready, repolling fd = 7
Socket not ready, repolling fd = 7
Socket not ready, repolling fd = 7
Socket not ready, repolling fd = 7
Socket not ready, repolling fd = 7
Socket not ready, repolling fd = 7
Socket not ready, repolling fd = 7
Socket not ready, repolling fd = 7
Socket not ready, repolling fd = 7
Socket not ready, repolling fd = 7
Socket not ready, repolling fd = 7
Socket not ready, repolling fd = 7
Socket not ready, repolling fd = 7
Socket not ready, repolling fd = 7
Socket not ready, repolling fd = 7
Socket not ready, repolling fd = 7
Socket not ready, repolling fd = 7
Socket not ready, repolling fd = 7
Socket not ready, repolling fd = 7
Socket not ready, repolling fd = 7
Socket not ready, repolling fd = 7
Socket not ready, repolling fd = 7
Socket not ready, repolling fd = 7
Socket not ready, repolling fd = 7
Socket not ready, repolling fd = 7
Socket not ready, repolling fd = 7
Socket not ready, repolling fd = 7
Socket not ready, repolling fd = 7
Socket not ready, repolling fd = 7
Socket not ready, repolling fd = 7
Socket not ready, repolling fd = 7
Socket not ready, repolling fd = 7
Socket not ready, repolling fd = 7
Socket not ready, repolling fd = 7
Socket not ready, repolling fd = 7
Socket not ready, repolling fd = 7
Socket not ready, repolling fd = 7
Socket not ready, repolling fd = 7
Socket not ready, repolling fd = 7
Socket not ready, repolling fd = 7
Socket not ready, repolling fd = 7
Socket not ready, repolling fd = 7
Socket not ready, repolling fd = 7
Socket not ready, repolling fd = 7
Socket not ready, repolling fd = 7
Socket not ready, repolling fd = 7
Socket not ready, repolling fd = 7
Socket not ready, repolling fd = 7
Socket not ready, repolling fd = 7
Socket not ready, repolling fd = 7
Socket not ready, repolling fd = 7
Socket not ready, repolling fd = 7
Socket not ready, repolling fd = 7
Socket not ready, repolling fd = 7
Socket not ready, repolling fd = 7
Socket not ready, repolling fd = 7
Socket not ready, repolling fd = 7
Socket not ready, repolling fd = 7
Socket not ready, repolling fd = 7
Socket not ready, repolling fd = 7
Socket not ready, repolling fd = 7
Socket not ready, repolling fd = 7
Socket not ready, repolling fd = 7
Socket not ready, repolling fd = 7
Socket not ready, repolling fd = 7
Socket not ready, repolling fd = 7
Socket not ready, repolling fd = 7
Socket not ready, repolling fd = 7
Socket not ready, repolling fd = 7
Socket not ready, repolling fd = 7
Socket not ready, repolling fd = 7
Socket not ready, repolling fd = 7
Socket not ready, repolling fd = 7
Socket not ready, repolling fd = 7
Socket not ready, repolling fd = 7
Socket not ready, repolling fd = 7
Socket not ready, repolling fd = 7
Socket not ready, repolling fd = 7
Socket not ready, repolling fd = 7
Socket not ready, repolling fd = 7
Socket not ready, repolling fd = 7
Socket not ready, repolling fd = 7
Socket not ready, repolling fd = 7
Socket not ready, repolling fd = 7
Socket not ready, repolling fd = 7
Socket not ready, repolling fd = 7
Socket not ready, repolling fd = 7
Socket not ready, repolling fd = 7
Socket not ready, repolling fd = 7
Socket not ready, repolling fd = 7
Socket not ready, repolling fd = 7
Socket not ready, repolling fd = 7
Socket not ready, repolling fd = 7
Socket not ready, repolling fd = 7
Socket not ready, repolling fd = 7
Socket not ready, repolling fd = 7
Socket not ready, repolling fd = 7
Socket not ready, repolling fd = 7
Socket not ready, repolling fd = 7
Socket not ready, repolling fd = 7
Socket not ready, repolling fd = 7
Socket not ready, repolling fd = 7
Socket not ready, repolling fd = 7
Socket not ready, repolling fd = 7
Socket not ready, repolling fd = 7
Socket not ready, repolling fd = 7
Socket not ready, repolling fd = 7
Socket not ready, repolling fd = 7
Socket not ready, repolling fd = 7
Socket not ready, repolling fd = 7
Socket not ready, repolling fd = 7
Socket not ready, repolling fd = 7
Socket not ready, repolling fd = 7
Socket not ready, repolling fd = 7
Socket not ready, repolling fd = 7
Socket not ready, repolling fd = 7
Socket not ready, repolling fd = 7
Socket not ready, repolling fd = 7
Socket not ready, repolling fd = 7
Socket not ready, repolling fd = 7
Socket not ready, repolling fd = 7
Socket not ready, repolling fd = 7
Socket not ready, repolling fd = 7
Socket not ready, repolling fd = 7
Socket not ready, repolling fd = 7
Socket not ready, repolling fd = 7
Socket not ready, repolling fd = 7
Socket not ready, repolling fd = 7
Socket not ready, repolling fd = 7
Socket not ready, repolling fd = 7
Socket not ready, repolling fd = 7
Socket not ready, repolling fd = 7
Socket not ready, repolling fd = 7
Socket not ready, repolling fd = 7
Socket not ready, repolling fd = 7
Socket not ready, repolling fd = 7
Socket not ready, repolling fd = 7
Socket not ready, repolling fd = 7
Socket not ready, repolling fd = 7
Socket not ready, repolling fd = 7
Socket not ready, repolling fd = 7
Socket not ready, repolling fd = 7
Socket not ready, repolling fd = 7
Socket not ready, repolling fd = 7
Socket not ready, repolling fd = 7
Socket not ready, repolling fd = 7
Socket not ready, repolling fd = 7
Socket not ready, repolling fd = 7
Socket not ready, repolling fd = 7
Socket not ready, repolling fd = 7
Socket not ready, repolling fd = 7
Socket not ready, repolling fd = 7
Socket not ready, repolling fd = 7
Socket not ready, repolling fd = 7
Socket not ready, repolling fd = 7
Socket not ready, repolling fd = 7
Socket not ready, repolling fd = 7
Socket not ready, repolling fd = 7
Socket not ready, repolling fd = 7
Socket not ready, repolling fd = 7
Socket not ready, repolling fd = 7
Socket not ready, repolling fd = 7
Socket not ready, repolling fd = 7
Socket not ready, repolling fd = 7
Socket not ready, repolling fd = 7
Socket not ready, repolling fd = 7
Socket not ready, repolling fd = 7
Socket not ready, repolling fd = 7
Socket not ready, repolling fd = 7
Socket not ready, repolling fd = 7
Socket not ready, repolling fd = 7
Socket not ready, repolling fd = 7
Socket not ready, repolling fd = 7
Socket not ready, repolling fd = 7
Socket not ready, repolling fd = 7
Socket not ready, repolling fd = 7
Socket not ready, repolling fd = 7
Socket not ready, repolling fd = 7
Socket not ready, repolling fd = 7
Socket not ready, repolling fd = 7
Socket not ready, repolling fd = 7
Socket not ready, repolling fd = 7
Socket not ready, repolling fd = 8
Socket not ready, repolling fd = 8
Socket not ready, repolling fd = 8
Socket not ready, repolling fd = 8
Socket not ready, repolling fd = 8
Socket not ready, repolling fd = 8
Socket not ready, repolling fd = 8
Socket not ready, repolling fd = 8
Socket not ready, repolling fd = 8
Socket not ready, repolling fd = 8
Socket not ready, repolling fd = 8
Socket not ready, repolling fd = 8
Socket not ready, repolling fd = 8
Socket not ready, repolling fd = 8
Socket not ready, repolling fd = 8
Socket not ready, repolling fd = 8
Socket not ready, repolling fd = 8
Socket not ready, repolling fd = 8
Socket not ready, repolling fd = 8
Socket not ready, repolling fd = 8
Socket not ready, repolling fd = 8
Socket not ready, repolling fd = 8
Socket not ready, repolling fd = 8
Socket not ready, repolling fd = 8
Socket not ready, repolling fd = 8
Socket not ready, repolling fd = 8
Socket not ready, repolling fd = 8
Socket not ready, repolling fd = 8
Socket not ready, repolling fd = 8
Socket not ready, repolling fd = 8
Socket not ready, repolling fd = 8
Socket not ready, repolling fd = 8
Socket not ready, repolling fd = 8
Socket not ready, repolling fd = 8
Socket not ready, repolling fd = 8
Socket not ready, repolling fd = 8
Socket not ready, repolling fd = 8
Socket not ready, repolling fd = 8
Socket not ready, repolling fd = 8
Socket not ready, repolling fd = 8
Socket not ready, repolling fd = 8
Socket not ready, repolling fd = 8
Socket not ready, repolling fd = 8
Socket not ready, repolling fd = 8
Socket not ready, repolling fd = 8
Socket not ready, repolling fd = 8
Socket not ready, repolling fd = 8
Socket not ready, repolling fd = 8
Socket not ready, repolling fd = 8
Socket not ready, repolling fd = 8
Socket not ready, repolling fd = 8
Socket not ready, repolling fd = 8
Socket not ready, repolling fd = 8
Socket not ready, repolling fd = 8
Socket not ready, repolling fd = 8
Socket not ready, repolling fd = 8
Socket not ready, repolling fd = 8
Socket not ready, repolling fd = 8
Socket not ready, repolling fd = 8
Socket not ready, repolling fd = 8
Socket not ready, repolling fd = 8
Socket not ready, repolling fd = 8
Socket not ready, repolling fd = 8
Socket not ready, repolling fd = 8
Socket not ready, repolling fd = 8
Socket not ready, repolling fd = 8
Socket not ready, repolling fd = 8
Socket not ready, repolling fd = 8
Socket not ready, repolling fd = 8
Socket not ready, repolling fd = 8
Socket not ready, repolling fd = 8
Socket not ready, repolling fd = 8
Socket not ready, repolling fd = 8
Socket not ready, repolling fd = 8
Socket not ready, repolling fd = 8
Socket not ready, repolling fd = 8
Socket not ready, repolling fd = 8
Socket not ready, repolling fd = 8
Socket not ready, repolling fd = 8
Socket not ready, repolling fd = 8
Socket not ready, repolling fd = 8
Socket not ready, repolling fd = 8
Socket not ready, repolling fd = 8
Socket not ready, repolling fd = 8
Socket not ready, repolling fd = 8
Socket not ready, repolling fd = 8
Socket not ready, repolling fd = 8
Socket not ready, repolling fd = 8
Socket not ready, repolling fd = 8
Socket not ready, repolling fd = 8
Socket not ready, repolling fd = 8
Socket not ready, repolling fd = 8
Socket not ready, repolling fd = 8
Socket not ready, repolling fd = 8
Socket not ready, repolling fd = 8
Socket not ready, repolling fd = 8
Socket not ready, repolling fd = 8
Socket not ready, repolling fd = 8
Socket not ready, repolling fd = 8
Socket not ready, repolling fd = 8
Socket not ready, repolling fd = 8
Socket not ready, repolling fd = 8
Socket not ready, repolling fd = 8
Socket not ready, repolling fd = 8
Socket not ready, repolling fd = 8
Socket not ready, repolling fd = 8
Socket not ready, repolling fd = 8
Socket not ready, repolling fd = 8
Socket not ready, repolling fd = 8
Socket not ready, repolling fd = 8
Socket not ready, repolling fd = 8
Socket not ready, repolling fd = 8
Socket not ready, repolling fd = 8
Socket not ready, repolling fd = 8
Socket not ready, repolling fd = 8
Socket not ready, repolling fd = 8
Socket not ready, repolling fd = 8
Socket not ready, repolling fd = 8
Socket not ready, repolling fd = 8
Socket not ready, repolling fd = 8
Socket not ready, repolling fd = 8
Socket not ready, repolling fd = 8
Socket not ready, repolling fd = 8
Socket not ready, repolling fd = 8
Socket not ready, repolling fd = 8
Socket not ready, repolling fd = 8
Socket not ready, repolling fd = 8
Socket not ready, repolling fd = 8
Socket not ready, repolling fd = 8
Socket not ready, repolling fd = 8
Socket not ready, repolling fd = 8
Socket not ready, repolling fd = 8
Socket not ready, repolling fd = 8
Socket not ready, repolling fd = 8
Socket not ready, repolling fd = 8
Socket not ready, repolling fd = 8
Socket not ready, repolling fd = 8
Socket not ready, repolling fd = 8
Socket not ready, repolling fd = 8
Socket not ready, repolling fd = 8
Socket not ready, repolling fd = 8
Socket not ready, repolling fd = 8
Socket not ready, repolling fd = 8
Socket not ready, repolling fd = 8
Socket not ready, repolling fd = 8
Socket not ready, repolling fd = 8
Socket not ready, repolling fd = 8
Socket not ready, repolling fd = 8
Socket not ready, repolling fd = 8
Socket not ready, repolling fd = 8
Socket not ready, repolling fd = 8
Socket not ready, repolling fd = 8
Socket not ready, repolling fd = 8
Socket not ready, repolling fd = 8
Socket not ready, repolling fd = 8
Socket not ready, repolling fd = 8
Socket not ready, repolling fd = 8
Socket not ready, repolling fd = 8
Socket not ready, repolling fd = 8
Socket not ready, repolling fd = 8
Socket not ready, repolling fd = 8
Socket not ready, repolling fd = 8
Socket not ready, repolling fd = 8
Socket not ready, repolling fd = 8
Socket not ready, repolling fd = 8
Socket not ready, repolling fd = 8
Socket not ready, repolling fd = 8
Socket not ready, repolling fd = 8
Socket not ready, repolling fd = 8
Socket not ready, repolling fd = 8
Socket not ready, repolling fd = 8
Socket not ready, repolling fd = 8
Socket not ready, repolling fd = 8
Socket not ready, repolling fd = 8
Socket not ready, repolling fd = 8
Socket not ready, repolling fd = 8
Socket not ready, repolling fd = 8
Socket not ready, repolling fd = 8
Socket not ready, repolling fd = 8
Socket not ready, repolling fd = 8
Socket not ready, repolling fd = 8
Socket not ready, repolling fd = 8
Socket not ready, repolling fd = 8
Socket not ready, repolling fd = 8
Socket not ready, repolling fd = 8
Socket not ready, repolling fd = 8
Socket not ready, repolling fd = 8
Socket not ready, repolling fd = 8
Socket not ready, repolling fd = 8
Socket not ready, repolling fd = 8
Socket not ready, repolling fd = 8
Socket not ready, repolling fd = 8
Socket not ready, repolling fd = 8
Socket not ready, repolling fd = 8
Socket not ready, repolling fd = 8
Socket not ready, repolling fd = 8
Socket not ready, repolling fd = 8
Socket not ready, repolling fd = 8
Socket not ready, repolling fd = 8
Socket not ready, repolling fd = 8
Socket not ready, repolling fd = 8
Socket not ready, repolling fd = 8
Socket not ready, repolling fd = 8
Socket not ready, repolling fd = 8
Socket not ready, repolling fd = 8
Socket not ready, repolling fd = 8
Socket not ready, repolling fd = 8
Socket not ready, repolling fd = 8
Socket not ready, repolling fd = 8
Socket not ready, repolling fd = 8
Socket not ready, repolling fd = 8
Socket not ready, repolling fd = 8
Socket not ready, repolling fd = 8
Socket not ready, repolling fd = 8
Socket not ready, repolling fd = 8
Socket not ready, repolling fd = 8
Socket not ready, repolling fd = 8
Socket not ready, repolling fd = 8
Socket not ready, repolling fd = 8
Socket not ready, repolling fd = 8
Socket not ready, repolling fd = 8
Socket not ready, repolling fd = 8
Socket not ready, repolling fd = 8
Socket not ready, repolling fd = 8
Socket not ready, repolling fd = 8
Socket not ready, repolling fd = 8
Socket not ready, repolling fd = 8
Socket not ready, repolling fd = 8
Socket not ready, repolling fd = 8
Socket not ready, repolling fd = 9
Socket not ready, repolling fd = 9
Socket not ready, repolling fd = 9
Socket not ready, repolling fd = 9
Socket not ready, repolling fd = 9
Socket not ready, repolling fd = 9
Socket not ready, repolling fd = 9
Socket not ready, repolling fd = 9
Socket not ready, repolling fd = 9
Socket not ready, repolling fd = 9
Socket not ready, repolling fd = 9
Socket not ready, repolling fd = 9
Socket not ready, repolling fd = 9
Socket not ready, repolling fd = 9
Socket not ready, repolling fd = 9
Socket not ready, repolling fd = 9
Socket not ready, repolling fd = 9
Socket not ready, repolling fd = 9
Socket not ready, repolling fd = 9
Socket not ready, repolling fd = 9
Socket not ready, repolling fd = 9
Socket not ready, repolling fd = 9
Socket not ready, repolling fd = 9
Socket not ready, repolling fd = 9
Socket not ready, repolling fd = 9
Socket not ready, repolling fd = 9
Socket not ready, repolling fd = 9
Socket not ready, repolling fd = 9
Socket not ready, repolling fd = 9
Socket not ready, repolling fd = 9
Socket not ready, repolling fd = 9
Socket not ready, repolling fd = 9
Socket not ready, repolling fd = 9
Socket not ready, repolling fd = 9
Socket not ready, repolling fd = 9
Socket not ready, repolling fd = 9
Socket not ready, repolling fd = 9
Socket not ready, repolling fd = 9
Socket not ready, repolling fd = 9
Socket not ready, repolling fd = 9
Socket not ready, repolling fd = 9
Socket not ready, repolling fd = 9
Socket not ready, repolling fd = 9
Socket not ready, repolling fd = 9
Socket not ready, repolling fd = 9
Socket not ready, repolling fd = 9
Socket not ready, repolling fd = 9
Socket not ready, repolling fd = 9
Socket not ready, repolling fd = 9
Socket not ready, repolling fd = 9
Socket not ready, repolling fd = 9
Socket not ready, repolling fd = 9
Socket not ready, repolling fd = 9
Socket not ready, repolling fd = 9
Socket not ready, repolling fd = 9
Socket not ready, repolling fd = 9
Socket not ready, repolling fd = 9
Socket not ready, repolling fd = 9
Socket not ready, repolling fd = 9
Socket not ready, repolling fd = 9
Socket not ready, repolling fd = 9
Socket not ready, repolling fd = 9
Socket not ready, repolling fd = 9
Socket not ready, repolling fd = 9
Socket not ready, repolling fd = 9
Socket not ready, repolling fd = 9
Socket not ready, repolling fd = 9
Socket not ready, repolling fd = 9
Socket not ready, repolling fd = 9
Socket not ready, repolling fd = 9
Socket not ready, repolling fd = 9
Socket not ready, repolling fd = 9
Socket not ready, repolling fd = 9
Socket not ready, repolling fd = 9
Socket not ready, repolling fd = 9
Socket not ready, repolling fd = 9
Socket not ready, repolling fd = 9
Socket not ready, repolling fd = 9
Socket not ready, repolling fd = 9
Socket not ready, repolling fd = 9
Socket not ready, repolling fd = 9
Socket not ready, repolling fd = 9
Socket not ready, repolling fd = 9
Socket not ready, repolling fd = 9
Socket not ready, repolling fd = 9
Socket not ready, repolling fd = 9
Socket not ready, repolling fd = 9
Socket not ready, repolling fd = 9
Socket not ready, repolling fd = 9
Socket not ready, repolling fd = 9
Socket not ready, repolling fd = 9
Socket not ready, repolling fd = 9
Socket not ready, repolling fd = 9
Socket not ready, repolling fd = 9
Socket not ready, repolling fd = 9
Socket not ready, repolling fd = 9
Socket not ready, repolling fd = 9
Socket not ready, repolling fd = 9
Socket not ready, repolling fd = 9
Socket not ready, repolling fd = 9
Socket not ready, repolling fd = 9
Socket not ready, repolling fd = 9
Socket not ready, repolling fd = 9
Socket not ready, repolling fd = 9
Socket not ready, repolling fd = 9
Socket not ready, repolling fd = 9
Socket not ready, repolling fd = 9
Socket not ready, repolling fd = 9
Socket not ready, repolling fd = 9
Socket not ready, repolling fd = 9
Socket not ready, repolling fd = 9
Socket not ready, repolling fd = 9
Socket not ready, repolling fd = 9
Socket not ready, repolling fd = 9
Socket not ready, repolling fd = 9
Socket not ready, repolling fd = 9
Socket not ready, repolling fd = 9
Socket not ready, repolling fd = 9
Socket not ready, repolling fd = 9
Socket not ready, repolling fd = 9
Socket not ready, repolling fd = 9
Socket not ready, repolling fd = 9
Socket not ready, repolling fd = 9
Socket not ready, repolling fd = 9
Socket not ready, repolling fd = 9
Socket not ready, repolling fd = 9
Socket not ready, repolling fd = 9
Socket not ready, repolling fd = 9
Socket not ready, repolling fd = 9
Socket not ready, repolling fd = 9
Socket not ready, repolling fd = 9
Socket not ready, repolling fd = 9
Socket not ready, repolling fd = 9
Socket not ready, repolling fd = 9
Socket not ready, repolling fd = 9
Socket not ready, repolling fd = 9
Socket not ready, repolling fd = 9
Socket not ready, repolling fd = 9
Socket not ready, repolling fd = 9
Socket not ready, repolling fd = 9
Socket not ready, repolling fd = 9
Socket not ready, repolling fd = 9
Socket not ready, repolling fd = 9
Socket not ready, repolling fd = 9
Socket not ready, repolling fd = 9
Socket not ready, repolling fd = 9
Socket not ready, repolling fd = 9
Socket not ready, repolling fd = 9
Socket not ready, repolling fd = 9
Socket not ready, repolling fd = 9
Socket not ready, repolling fd = 9
Socket not ready, repolling fd = 9
Socket not ready, repolling fd = 9
Socket not ready, repolling fd = 9
Socket not ready, repolling fd = 9
Socket not ready, repolling fd = 9
Socket not ready, repolling fd = 9
Socket not ready, repolling fd = 9
Socket not ready, repolling fd = 9
Socket not ready, repolling fd = 9
Socket not ready, repolling fd = 9
Socket not ready, repolling fd = 9
Socket not ready, repolling fd = 9
Socket not ready, repolling fd = 9
Socket not ready, repolling fd = 9
Socket not ready, repolling fd = 9
Socket not ready, repolling fd = 9
Socket not ready, repolling fd = 9
Socket not ready, repolling fd = 9
Socket not ready, repolling fd = 9
Socket not ready, repolling fd = 9
Socket not ready, repolling fd = 9
Socket not ready, repolling fd = 9
Socket not ready, repolling fd = 9
Socket not ready, repolling fd = 9
Socket not ready, repolling fd = 9
Socket not ready, repolling fd = 9
Socket not ready, repolling fd = 9
Socket not ready, repolling fd = 9
Socket not ready, repolling fd = 9
Socket not ready, repolling fd = 9
Socket not ready, repolling fd = 9
Socket not ready, repolling fd = 9
Socket not ready, repolling fd = 9
Socket not ready, repolling fd = 9
Socket not ready, repolling fd = 9
Socket not ready, repolling fd = 9
Socket not ready, repolling fd = 9
Socket not ready, repolling fd = 9
Socket not ready, repolling fd = 9
Socket not ready, repolling fd = 9
Socket not ready, repolling fd = 9
Socket not ready, repolling fd = 9
Socket not ready, repolling fd = 9
Socket not ready, repolling fd = 9
Socket not ready, repolling fd = 9
Socket not ready, repolling fd = 9
Socket not ready, repolling fd = 9
Socket not ready, repolling fd = 9
Socket not ready, repolling fd = 9
Socket not ready, repolling fd = 9
Socket not ready, repolling fd = 9
Socket not ready, repolling fd = 9
Socket not ready, repolling fd = 9
Socket not ready, repolling fd = 9
Socket not ready, repolling fd = 9
Socket not ready, repolling fd = 9
Socket not ready, repolling fd = 9
Socket not ready, repolling fd = 9
Socket not ready, repolling fd = 9
Socket not ready, repolling fd = 9
Socket not ready, repolling fd = 9
Socket not ready, repolling fd = 9
Socket not ready, repolling fd = 9
Socket not ready, repolling fd = 9
Socket not ready, repolling fd = 9
Socket not ready, repolling fd = 9
Socket not ready, repolling fd = 9
Socket not ready, repolling fd = 9
Socket not ready, repolling fd = 9
Socket not ready, repolling fd = 9
Socket not ready, repolling fd = 9
Socket not ready, repolling fd = 9
Socket not ready, repolling fd = 9
Socket not ready, repolling fd = 9
Socket not ready, repolling fd = 9
Socket not ready, repolling fd = 9
Socket not ready, repolling fd = 9
Socket not ready, repolling fd = 9
Socket not ready, repolling fd = 9
Socket not ready, repolling fd = 9
Socket not ready, repolling fd = 9
Socket not ready, repolling fd = 9
Socket not ready, repolling fd = 9
Socket not ready, repolling fd = 9
Socket not ready, repolling fd = 9
Socket not ready, repolling fd = 9
Socket not ready, repolling fd = 9
Socket not ready, repolling fd = 9
Socket not ready, repolling fd = 9
Socket not ready, repolling fd = 9
Socket not ready, repolling fd = 9
Socket not ready, repolling fd = 9
Socket not ready, repolling fd = 9
Socket not ready, repolling fd = 9
Socket not ready, repolling fd = 9
Socket not ready, repolling fd = 9
Socket not ready, repolling fd = 9
Socket not ready, repolling fd = 9
Socket not ready, repolling fd = 9
Socket not ready, repolling fd = 9
Socket not ready, repolling fd = 9
Socket not ready, repolling fd = 9
Socket not ready, repolling fd = 9
Socket not ready, repolling fd = 9
Socket not ready, repolling fd = 9
Socket not ready, repolling fd = 9
Socket not ready, repolling fd = 9
Socket not ready, repolling fd = 9
Socket not ready, repolling fd = 9
Socket not ready, repolling fd = 9
Socket not ready, repolling fd = 9
Socket not ready, repolling fd = 9
Socket not ready, repolling fd = 9
Socket not ready, repolling fd = 9
Socket not ready, repolling fd = 9
Socket not ready, repolling fd = 9
Socket not ready, repolling fd = 9
Socket not ready, repolling fd = 9
Socket not ready, repolling fd = 9
Socket not ready, repolling fd = 9
Socket not ready, repolling fd = 9
Socket not ready, repolling fd = 9
Socket not ready, repolling fd = 9
Socket not ready, repolling fd = 9
Socket not ready, repolling fd = 9
Socket not ready, repolling fd = 9
Socket not ready, repolling fd = 9
Socket not ready, repolling fd = 9
Socket not ready, repolling fd = 9
Socket not ready, repolling fd = 9
Socket not ready, repolling fd = 9
Socket not ready, repolling fd = 9
Socket not ready, repolling fd = 9
Socket not ready, repolling fd = 9
Socket not ready, repolling fd = 9
Socket not ready, repolling fd = 9
Socket not ready, repolling fd = 9
Socket not ready, repolling fd = 9
Socket not ready, repolling fd = 9
Socket not ready, repolling fd = 9
Socket not ready, repolling fd = 9
Socket not ready, repolling fd = 9
Socket not ready, repolling fd = 9
Socket not ready, repolling fd = 9
Socket not ready, repolling fd = 9
Socket not ready, repolling fd = 9
Socket not ready, repolling fd = 9
Socket not ready, repolling fd = 9
Socket not ready, repolling fd = 9
Socket not ready, repolling fd = 9
Socket not ready, repolling fd = 9
Socket not ready, repolling fd = 9
Socket not ready, repolling fd = 9
Socket not ready, repolling fd = 9
Socket not ready, repolling fd = 9
Socket not ready, repolling fd = 9
Socket not ready, repolling fd = 9
Socket not ready, repolling fd = 9
Socket not ready, repolling fd = 9
Socket not ready, repolling fd = 9
Socket not ready, repolling fd = 9
Socket not ready, repolling fd = 9
Socket not ready, repolling fd = 9
Socket not ready, repolling fd = 9
Socket not ready, repolling fd = 9
Socket not ready, repolling fd = 9
Socket not ready, repolling fd = 9
Socket not ready, repolling fd = 9
Socket not ready, repolling fd = 9
Socket not ready, repolling fd = 9
Socket not ready, repolling fd = 9
Socket not ready, repolling fd = 9
Socket not ready, repolling fd = 9
Socket not ready, repolling fd = 9
Socket not ready, repolling fd = 9
Socket not ready, repolling fd = 9
Socket not ready, repolling fd = 9
Socket not ready, repolling fd = 9
Socket not ready, repolling fd = 9
Socket not ready, repolling fd = 9
Socket not ready, repolling fd = 9
Socket not ready, repolling fd = 9
Socket not ready, repolling fd = 9
Socket not ready, repolling fd = 9
Socket not ready, repolling fd = 9
Socket not ready, repolling fd = 9
Socket not ready, repolling fd = 9
Socket not ready, repolling fd = 9
Socket not ready, repolling fd = 9
Socket not ready, repolling fd = 9
Socket not ready, repolling fd = 9
Socket not ready, repolling fd = 9
Socket not ready, repolling fd = 9
Socket not ready, repolling fd = 9
Socket not ready, repolling fd = 9
Socket not ready, repolling fd = 9
Socket not ready, repolling fd = 9
Socket not ready, repolling fd = 9
Socket not ready, repolling fd = 9
Socket not ready, repolling fd = 9
Socket not ready, repolling fd = 9
Socket not ready, repolling fd = 9
Socket not ready, repolling fd = 9
Socket not ready, repolling fd = 9
Socket not ready, repolling fd = 9
Socket not ready, repolling fd = 9
Socket not ready, repolling fd = 9
Socket not ready, repolling fd = 9
Socket not ready, repolling fd = 9
Socket not ready, repolling fd = 9
Socket not ready, repolling fd = 9
Socket not ready, repolling fd = 9
Socket not ready, repolling fd = 9
Socket not ready, repolling fd = 9
Socket not ready, repolling fd = 9
Socket not ready, repolling fd = 9
Socket not ready, repolling fd = 9
Socket not ready, repolling fd = 9
Socket not ready, repolling fd = 9
Socket not ready, repolling fd = 9
Socket not ready, repolling fd = 9
Socket not ready, repolling fd = 9
Socket not ready, repolling fd = 9
Socket not ready, repolling fd = 9
Socket not ready, repolling fd = 9
Socket not ready, repolling fd = 9
Socket not ready, repolling fd = 9
Socket not ready, repolling fd = 7
Socket not ready, repolling fd = 7
Socket not ready, repolling fd = 7
Socket not ready, repolling fd = 7
Socket not ready, repolling fd = 7
Socket not ready, repolling fd = 7
Socket not ready, repolling fd = 7
Socket not ready, repolling fd = 7
Socket not ready, repolling fd = 7
Socket not ready, repolling fd = 7
Socket not ready, repolling fd = 7
Socket not ready, repolling fd = 7
Socket not ready, repolling fd = 7
Socket not ready, repolling fd = 7
Socket not ready, repolling fd = 7
Socket not ready, repolling fd = 7
Socket not ready, repolling fd = 7
Socket not ready, repolling fd = 7
Socket not ready, repolling fd = 7
Socket not ready, repolling fd = 7
Socket not ready, repolling fd = 7
Socket not ready, repolling fd = 7
Socket not ready, repolling fd = 7
Socket not ready, repolling fd = 7
Socket not ready, repolling fd = 7
Socket not ready, repolling fd = 7
Socket not ready, repolling fd = 7
Socket not ready, repolling fd = 7
Socket not ready, repolling fd = 7
Socket not ready, repolling fd = 7
Socket not ready, repolling fd = 7
Socket not ready, repolling fd = 7
Socket not ready, repolling fd = 7
Socket not ready, repolling fd = 7
Socket not ready, repolling fd = 7
Socket not ready, repolling fd = 7
Socket not ready, repolling fd = 7
Socket not ready, repolling fd = 7
Socket not ready, repolling fd = 7
Socket not ready, repolling fd = 7
Socket not ready, repolling fd = 7
Socket not ready, repolling fd = 7
Socket not ready, repolling fd = 7
Socket not ready, repolling fd = 7
Socket not ready, repolling fd = 7
Socket not ready, repolling fd = 7
Socket not ready, repolling fd = 7
Socket not ready, repolling fd = 7
Socket not ready, repolling fd = 7
Socket not ready, repolling fd = 7
Socket not ready, repolling fd = 7
Socket not ready, repolling fd = 7
Socket not ready, repolling fd = 7
Socket not ready, repolling fd = 7
Socket not ready, repolling fd = 7
Socket not ready, repolling fd = 7
Socket not ready, repolling fd = 7
Socket not ready, repolling fd = 7
Socket not ready, repolling fd = 7
Socket not ready, repolling fd = 7
Socket not ready, repolling fd = 7
Socket not ready, repolling fd = 7
Socket not ready, repolling fd = 7
Socket not ready, repolling fd = 7
Socket not ready, repolling fd = 7
Socket not ready, repolling fd = 7
Socket not ready, repolling fd = 7
Socket not ready, repolling fd = 7
Socket not ready, repolling fd = 7
Socket not ready, repolling fd = 7
Socket not ready, repolling fd = 7
Socket not ready, repolling fd = 7
Socket not ready, repolling fd = 7
Socket not ready, repolling fd = 7
Socket not ready, repolling fd = 7
Socket not ready, repolling fd = 7
Socket not ready, repolling fd = 7
Socket not ready, repolling fd = 7
Socket not ready, repolling fd = 7
Socket not ready, repolling fd = 7
Socket not ready, repolling fd = 7
Socket not ready, repolling fd = 7
Socket not ready, repolling fd = 7
Socket not ready, repolling fd = 7
Socket not ready, repolling fd = 7
Socket not ready, repolling fd = 7
Socket not ready, repolling fd = 7
Socket not ready, repolling fd = 7
Socket not ready, repolling fd = 7
Socket not ready, repolling fd = 7
Socket not ready, repolling fd = 7
Socket not ready, repolling fd = 7
Socket not ready, repolling fd = 7
Socket not ready, repolling fd = 7
Socket not ready, repolling fd = 7
Socket not ready, repolling fd = 7
Socket not ready, repolling fd = 7
Socket not ready, repolling fd = 7
Socket not ready, repolling fd = 7
Socket not ready, repolling fd = 7
Socket not ready, repolling fd = 7
Socket not ready, repolling fd = 7
Socket not ready, repolling fd = 7
Socket not ready, repolling fd = 7
Socket not ready, repolling fd = 7
Socket not ready, repolling fd = 7
Socket not ready, repolling fd = 7
Socket not ready, repolling fd = 7
Socket not ready, repolling fd = 7
Socket not ready, repolling fd = 7
Socket not ready, repolling fd = 7
Socket not ready, repolling fd = 7
Socket not ready, repolling fd = 7
Socket not ready, repolling fd = 7
Socket not ready, repolling fd = 7
Socket not ready, repolling fd = 7
Socket not ready, repolling fd = 7
Socket not ready, repolling fd = 7
Socket not ready, repolling fd = 7
Socket not ready, repolling fd = 7
Socket not ready, repolling fd = 7
Socket not ready, repolling fd = 7
Socket not ready, repolling fd = 7
Socket not ready, repolling fd = 7
Socket not ready, repolling fd = 7
Socket not ready, repolling fd = 7
Socket not ready, repolling fd = 7
Socket not ready, repolling fd = 7
Socket not ready, repolling fd = 7
Socket not ready, repolling fd = 7
Socket not ready, repolling fd = 7
Socket not ready, repolling fd = 7
Socket not ready, repolling fd = 7
Socket not ready, repolling fd = 7
Socket not ready, repolling fd = 7
Socket not ready, repolling fd = 7
Socket not ready, repolling fd = 7
Socket not ready, repolling fd = 7
Socket not ready, repolling fd = 7
Socket not ready, repolling fd = 7
Socket not ready, repolling fd = 7
Socket not ready, repolling fd = 7
Socket not ready, repolling fd = 7
Socket not ready, repolling fd = 7
Socket not ready, repolling fd = 7
Socket not ready, repolling fd = 7
Socket not ready, repolling fd = 7
Socket not ready, repolling fd = 7
Socket not ready, repolling fd = 7
Socket not ready, repolling fd = 7
Socket not ready, repolling fd = 7
Socket not ready, repolling fd = 7
Socket not ready, repolling fd = 7
Socket not ready, repolling fd = 7
Socket not ready, repolling fd = 7
Socket not ready, repolling fd = 7
Socket not ready, repolling fd = 7
Socket not ready, repolling fd = 7
Socket not ready, repolling fd = 7
Socket not ready, repolling fd = 7
Socket not ready, repolling fd = 7
Socket not ready, repolling fd = 7
Socket not ready, repolling fd = 7
Socket not ready, repolling fd = 7
Socket not ready, repolling fd = 7
Socket not ready, repolling fd = 7
Socket not ready, repolling fd = 7
Socket not ready, repolling fd = 7
Socket not ready, repolling fd = 7
Socket not ready, repolling fd = 7
Socket not ready, repolling fd = 7
Socket not ready, repolling fd = 7
Socket not ready, repolling fd = 7
Socket not ready, repolling fd = 7
Socket not ready, repolling fd = 7
Socket not ready, repolling fd = 7
Socket not ready, repolling fd = 7
Socket not ready, repolling fd = 7
Socket not ready, repolling fd = 7
Socket not ready, repolling fd = 7
Socket not ready, repolling fd = 7
Socket not ready, repolling fd = 7
Socket not ready, repolling fd = 7
Socket not ready, repolling fd = 7
Socket not ready, repolling fd = 7
Socket not ready, repolling fd = 7
Socket not ready, repolling fd = 7
Socket not ready, repolling fd = 7
Socket not ready, repolling fd = 7
Socket not ready, repolling fd = 7
Socket not ready, repolling fd = 7
Socket not ready, repolling fd = 7
Socket not ready, repolling fd = 7
Socket not ready, repolling fd = 7
Socket not ready, repolling fd = 7
Socket not ready, repolling fd = 7
Socket not ready, repolling fd = 7
Socket not ready, repolling fd = 7
Socket not ready, repolling fd = 7
Socket not ready, repolling fd = 7
Socket not ready, repolling fd = 7
Socket not ready, repolling fd = 7
Socket not ready, repolling fd = 7
Socket not ready, repolling fd = 7
Socket not ready, repolling fd = 7
Socket not ready, repolling fd = 7
Socket not ready, repolling fd = 7
Socket not ready, repolling fd = 7
Socket not ready, repolling fd = 7
Socket not ready, repolling fd = 7
Socket not ready, repolling fd = 7
Socket not ready, repolling fd = 7
Socket not ready, repolling fd = 7
Socket not ready, repolling fd = 7
Socket not ready, repolling fd = 7
Socket not ready, repolling fd = 7
Socket not ready, repolling fd = 7
Socket not ready, repolling fd = 7
Socket not ready, repolling fd = 7
Socket not ready, repolling fd = 7
Socket not ready, repolling fd = 7
Socket not ready, repolling fd = 7
Socket not ready, repolling fd = 7
Socket not ready, repolling fd = 7
Socket not ready, repolling fd = 7
Socket not ready, repolling fd = 7
Socket not ready, repolling fd = 7
Socket not ready, repolling fd = 7
Socket not ready, repolling fd = 7
Socket not ready, repolling fd = 7
Socket not ready, repolling fd = 7
Socket not ready, repolling fd = 7
Socket not ready, repolling fd = 7
Socket not ready, repolling fd = 7
Socket not ready, repolling fd = 7
Socket not ready, repolling fd = 7
Socket not ready, repolling fd = 7
Socket not ready, repolling fd = 7
Socket not ready, repolling fd = 7
Socket not ready, repolling fd = 7
Socket not ready, repolling fd = 7
Socket not ready, repolling fd = 7
Socket not ready, repolling fd = 7
Socket not ready, repolling fd = 7
Socket not ready, repolling fd = 7
Socket not ready, repolling fd = 7
Socket not ready, repolling fd = 7
Socket not ready, repolling fd = 7
Socket not ready, repolling fd = 7
Socket not ready, repolling fd = 7
Socket not ready, repolling fd = 7
Socket not ready, repolling fd = 7
Socket not ready, repolling fd = 7
Socket not ready, repolling fd = 7
Socket not ready, repolling fd = 7
Socket not ready, repolling fd = 7
Socket not ready, repolling fd = 7
Socket not ready, repolling fd = 7
Socket not ready, repolling fd = 7
Socket not ready, repolling fd = 7
Socket not ready, repolling fd = 7
Socket not ready, repolling fd = 7
Socket not ready, repolling fd = 7
Socket not ready, repolling fd = 7
Socket not ready, repolling fd = 7
Socket not ready, repolling fd = 7
Socket not ready, repolling fd = 7
Socket not ready, repolling fd = 7
Socket not ready, repolling fd = 7
Socket not ready, repolling fd = 7
Socket not ready, repolling fd = 7
Socket not ready, repolling fd = 7
Socket not ready, repolling fd = 7
Socket not ready, repolling fd = 7
Socket not ready, repolling fd = 7
Socket not ready, repolling fd = 7
Socket not ready, repolling fd = 7
Socket not ready, repolling fd = 7
Socket not ready, repolling fd = 7
Socket not ready, repolling fd = 7
Socket not ready, repolling fd = 7
Socket not ready, repolling fd = 7
Socket not ready, repolling fd = 7
Socket not ready, repolling fd = 7
Socket not ready, repolling fd = 7
Socket not ready, repolling fd = 7
Socket not ready, repolling fd = 7
Socket not ready, repolling fd = 7
Socket not ready, repolling fd = 7
Socket not ready, repolling fd = 7
Socket not ready, repolling fd = 7
Socket not ready, repolling fd = 7
Socket not ready, repolling fd = 7
Socket not ready, repolling fd = 7
Socket not ready, repolling fd = 7
Socket not ready, repolling fd = 7
Socket not ready, repolling fd = 7
Socket not ready, repolling fd = 7
Socket not ready, repolling fd = 7
Socket not ready, repolling fd = 7
Socket not ready, repolling fd = 7
Socket not ready, repolling fd = 7
Socket not ready, repolling fd = 7
Socket not ready, repolling fd = 7
Socket not ready, repolling fd = 7
Socket not ready, repolling fd = 7
Socket not ready, repolling fd = 7
Socket not ready, repolling fd = 7
Socket not ready, repolling fd = 7
Socket not ready, repolling fd = 7
Socket not ready, repolling fd = 7
Socket not ready, repolling fd = 7
Socket not ready, repolling fd = 7
Socket not ready, repolling fd = 7
Socket not ready, repolling fd = 7
Socket not ready, repolling fd = 7
Socket not ready, repolling fd = 7
Socket not ready, repolling fd = 7
Socket not ready, repolling fd = 7
Socket not ready, repolling fd = 7
Socket not ready, repolling fd = 7
Socket not ready, repolling fd = 7
Socket not ready, repolling fd = 7
Socket not ready, repolling fd = 7
Socket not ready, repolling fd = 7
Socket not ready, repolling fd = 7
Socket not ready, repolling fd = 7
Socket not ready, repolling fd = 7
Socket not ready, repolling fd = 7
Socket not ready, repolling fd = 7
Socket not ready, repolling fd = 7
Socket not ready, repolling fd = 7
Socket not ready, repolling fd = 7
Socket not ready, repolling fd = 7
Socket not ready, repolling fd = 7
Socket not ready, repolling fd = 7
Socket not ready, repolling fd = 7
Socket not ready, repolling fd = 7
Socket not ready, repolling fd = 7
Socket not ready, repolling fd = 7
Socket not ready, repolling fd = 7
Socket not ready, repolling fd = 7
Socket not ready, repolling fd = 7
Socket not ready, repolling fd = 7
Socket not ready, repolling fd = 7
Socket not ready, repolling fd = 7
Socket not ready, repolling fd = 7
Socket not ready, repolling fd = 7
Socket not ready, repolling fd = 7
Socket not ready, repolling fd = 7
Socket not ready, repolling fd = 7
Socket not ready, repolling fd = 7
Socket not ready, repolling fd = 7
Socket not ready, repolling fd = 7
Socket not ready, repolling fd = 7
Socket not ready, repolling fd = 7
Socket not ready, repolling fd = 7
Socket not ready, repolling fd = 7
Socket not ready, repolling fd = 7
Socket not ready, repolling fd = 7
Socket not ready, repolling fd = 7
Socket not ready, repolling fd = 7
Socket not ready, repolling fd = 7
Socket not ready, repolling fd = 7
Socket not ready, repolling fd = 7
Socket not ready, repolling fd = 7
Socket not ready, repolling fd = 7
Socket not ready, repolling fd = 7
Socket not ready, repolling fd = 7
Socket not ready, repolling fd = 7
Socket not ready, repolling fd = 7
Socket not ready, repolling fd = 7
Socket not ready, repolling fd = 7
Socket not ready, repolling fd = 7
Socket not ready, repolling fd = 7
Socket not ready, repolling fd = 7
Socket not ready, repolling fd = 7
Socket not ready, repolling fd = 7
Socket not ready, repolling fd = 7
Socket not ready, repolling fd = 7
Socket not ready, repolling fd = 7
Socket not ready, repolling fd = 7
Socket not ready, repolling fd = 7
Socket not ready, repolling fd = 7
Socket not ready, repolling fd = 7
Socket not ready, repolling fd = 7
Socket not ready, repolling fd = 7
Socket not ready, repolling fd = 7
Socket not ready, repolling fd = 7
Socket not ready, repolling fd = 7
Socket not ready, repolling fd = 7
Socket not ready, repolling fd = 7
Socket not ready, repolling fd = 7
Socket not ready, repolling fd = 7
Socket not ready, repolling fd = 7
Socket not ready, repolling fd = 7
Socket not ready, repolling fd = 7
Socket not ready, repolling fd = 7
Socket not ready, repolling fd = 7
Socket not ready, repolling fd = 7
Socket not ready, repolling fd = 7
Socket not ready, repolling fd = 7
Socket not ready, repolling fd = 7
Socket not ready, repolling fd = 7
Socket not ready, repolling fd = 7
Socket not ready, repolling fd = 7
Socket not ready, repolling fd = 7
Socket not ready, repolling fd = 7
Socket not ready, repolling fd = 7
Socket not ready, repolling fd = 7
Socket not ready, repolling fd = 7
Socket not ready, repolling fd = 7
Socket not ready, repolling fd = 7
Socket not ready, repolling fd = 7
Socket not ready, repolling fd = 7
Socket not ready, repolling fd = 7
Socket not ready, repolling fd = 7
Socket not ready, repolling fd = 7
Socket not ready, repolling fd = 7
Socket not ready, repolling fd = 7
Socket not ready, repolling fd = 7
Socket not ready, repolling fd = 7
Socket not ready, repolling fd = 7
Socket not ready, repolling fd = 7
Socket not ready, repolling fd = 7
Socket not ready, repolling fd = 7
Socket not ready, repolling fd = 7
Socket not ready, repolling fd = 7
Socket not ready, repolling fd = 7
Socket not ready, repolling fd = 7
Socket not ready, repolling fd = 7
Socket not ready, repolling fd = 7
Socket not ready, repolling fd = 7
Socket not ready, repolling fd = 7
Socket not ready, repolling fd = 7
Socket not ready, repolling fd = 7
Socket not ready, repolling fd = 7
Socket not ready, repolling fd = 7
Socket not ready, repolling fd = 7
Socket not ready, repolling fd = 7
Socket not ready, repolling fd = 7
Socket not ready, repolling fd = 7
Socket not ready, repolling fd = 7
Socket not ready, repolling fd = 7
Socket not ready, repolling fd = 7
Socket not ready, repolling fd = 7
Socket not ready, repolling fd = 7
Socket not ready, repolling fd = 7
Socket not ready, repolling fd = 7
Socket not ready, repolling fd = 7
Socket not ready, repolling fd = 7
Socket not ready, repolling fd = 7
Socket not ready, repolling fd = 7
Socket not ready, repolling fd = 7
Socket not ready, repolling fd = 7
Socket not ready, repolling fd = 7
Socket not ready, repolling fd = 7
Socket not ready, repolling fd = 7
Socket not ready, repolling fd = 7
Socket not ready, repolling fd = 7
Socket not ready, repolling fd = 7
Socket not ready, repolling fd = 7
Socket not ready, repolling fd = 7
Socket not ready, repolling fd = 7
Socket not ready, repolling fd = 7
Socket not ready, repolling fd = 7
Socket not ready, repolling fd = 7
Socket not ready, repolling fd = 7
Socket not ready, repolling fd = 7
Socket not ready, repolling fd = 7
Socket not ready, repolling fd = 7
Socket not ready, repolling fd = 7
Socket not ready, repolling fd = 7
Socket not ready, repolling fd = 7
Socket not ready, repolling fd = 7
Socket not ready, repolling fd = 7
Socket not ready, repolling fd = 7
Socket not ready, repolling fd = 7
Socket not ready, repolling fd = 7
Socket not ready, repolling fd = 7
Socket not ready, repolling fd = 7
Socket not ready, repolling fd = 7
Socket not ready, repolling fd = 7
Socket not ready, repolling fd = 7
Socket not ready, repolling fd = 7
Socket not ready, repolling fd = 7
Socket not ready, repolling fd = 7
Socket not ready, repolling fd = 7
Socket not ready, repolling fd = 7
Socket not ready, repolling fd = 7
Socket not ready, repolling fd = 7
Socket not ready, repolling fd = 7
Socket not ready, repolling fd = 7
Socket not ready, repolling fd = 7
Socket not ready, repolling fd = 7
Socket not ready, repolling fd = 7
Socket not ready, repolling fd = 7
Socket not ready, repolling fd = 7
Socket not ready, repolling fd = 7
Socket not ready, repolling fd = 7
Socket not ready, repolling fd = 7
Socket not ready, repolling fd = 7
Socket not ready, repolling fd = 7
Socket not ready, repolling fd = 7
Socket not ready, repolling fd = 7
Socket not ready, repolling fd = 7
Socket not ready, repolling fd = 7
Socket not ready, repolling fd = 7
Socket not ready, repolling fd = 7
Socket not ready, repolling fd = 7
Socket not ready, repolling fd = 7
Socket not ready, repolling fd = 7
Socket not ready, repolling fd = 7
Socket not ready, repolling fd = 7
Socket not ready, repolling fd = 7
Socket not ready, repolling fd = 7
Socket not ready, repolling fd = 7
Socket not ready, repolling fd = 7
Socket not ready, repolling fd = 7
Socket not ready, repolling fd = 7
Socket not ready, repolling fd = 7
Socket not ready, repolling fd = 7
Socket not ready, repolling fd = 8
Socket not ready, repolling fd = 8
Socket not ready, repolling fd = 8
Socket not ready, repolling fd = 8
Socket not ready, repolling fd = 8
Socket not ready, repolling fd = 8
Socket not ready, repolling fd = 8
Socket not ready, repolling fd = 8
Socket not ready, repolling fd = 8
Socket not ready, repolling fd = 8
Socket not ready, repolling fd = 8
Socket not ready, repolling fd = 8
Socket not ready, repolling fd = 8
Socket not ready, repolling fd = 8
Socket not ready, repolling fd = 8
Socket not ready, repolling fd = 8
Socket not ready, repolling fd = 8
Socket not ready, repolling fd = 8
Socket not ready, repolling fd = 8
Socket not ready, repolling fd = 8
Socket not ready, repolling fd = 8
Socket not ready, repolling fd = 8
Socket not ready, repolling fd = 8
Socket not ready, repolling fd = 8
Socket not ready, repolling fd = 8
Socket not ready, repolling fd = 8
Socket not ready, repolling fd = 8
Socket not ready, repolling fd = 8
Socket not ready, repolling fd = 8
Socket not ready, repolling fd = 8
Socket not ready, repolling fd = 8
Socket not ready, repolling fd = 8
Socket not ready, repolling fd = 8
Socket not ready, repolling fd = 8
Socket not ready, repolling fd = 8
Socket not ready, repolling fd = 8
Socket not ready, repolling fd = 8
Socket not ready, repolling fd = 8
Socket not ready, repolling fd = 8
Socket not ready, repolling fd = 8
Socket not ready, repolling fd = 8
Socket not ready, repolling fd = 8
Socket not ready, repolling fd = 8
Socket not ready, repolling fd = 8
Socket not ready, repolling fd = 8
Socket not ready, repolling fd = 8
Socket not ready, repolling fd = 8
Socket not ready, repolling fd = 8
Socket not ready, repolling fd = 8
Socket not ready, repolling fd = 8
Socket not ready, repolling fd = 8
Socket not ready, repolling fd = 8
Socket not ready, repolling fd = 8
Socket not ready, repolling fd = 8
Socket not ready, repolling fd = 8
Socket not ready, repolling fd = 8
Socket not ready, repolling fd = 8
Socket not ready, repolling fd = 8
Socket not ready, repolling fd = 8
Socket not ready, repolling fd = 8
Socket not ready, repolling fd = 8
Socket not ready, repolling fd = 8
Socket not ready, repolling fd = 8
Socket not ready, repolling fd = 8
Socket not ready, repolling fd = 7
Socket not ready, repolling fd = 9
Socket not ready, repolling fd = 9
Socket not ready, repolling fd = 9
Socket not ready, repolling fd = 9
Socket not ready, repolling fd = 9
Socket not ready, repolling fd = 9
Socket not ready, repolling fd = 9
Socket not ready, repolling fd = 9
Socket not ready, repolling fd = 9
Socket not ready, repolling fd = 9
Socket not ready, repolling fd = 9
Socket not ready, repolling fd = 9
Socket not ready, repolling fd = 9
Socket not ready, repolling fd = 9
Socket not ready, repolling fd = 9
Socket not ready, repolling fd = 9
Socket not ready, repolling fd = 9
Socket not ready, repolling fd = 9
Socket not ready, repolling fd = 9
Socket not ready, repolling fd = 9
Socket not ready, repolling fd = 9
Socket not ready, repolling fd = 9
Socket not ready, repolling fd = 9
Socket not ready, repolling fd = 9
Socket not ready, repolling fd = 9
Socket not ready, repolling fd = 9
Socket not ready, repolling fd = 9
Socket not ready, repolling fd = 9
Socket not ready, repolling fd = 9
Socket not ready, repolling fd = 9
Socket not ready, repolling fd = 9
Socket not ready, repolling fd = 9
Socket not ready, repolling fd = 9
Socket not ready, repolling fd = 9
Socket not ready, repolling fd = 9
Socket not ready, repolling fd = 9
Socket not ready, repolling fd = 9
Socket not ready, repolling fd = 9
Socket not ready, repolling fd = 9
Socket not ready, repolling fd = 9
Socket not ready, repolling fd = 9
Socket not ready, repolling fd = 9
Socket not ready, repolling fd = 9
Socket not ready, repolling fd = 9
Socket not ready, repolling fd = 9
Socket not ready, repolling fd = 9
Socket not ready, repolling fd = 9
Socket not ready, repolling fd = 9
Socket not ready, repolling fd = 9
Socket not ready, repolling fd = 9
Socket not ready, repolling fd = 9
Socket not ready, repolling fd = 9
Socket not ready, repolling fd = 9
Socket not ready, repolling fd = 9
Socket not ready, repolling fd = 9
Socket not ready, repolling fd = 9
Socket not ready, repolling fd = 9
Socket not ready, repolling fd = 9
Socket not ready, repolling fd = 9
Socket not ready, repolling fd = 9
Socket not ready, repolling fd = 9
Socket not ready, repolling fd = 9
Socket not ready, repolling fd = 9
Socket not ready, repolling fd = 9
Socket not ready, repolling fd = 9
Socket not ready, repolling fd = 9
Socket not ready, repolling fd = 9
Socket not ready, repolling fd = 9
Socket not ready, repolling fd = 9
Socket not ready, repolling fd = 9
Socket not ready, repolling fd = 9
Socket not ready, repolling fd = 9
Socket not ready, repolling fd = 9
Socket not ready, repolling fd = 9
Socket not ready, repolling fd = 9
Socket not ready, repolling fd = 9
Socket not ready, repolling fd = 9
Socket not ready, repolling fd = 9
Socket not ready, repolling fd = 9
Socket not ready, repolling fd = 9
Socket not ready, repolling fd = 9
Socket not ready, repolling fd = 9
Socket not ready, repolling fd = 9
Socket not ready, repolling fd = 9
Socket not ready, repolling fd = 9
Socket not ready, repolling fd = 9
Socket not ready, repolling fd = 9
Socket not ready, repolling fd = 9
Socket not ready, repolling fd = 9
Socket not ready, repolling fd = 9
Socket not ready, repolling fd = 9
Socket not ready, repolling fd = 9
Socket not ready, repolling fd = 9
Socket not ready, repolling fd = 9
Socket not ready, repolling fd = 9
Socket not ready, repolling fd = 9
Socket not ready, repolling fd = 9
Socket not ready, repolling fd = 9
Socket not ready, repolling fd = 9
Socket not ready, repolling fd = 9
Socket not ready, repolling fd = 9
Socket not ready, repolling fd = 9
Socket not ready, repolling fd = 9
Socket not ready, repolling fd = 9
Socket not ready, repolling fd = 9
Socket not ready, repolling fd = 9
Socket not ready, repolling fd = 9
Socket not ready, repolling fd = 9
Socket not ready, repolling fd = 9
Socket not ready, repolling fd = 9
Socket not ready, repolling fd = 9
Socket not ready, repolling fd = 9
Socket not ready, repolling fd = 9
Socket not ready, repolling fd = 9
Socket not ready, repolling fd = 9
Socket not ready, repolling fd = 9
Socket not ready, repolling fd = 9
Socket not ready, repolling fd = 9
Socket not ready, repolling fd = 9
Socket not ready, repolling fd = 9
Socket not ready, repolling fd = 9
Socket not ready, repolling fd = 9
Socket not ready, repolling fd = 9
Socket not ready, repolling fd = 9
Socket not ready, repolling fd = 9
Socket not ready, repolling fd = 9
Socket not ready, repolling fd = 9
Socket not ready, repolling fd = 9
Socket not ready, repolling fd = 9
Socket not ready, repolling fd = 9
Socket not ready, repolling fd = 9
Socket not ready, repolling fd = 9
Socket not ready, repolling fd = 9
Socket not ready, repolling fd = 9
Socket not ready, repolling fd = 9
Socket not ready, repolling fd = 9
Socket not ready, repolling fd = 9
Socket not ready, repolling fd = 9
Socket not ready, repolling fd = 9
Socket not ready, repolling fd = 9
Socket not ready, repolling fd = 9
Socket not ready, repolling fd = 9
Socket not ready, repolling fd = 9
Socket not ready, repolling fd = 9
Socket not ready, repolling fd = 9
Socket not ready, repolling fd = 9
Socket not ready, repolling fd = 9
Socket not ready, repolling fd = 9
Socket not ready, repolling fd = 9
Socket not ready, repolling fd = 9
Socket not ready, repolling fd = 9
Socket not ready, repolling fd = 9
Socket not ready, repolling fd = 9
Socket not ready, repolling fd = 9
Socket not ready, repolling fd = 9
Socket not ready, repolling fd = 9
Socket not ready, repolling fd = 9
Socket not ready, repolling fd = 9
Socket not ready, repolling fd = 9
Socket not ready, repolling fd = 9
Socket not ready, repolling fd = 9
Socket not ready, repolling fd = 9
Socket not ready, repolling fd = 9
Socket not ready, repolling fd = 9
Socket not ready, repolling fd = 9
Socket not ready, repolling fd = 9
Socket not ready, repolling fd = 9
Socket not ready, repolling fd = 9
Socket not ready, repolling fd = 9
Socket not ready, repolling fd = 9
Socket not ready, repolling fd = 9
Socket not ready, repolling fd = 9
Socket not ready, repolling fd = 9
Socket not ready, repolling fd = 9
Socket not ready, repolling fd = 9
Socket not ready, repolling fd = 9
Socket not ready, repolling fd = 9
Socket not ready, repolling fd = 9
Socket not ready, repolling fd = 9
Socket not ready, repolling fd = 9
Socket not ready, repolling fd = 9
Socket not ready, repolling fd = 9
Socket not ready, repolling fd = 9
Socket not ready, repolling fd = 9
Socket not ready, repolling fd = 9
Socket not ready, repolling fd = 9
Socket not ready, repolling fd = 9
Socket not ready, repolling fd = 9
Socket not ready, repolling fd = 9
Socket not ready, repolling fd = 9
Socket not ready, repolling fd = 9
Socket not ready, repolling fd = 9
Socket not ready, repolling fd = 9
Socket not ready, repolling fd = 9
Socket not ready, repolling fd = 9
Socket not ready, repolling fd = 9
Socket not ready, repolling fd = 9
Socket not ready, repolling fd = 9
Socket not ready, repolling fd = 9
Socket not ready, repolling fd = 9
Socket not ready, repolling fd = 9
Socket not ready, repolling fd = 9
Socket not ready, repolling fd = 9
Socket not ready, repolling fd = 9
Socket not ready, repolling fd = 9
Socket not ready, repolling fd = 9
Socket not ready, repolling fd = 9
Socket not ready, repolling fd = 9
Socket not ready, repolling fd = 9
Socket not ready, repolling fd = 9
Socket not ready, repolling fd = 9
Socket not ready, repolling fd = 9
Socket not ready, repolling fd = 9
Socket not ready, repolling fd = 9
Socket not ready, repolling fd = 9
Socket not ready, repolling fd = 9
Socket not ready, repolling fd = 9
Socket not ready, repolling fd = 9
Socket not ready, repolling fd = 9
Socket not ready, repolling fd = 9
Socket not ready, repolling fd = 9
Socket not ready, repolling fd = 9
Socket not ready, repolling fd = 9
Socket not ready, repolling fd = 9
Socket not ready, repolling fd = 9
Socket not ready, repolling fd = 9
Socket not ready, repolling fd = 9
Socket not ready, repolling fd = 9
Socket not ready, repolling fd = 9
Socket not ready, repolling fd = 9
Socket not ready, repolling fd = 9
Socket not ready, repolling fd = 9
Socket not ready, repolling fd = 9
Socket not ready, repolling fd = 9
Socket not ready, repolling fd = 9
Socket not ready, repolling fd = 9
Socket not ready, repolling fd = 9
Socket not ready, repolling fd = 9
Socket not ready, repolling fd = 9
Socket not ready, repolling fd = 9
Socket not ready, repolling fd = 9
Socket not ready, repolling fd = 9
Socket not ready, repolling fd = 9
Socket not ready, repolling fd = 9
Socket not ready, repolling fd = 9
Socket not ready, repolling fd = 9
Socket not ready, repolling fd = 9
Socket not ready, repolling fd = 9
Socket not ready, repolling fd = 9
Socket not ready, repolling fd = 9
Socket not ready, repolling fd = 9
Socket not ready, repolling fd = 9
Socket not ready, repolling fd = 9
Socket not ready, repolling fd = 9
Socket not ready, repolling fd = 9
Socket not ready, repolling fd = 9
Socket not ready, repolling fd = 9
Socket not ready, repolling fd = 9
Socket not ready, repolling fd = 9
Socket not ready, repolling fd = 9
Socket not ready, repolling fd = 9
Socket not ready, repolling fd = 9
Socket not ready, repolling fd = 9
Socket not ready, repolling fd = 9
Socket not ready, repolling fd = 9
Socket not ready, repolling fd = 9
Socket not ready, repolling fd = 9
Socket not ready, repolling fd = 9
Socket not ready, repolling fd = 9
Socket not ready, repolling fd = 9
Socket not ready, repolling fd = 9
Socket not ready, repolling fd = 9
Socket not ready, repolling fd = 9
Socket not ready, repolling fd = 9
Socket not ready, repolling fd = 9
Socket not ready, repolling fd = 9
Socket not ready, repolling fd = 9
Socket not ready, repolling fd = 9
Socket not ready, repolling fd = 9
Socket not ready, repolling fd = 9
Socket not ready, repolling fd = 9
Socket not ready, repolling fd = 9
Socket not ready, repolling fd = 9
Socket not ready, repolling fd = 9
Socket not ready, repolling fd = 9
Socket not ready, repolling fd = 9
Socket not ready, repolling fd = 9
Socket not ready, repolling fd = 9
Socket not ready, repolling fd = 9
Socket not ready, repolling fd = 9
Socket not ready, repolling fd = 9
Socket not ready, repolling fd = 9
Socket not ready, repolling fd = 9
Socket not ready, repolling fd = 9
Socket not ready, repolling fd = 9
Socket not ready, repolling fd = 9
Socket not ready, repolling fd = 9
Socket not ready, repolling fd = 9
Socket not ready, repolling fd = 9
Socket not ready, repolling fd = 9
Socket not ready, repolling fd = 9
Socket not ready, repolling fd = 9
Socket not ready, repolling fd = 9
Socket not ready, repolling fd = 9
Socket not ready, repolling fd = 9
Socket not ready, repolling fd = 9
Socket not ready, repolling fd = 9
Socket not ready, repolling fd = 9
Socket not ready, repolling fd = 9
Socket not ready, repolling fd = 9
Socket not ready, repolling fd = 9
Socket not ready, repolling fd = 9
Socket not ready, repolling fd = 9
Socket not ready, repolling fd = 9
Socket not ready, repolling fd = 9
Socket not ready, repolling fd = 9
Socket not ready, repolling fd = 9
Socket not ready, repolling fd = 9
Socket not ready, repolling fd = 9
Socket not ready, repolling fd = 9
Socket not ready, repolling fd = 9
Socket not ready, repolling fd = 9
Socket not ready, repolling fd = 9
Socket not ready, repolling fd = 9
Socket not ready, repolling fd = 9
Socket not ready, repolling fd = 9
Socket not ready, repolling fd = 9
Socket not ready, repolling fd = 9
Socket not ready, repolling fd = 9
Socket not ready, repolling fd = 9
Socket not ready, repolling fd = 9
Socket not ready, repolling fd = 9
Socket not ready, repolling fd = 9
Socket not ready, repolling fd = 9
Socket not ready, repolling fd = 9
Socket not ready, repolling fd = 9
Socket not ready, repolling fd = 9
Socket not ready, repolling fd = 9
Socket not ready, repolling fd = 9
Socket not ready, repolling fd = 9
Socket not ready, repolling fd = 9
Socket not ready, repolling fd = 9
Socket not ready, repolling fd = 9
Socket not ready, repolling fd = 9
Socket not ready, repolling fd = 9
Socket not ready, repolling fd = 9
Socket not ready, repolling fd = 9
Socket not ready, repolling fd = 9
Socket not ready, repolling fd = 9
Socket not ready, repolling fd = 9
Socket not ready, repolling fd = 9
Socket not ready, repolling fd = 9
Socket not ready, repolling fd = 9
Socket not ready, repolling fd = 9
Socket not ready, repolling fd = 9
Socket not ready, repolling fd = 9
Socket not ready, repolling fd = 9
Socket not ready, repolling fd = 9
Socket not ready, repolling fd = 9
Socket not ready, repolling fd = 9
Socket not ready, repolling fd = 9
Socket not ready, repolling fd = 9
Socket not ready, repolling fd = 9
Socket not ready, repolling fd = 9
Socket not ready, repolling fd = 9
Socket not ready, repolling fd = 9
Socket not ready, repolling fd = 9
Socket not ready, repolling fd = 9
Socket not ready, repolling fd = 9
Socket not ready, repolling fd = 9
Socket not ready, repolling fd = 9
Socket not ready, repolling fd = 9
Socket not ready, repolling fd = 9
Socket not ready, repolling fd = 9
Socket not ready, repolling fd = 9
Socket not ready, repolling fd = 9
Socket not ready, repolling fd = 9
Socket not ready, repolling fd = 9
Socket not ready, repolling fd = 9
Socket not ready, repolling fd = 9
Socket not ready, repolling fd = 9
Socket not ready, repolling fd = 9
Socket not ready, repolling fd = 9
Socket not ready, repolling fd = 9
Socket not ready, repolling fd = 9
Socket not ready, repolling fd = 9
Socket not ready, repolling fd = 9
Socket not ready, repolling fd = 9
Socket not ready, repolling fd = 9
Socket not ready, repolling fd = 9
Socket not ready, repolling fd = 9
Socket not ready, repolling fd = 9
Socket not ready, repolling fd = 9
Socket not ready, repolling fd = 9
Socket not ready, repolling fd = 9
Socket not ready, repolling fd = 9
Socket not ready, repolling fd = 9
Socket not ready, repolling fd = 9
Socket not ready, repolling fd = 9
Socket not ready, repolling fd = 9
Socket not ready, repolling fd = 9
Socket not ready, repolling fd = 9
Socket not ready, repolling fd = 9
Socket not ready, repolling fd = 9
Socket not ready, repolling fd = 9
Socket not ready, repolling fd = 9
Socket not ready, repolling fd = 9
Socket not ready, repolling fd = 9
Socket not ready, repolling fd = 9
Socket not ready, repolling fd = 9
Socket not ready, repolling fd = 9
Socket not ready, repolling fd = 9
Socket not ready, repolling fd = 9
Socket not ready, repolling fd = 9
Socket not ready, repolling fd = 9
Socket not ready, repolling fd = 9
Socket not ready, repolling fd = 9
Socket not ready, repolling fd = 9
Socket not ready, repolling fd = 9
Socket not ready, repolling fd = 9
Socket not ready, repolling fd = 9
Socket not ready, repolling fd = 9
Socket not ready, repolling fd = 9
Socket not ready, repolling fd = 9
Socket not ready, repolling fd = 9
Socket not ready, repolling fd = 9
Socket not ready, repolling fd = 9
Socket not ready, repolling fd = 9
Socket not ready, repolling fd = 9
Socket not ready, repolling fd = 9
Socket not ready, repolling fd = 9
Socket not ready, repolling fd = 9
Socket not ready, repolling fd = 9
Socket not ready, repolling fd = 9
Socket not ready, repolling fd = 9
Socket not ready, repolling fd = 9
Socket not ready, repolling fd = 9
Socket not ready, repolling fd = 9
Socket not ready, repolling fd = 9
Socket not ready, repolling fd = 9
Socket not ready, repolling fd = 9
Socket not ready, repolling fd = 9
Socket not ready, repolling fd = 9
Socket not ready, repolling fd = 9
Socket not ready, repolling fd = 9
Socket not ready, repolling fd = 9
Socket not ready, repolling fd = 9
Socket not ready, repolling fd = 9
Socket not ready, repolling fd = 9
Socket not ready, repolling fd = 9
Socket not ready, repolling fd = 9
Socket not ready, repolling fd = 9
Socket not ready, repolling fd = 9
Socket not ready, repolling fd = 9
Socket not ready, repolling fd = 9
Socket not ready, repolling fd = 9
Socket not ready, repolling fd = 9
Socket not ready, repolling fd = 9
Socket not ready, repolling fd = 9
Socket not ready, repolling fd = 9
Socket not ready, repolling fd = 9
Socket not ready, repolling fd = 9
Socket not ready, repolling fd = 9
Socket not ready, repolling fd = 9
Socket not ready, repolling fd = 9
Socket not ready, repolling fd = 9
Socket not ready, repolling fd = 9
Socket not ready, repolling fd = 9
Socket not ready, repolling fd = 9
Socket not ready, repolling fd = 9
Socket not ready, repolling fd = 9
Socket not ready, repolling fd = 9
Socket not ready, repolling fd = 9
Socket not ready, repolling fd = 9
Socket not ready, repolling fd = 9
Socket not ready, repolling fd = 9
Socket not ready, repolling fd = 9
Socket not ready, repolling fd = 9
Socket not ready, repolling fd = 9
Socket not ready, repolling fd = 9
Socket not ready, repolling fd = 9
Socket not ready, repolling fd = 9
Socket not ready, repolling fd = 9
Socket not ready, repolling fd = 9
Socket not ready, repolling fd = 9
Socket not ready, repolling fd = 9
Socket not ready, repolling fd = 9
Socket not ready, repolling fd = 9
Socket not ready, repolling fd = 9
Socket not ready, repolling fd = 9
Socket not ready, repolling fd = 9
Socket not ready, repolling fd = 9
Socket not ready, repolling fd = 9
Socket not ready, repolling fd = 9
Socket not ready, repolling fd = 9
Socket not ready, repolling fd = 9
Socket not ready, repolling fd = 9
Socket not ready, repolling fd = 9
Socket not ready, repolling fd = 9
Socket not ready, repolling fd = 9
Socket not ready, repolling fd = 9
Socket not ready, repolling fd = 9
Socket not ready, repolling fd = 9
Socket not ready, repolling fd = 9
Socket not ready, repolling fd = 9
Socket not ready, repolling fd = 9
Socket not ready, repolling fd = 9
Socket not ready, repolling fd = 9
Socket not ready, repolling fd = 9
Socket not ready, repolling fd = 9
Socket not ready, repolling fd = 9
Socket not ready, repolling fd = 9
Socket not ready, repolling fd = 9
Socket not ready, repolling fd = 9
Socket not ready, repolling fd = 9
Socket not ready, repolling fd = 9
Socket not ready, repolling fd = 9
Socket not ready, repolling fd = 9
Socket not ready, repolling fd = 9
Socket not ready, repolling fd = 9
Socket not ready, repolling fd = 9
Socket not ready, repolling fd = 9
Socket not ready, repolling fd = 9
Socket not ready, repolling fd = 9
Socket not ready, repolling fd = 9
Socket not ready, repolling fd = 9
Socket not ready, repolling fd = 9
Socket not ready, repolling fd = 9
Socket not ready, repolling fd = 9
Socket not ready, repolling fd = 9
Socket not ready, repolling fd = 9
Socket not ready, repolling fd = 9
Socket not ready, repolling fd = 9
Socket not ready, repolling fd = 9
Socket not ready, repolling fd = 9
Socket not ready, repolling fd = 9
Socket not ready, repolling fd = 9
Socket not ready, repolling fd = 9
Socket not ready, repolling fd = 9
Socket not ready, repolling fd = 9
Socket not ready, repolling fd = 9
Socket not ready, repolling fd = 9
Socket not ready, repolling fd = 9
Socket not ready, repolling fd = 9
Socket not ready, repolling fd = 9
Socket not ready, repolling fd = 9
Socket not ready, repolling fd = 9
Socket not ready, repolling fd = 9
Socket not ready, repolling fd = 9
Socket not ready, repolling fd = 9
Socket not ready, repolling fd = 9
Socket not ready, repolling fd = 9
Socket not ready, repolling fd = 9
Socket not ready, repolling fd = 9
Socket not ready, repolling fd = 9
Socket not ready, repolling fd = 9
Socket not ready, repolling fd = 9
Socket not ready, repolling fd = 9
Socket not ready, repolling fd = 9
Socket not ready, repolling fd = 9
Socket not ready, repolling fd = 9
Socket not ready, repolling fd = 9
Socket not ready, repolling fd = 9
Socket not ready, repolling fd = 9
Socket not ready, repolling fd = 9
Socket not ready, repolling fd = 9
Socket not ready, repolling fd = 9
Socket not ready, repolling fd = 9
Socket not ready, repolling fd = 9
Socket not ready, repolling fd = 9
Socket not ready, repolling fd = 9
Socket not ready, repolling fd = 9
Socket not ready, repolling fd = 9
Socket not ready, repolling fd = 9
Socket not ready, repolling fd = 9
Socket not ready, repolling fd = 9
Socket not ready, repolling fd = 9
Socket not ready, repolling fd = 9
Socket not ready, repolling fd = 9
Socket not ready, repolling fd = 9
Socket not ready, repolling fd = 9
Socket not ready, repolling fd = 9
Socket not ready, repolling fd = 9
Socket not ready, repolling fd = 9
Socket not ready, repolling fd = 9
Socket not ready, repolling fd = 9
Socket not ready, repolling fd = 9
Socket not ready, repolling fd = 9
Socket not ready, repolling fd = 9
Socket not ready, repolling fd = 9
Socket not ready, repolling fd = 9
Socket not ready, repolling fd = 9
Socket not ready, repolling fd = 9
Socket not ready, repolling fd = 9
Socket not ready, repolling fd = 9
Socket not ready, repolling fd = 9
Socket not ready, repolling fd = 9
Socket not ready, repolling fd = 9
Socket not ready, repolling fd = 9
Socket not ready, repolling fd = 9
Socket not ready, repolling fd = 9
Socket not ready, repolling fd = 9
Socket not ready, repolling fd = 9
Socket not ready, repolling fd = 9
Socket not ready, repolling fd = 9
Socket not ready, repolling fd = 9
Socket not ready, repolling fd = 9
Socket not ready, repolling fd = 9
Socket not ready, repolling fd = 9
Socket not ready, repolling fd = 9
Socket not ready, repolling fd = 9
Socket not ready, repolling fd = 9
Socket not ready, repolling fd = 9
Socket not ready, repolling fd = 9
Socket not ready, repolling fd = 9
Socket not ready, repolling fd = 9
Socket not ready, repolling fd = 9
Socket not ready, repolling fd = 9
Socket not ready, repolling fd = 9
Socket not ready, repolling fd = 9
Socket not ready, repolling fd = 9
Socket not ready, repolling fd = 9
Socket not ready, repolling fd = 9
Socket not ready, repolling fd = 9
Socket not ready, repolling fd = 9
Socket not ready, repolling fd = 9
Socket not ready, repolling fd = 9
Socket not ready, repolling fd = 9
Socket not ready, repolling fd = 9
Socket not ready, repolling fd = 9
Socket not ready, repolling fd = 9
Socket not ready, repolling fd = 9
Socket not ready, repolling fd = 9
Socket not ready, repolling fd = 9
Socket not ready, repolling fd = 9
Socket not ready, repolling fd = 9
Socket not ready, repolling fd = 9
Socket not ready, repolling fd = 9
Socket not ready, repolling fd = 9
Socket not ready, repolling fd = 9
Socket not ready, repolling fd = 9
Socket not ready, repolling fd = 9
Socket not ready, repolling fd = 9
Socket not ready, repolling fd = 9
Socket not ready, repolling fd = 9
Socket not ready, repolling fd = 9
Socket not ready, repolling fd = 9
Socket not ready, repolling fd = 9
Socket not ready, repolling fd = 9
Socket not ready, repolling fd = 9
Socket not ready, repolling fd = 9
Socket not ready, repolling fd = 9
Socket not ready, repolling fd = 9
Socket not ready, repolling fd = 9
Socket not ready, repolling fd = 9
Socket not ready, repolling fd = 9
Socket not ready, repolling fd = 9
Socket not ready, repolling fd = 9
Socket not ready, repolling fd = 9
Socket not ready, repolling fd = 9
Socket not ready, repolling fd = 9
Socket not ready, repolling fd = 9
Socket not ready, repolling fd = 9
Socket not ready, repolling fd = 9
Socket not ready, repolling fd = 9
Socket not ready, repolling fd = 9
Socket not ready, repolling fd = 9
Socket not ready, repolling fd = 9
Socket not ready, repolling fd = 9
Socket not ready, repolling fd = 9
Socket not ready, repolling fd = 9
Socket not ready, repolling fd = 9
Socket not ready, repolling fd = 9
Socket not ready, repolling fd = 9
Socket not ready, repolling fd = 9
Socket not ready, repolling fd = 9
Socket not ready, repolling fd = 9
Socket not ready, repolling fd = 9
Socket not ready, repolling fd = 9
Socket not ready, repolling fd = 9
Socket not ready, repolling fd = 9
Socket not ready, repolling fd = 9
Socket not ready, repolling fd = 9
Socket not ready, repolling fd = 9
Socket not ready, repolling fd = 9
Socket not ready, repolling fd = 9
Socket not ready, repolling fd = 9
Socket not ready, repolling fd = 9
Socket not ready, repolling fd = 9
Socket not ready, repolling fd = 9
Socket not ready, repolling fd = 9
Socket not ready, repolling fd = 9
Socket not ready, repolling fd = 9
Socket not ready, repolling fd = 9
Socket not ready, repolling fd = 9
Socket not ready, repolling fd = 9
Socket not ready, repolling fd = 9
Socket not ready, repolling fd = 9
Socket not ready, repolling fd = 9
Socket not ready, repolling fd = 9
Socket not ready, repolling fd = 9
Socket not ready, repolling fd = 9
Socket not ready, repolling fd = 9
Socket not ready, repolling fd = 9
Socket not ready, repolling fd = 9
Socket not ready, repolling fd = 9
Socket not ready, repolling fd = 9
Socket not ready, repolling fd = 9
Socket not ready, repolling fd = 9
Socket not ready, repolling fd = 9
Socket not ready, repolling fd = 9
Socket not ready, repolling fd = 9
Socket not ready, repolling fd = 9
Socket not ready, repolling fd = 9
Socket not ready, repolling fd = 9
Socket not ready, repolling fd = 9
Socket not ready, repolling fd = 9
Socket not ready, repolling fd = 9
Socket not ready, repolling fd = 9
Socket not ready, repolling fd = 9
Socket not ready, repolling fd = 9
Socket not ready, repolling fd = 9
Socket not ready, repolling fd = 9
Socket not ready, repolling fd = 9
Socket not ready, repolling fd = 9
Socket not ready, repolling fd = 9
Socket not ready, repolling fd = 9
Socket not ready, repolling fd = 9
Socket not ready, repolling fd = 9
Socket not ready, repolling fd = 9
Socket not ready, repolling fd = 9
Socket not ready, repolling fd = 9
Socket not ready, repolling fd = 9
Socket not ready, repolling fd = 9
Socket not ready, repolling fd = 9
Socket not ready, repolling fd = 9
Socket not ready, repolling fd = 9
Socket not ready, repolling fd = 9
Socket not ready, repolling fd = 9
Socket not ready, repolling fd = 9
Socket not ready, repolling fd = 9
Socket not ready, repolling fd = 9
Socket not ready, repolling fd = 9
Socket not ready, repolling fd = 9
Socket not ready, repolling fd = 9
Socket not ready, repolling fd = 9
Socket not ready, repolling fd = 9
Socket not ready, repolling fd = 9
Socket not ready, repolling fd = 9
Socket not ready, repolling fd = 9
Socket not ready, repolling fd = 9
Socket not ready, repolling fd = 9
Socket not ready, repolling fd = 9
Socket not ready, repolling fd = 9
Socket not ready, repolling fd = 9
Socket not ready, repolling fd = 9
Socket not ready, repolling fd = 9
Socket not ready, repolling fd = 9
Socket not ready, repolling fd = 9
Socket not ready, repolling fd = 9
Socket not ready, repolling fd = 9
Socket not ready, repolling fd = 9
Socket not ready, repolling fd = 9
Socket not ready, repolling fd = 9
Socket not ready, repolling fd = 9
Socket not ready, repolling fd = 9
Socket not ready, repolling fd = 9
Socket not ready, repolling fd = 9
Socket not ready, repolling fd = 9
Socket not ready, repolling fd = 9
Socket not ready, repolling fd = 9
Socket not ready, repolling fd = 9
Socket not ready, repolling fd = 9
Socket not ready, repolling fd = 9
Socket not ready, repolling fd = 9
Socket not ready, repolling fd = 9
Socket not ready, repolling fd = 9
Socket not ready, repolling fd = 9
Socket not ready, repolling fd = 9
Socket not ready, repolling fd = 9
Socket not ready, repolling fd = 9
Socket not ready, repolling fd = 9
Socket not ready, repolling fd = 9
Socket not ready, repolling fd = 9
Socket not ready, repolling fd = 9
Socket not ready, repolling fd = 9
Socket not ready, repolling fd = 9
Socket not ready, repolling fd = 9
Socket not ready, repolling fd = 9
Socket not ready, repolling fd = 9
Socket not ready, repolling fd = 9
Socket not ready, repolling fd = 9
Socket not ready, repolling fd = 9
Socket not ready, repolling fd = 9
Socket not ready, repolling fd = 9
Socket not ready, repolling fd = 9
Socket not ready, repolling fd = 9
Socket not ready, repolling fd = 9
Socket not ready, repolling fd = 9
Socket not ready, repolling fd = 9
Socket not ready, repolling fd = 9
Socket not ready, repolling fd = 9
Socket not ready, repolling fd = 9
Socket not ready, repolling fd = 9
Socket not ready, repolling fd = 9
Socket not ready, repolling fd = 9
Socket not ready, repolling fd = 9
Socket not ready, repolling fd = 9
Socket not ready, repolling fd = 9
Socket not ready, repolling fd = 9
Socket not ready, repolling fd = 9
Socket not ready, repolling fd = 9
Socket not ready, repolling fd = 9
Socket not ready, repolling fd = 9
Socket not ready, repolling fd = 9
Socket not ready, repolling fd = 9
Socket not ready, repolling fd = 9
Socket not ready, repolling fd = 9
Socket not ready, repolling fd = 9
Socket not ready, repolling fd = 9
Socket not ready, repolling fd = 9
Socket not ready, repolling fd = 9
Socket not ready, repolling fd = 9
Socket not ready, repolling fd = 9
Socket not ready, repolling fd = 9
Socket not ready, repolling fd = 9
Socket not ready, repolling fd = 9
Socket not ready, repolling fd = 9
Socket not ready, repolling fd = 9
Socket not ready, repolling fd = 9
Socket not ready, repolling fd = 9
Socket not ready, repolling fd = 9
Socket not ready, repolling fd = 9
Socket not ready, repolling fd = 9
Socket not ready, repolling fd = 9
Socket not ready, repolling fd = 9
Socket not ready, repolling fd = 9
Socket not ready, repolling fd = 9
Socket not ready, repolling fd = 9
Socket not ready, repolling fd = 9
Socket not ready, repolling fd = 9
Socket not ready, repolling fd = 9
Socket not ready, repolling fd = 9
Socket not ready, repolling fd = 9
Socket not ready, repolling fd = 9
Socket not ready, repolling fd = 9
Socket not ready, repolling fd = 9
Socket not ready, repolling fd = 9
Socket not ready, repolling fd = 9
Socket not ready, repolling fd = 9
Socket not ready, repolling fd = 9
Socket not ready, repolling fd = 9
Socket not ready, repolling fd = 9
Socket not ready, repolling fd = 9
Socket not ready, repolling fd = 9
Socket not ready, repolling fd = 9
Socket not ready, repolling fd = 9
Socket not ready, repolling fd = 9
Socket not ready, repolling fd = 9
Socket not ready, repolling fd = 9
Socket not ready, repolling fd = 9
Socket not ready, repolling fd = 9
Socket not ready, repolling fd = 9
Socket not ready, repolling fd = 9
Socket not ready, repolling fd = 9
Socket not ready, repolling fd = 9
Socket not ready, repolling fd = 9
Socket not ready, repolling fd = 9
Socket not ready, repolling fd = 9
Socket not ready, repolling fd = 9
Socket not ready, repolling fd = 9
Socket not ready, repolling fd = 9
Socket not ready, repolling fd = 9
Socket not ready, repolling fd = 9
Socket not ready, repolling fd = 9
Socket not ready, repolling fd = 9
Socket not ready, repolling fd = 9
Socket not ready, repolling fd = 9
Socket not ready, repolling fd = 9
Socket not ready, repolling fd = 9
Socket not ready, repolling fd = 9
Socket not ready, repolling fd = 9
Socket not ready, repolling fd = 9
Socket not ready, repolling fd = 9
Socket not ready, repolling fd = 9
Socket not ready, repolling fd = 9
Socket not ready, repolling fd = 9
Socket not ready, repolling fd = 9
Socket not ready, repolling fd = 9
Socket not ready, repolling fd = 9
Socket not ready, repolling fd = 9
Socket not ready, repolling fd = 9
Socket not ready, repolling fd = 9
Socket not ready, repolling fd = 9
Socket not ready, repolling fd = 9
Socket not ready, repolling fd = 9
Socket not ready, repolling fd = 9
Socket not ready, repolling fd = 9
Socket not ready, repolling fd = 9
Socket not ready, repolling fd = 9
Socket not ready, repolling fd = 9
Socket not ready, repolling fd = 9
Socket not ready, repolling fd = 9
Socket not ready, repolling fd = 9
Socket not ready, repolling fd = 9
Socket not ready, repolling fd = 9
Socket not ready, repolling fd = 9
Socket not ready, repolling fd = 9
Socket not ready, repolling fd = 9
Socket not ready, repolling fd = 9
Socket not ready, repolling fd = 9
Socket not ready, repolling fd = 9
Socket not ready, repolling fd = 9
Socket not ready, repolling fd = 9
Socket not ready, repolling fd = 9
Socket not ready, repolling fd = 9
Socket not ready, repolling fd = 9
Socket not ready, repolling fd = 9
Socket not ready, repolling fd = 9
Socket not ready, repolling fd = 9
Socket not ready, repolling fd = 9
Socket not ready, repolling fd = 9
Socket not ready, repolling fd = 9
Socket not ready, repolling fd = 9
Socket not ready, repolling fd = 9
Socket not ready, repolling fd = 9
Socket not ready, repolling fd = 9
Socket not ready, repolling fd = 9
Socket not ready, repolling fd = 9
Socket not ready, repolling fd = 9
Socket not ready, repolling fd = 9
Socket not ready, repolling fd = 9
Socket not ready, repolling fd = 9
Socket not ready, repolling fd = 9
Socket not ready, repolling fd = 9
Socket not ready, repolling fd = 9
Socket not ready, repolling fd = 9
Socket not ready, repolling fd = 9
Socket not ready, repolling fd = 9
Socket not ready, repolling fd = 9
Socket not ready, repolling fd = 9
Socket not ready, repolling fd = 9
Socket not ready, repolling fd = 9
Socket not ready, repolling fd = 9
Socket not ready, repolling fd = 9
Socket not ready, repolling fd = 9
Socket not ready, repolling fd = 9
Socket not ready, repolling fd = 9
Socket not ready, repolling fd = 9
Socket not ready, repolling fd = 9
Socket not ready, repolling fd = 9
Socket not ready, repolling fd = 9
Socket not ready, repolling fd = 9
Socket not ready, repolling fd = 9
Socket not ready, repolling fd = 9
Socket not ready, repolling fd = 9
Socket not ready, repolling fd = 9
Socket not ready, repolling fd = 9
Socket not ready, repolling fd = 9
Socket not ready, repolling fd = 9
Socket not ready, repolling fd = 9
Socket not ready, repolling fd = 9
Socket not ready, repolling fd = 9
Socket not ready, repolling fd = 9
Socket not ready, repolling fd = 9
Socket not ready, repolling fd = 9
Socket not ready, repolling fd = 9
Socket not ready, repolling fd = 9
Socket not ready, repolling fd = 9
Socket not ready, repolling fd = 9
Socket not ready, repolling fd = 9
Socket not ready, repolling fd = 9
Socket not ready, repolling fd = 9
Socket not ready, repolling fd = 9
Socket not ready, repolling fd = 9
Socket not ready, repolling fd = 9
Socket not ready, repolling fd = 9
Socket not ready, repolling fd = 9
Socket not ready, repolling fd = 9
Socket not ready, repolling fd = 9
Socket not ready, repolling fd = 9
Socket not ready, repolling fd = 9
Socket not ready, repolling fd = 9
Socket not ready, repolling fd = 9
Socket not ready, repolling fd = 9
Socket not ready, repolling fd = 9
Socket not ready, repolling fd = 9
Socket not ready, repolling fd = 9
Socket not ready, repolling fd = 9
Socket not ready, repolling fd = 9
Socket not ready, repolling fd = 9
Socket not ready, repolling fd = 9
Socket not ready, repolling fd = 9
Socket not ready, repolling fd = 9
Socket not ready, repolling fd = 9
Socket not ready, repolling fd = 9
Socket not ready, repolling fd = 9
Socket not ready, repolling fd = 9
Socket not ready, repolling fd = 9
Socket not ready, repolling fd = 9
Socket not ready, repolling fd = 9
Socket not ready, repolling fd = 9
Socket not ready, repolling fd = 9
Socket not ready, repolling fd = 9
Socket not ready, repolling fd = 9
Socket not ready, repolling fd = 9
Socket not ready, repolling fd = 9
Socket not ready, repolling fd = 9
Socket not ready, repolling fd = 9
Socket not ready, repolling fd = 9
Socket not ready, repolling fd = 9
Socket not ready, repolling fd = 9
Socket not ready, repolling fd = 9
Socket not ready, repolling fd = 9
Socket not ready, repolling fd = 9
Socket not ready, repolling fd = 9
Socket not ready, repolling fd = 9
Socket not ready, repolling fd = 9
Socket not ready, repolling fd = 9
Socket not ready, repolling fd = 9
Socket not ready, repolling fd = 9
Socket not ready, repolling fd = 9
Socket not ready, repolling fd = 9
Socket not ready, repolling fd = 9
Socket not ready, repolling fd = 9
Socket not ready, repolling fd = 9
Socket not ready, repolling fd = 9
Socket not ready, repolling fd = 9
Socket not ready, repolling fd = 9
Socket not ready, repolling fd = 9
Socket not ready, repolling fd = 9
Socket not ready, repolling fd = 9
Socket not ready, repolling fd = 9
Socket not ready, repolling fd = 9
Socket not ready, repolling fd = 9
Socket not ready, repolling fd = 9
Socket not ready, repolling fd = 9
Socket not ready, repolling fd = 9
Socket not ready, repolling fd = 9
Socket not ready, repolling fd = 9
Socket not ready, repolling fd = 9
Socket not ready, repolling fd = 9
Socket not ready, repolling fd = 9
Socket not ready, repolling fd = 9
Socket not ready, repolling fd = 9
Socket not ready, repolling fd = 9
Socket not ready, repolling fd = 9
Socket not ready, repolling fd = 9
Socket not ready, repolling fd = 9
Socket not ready, repolling fd = 9
Socket not ready, repolling fd = 9
Socket not ready, repolling fd = 9
Socket not ready, repolling fd = 9
Socket not ready, repolling fd = 9
Socket not ready, repolling fd = 9
Socket not ready, repolling fd = 9
Socket not ready, repolling fd = 9
Socket not ready, repolling fd = 9
Socket not ready, repolling fd = 9
Socket not ready, repolling fd = 9
Socket not ready, repolling fd = 9
Socket not ready, repolling fd = 9
Socket not ready, repolling fd = 9
Socket not ready, repolling fd = 9
Socket not ready, repolling fd = 9
Socket not ready, repolling fd = 9
Socket not ready, repolling fd = 9
Socket not ready, repolling fd = 9
Socket not ready, repolling fd = 9
Socket not ready, repolling fd = 9
Socket not ready, repolling fd = 9
Socket not ready, repolling fd = 9
Socket not ready, repolling fd = 9
Socket not ready, repolling fd = 9
Socket not ready, repolling fd = 9
Socket not ready, repolling fd = 9
Socket not ready, repolling fd = 9
Socket not ready, repolling fd = 9
Socket not ready, repolling fd = 9
Socket not ready, repolling fd = 9
Socket not ready, repolling fd = 9
Socket not ready, repolling fd = 9
Socket not ready, repolling fd = 9
Socket not ready, repolling fd = 9
Socket not ready, repolling fd = 9
Socket not ready, repolling fd = 9
Socket not ready, repolling fd = 9
Socket not ready, repolling fd = 9
Socket not ready, repolling fd = 9
Socket not ready, repolling fd = 9
Socket not ready, repolling fd = 9
Socket not ready, repolling fd = 9
Socket not ready, repolling fd = 9
Socket not ready, repolling fd = 9
Socket not ready, repolling fd = 9
Socket not ready, repolling fd = 9
Socket not ready, repolling fd = 9
Socket not ready, repolling fd = 9
Socket not ready, repolling fd = 9
Socket not ready, repolling fd = 9
Socket not ready, repolling fd = 9
Socket not ready, repolling fd = 9
Socket not ready, repolling fd = 9
Socket not ready, repolling fd = 9
Socket not ready, repolling fd = 9
Socket not ready, repolling fd = 9
Socket not ready, repolling fd = 9
Socket not ready, repolling fd = 9
Socket not ready, repolling fd = 9
Socket not ready, repolling fd = 9
Socket not ready, repolling fd = 9
Socket not ready, repolling fd = 9
Socket not ready, repolling fd = 9
Socket not ready, repolling fd = 9
Socket not ready, repolling fd = 9
Socket not ready, repolling fd = 9
Socket not ready, repolling fd = 9
Socket not ready, repolling fd = 9
Socket not ready, repolling fd = 9
Socket not ready, repolling fd = 9
Socket not ready, repolling fd = 9
Socket not ready, repolling fd = 9
Socket not ready, repolling fd = 9
Socket not ready, repolling fd = 9
Socket not ready, repolling fd = 9
Socket not ready, repolling fd = 9
Socket not ready, repolling fd = 9
Socket not ready, repolling fd = 9
Socket not ready, repolling fd = 9
Socket not ready, repolling fd = 9
Socket not ready, repolling fd = 9
Socket not ready, repolling fd = 9
Socket not ready, repolling fd = 9
Socket not ready, repolling fd = 9
Socket not ready, repolling fd = 9
Socket not ready, repolling fd = 9
Socket not ready, repolling fd = 9
Socket not ready, repolling fd = 9
Socket not ready, repolling fd = 9
Socket not ready, repolling fd = 9
Socket not ready, repolling fd = 9
Socket not ready, repolling fd = 9
Socket not ready, repolling fd = 9
Socket not ready, repolling fd = 9
Socket not ready, repolling fd = 9
Socket not ready, repolling fd = 9
Socket not ready, repolling fd = 9
Socket not ready, repolling fd = 9
Socket not ready, repolling fd = 9
Socket not ready, repolling fd = 9
Socket not ready, repolling fd = 9
Socket not ready, repolling fd = 9
Socket not ready, repolling fd = 9
Socket not ready, repolling fd = 9
Socket not ready, repolling fd = 9
Socket not ready, repolling fd = 9
Socket not ready, repolling fd = 9
Socket not ready, repolling fd = 9
Socket not ready, repolling fd = 9
Socket not ready, repolling fd = 9
Socket not ready, repolling fd = 9
Socket not ready, repolling fd = 9
Socket not ready, repolling fd = 9
Socket not ready, repolling fd = 9
Socket not ready, repolling fd = 9
Socket not ready, repolling fd = 9
Socket not ready, repolling fd = 9
Socket not ready, repolling fd = 9
Socket not ready, repolling fd = 9
Socket not ready, repolling fd = 9
Socket not ready, repolling fd = 9
Socket not ready, repolling fd = 9
Socket not ready, repolling fd = 9
Socket not ready, repolling fd = 9
Socket not ready, repolling fd = 9
Socket not ready, repolling fd = 9
Socket not ready, repolling fd = 9
Socket not ready, repolling fd = 9
Socket not ready, repolling fd = 9
Socket not ready, repolling fd = 9
Socket not ready, repolling fd = 9
Socket not ready, repolling fd = 9
Socket not ready, repolling fd = 9
Socket not ready, repolling fd = 9
Socket not ready, repolling fd = 9
Socket not ready, repolling fd = 9
Socket not ready, repolling fd = 9
Socket not ready, repolling fd = 9
Socket not ready, repolling fd = 9
Socket not ready, repolling fd = 9
Socket not ready, repolling fd = 9
Socket not ready, repolling fd = 9
Socket not ready, repolling fd = 9
Socket not ready, repolling fd = 9
Socket not ready, repolling fd = 9
Socket not ready, repolling fd = 9
Socket not ready, repolling fd = 9
Socket not ready, repolling fd = 9
Socket not ready, repolling fd = 9
Socket not ready, repolling fd = 9
Socket not ready, repolling fd = 9
Socket not ready, repolling fd = 9
Socket not ready, repolling fd = 9
Socket not ready, repolling fd = 9
Socket not ready, repolling fd = 9
Socket not ready, repolling fd = 9
Socket not ready, repolling fd = 9
Socket not ready, repolling fd = 9
Socket not ready, repolling fd = 9
Socket not ready, repolling fd = 9
Socket not ready, repolling fd = 9
Socket not ready, repolling fd = 9
Socket not ready, repolling fd = 9
Socket not ready, repolling fd = 9
Socket not ready, repolling fd = 9
Socket not ready, repolling fd = 9
Socket not ready, repolling fd = 9
Socket not ready, repolling fd = 9
Socket not ready, repolling fd = 9
Socket not ready, repolling fd = 9
Socket not ready, repolling fd = 9
Socket not ready, repolling fd = 9
Socket not ready, repolling fd = 9
Socket not ready, repolling fd = 9
Socket not ready, repolling fd = 9
Socket not ready, repolling fd = 9
Socket not ready, repolling fd = 9
Socket not ready, repolling fd = 9
Socket not ready, repolling fd = 9
Socket not ready, repolling fd = 9
Socket not ready, repolling fd = 9
Socket not ready, repolling fd = 9
Socket not ready, repolling fd = 9
Socket not ready, repolling fd = 9
Socket not ready, repolling fd = 9
Socket not ready, repolling fd = 9
Socket not ready, repolling fd = 9
Socket not ready, repolling fd = 9
Socket not ready, repolling fd = 9
Socket not ready, repolling fd = 9
Socket not ready, repolling fd = 9
Socket not ready, repolling fd = 9
Socket not ready, repolling fd = 9
Socket not ready, repolling fd = 9
Socket not ready, repolling fd = 9
Socket not ready, repolling fd = 9
Socket not ready, repolling fd = 9
Socket not ready, repolling fd = 9
Socket not ready, repolling fd = 9
Socket not ready, repolling fd = 9
Socket not ready, repolling fd = 9
Socket not ready, repolling fd = 9
Socket not ready, repolling fd = 9
Socket not ready, repolling fd = 9
Socket not ready, repolling fd = 9
Socket not ready, repolling fd = 9
Socket not ready, repolling fd = 9
Socket not ready, repolling fd = 9
Socket not ready, repolling fd = 9
Socket not ready, repolling fd = 9
Socket not ready, repolling fd = 9
Socket not ready, repolling fd = 9
Socket not ready, repolling fd = 9
Socket not ready, repolling fd = 9
Socket not ready, repolling fd = 9
Socket not ready, repolling fd = 9
Socket not ready, repolling fd = 9
Socket not ready, repolling fd = 9
Socket not ready, repolling fd = 9
Socket not ready, repolling fd = 9
Socket not ready, repolling fd = 9
Socket not ready, repolling fd = 9
Socket not ready, repolling fd = 9
Socket not ready, repolling fd = 9
Socket not ready, repolling fd = 9
Socket not ready, repolling fd = 9
Socket not ready, repolling fd = 9
Socket not ready, repolling fd = 9
Socket not ready, repolling fd = 9
Socket not ready, repolling fd = 9
Socket not ready, repolling fd = 9
Socket not ready, repolling fd = 9
Socket not ready, repolling fd = 9
Socket not ready, repolling fd = 9
Socket not ready, repolling fd = 9
Socket not ready, repolling fd = 9
Socket not ready, repolling fd = 9
Socket not ready, repolling fd = 9
Socket not ready, repolling fd = 9
Socket not ready, repolling fd = 9
Socket not ready, repolling fd = 9
Socket not ready, repolling fd = 9
Socket not ready, repolling fd = 9
Socket not ready, repolling fd = 9
Socket not ready, repolling fd = 9
Socket not ready, repolling fd = 9
Socket not ready, repolling fd = 9
Socket not ready, repolling fd = 9
Socket not ready, repolling fd = 9
Socket not ready, repolling fd = 9
Socket not ready, repolling fd = 9
Socket not ready, repolling fd = 9
Socket not ready, repolling fd = 9
Socket not ready, repolling fd = 9
Socket not ready, repolling fd = 9
Socket not ready, repolling fd = 9
Socket not ready, repolling fd = 9
Socket not ready, repolling fd = 9
Socket not ready, repolling fd = 9
Socket not ready, repolling fd = 9
Socket not ready, repolling fd = 9
Socket not ready, repolling fd = 9
Socket not ready, repolling fd = 9
Socket not ready, repolling fd = 9
Socket not ready, repolling fd = 9
Socket not ready, repolling fd = 9
Socket not ready, repolling fd = 9
Socket not ready, repolling fd = 9
Socket not ready, repolling fd = 9
Socket not ready, repolling fd = 9
Socket not ready, repolling fd = 9
Socket not ready, repolling fd = 9
Socket not ready, repolling fd = 9
Socket not ready, repolling fd = 9
Socket not ready, repolling fd = 9
Socket not ready, repolling fd = 9
Socket not ready, repolling fd = 9
Socket not ready, repolling fd = 9
Socket not ready, repolling fd = 9
Socket not ready, repolling fd = 9
Socket not ready, repolling fd = 9
Socket not ready, repolling fd = 9
Socket not ready, repolling fd = 9
Socket not ready, repolling fd = 9
Socket not ready, repolling fd = 9
Socket not ready, repolling fd = 9
Socket not ready, repolling fd = 9
Socket not ready, repolling fd = 9
Socket not ready, repolling fd = 9
Socket not ready, repolling fd = 9
Socket not ready, repolling fd = 9
Socket not ready, repolling fd = 9
Socket not ready, repolling fd = 9
Socket not ready, repolling fd = 9
Socket not ready, repolling fd = 9
Socket not ready, repolling fd = 9
Socket not ready, repolling fd = 9
Socket not ready, repolling fd = 9
Socket not ready, repolling fd = 9
Socket not ready, repolling fd = 9
Socket not ready, repolling fd = 9
Socket not ready, repolling fd = 9
Socket not ready, repolling fd = 9
Socket not ready, repolling fd = 9
Socket not ready, repolling fd = 9
Socket not ready, repolling fd = 9
Socket not ready, repolling fd = 9
Socket not ready, repolling fd = 9
Socket not ready, repolling fd = 9
Socket not ready, repolling fd = 9
Socket not ready, repolling fd = 9
Socket not ready, repolling fd = 9
Socket not ready, repolling fd = 9
Socket not ready, repolling fd = 9
Socket not ready, repolling fd = 9
Socket not ready, repolling fd = 9
Socket not ready, repolling fd = 9
Socket not ready, repolling fd = 9
Socket not ready, repolling fd = 9
Socket not ready, repolling fd = 9
Socket not ready, repolling fd = 9
Socket not ready, repolling fd = 9
Socket not ready, repolling fd = 9
Socket not ready, repolling fd = 9
Socket not ready, repolling fd = 9
Socket not ready, repolling fd = 9
Socket not ready, repolling fd = 9
Socket not ready, repolling fd = 9
Socket not ready, repolling fd = 9
Socket not ready, repolling fd = 9
Socket not ready, repolling fd = 9
Socket not ready, repolling fd = 9
Socket not ready, repolling fd = 9
Socket not ready, repolling fd = 9
Socket not ready, repolling fd = 9
Socket not ready, repolling fd = 9
Socket not ready, repolling fd = 9
Socket not ready, repolling fd = 9
Socket not ready, repolling fd = 9
Socket not ready, repolling fd = 9
Socket not ready, repolling fd = 9
Socket not ready, repolling fd = 9
Socket not ready, repolling fd = 9
Socket not ready, repolling fd = 9
Socket not ready, repolling fd = 9
Socket not ready, repolling fd = 9
Socket not ready, repolling fd = 9
Socket not ready, repolling fd = 9
Socket not ready, repolling fd = 9
Socket not ready, repolling fd = 9
Socket not ready, repolling fd = 9
Socket not ready, repolling fd = 9
Socket not ready, repolling fd = 9
Socket not ready, repolling fd = 9
Socket not ready, repolling fd = 9
Socket not ready, repolling fd = 9
Socket not ready, repolling fd = 9
Socket not ready, repolling fd = 9
Socket not ready, repolling fd = 9
Socket not ready, repolling fd = 9
Socket not ready, repolling fd = 9
Socket not ready, repolling fd = 9
Socket not ready, repolling fd = 9
Socket not ready, repolling fd = 9
Socket not ready, repolling fd = 9
Socket not ready, repolling fd = 9
Socket not ready, repolling fd = 9
Socket not ready, repolling fd = 9
Socket not ready, repolling fd = 9
Socket not ready, repolling fd = 9
Socket not ready, repolling fd = 9
Socket not ready, repolling fd = 9
Socket not ready, repolling fd = 9
Socket not ready, repolling fd = 9
Socket not ready, repolling fd = 9
Socket not ready, repolling fd = 9
Socket not ready, repolling fd = 9
Socket not ready, repolling fd = 9
Socket not ready, repolling fd = 9
Socket not ready, repolling fd = 9
Socket not ready, repolling fd = 9
Socket not ready, repolling fd = 9
Socket not ready, repolling fd = 9
Socket not ready, repolling fd = 9
Socket not ready, repolling fd = 9
Socket not ready, repolling fd = 9
Socket not ready, repolling fd = 9
Socket not ready, repolling fd = 9
Socket not ready, repolling fd = 9
Socket not ready, repolling fd = 9
Socket not ready, repolling fd = 9
Socket not ready, repolling fd = 9
Socket not ready, repolling fd = 9
Socket not ready, repolling fd = 9
Socket not ready, repolling fd = 9
Socket not ready, repolling fd = 9
Socket not ready, repolling fd = 9
Socket not ready, repolling fd = 9
Socket not ready, repolling fd = 9
Socket not ready, repolling fd = 9
Socket not ready, repolling fd = 9
Socket not ready, repolling fd = 9
Socket not ready, repolling fd = 9
Socket not ready, repolling fd = 9
Socket not ready, repolling fd = 9
Socket not ready, repolling fd = 9
Socket not ready, repolling fd = 9
Socket not ready, repolling fd = 9
Socket not ready, repolling fd = 9
Socket not ready, repolling fd = 9
Socket not ready, repolling fd = 9
Socket not ready, repolling fd = 9
Socket not ready, repolling fd = 9
Socket not ready, repolling fd = 9
Socket not ready, repolling fd = 9
Socket not ready, repolling fd = 9
Socket not ready, repolling fd = 9
Socket not ready, repolling fd = 9
Socket not ready, repolling fd = 9
Socket not ready, repolling fd = 9
Socket not ready, repolling fd = 9
Socket not ready, repolling fd = 9
Socket not ready, repolling fd = 9
Socket not ready, repolling fd = 9
Socket not ready, repolling fd = 9
Socket not ready, repolling fd = 9
Socket not ready, repolling fd = 9
Socket not ready, repolling fd = 9
Socket not ready, repolling fd = 9
Socket not ready, repolling fd = 9
Socket not ready, repolling fd = 9
Socket not ready, repolling fd = 9
Socket not ready, repolling fd = 9
Socket not ready, repolling fd = 9
Socket not ready, repolling fd = 9
Socket not ready, repolling fd = 9
Socket not ready, repolling fd = 9
Socket not ready, repolling fd = 9
Socket not ready, repolling fd = 9
Socket not ready, repolling fd = 9
Socket not ready, repolling fd = 9
Socket not ready, repolling fd = 9
Socket not ready, repolling fd = 9
Socket not ready, repolling fd = 9
Socket not ready, repolling fd = 9
Socket not ready, repolling fd = 9
Socket not ready, repolling fd = 9
Socket not ready, repolling fd = 9
Socket not ready, repolling fd = 9
Socket not ready, repolling fd = 9
Socket not ready, repolling fd = 9
Socket not ready, repolling fd = 9
Socket not ready, repolling fd = 9
Socket not ready, repolling fd = 9
Socket not ready, repolling fd = 9
Socket not ready, repolling fd = 9
Socket not ready, repolling fd = 9
Socket not ready, repolling fd = 9
Socket not ready, repolling fd = 9
Socket not ready, repolling fd = 9
Socket not ready, repolling fd = 9
Socket not ready, repolling fd = 9
Socket not ready, repolling fd = 9
Socket not ready, repolling fd = 9
Socket not ready, repolling fd = 9
Socket not ready, repolling fd = 9
Socket not ready, repolling fd = 9
Socket not ready, repolling fd = 9
Socket not ready, repolling fd = 9
Socket not ready, repolling fd = 9
Socket not ready, repolling fd = 9
Socket not ready, repolling fd = 9
Socket not ready, repolling fd = 9
Socket not ready, repolling fd = 9
Socket not ready, repolling fd = 9
Socket not ready, repolling fd = 9
Socket not ready, repolling fd = 9
Socket not ready, repolling fd = 9
Socket not ready, repolling fd = 9
Socket not ready, repolling fd = 9
Socket not ready, repolling fd = 9
Socket not ready, repolling fd = 9
Socket not ready, repolling fd = 9
Socket not ready, repolling fd = 9
Socket not ready, repolling fd = 9
Socket not ready, repolling fd = 9
Socket not ready, repolling fd = 9
Socket not ready, repolling fd = 9
Socket not ready, repolling fd = 9
Socket not ready, repolling fd = 9
Socket not ready, repolling fd = 9
Socket not ready, repolling fd = 9
Socket not ready, repolling fd = 9
Socket not ready, repolling fd = 9
Socket not ready, repolling fd = 9
Socket not ready, repolling fd = 9
Socket not ready, repolling fd = 9
Socket not ready, repolling fd = 9
Socket not ready, repolling fd = 9
Socket not ready, repolling fd = 9
Socket not ready, repolling fd = 9
Socket not ready, repolling fd = 9
Socket not ready, repolling fd = 9
Socket not ready, repolling fd = 9
Socket not ready, repolling fd = 9
Socket not ready, repolling fd = 9
Socket not ready, repolling fd = 9
Socket not ready, repolling fd = 9
Socket not ready, repolling fd = 9
Socket not ready, repolling fd = 9
Socket not ready, repolling fd = 9
Socket not ready, repolling fd = 9
Socket not ready, repolling fd = 9
Socket not ready, repolling fd = 9
Socket not ready, repolling fd = 9
Socket not ready, repolling fd = 9
Socket not ready, repolling fd = 9
Socket not ready, repolling fd = 9
Socket not ready, repolling fd = 9
Socket not ready, repolling fd = 9
Socket not ready, repolling fd = 9
Socket not ready, repolling fd = 9
Socket not ready, repolling fd = 9
Socket not ready, repolling fd = 9
Socket not ready, repolling fd = 9
Socket not ready, repolling fd = 9
Socket not ready, repolling fd = 9
Socket not ready, repolling fd = 9
Socket not ready, repolling fd = 9
Socket not ready, repolling fd = 9
Socket not ready, repolling fd = 9
Socket not ready, repolling fd = 9
Socket not ready, repolling fd = 9
Socket not ready, repolling fd = 9
Socket not ready, repolling fd = 9
Socket not ready, repolling fd = 9
Socket not ready, repolling fd = 9
Socket not ready, repolling fd = 9
Socket not ready, repolling fd = 9
Socket not ready, repolling fd = 9
Socket not ready, repolling fd = 9
Socket not ready, repolling fd = 9
Socket not ready, repolling fd = 9
Socket not ready, repolling fd = 9
Socket not ready, repolling fd = 9
Socket not ready, repolling fd = 9
Socket not ready, repolling fd = 9
Socket not ready, repolling fd = 9
Socket not ready, repolling fd = 9
Socket not ready, repolling fd = 9
Socket not ready, repolling fd = 9
Socket not ready, repolling fd = 9
Socket not ready, repolling fd = 9
Socket not ready, repolling fd = 9
Socket not ready, repolling fd = 9
Socket not ready, repolling fd = 9
Socket not ready, repolling fd = 9
Socket not ready, repolling fd = 9
Socket not ready, repolling fd = 9
Socket not ready, repolling fd = 9
Socket not ready, repolling fd = 9
Socket not ready, repolling fd = 9
Socket not ready, repolling fd = 9
Socket not ready, repolling fd = 9
Socket not ready, repolling fd = 9
Socket not ready, repolling fd = 9
Socket not ready, repolling fd = 9
Socket not ready, repolling fd = 9
Socket not ready, repolling fd = 9
Socket not ready, repolling fd = 9
Socket not ready, repolling fd = 9
Socket not ready, repolling fd = 9
Socket not ready, repolling fd = 9
Socket not ready, repolling fd = 9
Socket not ready, repolling fd = 9
Socket not ready, repolling fd = 9
Socket not ready, repolling fd = 9
Socket not ready, repolling fd = 9
Socket not ready, repolling fd = 9
Socket not ready, repolling fd = 9
Socket not ready, repolling fd = 9
Socket not ready, repolling fd = 9
Socket not ready, repolling fd = 9
Socket not ready, repolling fd = 9
Socket not ready, repolling fd = 9
Socket not ready, repolling fd = 9
Socket not ready, repolling fd = 9
Socket not ready, repolling fd = 9
Socket not ready, repolling fd = 9
Socket not ready, repolling fd = 9
Socket not ready, repolling fd = 9
Socket not ready, repolling fd = 9
Socket not ready, repolling fd = 9
Socket not ready, repolling fd = 9
Socket not ready, repolling fd = 9
Socket not ready, repolling fd = 9
Socket not ready, repolling fd = 9
Socket not ready, repolling fd = 9
Socket not ready, repolling fd = 9
Socket not ready, repolling fd = 9
Socket not ready, repolling fd = 9
Socket not ready, repolling fd = 9
Socket not ready, repolling fd = 9
Socket not ready, repolling fd = 9
Socket not ready, repolling fd = 9
Socket not ready, repolling fd = 9
Socket not ready, repolling fd = 9
Socket not ready, repolling fd = 9
Socket not ready, repolling fd = 9
Socket not ready, repolling fd = 9
Socket not ready, repolling fd = 9
Socket not ready, repolling fd = 9
Socket not ready, repolling fd = 9
Socket not ready, repolling fd = 9
Socket not ready, repolling fd = 9
Socket not ready, repolling fd = 9
Socket not ready, repolling fd = 9
Socket not ready, repolling fd = 9
Socket not ready, repolling fd = 9
Socket not ready, repolling fd = 9
Socket not ready, repolling fd = 9
Socket not ready, repolling fd = 9
Socket not ready, repolling fd = 9
Socket not ready, repolling fd = 9
Socket not ready, repolling fd = 9
Socket not ready, repolling fd = 9
Socket not ready, repolling fd = 9
Socket not ready, repolling fd = 9
Socket not ready, repolling fd = 9
Socket not ready, repolling fd = 9
Socket not ready, repolling fd = 9
Socket not ready, repolling fd = 9
Socket not ready, repolling fd = 9
Socket not ready, repolling fd = 9
Socket not ready, repolling fd = 9
Socket not ready, repolling fd = 9
Socket not ready, repolling fd = 9
Socket not ready, repolling fd = 9
Socket not ready, repolling fd = 9
Socket not ready, repolling fd = 9
Socket not ready, repolling fd = 9
Socket not ready, repolling fd = 9
Socket not ready, repolling fd = 9
Socket not ready, repolling fd = 9
Socket not ready, repolling fd = 9
Socket not ready, repolling fd = 9
Socket not ready, repolling fd = 9
Socket not ready, repolling fd = 9
Socket not ready, repolling fd = 9
Socket not ready, repolling fd = 9
Socket not ready, repolling fd = 9
Socket not ready, repolling fd = 9
Socket not ready, repolling fd = 9
Socket not ready, repolling fd = 9
Socket not ready, repolling fd = 9
Socket not ready, repolling fd = 9
Socket not ready, repolling fd = 9
Socket not ready, repolling fd = 9
Socket not ready, repolling fd = 9
Socket not ready, repolling fd = 9
Socket not ready, repolling fd = 9
Socket not ready, repolling fd = 9
Socket not ready, repolling fd = 9
Socket not ready, repolling fd = 9
Socket not ready, repolling fd = 9
Socket not ready, repolling fd = 9
Socket not ready, repolling fd = 9
Socket not ready, repolling fd = 9
Socket not ready, repolling fd = 9
Socket not ready, repolling fd = 9
Socket not ready, repolling fd = 9
Socket not ready, repolling fd = 9
Socket not ready, repolling fd = 9
Socket not ready, repolling fd = 9
Socket not ready, repolling fd = 9
Socket not ready, repolling fd = 9
Socket not ready, repolling fd = 9
Socket not ready, repolling fd = 9
Socket not ready, repolling fd = 9
Socket not ready, repolling fd = 9
Socket not ready, repolling fd = 9
Socket not ready, repolling fd = 9
Socket not ready, repolling fd = 9
Socket not ready, repolling fd = 9
Socket not ready, repolling fd = 9
Socket not ready, repolling fd = 9
Socket not ready, repolling fd = 9
Socket not ready, repolling fd = 9
Socket not ready, repolling fd = 9
Socket not ready, repolling fd = 9
Socket not ready, repolling fd = 9
Socket not ready, repolling fd = 9
Socket not ready, repolling fd = 9
Socket not ready, repolling fd = 9
Socket not ready, repolling fd = 9
Socket not ready, repolling fd = 9
Socket not ready, repolling fd = 9
Socket not ready, repolling fd = 9
Socket not ready, repolling fd = 9
Socket not ready, repolling fd = 9
Socket not ready, repolling fd = 9
Socket not ready, repolling fd = 9
Socket not ready, repolling fd = 9
Socket not ready, repolling fd = 9
Socket not ready, repolling fd = 9
Socket not ready, repolling fd = 9
Socket not ready, repolling fd = 9
Socket not ready, repolling fd = 9
Socket not ready, repolling fd = 9
Socket not ready, repolling fd = 9
Socket not ready, repolling fd = 9
Socket not ready, repolling fd = 9
Socket not ready, repolling fd = 9
Socket not ready, repolling fd = 9
Socket not ready, repolling fd = 9
Socket not ready, repolling fd = 9
Socket not ready, repolling fd = 9
Socket not ready, repolling fd = 9
Socket not ready, repolling fd = 9
Socket not ready, repolling fd = 9
Socket not ready, repolling fd = 9
Socket not ready, repolling fd = 9
Socket not ready, repolling fd = 9
Socket not ready, repolling fd = 9
Socket not ready, repolling fd = 9
Socket not ready, repolling fd = 9
Socket not ready, repolling fd = 9
Socket not ready, repolling fd = 9
Socket not ready, repolling fd = 9
Socket not ready, repolling fd = 9
Socket not ready, repolling fd = 9
Socket not ready, repolling fd = 9
Socket not ready, repolling fd = 9
Socket not ready, repolling fd = 9
Socket not ready, repolling fd = 9
Socket not ready, repolling fd = 9
Socket not ready, repolling fd = 9
Socket not ready, repolling fd = 9
Socket not ready, repolling fd = 9
Socket not ready, repolling fd = 9
Socket not ready, repolling fd = 9
Socket not ready, repolling fd = 9
Socket not ready, repolling fd = 9
Socket not ready, repolling fd = 9
Socket not ready, repolling fd = 9
Socket not ready, repolling fd = 9
Socket not ready, repolling fd = 9
Socket not ready, repolling fd = 9
Socket not ready, repolling fd = 9
Socket not ready, repolling fd = 9
Socket not ready, repolling fd = 9
Socket not ready, repolling fd = 9
Socket not ready, repolling fd = 9
Socket not ready, repolling fd = 9
Socket not ready, repolling fd = 9
Socket not ready, repolling fd = 9
Socket not ready, repolling fd = 9
Socket not ready, repolling fd = 9
Socket not ready, repolling fd = 9
Socket not ready, repolling fd = 9
Socket not ready, repolling fd = 9
Socket not ready, repolling fd = 9
Socket not ready, repolling fd = 9
Socket not ready, repolling fd = 9
Socket not ready, repolling fd = 9
Socket not ready, repolling fd = 9
Socket not ready, repolling fd = 9
Socket not ready, repolling fd = 9
Socket not ready, repolling fd = 9
Socket not ready, repolling fd = 9
Socket not ready, repolling fd = 9
Socket not ready, repolling fd = 9
Socket not ready, repolling fd = 9
Socket not ready, repolling fd = 9
Socket not ready, repolling fd = 9
Socket not ready, repolling fd = 9
Socket not ready, repolling fd = 9
Socket not ready, repolling fd = 9
Socket not ready, repolling fd = 9
Socket not ready, repolling fd = 9
Socket not ready, repolling fd = 9
Socket not ready, repolling fd = 9
Socket not ready, repolling fd = 9
Socket not ready, repolling fd = 9
Socket not ready, repolling fd = 9
Socket not ready, repolling fd = 9
Socket not ready, repolling fd = 9
Socket not ready, repolling fd = 9
Socket not ready, repolling fd = 9
Socket not ready, repolling fd = 9
Socket not ready, repolling fd = 9
Socket not ready, repolling fd = 9
Socket not ready, repolling fd = 9
Socket not ready, repolling fd = 9
Socket not ready, repolling fd = 9
Socket not ready, repolling fd = 9
Socket not ready, repolling fd = 9
Socket not ready, repolling fd = 9
Socket not ready, repolling fd = 9
Socket not ready, repolling fd = 9
Socket not ready, repolling fd = 9
Socket not ready, repolling fd = 9
Socket not ready, repolling fd = 9
Socket not ready, repolling fd = 9
Socket not ready, repolling fd = 9
Socket not ready, repolling fd = 9
Socket not ready, repolling fd = 9
Socket not ready, repolling fd = 9
Socket not ready, repolling fd = 9
Socket not ready, repolling fd = 9
Socket not ready, repolling fd = 9
Socket not ready, repolling fd = 9
Socket not ready, repolling fd = 9
Socket not ready, repolling fd = 9
Socket not ready, repolling fd = 9
Socket not ready, repolling fd = 9
Socket not ready, repolling fd = 9
Socket not ready, repolling fd = 9
Socket not ready, repolling fd = 9
Socket not ready, repolling fd = 9
Socket not ready, repolling fd = 9
Socket not ready, repolling fd = 9
Socket not ready, repolling fd = 9
Socket not ready, repolling fd = 9
Socket not ready, repolling fd = 9
Socket not ready, repolling fd = 9
Socket not ready, repolling fd = 9
Socket not ready, repolling fd = 9
Socket not ready, repolling fd = 9
Socket not ready, repolling fd = 9
Socket not ready, repolling fd = 9
Socket not ready, repolling fd = 9
Socket not ready, repolling fd = 9
Socket not ready, repolling fd = 9
Socket not ready, repolling fd = 9
Socket not ready, repolling fd = 9
Socket not ready, repolling fd = 9
Socket not ready, repolling fd = 9
Socket not ready, repolling fd = 9
Socket not ready, repolling fd = 9
Socket not ready, repolling fd = 9
Socket not ready, repolling fd = 9
Socket not ready, repolling fd = 9
Socket not ready, repolling fd = 9
Socket not ready, repolling fd = 9
Socket not ready, repolling fd = 9
Socket not ready, repolling fd = 9
Socket not ready, repolling fd = 9
Socket not ready, repolling fd = 9
Socket not ready, repolling fd = 9
Socket not ready, repolling fd = 9
Socket not ready, repolling fd = 9
Socket not ready, repolling fd = 9
Socket not ready, repolling fd = 9
Socket not ready, repolling fd = 9
Socket not ready, repolling fd = 9
Socket not ready, repolling fd = 9
Socket not ready, repolling fd = 9
Socket not ready, repolling fd = 9
Socket not ready, repolling fd = 9
Socket not ready, repolling fd = 9
Socket not ready, repolling fd = 9
Socket not ready, repolling fd = 9
Socket not ready, repolling fd = 9
Socket not ready, repolling fd = 9
Socket not ready, repolling fd = 9
Socket not ready, repolling fd = 9
Socket not ready, repolling fd = 9
Socket not ready, repolling fd = 9
Socket not ready, repolling fd = 9
Socket not ready, repolling fd = 9
Socket not ready, repolling fd = 9
Socket not ready, repolling fd = 9
Socket not ready, repolling fd = 9
Socket not ready, repolling fd = 9
Socket not ready, repolling fd = 9
Socket not ready, repolling fd = 9
Socket not ready, repolling fd = 9
Socket not ready, repolling fd = 9
Socket not ready, repolling fd = 9
Socket not ready, repolling fd = 9
Socket not ready, repolling fd = 9
Socket not ready, repolling fd = 9
Socket not ready, repolling fd = 9
Socket not ready, repolling fd = 9
Socket not ready, repolling fd = 9
Socket not ready, repolling fd = 9
Socket not ready, repolling fd = 9
Socket not ready, repolling fd = 9
Socket not ready, repolling fd = 9
Socket not ready, repolling fd = 9
Socket not ready, repolling fd = 9
Socket not ready, repolling fd = 9
Socket not ready, repolling fd = 9
Socket not ready, repolling fd = 9
Socket not ready, repolling fd = 9
Socket not ready, repolling fd = 9
Socket not ready, repolling fd = 9
Socket not ready, repolling fd = 9
Socket not ready, repolling fd = 9
Socket not ready, repolling fd = 9
Socket not ready, repolling fd = 9
Socket not ready, repolling fd = 9
Socket not ready, repolling fd = 9
Socket not ready, repolling fd = 9
Socket not ready, repolling fd = 9
Socket not ready, repolling fd = 9
Socket not ready, repolling fd = 9
Socket not ready, repolling fd = 9
Socket not ready, repolling fd = 9
Socket not ready, repolling fd = 9
Socket not ready, repolling fd = 9
Socket not ready, repolling fd = 9
Socket not ready, repolling fd = 9
Socket not ready, repolling fd = 9
Socket not ready, repolling fd = 9
Socket not ready, repolling fd = 9
Socket not ready, repolling fd = 9
Socket not ready, repolling fd = 9
Socket not ready, repolling fd = 9
Socket not ready, repolling fd = 9
Socket not ready, repolling fd = 9
Socket not ready, repolling fd = 9
Socket not ready, repolling fd = 9
Socket not ready, repolling fd = 9
Socket not ready, repolling fd = 9
Socket not ready, repolling fd = 9
Socket not ready, repolling fd = 9
Socket not ready, repolling fd = 9
Socket not ready, repolling fd = 9
Socket not ready, repolling fd = 9
Socket not ready, repolling fd = 9
Socket not ready, repolling fd = 9
Socket not ready, repolling fd = 9
Socket not ready, repolling fd = 9
Socket not ready, repolling fd = 9
Socket not ready, repolling fd = 9
Socket not ready, repolling fd = 9
Socket not ready, repolling fd = 9
Socket not ready, repolling fd = 9
Socket not ready, repolling fd = 9
Socket not ready, repolling fd = 9
Socket not ready, repolling fd = 9
Socket not ready, repolling fd = 9
Socket not ready, repolling fd = 9
Socket not ready, repolling fd = 9
Socket not ready, repolling fd = 9
Socket not ready, repolling fd = 9
Socket not ready, repolling fd = 9
Socket not ready, repolling fd = 9
Socket not ready, repolling fd = 9
Socket not ready, repolling fd = 9
Socket not ready, repolling fd = 9
Socket not ready, repolling fd = 9
Socket not ready, repolling fd = 9
Socket not ready, repolling fd = 9
Socket not ready, repolling fd = 9
Socket not ready, repolling fd = 9
Socket not ready, repolling fd = 9
Socket not ready, repolling fd = 9
Socket not ready, repolling fd = 9
Socket not ready, repolling fd = 9
Socket not ready, repolling fd = 9
Socket not ready, repolling fd = 9
Socket not ready, repolling fd = 9
Socket not ready, repolling fd = 9
Socket not ready, repolling fd = 9
Socket not ready, repolling fd = 9
Socket not ready, repolling fd = 9
Socket not ready, repolling fd = 9
Socket not ready, repolling fd = 9
Socket not ready, repolling fd = 9
Socket not ready, repolling fd = 9
Socket not ready, repolling fd = 9
Socket not ready, repolling fd = 9
Socket not ready, repolling fd = 9
Socket not ready, repolling fd = 9
Socket not ready, repolling fd = 9
Socket not ready, repolling fd = 9
Socket not ready, repolling fd = 9
Socket not ready, repolling fd = 9
Socket not ready, repolling fd = 9
Socket not ready, repolling fd = 9
Socket not ready, repolling fd = 9
Socket not ready, repolling fd = 9
Socket not ready, repolling fd = 9
Socket not ready, repolling fd = 9
Socket not ready, repolling fd = 9
Socket not ready, repolling fd = 9
Socket not ready, repolling fd = 9
Socket not ready, repolling fd = 9
Socket not ready, repolling fd = 9
Socket not ready, repolling fd = 9
Socket not ready, repolling fd = 9
Socket not ready, repolling fd = 9
Socket not ready, repolling fd = 9
Socket not ready, repolling fd = 9
Socket not ready, repolling fd = 9
Socket not ready, repolling fd = 9
Socket not ready, repolling fd = 9
Socket not ready, repolling fd = 9
Socket not ready, repolling fd = 9
Socket not ready, repolling fd = 9
Socket not ready, repolling fd = 9
Socket not ready, repolling fd = 9
Socket not ready, repolling fd = 9
Socket not ready, repolling fd = 9
Socket not ready, repolling fd = 9
Socket not ready, repolling fd = 9
Socket not ready, repolling fd = 9
Socket not ready, repolling fd = 9
Socket not ready, repolling fd = 9
Socket not ready, repolling fd = 9
Socket not ready, repolling fd = 9
Socket not ready, repolling fd = 9
Socket not ready, repolling fd = 9
Socket not ready, repolling fd = 9
Socket not ready, repolling fd = 9
Socket not ready, repolling fd = 9
Socket not ready, repolling fd = 9
Socket not ready, repolling fd = 9
Socket not ready, repolling fd = 9
Socket not ready, repolling fd = 9
Socket not ready, repolling fd = 9
Socket not ready, repolling fd = 9
Socket not ready, repolling fd = 9
Socket not ready, repolling fd = 9
Socket not ready, repolling fd = 9
Socket not ready, repolling fd = 9
Socket not ready, repolling fd = 9
Socket not ready, repolling fd = 9
Socket not ready, repolling fd = 9
Socket not ready, repolling fd = 9
Socket not ready, repolling fd = 9
Socket not ready, repolling fd = 9
Socket not ready, repolling fd = 9
Socket not ready, repolling fd = 9
Socket not ready, repolling fd = 9
Socket not ready, repolling fd = 9
Socket not ready, repolling fd = 9
Socket not ready, repolling fd = 9
Socket not ready, repolling fd = 9
Socket not ready, repolling fd = 9
Socket not ready, repolling fd = 9
Socket not ready, repolling fd = 9
Socket not ready, repolling fd = 9
Socket not ready, repolling fd = 9
Socket not ready, repolling fd = 9
Socket not ready, repolling fd = 9
Socket not ready, repolling fd = 9
Socket not ready, repolling fd = 9
Socket not ready, repolling fd = 9
Socket not ready, repolling fd = 9
Socket not ready, repolling fd = 9
Socket not ready, repolling fd = 9
Socket not ready, repolling fd = 9
Socket not ready, repolling fd = 9
Socket not ready, repolling fd = 9
Socket not ready, repolling fd = 9
Socket not ready, repolling fd = 9
Socket not ready, repolling fd = 9
Socket not ready, repolling fd = 9
Socket not ready, repolling fd = 9
Socket not ready, repolling fd = 9
Socket not ready, repolling fd = 9
Socket not ready, repolling fd = 9
Socket not ready, repolling fd = 9
Socket not ready, repolling fd = 9
Socket not ready, repolling fd = 9
Socket not ready, repolling fd = 9
Socket not ready, repolling fd = 9
Socket not ready, repolling fd = 9
Socket not ready, repolling fd = 9
Socket not ready, repolling fd = 9
Socket not ready, repolling fd = 9
Socket not ready, repolling fd = 9
Socket not ready, repolling fd = 9
Socket not ready, repolling fd = 9
Socket not ready, repolling fd = 9
Socket not ready, repolling fd = 9
Socket not ready, repolling fd = 9
Socket not ready, repolling fd = 9
Socket not ready, repolling fd = 9
Socket not ready, repolling fd = 9
Socket not ready, repolling fd = 9
Socket not ready, repolling fd = 9
Socket not ready, repolling fd = 9
Socket not ready, repolling fd = 9
Socket not ready, repolling fd = 9
Socket not ready, repolling fd = 9
Socket not ready, repolling fd = 9
Socket not ready, repolling fd = 9
Socket not ready, repolling fd = 9
Socket not ready, repolling fd = 9
Socket not ready, repolling fd = 9
Socket not ready, repolling fd = 9
Socket not ready, repolling fd = 9
Socket not ready, repolling fd = 9
Socket not ready, repolling fd = 9
Socket not ready, repolling fd = 9
Socket not ready, repolling fd = 9
Socket not ready, repolling fd = 9
Socket not ready, repolling fd = 9
Socket not ready, repolling fd = 9
Socket not ready, repolling fd = 9
Socket not ready, repolling fd = 9
Socket not ready, repolling fd = 9
Socket not ready, repolling fd = 9
Socket not ready, repolling fd = 9
Socket not ready, repolling fd = 9
Socket not ready, repolling fd = 9
Socket not ready, repolling fd = 9
Socket not ready, repolling fd = 9
Socket not ready, repolling fd = 9
Socket not ready, repolling fd = 9
Socket not ready, repolling fd = 9
Socket not ready, repolling fd = 9
Socket not ready, repolling fd = 9
Socket not ready, repolling fd = 9
Socket not ready, repolling fd = 9
Socket not ready, repolling fd = 9
Socket not ready, repolling fd = 9
Socket not ready, repolling fd = 9
Socket not ready, repolling fd = 9
Socket not ready, repolling fd = 9
Socket not ready, repolling fd = 9
Socket not ready, repolling fd = 9
Socket not ready, repolling fd = 9
Socket not ready, repolling fd = 9
Socket not ready, repolling fd = 9
Socket not ready, repolling fd = 9
Socket not ready, repolling fd = 9
Socket not ready, repolling fd = 9
Socket not ready, repolling fd = 9
Socket not ready, repolling fd = 9
Socket not ready, repolling fd = 9
Socket not ready, repolling fd = 9
Socket not ready, repolling fd = 9
Socket not ready, repolling fd = 9
Socket not ready, repolling fd = 9
Socket not ready, repolling fd = 9
Socket not ready, repolling fd = 9
Socket not ready, repolling fd = 9
Socket not ready, repolling fd = 9
Socket not ready, repolling fd = 9
Socket not ready, repolling fd = 9
Socket not ready, repolling fd = 9
Socket not ready, repolling fd = 9
Socket not ready, repolling fd = 9
Socket not ready, repolling fd = 9
Socket not ready, repolling fd = 9
Socket not ready, repolling fd = 9
Socket not ready, repolling fd = 9
Socket not ready, repolling fd = 9
Socket not ready, repolling fd = 9
Socket not ready, repolling fd = 9
Socket not ready, repolling fd = 9
Socket not ready, repolling fd = 9
Socket not ready, repolling fd = 9
Socket not ready, repolling fd = 9
Socket not ready, repolling fd = 9
Socket not ready, repolling fd = 9
Socket not ready, repolling fd = 9
Socket not ready, repolling fd = 9
Socket not ready, repolling fd = 9
Socket not ready, repolling fd = 9
Socket not ready, repolling fd = 9
Socket not ready, repolling fd = 9
Socket not ready, repolling fd = 9
Socket not ready, repolling fd = 9
Socket not ready, repolling fd = 9
Socket not ready, repolling fd = 9
Socket not ready, repolling fd = 9
Socket not ready, repolling fd = 9
Socket not ready, repolling fd = 9
Socket not ready, repolling fd = 9
Socket not ready, repolling fd = 9
Socket not ready, repolling fd = 9
Socket not ready, repolling fd = 9
Socket not ready, repolling fd = 9
Socket not ready, repolling fd = 9
Socket not ready, repolling fd = 9
Socket not ready, repolling fd = 9
Socket not ready, repolling fd = 9
Socket not ready, repolling fd = 9
Socket not ready, repolling fd = 9
Socket not ready, repolling fd = 9
Socket not ready, repolling fd = 9
Socket not ready, repolling fd = 9
Socket not ready, repolling fd = 9
Socket not ready, repolling fd = 9
Socket not ready, repolling fd = 9
Socket not ready, repolling fd = 9
Socket not ready, repolling fd = 9
Socket not ready, repolling fd = 9
Socket not ready, repolling fd = 9
Socket not ready, repolling fd = 9
Socket not ready, repolling fd = 9
Socket not ready, repolling fd = 9
Socket not ready, repolling fd = 9
Socket not ready, repolling fd = 9
Socket not ready, repolling fd = 9
Socket not ready, repolling fd = 9
Socket not ready, repolling fd = 9
Socket not ready, repolling fd = 9
Socket not ready, repolling fd = 9
Socket not ready, repolling fd = 9
Socket not ready, repolling fd = 9
Socket not ready, repolling fd = 9
Socket not ready, repolling fd = 9
Socket not ready, repolling fd = 9
Socket not ready, repolling fd = 9
Socket not ready, repolling fd = 9
Socket not ready, repolling fd = 9
Socket not ready, repolling fd = 9
Socket not ready, repolling fd = 9
Socket not ready, repolling fd = 9
Socket not ready, repolling fd = 9
Socket not ready, repolling fd = 9
Socket not ready, repolling fd = 9
Socket not ready, repolling fd = 9
Socket not ready, repolling fd = 9
Socket not ready, repolling fd = 9
Socket not ready, repolling fd = 9
Socket not ready, repolling fd = 9
Socket not ready, repolling fd = 9
Socket not ready, repolling fd = 9
Socket not ready, repolling fd = 9
Socket not ready, repolling fd = 9
Socket not ready, repolling fd = 9
Socket not ready, repolling fd = 9
Socket not ready, repolling fd = 9
Socket not ready, repolling fd = 9
Socket not ready, repolling fd = 9
Socket not ready, repolling fd = 9
Socket not ready, repolling fd = 9
Socket not ready, repolling fd = 9
Socket not ready, repolling fd = 9
Socket not ready, repolling fd = 9
Socket not ready, repolling fd = 9
Socket not ready, repolling fd = 9
Socket not ready, repolling fd = 9
Socket not ready, repolling fd = 9
Socket not ready, repolling fd = 9
Socket not ready, repolling fd = 9
Socket not ready, repolling fd = 9
Socket not ready, repolling fd = 9
Socket not ready, repolling fd = 9
Socket not ready, repolling fd = 9
Socket not ready, repolling fd = 9
Socket not ready, repolling fd = 9
Socket not ready, repolling fd = 9
Socket not ready, repolling fd = 9
Socket not ready, repolling fd = 9
Socket not ready, repolling fd = 9
Socket not ready, repolling fd = 9
Socket not ready, repolling fd = 9
Socket not ready, repolling fd = 9
Socket not ready, repolling fd = 9
Socket not ready, repolling fd = 9
Socket not ready, repolling fd = 9
Socket not ready, repolling fd = 9
Socket not ready, repolling fd = 9
Socket not ready, repolling fd = 9
Socket not ready, repolling fd = 9
Socket not ready, repolling fd = 9
Socket not ready, repolling fd = 9
Socket not ready, repolling fd = 9
Socket not ready, repolling fd = 9
Socket not ready, repolling fd = 9
Socket not ready, repolling fd = 9
Socket not ready, repolling fd = 9
Socket not ready, repolling fd = 9
Socket not ready, repolling fd = 9
Socket not ready, repolling fd = 9
Socket not ready, repolling fd = 9
Socket not ready, repolling fd = 9
Socket not ready, repolling fd = 9
Socket not ready, repolling fd = 9
Socket not ready, repolling fd = 9
Socket not ready, repolling fd = 9
Socket not ready, repolling fd = 9
Socket not ready, repolling fd = 9
Socket not ready, repolling fd = 9
Socket not ready, repolling fd = 9
Socket not ready, repolling fd = 9
Socket not ready, repolling fd = 9
Socket not ready, repolling fd = 9
Socket not ready, repolling fd = 9
Socket not ready, repolling fd = 9
Socket not ready, repolling fd = 9
Socket not ready, repolling fd = 9
Socket not ready, repolling fd = 9
Socket not ready, repolling fd = 9
Socket not ready, repolling fd = 9
Socket not ready, repolling fd = 9
Socket not ready, repolling fd = 9
Socket not ready, repolling fd = 9
Socket not ready, repolling fd = 9
Socket not ready, repolling fd = 9
Socket not ready, repolling fd = 9
Socket not ready, repolling fd = 9
Socket not ready, repolling fd = 9
Socket not ready, repolling fd = 9
Socket not ready, repolling fd = 9
Socket not ready, repolling fd = 9
Socket not ready, repolling fd = 9
Socket not ready, repolling fd = 9
Socket not ready, repolling fd = 9
Socket not ready, repolling fd = 9
Socket not ready, repolling fd = 9
Socket not ready, repolling fd = 9
Socket not ready, repolling fd = 9
Socket not ready, repolling fd = 9
Socket not ready, repolling fd = 9
Socket not ready, repolling fd = 9
Socket not ready, repolling fd = 9
Socket not ready, repolling fd = 9
Socket not ready, repolling fd = 9
Socket not ready, repolling fd = 9
Socket not ready, repolling fd = 9
Socket not ready, repolling fd = 9
Socket not ready, repolling fd = 9
Socket not ready, repolling fd = 9
Socket not ready, repolling fd = 9
Socket not ready, repolling fd = 9
Socket not ready, repolling fd = 9
Socket not ready, repolling fd = 9
Socket not ready, repolling fd = 9
Socket not ready, repolling fd = 9
Socket not ready, repolling fd = 9
Socket not ready, repolling fd = 9
Socket not ready, repolling fd = 9
Socket not ready, repolling fd = 9
Socket not ready, repolling fd = 9
Socket not ready, repolling fd = 9
Socket not ready, repolling fd = 9
Socket not ready, repolling fd = 9
Socket not ready, repolling fd = 9
Socket not ready, repolling fd = 9
Socket not ready, repolling fd = 9
Socket not ready, repolling fd = 9
Socket not ready, repolling fd = 9
Socket not ready, repolling fd = 9
Socket not ready, repolling fd = 9
Socket not ready, repolling fd = 9
Socket not ready, repolling fd = 9
Socket not ready, repolling fd = 9
Socket not ready, repolling fd = 9
Socket not ready, repolling fd = 9
Socket not ready, repolling fd = 9
Socket not ready, repolling fd = 9
Socket not ready, repolling fd = 9
Socket not ready, repolling fd = 9
Socket not ready, repolling fd = 9
Socket not ready, repolling fd = 9
Socket not ready, repolling fd = 9
Socket not ready, repolling fd = 9
Socket not ready, repolling fd = 9
Socket not ready, repolling fd = 9
Socket not ready, repolling fd = 9
Socket not ready, repolling fd = 9
Socket not ready, repolling fd = 9
Socket not ready, repolling fd = 9
Socket not ready, repolling fd = 9
Socket not ready, repolling fd = 9
Socket not ready, repolling fd = 9
Socket not ready, repolling fd = 9
Socket not ready, repolling fd = 9
Socket not ready, repolling fd = 9
Socket not ready, repolling fd = 9
Socket not ready, repolling fd = 9
Socket not ready, repolling fd = 9
Socket not ready, repolling fd = 9
Socket not ready, repolling fd = 9
Socket not ready, repolling fd = 9
Socket not ready, repolling fd = 9
Socket not ready, repolling fd = 9
Socket not ready, repolling fd = 9
Socket not ready, repolling fd = 9
Socket not ready, repolling fd = 9
Socket not ready, repolling fd = 9
Socket not ready, repolling fd = 9
Socket not ready, repolling fd = 9
Socket not ready, repolling fd = 9
Socket not ready, repolling fd = 9
Socket not ready, repolling fd = 9
Socket not ready, repolling fd = 9
Socket not ready, repolling fd = 9
Socket not ready, repolling fd = 9
Socket not ready, repolling fd = 9
Socket not ready, repolling fd = 9
Socket not ready, repolling fd = 9
Socket not ready, repolling fd = 9
Socket not ready, repolling fd = 9
Socket not ready, repolling fd = 9
Socket not ready, repolling fd = 9
Socket not ready, repolling fd = 9
Socket not ready, repolling fd = 9
Socket not ready, repolling fd = 9
Socket not ready, repolling fd = 9
Socket not ready, repolling fd = 9
Socket not ready, repolling fd = 9
Socket not ready, repolling fd = 9
Socket not ready, repolling fd = 9
Socket not ready, repolling fd = 9
Socket not ready, repolling fd = 9
Socket not ready, repolling fd = 9
Socket not ready, repolling fd = 9
Socket not ready, repolling fd = 9
Socket not ready, repolling fd = 9
Socket not ready, repolling fd = 9
Socket not ready, repolling fd = 9
Socket not ready, repolling fd = 9
Socket not ready, repolling fd = 9
Socket not ready, repolling fd = 9
Socket not ready, repolling fd = 9
Socket not ready, repolling fd = 9
Socket not ready, repolling fd = 9
Socket not ready, repolling fd = 9
Socket not ready, repolling fd = 9
Socket not ready, repolling fd = 9
Socket not ready, repolling fd = 9
Socket not ready, repolling fd = 9
Socket not ready, repolling fd = 9
Socket not ready, repolling fd = 9
Socket not ready, repolling fd = 9
Socket not ready, repolling fd = 9
Socket not ready, repolling fd = 9
Socket not ready, repolling fd = 9
Socket not ready, repolling fd = 9
Socket not ready, repolling fd = 9
Socket not ready, repolling fd = 9
Socket not ready, repolling fd = 9
Socket not ready, repolling fd = 9
Socket not ready, repolling fd = 9
Socket not ready, repolling fd = 9
Socket not ready, repolling fd = 9
Socket not ready, repolling fd = 9
Socket not ready, repolling fd = 9
Socket not ready, repolling fd = 9
Socket not ready, repolling fd = 9
Socket not ready, repolling fd = 9
Socket not ready, repolling fd = 9
Socket not ready, repolling fd = 9
Socket not ready, repolling fd = 9
Socket not ready, repolling fd = 9
Socket not ready, repolling fd = 9
Socket not ready, repolling fd = 9
Socket not ready, repolling fd = 9
Socket not ready, repolling fd = 9
Socket not ready, repolling fd = 9
Socket not ready, repolling fd = 9
Socket not ready, repolling fd = 9
Socket not ready, repolling fd = 9
Socket not ready, repolling fd = 9
Socket not ready, repolling fd = 9
Socket not ready, repolling fd = 9
Socket not ready, repolling fd = 9
Socket not ready, repolling fd = 9
Socket not ready, repolling fd = 9
Socket not ready, repolling fd = 9
Socket not ready, repolling fd = 9
Socket not ready, repolling fd = 9
Socket not ready, repolling fd = 9
Socket not ready, repolling fd = 9
Socket not ready, repolling fd = 9
Socket not ready, repolling fd = 9
Socket not ready, repolling fd = 9
Socket not ready, repolling fd = 9
Socket not ready, repolling fd = 9
Socket not ready, repolling fd = 9
Socket not ready, repolling fd = 9
Socket not ready, repolling fd = 9
Socket not ready, repolling fd = 9
Socket not ready, repolling fd = 9
Socket not ready, repolling fd = 9
Socket not ready, repolling fd = 9
Socket not ready, repolling fd = 9
Socket not ready, repolling fd = 9
Socket not ready, repolling fd = 9
Socket not ready, repolling fd = 9
Socket not ready, repolling fd = 9
Socket not ready, repolling fd = 9
Socket not ready, repolling fd = 9
Socket not ready, repolling fd = 9
Socket not ready, repolling fd = 9
Socket not ready, repolling fd = 9
Socket not ready, repolling fd = 9
Socket not ready, repolling fd = 9
Socket not ready, repolling fd = 9
Socket not ready, repolling fd = 9
Socket not ready, repolling fd = 9
Socket not ready, repolling fd = 9
Socket not ready, repolling fd = 9
Socket not ready, repolling fd = 9
Socket not ready, repolling fd = 9
Socket not ready, repolling fd = 9
Socket not ready, repolling fd = 9
Socket not ready, repolling fd = 9
Socket not ready, repolling fd = 9
Socket not ready, repolling fd = 9
Socket not ready, repolling fd = 9
Socket not ready, repolling fd = 9
Socket not ready, repolling fd = 9
Socket not ready, repolling fd = 9
Socket not ready, repolling fd = 9
Socket not ready, repolling fd = 9
Socket not ready, repolling fd = 9
Socket not ready, repolling fd = 9
Socket not ready, repolling fd = 9
Socket not ready, repolling fd = 9
Socket not ready, repolling fd = 9
Socket not ready, repolling fd = 9
Socket not ready, repolling fd = 9
Socket not ready, repolling fd = 9
Socket not ready, repolling fd = 9
Socket not ready, repolling fd = 9
Socket not ready, repolling fd = 9
Socket not ready, repolling fd = 9
Socket not ready, repolling fd = 9
Socket not ready, repolling fd = 9
Socket not ready, repolling fd = 9
Socket not ready, repolling fd = 9
Socket not ready, repolling fd = 9
Socket not ready, repolling fd = 9
Socket not ready, repolling fd = 9
Socket not ready, repolling fd = 9
Socket not ready, repolling fd = 9
Socket not ready, repolling fd = 9
Socket not ready, repolling fd = 9
Socket not ready, repolling fd = 9
Socket not ready, repolling fd = 9
Socket not ready, repolling fd = 9
Socket not ready, repolling fd = 9
Socket not ready, repolling fd = 9
Socket not ready, repolling fd = 9
Socket not ready, repolling fd = 9
Socket not ready, repolling fd = 9
Socket not ready, repolling fd = 9
Socket not ready, repolling fd = 9
Socket not ready, repolling fd = 9
Socket not ready, repolling fd = 9
Socket not ready, repolling fd = 9
Socket not ready, repolling fd = 9
Socket not ready, repolling fd = 9
Socket not ready, repolling fd = 9
Socket not ready, repolling fd = 9
Socket not ready, repolling fd = 9
Socket not ready, repolling fd = 9
Socket not ready, repolling fd = 9
Socket not ready, repolling fd = 9
Socket not ready, repolling fd = 9
Socket not ready, repolling fd = 9
Socket not ready, repolling fd = 9
Socket not ready, repolling fd = 9
Socket not ready, repolling fd = 9
Socket not ready, repolling fd = 9
Socket not ready, repolling fd = 9
Socket not ready, repolling fd = 9
Socket not ready, repolling fd = 9
Socket not ready, repolling fd = 9
Socket not ready, repolling fd = 9
Socket not ready, repolling fd = 9
Socket not ready, repolling fd = 9
Socket not ready, repolling fd = 9
Socket not ready, repolling fd = 9
Socket not ready, repolling fd = 9
Socket not ready, repolling fd = 9
Socket not ready, repolling fd = 9
Socket not ready, repolling fd = 9
Socket not ready, repolling fd = 9
Socket not ready, repolling fd = 9
Socket not ready, repolling fd = 9
Socket not ready, repolling fd = 9
Socket not ready, repolling fd = 9
Socket not ready, repolling fd = 9
Socket not ready, repolling fd = 9
Socket not ready, repolling fd = 9
Socket not ready, repolling fd = 9
Socket not ready, repolling fd = 9
Socket not ready, repolling fd = 9
Socket not ready, repolling fd = 9
Socket not ready, repolling fd = 9
Socket not ready, repolling fd = 9
Socket not ready, repolling fd = 9
Socket not ready, repolling fd = 9
Socket not ready, repolling fd = 9
Socket not ready, repolling fd = 9
Socket not ready, repolling fd = 9
Socket not ready, repolling fd = 9
Socket not ready, repolling fd = 9
Socket not ready, repolling fd = 9
Socket not ready, repolling fd = 9
Socket not ready, repolling fd = 9
Socket not ready, repolling fd = 9
Socket not ready, repolling fd = 9
Socket not ready, repolling fd = 9
Socket not ready, repolling fd = 9
Socket not ready, repolling fd = 9
Socket not ready, repolling fd = 9
Socket not ready, repolling fd = 9
Socket not ready, repolling fd = 9
Socket not ready, repolling fd = 9
Socket not ready, repolling fd = 9
Socket not ready, repolling fd = 9
Socket not ready, repolling fd = 9
Socket not ready, repolling fd = 9
Socket not ready, repolling fd = 9
Socket not ready, repolling fd = 9
Socket not ready, repolling fd = 9
Socket not ready, repolling fd = 9
Socket not ready, repolling fd = 9
Socket not ready, repolling fd = 9
Socket not ready, repolling fd = 9
Socket not ready, repolling fd = 9
Socket not ready, repolling fd = 9
Socket not ready, repolling fd = 9
Socket not ready, repolling fd = 9
Socket not ready, repolling fd = 9
Socket not ready, repolling fd = 9
Socket not ready, repolling fd = 9
Socket not ready, repolling fd = 9
Socket not ready, repolling fd = 9
Socket not ready, repolling fd = 9
Socket not ready, repolling fd = 9
Socket not ready, repolling fd = 9
Socket not ready, repolling fd = 9
Socket not ready, repolling fd = 9
Socket not ready, repolling fd = 9
Socket not ready, repolling fd = 9
Socket not ready, repolling fd = 9
Socket not ready, repolling fd = 9
Socket not ready, repolling fd = 9
Socket not ready, repolling fd = 9
Socket not ready, repolling fd = 9
Socket not ready, repolling fd = 9
Socket not ready, repolling fd = 9
Socket not ready, repolling fd = 9
Socket not ready, repolling fd = 9
Socket not ready, repolling fd = 9
Socket not ready, repolling fd = 9
Socket not ready, repolling fd = 9
Socket not ready, repolling fd = 9
Socket not ready, repolling fd = 9
Socket not ready, repolling fd = 9
Socket not ready, repolling fd = 9
Socket not ready, repolling fd = 9
Socket not ready, repolling fd = 9
Socket not ready, repolling fd = 9
Socket not ready, repolling fd = 9
Socket not ready, repolling fd = 9
Socket not ready, repolling fd = 9
Socket not ready, repolling fd = 9
Socket not ready, repolling fd = 9
Socket not ready, repolling fd = 9
Socket not ready, repolling fd = 9
Socket not ready, repolling fd = 9
Socket not ready, repolling fd = 9
Socket not ready, repolling fd = 9
Socket not ready, repolling fd = 9
Socket not ready, repolling fd = 9
Socket not ready, repolling fd = 9
Socket not ready, repolling fd = 9
Socket not ready, repolling fd = 9
Socket not ready, repolling fd = 9
Socket not ready, repolling fd = 9
Socket not ready, repolling fd = 9
Socket not ready, repolling fd = 9
Socket not ready, repolling fd = 9
Socket not ready, repolling fd = 9
Socket not ready, repolling fd = 9
Socket not ready, repolling fd = 9
Socket not ready, repolling fd = 9
Socket not ready, repolling fd = 9
Socket not ready, repolling fd = 9
Socket not ready, repolling fd = 9
Socket not ready, repolling fd = 9
Socket not ready, repolling fd = 9
Socket not ready, repolling fd = 9
Socket not ready, repolling fd = 9
Socket not ready, repolling fd = 9
Socket not ready, repolling fd = 9
Socket not ready, repolling fd = 9
Socket not ready, repolling fd = 9
Socket not ready, repolling fd = 9
Socket not ready, repolling fd = 9
Socket not ready, repolling fd = 9
Socket not ready, repolling fd = 9
Socket not ready, repolling fd = 9
Socket not ready, repolling fd = 9
Socket not ready, repolling fd = 9
Socket not ready, repolling fd = 9
Socket not ready, repolling fd = 9
Socket not ready, repolling fd = 9
Socket not ready, repolling fd = 9
Socket not ready, repolling fd = 9
Socket not ready, repolling fd = 9
Socket not ready, repolling fd = 9
Socket not ready, repolling fd = 9
Socket not ready, repolling fd = 9
Socket not ready, repolling fd = 9
Socket not ready, repolling fd = 9
Socket not ready, repolling fd = 9
Socket not ready, repolling fd = 9
Socket not ready, repolling fd = 9
Socket not ready, repolling fd = 9
Socket not ready, repolling fd = 9
Socket not ready, repolling fd = 9
Socket not ready, repolling fd = 9
Socket not ready, repolling fd = 9
Socket not ready, repolling fd = 9
Socket not ready, repolling fd = 9
Socket not ready, repolling fd = 9
Socket not ready, repolling fd = 9
Socket not ready, repolling fd = 9
Socket not ready, repolling fd = 9
Socket not ready, repolling fd = 9
Socket not ready, repolling fd = 9
Socket not ready, repolling fd = 9
Socket not ready, repolling fd = 9
Socket not ready, repolling fd = 9
Socket not ready, repolling fd = 9
Socket not ready, repolling fd = 9
Socket not ready, repolling fd = 9
Socket not ready, repolling fd = 9
Socket not ready, repolling fd = 9
Socket not ready, repolling fd = 9
Socket not ready, repolling fd = 9
Socket not ready, repolling fd = 9
Socket not ready, repolling fd = 9
Socket not ready, repolling fd = 9
Socket not ready, repolling fd = 9
Socket not ready, repolling fd = 9
Socket not ready, repolling fd = 9
Socket not ready, repolling fd = 9
Socket not ready, repolling fd = 9
Socket not ready, repolling fd = 9
Socket not ready, repolling fd = 9
Socket not ready, repolling fd = 9
Socket not ready, repolling fd = 9
Socket not ready, repolling fd = 9
Socket not ready, repolling fd = 9
Socket not ready, repolling fd = 9
Socket not ready, repolling fd = 9
Socket not ready, repolling fd = 9
Socket not ready, repolling fd = 9
Socket not ready, repolling fd = 9
Socket not ready, repolling fd = 9
Socket not ready, repolling fd = 9
Socket not ready, repolling fd = 9
Socket not ready, repolling fd = 9
Socket not ready, repolling fd = 9
Socket not ready, repolling fd = 9
Socket not ready, repolling fd = 9
Socket not ready, repolling fd = 9
Socket not ready, repolling fd = 9
Socket not ready, repolling fd = 9
Socket not ready, repolling fd = 9
Socket not ready, repolling fd = 9
Socket not ready, repolling fd = 9
Socket not ready, repolling fd = 9
Socket not ready, repolling fd = 9
Socket not ready, repolling fd = 9
Socket not ready, repolling fd = 9
Socket not ready, repolling fd = 9
Socket not ready, repolling fd = 9
Socket not ready, repolling fd = 9
Socket not ready, repolling fd = 9
Socket not ready, repolling fd = 9
Socket not ready, repolling fd = 9
Socket not ready, repolling fd = 9
Socket not ready, repolling fd = 9
Socket not ready, repolling fd = 9
Socket not ready, repolling fd = 9
Socket not ready, repolling fd = 9
Socket not ready, repolling fd = 9
Socket not ready, repolling fd = 9
Socket not ready, repolling fd = 9
Socket not ready, repolling fd = 9
Socket not ready, repolling fd = 9
Socket not ready, repolling fd = 9
Socket not ready, repolling fd = 9
Socket not ready, repolling fd = 9
Socket not ready, repolling fd = 9
Socket not ready, repolling fd = 9
Socket not ready, repolling fd = 9
Socket not ready, repolling fd = 9
Socket not ready, repolling fd = 9
Socket not ready, repolling fd = 9
Socket not ready, repolling fd = 9
Socket not ready, repolling fd = 9
Socket not ready, repolling fd = 9
Socket not ready, repolling fd = 9
Socket not ready, repolling fd = 9
Socket not ready, repolling fd = 9
Socket not ready, repolling fd = 9
Socket not ready, repolling fd = 9
Socket not ready, repolling fd = 9
Socket not ready, repolling fd = 9
Socket not ready, repolling fd = 9
Socket not ready, repolling fd = 9
Socket not ready, repolling fd = 9
Socket not ready, repolling fd = 9
Socket not ready, repolling fd = 9
Socket not ready, repolling fd = 9
Socket not ready, repolling fd = 9
Socket not ready, repolling fd = 9
Socket not ready, repolling fd = 9
Socket not ready, repolling fd = 9
Socket not ready, repolling fd = 9
Socket not ready, repolling fd = 9
Socket not ready, repolling fd = 9
Socket not ready, repolling fd = 9
Socket not ready, repolling fd = 9
Socket not ready, repolling fd = 9
Socket not ready, repolling fd = 9
Socket not ready, repolling fd = 9
Socket not ready, repolling fd = 9
Socket not ready, repolling fd = 9
Socket not ready, repolling fd = 9
Socket not ready, repolling fd = 9
Socket not ready, repolling fd = 9
Socket not ready, repolling fd = 9
Socket not ready, repolling fd = 9
Socket not ready, repolling fd = 9
Socket not ready, repolling fd = 9
Socket not ready, repolling fd = 9
Socket not ready, repolling fd = 9
Socket not ready, repolling fd = 9
Socket not ready, repolling fd = 9
Socket not ready, repolling fd = 9
Socket not ready, repolling fd = 9
Socket not ready, repolling fd = 9
Socket not ready, repolling fd = 9
Socket not ready, repolling fd = 9
Socket not ready, repolling fd = 9
Socket not ready, repolling fd = 9
Socket not ready, repolling fd = 9
Socket not ready, repolling fd = 9
Socket not ready, repolling fd = 9
Socket not ready, repolling fd = 9
Socket not ready, repolling fd = 9
Socket not ready, repolling fd = 9
Socket not ready, repolling fd = 9
Socket not ready, repolling fd = 9
Socket not ready, repolling fd = 9
Socket not ready, repolling fd = 9
Socket not ready, repolling fd = 9
Socket not ready, repolling fd = 9
Socket not ready, repolling fd = 9
Socket not ready, repolling fd = 9
Socket not ready, repolling fd = 9
Socket not ready, repolling fd = 9
Socket not ready, repolling fd = 9
Socket not ready, repolling fd = 9
Socket not ready, repolling fd = 9
Socket not ready, repolling fd = 9
Socket not ready, repolling fd = 9
Socket not ready, repolling fd = 9
Socket not ready, repolling fd = 9
Socket not ready, repolling fd = 9
Socket not ready, repolling fd = 9
Socket not ready, repolling fd = 9
Socket not ready, repolling fd = 9
Socket not ready, repolling fd = 9
Socket not ready, repolling fd = 9
Socket not ready, repolling fd = 9
Socket not ready, repolling fd = 9
Socket not ready, repolling fd = 9
Socket not ready, repolling fd = 9
Socket not ready, repolling fd = 9
Socket not ready, repolling fd = 9
Socket not ready, repolling fd = 9
Socket not ready, repolling fd = 9
Socket not ready, repolling fd = 9
Socket not ready, repolling fd = 9
Socket not ready, repolling fd = 9
Socket not ready, repolling fd = 9
Socket not ready, repolling fd = 9
Socket not ready, repolling fd = 9
Socket not ready, repolling fd = 9
Socket not ready, repolling fd = 9
Socket not ready, repolling fd = 9
Socket not ready, repolling fd = 9
Socket not ready, repolling fd = 9
Socket not ready, repolling fd = 9
Socket not ready, repolling fd = 9
Socket not ready, repolling fd = 9
Socket not ready, repolling fd = 9
Socket not ready, repolling fd = 9
Socket not ready, repolling fd = 9
Socket not ready, repolling fd = 9
Socket not ready, repolling fd = 9
Socket not ready, repolling fd = 9
Socket not ready, repolling fd = 9
Socket not ready, repolling fd = 9
Socket not ready, repolling fd = 9
Socket not ready, repolling fd = 9
Socket not ready, repolling fd = 9
Socket not ready, repolling fd = 9
Socket not ready, repolling fd = 9
Socket not ready, repolling fd = 9
Socket not ready, repolling fd = 9
Socket not ready, repolling fd = 9
Socket not ready, repolling fd = 9
Socket not ready, repolling fd = 9
Socket not ready, repolling fd = 9
Socket not ready, repolling fd = 9
Socket not ready, repolling fd = 9
Socket not ready, repolling fd = 9
Socket not ready, repolling fd = 9
Socket not ready, repolling fd = 9
Socket not ready, repolling fd = 9
Socket not ready, repolling fd = 9
Socket not ready, repolling fd = 9
Socket not ready, repolling fd = 9
Socket not ready, repolling fd = 9
Socket not ready, repolling fd = 9
Socket not ready, repolling fd = 9
Socket not ready, repolling fd = 9
Socket not ready, repolling fd = 9
Socket not ready, repolling fd = 9
Socket not ready, repolling fd = 9
Socket not ready, repolling fd = 9
Socket not ready, repolling fd = 9
Socket not ready, repolling fd = 9
Socket not ready, repolling fd = 9
Socket not ready, repolling fd = 9
Socket not ready, repolling fd = 9
Socket not ready, repolling fd = 9
Socket not ready, repolling fd = 9
Socket not ready, repolling fd = 9
Socket not ready, repolling fd = 9
Socket not ready, repolling fd = 9
Socket not ready, repolling fd = 9
Socket not ready, repolling fd = 9
Socket not ready, repolling fd = 9
Socket not ready, repolling fd = 9
Socket not ready, repolling fd = 9
Socket not ready, repolling fd = 9
Socket not ready, repolling fd = 9
Socket not ready, repolling fd = 9
Socket not ready, repolling fd = 9
Socket not ready, repolling fd = 9
Socket not ready, repolling fd = 9
Socket not ready, repolling fd = 9
Socket not ready, repolling fd = 9
Socket not ready, repolling fd = 9
Socket not ready, repolling fd = 9
Socket not ready, repolling fd = 9
Socket not ready, repolling fd = 9
Socket not ready, repolling fd = 9
Socket not ready, repolling fd = 9
Socket not ready, repolling fd = 9
Socket not ready, repolling fd = 9
Socket not ready, repolling fd = 9
Socket not ready, repolling fd = 9
Socket not ready, repolling fd = 9
Socket not ready, repolling fd = 9
Socket not ready, repolling fd = 9
Socket not ready, repolling fd = 9
Socket not ready, repolling fd = 9
Socket not ready, repolling fd = 9
Socket not ready, repolling fd = 9
Socket not ready, repolling fd = 9
Socket not ready, repolling fd = 9
Socket not ready, repolling fd = 9
Socket not ready, repolling fd = 9
Socket not ready, repolling fd = 9
Socket not ready, repolling fd = 9
Socket not ready, repolling fd = 9
Socket not ready, repolling fd = 9
Socket not ready, repolling fd = 9
Socket not ready, repolling fd = 9
Socket not ready, repolling fd = 9
Socket not ready, repolling fd = 9
Socket not ready, repolling fd = 9
Socket not ready, repolling fd = 9
Socket not ready, repolling fd = 9
Socket not ready, repolling fd = 9
Socket not ready, repolling fd = 9
Socket not ready, repolling fd = 9
Socket not ready, repolling fd = 9
Socket not ready, repolling fd = 9
Socket not ready, repolling fd = 9
Socket not ready, repolling fd = 9
Socket not ready, repolling fd = 9
Socket not ready, repolling fd = 9
Socket not ready, repolling fd = 9
Socket not ready, repolling fd = 9
Socket not ready, repolling fd = 9
Socket not ready, repolling fd = 9
Socket not ready, repolling fd = 9
Socket not ready, repolling fd = 9
Socket not ready, repolling fd = 9
Socket not ready, repolling fd = 9
Socket not ready, repolling fd = 9
Socket not ready, repolling fd = 9
Socket not ready, repolling fd = 9
Socket not ready, repolling fd = 9
Socket not ready, repolling fd = 9
Socket not ready, repolling fd = 9
Socket not ready, repolling fd = 9
Socket not ready, repolling fd = 9
Socket not ready, repolling fd = 9
Socket not ready, repolling fd = 9
Socket not ready, repolling fd = 9
Socket not ready, repolling fd = 9
Socket not ready, repolling fd = 9
Socket not ready, repolling fd = 9
Socket not ready, repolling fd = 9
Socket not ready, repolling fd = 9
Socket not ready, repolling fd = 9
Socket not ready, repolling fd = 9
Socket not ready, repolling fd = 9
Socket not ready, repolling fd = 9
Socket not ready, repolling fd = 9
Socket not ready, repolling fd = 9
Socket not ready, repolling fd = 9
Socket not ready, repolling fd = 9
Socket not ready, repolling fd = 9
Socket not ready, repolling fd = 9
Socket not ready, repolling fd = 9
Socket not ready, repolling fd = 9
Socket not ready, repolling fd = 9
Socket not ready, repolling fd = 9
Socket not ready, repolling fd = 9
Socket not ready, repolling fd = 9
Socket not ready, repolling fd = 9
Socket not ready, repolling fd = 9
Socket not ready, repolling fd = 9
Socket not ready, repolling fd = 9
Socket not ready, repolling fd = 9
Socket not ready, repolling fd = 9
Socket not ready, repolling fd = 9
Socket not ready, repolling fd = 9
Socket not ready, repolling fd = 9
Socket not ready, repolling fd = 9
Socket not ready, repolling fd = 9
Socket not ready, repolling fd = 9
Socket not ready, repolling fd = 9
Socket not ready, repolling fd = 9
Socket not ready, repolling fd = 9
Socket not ready, repolling fd = 9
Socket not ready, repolling fd = 9
Socket not ready, repolling fd = 9
Socket not ready, repolling fd = 9
Socket not ready, repolling fd = 9
Socket not ready, repolling fd = 9
Socket not ready, repolling fd = 9
Socket not ready, repolling fd = 9
Socket not ready, repolling fd = 9
Socket not ready, repolling fd = 9
Socket not ready, repolling fd = 9
Socket not ready, repolling fd = 9
Socket not ready, repolling fd = 9
Socket not ready, repolling fd = 9
Socket not ready, repolling fd = 9
Socket not ready, repolling fd = 9
Socket not ready, repolling fd = 9
Socket not ready, repolling fd = 9
Socket not ready, repolling fd = 9
Socket not ready, repolling fd = 9
Socket not ready, repolling fd = 9
Socket not ready, repolling fd = 9
Socket not ready, repolling fd = 9
Socket not ready, repolling fd = 9
Socket not ready, repolling fd = 9
Socket not ready, repolling fd = 9
Socket not ready, repolling fd = 9
Socket not ready, repolling fd = 9
Socket not ready, repolling fd = 9
Socket not ready, repolling fd = 9
Socket not ready, repolling fd = 9
Socket not ready, repolling fd = 9
Socket not ready, repolling fd = 9
Socket not ready, repolling fd = 9
Socket not ready, repolling fd = 9
Socket not ready, repolling fd = 9
Socket not ready, repolling fd = 9
Socket not ready, repolling fd = 9
Socket not ready, repolling fd = 9
Socket not ready, repolling fd = 9
Socket not ready, repolling fd = 9
Socket not ready, repolling fd = 9
Socket not ready, repolling fd = 9
Socket not ready, repolling fd = 9
Socket not ready, repolling fd = 9
Socket not ready, repolling fd = 9
Socket not ready, repolling fd = 9
Socket not ready, repolling fd = 9
Socket not ready, repolling fd = 9
Socket not ready, repolling fd = 9
Socket not ready, repolling fd = 9
Socket not ready, repolling fd = 9
Socket not ready, repolling fd = 9
Socket not ready, repolling fd = 9
Socket not ready, repolling fd = 9
Socket not ready, repolling fd = 9
Socket not ready, repolling fd = 9
Socket not ready, repolling fd = 9
Socket not ready, repolling fd = 9
Socket not ready, repolling fd = 9
Socket not ready, repolling fd = 9
Socket not ready, repolling fd = 9
Socket not ready, repolling fd = 9
Socket not ready, repolling fd = 9
Socket not ready, repolling fd = 9
Socket not ready, repolling fd = 9
Socket not ready, repolling fd = 9
Socket not ready, repolling fd = 9
Socket not ready, repolling fd = 9
Socket not ready, repolling fd = 9
Socket not ready, repolling fd = 9
Socket not ready, repolling fd = 9
Socket not ready, repolling fd = 9
Socket not ready, repolling fd = 9
Socket not ready, repolling fd = 9
Socket not ready, repolling fd = 9
Socket not ready, repolling fd = 9
Socket not ready, repolling fd = 9
Socket not ready, repolling fd = 9
Socket not ready, repolling fd = 9
Socket not ready, repolling fd = 9
Socket not ready, repolling fd = 9
Socket not ready, repolling fd = 9
Socket not ready, repolling fd = 9
Socket not ready, repolling fd = 9
Socket not ready, repolling fd = 9
Socket not ready, repolling fd = 9
Socket not ready, repolling fd = 9
Socket not ready, repolling fd = 9
Socket not ready, repolling fd = 9
Socket not ready, repolling fd = 9
Socket not ready, repolling fd = 9
Socket not ready, repolling fd = 9
Socket not ready, repolling fd = 9
Socket not ready, repolling fd = 9
Socket not ready, repolling fd = 9
Socket not ready, repolling fd = 9
Socket not ready, repolling fd = 9
Socket not ready, repolling fd = 9
Socket not ready, repolling fd = 9
Socket not ready, repolling fd = 9
Socket not ready, repolling fd = 9
Socket not ready, repolling fd = 9
Socket not ready, repolling fd = 9
Socket not ready, repolling fd = 9
Socket not ready, repolling fd = 9
Socket not ready, repolling fd = 9
Socket not ready, repolling fd = 9
Socket not ready, repolling fd = 9
Socket not ready, repolling fd = 9
Socket not ready, repolling fd = 9
Socket not ready, repolling fd = 9
Socket not ready, repolling fd = 9
Socket not ready, repolling fd = 9
Socket not ready, repolling fd = 9
Socket not ready, repolling fd = 9
Socket not ready, repolling fd = 9
Socket not ready, repolling fd = 9
Socket not ready, repolling fd = 9
Socket not ready, repolling fd = 9
Socket not ready, repolling fd = 9
Socket not ready, repolling fd = 9
Socket not ready, repolling fd = 9
Socket not ready, repolling fd = 9
Socket not ready, repolling fd = 9
Socket not ready, repolling fd = 9
Socket not ready, repolling fd = 9
Socket not ready, repolling fd = 9
Socket not ready, repolling fd = 9
Socket not ready, repolling fd = 9
Socket not ready, repolling fd = 9
Socket not ready, repolling fd = 9
Socket not ready, repolling fd = 9
Socket not ready, repolling fd = 9
Socket not ready, repolling fd = 9
Socket not ready, repolling fd = 9
Socket not ready, repolling fd = 9
Socket not ready, repolling fd = 9
Socket not ready, repolling fd = 9
Socket not ready, repolling fd = 9
Socket not ready, repolling fd = 9
Socket not ready, repolling fd = 9
Socket not ready, repolling fd = 9
Socket not ready, repolling fd = 9
Socket not ready, repolling fd = 9
Socket not ready, repolling fd = 9
Socket not ready, repolling fd = 9
Socket not ready, repolling fd = 9
Socket not ready, repolling fd = 9
Socket not ready, repolling fd = 9
Socket not ready, repolling fd = 9
Socket not ready, repolling fd = 9
Socket not ready, repolling fd = 9
Socket not ready, repolling fd = 9
Socket not ready, repolling fd = 9
Socket not ready, repolling fd = 9
Socket not ready, repolling fd = 9
Socket not ready, repolling fd = 9
Socket not ready, repolling fd = 9
Socket not ready, repolling fd = 9
Socket not ready, repolling fd = 9
Socket not ready, repolling fd = 9
Socket not ready, repolling fd = 9
Socket not ready, repolling fd = 9
Socket not ready, repolling fd = 9
Socket not ready, repolling fd = 9
Socket not ready, repolling fd = 9
Socket not ready, repolling fd = 9
Socket not ready, repolling fd = 9
Socket not ready, repolling fd = 9
Socket not ready, repolling fd = 9
Socket not ready, repolling fd = 9
Socket not ready, repolling fd = 9
Socket not ready, repolling fd = 9
Socket not ready, repolling fd = 9
Socket not ready, repolling fd = 9
Socket not ready, repolling fd = 9
Socket not ready, repolling fd = 9
Socket not ready, repolling fd = 9
Socket not ready, repolling fd = 9
Socket not ready, repolling fd = 9
Socket not ready, repolling fd = 9
Socket not ready, repolling fd = 9
Socket not ready, repolling fd = 9
Socket not ready, repolling fd = 9
Socket not ready, repolling fd = 9
Socket not ready, repolling fd = 9
Socket not ready, repolling fd = 9
Socket not ready, repolling fd = 9
Socket not ready, repolling fd = 9
Socket not ready, repolling fd = 9
Socket not ready, repolling fd = 9
Socket not ready, repolling fd = 9
Socket not ready, repolling fd = 9
Socket not ready, repolling fd = 9
Socket not ready, repolling fd = 9
Socket not ready, repolling fd = 9
Socket not ready, repolling fd = 9
Socket not ready, repolling fd = 9
Socket not ready, repolling fd = 9
Socket not ready, repolling fd = 9
Socket not ready, repolling fd = 9
Socket not ready, repolling fd = 9
Socket not ready, repolling fd = 9
Socket not ready, repolling fd = 9
Socket not ready, repolling fd = 9
Socket not ready, repolling fd = 9
Socket not ready, repolling fd = 9
Socket not ready, repolling fd = 9
Socket not ready, repolling fd = 9
Socket not ready, repolling fd = 9
Socket not ready, repolling fd = 9
Socket not ready, repolling fd = 9
Socket not ready, repolling fd = 9
Socket not ready, repolling fd = 9
Socket not ready, repolling fd = 9
Socket not ready, repolling fd = 9
Socket not ready, repolling fd = 9
Socket not ready, repolling fd = 9
Socket not ready, repolling fd = 9
Socket not ready, repolling fd = 9
Socket not ready, repolling fd = 9
Socket not ready, repolling fd = 9
Socket not ready, repolling fd = 9
Socket not ready, repolling fd = 9
Socket not ready, repolling fd = 9
Socket not ready, repolling fd = 9
Socket not ready, repolling fd = 9
Socket not ready, repolling fd = 9
Socket not ready, repolling fd = 9
Socket not ready, repolling fd = 9
Socket not ready, repolling fd = 9
Socket not ready, repolling fd = 9
Socket not ready, repolling fd = 9
Socket not ready, repolling fd = 8
Socket not ready, repolling fd = 8
Socket not ready, repolling fd = 8
Socket not ready, repolling fd = 8
Socket not ready, repolling fd = 8
Socket not ready, repolling fd = 8
Socket not ready, repolling fd = 8
Socket not ready, repolling fd = 8
Socket not ready, repolling fd = 8
Socket not ready, repolling fd = 8
Socket not ready, repolling fd = 8
Socket not ready, repolling fd = 8
Socket not ready, repolling fd = 8
Socket not ready, repolling fd = 8
Socket not ready, repolling fd = 8
Socket not ready, repolling fd = 8
Socket not ready, repolling fd = 8
Socket not ready, repolling fd = 8
Socket not ready, repolling fd = 8
Socket not ready, repolling fd = 8
Socket not ready, repolling fd = 8
Socket not ready, repolling fd = 8
Socket not ready, repolling fd = 8
Socket not ready, repolling fd = 8
Socket not ready, repolling fd = 8
Socket not ready, repolling fd = 8
Socket not ready, repolling fd = 8
Socket not ready, repolling fd = 8
Socket not ready, repolling fd = 8
Socket not ready, repolling fd = 8
Socket not ready, repolling fd = 8
Socket not ready, repolling fd = 8
Socket not ready, repolling fd = 8
Socket not ready, repolling fd = 8
Socket not ready, repolling fd = 8
Socket not ready, repolling fd = 8
Socket not ready, repolling fd = 8
Socket not ready, repolling fd = 8
Socket not ready, repolling fd = 8
Socket not ready, repolling fd = 8
Socket not ready, repolling fd = 8
Socket not ready, repolling fd = 8
Socket not ready, repolling fd = 8
Socket not ready, repolling fd = 8
Socket not ready, repolling fd = 8
Socket not ready, repolling fd = 8
Socket not ready, repolling fd = 8
Socket not ready, repolling fd = 8
Socket not ready, repolling fd = 8
Socket not ready, repolling fd = 8
Socket not ready, repolling fd = 8
Socket not ready, repolling fd = 8
Socket not ready, repolling fd = 8
Socket not ready, repolling fd = 8
Socket not ready, repolling fd = 8
Socket not ready, repolling fd = 8
Socket not ready, repolling fd = 8
Socket not ready, repolling fd = 8
Socket not ready, repolling fd = 8
Socket not ready, repolling fd = 8
Socket not ready, repolling fd = 8
Socket not ready, repolling fd = 8
Socket not ready, repolling fd = 8
Socket not ready, repolling fd = 8
Socket not ready, repolling fd = 8
Socket not ready, repolling fd = 8
Socket not ready, repolling fd = 8
Socket not ready, repolling fd = 8
Socket not ready, repolling fd = 8
Socket not ready, repolling fd = 8
Socket not ready, repolling fd = 8
Socket not ready, repolling fd = 8
Socket not ready, repolling fd = 8
Socket not ready, repolling fd = 8
Socket not ready, repolling fd = 8
Socket not ready, repolling fd = 8
Socket not ready, repolling fd = 8
Socket not ready, repolling fd = 8
Socket not ready, repolling fd = 8
Socket not ready, repolling fd = 8
Socket not ready, repolling fd = 8
Socket not ready, repolling fd = 8
Socket not ready, repolling fd = 8
Socket not ready, repolling fd = 8
Socket not ready, repolling fd = 8
Socket not ready, repolling fd = 8
Socket not ready, repolling fd = 8
Socket not ready, repolling fd = 8
Socket not ready, repolling fd = 8
Socket not ready, repolling fd = 8
Socket not ready, repolling fd = 8
Socket not ready, repolling fd = 8
Socket not ready, repolling fd = 8
Socket not ready, repolling fd = 8
Socket not ready, repolling fd = 8
Socket not ready, repolling fd = 8
Socket not ready, repolling fd = 8
Socket not ready, repolling fd = 8
Socket not ready, repolling fd = 8
Socket not ready, repolling fd = 8
Socket not ready, repolling fd = 8
Socket not ready, repolling fd = 8
Socket not ready, repolling fd = 8
Socket not ready, repolling fd = 8
Socket not ready, repolling fd = 8
Socket not ready, repolling fd = 8
Socket not ready, repolling fd = 8
Socket not ready, repolling fd = 8
Socket not ready, repolling fd = 8
Socket not ready, repolling fd = 8
Socket not ready, repolling fd = 8
Socket not ready, repolling fd = 8
Socket not ready, repolling fd = 8
Socket not ready, repolling fd = 8
Socket not ready, repolling fd = 8
Socket not ready, repolling fd = 8
Socket not ready, repolling fd = 8
Socket not ready, repolling fd = 8
Socket not ready, repolling fd = 8
Socket not ready, repolling fd = 8
Socket not ready, repolling fd = 8
Socket not ready, repolling fd = 8
Socket not ready, repolling fd = 8
Socket not ready, repolling fd = 8
Socket not ready, repolling fd = 8
Socket not ready, repolling fd = 8
Socket not ready, repolling fd = 8
Socket not ready, repolling fd = 8
Socket not ready, repolling fd = 8
Socket not ready, repolling fd = 8
Socket not ready, repolling fd = 8
Socket not ready, repolling fd = 8
Socket not ready, repolling fd = 8
Socket not ready, repolling fd = 8
Socket not ready, repolling fd = 8
Socket not ready, repolling fd = 8
Socket not ready, repolling fd = 8
Socket not ready, repolling fd = 8
Socket not ready, repolling fd = 8
Socket not ready, repolling fd = 8
Socket not ready, repolling fd = 8
Socket not ready, repolling fd = 8
Socket not ready, repolling fd = 8
Socket not ready, repolling fd = 8
Socket not ready, repolling fd = 8
Socket not ready, repolling fd = 8
Socket not ready, repolling fd = 8
Socket not ready, repolling fd = 8
Socket not ready, repolling fd = 8
Socket not ready, repolling fd = 8
Socket not ready, repolling fd = 8
Socket not ready, repolling fd = 8
Socket not ready, repolling fd = 8
Socket not ready, repolling fd = 8
Socket not ready, repolling fd = 8
Socket not ready, repolling fd = 8
Socket not ready, repolling fd = 8
Socket not ready, repolling fd = 8
Socket not ready, repolling fd = 8
Socket not ready, repolling fd = 8
Socket not ready, repolling fd = 8
Socket not ready, repolling fd = 8
Socket not ready, repolling fd = 8
Socket not ready, repolling fd = 8
Socket not ready, repolling fd = 8
Socket not ready, repolling fd = 8
Socket not ready, repolling fd = 8
Socket not ready, repolling fd = 8
Socket not ready, repolling fd = 8
Socket not ready, repolling fd = 8
Socket not ready, repolling fd = 8
Socket not ready, repolling fd = 8
Socket not ready, repolling fd = 8
Socket not ready, repolling fd = 8
Socket not ready, repolling fd = 8
Socket not ready, repolling fd = 8
Socket not ready, repolling fd = 8
Socket not ready, repolling fd = 8
Socket not ready, repolling fd = 8
Socket not ready, repolling fd = 8
Socket not ready, repolling fd = 8
Socket not ready, repolling fd = 8
Socket not ready, repolling fd = 8
Socket not ready, repolling fd = 8
Socket not ready, repolling fd = 8
Socket not ready, repolling fd = 8
Socket not ready, repolling fd = 8
Socket not ready, repolling fd = 8
Socket not ready, repolling fd = 8
Socket not ready, repolling fd = 8
Socket not ready, repolling fd = 8
Socket not ready, repolling fd = 8
Socket not ready, repolling fd = 8
Socket not ready, repolling fd = 8
Socket not ready, repolling fd = 8
Socket not ready, repolling fd = 8
Socket not ready, repolling fd = 8
Socket not ready, repolling fd = 8
Socket not ready, repolling fd = 8
Socket not ready, repolling fd = 8
Socket not ready, repolling fd = 8
Socket not ready, repolling fd = 8
Socket not ready, repolling fd = 8
Socket not ready, repolling fd = 8
Socket not ready, repolling fd = 8
Socket not ready, repolling fd = 8
Socket not ready, repolling fd = 8
Socket not ready, repolling fd = 8
Socket not ready, repolling fd = 8
Socket not ready, repolling fd = 8
Socket not ready, repolling fd = 8
Socket not ready, repolling fd = 8
Socket not ready, repolling fd = 8
Socket not ready, repolling fd = 8
Socket not ready, repolling fd = 8
Socket not ready, repolling fd = 8
Socket not ready, repolling fd = 8
Socket not ready, repolling fd = 8
Socket not ready, repolling fd = 8
Socket not ready, repolling fd = 8
Socket not ready, repolling fd = 8
Socket not ready, repolling fd = 8
Socket not ready, repolling fd = 8
Socket not ready, repolling fd = 8
Socket not ready, repolling fd = 8
Socket not ready, repolling fd = 8
Socket not ready, repolling fd = 8
Socket not ready, repolling fd = 8
Socket not ready, repolling fd = 8
Socket not ready, repolling fd = 8
Socket not ready, repolling fd = 8
Socket not ready, repolling fd = 8
Socket not ready, repolling fd = 8
Socket not ready, repolling fd = 8
Socket not ready, repolling fd = 8
Socket not ready, repolling fd = 8
Socket not ready, repolling fd = 8
Socket not ready, repolling fd = 8
Socket not ready, repolling fd = 8
Socket not ready, repolling fd = 8
Socket not ready, repolling fd = 8
Socket not ready, repolling fd = 8
Socket not ready, repolling fd = 8
Socket not ready, repolling fd = 8
Socket not ready, repolling fd = 8
Socket not ready, repolling fd = 8
Socket not ready, repolling fd = 8
Socket not ready, repolling fd = 8
Socket not ready, repolling fd = 8
Socket not ready, repolling fd = 8
Socket not ready, repolling fd = 8
Socket not ready, repolling fd = 8
Socket not ready, repolling fd = 8
Socket not ready, repolling fd = 8
Socket not ready, repolling fd = 8
Socket not ready, repolling fd = 8
Socket not ready, repolling fd = 8
Socket not ready, repolling fd = 8
Socket not ready, repolling fd = 8
Socket not ready, repolling fd = 8
Socket not ready, repolling fd = 8
Socket not ready, repolling fd = 8
Socket not ready, repolling fd = 8
Socket not ready, repolling fd = 8
Socket not ready, repolling fd = 8
Socket not ready, repolling fd = 8
Socket not ready, repolling fd = 8
Socket not ready, repolling fd = 8
Socket not ready, repolling fd = 8
Socket not ready, repolling fd = 8
Socket not ready, repolling fd = 8
Socket not ready, repolling fd = 8
Socket not ready, repolling fd = 8
Socket not ready, repolling fd = 8
Socket not ready, repolling fd = 8
Socket not ready, repolling fd = 8
Socket not ready, repolling fd = 8
Socket not ready, repolling fd = 8
Socket not ready, repolling fd = 8
Socket not ready, repolling fd = 8
Socket not ready, repolling fd = 8
Socket not ready, repolling fd = 8
Socket not ready, repolling fd = 8
Socket not ready, repolling fd = 8
Socket not ready, repolling fd = 8
Socket not ready, repolling fd = 8
Socket not ready, repolling fd = 8
Socket not ready, repolling fd = 8
Socket not ready, repolling fd = 8
Socket not ready, repolling fd = 8
Socket not ready, repolling fd = 8
Socket not ready, repolling fd = 8
Socket not ready, repolling fd = 8
Socket not ready, repolling fd = 8
Socket not ready, repolling fd = 8
Socket not ready, repolling fd = 8
Socket not ready, repolling fd = 8
Socket not ready, repolling fd = 8
Socket not ready, repolling fd = 8
Socket not ready, repolling fd = 8
Socket not ready, repolling fd = 8
Socket not ready, repolling fd = 8
Socket not ready, repolling fd = 8
Socket not ready, repolling fd = 8
Socket not ready, repolling fd = 8
Socket not ready, repolling fd = 8
Socket not ready, repolling fd = 8
Socket not ready, repolling fd = 8
Socket not ready, repolling fd = 8
Socket not ready, repolling fd = 8
Socket not ready, repolling fd = 8
Socket not ready, repolling fd = 8
Socket not ready, repolling fd = 8
Socket not ready, repolling fd = 8
Socket not ready, repolling fd = 8
Socket not ready, repolling fd = 8
Socket not ready, repolling fd = 8
Socket not ready, repolling fd = 8
Socket not ready, repolling fd = 8
Socket not ready, repolling fd = 8
Socket not ready, repolling fd = 8
Socket not ready, repolling fd = 8
Socket not ready, repolling fd = 8
Socket not ready, repolling fd = 8
Socket not ready, repolling fd = 8
Socket not ready, repolling fd = 8
Socket not ready, repolling fd = 8
Socket not ready, repolling fd = 8
Socket not ready, repolling fd = 8
Socket not ready, repolling fd = 8
Socket not ready, repolling fd = 8
Socket not ready, repolling fd = 8
Socket not ready, repolling fd = 8
Socket not ready, repolling fd = 8
Socket not ready, repolling fd = 8
Socket not ready, repolling fd = 8
Socket not ready, repolling fd = 8
Socket not ready, repolling fd = 8
Socket not ready, repolling fd = 8
Socket not ready, repolling fd = 8
Socket not ready, repolling fd = 8
Socket not ready, repolling fd = 8
Socket not ready, repolling fd = 8
Socket not ready, repolling fd = 8
Socket not ready, repolling fd = 8
Socket not ready, repolling fd = 8
Socket not ready, repolling fd = 8
Socket not ready, repolling fd = 8
Socket not ready, repolling fd = 8
Socket not ready, repolling fd = 8
Socket not ready, repolling fd = 8
Socket not ready, repolling fd = 8
Socket not ready, repolling fd = 8
Socket not ready, repolling fd = 8
Socket not ready, repolling fd = 8
Socket not ready, repolling fd = 8
Socket not ready, repolling fd = 8
Socket not ready, repolling fd = 8
Socket not ready, repolling fd = 8
Socket not ready, repolling fd = 8
Socket not ready, repolling fd = 8
Socket not ready, repolling fd = 8
Socket not ready, repolling fd = 8
Socket not ready, repolling fd = 8
Socket not ready, repolling fd = 8
Socket not ready, repolling fd = 8
Socket not ready, repolling fd = 8
Socket not ready, repolling fd = 8
Socket not ready, repolling fd = 8
Socket not ready, repolling fd = 8
Socket not ready, repolling fd = 8
Socket not ready, repolling fd = 8
Socket not ready, repolling fd = 8
Socket not ready, repolling fd = 8
Socket not ready, repolling fd = 8
Socket not ready, repolling fd = 8
Socket not ready, repolling fd = 8
Socket not ready, repolling fd = 8
Socket not ready, repolling fd = 8
Socket not ready, repolling fd = 8
Socket not ready, repolling fd = 8
Socket not ready, repolling fd = 8
Socket not ready, repolling fd = 8
Socket not ready, repolling fd = 8
Socket not ready, repolling fd = 8
Socket not ready, repolling fd = 8
Socket not ready, repolling fd = 8
Socket not ready, repolling fd = 8
Socket not ready, repolling fd = 8
Socket not ready, repolling fd = 8
Socket not ready, repolling fd = 8
Socket not ready, repolling fd = 8
Socket not ready, repolling fd = 8
Socket not ready, repolling fd = 8
Socket not ready, repolling fd = 8
Socket not ready, repolling fd = 8
Socket not ready, repolling fd = 8
Socket not ready, repolling fd = 8
Socket not ready, repolling fd = 8
Socket not ready, repolling fd = 8
Socket not ready, repolling fd = 8
Socket not ready, repolling fd = 8
Socket not ready, repolling fd = 8
Socket not ready, repolling fd = 8
Socket not ready, repolling fd = 8
Socket not ready, repolling fd = 8
Socket not ready, repolling fd = 8
Socket not ready, repolling fd = 8
Socket not ready, repolling fd = 8
Socket not ready, repolling fd = 8
Socket not ready, repolling fd = 8
Socket not ready, repolling fd = 8
Socket not ready, repolling fd = 8
Socket not ready, repolling fd = 8
Socket not ready, repolling fd = 8
Socket not ready, repolling fd = 8
Socket not ready, repolling fd = 8
Socket not ready, repolling fd = 8
Socket not ready, repolling fd = 8
Socket not ready, repolling fd = 8
Socket not ready, repolling fd = 8
Socket not ready, repolling fd = 8
Socket not ready, repolling fd = 8
Socket not ready, repolling fd = 8
Socket not ready, repolling fd = 8
Socket not ready, repolling fd = 8
Socket not ready, repolling fd = 8
Socket not ready, repolling fd = 8
Socket not ready, repolling fd = 8
Socket not ready, repolling fd = 8
Socket not ready, repolling fd = 8
Socket not ready, repolling fd = 8
Socket not ready, repolling fd = 8
Socket not ready, repolling fd = 8
Socket not ready, repolling fd = 8
Socket not ready, repolling fd = 8
Socket not ready, repolling fd = 8
Socket not ready, repolling fd = 8
Socket not ready, repolling fd = 8
Socket not ready, repolling fd = 8
Socket not ready, repolling fd = 8
Socket not ready, repolling fd = 8
Socket not ready, repolling fd = 8
Socket not ready, repolling fd = 8
Socket not ready, repolling fd = 8
Socket not ready, repolling fd = 8
Socket not ready, repolling fd = 8
Socket not ready, repolling fd = 8
Socket not ready, repolling fd = 8
Socket not ready, repolling fd = 8
Socket not ready, repolling fd = 8
Socket not ready, repolling fd = 8
Socket not ready, repolling fd = 8
Socket not ready, repolling fd = 8
Socket not ready, repolling fd = 8
Socket not ready, repolling fd = 8
Socket not ready, repolling fd = 8
Socket not ready, repolling fd = 8
Socket not ready, repolling fd = 8
Socket not ready, repolling fd = 8
Socket not ready, repolling fd = 8
Socket not ready, repolling fd = 8
Socket not ready, repolling fd = 8
Socket not ready, repolling fd = 8
Socket not ready, repolling fd = 8
Socket not ready, repolling fd = 8
Socket not ready, repolling fd = 8
Socket not ready, repolling fd = 8
Socket not ready, repolling fd = 8
Socket not ready, repolling fd = 8
Socket not ready, repolling fd = 8
Socket not ready, repolling fd = 8
Socket not ready, repolling fd = 8
Socket not ready, repolling fd = 8
Socket not ready, repolling fd = 8
Socket not ready, repolling fd = 8
Socket not ready, repolling fd = 8
Socket not ready, repolling fd = 8
Socket not ready, repolling fd = 8
Socket not ready, repolling fd = 8
Socket not ready, repolling fd = 8
Socket not ready, repolling fd = 8
Socket not ready, repolling fd = 8
Socket not ready, repolling fd = 8
Socket not ready, repolling fd = 8
Socket not ready, repolling fd = 8
Socket not ready, repolling fd = 8
Socket not ready, repolling fd = 8
Socket not ready, repolling fd = 8
Socket not ready, repolling fd = 8
Socket not ready, repolling fd = 8
Socket not ready, repolling fd = 8
Socket not ready, repolling fd = 8
Socket not ready, repolling fd = 8
Socket not ready, repolling fd = 8
Socket not ready, repolling fd = 8
Socket not ready, repolling fd = 8
Socket not ready, repolling fd = 8
Socket not ready, repolling fd = 8
Socket not ready, repolling fd = 8
Socket not ready, repolling fd = 8
Socket not ready, repolling fd = 8
Socket not ready, repolling fd = 8
Socket not ready, repolling fd = 8
Socket not ready, repolling fd = 8
Socket not ready, repolling fd = 8
Socket not ready, repolling fd = 8
Socket not ready, repolling fd = 8
Socket not ready, repolling fd = 8
Socket not ready, repolling fd = 8
Socket not ready, repolling fd = 8
Socket not ready, repolling fd = 8
Socket not ready, repolling fd = 8
Socket not ready, repolling fd = 8
Socket not ready, repolling fd = 8
Socket not ready, repolling fd = 8
Socket not ready, repolling fd = 8
Socket not ready, repolling fd = 8
Socket not ready, repolling fd = 8
Socket not ready, repolling fd = 8
Socket not ready, repolling fd = 8
Socket not ready, repolling fd = 8
Socket not ready, repolling fd = 8
Socket not ready, repolling fd = 8
Socket not ready, repolling fd = 8
Socket not ready, repolling fd = 8
Socket not ready, repolling fd = 8
Socket not ready, repolling fd = 8
Socket not ready, repolling fd = 8
Socket not ready, repolling fd = 8
Socket not ready, repolling fd = 8
Socket not ready, repolling fd = 8
Socket not ready, repolling fd = 8
Socket not ready, repolling fd = 8
Socket not ready, repolling fd = 8
Socket not ready, repolling fd = 8
Socket not ready, repolling fd = 8
Socket not ready, repolling fd = 8
Socket not ready, repolling fd = 8
Socket not ready, repolling fd = 8
Socket not ready, repolling fd = 8
Socket not ready, repolling fd = 8
Socket not ready, repolling fd = 8
Socket not ready, repolling fd = 8
Socket not ready, repolling fd = 8
Socket not ready, repolling fd = 8
Socket not ready, repolling fd = 8
Socket not ready, repolling fd = 8
Socket not ready, repolling fd = 8
Socket not ready, repolling fd = 8
Socket not ready, repolling fd = 8
Socket not ready, repolling fd = 8
Socket not ready, repolling fd = 8
Socket not ready, repolling fd = 8
Socket not ready, repolling fd = 8
Socket not ready, repolling fd = 8
Socket not ready, repolling fd = 8
Socket not ready, repolling fd = 8
Socket not ready, repolling fd = 8
Socket not ready, repolling fd = 8
Socket not ready, repolling fd = 8
Socket not ready, repolling fd = 8
Socket not ready, repolling fd = 8
Socket not ready, repolling fd = 8
Socket not ready, repolling fd = 8
Socket not ready, repolling fd = 8
Socket not ready, repolling fd = 8
Socket not ready, repolling fd = 8
Socket not ready, repolling fd = 8
Socket not ready, repolling fd = 8
Socket not ready, repolling fd = 8
Socket not ready, repolling fd = 8
Socket not ready, repolling fd = 8
Socket not ready, repolling fd = 8
Socket not ready, repolling fd = 8
Socket not ready, repolling fd = 8
Socket not ready, repolling fd = 8
Socket not ready, repolling fd = 8
Socket not ready, repolling fd = 8
Socket not ready, repolling fd = 8
Socket not ready, repolling fd = 8
Socket not ready, repolling fd = 8
Socket not ready, repolling fd = 8
Socket not ready, repolling fd = 8
Socket not ready, repolling fd = 8
Socket not ready, repolling fd = 8
Socket not ready, repolling fd = 8
Socket not ready, repolling fd = 8
Socket not ready, repolling fd = 8
Socket not ready, repolling fd = 8
Socket not ready, repolling fd = 8
Socket not ready, repolling fd = 8
Socket not ready, repolling fd = 8
Socket not ready, repolling fd = 8
Socket not ready, repolling fd = 8
Socket not ready, repolling fd = 8
Socket not ready, repolling fd = 8
Socket not ready, repolling fd = 8
Socket not ready, repolling fd = 8
Socket not ready, repolling fd = 8
Socket not ready, repolling fd = 8
Socket not ready, repolling fd = 8
Socket not ready, repolling fd = 8
Socket not ready, repolling fd = 8
Socket not ready, repolling fd = 8
Socket not ready, repolling fd = 8
Socket not ready, repolling fd = 8
Socket not ready, repolling fd = 8
Socket not ready, repolling fd = 8
Socket not ready, repolling fd = 8
Socket not ready, repolling fd = 8
Socket not ready, repolling fd = 8
Socket not ready, repolling fd = 8
Socket not ready, repolling fd = 8
Socket not ready, repolling fd = 8
Socket not ready, repolling fd = 8
Socket not ready, repolling fd = 8
Socket not ready, repolling fd = 8
Socket not ready, repolling fd = 8
Socket not ready, repolling fd = 8
Socket not ready, repolling fd = 8
Socket not ready, repolling fd = 8
Socket not ready, repolling fd = 8
Socket not ready, repolling fd = 8
Socket not ready, repolling fd = 8
Socket not ready, repolling fd = 8
Socket not ready, repolling fd = 8
Socket not ready, repolling fd = 8
Socket not ready, repolling fd = 8
Socket not ready, repolling fd = 7
Socket not ready, repolling fd = 7
Socket not ready, repolling fd = 7
Socket not ready, repolling fd = 7
Socket not ready, repolling fd = 7
Socket not ready, repolling fd = 7
Socket not ready, repolling fd = 7
Socket not ready, repolling fd = 7
Socket not ready, repolling fd = 7
Socket not ready, repolling fd = 7
Socket not ready, repolling fd = 7
Socket not ready, repolling fd = 7
Socket not ready, repolling fd = 7
Socket not ready, repolling fd = 7
Socket not ready, repolling fd = 7
Socket not ready, repolling fd = 7
Socket not ready, repolling fd = 7
Socket not ready, repolling fd = 7
Socket not ready, repolling fd = 7
Socket not ready, repolling fd = 7
Socket not ready, repolling fd = 7
Socket not ready, repolling fd = 7
Socket not ready, repolling fd = 7
Socket not ready, repolling fd = 7
Socket not ready, repolling fd = 7
Socket not ready, repolling fd = 7
Socket not ready, repolling fd = 7
Socket not ready, repolling fd = 7
Socket not ready, repolling fd = 7
Socket not ready, repolling fd = 7
Socket not ready, repolling fd = 7
Socket not ready, repolling fd = 7
Socket not ready, repolling fd = 7
Socket not ready, repolling fd = 7
Socket not ready, repolling fd = 7
Socket not ready, repolling fd = 7
Socket not ready, repolling fd = 7
Socket not ready, repolling fd = 7
Socket not ready, repolling fd = 7
Socket not ready, repolling fd = 7
Socket not ready, repolling fd = 7
Socket not ready, repolling fd = 7
Socket not ready, repolling fd = 7
Socket not ready, repolling fd = 7
Socket not ready, repolling fd = 7
Socket not ready, repolling fd = 7
Socket not ready, repolling fd = 7
Socket not ready, repolling fd = 7
Socket not ready, repolling fd = 7
Socket not ready, repolling fd = 7
Socket not ready, repolling fd = 7
Socket not ready, repolling fd = 7
Socket not ready, repolling fd = 7
Socket not ready, repolling fd = 7
Socket not ready, repolling fd = 7
Socket not ready, repolling fd = 7
Socket not ready, repolling fd = 7
Socket not ready, repolling fd = 7
Socket not ready, repolling fd = 7
Socket not ready, repolling fd = 7
Socket not ready, repolling fd = 7
Socket not ready, repolling fd = 7
Socket not ready, repolling fd = 7
Socket not ready, repolling fd = 7
Socket not ready, repolling fd = 7
Socket not ready, repolling fd = 7
Socket not ready, repolling fd = 7
Socket not ready, repolling fd = 7
Socket not ready, repolling fd = 7
Socket not ready, repolling fd = 7
Socket not ready, repolling fd = 7
Socket not ready, repolling fd = 7
Socket not ready, repolling fd = 7
Socket not ready, repolling fd = 7
Socket not ready, repolling fd = 7
Socket not ready, repolling fd = 7
Socket not ready, repolling fd = 7
Socket not ready, repolling fd = 7
Socket not ready, repolling fd = 7
Socket not ready, repolling fd = 7
Socket not ready, repolling fd = 7
Socket not ready, repolling fd = 7
Socket not ready, repolling fd = 7
Socket not ready, repolling fd = 7
Socket not ready, repolling fd = 7
Socket not ready, repolling fd = 7
Socket not ready, repolling fd = 7
Socket not ready, repolling fd = 7
Socket not ready, repolling fd = 7
Socket not ready, repolling fd = 7
Socket not ready, repolling fd = 7
Socket not ready, repolling fd = 7
Socket not ready, repolling fd = 7
Socket not ready, repolling fd = 7
Socket not ready, repolling fd = 7
Socket not ready, repolling fd = 7
Socket not ready, repolling fd = 7
Socket not ready, repolling fd = 7
Socket not ready, repolling fd = 7
Socket not ready, repolling fd = 7
Socket not ready, repolling fd = 7
Socket not ready, repolling fd = 7
Socket not ready, repolling fd = 7
Socket not ready, repolling fd = 7
Socket not ready, repolling fd = 7
Socket not ready, repolling fd = 7
Socket not ready, repolling fd = 7
Socket not ready, repolling fd = 7
Socket not ready, repolling fd = 7
Socket not ready, repolling fd = 7
Socket not ready, repolling fd = 7
Socket not ready, repolling fd = 7
Socket not ready, repolling fd = 7
Socket not ready, repolling fd = 7
Socket not ready, repolling fd = 7
Socket not ready, repolling fd = 7
Socket not ready, repolling fd = 7
Socket not ready, repolling fd = 7
Socket not ready, repolling fd = 7
Socket not ready, repolling fd = 7
Socket not ready, repolling fd = 7
Socket not ready, repolling fd = 7
Socket not ready, repolling fd = 7
Socket not ready, repolling fd = 7
Socket not ready, repolling fd = 7
Socket not ready, repolling fd = 7
Socket not ready, repolling fd = 7
Socket not ready, repolling fd = 7
Socket not ready, repolling fd = 7
Socket not ready, repolling fd = 7
Socket not ready, repolling fd = 7
Socket not ready, repolling fd = 7
Socket not ready, repolling fd = 7
Socket not ready, repolling fd = 7
Socket not ready, repolling fd = 7
Socket not ready, repolling fd = 7
Socket not ready, repolling fd = 7
Socket not ready, repolling fd = 7
Socket not ready, repolling fd = 7
Socket not ready, repolling fd = 7
Socket not ready, repolling fd = 7
Socket not ready, repolling fd = 7
Socket not ready, repolling fd = 7
Socket not ready, repolling fd = 7
Socket not ready, repolling fd = 7
Socket not ready, repolling fd = 7
Socket not ready, repolling fd = 7
Socket not ready, repolling fd = 7
Socket not ready, repolling fd = 7
Socket not ready, repolling fd = 7
Socket not ready, repolling fd = 7
Socket not ready, repolling fd = 7
Socket not ready, repolling fd = 7
Socket not ready, repolling fd = 7
Socket not ready, repolling fd = 7
Socket not ready, repolling fd = 7
Socket not ready, repolling fd = 7
Socket not ready, repolling fd = 7
Socket not ready, repolling fd = 7
Socket not ready, repolling fd = 7
Socket not ready, repolling fd = 7
Socket not ready, repolling fd = 7
Socket not ready, repolling fd = 7
Socket not ready, repolling fd = 7
Socket not ready, repolling fd = 7
Socket not ready, repolling fd = 7
Socket not ready, repolling fd = 7
Socket not ready, repolling fd = 7
Socket not ready, repolling fd = 7
Socket not ready, repolling fd = 7
Socket not ready, repolling fd = 7
Socket not ready, repolling fd = 7
Socket not ready, repolling fd = 7
Socket not ready, repolling fd = 7
Socket not ready, repolling fd = 7
Socket not ready, repolling fd = 7
Socket not ready, repolling fd = 7
Socket not ready, repolling fd = 7
Socket not ready, repolling fd = 7
Socket not ready, repolling fd = 7
Socket not ready, repolling fd = 7
Socket not ready, repolling fd = 7
Socket not ready, repolling fd = 7
Socket not ready, repolling fd = 7
Socket not ready, repolling fd = 7
Socket not ready, repolling fd = 7
Socket not ready, repolling fd = 7
Socket not ready, repolling fd = 7
Socket not ready, repolling fd = 7
Socket not ready, repolling fd = 7
Socket not ready, repolling fd = 7
Socket not ready, repolling fd = 7
Socket not ready, repolling fd = 7
Socket not ready, repolling fd = 7
Socket not ready, repolling fd = 7
Socket not ready, repolling fd = 7
Socket not ready, repolling fd = 7
Socket not ready, repolling fd = 7
Socket not ready, repolling fd = 7
Socket not ready, repolling fd = 7
Socket not ready, repolling fd = 7
Socket not ready, repolling fd = 7
Socket not ready, repolling fd = 7
Socket not ready, repolling fd = 7
Socket not ready, repolling fd = 7
Socket not ready, repolling fd = 7
Socket not ready, repolling fd = 7
Socket not ready, repolling fd = 7
Socket not ready, repolling fd = 7
Socket not ready, repolling fd = 7
Socket not ready, repolling fd = 7
Socket not ready, repolling fd = 7
Socket not ready, repolling fd = 7
Socket not ready, repolling fd = 7
Socket not ready, repolling fd = 7
Socket not ready, repolling fd = 7
Socket not ready, repolling fd = 7
Socket not ready, repolling fd = 7
Socket not ready, repolling fd = 7
Socket not ready, repolling fd = 7
Socket not ready, repolling fd = 7
Socket not ready, repolling fd = 7
Socket not ready, repolling fd = 7
Socket not ready, repolling fd = 7
Socket not ready, repolling fd = 7
Socket not ready, repolling fd = 7
Socket not ready, repolling fd = 7
Socket not ready, repolling fd = 7
Socket not ready, repolling fd = 7
Socket not ready, repolling fd = 7
Socket not ready, repolling fd = 7
Socket not ready, repolling fd = 7
Socket not ready, repolling fd = 7
Socket not ready, repolling fd = 7
Socket not ready, repolling fd = 7
Socket not ready, repolling fd = 7
Socket not ready, repolling fd = 7
Socket not ready, repolling fd = 7
Socket not ready, repolling fd = 7
Socket not ready, repolling fd = 7
Socket not ready, repolling fd = 7
Socket not ready, repolling fd = 7
Socket not ready, repolling fd = 7
Socket not ready, repolling fd = 7
Socket not ready, repolling fd = 7
Socket not ready, repolling fd = 7
Socket not ready, repolling fd = 7
Socket not ready, repolling fd = 7
Socket not ready, repolling fd = 7
Socket not ready, repolling fd = 7
Socket not ready, repolling fd = 7
Socket not ready, repolling fd = 7
Socket not ready, repolling fd = 7
Socket not ready, repolling fd = 7
Socket not ready, repolling fd = 7
Socket not ready, repolling fd = 7
Socket not ready, repolling fd = 7
Socket not ready, repolling fd = 7
Socket not ready, repolling fd = 7
Socket not ready, repolling fd = 7
Socket not ready, repolling fd = 7
Socket not ready, repolling fd = 7
Socket not ready, repolling fd = 7
Socket not ready, repolling fd = 7
Socket not ready, repolling fd = 7
Socket not ready, repolling fd = 7
Socket not ready, repolling fd = 7
Socket not ready, repolling fd = 7
Socket not ready, repolling fd = 7
Socket not ready, repolling fd = 7
Socket not ready, repolling fd = 7
Socket not ready, repolling fd = 7
Socket not ready, repolling fd = 7
Socket not ready, repolling fd = 7
Socket not ready, repolling fd = 7
Socket not ready, repolling fd = 7
Socket not ready, repolling fd = 7
Socket not ready, repolling fd = 7
Socket not ready, repolling fd = 7
Socket not ready, repolling fd = 7
Socket not ready, repolling fd = 7
Socket not ready, repolling fd = 7
Socket not ready, repolling fd = 7
Socket not ready, repolling fd = 7
Socket not ready, repolling fd = 7
Socket not ready, repolling fd = 7
Socket not ready, repolling fd = 7
Socket not ready, repolling fd = 7
Socket not ready, repolling fd = 7
Socket not ready, repolling fd = 7
Socket not ready, repolling fd = 7
Socket not ready, repolling fd = 7
Socket not ready, repolling fd = 7
Socket not ready, repolling fd = 7
Socket not ready, repolling fd = 7
Socket not ready, repolling fd = 7
Socket not ready, repolling fd = 7
Socket not ready, repolling fd = 7
Socket not ready, repolling fd = 7
Socket not ready, repolling fd = 7
Socket not ready, repolling fd = 7
Socket not ready, repolling fd = 7
Socket not ready, repolling fd = 7
Socket not ready, repolling fd = 7
Socket not ready, repolling fd = 7
Socket not ready, repolling fd = 7
Socket not ready, repolling fd = 7
Socket not ready, repolling fd = 7
Socket not ready, repolling fd = 7
Socket not ready, repolling fd = 7
Socket not ready, repolling fd = 7
Socket not ready, repolling fd = 7
Socket not ready, repolling fd = 7
Socket not ready, repolling fd = 7
Socket not ready, repolling fd = 7
Socket not ready, repolling fd = 7
Socket not ready, repolling fd = 7
Socket not ready, repolling fd = 7
Socket not ready, repolling fd = 7
Socket not ready, repolling fd = 7
Socket not ready, repolling fd = 7
Socket not ready, repolling fd = 7
Socket not ready, repolling fd = 7
Socket not ready, repolling fd = 7
Socket not ready, repolling fd = 7
Socket not ready, repolling fd = 7
Socket not ready, repolling fd = 7
Socket not ready, repolling fd = 7
Socket not ready, repolling fd = 7
Socket not ready, repolling fd = 7
Socket not ready, repolling fd = 7
Socket not ready, repolling fd = 7
Socket not ready, repolling fd = 7
Socket not ready, repolling fd = 7
Socket not ready, repolling fd = 7
Socket not ready, repolling fd = 7
Socket not ready, repolling fd = 7
Socket not ready, repolling fd = 7
Socket not ready, repolling fd = 7
Socket not ready, repolling fd = 7
Socket not ready, repolling fd = 7
Socket not ready, repolling fd = 7
Socket not ready, repolling fd = 7
Socket not ready, repolling fd = 7
Socket not ready, repolling fd = 7
Socket not ready, repolling fd = 7
Socket not ready, repolling fd = 7
Socket not ready, repolling fd = 7
Socket not ready, repolling fd = 7
Socket not ready, repolling fd = 7
Socket not ready, repolling fd = 7
Socket not ready, repolling fd = 7
Socket not ready, repolling fd = 7
Socket not ready, repolling fd = 7
Socket not ready, repolling fd = 7
Socket not ready, repolling fd = 7
Socket not ready, repolling fd = 7
Socket not ready, repolling fd = 7
Socket not ready, repolling fd = 7
Socket not ready, repolling fd = 7
Socket not ready, repolling fd = 7
Socket not ready, repolling fd = 7
Socket not ready, repolling fd = 7
Socket not ready, repolling fd = 7
Socket not ready, repolling fd = 7
Socket not ready, repolling fd = 7
Socket not ready, repolling fd = 7
Socket not ready, repolling fd = 7
Socket not ready, repolling fd = 7
Socket not ready, repolling fd = 7
Socket not ready, repolling fd = 7
Socket not ready, repolling fd = 7
Socket not ready, repolling fd = 7
Socket not ready, repolling fd = 7
Socket not ready, repolling fd = 7
Socket not ready, repolling fd = 7
Socket not ready, repolling fd = 7
Socket not ready, repolling fd = 7
Socket not ready, repolling fd = 7
Socket not ready, repolling fd = 7
Socket not ready, repolling fd = 7
Socket not ready, repolling fd = 7
Socket not ready, repolling fd = 7
Socket not ready, repolling fd = 7
Socket not ready, repolling fd = 7
Socket not ready, repolling fd = 7
Socket not ready, repolling fd = 7
Socket not ready, repolling fd = 7
Socket not ready, repolling fd = 7
Socket not ready, repolling fd = 7
Socket not ready, repolling fd = 7
Socket not ready, repolling fd = 7
Socket not ready, repolling fd = 7
Socket not ready, repolling fd = 7
Socket not ready, repolling fd = 7
Socket not ready, repolling fd = 7
Socket not ready, repolling fd = 7
Socket not ready, repolling fd = 7
Socket not ready, repolling fd = 7
Socket not ready, repolling fd = 7
Socket not ready, repolling fd = 7
Socket not ready, repolling fd = 7
Socket not ready, repolling fd = 7
Socket not ready, repolling fd = 7
Socket not ready, repolling fd = 7
Socket not ready, repolling fd = 7
Socket not ready, repolling fd = 7
Socket not ready, repolling fd = 7
Socket not ready, repolling fd = 7
Socket not ready, repolling fd = 7
Socket not ready, repolling fd = 7
Socket not ready, repolling fd = 7
Socket not ready, repolling fd = 7
Socket not ready, repolling fd = 7
Socket not ready, repolling fd = 7
Socket not ready, repolling fd = 7
Socket not ready, repolling fd = 7
Socket not ready, repolling fd = 7
Socket not ready, repolling fd = 7
Socket not ready, repolling fd = 7
Socket not ready, repolling fd = 7
Socket not ready, repolling fd = 7
Socket not ready, repolling fd = 7
Socket not ready, repolling fd = 7
Socket not ready, repolling fd = 7
Socket not ready, repolling fd = 7
Socket not ready, repolling fd = 7
Socket not ready, repolling fd = 7
Socket not ready, repolling fd = 7
Socket not ready, repolling fd = 7
Socket not ready, repolling fd = 7
Socket not ready, repolling fd = 7
Socket not ready, repolling fd = 7
Socket not ready, repolling fd = 7
Socket not ready, repolling fd = 7
Socket not ready, repolling fd = 7
Socket not ready, repolling fd = 7
Socket not ready, repolling fd = 7
Socket not ready, repolling fd = 7
Socket not ready, repolling fd = 7
Socket not ready, repolling fd = 7
Socket not ready, repolling fd = 7
Socket not ready, repolling fd = 7
Socket not ready, repolling fd = 7
Socket not ready, repolling fd = 7
Socket not ready, repolling fd = 7
Socket not ready, repolling fd = 7
Socket not ready, repolling fd = 7
Socket not ready, repolling fd = 7
Socket not ready, repolling fd = 7
Socket not ready, repolling fd = 7
Socket not ready, repolling fd = 7
Socket not ready, repolling fd = 7
Socket not ready, repolling fd = 7
Socket not ready, repolling fd = 7
Socket not ready, repolling fd = 7
Socket not ready, repolling fd = 7
Socket not ready, repolling fd = 7
Socket not ready, repolling fd = 7
Socket not ready, repolling fd = 7
Socket not ready, repolling fd = 7
Socket not ready, repolling fd = 7
Socket not ready, repolling fd = 7
Socket not ready, repolling fd = 7
Socket not ready, repolling fd = 7
Socket not ready, repolling fd = 7
Socket not ready, repolling fd = 7
Socket not ready, repolling fd = 7
Socket not ready, repolling fd = 7
Socket not ready, repolling fd = 7
Socket not ready, repolling fd = 7
Socket not ready, repolling fd = 7
Socket not ready, repolling fd = 7
Socket not ready, repolling fd = 7
Socket not ready, repolling fd = 7
Socket not ready, repolling fd = 7
Socket not ready, repolling fd = 7
Socket not ready, repolling fd = 7
Socket not ready, repolling fd = 7
Socket not ready, repolling fd = 7
Socket not ready, repolling fd = 7
Socket not ready, repolling fd = 7
Socket not ready, repolling fd = 7
Socket not ready, repolling fd = 7
Socket not ready, repolling fd = 7
Socket not ready, repolling fd = 7
Socket not ready, repolling fd = 7
Socket not ready, repolling fd = 7
Socket not ready, repolling fd = 7
Socket not ready, repolling fd = 7
Socket not ready, repolling fd = 7
Socket not ready, repolling fd = 7
Socket not ready, repolling fd = 7
Socket not ready, repolling fd = 7
Socket not ready, repolling fd = 7
Socket not ready, repolling fd = 7
Socket not ready, repolling fd = 7
Socket not ready, repolling fd = 7
Socket not ready, repolling fd = 7
Socket not ready, repolling fd = 7
Socket not ready, repolling fd = 7
Socket not ready, repolling fd = 7
Socket not ready, repolling fd = 7
Socket not ready, repolling fd = 7
Socket not ready, repolling fd = 7
Socket not ready, repolling fd = 7
Socket not ready, repolling fd = 7
Socket not ready, repolling fd = 7
Socket not ready, repolling fd = 7
Socket not ready, repolling fd = 7
Socket not ready, repolling fd = 7
Socket not ready, repolling fd = 7
Socket not ready, repolling fd = 7
Socket not ready, repolling fd = 7
Socket not ready, repolling fd = 7
Socket not ready, repolling fd = 7
Socket not ready, repolling fd = 7
Socket not ready, repolling fd = 7
Socket not ready, repolling fd = 7
Socket not ready, repolling fd = 7
Socket not ready, repolling fd = 7
Socket not ready, repolling fd = 7
Socket not ready, repolling fd = 7
Socket not ready, repolling fd = 7
Socket not ready, repolling fd = 7
Socket not ready, repolling fd = 7
Socket not ready, repolling fd = 7
Socket not ready, repolling fd = 7
Socket not ready, repolling fd = 7
Socket not ready, repolling fd = 7
Socket not ready, repolling fd = 7
Socket not ready, repolling fd = 7
Socket not ready, repolling fd = 7
Socket not ready, repolling fd = 7
Socket not ready, repolling fd = 7
Socket not ready, repolling fd = 7
Socket not ready, repolling fd = 7
Socket not ready, repolling fd = 7
Socket not ready, repolling fd = 7
Socket not ready, repolling fd = 7
Socket not ready, repolling fd = 7
Socket not ready, repolling fd = 7
Socket not ready, repolling fd = 7
Socket not ready, repolling fd = 7
Socket not ready, repolling fd = 7
Socket not ready, repolling fd = 7
Socket not ready, repolling fd = 7
Socket not ready, repolling fd = 7
Socket not ready, repolling fd = 7
Socket not ready, repolling fd = 7
Socket not ready, repolling fd = 7
Socket not ready, repolling fd = 7
Socket not ready, repolling fd = 7
Socket not ready, repolling fd = 7
Socket not ready, repolling fd = 7
Socket not ready, repolling fd = 7
Socket not ready, repolling fd = 7
Socket not ready, repolling fd = 7
Socket not ready, repolling fd = 7
Socket not ready, repolling fd = 7
Socket not ready, repolling fd = 7
Socket not ready, repolling fd = 7
Socket not ready, repolling fd = 7
Socket not ready, repolling fd = 7
Socket not ready, repolling fd = 7
Socket not ready, repolling fd = 7
Socket not ready, repolling fd = 7
Socket not ready, repolling fd = 7
Socket not ready, repolling fd = 7
Socket not ready, repolling fd = 7
Socket not ready, repolling fd = 7
Socket not ready, repolling fd = 7
Socket not ready, repolling fd = 7
Socket not ready, repolling fd = 7
Socket not ready, repolling fd = 7
Socket not ready, repolling fd = 7
Socket not ready, repolling fd = 7
Socket not ready, repolling fd = 7
Socket not ready, repolling fd = 7
Socket not ready, repolling fd = 7
Socket not ready, repolling fd = 7
Socket not ready, repolling fd = 7
Socket not ready, repolling fd = 7
Socket not ready, repolling fd = 7
Socket not ready, repolling fd = 7
Socket not ready, repolling fd = 7
Socket not ready, repolling fd = 7
Socket not ready, repolling fd = 7
Socket not ready, repolling fd = 7
Socket not ready, repolling fd = 7
Socket not ready, repolling fd = 7
Socket not ready, repolling fd = 7
Socket not ready, repolling fd = 7
Socket not ready, repolling fd = 7
Socket not ready, repolling fd = 7
Socket not ready, repolling fd = 7
Socket not ready, repolling fd = 7
Socket not ready, repolling fd = 7
Socket not ready, repolling fd = 7
Socket not ready, repolling fd = 7
Socket not ready, repolling fd = 7
Socket not ready, repolling fd = 7
Socket not ready, repolling fd = 7
Socket not ready, repolling fd = 7
Socket not ready, repolling fd = 7
Socket not ready, repolling fd = 7
Socket not ready, repolling fd = 7
Socket not ready, repolling fd = 7
Socket not ready, repolling fd = 7
Socket not ready, repolling fd = 7
Socket not ready, repolling fd = 7
Socket not ready, repolling fd = 7
Socket not ready, repolling fd = 7
Socket not ready, repolling fd = 7
Socket not ready, repolling fd = 7
Socket not ready, repolling fd = 7
Socket not ready, repolling fd = 7
Socket not ready, repolling fd = 7
Socket not ready, repolling fd = 7
Socket not ready, repolling fd = 7
Socket not ready, repolling fd = 7
Socket not ready, repolling fd = 7
Socket not ready, repolling fd = 7
Socket not ready, repolling fd = 7
Socket not ready, repolling fd = 7
Socket not ready, repolling fd = 7
Socket not ready, repolling fd = 7
Socket not ready, repolling fd = 7
Socket not ready, repolling fd = 7
Socket not ready, repolling fd = 7
Socket not ready, repolling fd = 7
Socket not ready, repolling fd = 7
Socket not ready, repolling fd = 7
Socket not ready, repolling fd = 7
Socket not ready, repolling fd = 7
Socket not ready, repolling fd = 7
Socket not ready, repolling fd = 7
Socket not ready, repolling fd = 7
Socket not ready, repolling fd = 7
Socket not ready, repolling fd = 7
Socket not ready, repolling fd = 7
Socket not ready, repolling fd = 7
Socket not ready, repolling fd = 7
Socket not ready, repolling fd = 7
Socket not ready, repolling fd = 7
Socket not ready, repolling fd = 7
Socket not ready, repolling fd = 7
Socket not ready, repolling fd = 7
Socket not ready, repolling fd = 7
Socket not ready, repolling fd = 7
Socket not ready, repolling fd = 7
Socket not ready, repolling fd = 7
Socket not ready, repolling fd = 7
Socket not ready, repolling fd = 7
Socket not ready, repolling fd = 7
Socket not ready, repolling fd = 7
Socket not ready, repolling fd = 7
Socket not ready, repolling fd = 7
Socket not ready, repolling fd = 7
Socket not ready, repolling fd = 7
Socket not ready, repolling fd = 7
Socket not ready, repolling fd = 7
Socket not ready, repolling fd = 7
Socket not ready, repolling fd = 7
Socket not ready, repolling fd = 7
Socket not ready, repolling fd = 7
Socket not ready, repolling fd = 7
Socket not ready, repolling fd = 7
Socket not ready, repolling fd = 7
Socket not ready, repolling fd = 7
Socket not ready, repolling fd = 7
Socket not ready, repolling fd = 7
Socket not ready, repolling fd = 7
Socket not ready, repolling fd = 7
Socket not ready, repolling fd = 7
Socket not ready, repolling fd = 7
Socket not ready, repolling fd = 7
Socket not ready, repolling fd = 7
Socket not ready, repolling fd = 7
Socket not ready, repolling fd = 7
Socket not ready, repolling fd = 7
Socket not ready, repolling fd = 7
Socket not ready, repolling fd = 7
Socket not ready, repolling fd = 7
Socket not ready, repolling fd = 7
Socket not ready, repolling fd = 7
Socket not ready, repolling fd = 7
Socket not ready, repolling fd = 7
Socket not ready, repolling fd = 7
Socket not ready, repolling fd = 7
Socket not ready, repolling fd = 7
Socket not ready, repolling fd = 7
Socket not ready, repolling fd = 7
Socket not ready, repolling fd = 7
Socket not ready, repolling fd = 7
Socket not ready, repolling fd = 7
Socket not ready, repolling fd = 7
Socket not ready, repolling fd = 7
Socket not ready, repolling fd = 7
Socket not ready, repolling fd = 7
Socket not ready, repolling fd = 7
Socket not ready, repolling fd = 7
Socket not ready, repolling fd = 7
Socket not ready, repolling fd = 7
Socket not ready, repolling fd = 7
Socket not ready, repolling fd = 7
Socket not ready, repolling fd = 7
Socket not ready, repolling fd = 7
Socket not ready, repolling fd = 7
Socket not ready, repolling fd = 7
Socket not ready, repolling fd = 7
Socket not ready, repolling fd = 7
Socket not ready, repolling fd = 7
Socket not ready, repolling fd = 7
Socket not ready, repolling fd = 7
Socket not ready, repolling fd = 7
Socket not ready, repolling fd = 7
Socket not ready, repolling fd = 7
Socket not ready, repolling fd = 7
Socket not ready, repolling fd = 7
Socket not ready, repolling fd = 7
Socket not ready, repolling fd = 7
Socket not ready, repolling fd = 7
Socket not ready, repolling fd = 7
Socket not ready, repolling fd = 7
Socket not ready, repolling fd = 7
Socket not ready, repolling fd = 7
Socket not ready, repolling fd = 7
Socket not ready, repolling fd = 7
Socket not ready, repolling fd = 7
Socket not ready, repolling fd = 7
Socket not ready, repolling fd = 7
Socket not ready, repolling fd = 7
Socket not ready, repolling fd = 7
Socket not ready, repolling fd = 7
Socket not ready, repolling fd = 7
Socket not ready, repolling fd = 7
Socket not ready, repolling fd = 7
Socket not ready, repolling fd = 7
Socket not ready, repolling fd = 7
Socket not ready, repolling fd = 7
Socket not ready, repolling fd = 7
Socket not ready, repolling fd = 7
Socket not ready, repolling fd = 7
Socket not ready, repolling fd = 7
Socket not ready, repolling fd = 7
Socket not ready, repolling fd = 7
Socket not ready, repolling fd = 7
Socket not ready, repolling fd = 7
Socket not ready, repolling fd = 7
Socket not ready, repolling fd = 7
Socket not ready, repolling fd = 7
Socket not ready, repolling fd = 7
Socket not ready, repolling fd = 7
Socket not ready, repolling fd = 7
Socket not ready, repolling fd = 7
Socket not ready, repolling fd = 7
Socket not ready, repolling fd = 7
Socket not ready, repolling fd = 7
Socket not ready, repolling fd = 7
Socket not ready, repolling fd = 7
Socket not ready, repolling fd = 7
Socket not ready, repolling fd = 7
Socket not ready, repolling fd = 7
Socket not ready, repolling fd = 8
Socket not ready, repolling fd = 8
Socket not ready, repolling fd = 8
Socket not ready, repolling fd = 8
Socket not ready, repolling fd = 8
Socket not ready, repolling fd = 8
Socket not ready, repolling fd = 8
Socket not ready, repolling fd = 8
Socket not ready, repolling fd = 8
Socket not ready, repolling fd = 8
Socket not ready, repolling fd = 8
Socket not ready, repolling fd = 8
Socket not ready, repolling fd = 8
Socket not ready, repolling fd = 8
Socket not ready, repolling fd = 8
Socket not ready, repolling fd = 8
Socket not ready, repolling fd = 8
Socket not ready, repolling fd = 8
Socket not ready, repolling fd = 8
Socket not ready, repolling fd = 8
Socket not ready, repolling fd = 8
Socket not ready, repolling fd = 8
Socket not ready, repolling fd = 8
Socket not ready, repolling fd = 8
Socket not ready, repolling fd = 8
Socket not ready, repolling fd = 8
Socket not ready, repolling fd = 8
Socket not ready, repolling fd = 8
Socket not ready, repolling fd = 8
Socket not ready, repolling fd = 8
Socket not ready, repolling fd = 8
Socket not ready, repolling fd = 8
Socket not ready, repolling fd = 8
Socket not ready, repolling fd = 8
Socket not ready, repolling fd = 8
Socket not ready, repolling fd = 8
Socket not ready, repolling fd = 8
Socket not ready, repolling fd = 8
Socket not ready, repolling fd = 8
Socket not ready, repolling fd = 8
Socket not ready, repolling fd = 8
Socket not ready, repolling fd = 8
Socket not ready, repolling fd = 8
Socket not ready, repolling fd = 8
Socket not ready, repolling fd = 8
Socket not ready, repolling fd = 8
Socket not ready, repolling fd = 8
Socket not ready, repolling fd = 8
Socket not ready, repolling fd = 8
Socket not ready, repolling fd = 8
Socket not ready, repolling fd = 8
Socket not ready, repolling fd = 8
Socket not ready, repolling fd = 8
Socket not ready, repolling fd = 8
Socket not ready, repolling fd = 8
Socket not ready, repolling fd = 8
Socket not ready, repolling fd = 8
Socket not ready, repolling fd = 8
Socket not ready, repolling fd = 8
Socket not ready, repolling fd = 8
Socket not ready, repolling fd = 8
Socket not ready, repolling fd = 8
Socket not ready, repolling fd = 8
Socket not ready, repolling fd = 8
Socket not ready, repolling fd = 8
Socket not ready, repolling fd = 8
Socket not ready, repolling fd = 8
Socket not ready, repolling fd = 8
Socket not ready, repolling fd = 8
Socket not ready, repolling fd = 8
Socket not ready, repolling fd = 8
Socket not ready, repolling fd = 8
Socket not ready, repolling fd = 8
Socket not ready, repolling fd = 8
Socket not ready, repolling fd = 8
Socket not ready, repolling fd = 8
Socket not ready, repolling fd = 8
Socket not ready, repolling fd = 8
Socket not ready, repolling fd = 8
Socket not ready, repolling fd = 8
Socket not ready, repolling fd = 8
Socket not ready, repolling fd = 8
Socket not ready, repolling fd = 8
Socket not ready, repolling fd = 8
Socket not ready, repolling fd = 8
Socket not ready, repolling fd = 8
Socket not ready, repolling fd = 8
Socket not ready, repolling fd = 8
Socket not ready, repolling fd = 8
Socket not ready, repolling fd = 8
Socket not ready, repolling fd = 8
Socket not ready, repolling fd = 8
Socket not ready, repolling fd = 8
Socket not ready, repolling fd = 8
Socket not ready, repolling fd = 8
Socket not ready, repolling fd = 8
Socket not ready, repolling fd = 8
Socket not ready, repolling fd = 8
Socket not ready, repolling fd = 8
Socket not ready, repolling fd = 8
Socket not ready, repolling fd = 8
Socket not ready, repolling fd = 8
Socket not ready, repolling fd = 8
Socket not ready, repolling fd = 8
Socket not ready, repolling fd = 8
Socket not ready, repolling fd = 8
Socket not ready, repolling fd = 8
Socket not ready, repolling fd = 8
Socket not ready, repolling fd = 8
Socket not ready, repolling fd = 8
Socket not ready, repolling fd = 8
Socket not ready, repolling fd = 8
Socket not ready, repolling fd = 8
Socket not ready, repolling fd = 8
Socket not ready, repolling fd = 8
Socket not ready, repolling fd = 8
Socket not ready, repolling fd = 8
Socket not ready, repolling fd = 8
Socket not ready, repolling fd = 8
Socket not ready, repolling fd = 8
Socket not ready, repolling fd = 8
Socket not ready, repolling fd = 8
Socket not ready, repolling fd = 8
Socket not ready, repolling fd = 8
Socket not ready, repolling fd = 8
Socket not ready, repolling fd = 8
Socket not ready, repolling fd = 8
Socket not ready, repolling fd = 8
Socket not ready, repolling fd = 8
Socket not ready, repolling fd = 8
Socket not ready, repolling fd = 8
Socket not ready, repolling fd = 8
Socket not ready, repolling fd = 8
Socket not ready, repolling fd = 8
Socket not ready, repolling fd = 8
Socket not ready, repolling fd = 8
Socket not ready, repolling fd = 8
Socket not ready, repolling fd = 8
Socket not ready, repolling fd = 8
Socket not ready, repolling fd = 8
Socket not ready, repolling fd = 8
Socket not ready, repolling fd = 8
Socket not ready, repolling fd = 8
Socket not ready, repolling fd = 8
Socket not ready, repolling fd = 8
Socket not ready, repolling fd = 8
Socket not ready, repolling fd = 8
Socket not ready, repolling fd = 8
Socket not ready, repolling fd = 8
Socket not ready, repolling fd = 8
Socket not ready, repolling fd = 8
Socket not ready, repolling fd = 8
Socket not ready, repolling fd = 8
Socket not ready, repolling fd = 8
Socket not ready, repolling fd = 8
Socket not ready, repolling fd = 8
Socket not ready, repolling fd = 8
Socket not ready, repolling fd = 8
Socket not ready, repolling fd = 8
Socket not ready, repolling fd = 8
Socket not ready, repolling fd = 8
Socket not ready, repolling fd = 8
Socket not ready, repolling fd = 8
Socket not ready, repolling fd = 8
Socket not ready, repolling fd = 8
Socket not ready, repolling fd = 8
Socket not ready, repolling fd = 8
Socket not ready, repolling fd = 8
Socket not ready, repolling fd = 8
Socket not ready, repolling fd = 8
Socket not ready, repolling fd = 8
Socket not ready, repolling fd = 8
Socket not ready, repolling fd = 8
Socket not ready, repolling fd = 8
Socket not ready, repolling fd = 8
Socket not ready, repolling fd = 8
Socket not ready, repolling fd = 8
Socket not ready, repolling fd = 8
Socket not ready, repolling fd = 8
Socket not ready, repolling fd = 8
Socket not ready, repolling fd = 8
Socket not ready, repolling fd = 8
Socket not ready, repolling fd = 8
Socket not ready, repolling fd = 8
Socket not ready, repolling fd = 8
Socket not ready, repolling fd = 8
Socket not ready, repolling fd = 8
Socket not ready, repolling fd = 8
Socket not ready, repolling fd = 8
Socket not ready, repolling fd = 8
Socket not ready, repolling fd = 8
Socket not ready, repolling fd = 8
Socket not ready, repolling fd = 8
Socket not ready, repolling fd = 8
Socket not ready, repolling fd = 8
Socket not ready, repolling fd = 8
Socket not ready, repolling fd = 8
Socket not ready, repolling fd = 8
Socket not ready, repolling fd = 8
Socket not ready, repolling fd = 8
Socket not ready, repolling fd = 8
Socket not ready, repolling fd = 8
Socket not ready, repolling fd = 8
Socket not ready, repolling fd = 8
Socket not ready, repolling fd = 8
Socket not ready, repolling fd = 8
Socket not ready, repolling fd = 8
Socket not ready, repolling fd = 8
Socket not ready, repolling fd = 8
Socket not ready, repolling fd = 8
Socket not ready, repolling fd = 8
Socket not ready, repolling fd = 8
Socket not ready, repolling fd = 8
Socket not ready, repolling fd = 8
Socket not ready, repolling fd = 8
Socket not ready, repolling fd = 8
Socket not ready, repolling fd = 8
Socket not ready, repolling fd = 8
Socket not ready, repolling fd = 8
Socket not ready, repolling fd = 8
Socket not ready, repolling fd = 8
Socket not ready, repolling fd = 8
Socket not ready, repolling fd = 8
Socket not ready, repolling fd = 8
Socket not ready, repolling fd = 8
Socket not ready, repolling fd = 8
Socket not ready, repolling fd = 8
Socket not ready, repolling fd = 8
Socket not ready, repolling fd = 8
Socket not ready, repolling fd = 8
Socket not ready, repolling fd = 8
Socket not ready, repolling fd = 8
Socket not ready, repolling fd = 8
Socket not ready, repolling fd = 8
Socket not ready, repolling fd = 8
Socket not ready, repolling fd = 8
Socket not ready, repolling fd = 8
Socket not ready, repolling fd = 8
Socket not ready, repolling fd = 8
Socket not ready, repolling fd = 8
Socket not ready, repolling fd = 8
Socket not ready, repolling fd = 8
Socket not ready, repolling fd = 8
Socket not ready, repolling fd = 8
Socket not ready, repolling fd = 8
Socket not ready, repolling fd = 8
Socket not ready, repolling fd = 8
Socket not ready, repolling fd = 8
Socket not ready, repolling fd = 8
Socket not ready, repolling fd = 8
Socket not ready, repolling fd = 8
Socket not ready, repolling fd = 8
Socket not ready, repolling fd = 8
Socket not ready, repolling fd = 8
Socket not ready, repolling fd = 8
Socket not ready, repolling fd = 8
Socket not ready, repolling fd = 8
Socket not ready, repolling fd = 8
Socket not ready, repolling fd = 8
Socket not ready, repolling fd = 8
Socket not ready, repolling fd = 8
Socket not ready, repolling fd = 8
Socket not ready, repolling fd = 8
Socket not ready, repolling fd = 8
Socket not ready, repolling fd = 8
Socket not ready, repolling fd = 8
Socket not ready, repolling fd = 8
Socket not ready, repolling fd = 8
Socket not ready, repolling fd = 8
Socket not ready, repolling fd = 8
Socket not ready, repolling fd = 8
Socket not ready, repolling fd = 8
Socket not ready, repolling fd = 8
Socket not ready, repolling fd = 8
Socket not ready, repolling fd = 8
Socket not ready, repolling fd = 8
Socket not ready, repolling fd = 8
Socket not ready, repolling fd = 8
Socket not ready, repolling fd = 8
Socket not ready, repolling fd = 8
Socket not ready, repolling fd = 8
Socket not ready, repolling fd = 8
Socket not ready, repolling fd = 8
Socket not ready, repolling fd = 8
Socket not ready, repolling fd = 8
Socket not ready, repolling fd = 8
Socket not ready, repolling fd = 8
Socket not ready, repolling fd = 8
Socket not ready, repolling fd = 8
Socket not ready, repolling fd = 8
Socket not ready, repolling fd = 8
Socket not ready, repolling fd = 8
Socket not ready, repolling fd = 8
Socket not ready, repolling fd = 8
Socket not ready, repolling fd = 8
Socket not ready, repolling fd = 8
Socket not ready, repolling fd = 8
Socket not ready, repolling fd = 8
Socket not ready, repolling fd = 8
Socket not ready, repolling fd = 8
Socket not ready, repolling fd = 8
Socket not ready, repolling fd = 8
Socket not ready, repolling fd = 8
Socket not ready, repolling fd = 8
Socket not ready, repolling fd = 8
Socket not ready, repolling fd = 8
Socket not ready, repolling fd = 8
Socket not ready, repolling fd = 8
Socket not ready, repolling fd = 8
Socket not ready, repolling fd = 8
Socket not ready, repolling fd = 8
Socket not ready, repolling fd = 8
Socket not ready, repolling fd = 8
Socket not ready, repolling fd = 8
Socket not ready, repolling fd = 8
Socket not ready, repolling fd = 8
Socket not ready, repolling fd = 8
Socket not ready, repolling fd = 8
Socket not ready, repolling fd = 8
Socket not ready, repolling fd = 8
Socket not ready, repolling fd = 8
Socket not ready, repolling fd = 8
Socket not ready, repolling fd = 8
Socket not ready, repolling fd = 8
Socket not ready, repolling fd = 8
Socket not ready, repolling fd = 8
Socket not ready, repolling fd = 8
Socket not ready, repolling fd = 8
Socket not ready, repolling fd = 8
Socket not ready, repolling fd = 8
Socket not ready, repolling fd = 8
Socket not ready, repolling fd = 8
Socket not ready, repolling fd = 8
Socket not ready, repolling fd = 8
Socket not ready, repolling fd = 8
Socket not ready, repolling fd = 8
Socket not ready, repolling fd = 8
Socket not ready, repolling fd = 8
Socket not ready, repolling fd = 8
Socket not ready, repolling fd = 8
Socket not ready, repolling fd = 8
Socket not ready, repolling fd = 8
Socket not ready, repolling fd = 8
Socket not ready, repolling fd = 8
Socket not ready, repolling fd = 8
Socket not ready, repolling fd = 8
Socket not ready, repolling fd = 8
Socket not ready, repolling fd = 8
Socket not ready, repolling fd = 8
Socket not ready, repolling fd = 8
Socket not ready, repolling fd = 8
Socket not ready, repolling fd = 8
Socket not ready, repolling fd = 8
Socket not ready, repolling fd = 8
Socket not ready, repolling fd = 8
Socket not ready, repolling fd = 8
Socket not ready, repolling fd = 8
Socket not ready, repolling fd = 8
Socket not ready, repolling fd = 8
Socket not ready, repolling fd = 8
Socket not ready, repolling fd = 8
Socket not ready, repolling fd = 8
Socket not ready, repolling fd = 8
Socket not ready, repolling fd = 8
Socket not ready, repolling fd = 8
Socket not ready, repolling fd = 8
Socket not ready, repolling fd = 8
Socket not ready, repolling fd = 8
Socket not ready, repolling fd = 8
Socket not ready, repolling fd = 8
Socket not ready, repolling fd = 8
Socket not ready, repolling fd = 8
Socket not ready, repolling fd = 8
Socket not ready, repolling fd = 8
Socket not ready, repolling fd = 8
Socket not ready, repolling fd = 8
Socket not ready, repolling fd = 8
Socket not ready, repolling fd = 8
Socket not ready, repolling fd = 8
Socket not ready, repolling fd = 8
Socket not ready, repolling fd = 8
Socket not ready, repolling fd = 8
Socket not ready, repolling fd = 8
Socket not ready, repolling fd = 8
Socket not ready, repolling fd = 8
Socket not ready, repolling fd = 8
Socket not ready, repolling fd = 8
Socket not ready, repolling fd = 8
Socket not ready, repolling fd = 8
Socket not ready, repolling fd = 8
Socket not ready, repolling fd = 8
Socket not ready, repolling fd = 8
Socket not ready, repolling fd = 8
Socket not ready, repolling fd = 8
Socket not ready, repolling fd = 8
Socket not ready, repolling fd = 8
Socket not ready, repolling fd = 8
Socket not ready, repolling fd = 8
Socket not ready, repolling fd = 8
Socket not ready, repolling fd = 8
Socket not ready, repolling fd = 8
Socket not ready, repolling fd = 8
Socket not ready, repolling fd = 8
Socket not ready, repolling fd = 8
Socket not ready, repolling fd = 8
Socket not ready, repolling fd = 8
Socket not ready, repolling fd = 8
Socket not ready, repolling fd = 8
Socket not ready, repolling fd = 8
Socket not ready, repolling fd = 8
Socket not ready, repolling fd = 8
Socket not ready, repolling fd = 8
Socket not ready, repolling fd = 8
Socket not ready, repolling fd = 8
Socket not ready, repolling fd = 8
Socket not ready, repolling fd = 8
Socket not ready, repolling fd = 8
Socket not ready, repolling fd = 8
Socket not ready, repolling fd = 8
Socket not ready, repolling fd = 8
Socket not ready, repolling fd = 8
Socket not ready, repolling fd = 8
Socket not ready, repolling fd = 8
Socket not ready, repolling fd = 8
Socket not ready, repolling fd = 8
Socket not ready, repolling fd = 8
Socket not ready, repolling fd = 8
Socket not ready, repolling fd = 8
Socket not ready, repolling fd = 8
Socket not ready, repolling fd = 8
Socket not ready, repolling fd = 8
Socket not ready, repolling fd = 8
Socket not ready, repolling fd = 8
Socket not ready, repolling fd = 8
Socket not ready, repolling fd = 8
Socket not ready, repolling fd = 8
Socket not ready, repolling fd = 8
Socket not ready, repolling fd = 8
Socket not ready, repolling fd = 8
Socket not ready, repolling fd = 8
Socket not ready, repolling fd = 8
Socket not ready, repolling fd = 8
Socket not ready, repolling fd = 8
Socket not ready, repolling fd = 8
Socket not ready, repolling fd = 8
Socket not ready, repolling fd = 8
Socket not ready, repolling fd = 8
Socket not ready, repolling fd = 8
Socket not ready, repolling fd = 8
Socket not ready, repolling fd = 8
Socket not ready, repolling fd = 8
Socket not ready, repolling fd = 8
Socket not ready, repolling fd = 8
Socket not ready, repolling fd = 8
Socket not ready, repolling fd = 8
Socket not ready, repolling fd = 8
Socket not ready, repolling fd = 8
Socket not ready, repolling fd = 8
Socket not ready, repolling fd = 8
Socket not ready, repolling fd = 8
Socket not ready, repolling fd = 8
Socket not ready, repolling fd = 8
Socket not ready, repolling fd = 8
Socket not ready, repolling fd = 8
Socket not ready, repolling fd = 8
Socket not ready, repolling fd = 8
Socket not ready, repolling fd = 8
Socket not ready, repolling fd = 8
Socket not ready, repolling fd = 8
Socket not ready, repolling fd = 8
Socket not ready, repolling fd = 8
Socket not ready, repolling fd = 8
Socket not ready, repolling fd = 8
Socket not ready, repolling fd = 8
Socket not ready, repolling fd = 8
Socket not ready, repolling fd = 8
Socket not ready, repolling fd = 8
Socket not ready, repolling fd = 8
Socket not ready, repolling fd = 8
Socket not ready, repolling fd = 8
Socket not ready, repolling fd = 8
Socket not ready, repolling fd = 8
Socket not ready, repolling fd = 8
Socket not ready, repolling fd = 8
Socket not ready, repolling fd = 8
Socket not ready, repolling fd = 8
Socket not ready, repolling fd = 8
Socket not ready, repolling fd = 8
Socket not ready, repolling fd = 8
Socket not ready, repolling fd = 8
Socket not ready, repolling fd = 8
Socket not ready, repolling fd = 8
Socket not ready, repolling fd = 8
Socket not ready, repolling fd = 8
Socket not ready, repolling fd = 8
Socket not ready, repolling fd = 8
Socket not ready, repolling fd = 8
Socket not ready, repolling fd = 8
Socket not ready, repolling fd = 8
Socket not ready, repolling fd = 8
Socket not ready, repolling fd = 8
Socket not ready, repolling fd = 8
Socket not ready, repolling fd = 8
Socket not ready, repolling fd = 8
Socket not ready, repolling fd = 8
Socket not ready, repolling fd = 8
Socket not ready, repolling fd = 8
Socket not ready, repolling fd = 8
Socket not ready, repolling fd = 8
Socket not ready, repolling fd = 8
Socket not ready, repolling fd = 8
Socket not ready, repolling fd = 8
Socket not ready, repolling fd = 8
Socket not ready, repolling fd = 8
Socket not ready, repolling fd = 8
Socket not ready, repolling fd = 8
Socket not ready, repolling fd = 8
Socket not ready, repolling fd = 8
Socket not ready, repolling fd = 8
Socket not ready, repolling fd = 8
Socket not ready, repolling fd = 8
Socket not ready, repolling fd = 8
Socket not ready, repolling fd = 8
Socket not ready, repolling fd = 8
Socket not ready, repolling fd = 8
Socket not ready, repolling fd = 8
Socket not ready, repolling fd = 8
Socket not ready, repolling fd = 8
Socket not ready, repolling fd = 8
Socket not ready, repolling fd = 8
Socket not ready, repolling fd = 8
Socket not ready, repolling fd = 8
Socket not ready, repolling fd = 8
Socket not ready, repolling fd = 8
Socket not ready, repolling fd = 8
Socket not ready, repolling fd = 8
Socket not ready, repolling fd = 8
Socket not ready, repolling fd = 8
Socket not ready, repolling fd = 8
Socket not ready, repolling fd = 8
Socket not ready, repolling fd = 8
Socket not ready, repolling fd = 8
Socket not ready, repolling fd = 8
Socket not ready, repolling fd = 8
Socket not ready, repolling fd = 8
Socket not ready, repolling fd = 8
Socket not ready, repolling fd = 8
Socket not ready, repolling fd = 8
Socket not ready, repolling fd = 8
Socket not ready, repolling fd = 8
Socket not ready, repolling fd = 8
Socket not ready, repolling fd = 8
Socket not ready, repolling fd = 8
Socket not ready, repolling fd = 8
Socket not ready, repolling fd = 8
Socket not ready, repolling fd = 8
Socket not ready, repolling fd = 8
Socket not ready, repolling fd = 8
Socket not ready, repolling fd = 8
Socket not ready, repolling fd = 8
Socket not ready, repolling fd = 8
Socket not ready, repolling fd = 8
Socket not ready, repolling fd = 8
Socket not ready, repolling fd = 8
Socket not ready, repolling fd = 8
Socket not ready, repolling fd = 8
Socket not ready, repolling fd = 8
Socket not ready, repolling fd = 8
Socket not ready, repolling fd = 8
Socket not ready, repolling fd = 8
Socket not ready, repolling fd = 8
Socket not ready, repolling fd = 8
Socket not ready, repolling fd = 8
Socket not ready, repolling fd = 8
Socket not ready, repolling fd = 8
Socket not ready, repolling fd = 8
Socket not ready, repolling fd = 8
Socket not ready, repolling fd = 8
Socket not ready, repolling fd = 8
Socket not ready, repolling fd = 8
Socket not ready, repolling fd = 8
Socket not ready, repolling fd = 8
Socket not ready, repolling fd = 8
Socket not ready, repolling fd = 8
Socket not ready, repolling fd = 8
Socket not ready, repolling fd = 8
Socket not ready, repolling fd = 8
Socket not ready, repolling fd = 8
Socket not ready, repolling fd = 8
Socket not ready, repolling fd = 8
Socket not ready, repolling fd = 8
Socket not ready, repolling fd = 8
Socket not ready, repolling fd = 8
Socket not ready, repolling fd = 8
Socket not ready, repolling fd = 8
Socket not ready, repolling fd = 8
Socket not ready, repolling fd = 8
Socket not ready, repolling fd = 8
Socket not ready, repolling fd = 8
Socket not ready, repolling fd = 8
Socket not ready, repolling fd = 8
Socket not ready, repolling fd = 8
Socket not ready, repolling fd = 8
Socket not ready, repolling fd = 8
Socket not ready, repolling fd = 8
Socket not ready, repolling fd = 8
Socket not ready, repolling fd = 8
Socket not ready, repolling fd = 8
Socket not ready, repolling fd = 8
Socket not ready, repolling fd = 8
Socket not ready, repolling fd = 8
Socket not ready, repolling fd = 8
Socket not ready, repolling fd = 8
Socket not ready, repolling fd = 8
Socket not ready, repolling fd = 8
Socket not ready, repolling fd = 8
Socket not ready, repolling fd = 8
Socket not ready, repolling fd = 8
Socket not ready, repolling fd = 8
Socket not ready, repolling fd = 8
Socket not ready, repolling fd = 8
Socket not ready, repolling fd = 8
Socket not ready, repolling fd = 8
Socket not ready, repolling fd = 8
Socket not ready, repolling fd = 8
Socket not ready, repolling fd = 8
Socket not ready, repolling fd = 8
Socket not ready, repolling fd = 8
Socket not ready, repolling fd = 8
Socket not ready, repolling fd = 8
Socket not ready, repolling fd = 8
Socket not ready, repolling fd = 8
Socket not ready, repolling fd = 8
Socket not ready, repolling fd = 8
Socket not ready, repolling fd = 8
Socket not ready, repolling fd = 8
Socket not ready, repolling fd = 8
Socket not ready, repolling fd = 8
Socket not ready, repolling fd = 8
Socket not ready, repolling fd = 8
Socket not ready, repolling fd = 8
Socket not ready, repolling fd = 8
Socket not ready, repolling fd = 8
Socket not ready, repolling fd = 8
Socket not ready, repolling fd = 8
Socket not ready, repolling fd = 8
Socket not ready, repolling fd = 8
Socket not ready, repolling fd = 8
Socket not ready, repolling fd = 8
Socket not ready, repolling fd = 8
Socket not ready, repolling fd = 8
Socket not ready, repolling fd = 8
Socket not ready, repolling fd = 8
Socket not ready, repolling fd = 8
Socket not ready, repolling fd = 8
Socket not ready, repolling fd = 8
Socket not ready, repolling fd = 8
Socket not ready, repolling fd = 8
Socket not ready, repolling fd = 8
Socket not ready, repolling fd = 8
Socket not ready, repolling fd = 8
Socket not ready, repolling fd = 8
Socket not ready, repolling fd = 8
Socket not ready, repolling fd = 8
Socket not ready, repolling fd = 8
Socket not ready, repolling fd = 8
Socket not ready, repolling fd = 8
Socket not ready, repolling fd = 8
Socket not ready, repolling fd = 8
Socket not ready, repolling fd = 8
Socket not ready, repolling fd = 8
Socket not ready, repolling fd = 8
Socket not ready, repolling fd = 8
Socket not ready, repolling fd = 8
Socket not ready, repolling fd = 8
Socket not ready, repolling fd = 8
Socket not ready, repolling fd = 8
Socket not ready, repolling fd = 8
Socket not ready, repolling fd = 8
Socket not ready, repolling fd = 8
Socket not ready, repolling fd = 8
Socket not ready, repolling fd = 8
Socket not ready, repolling fd = 8
Socket not ready, repolling fd = 8
Socket not ready, repolling fd = 8
Socket not ready, repolling fd = 8
Socket not ready, repolling fd = 8
Socket not ready, repolling fd = 8
Socket not ready, repolling fd = 8
Socket not ready, repolling fd = 8
Socket not ready, repolling fd = 8
Socket not ready, repolling fd = 8
Socket not ready, repolling fd = 8
Socket not ready, repolling fd = 8
Socket not ready, repolling fd = 8
Socket not ready, repolling fd = 8
Socket not ready, repolling fd = 8
Socket not ready, repolling fd = 8
Socket not ready, repolling fd = 8
Socket not ready, repolling fd = 8
Socket not ready, repolling fd = 8
Socket not ready, repolling fd = 8
Socket not ready, repolling fd = 8
Socket not ready, repolling fd = 8
Socket not ready, repolling fd = 8
Socket not ready, repolling fd = 8
Socket not ready, repolling fd = 8
Socket not ready, repolling fd = 8
Socket not ready, repolling fd = 8
Socket not ready, repolling fd = 8
Socket not ready, repolling fd = 8
Socket not ready, repolling fd = 8
Socket not ready, repolling fd = 8
Socket not ready, repolling fd = 8
Socket not ready, repolling fd = 8
Socket not ready, repolling fd = 8
Socket not ready, repolling fd = 8
Socket not ready, repolling fd = 8
Socket not ready, repolling fd = 8
Socket not ready, repolling fd = 8
Socket not ready, repolling fd = 8
Socket not ready, repolling fd = 8
Socket not ready, repolling fd = 8
Socket not ready, repolling fd = 8
Socket not ready, repolling fd = 8
Socket not ready, repolling fd = 8
Socket not ready, repolling fd = 8
Socket not ready, repolling fd = 8
Socket not ready, repolling fd = 8
Socket not ready, repolling fd = 8
Socket not ready, repolling fd = 8
Socket not ready, repolling fd = 8
Socket not ready, repolling fd = 8
Socket not ready, repolling fd = 8
Socket not ready, repolling fd = 8
Socket not ready, repolling fd = 8
Socket not ready, repolling fd = 8
Socket not ready, repolling fd = 8
Socket not ready, repolling fd = 8
Socket not ready, repolling fd = 8
Socket not ready, repolling fd = 8
Socket not ready, repolling fd = 8
Socket not ready, repolling fd = 8
Socket not ready, repolling fd = 8
Socket not ready, repolling fd = 8
Socket not ready, repolling fd = 8
Socket not ready, repolling fd = 8
Socket not ready, repolling fd = 8
Socket not ready, repolling fd = 8
Socket not ready, repolling fd = 8
Socket not ready, repolling fd = 8
Socket not ready, repolling fd = 8
Socket not ready, repolling fd = 8
Socket not ready, repolling fd = 8
Socket not ready, repolling fd = 8
Socket not ready, repolling fd = 8
Socket not ready, repolling fd = 8
Socket not ready, repolling fd = 8
Socket not ready, repolling fd = 8
Socket not ready, repolling fd = 8
Socket not ready, repolling fd = 8
Socket not ready, repolling fd = 8
Socket not ready, repolling fd = 8
Socket not ready, repolling fd = 8
Socket not ready, repolling fd = 8
Socket not ready, repolling fd = 8
Socket not ready, repolling fd = 8
Socket not ready, repolling fd = 8
Socket not ready, repolling fd = 8
Socket not ready, repolling fd = 8
Socket not ready, repolling fd = 8
Socket not ready, repolling fd = 8
Socket not ready, repolling fd = 8
Socket not ready, repolling fd = 8
Socket not ready, repolling fd = 8
Socket not ready, repolling fd = 8
Socket not ready, repolling fd = 8
Socket not ready, repolling fd = 8
Socket not ready, repolling fd = 8
Socket not ready, repolling fd = 8
Socket not ready, repolling fd = 8
Socket not ready, repolling fd = 8
Socket not ready, repolling fd = 8
Socket not ready, repolling fd = 8
Socket not ready, repolling fd = 8
Socket not ready, repolling fd = 8
Socket not ready, repolling fd = 8
Socket not ready, repolling fd = 8
Socket not ready, repolling fd = 8
Socket not ready, repolling fd = 8
Socket not ready, repolling fd = 8
Socket not ready, repolling fd = 8
Socket not ready, repolling fd = 8
Socket not ready, repolling fd = 8
Socket not ready, repolling fd = 8
Socket not ready, repolling fd = 8
Socket not ready, repolling fd = 8
Socket not ready, repolling fd = 8
Socket not ready, repolling fd = 8
Socket not ready, repolling fd = 8
Socket not ready, repolling fd = 8
Socket not ready, repolling fd = 8
Socket not ready, repolling fd = 8
Socket not ready, repolling fd = 8
Socket not ready, repolling fd = 8
Socket not ready, repolling fd = 8
Socket not ready, repolling fd = 8
Socket not ready, repolling fd = 8
Socket not ready, repolling fd = 8
Socket not ready, repolling fd = 8
Socket not ready, repolling fd = 8
Socket not ready, repolling fd = 8
Socket not ready, repolling fd = 8
Socket not ready, repolling fd = 8
Socket not ready, repolling fd = 8
Socket not ready, repolling fd = 8
Socket not ready, repolling fd = 8
Socket not ready, repolling fd = 8
Socket not ready, repolling fd = 8
Socket not ready, repolling fd = 8
Socket not ready, repolling fd = 8
Socket not ready, repolling fd = 8
Socket not ready, repolling fd = 8
Socket not ready, repolling fd = 8
Socket not ready, repolling fd = 8
Socket not ready, repolling fd = 8
Socket not ready, repolling fd = 8
Socket not ready, repolling fd = 8
Socket not ready, repolling fd = 8
Socket not ready, repolling fd = 8
Socket not ready, repolling fd = 8
Socket not ready, repolling fd = 8
Socket not ready, repolling fd = 8
Socket not ready, repolling fd = 8
Socket not ready, repolling fd = 8
Socket not ready, repolling fd = 8
Socket not ready, repolling fd = 8
Socket not ready, repolling fd = 8
Socket not ready, repolling fd = 8
Socket not ready, repolling fd = 8
Socket not ready, repolling fd = 8
Socket not ready, repolling fd = 8
Socket not ready, repolling fd = 8
Socket not ready, repolling fd = 8
Socket not ready, repolling fd = 8
Socket not ready, repolling fd = 8
Socket not ready, repolling fd = 8
Socket not ready, repolling fd = 8
Socket not ready, repolling fd = 8
Socket not ready, repolling fd = 8
Socket not ready, repolling fd = 8
Socket not ready, repolling fd = 8
Socket not ready, repolling fd = 8
Socket not ready, repolling fd = 8
Socket not ready, repolling fd = 8
Socket not ready, repolling fd = 8
Socket not ready, repolling fd = 8
Socket not ready, repolling fd = 8
Socket not ready, repolling fd = 8
Socket not ready, repolling fd = 8
Socket not ready, repolling fd = 8
Socket not ready, repolling fd = 8
Socket not ready, repolling fd = 8
Socket not ready, repolling fd = 8
Socket not ready, repolling fd = 8
Socket not ready, repolling fd = 8
Socket not ready, repolling fd = 8
Socket not ready, repolling fd = 8
Socket not ready, repolling fd = 8
Socket not ready, repolling fd = 8
Socket not ready, repolling fd = 8
Socket not ready, repolling fd = 8
Socket not ready, repolling fd = 8
Socket not ready, repolling fd = 8
Socket not ready, repolling fd = 8
Socket not ready, repolling fd = 8
Socket not ready, repolling fd = 8
Socket not ready, repolling fd = 8
Socket not ready, repolling fd = 8
Socket not ready, repolling fd = 8
Socket not ready, repolling fd = 8
Socket not ready, repolling fd = 8
Socket not ready, repolling fd = 8
Socket not ready, repolling fd = 8
Socket not ready, repolling fd = 8
Socket not ready, repolling fd = 8
Socket not ready, repolling fd = 8
Socket not ready, repolling fd = 8
Socket not ready, repolling fd = 8
Socket not ready, repolling fd = 8
Socket not ready, repolling fd = 8
Socket not ready, repolling fd = 8
Socket not ready, repolling fd = 8
Socket not ready, repolling fd = 8
Socket not ready, repolling fd = 8
Socket not ready, repolling fd = 8
Socket not ready, repolling fd = 8
Socket not ready, repolling fd = 8
Socket not ready, repolling fd = 8
Socket not ready, repolling fd = 8
Socket not ready, repolling fd = 8
Socket not ready, repolling fd = 8
Socket not ready, repolling fd = 8
Socket not ready, repolling fd = 8
Socket not ready, repolling fd = 8
Socket not ready, repolling fd = 8
Socket not ready, repolling fd = 8
Socket not ready, repolling fd = 8
Socket not ready, repolling fd = 8
Socket not ready, repolling fd = 8
Socket not ready, repolling fd = 8
Socket not ready, repolling fd = 8
Socket not ready, repolling fd = 8
Socket not ready, repolling fd = 8
Socket not ready, repolling fd = 8
Socket not ready, repolling fd = 8
Socket not ready, repolling fd = 8
Socket not ready, repolling fd = 8
Socket not ready, repolling fd = 8
Socket not ready, repolling fd = 8
Socket not ready, repolling fd = 8
Socket not ready, repolling fd = 8
Socket not ready, repolling fd = 8
Socket not ready, repolling fd = 8
Socket not ready, repolling fd = 8
Socket not ready, repolling fd = 8
Socket not ready, repolling fd = 8
Socket not ready, repolling fd = 8
Socket not ready, repolling fd = 8
Socket not ready, repolling fd = 8
Socket not ready, repolling fd = 8
Socket not ready, repolling fd = 8
Socket not ready, repolling fd = 8
Socket not ready, repolling fd = 8
Socket not ready, repolling fd = 8
Socket not ready, repolling fd = 8
Socket not ready, repolling fd = 8
Socket not ready, repolling fd = 8
Socket not ready, repolling fd = 8
Socket not ready, repolling fd = 8
Socket not ready, repolling fd = 8
Socket not ready, repolling fd = 8
Socket not ready, repolling fd = 8
Socket not ready, repolling fd = 8
Socket not ready, repolling fd = 8
Socket not ready, repolling fd = 8
Socket not ready, repolling fd = 8
Socket not ready, repolling fd = 8
Socket not ready, repolling fd = 8
Socket not ready, repolling fd = 8
Socket not ready, repolling fd = 8
Socket not ready, repolling fd = 8
Socket not ready, repolling fd = 8
Socket not ready, repolling fd = 8
Socket not ready, repolling fd = 8
Socket not ready, repolling fd = 8
Socket not ready, repolling fd = 8
Socket not ready, repolling fd = 8
Socket not ready, repolling fd = 8
Socket not ready, repolling fd = 8
Socket not ready, repolling fd = 8
Socket not ready, repolling fd = 8
Socket not ready, repolling fd = 8
Socket not ready, repolling fd = 8
Socket not ready, repolling fd = 8
Socket not ready, repolling fd = 8
Socket not ready, repolling fd = 8
Socket not ready, repolling fd = 8
Socket not ready, repolling fd = 8
Socket not ready, repolling fd = 8
Socket not ready, repolling fd = 8
Socket not ready, repolling fd = 8
Socket not ready, repolling fd = 8
Socket not ready, repolling fd = 8
Socket not ready, repolling fd = 8
Socket not ready, repolling fd = 8
Socket not ready, repolling fd = 8
Socket not ready, repolling fd = 8
Socket not ready, repolling fd = 8
Socket not ready, repolling fd = 8
Socket not ready, repolling fd = 8
Socket not ready, repolling fd = 8
Socket not ready, repolling fd = 8
Socket not ready, repolling fd = 8
Socket not ready, repolling fd = 8
Socket not ready, repolling fd = 8
Socket not ready, repolling fd = 8
Socket not ready, repolling fd = 8
Socket not ready, repolling fd = 8
Socket not ready, repolling fd = 8
Socket not ready, repolling fd = 8
Socket not ready, repolling fd = 8
Socket not ready, repolling fd = 8
Socket not ready, repolling fd = 8
Socket not ready, repolling fd = 8
Socket not ready, repolling fd = 8
Socket not ready, repolling fd = 8
Socket not ready, repolling fd = 8
Socket not ready, repolling fd = 8
Socket not ready, repolling fd = 8
Socket not ready, repolling fd = 8
Socket not ready, repolling fd = 8
Socket not ready, repolling fd = 8
Socket not ready, repolling fd = 8
Socket not ready, repolling fd = 8
Socket not ready, repolling fd = 8
Socket not ready, repolling fd = 8
Socket not ready, repolling fd = 8
Socket not ready, repolling fd = 8
Socket not ready, repolling fd = 8
Socket not ready, repolling fd = 8
Socket not ready, repolling fd = 8
Socket not ready, repolling fd = 8
Socket not ready, repolling fd = 8
Socket not ready, repolling fd = 8
Socket not ready, repolling fd = 8
Socket not ready, repolling fd = 8
Socket not ready, repolling fd = 8
Socket not ready, repolling fd = 8
Socket not ready, repolling fd = 8
Socket not ready, repolling fd = 8
Socket not ready, repolling fd = 8
Socket not ready, repolling fd = 8
Socket not ready, repolling fd = 8
Socket not ready, repolling fd = 8
Socket not ready, repolling fd = 8
Socket not ready, repolling fd = 8
Socket not ready, repolling fd = 8
Socket not ready, repolling fd = 8
Socket not ready, repolling fd = 8
Socket not ready, repolling fd = 8
Socket not ready, repolling fd = 8
Socket not ready, repolling fd = 8
Socket not ready, repolling fd = 8
Socket not ready, repolling fd = 8
Socket not ready, repolling fd = 8
Socket not ready, repolling fd = 8
Socket not ready, repolling fd = 8
Socket not ready, repolling fd = 8
Socket not ready, repolling fd = 8
Socket not ready, repolling fd = 8
Socket not ready, repolling fd = 8
Socket not ready, repolling fd = 8
Socket not ready, repolling fd = 8
Socket not ready, repolling fd = 8
Socket not ready, repolling fd = 8
Socket not ready, repolling fd = 8
Socket not ready, repolling fd = 8
Socket not ready, repolling fd = 8
Socket not ready, repolling fd = 8
Socket not ready, repolling fd = 8
Socket not ready, repolling fd = 8
Socket not ready, repolling fd = 8
Socket not ready, repolling fd = 8
Socket not ready, repolling fd = 8
Socket not ready, repolling fd = 8
Socket not ready, repolling fd = 8
Socket not ready, repolling fd = 8
Socket not ready, repolling fd = 8
Socket not ready, repolling fd = 8
Socket not ready, repolling fd = 8
Socket not ready, repolling fd = 8
Socket not ready, repolling fd = 8
Socket not ready, repolling fd = 8
Socket not ready, repolling fd = 8
Socket not ready, repolling fd = 8
Socket not ready, repolling fd = 8
Socket not ready, repolling fd = 8
Socket not ready, repolling fd = 8
Socket not ready, repolling fd = 8
Socket not ready, repolling fd = 8
Socket not ready, repolling fd = 8
Socket not ready, repolling fd = 8
Socket not ready, repolling fd = 8
Socket not ready, repolling fd = 8
Socket not ready, repolling fd = 8
Socket not ready, repolling fd = 8
Socket not ready, repolling fd = 8
Socket not ready, repolling fd = 8
Socket not ready, repolling fd = 8
Socket not ready, repolling fd = 8
Socket not ready, repolling fd = 8
Socket not ready, repolling fd = 8
Socket not ready, repolling fd = 8
Socket not ready, repolling fd = 8
Socket not ready, repolling fd = 8
Socket not ready, repolling fd = 8
Socket not ready, repolling fd = 8
Socket not ready, repolling fd = 8
Socket not ready, repolling fd = 8
Socket not ready, repolling fd = 8
Socket not ready, repolling fd = 8
Socket not ready, repolling fd = 8
Socket not ready, repolling fd = 8
Socket not ready, repolling fd = 8
Socket not ready, repolling fd = 8
Socket not ready, repolling fd = 8
Socket not ready, repolling fd = 8
Socket not ready, repolling fd = 8
Socket not ready, repolling fd = 8
Socket not ready, repolling fd = 8
Socket not ready, repolling fd = 8
Socket not ready, repolling fd = 8
Socket not ready, repolling fd = 8
Socket not ready, repolling fd = 8
Socket not ready, repolling fd = 8
Socket not ready, repolling fd = 8
Socket not ready, repolling fd = 8
Socket not ready, repolling fd = 8
Socket not ready, repolling fd = 8
Socket not ready, repolling fd = 8
Socket not ready, repolling fd = 8
Socket not ready, repolling fd = 8
Socket not ready, repolling fd = 8
Socket not ready, repolling fd = 8
Socket not ready, repolling fd = 8
Socket not ready, repolling fd = 8
Socket not ready, repolling fd = 8
Socket not ready, repolling fd = 8
Socket not ready, repolling fd = 8
Socket not ready, repolling fd = 8
Socket not ready, repolling fd = 8
Socket not ready, repolling fd = 8
Socket not ready, repolling fd = 8
Socket not ready, repolling fd = 8
Socket not ready, repolling fd = 8
Socket not ready, repolling fd = 8
Socket not ready, repolling fd = 8
Socket not ready, repolling fd = 8
Socket not ready, repolling fd = 8
Socket not ready, repolling fd = 8
Socket not ready, repolling fd = 8
Socket not ready, repolling fd = 8
Socket not ready, repolling fd = 8
Socket not ready, repolling fd = 8
Socket not ready, repolling fd = 8
Socket not ready, repolling fd = 8
Socket not ready, repolling fd = 8
Socket not ready, repolling fd = 8
Socket not ready, repolling fd = 8
Socket not ready, repolling fd = 8
Socket not ready, repolling fd = 8
Socket not ready, repolling fd = 8
Socket not ready, repolling fd = 8
Socket not ready, repolling fd = 8
Socket not ready, repolling fd = 8
Socket not ready, repolling fd = 8
Socket not ready, repolling fd = 8
Socket not ready, repolling fd = 8
Socket not ready, repolling fd = 8
Socket not ready, repolling fd = 8
Socket not ready, repolling fd = 8
Socket not ready, repolling fd = 8
Socket not ready, repolling fd = 8
Socket not ready, repolling fd = 8
Socket not ready, repolling fd = 8
Socket not ready, repolling fd = 8
Socket not ready, repolling fd = 8
Socket not ready, repolling fd = 8
Socket not ready, repolling fd = 8
Socket not ready, repolling fd = 8
Socket not ready, repolling fd = 8
Socket not ready, repolling fd = 8
Socket not ready, repolling fd = 8
Socket not ready, repolling fd = 8
Socket not ready, repolling fd = 8
Socket not ready, repolling fd = 8
Socket not ready, repolling fd = 8
Socket not ready, repolling fd = 8
Socket not ready, repolling fd = 8
Socket not ready, repolling fd = 8
Socket not ready, repolling fd = 8
Socket not ready, repolling fd = 8
Socket not ready, repolling fd = 8
Socket not ready, repolling fd = 8
Socket not ready, repolling fd = 8
Socket not ready, repolling fd = 8
Socket not ready, repolling fd = 8
Socket not ready, repolling fd = 8
Socket not ready, repolling fd = 8
Socket not ready, repolling fd = 8
Socket not ready, repolling fd = 8
Socket not ready, repolling fd = 8
Socket not ready, repolling fd = 8
Socket not ready, repolling fd = 8
Socket not ready, repolling fd = 8
Socket not ready, repolling fd = 8
Socket not ready, repolling fd = 8
Socket not ready, repolling fd = 8
Socket not ready, repolling fd = 8
Socket not ready, repolling fd = 8
Socket not ready, repolling fd = 8
Socket not ready, repolling fd = 8
Socket not ready, repolling fd = 8
Socket not ready, repolling fd = 8
Socket not ready, repolling fd = 8
Socket not ready, repolling fd = 8
Socket not ready, repolling fd = 8
Socket not ready, repolling fd = 8
Socket not ready, repolling fd = 8
Socket not ready, repolling fd = 8
Socket not ready, repolling fd = 8
Socket not ready, repolling fd = 8
Socket not ready, repolling fd = 8
Socket not ready, repolling fd = 8
Socket not ready, repolling fd = 8
Socket not ready, repolling fd = 8
Socket not ready, repolling fd = 8
Socket not ready, repolling fd = 8
Socket not ready, repolling fd = 8
Socket not ready, repolling fd = 8
Socket not ready, repolling fd = 8
Socket not ready, repolling fd = 8
Socket not ready, repolling fd = 8
Socket not ready, repolling fd = 8
Socket not ready, repolling fd = 8
Socket not ready, repolling fd = 8
Socket not ready, repolling fd = 8
Socket not ready, repolling fd = 8
Socket not ready, repolling fd = 8
Socket not ready, repolling fd = 8
Socket not ready, repolling fd = 8
Socket not ready, repolling fd = 8
Socket not ready, repolling fd = 8
Socket not ready, repolling fd = 8
Socket not ready, repolling fd = 8
Socket not ready, repolling fd = 8
Socket not ready, repolling fd = 8
Socket not ready, repolling fd = 8
Socket not ready, repolling fd = 8
Socket not ready, repolling fd = 8
Socket not ready, repolling fd = 8
Socket not ready, repolling fd = 8
Socket not ready, repolling fd = 8
Socket not ready, repolling fd = 8
Socket not ready, repolling fd = 8
Socket not ready, repolling fd = 8
Socket not ready, repolling fd = 8
Socket not ready, repolling fd = 8
Socket not ready, repolling fd = 8
Socket not ready, repolling fd = 8
Socket not ready, repolling fd = 8
Socket not ready, repolling fd = 8
Socket not ready, repolling fd = 8
Socket not ready, repolling fd = 8
Socket not ready, repolling fd = 8
Socket not ready, repolling fd = 8
Socket not ready, repolling fd = 8
Socket not ready, repolling fd = 8
Socket not ready, repolling fd = 8
Socket not ready, repolling fd = 8
Socket not ready, repolling fd = 8
Socket not ready, repolling fd = 8
Socket not ready, repolling fd = 8
Socket not ready, repolling fd = 8
Socket not ready, repolling fd = 8
Socket not ready, repolling fd = 8
Socket not ready, repolling fd = 8
Socket not ready, repolling fd = 8
Socket not ready, repolling fd = 8
Socket not ready, repolling fd = 8
Socket not ready, repolling fd = 8
Socket not ready, repolling fd = 8
Socket not ready, repolling fd = 8
Socket not ready, repolling fd = 8
Socket not ready, repolling fd = 8
Socket not ready, repolling fd = 8
Socket not ready, repolling fd = 8
Socket not ready, repolling fd = 8
Socket not ready, repolling fd = 8
Socket not ready, repolling fd = 8
Socket not ready, repolling fd = 8
Socket not ready, repolling fd = 8
Socket not ready, repolling fd = 8
Socket not ready, repolling fd = 8
Socket not ready, repolling fd = 8
Socket not ready, repolling fd = 8
Socket not ready, repolling fd = 8
Socket not ready, repolling fd = 8
Socket not ready, repolling fd = 8
Socket not ready, repolling fd = 8
Socket not ready, repolling fd = 8
Socket not ready, repolling fd = 8
Socket not ready, repolling fd = 8
Socket not ready, repolling fd = 8
Socket not ready, repolling fd = 8
Socket not ready, repolling fd = 8
Socket not ready, repolling fd = 8
Socket not ready, repolling fd = 8
Socket not ready, repolling fd = 8
Socket not ready, repolling fd = 8
Socket not ready, repolling fd = 8
Socket not ready, repolling fd = 8
Socket not ready, repolling fd = 8
Socket not ready, repolling fd = 8
Socket not ready, repolling fd = 8
Socket not ready, repolling fd = 8
Socket not ready, repolling fd = 8
Socket not ready, repolling fd = 8
Socket not ready, repolling fd = 8
Socket not ready, repolling fd = 8
Socket not ready, repolling fd = 8
Socket not ready, repolling fd = 8
Socket not ready, repolling fd = 8
Socket not ready, repolling fd = 8
Socket not ready, repolling fd = 8
Socket not ready, repolling fd = 8
Socket not ready, repolling fd = 8
Socket not ready, repolling fd = 8
Socket not ready, repolling fd = 8
Socket not ready, repolling fd = 8
Socket not ready, repolling fd = 8
Socket not ready, repolling fd = 8
Socket not ready, repolling fd = 8
Socket not ready, repolling fd = 8
Socket not ready, repolling fd = 8
Socket not ready, repolling fd = 8
Socket not ready, repolling fd = 8
Socket not ready, repolling fd = 8
Socket not ready, repolling fd = 8
Socket not ready, repolling fd = 8
Socket not ready, repolling fd = 8
Socket not ready, repolling fd = 8
Socket not ready, repolling fd = 8
Socket not ready, repolling fd = 8
Socket not ready, repolling fd = 8
Socket not ready, repolling fd = 8
Socket not ready, repolling fd = 8
Socket not ready, repolling fd = 8
Socket not ready, repolling fd = 8
Socket not ready, repolling fd = 8
Socket not ready, repolling fd = 8
Socket not ready, repolling fd = 8
Socket not ready, repolling fd = 8
Socket not ready, repolling fd = 8
Socket not ready, repolling fd = 8
Socket not ready, repolling fd = 8
Socket not ready, repolling fd = 8
Socket not ready, repolling fd = 8
Socket not ready, repolling fd = 8
Socket not ready, repolling fd = 8
Socket not ready, repolling fd = 8
Socket not ready, repolling fd = 8
Socket not ready, repolling fd = 8
Socket not ready, repolling fd = 8
Socket not ready, repolling fd = 8
Socket not ready, repolling fd = 8
Socket not ready, repolling fd = 8
Socket not ready, repolling fd = 8
Socket not ready, repolling fd = 8
Socket not ready, repolling fd = 8
Socket not ready, repolling fd = 8
Socket not ready, repolling fd = 8
Socket not ready, repolling fd = 8
Socket not ready, repolling fd = 8
Socket not ready, repolling fd = 8
Socket not ready, repolling fd = 8
Socket not ready, repolling fd = 8
Socket not ready, repolling fd = 8
Socket not ready, repolling fd = 8
Socket not ready, repolling fd = 8
Socket not ready, repolling fd = 8
Socket not ready, repolling fd = 8
Socket not ready, repolling fd = 8
Socket not ready, repolling fd = 8
Socket not ready, repolling fd = 8
Socket not ready, repolling fd = 8
Socket not ready, repolling fd = 8
Socket not ready, repolling fd = 8
Socket not ready, repolling fd = 8
Socket not ready, repolling fd = 8
Socket not ready, repolling fd = 8
Socket not ready, repolling fd = 8
Socket not ready, repolling fd = 8
Socket not ready, repolling fd = 8
Socket not ready, repolling fd = 8
Socket not ready, repolling fd = 8
Socket not ready, repolling fd = 8
Socket not ready, repolling fd = 8
Socket not ready, repolling fd = 8
Socket not ready, repolling fd = 8
Socket not ready, repolling fd = 8
Socket not ready, repolling fd = 8
Socket not ready, repolling fd = 8
Socket not ready, repolling fd = 8
Socket not ready, repolling fd = 8
Socket not ready, repolling fd = 8
Socket not ready, repolling fd = 8
Socket not ready, repolling fd = 8
Socket not ready, repolling fd = 8
Socket not ready, repolling fd = 8
Socket not ready, repolling fd = 8
Socket not ready, repolling fd = 8
Socket not ready, repolling fd = 8
Socket not ready, repolling fd = 8
Socket not ready, repolling fd = 8
Socket not ready, repolling fd = 8
Socket not ready, repolling fd = 8
Socket not ready, repolling fd = 8
Socket not ready, repolling fd = 8
Socket not ready, repolling fd = 8
Socket not ready, repolling fd = 8
Socket not ready, repolling fd = 8
Socket not ready, repolling fd = 8
Socket not ready, repolling fd = 8
Socket not ready, repolling fd = 8
Socket not ready, repolling fd = 8
Socket not ready, repolling fd = 8
Socket not ready, repolling fd = 8
Socket not ready, repolling fd = 8
Socket not ready, repolling fd = 8
Socket not ready, repolling fd = 8
Socket not ready, repolling fd = 8
Socket not ready, repolling fd = 8
Socket not ready, repolling fd = 8
Socket not ready, repolling fd = 8
Socket not ready, repolling fd = 8
Socket not ready, repolling fd = 8
Socket not ready, repolling fd = 8
Socket not ready, repolling fd = 8
Socket not ready, repolling fd = 8
Socket not ready, repolling fd = 8
Socket not ready, repolling fd = 8
Socket not ready, repolling fd = 8
Socket not ready, repolling fd = 8
Socket not ready, repolling fd = 8
Socket not ready, repolling fd = 8
Socket not ready, repolling fd = 8
Socket not ready, repolling fd = 8
Socket not ready, repolling fd = 8
Socket not ready, repolling fd = 8
Socket not ready, repolling fd = 8
Socket not ready, repolling fd = 8
Socket not ready, repolling fd = 8
Socket not ready, repolling fd = 8
Socket not ready, repolling fd = 8
Socket not ready, repolling fd = 8
Socket not ready, repolling fd = 8
Socket not ready, repolling fd = 8
Socket not ready, repolling fd = 8
Socket not ready, repolling fd = 8
Socket not ready, repolling fd = 8
Socket not ready, repolling fd = 8
Socket not ready, repolling fd = 8
Socket not ready, repolling fd = 8
Socket not ready, repolling fd = 8
Socket not ready, repolling fd = 8
Socket not ready, repolling fd = 8
Socket not ready, repolling fd = 8
Socket not ready, repolling fd = 8
Socket not ready, repolling fd = 8
Socket not ready, repolling fd = 8
Socket not ready, repolling fd = 8
Socket not ready, repolling fd = 8
Socket not ready, repolling fd = 8
Socket not ready, repolling fd = 8
Socket not ready, repolling fd = 8
Socket not ready, repolling fd = 8
Socket not ready, repolling fd = 8
Socket not ready, repolling fd = 8
Socket not ready, repolling fd = 8
Socket not ready, repolling fd = 8
Socket not ready, repolling fd = 8
Socket not ready, repolling fd = 8
Socket not ready, repolling fd = 8
Socket not ready, repolling fd = 8
Socket not ready, repolling fd = 8
Socket not ready, repolling fd = 8
Socket not ready, repolling fd = 8
Socket not ready, repolling fd = 8
Socket not ready, repolling fd = 8
Socket not ready, repolling fd = 8
Socket not ready, repolling fd = 8
Socket not ready, repolling fd = 8
Socket not ready, repolling fd = 8
Socket not ready, repolling fd = 8
Socket not ready, repolling fd = 8
Socket not ready, repolling fd = 8
Socket not ready, repolling fd = 8
Socket not ready, repolling fd = 8
Socket not ready, repolling fd = 8
Socket not ready, repolling fd = 8
Socket not ready, repolling fd = 8
Socket not ready, repolling fd = 8
Socket not ready, repolling fd = 8
Socket not ready, repolling fd = 8
Socket not ready, repolling fd = 8
Socket not ready, repolling fd = 8
Socket not ready, repolling fd = 8
Socket not ready, repolling fd = 8
Socket not ready, repolling fd = 8
Socket not ready, repolling fd = 8
Socket not ready, repolling fd = 8
Socket not ready, repolling fd = 8
Socket not ready, repolling fd = 8
Socket not ready, repolling fd = 8
Socket not ready, repolling fd = 8
Socket not ready, repolling fd = 8
Socket not ready, repolling fd = 8
Socket not ready, repolling fd = 8
Socket not ready, repolling fd = 8
Socket not ready, repolling fd = 8
Socket not ready, repolling fd = 8
Socket not ready, repolling fd = 8
Socket not ready, repolling fd = 8
Socket not ready, repolling fd = 8
Socket not ready, repolling fd = 8
Socket not ready, repolling fd = 8
Socket not ready, repolling fd = 8
Socket not ready, repolling fd = 8
Socket not ready, repolling fd = 8
Socket not ready, repolling fd = 8
Socket not ready, repolling fd = 8
Socket not ready, repolling fd = 8
Socket not ready, repolling fd = 8
Socket not ready, repolling fd = 8
Socket not ready, repolling fd = 8
Socket not ready, repolling fd = 8
Socket not ready, repolling fd = 8
Socket not ready, repolling fd = 8
Socket not ready, repolling fd = 8
Socket not ready, repolling fd = 8
Socket not ready, repolling fd = 8
Socket not ready, repolling fd = 8
Socket not ready, repolling fd = 8
Socket not ready, repolling fd = 8
Socket not ready, repolling fd = 8
Socket not ready, repolling fd = 8
Socket not ready, repolling fd = 8
Socket not ready, repolling fd = 8
Socket not ready, repolling fd = 8
Socket not ready, repolling fd = 8
Socket not ready, repolling fd = 8
Socket not ready, repolling fd = 8
Socket not ready, repolling fd = 8
Socket not ready, repolling fd = 8
Socket not ready, repolling fd = 8
Socket not ready, repolling fd = 8
Socket not ready, repolling fd = 8
Socket not ready, repolling fd = 8
Socket not ready, repolling fd = 8
Socket not ready, repolling fd = 8
Socket not ready, repolling fd = 8
Socket not ready, repolling fd = 8
Socket not ready, repolling fd = 8
Socket not ready, repolling fd = 8
Socket not ready, repolling fd = 8
Socket not ready, repolling fd = 8
Socket not ready, repolling fd = 8
Socket not ready, repolling fd = 8
Socket not ready, repolling fd = 8
Socket not ready, repolling fd = 8
Socket not ready, repolling fd = 8
Socket not ready, repolling fd = 8
Socket not ready, repolling fd = 8
Socket not ready, repolling fd = 8
Socket not ready, repolling fd = 8
Socket not ready, repolling fd = 8
Socket not ready, repolling fd = 8
Socket not ready, repolling fd = 8
Socket not ready, repolling fd = 8
Socket not ready, repolling fd = 8
Socket not ready, repolling fd = 8
Socket not ready, repolling fd = 8
Socket not ready, repolling fd = 8
Socket not ready, repolling fd = 8
Socket not ready, repolling fd = 8
Socket not ready, repolling fd = 8
Socket not ready, repolling fd = 8
Socket not ready, repolling fd = 8
Socket not ready, repolling fd = 8
Socket not ready, repolling fd = 8
Socket not ready, repolling fd = 8
Socket not ready, repolling fd = 8
Socket not ready, repolling fd = 8
Socket not ready, repolling fd = 8
Socket not ready, repolling fd = 8
Socket not ready, repolling fd = 8
Socket not ready, repolling fd = 8
Socket not ready, repolling fd = 8
Socket not ready, repolling fd = 8
Socket not ready, repolling fd = 8
Socket not ready, repolling fd = 8
Socket not ready, repolling fd = 8
Socket not ready, repolling fd = 8
Socket not ready, repolling fd = 8
Socket not ready, repolling fd = 8
Socket not ready, repolling fd = 8
Socket not ready, repolling fd = 8
Socket not ready, repolling fd = 8
Socket not ready, repolling fd = 8
Socket not ready, repolling fd = 8
Socket not ready, repolling fd = 8
Socket not ready, repolling fd = 8
Socket not ready, repolling fd = 8
Socket not ready, repolling fd = 8
Socket not ready, repolling fd = 8
Socket not ready, repolling fd = 8
Socket not ready, repolling fd = 8
Socket not ready, repolling fd = 8
Socket not ready, repolling fd = 8
Socket not ready, repolling fd = 8
Socket not ready, repolling fd = 8
Socket not ready, repolling fd = 8
Socket not ready, repolling fd = 8
Socket not ready, repolling fd = 8
Socket not ready, repolling fd = 8
Socket not ready, repolling fd = 8
Socket not ready, repolling fd = 8
Socket not ready, repolling fd = 8
Socket not ready, repolling fd = 8
Socket not ready, repolling fd = 8
Socket not ready, repolling fd = 8
Socket not ready, repolling fd = 8
Socket not ready, repolling fd = 8
Socket not ready, repolling fd = 8
Socket not ready, repolling fd = 8
Socket not ready, repolling fd = 8
Socket not ready, repolling fd = 8
Socket not ready, repolling fd = 8
Socket not ready, repolling fd = 8
Socket not ready, repolling fd = 8
Socket not ready, repolling fd = 8
Socket not ready, repolling fd = 8
Socket not ready, repolling fd = 8
Socket not ready, repolling fd = 8
Socket not ready, repolling fd = 8
Socket not ready, repolling fd = 8
Socket not ready, repolling fd = 8
Socket not ready, repolling fd = 8
Socket not ready, repolling fd = 8
Socket not ready, repolling fd = 8
Socket not ready, repolling fd = 8
Socket not ready, repolling fd = 8
Socket not ready, repolling fd = 8
Socket not ready, repolling fd = 8
Socket not ready, repolling fd = 8
Socket not ready, repolling fd = 8
Socket not ready, repolling fd = 8
Socket not ready, repolling fd = 8
Socket not ready, repolling fd = 8
Socket not ready, repolling fd = 8
Socket not ready, repolling fd = 8
Socket not ready, repolling fd = 8
Socket not ready, repolling fd = 8
Socket not ready, repolling fd = 8
Socket not ready, repolling fd = 8
Socket not ready, repolling fd = 8
Socket not ready, repolling fd = 8
Socket not ready, repolling fd = 8
Socket not ready, repolling fd = 8
Socket not ready, repolling fd = 8
Socket not ready, repolling fd = 8
Socket not ready, repolling fd = 8
Socket not ready, repolling fd = 8
Socket not ready, repolling fd = 8
Socket not ready, repolling fd = 8
Socket not ready, repolling fd = 8
Socket not ready, repolling fd = 8
Socket not ready, repolling fd = 8
Socket not ready, repolling fd = 8
Socket not ready, repolling fd = 8
Socket not ready, repolling fd = 8
Socket not ready, repolling fd = 8
Socket not ready, repolling fd = 8
Socket not ready, repolling fd = 8
Socket not ready, repolling fd = 8
Socket not ready, repolling fd = 8
Socket not ready, repolling fd = 8
Socket not ready, repolling fd = 8
Socket not ready, repolling fd = 8
Socket not ready, repolling fd = 8
Socket not ready, repolling fd = 8
Socket not ready, repolling fd = 8
Socket not ready, repolling fd = 8
Socket not ready, repolling fd = 8
Socket not ready, repolling fd = 8
Socket not ready, repolling fd = 8
Socket not ready, repolling fd = 8
Socket not ready, repolling fd = 8
Socket not ready, repolling fd = 8
Socket not ready, repolling fd = 8
Socket not ready, repolling fd = 8
Socket not ready, repolling fd = 8
Socket not ready, repolling fd = 8
Socket not ready, repolling fd = 8
Socket not ready, repolling fd = 8
Socket not ready, repolling fd = 8
Socket not ready, repolling fd = 8
Socket not ready, repolling fd = 8
Socket not ready, repolling fd = 8
Socket not ready, repolling fd = 8
Socket not ready, repolling fd = 8
Socket not ready, repolling fd = 8
Socket not ready, repolling fd = 8
Socket not ready, repolling fd = 8
Socket not ready, repolling fd = 8
Socket not ready, repolling fd = 8
Socket not ready, repolling fd = 8
Socket not ready, repolling fd = 8
Socket not ready, repolling fd = 8
Socket not ready, repolling fd = 8
Socket not ready, repolling fd = 8
Socket not ready, repolling fd = 8
Socket not ready, repolling fd = 8
Socket not ready, repolling fd = 8
Socket not ready, repolling fd = 8
Socket not ready, repolling fd = 8
Socket not ready, repolling fd = 8
Socket not ready, repolling fd = 8
Socket not ready, repolling fd = 8
Socket not ready, repolling fd = 8
Socket not ready, repolling fd = 8
Socket not ready, repolling fd = 8
Socket not ready, repolling fd = 8
Socket not ready, repolling fd = 8
Socket not ready, repolling fd = 8
Socket not ready, repolling fd = 8
Socket not ready, repolling fd = 8
Socket not ready, repolling fd = 8
Socket not ready, repolling fd = 8
Socket not ready, repolling fd = 8
Socket not ready, repolling fd = 8
Socket not ready, repolling fd = 8
Socket not ready, repolling fd = 8
Socket not ready, repolling fd = 8
Socket not ready, repolling fd = 8
Socket not ready, repolling fd = 8
Socket not ready, repolling fd = 8
Socket not ready, repolling fd = 8
Socket not ready, repolling fd = 8
Socket not ready, repolling fd = 8
Socket not ready, repolling fd = 8
Socket not ready, repolling fd = 8
Socket not ready, repolling fd = 8
Socket not ready, repolling fd = 8
Socket not ready, repolling fd = 8
Socket not ready, repolling fd = 8
Socket not ready, repolling fd = 8
Socket not ready, repolling fd = 8
Socket not ready, repolling fd = 8
Socket not ready, repolling fd = 8
Socket not ready, repolling fd = 8
Socket not ready, repolling fd = 8
Socket not ready, repolling fd = 8
Socket not ready, repolling fd = 8
Socket not ready, repolling fd = 8
Socket not ready, repolling fd = 8
Socket not ready, repolling fd = 8
Socket not ready, repolling fd = 8
Socket not ready, repolling fd = 8
Socket not ready, repolling fd = 8
Socket not ready, repolling fd = 8
Socket not ready, repolling fd = 8
Socket not ready, repolling fd = 8
Socket not ready, repolling fd = 8
Socket not ready, repolling fd = 8
Socket not ready, repolling fd = 8
Socket not ready, repolling fd = 8
Socket not ready, repolling fd = 8
Socket not ready, repolling fd = 8
Socket not ready, repolling fd = 8
Socket not ready, repolling fd = 8
Socket not ready, repolling fd = 8
Socket not ready, repolling fd = 8
Socket not ready, repolling fd = 8
Socket not ready, repolling fd = 8
Socket not ready, repolling fd = 8
Socket not ready, repolling fd = 8
Socket not ready, repolling fd = 8
Socket not ready, repolling fd = 8
Socket not ready, repolling fd = 8
Socket not ready, repolling fd = 8
Socket not ready, repolling fd = 8
Socket not ready, repolling fd = 8
Socket not ready, repolling fd = 8
Socket not ready, repolling fd = 8
Socket not ready, repolling fd = 8
Socket not ready, repolling fd = 8
Socket not ready, repolling fd = 8
Socket not ready, repolling fd = 8
Socket not ready, repolling fd = 8
Socket not ready, repolling fd = 8
Socket not ready, repolling fd = 8
Socket not ready, repolling fd = 8
Socket not ready, repolling fd = 8
Socket not ready, repolling fd = 8
Socket not ready, repolling fd = 8
Socket not ready, repolling fd = 8
Socket not ready, repolling fd = 8
Socket not ready, repolling fd = 8
Socket not ready, repolling fd = 8
Socket not ready, repolling fd = 8
Socket not ready, repolling fd = 8
Socket not ready, repolling fd = 8
Socket not ready, repolling fd = 8
Socket not ready, repolling fd = 8
Socket not ready, repolling fd = 8
Socket not ready, repolling fd = 8
Socket not ready, repolling fd = 8
Socket not ready, repolling fd = 8
Socket not ready, repolling fd = 8
Socket not ready, repolling fd = 8
Socket not ready, repolling fd = 8
Socket not ready, repolling fd = 8
Socket not ready, repolling fd = 8
Socket not ready, repolling fd = 8
Socket not ready, repolling fd = 8
Socket not ready, repolling fd = 8
Socket not ready, repolling fd = 8
Socket not ready, repolling fd = 8
Socket not ready, repolling fd = 8
Socket not ready, repolling fd = 8
Socket not ready, repolling fd = 8
Socket not ready, repolling fd = 8
Socket not ready, repolling fd = 8
Socket not ready, repolling fd = 8
Socket not ready, repolling fd = 8
Socket not ready, repolling fd = 8
Socket not ready, repolling fd = 8
Socket not ready, repolling fd = 8
Socket not ready, repolling fd = 8
Socket not ready, repolling fd = 8
Socket not ready, repolling fd = 8
Socket not ready, repolling fd = 8
Socket not ready, repolling fd = 8
Socket not ready, repolling fd = 8
Socket not ready, repolling fd = 8
Socket not ready, repolling fd = 8
Socket not ready, repolling fd = 8
Socket not ready, repolling fd = 8
Socket not ready, repolling fd = 8
Socket not ready, repolling fd = 8
Socket not ready, repolling fd = 8
Socket not ready, repolling fd = 8
Socket not ready, repolling fd = 8
Socket not ready, repolling fd = 8
Socket not ready, repolling fd = 8
Socket not ready, repolling fd = 8
Socket not ready, repolling fd = 8
Socket not ready, repolling fd = 8
Socket not ready, repolling fd = 8
Socket not ready, repolling fd = 8
Socket not ready, repolling fd = 8
Socket not ready, repolling fd = 8
Socket not ready, repolling fd = 8
Socket not ready, repolling fd = 8
Socket not ready, repolling fd = 8
Socket not ready, repolling fd = 8
Socket not ready, repolling fd = 8
Socket not ready, repolling fd = 8
Socket not ready, repolling fd = 8
Socket not ready, repolling fd = 8
Socket not ready, repolling fd = 8
Socket not ready, repolling fd = 8
Socket not ready, repolling fd = 8
Socket not ready, repolling fd = 8
Socket not ready, repolling fd = 8
Socket not ready, repolling fd = 8
Socket not ready, repolling fd = 8
Socket not ready, repolling fd = 8
Socket not ready, repolling fd = 8
Socket not ready, repolling fd = 8
Socket not ready, repolling fd = 8
Socket not ready, repolling fd = 8
Socket not ready, repolling fd = 8
Socket not ready, repolling fd = 8
Socket not ready, repolling fd = 8
Socket not ready, repolling fd = 8
Socket not ready, repolling fd = 8
Socket not ready, repolling fd = 8
Socket not ready, repolling fd = 8
Socket not ready, repolling fd = 8
Socket not ready, repolling fd = 8
Socket not ready, repolling fd = 8
Socket not ready, repolling fd = 8
Socket not ready, repolling fd = 8
Socket not ready, repolling fd = 8
Socket not ready, repolling fd = 8
Socket not ready, repolling fd = 8
Socket not ready, repolling fd = 8
Socket not ready, repolling fd = 8
Socket not ready, repolling fd = 8
Socket not ready, repolling fd = 8
Socket not ready, repolling fd = 8
Socket not ready, repolling fd = 8
Socket not ready, repolling fd = 8
Socket not ready, repolling fd = 8
Socket not ready, repolling fd = 8
Socket not ready, repolling fd = 8
Socket not ready, repolling fd = 8
Socket not ready, repolling fd = 8
Socket not ready, repolling fd = 8
Socket not ready, repolling fd = 8
Socket not ready, repolling fd = 8
Socket not ready, repolling fd = 8
Socket not ready, repolling fd = 8
Socket not ready, repolling fd = 8
Socket not ready, repolling fd = 8
Socket not ready, repolling fd = 8
Socket not ready, repolling fd = 8
Socket not ready, repolling fd = 8
Socket not ready, repolling fd = 8
Socket not ready, repolling fd = 8
Socket not ready, repolling fd = 8
Socket not ready, repolling fd = 8
Socket not ready, repolling fd = 8
Socket not ready, repolling fd = 8
Socket not ready, repolling fd = 8
Socket not ready, repolling fd = 8
Socket not ready, repolling fd = 8
Socket not ready, repolling fd = 8
Socket not ready, repolling fd = 8
Socket not ready, repolling fd = 8
Socket not ready, repolling fd = 8
Socket not ready, repolling fd = 8
Socket not ready, repolling fd = 8
Socket not ready, repolling fd = 8
Socket not ready, repolling fd = 8
Socket not ready, repolling fd = 8
Socket not ready, repolling fd = 8
Socket not ready, repolling fd = 8
Socket not ready, repolling fd = 8
Socket not ready, repolling fd = 8
Socket not ready, repolling fd = 8
Socket not ready, repolling fd = 8
Socket not ready, repolling fd = 8
Socket not ready, repolling fd = 8
Socket not ready, repolling fd = 8
Socket not ready, repolling fd = 8
Socket not ready, repolling fd = 8
Socket not ready, repolling fd = 8
Socket not ready, repolling fd = 8
Socket not ready, repolling fd = 8
Socket not ready, repolling fd = 8
Socket not ready, repolling fd = 8
Socket not ready, repolling fd = 8
Socket not ready, repolling fd = 8
Socket not ready, repolling fd = 8
Socket not ready, repolling fd = 8
Socket not ready, repolling fd = 8
Socket not ready, repolling fd = 8
Socket not ready, repolling fd = 8
Socket not ready, repolling fd = 8
Socket not ready, repolling fd = 8
Socket not ready, repolling fd = 8
Socket not ready, repolling fd = 8
Socket not ready, repolling fd = 8
Socket not ready, repolling fd = 8
Socket not ready, repolling fd = 8
Socket not ready, repolling fd = 8
Socket not ready, repolling fd = 8
Socket not ready, repolling fd = 8
Socket not ready, repolling fd = 8
Socket not ready, repolling fd = 8
Socket not ready, repolling fd = 8
Socket not ready, repolling fd = 8
Socket not ready, repolling fd = 8
Socket not ready, repolling fd = 8
Socket not ready, repolling fd = 8
Socket not ready, repolling fd = 8
Socket not ready, repolling fd = 8
Socket not ready, repolling fd = 8
Socket not ready, repolling fd = 8
Socket not ready, repolling fd = 8
Socket not ready, repolling fd = 8
Socket not ready, repolling fd = 8
Socket not ready, repolling fd = 8
Socket not ready, repolling fd = 8
Socket not ready, repolling fd = 8
Socket not ready, repolling fd = 8
Socket not ready, repolling fd = 8
Socket not ready, repolling fd = 8
Socket not ready, repolling fd = 8
Socket not ready, repolling fd = 8
Socket not ready, repolling fd = 8
Socket not ready, repolling fd = 8
Socket not ready, repolling fd = 8
Socket not ready, repolling fd = 8
Socket not ready, repolling fd = 8
Socket not ready, repolling fd = 8
Socket not ready, repolling fd = 8
Socket not ready, repolling fd = 8
Socket not ready, repolling fd = 8
Socket not ready, repolling fd = 8
Socket not ready, repolling fd = 8
Socket not ready, repolling fd = 8
Socket not ready, repolling fd = 8
Socket not ready, repolling fd = 8
Socket not ready, repolling fd = 8
Socket not ready, repolling fd = 8
Socket not ready, repolling fd = 8
Socket not ready, repolling fd = 8
Socket not ready, repolling fd = 8
Socket not ready, repolling fd = 8
Socket not ready, repolling fd = 8
Socket not ready, repolling fd = 8
Socket not ready, repolling fd = 8
Socket not ready, repolling fd = 8
Socket not ready, repolling fd = 8
Socket not ready, repolling fd = 8
Socket not ready, repolling fd = 8
Socket not ready, repolling fd = 8
Socket not ready, repolling fd = 8
Socket not ready, repolling fd = 8
Socket not ready, repolling fd = 8
Socket not ready, repolling fd = 8
Socket not ready, repolling fd = 8
Socket not ready, repolling fd = 8
Socket not ready, repolling fd = 8
Socket not ready, repolling fd = 8
Socket not ready, repolling fd = 8
Socket not ready, repolling fd = 8
Socket not ready, repolling fd = 8
Socket not ready, repolling fd = 8
Socket not ready, repolling fd = 8
Socket not ready, repolling fd = 8
Socket not ready, repolling fd = 8
Socket not ready, repolling fd = 8
Socket not ready, repolling fd = 8
Socket not ready, repolling fd = 8
Socket not ready, repolling fd = 8
Socket not ready, repolling fd = 8
Socket not ready, repolling fd = 8
Socket not ready, repolling fd = 8
Socket not ready, repolling fd = 8
Socket not ready, repolling fd = 8
Socket not ready, repolling fd = 8
Socket not ready, repolling fd = 8
Socket not ready, repolling fd = 8
Socket not ready, repolling fd = 8
Socket not ready, repolling fd = 8
Socket not ready, repolling fd = 8
Socket not ready, repolling fd = 8
Socket not ready, repolling fd = 8
Socket not ready, repolling fd = 8
Socket not ready, repolling fd = 8
Socket not ready, repolling fd = 8
Socket not ready, repolling fd = 8
Socket not ready, repolling fd = 8
Socket not ready, repolling fd = 8
Socket not ready, repolling fd = 8
Socket not ready, repolling fd = 8
Socket not ready, repolling fd = 8
Socket not ready, repolling fd = 8
Socket not ready, repolling fd = 8
Socket not ready, repolling fd = 8
Socket not ready, repolling fd = 8
Socket not ready, repolling fd = 8
Socket not ready, repolling fd = 8
Socket not ready, repolling fd = 8
Socket not ready, repolling fd = 8
Socket not ready, repolling fd = 8
Socket not ready, repolling fd = 8
Socket not ready, repolling fd = 8
Socket not ready, repolling fd = 8
Socket not ready, repolling fd = 8
Socket not ready, repolling fd = 8
Socket not ready, repolling fd = 8
Socket not ready, repolling fd = 8
Socket not ready, repolling fd = 8
Socket not ready, repolling fd = 8
Socket not ready, repolling fd = 8
Socket not ready, repolling fd = 8
Socket not ready, repolling fd = 8
Socket not ready, repolling fd = 8
Socket not ready, repolling fd = 8
Socket not ready, repolling fd = 8
Socket not ready, repolling fd = 8
Socket not ready, repolling fd = 8
Socket not ready, repolling fd = 8
Socket not ready, repolling fd = 8
Socket not ready, repolling fd = 8
Socket not ready, repolling fd = 8
Socket not ready, repolling fd = 8
Socket not ready, repolling fd = 8
Socket not ready, repolling fd = 8
Socket not ready, repolling fd = 8
Socket not ready, repolling fd = 8
Socket not ready, repolling fd = 8
Socket not ready, repolling fd = 8
Socket not ready, repolling fd = 8
Socket not ready, repolling fd = 8
Socket not ready, repolling fd = 8
Socket not ready, repolling fd = 8
Socket not ready, repolling fd = 8
Socket not ready, repolling fd = 8
Socket not ready, repolling fd = 8
Socket not ready, repolling fd = 8
Socket not ready, repolling fd = 8
Socket not ready, repolling fd = 8
Socket not ready, repolling fd = 8
Socket not ready, repolling fd = 8
Socket not ready, repolling fd = 8
Socket not ready, repolling fd = 8
Socket not ready, repolling fd = 8
Socket not ready, repolling fd = 8
Socket not ready, repolling fd = 8
Socket not ready, repolling fd = 8
Socket not ready, repolling fd = 8
Socket not ready, repolling fd = 8
Socket not ready, repolling fd = 8
Socket not ready, repolling fd = 8
Socket not ready, repolling fd = 8
Socket not ready, repolling fd = 8
Socket not ready, repolling fd = 8
Socket not ready, repolling fd = 8
Socket not ready, repolling fd = 8
Socket not ready, repolling fd = 8
Socket not ready, repolling fd = 8
Socket not ready, repolling fd = 8
Socket not ready, repolling fd = 8
Socket not ready, repolling fd = 8
Socket not ready, repolling fd = 8
Socket not ready, repolling fd = 8
Socket not ready, repolling fd = 8
Socket not ready, repolling fd = 8
Socket not ready, repolling fd = 8
Socket not ready, repolling fd = 8
Socket not ready, repolling fd = 8
Socket not ready, repolling fd = 8
Socket not ready, repolling fd = 8
Socket not ready, repolling fd = 8
Socket not ready, repolling fd = 8
Socket not ready, repolling fd = 8
Socket not ready, repolling fd = 8
Socket not ready, repolling fd = 8
Socket not ready, repolling fd = 8
Socket not ready, repolling fd = 8
Socket not ready, repolling fd = 8
Socket not ready, repolling fd = 8
Socket not ready, repolling fd = 8
Socket not ready, repolling fd = 8
Socket not ready, repolling fd = 8
Socket not ready, repolling fd = 8
Socket not ready, repolling fd = 8
Socket not ready, repolling fd = 8
Socket not ready, repolling fd = 8
Socket not ready, repolling fd = 8
Socket not ready, repolling fd = 8
Socket not ready, repolling fd = 8
Socket not ready, repolling fd = 8
Socket not ready, repolling fd = 8
Socket not ready, repolling fd = 8
Socket not ready, repolling fd = 8
Socket not ready, repolling fd = 8
Socket not ready, repolling fd = 8
Socket not ready, repolling fd = 8
Socket not ready, repolling fd = 8
Socket not ready, repolling fd = 8
Socket not ready, repolling fd = 8
Socket not ready, repolling fd = 8
Socket not ready, repolling fd = 8
Socket not ready, repolling fd = 8
Socket not ready, repolling fd = 8
Socket not ready, repolling fd = 8
Socket not ready, repolling fd = 8
Socket not ready, repolling fd = 8
Socket not ready, repolling fd = 8
Socket not ready, repolling fd = 8
Socket not ready, repolling fd = 8
Socket not ready, repolling fd = 8
Socket not ready, repolling fd = 8
Socket not ready, repolling fd = 8
Socket not ready, repolling fd = 8
Socket not ready, repolling fd = 8
Socket not ready, repolling fd = 8
Socket not ready, repolling fd = 8
Socket not ready, repolling fd = 8
Socket not ready, repolling fd = 8
Socket not ready, repolling fd = 8
Socket not ready, repolling fd = 8
Socket not ready, repolling fd = 8
Socket not ready, repolling fd = 8
Socket not ready, repolling fd = 8
Socket not ready, repolling fd = 8
Socket not ready, repolling fd = 8
Socket not ready, repolling fd = 8
Socket not ready, repolling fd = 8
Socket not ready, repolling fd = 8
Socket not ready, repolling fd = 8
Socket not ready, repolling fd = 8
Socket not ready, repolling fd = 8
Socket not ready, repolling fd = 8
Socket not ready, repolling fd = 8
Socket not ready, repolling fd = 8
Socket not ready, repolling fd = 8
Socket not ready, repolling fd = 8
Socket not ready, repolling fd = 8
Socket not ready, repolling fd = 8
Socket not ready, repolling fd = 8
Socket not ready, repolling fd = 8
Socket not ready, repolling fd = 8
Socket not ready, repolling fd = 8
Socket not ready, repolling fd = 8
Socket not ready, repolling fd = 8
Socket not ready, repolling fd = 8
Socket not ready, repolling fd = 8
Socket not ready, repolling fd = 8
Socket not ready, repolling fd = 8
Socket not ready, repolling fd = 8
Socket not ready, repolling fd = 8
Socket not ready, repolling fd = 8
Socket not ready, repolling fd = 8
Socket not ready, repolling fd = 8
Socket not ready, repolling fd = 8
Socket not ready, repolling fd = 8
Socket not ready, repolling fd = 8
Socket not ready, repolling fd = 8
Socket not ready, repolling fd = 8
Socket not ready, repolling fd = 8
Socket not ready, repolling fd = 8
Socket not ready, repolling fd = 8
Socket not ready, repolling fd = 8
Socket not ready, repolling fd = 8
Socket not ready, repolling fd = 8
Socket not ready, repolling fd = 8
Socket not ready, repolling fd = 8
Socket not ready, repolling fd = 8
Socket not ready, repolling fd = 8
Socket not ready, repolling fd = 8
Socket not ready, repolling fd = 8
Socket not ready, repolling fd = 8
Socket not ready, repolling fd = 8
Socket not ready, repolling fd = 8
Socket not ready, repolling fd = 8
Socket not ready, repolling fd = 8
Socket not ready, repolling fd = 8
Socket not ready, repolling fd = 8
Socket not ready, repolling fd = 8
Socket not ready, repolling fd = 8
Socket not ready, repolling fd = 8
Socket not ready, repolling fd = 8
Socket not ready, repolling fd = 8
Socket not ready, repolling fd = 8
Socket not ready, repolling fd = 8
Socket not ready, repolling fd = 8
Socket not ready, repolling fd = 8
Socket not ready, repolling fd = 8
Socket not ready, repolling fd = 8
Socket not ready, repolling fd = 8
Socket not ready, repolling fd = 8
Socket not ready, repolling fd = 8
Socket not ready, repolling fd = 8
Socket not ready, repolling fd = 8
Socket not ready, repolling fd = 8
Socket not ready, repolling fd = 8
Socket not ready, repolling fd = 8
Socket not ready, repolling fd = 8
Socket not ready, repolling fd = 8
Socket not ready, repolling fd = 8
Socket not ready, repolling fd = 8
Socket not ready, repolling fd = 8
Socket not ready, repolling fd = 8
Socket not ready, repolling fd = 8
Socket not ready, repolling fd = 8
Socket not ready, repolling fd = 8
Socket not ready, repolling fd = 8
Socket not ready, repolling fd = 8
Socket not ready, repolling fd = 8
Socket not ready, repolling fd = 8
Socket not ready, repolling fd = 8
Socket not ready, repolling fd = 8
Socket not ready, repolling fd = 8
Socket not ready, repolling fd = 8
Socket not ready, repolling fd = 8
Socket not ready, repolling fd = 8
Socket not ready, repolling fd = 8
Socket not ready, repolling fd = 8
Socket not ready, repolling fd = 8
Socket not ready, repolling fd = 8
Socket not ready, repolling fd = 8
Socket not ready, repolling fd = 8
Socket not ready, repolling fd = 8
Socket not ready, repolling fd = 8
Socket not ready, repolling fd = 8
Socket not ready, repolling fd = 8
Socket not ready, repolling fd = 8
Socket not ready, repolling fd = 8
Socket not ready, repolling fd = 8
Socket not ready, repolling fd = 8
Socket not ready, repolling fd = 8
Socket not ready, repolling fd = 8
Socket not ready, repolling fd = 8
Socket not ready, repolling fd = 8
Socket not ready, repolling fd = 8
Socket not ready, repolling fd = 8
Socket not ready, repolling fd = 8
Socket not ready, repolling fd = 8
Socket not ready, repolling fd = 8
Socket not ready, repolling fd = 8
Socket not ready, repolling fd = 8
Socket not ready, repolling fd = 8
Socket not ready, repolling fd = 8
Socket not ready, repolling fd = 8
Socket not ready, repolling fd = 8
Socket not ready, repolling fd = 8
Socket not ready, repolling fd = 8
Socket not ready, repolling fd = 8
Socket not ready, repolling fd = 8
Socket not ready, repolling fd = 8
Socket not ready, repolling fd = 8
Socket not ready, repolling fd = 8
Socket not ready, repolling fd = 8
Socket not ready, repolling fd = 8
Socket not ready, repolling fd = 8
Socket not ready, repolling fd = 8
Socket not ready, repolling fd = 8
Socket not ready, repolling fd = 8
Socket not ready, repolling fd = 8
Socket not ready, repolling fd = 8
Socket not ready, repolling fd = 8
Socket not ready, repolling fd = 8
Socket not ready, repolling fd = 8
Socket not ready, repolling fd = 8
Socket not ready, repolling fd = 8
Socket not ready, repolling fd = 8
Socket not ready, repolling fd = 8
Socket not ready, repolling fd = 8
Socket not ready, repolling fd = 8
Socket not ready, repolling fd = 8
Socket not ready, repolling fd = 8
Socket not ready, repolling fd = 8
Socket not ready, repolling fd = 8
Socket not ready, repolling fd = 8
Socket not ready, repolling fd = 8
Socket not ready, repolling fd = 8
Socket not ready, repolling fd = 8
Socket not ready, repolling fd = 8
Socket not ready, repolling fd = 8
Socket not ready, repolling fd = 8
Socket not ready, repolling fd = 8
Socket not ready, repolling fd = 8
Socket not ready, repolling fd = 8
Socket not ready, repolling fd = 8
Socket not ready, repolling fd = 8
Socket not ready, repolling fd = 8
Socket not ready, repolling fd = 8
Socket not ready, repolling fd = 8
Socket not ready, repolling fd = 8
Socket not ready, repolling fd = 8
Socket not ready, repolling fd = 8
Socket not ready, repolling fd = 8
Socket not ready, repolling fd = 8
Socket not ready, repolling fd = 8
Socket not ready, repolling fd = 8
Socket not ready, repolling fd = 8
Socket not ready, repolling fd = 8
Socket not ready, repolling fd = 8
Socket not ready, repolling fd = 8
Socket not ready, repolling fd = 8
Socket not ready, repolling fd = 8
Socket not ready, repolling fd = 8
Socket not ready, repolling fd = 8
Socket not ready, repolling fd = 8
Socket not ready, repolling fd = 8
Socket not ready, repolling fd = 8
Socket not ready, repolling fd = 8
Socket not ready, repolling fd = 8
Socket not ready, repolling fd = 8
Socket not ready, repolling fd = 8
Socket not ready, repolling fd = 8
Socket not ready, repolling fd = 8
Socket not ready, repolling fd = 8
Socket not ready, repolling fd = 8
Socket not ready, repolling fd = 8
Socket not ready, repolling fd = 8
Socket not ready, repolling fd = 8
Socket not ready, repolling fd = 8
Socket not ready, repolling fd = 8
Socket not ready, repolling fd = 8
Socket not ready, repolling fd = 8
Socket not ready, repolling fd = 8
Socket not ready, repolling fd = 8
Socket not ready, repolling fd = 8
Socket not ready, repolling fd = 8
Socket not ready, repolling fd = 8
Socket not ready, repolling fd = 8
Socket not ready, repolling fd = 8
Socket not ready, repolling fd = 8
Socket not ready, repolling fd = 8
Socket not ready, repolling fd = 8
Socket not ready, repolling fd = 8
Socket not ready, repolling fd = 8
Socket not ready, repolling fd = 8
Socket not ready, repolling fd = 8
Socket not ready, repolling fd = 8
Socket not ready, repolling fd = 8
Socket not ready, repolling fd = 8
Socket not ready, repolling fd = 8
Socket not ready, repolling fd = 8
Socket not ready, repolling fd = 8
Socket not ready, repolling fd = 8
Socket not ready, repolling fd = 8
Socket not ready, repolling fd = 8
Socket not ready, repolling fd = 8
Socket not ready, repolling fd = 8
Socket not ready, repolling fd = 8
Socket not ready, repolling fd = 8
Socket not ready, repolling fd = 8
Socket not ready, repolling fd = 8
Socket not ready, repolling fd = 8
Socket not ready, repolling fd = 8
Socket not ready, repolling fd = 8
Socket not ready, repolling fd = 8
Socket not ready, repolling fd = 8
Socket not ready, repolling fd = 8
Socket not ready, repolling fd = 8
Socket not ready, repolling fd = 8
Socket not ready, repolling fd = 8
Socket not ready, repolling fd = 8
Socket not ready, repolling fd = 8
Socket not ready, repolling fd = 8
Socket not ready, repolling fd = 8
Socket not ready, repolling fd = 8
Socket not ready, repolling fd = 8
Socket not ready, repolling fd = 8
Socket not ready, repolling fd = 8
Socket not ready, repolling fd = 8
Socket not ready, repolling fd = 8
Socket not ready, repolling fd = 8
Socket not ready, repolling fd = 8
Socket not ready, repolling fd = 8
Socket not ready, repolling fd = 8
Socket not ready, repolling fd = 8
Socket not ready, repolling fd = 8
Socket not ready, repolling fd = 8
Socket not ready, repolling fd = 8
Socket not ready, repolling fd = 8
Socket not ready, repolling fd = 8
Socket not ready, repolling fd = 8
Socket not ready, repolling fd = 8
Socket not ready, repolling fd = 8
Socket not ready, repolling fd = 8
Socket not ready, repolling fd = 8
Socket not ready, repolling fd = 8
Socket not ready, repolling fd = 8
Socket not ready, repolling fd = 8
Socket not ready, repolling fd = 8
Socket not ready, repolling fd = 8
Socket not ready, repolling fd = 8
Socket not ready, repolling fd = 8
Socket not ready, repolling fd = 8
Socket not ready, repolling fd = 8
Socket not ready, repolling fd = 8
Socket not ready, repolling fd = 8
Socket not ready, repolling fd = 8
Socket not ready, repolling fd = 8
Socket not ready, repolling fd = 8
Socket not ready, repolling fd = 8
Socket not ready, repolling fd = 8
Socket not ready, repolling fd = 8
Socket not ready, repolling fd = 8
Socket not ready, repolling fd = 8
Socket not ready, repolling fd = 8
Socket not ready, repolling fd = 8
Socket not ready, repolling fd = 8
Socket not ready, repolling fd = 8
Socket not ready, repolling fd = 8
Socket not ready, repolling fd = 8
Socket not ready, repolling fd = 8
Socket not ready, repolling fd = 8
Socket not ready, repolling fd = 8
Socket not ready, repolling fd = 8
Socket not ready, repolling fd = 8
Socket not ready, repolling fd = 8
Socket not ready, repolling fd = 8
Socket not ready, repolling fd = 8
Socket not ready, repolling fd = 8
Socket not ready, repolling fd = 8
Socket not ready, repolling fd = 8
Socket not ready, repolling fd = 8
Socket not ready, repolling fd = 8
Socket not ready, repolling fd = 8
Socket not ready, repolling fd = 8
Socket not ready, repolling fd = 8
Socket not ready, repolling fd = 8
Socket not ready, repolling fd = 8
Socket not ready, repolling fd = 8
Socket not ready, repolling fd = 8
Socket not ready, repolling fd = 8
Socket not ready, repolling fd = 8
Socket not ready, repolling fd = 8
Socket not ready, repolling fd = 8
Socket not ready, repolling fd = 8
Socket not ready, repolling fd = 8
Socket not ready, repolling fd = 8
Socket not ready, repolling fd = 8
Socket not ready, repolling fd = 8
Socket not ready, repolling fd = 8
Socket not ready, repolling fd = 8
Socket not ready, repolling fd = 8
Socket not ready, repolling fd = 8
Socket not ready, repolling fd = 8
Socket not ready, repolling fd = 8
Socket not ready, repolling fd = 8
Socket not ready, repolling fd = 8
Socket not ready, repolling fd = 8
Socket not ready, repolling fd = 8
Socket not ready, repolling fd = 8
Socket not ready, repolling fd = 8
Socket not ready, repolling fd = 8
Socket not ready, repolling fd = 8
Socket not ready, repolling fd = 8
Socket not ready, repolling fd = 8
Socket not ready, repolling fd = 8
Socket not ready, repolling fd = 8
Socket not ready, repolling fd = 8
Socket not ready, repolling fd = 8
Socket not ready, repolling fd = 8
Socket not ready, repolling fd = 8
Socket not ready, repolling fd = 8
Socket not ready, repolling fd = 8
Socket not ready, repolling fd = 8
Socket not ready, repolling fd = 8
Socket not ready, repolling fd = 8
Socket not ready, repolling fd = 8
Socket not ready, repolling fd = 8
Socket not ready, repolling fd = 8
Socket not ready, repolling fd = 8
Socket not ready, repolling fd = 8
Socket not ready, repolling fd = 8
Socket not ready, repolling fd = 8
Socket not ready, repolling fd = 8
Socket not ready, repolling fd = 8
Socket not ready, repolling fd = 8
Socket not ready, repolling fd = 8
Socket not ready, repolling fd = 8
Socket not ready, repolling fd = 8
Socket not ready, repolling fd = 8
Socket not ready, repolling fd = 8
Socket not ready, repolling fd = 8
Socket not ready, repolling fd = 8
Socket not ready, repolling fd = 8
Socket not ready, repolling fd = 8
Socket not ready, repolling fd = 8
Socket not ready, repolling fd = 8
Socket not ready, repolling fd = 8
Socket not ready, repolling fd = 8
Socket not ready, repolling fd = 8
Socket not ready, repolling fd = 8
Socket not ready, repolling fd = 8
Socket not ready, repolling fd = 8
Socket not ready, repolling fd = 8
Socket not ready, repolling fd = 8
Socket not ready, repolling fd = 8
Socket not ready, repolling fd = 8
Socket not ready, repolling fd = 8
Socket not ready, repolling fd = 8
Socket not ready, repolling fd = 8
Socket not ready, repolling fd = 8
Socket not ready, repolling fd = 8
Socket not ready, repolling fd = 8
Socket not ready, repolling fd = 8
Socket not ready, repolling fd = 8
Socket not ready, repolling fd = 8
Socket not ready, repolling fd = 8
Socket not ready, repolling fd = 8
Socket not ready, repolling fd = 8
Socket not ready, repolling fd = 8
Socket not ready, repolling fd = 8
Socket not ready, repolling fd = 8
Socket not ready, repolling fd = 8
Socket not ready, repolling fd = 8
Socket not ready, repolling fd = 8
Socket not ready, repolling fd = 8
Socket not ready, repolling fd = 8
Socket not ready, repolling fd = 8
Socket not ready, repolling fd = 8
Socket not ready, repolling fd = 8
Socket not ready, repolling fd = 8
Socket not ready, repolling fd = 8
Socket not ready, repolling fd = 8
Socket not ready, repolling fd = 8
Socket not ready, repolling fd = 8
Socket not ready, repolling fd = 8
Socket not ready, repolling fd = 8
Socket not ready, repolling fd = 8
Socket not ready, repolling fd = 8
Socket not ready, repolling fd = 8
Socket not ready, repolling fd = 8
Socket not ready, repolling fd = 8
Socket not ready, repolling fd = 8
Socket not ready, repolling fd = 8
Socket not ready, repolling fd = 8
Socket not ready, repolling fd = 8
Socket not ready, repolling fd = 8
Socket not ready, repolling fd = 8
Socket not ready, repolling fd = 8
Socket not ready, repolling fd = 8
Socket not ready, repolling fd = 8
Socket not ready, repolling fd = 8
Socket not ready, repolling fd = 8
Socket not ready, repolling fd = 8
Socket not ready, repolling fd = 8
Socket not ready, repolling fd = 8
Socket not ready, repolling fd = 8
Socket not ready, repolling fd = 8
Socket not ready, repolling fd = 8
Socket not ready, repolling fd = 8
Socket not ready, repolling fd = 8
Socket not ready, repolling fd = 8
Socket not ready, repolling fd = 8
Socket not ready, repolling fd = 8
Socket not ready, repolling fd = 8
Socket not ready, repolling fd = 8
Socket not ready, repolling fd = 8
Socket not ready, repolling fd = 8
Socket not ready, repolling fd = 8
Socket not ready, repolling fd = 8
Socket not ready, repolling fd = 8
Socket not ready, repolling fd = 8
Socket not ready, repolling fd = 8
Socket not ready, repolling fd = 8
Socket not ready, repolling fd = 8
Socket not ready, repolling fd = 8
Socket not ready, repolling fd = 8
Socket not ready, repolling fd = 8
Socket not ready, repolling fd = 8
Socket not ready, repolling fd = 8
Socket not ready, repolling fd = 8
Socket not ready, repolling fd = 8
Socket not ready, repolling fd = 8
Socket not ready, repolling fd = 8
Socket not ready, repolling fd = 8
Socket not ready, repolling fd = 8
Socket not ready, repolling fd = 8
Socket not ready, repolling fd = 8
Socket not ready, repolling fd = 8
Socket not ready, repolling fd = 8
Socket not ready, repolling fd = 8
Socket not ready, repolling fd = 8
Socket not ready, repolling fd = 8
Socket not ready, repolling fd = 8
Socket not ready, repolling fd = 8
Socket not ready, repolling fd = 8
Socket not ready, repolling fd = 8
Socket not ready, repolling fd = 8
Socket not ready, repolling fd = 8
Socket not ready, repolling fd = 8
Socket not ready, repolling fd = 8
Socket not ready, repolling fd = 8
Socket not ready, repolling fd = 8
Socket not ready, repolling fd = 8
Socket not ready, repolling fd = 8
Socket not ready, repolling fd = 8
Socket not ready, repolling fd = 8
Socket not ready, repolling fd = 8
Socket not ready, repolling fd = 8
Socket not ready, repolling fd = 8
Socket not ready, repolling fd = 8
Socket not ready, repolling fd = 8
Socket not ready, repolling fd = 8
Socket not ready, repolling fd = 8
Socket not ready, repolling fd = 8
Socket not ready, repolling fd = 8
Socket not ready, repolling fd = 8
Socket not ready, repolling fd = 8
Socket not ready, repolling fd = 8
Socket not ready, repolling fd = 8
Socket not ready, repolling fd = 8
Socket not ready, repolling fd = 8
Socket not ready, repolling fd = 8
Socket not ready, repolling fd = 8
Socket not ready, repolling fd = 8
Socket not ready, repolling fd = 8
Socket not ready, repolling fd = 8
Socket not ready, repolling fd = 8
Socket not ready, repolling fd = 8
Socket not ready, repolling fd = 8
Socket not ready, repolling fd = 8
Socket not ready, repolling fd = 8
Socket not ready, repolling fd = 8
Socket not ready, repolling fd = 8
Socket not ready, repolling fd = 8
Socket not ready, repolling fd = 8
Socket not ready, repolling fd = 8
Socket not ready, repolling fd = 8
Socket not ready, repolling fd = 8
Socket not ready, repolling fd = 8
Socket not ready, repolling fd = 8
Socket not ready, repolling fd = 8
Socket not ready, repolling fd = 8
Socket not ready, repolling fd = 8
Socket not ready, repolling fd = 8
Socket not ready, repolling fd = 8
Socket not ready, repolling fd = 8
Socket not ready, repolling fd = 8
Socket not ready, repolling fd = 8
Socket not ready, repolling fd = 8
Socket not ready, repolling fd = 8
Socket not ready, repolling fd = 8
Socket not ready, repolling fd = 8
Socket not ready, repolling fd = 8
Socket not ready, repolling fd = 8
Socket not ready, repolling fd = 8
Socket not ready, repolling fd = 8
Socket not ready, repolling fd = 8
Socket not ready, repolling fd = 8
Socket not ready, repolling fd = 8
Socket not ready, repolling fd = 8
Socket not ready, repolling fd = 8
Socket not ready, repolling fd = 8
Socket not ready, repolling fd = 8
Socket not ready, repolling fd = 8
Socket not ready, repolling fd = 8
Socket not ready, repolling fd = 8
Socket not ready, repolling fd = 8
Socket not ready, repolling fd = 8
Socket not ready, repolling fd = 8
Socket not ready, repolling fd = 8
Socket not ready, repolling fd = 8
Socket not ready, repolling fd = 8
Socket not ready, repolling fd = 8
Socket not ready, repolling fd = 8
Socket not ready, repolling fd = 8
Socket not ready, repolling fd = 8
Socket not ready, repolling fd = 8
Socket not ready, repolling fd = 8
Socket not ready, repolling fd = 8
Socket not ready, repolling fd = 8
Socket not ready, repolling fd = 8
Socket not ready, repolling fd = 8
Socket not ready, repolling fd = 8
Socket not ready, repolling fd = 8
Socket not ready, repolling fd = 8
Socket not ready, repolling fd = 8
Socket not ready, repolling fd = 8
Socket not ready, repolling fd = 8
Socket not ready, repolling fd = 8
Socket not ready, repolling fd = 8
Socket not ready, repolling fd = 8
Socket not ready, repolling fd = 8
Socket not ready, repolling fd = 8
Socket not ready, repolling fd = 8
Socket not ready, repolling fd = 8
Socket not ready, repolling fd = 8
Socket not ready, repolling fd = 8
Socket not ready, repolling fd = 8
Socket not ready, repolling fd = 8
Socket not ready, repolling fd = 8
Socket not ready, repolling fd = 8
Socket not ready, repolling fd = 8
Socket not ready, repolling fd = 8
Socket not ready, repolling fd = 8
Socket not ready, repolling fd = 8
Socket not ready, repolling fd = 8
Socket not ready, repolling fd = 8
Socket not ready, repolling fd = 8
Socket not ready, repolling fd = 8
Socket not ready, repolling fd = 8
Socket not ready, repolling fd = 8
Socket not ready, repolling fd = 8
Socket not ready, repolling fd = 8
Socket not ready, repolling fd = 8
Socket not ready, repolling fd = 8
Socket not ready, repolling fd = 8
Socket not ready, repolling fd = 8
Socket not ready, repolling fd = 8
Socket not ready, repolling fd = 8
Socket not ready, repolling fd = 8
Socket not ready, repolling fd = 8
Socket not ready, repolling fd = 8
Socket not ready, repolling fd = 8
Socket not ready, repolling fd = 8
Socket not ready, repolling fd = 8
Socket not ready, repolling fd = 8
Socket not ready, repolling fd = 8
Socket not ready, repolling fd = 8
Socket not ready, repolling fd = 8
Socket not ready, repolling fd = 8
Socket not ready, repolling fd = 8
Socket not ready, repolling fd = 8
Socket not ready, repolling fd = 8
Socket not ready, repolling fd = 8
Socket not ready, repolling fd = 8
Socket not ready, repolling fd = 8
Socket not ready, repolling fd = 8
Socket not ready, repolling fd = 8
Socket not ready, repolling fd = 8
Socket not ready, repolling fd = 8
Socket not ready, repolling fd = 8
Socket not ready, repolling fd = 8
Socket not ready, repolling fd = 8
Socket not ready, repolling fd = 8
Socket not ready, repolling fd = 8
Socket not ready, repolling fd = 8
Socket not ready, repolling fd = 8
Socket not ready, repolling fd = 8
Socket not ready, repolling fd = 8
Socket not ready, repolling fd = 8
Socket not ready, repolling fd = 8
Socket not ready, repolling fd = 8
Socket not ready, repolling fd = 8
Socket not ready, repolling fd = 8
Socket not ready, repolling fd = 8
Socket not ready, repolling fd = 8
Socket not ready, repolling fd = 8
Socket not ready, repolling fd = 8
Socket not ready, repolling fd = 8
Socket not ready, repolling fd = 8
Socket not ready, repolling fd = 8
Socket not ready, repolling fd = 8
Socket not ready, repolling fd = 8
Socket not ready, repolling fd = 8
Socket not ready, repolling fd = 8
Socket not ready, repolling fd = 8
Socket not ready, repolling fd = 8
Socket not ready, repolling fd = 8
Socket not ready, repolling fd = 8
Socket not ready, repolling fd = 8
Socket not ready, repolling fd = 8
Socket not ready, repolling fd = 8
Socket not ready, repolling fd = 8
Socket not ready, repolling fd = 8
Socket not ready, repolling fd = 8
Socket not ready, repolling fd = 8
Socket not ready, repolling fd = 8
Socket not ready, repolling fd = 8
Socket not ready, repolling fd = 8
Socket not ready, repolling fd = 8
Socket not ready, repolling fd = 8
Socket not ready, repolling fd = 8
Socket not ready, repolling fd = 8
Socket not ready, repolling fd = 8
Socket not ready, repolling fd = 8
Socket not ready, repolling fd = 8
Socket not ready, repolling fd = 8
Socket not ready, repolling fd = 8
Socket not ready, repolling fd = 8
Socket not ready, repolling fd = 8
Socket not ready, repolling fd = 8
Socket not ready, repolling fd = 8
Socket not ready, repolling fd = 8
Socket not ready, repolling fd = 8
Socket not ready, repolling fd = 8
Socket not ready, repolling fd = 8
Socket not ready, repolling fd = 8
Socket not ready, repolling fd = 8
Socket not ready, repolling fd = 8
Socket not ready, repolling fd = 8
Socket not ready, repolling fd = 8
Socket not ready, repolling fd = 8
Socket not ready, repolling fd = 8
Socket not ready, repolling fd = 8
Socket not ready, repolling fd = 8
Socket not ready, repolling fd = 8
Socket not ready, repolling fd = 8
Socket not ready, repolling fd = 8
Socket not ready, repolling fd = 8
Socket not ready, repolling fd = 8
Socket not ready, repolling fd = 8
Socket not ready, repolling fd = 8
Socket not ready, repolling fd = 8
Socket not ready, repolling fd = 8
Socket not ready, repolling fd = 8
Socket not ready, repolling fd = 8
Socket not ready, repolling fd = 8
Socket not ready, repolling fd = 8
Socket not ready, repolling fd = 8
Socket not ready, repolling fd = 8
Socket not ready, repolling fd = 8
Socket not ready, repolling fd = 8
Socket not ready, repolling fd = 8
Socket not ready, repolling fd = 8
Socket not ready, repolling fd = 8
Socket not ready, repolling fd = 8
Socket not ready, repolling fd = 8
Socket not ready, repolling fd = 8
Socket not ready, repolling fd = 8
Socket not ready, repolling fd = 8
Socket not ready, repolling fd = 8
Socket not ready, repolling fd = 8
Socket not ready, repolling fd = 8
Socket not ready, repolling fd = 8
Socket not ready, repolling fd = 8
Socket not ready, repolling fd = 8
Socket not ready, repolling fd = 8
Socket not ready, repolling fd = 8
Socket not ready, repolling fd = 8
Socket not ready, repolling fd = 8
Socket not ready, repolling fd = 8
Socket not ready, repolling fd = 8
Socket not ready, repolling fd = 8
Socket not ready, repolling fd = 8
Socket not ready, repolling fd = 8
Socket not ready, repolling fd = 8
Socket not ready, repolling fd = 8
Socket not ready, repolling fd = 8
Socket not ready, repolling fd = 8
Socket not ready, repolling fd = 8
Socket not ready, repolling fd = 8
Socket not ready, repolling fd = 8
Socket not ready, repolling fd = 8
Socket not ready, repolling fd = 8
Socket not ready, repolling fd = 8
Socket not ready, repolling fd = 8
Socket not ready, repolling fd = 8
Socket not ready, repolling fd = 8
Socket not ready, repolling fd = 8
Socket not ready, repolling fd = 8
Socket not ready, repolling fd = 8
Socket not ready, repolling fd = 8
Socket not ready, repolling fd = 8
Socket not ready, repolling fd = 8
Socket not ready, repolling fd = 8
Socket not ready, repolling fd = 8
Socket not ready, repolling fd = 8
Socket not ready, repolling fd = 8
Socket not ready, repolling fd = 8
Socket not ready, repolling fd = 8
Socket not ready, repolling fd = 8
Socket not ready, repolling fd = 8
Socket not ready, repolling fd = 8
Socket not ready, repolling fd = 8
Socket not ready, repolling fd = 8
Socket not ready, repolling fd = 8
Socket not ready, repolling fd = 8
Socket not ready, repolling fd = 8
Socket not ready, repolling fd = 8
Socket not ready, repolling fd = 8
Socket not ready, repolling fd = 8
Socket not ready, repolling fd = 8
Socket not ready, repolling fd = 8
Socket not ready, repolling fd = 8
Socket not ready, repolling fd = 8
Socket not ready, repolling fd = 8
Socket not ready, repolling fd = 8
Socket not ready, repolling fd = 8
Socket not ready, repolling fd = 8
Socket not ready, repolling fd = 8
Socket not ready, repolling fd = 8
Socket not ready, repolling fd = 8
Socket not ready, repolling fd = 8
Socket not ready, repolling fd = 8
Socket not ready, repolling fd = 8
Socket not ready, repolling fd = 8
Socket not ready, repolling fd = 8
Socket not ready, repolling fd = 8
Socket not ready, repolling fd = 8
Socket not ready, repolling fd = 8
Socket not ready, repolling fd = 8
Socket not ready, repolling fd = 8
Socket not ready, repolling fd = 8
Socket not ready, repolling fd = 8
Socket not ready, repolling fd = 8
Socket not ready, repolling fd = 8
Socket not ready, repolling fd = 8
Socket not ready, repolling fd = 8
Socket not ready, repolling fd = 8
Socket not ready, repolling fd = 8
Socket not ready, repolling fd = 8
Socket not ready, repolling fd = 8
Socket not ready, repolling fd = 8
Socket not ready, repolling fd = 8
Socket not ready, repolling fd = 8
Socket not ready, repolling fd = 8
Socket not ready, repolling fd = 8
Socket not ready, repolling fd = 8
Socket not ready, repolling fd = 8
Socket not ready, repolling fd = 8
Socket not ready, repolling fd = 8
Socket not ready, repolling fd = 8
Socket not ready, repolling fd = 8
Socket not ready, repolling fd = 8
Socket not ready, repolling fd = 8
Socket not ready, repolling fd = 8
Socket not ready, repolling fd = 8
Socket not ready, repolling fd = 8
Socket not ready, repolling fd = 8
Socket not ready, repolling fd = 8
Socket not ready, repolling fd = 8
Socket not ready, repolling fd = 8
Socket not ready, repolling fd = 8
Socket not ready, repolling fd = 8
Socket not ready, repolling fd = 8
Socket not ready, repolling fd = 8
Socket not ready, repolling fd = 8
Socket not ready, repolling fd = 8
Socket not ready, repolling fd = 8
Socket not ready, repolling fd = 8
Socket not ready, repolling fd = 8
Socket not ready, repolling fd = 8
Socket not ready, repolling fd = 8
Socket not ready, repolling fd = 8
Socket not ready, repolling fd = 8
Socket not ready, repolling fd = 8
Socket not ready, repolling fd = 8
Socket not ready, repolling fd = 8
Socket not ready, repolling fd = 8
Socket not ready, repolling fd = 8
Socket not ready, repolling fd = 8
Socket not ready, repolling fd = 8
Socket not ready, repolling fd = 8
Socket not ready, repolling fd = 8
Socket not ready, repolling fd = 8
Socket not ready, repolling fd = 8
Socket not ready, repolling fd = 8
Socket not ready, repolling fd = 8
Socket not ready, repolling fd = 8
Socket not ready, repolling fd = 8
Socket not ready, repolling fd = 8
Socket not ready, repolling fd = 8
Socket not ready, repolling fd = 8
Socket not ready, repolling fd = 8
Socket not ready, repolling fd = 8
Socket not ready, repolling fd = 8
Socket not ready, repolling fd = 8
Socket not ready, repolling fd = 8
Socket not ready, repolling fd = 8
Socket not ready, repolling fd = 8
Socket not ready, repolling fd = 8
Socket not ready, repolling fd = 8
Socket not ready, repolling fd = 8
Socket not ready, repolling fd = 8
Socket not ready, repolling fd = 8
Socket not ready, repolling fd = 8
Socket not ready, repolling fd = 8
Socket not ready, repolling fd = 8
Socket not ready, repolling fd = 8
Socket not ready, repolling fd = 8
Socket not ready, repolling fd = 8
Socket not ready, repolling fd = 8
Socket not ready, repolling fd = 8
Socket not ready, repolling fd = 8
Socket not ready, repolling fd = 8
Socket not ready, repolling fd = 8
Socket not ready, repolling fd = 8
Socket not ready, repolling fd = 8
Socket not ready, repolling fd = 8
Socket not ready, repolling fd = 8
Socket not ready, repolling fd = 8
Socket not ready, repolling fd = 8
Socket not ready, repolling fd = 8
Socket not ready, repolling fd = 8
Socket not ready, repolling fd = 8
Socket not ready, repolling fd = 8
Socket not ready, repolling fd = 8
Socket not ready, repolling fd = 8
Socket not ready, repolling fd = 8
Socket not ready, repolling fd = 8
Socket not ready, repolling fd = 8
Socket not ready, repolling fd = 8
Socket not ready, repolling fd = 8
Socket not ready, repolling fd = 8
Socket not ready, repolling fd = 8
Socket not ready, repolling fd = 8
Socket not ready, repolling fd = 8
Socket not ready, repolling fd = 8
Socket not ready, repolling fd = 8
Socket not ready, repolling fd = 8
Socket not ready, repolling fd = 8
Socket not ready, repolling fd = 8
Socket not ready, repolling fd = 8
Socket not ready, repolling fd = 8
Socket not ready, repolling fd = 8
Socket not ready, repolling fd = 8
Socket not ready, repolling fd = 8
Socket not ready, repolling fd = 8
Socket not ready, repolling fd = 8
Socket not ready, repolling fd = 8
Socket not ready, repolling fd = 8
Socket not ready, repolling fd = 8
Socket not ready, repolling fd = 8
Socket not ready, repolling fd = 8
Socket not ready, repolling fd = 8
Socket not ready, repolling fd = 8
Socket not ready, repolling fd = 8
Socket not ready, repolling fd = 8
Socket not ready, repolling fd = 8
Socket not ready, repolling fd = 8
Socket not ready, repolling fd = 8
Socket not ready, repolling fd = 8
Socket not ready, repolling fd = 8
Socket not ready, repolling fd = 8
Socket not ready, repolling fd = 8
Socket not ready, repolling fd = 8
Socket not ready, repolling fd = 8
Socket not ready, repolling fd = 8
Socket not ready, repolling fd = 8
Socket not ready, repolling fd = 8
Socket not ready, repolling fd = 8
Socket not ready, repolling fd = 8
Socket not ready, repolling fd = 8
Socket not ready, repolling fd = 7
Socket not ready, repolling fd = 7
Socket not ready, repolling fd = 7
Socket not ready, repolling fd = 7
Socket not ready, repolling fd = 7
Socket not ready, repolling fd = 7
Socket not ready, repolling fd = 7
Socket not ready, repolling fd = 7
Socket not ready, repolling fd = 7
Socket not ready, repolling fd = 7
Socket not ready, repolling fd = 7
Socket not ready, repolling fd = 7
Socket not ready, repolling fd = 7
Socket not ready, repolling fd = 7
Socket not ready, repolling fd = 7
Socket not ready, repolling fd = 7
Socket not ready, repolling fd = 7
Socket not ready, repolling fd = 7
Socket not ready, repolling fd = 7
Socket not ready, repolling fd = 7
Socket not ready, repolling fd = 7
Socket not ready, repolling fd = 7
Socket not ready, repolling fd = 7
Socket not ready, repolling fd = 7
Socket not ready, repolling fd = 7
Socket not ready, repolling fd = 7
Socket not ready, repolling fd = 7
Socket not ready, repolling fd = 7
Socket not ready, repolling fd = 7
Socket not ready, repolling fd = 7
Socket not ready, repolling fd = 7
Socket not ready, repolling fd = 7
Socket not ready, repolling fd = 7
Socket not ready, repolling fd = 7
Socket not ready, repolling fd = 7
Socket not ready, repolling fd = 7
Socket not ready, repolling fd = 7
Socket not ready, repolling fd = 7
Socket not ready, repolling fd = 7
Socket not ready, repolling fd = 7
Socket not ready, repolling fd = 7
Socket not ready, repolling fd = 7
Socket not ready, repolling fd = 7
Socket not ready, repolling fd = 7
Socket not ready, repolling fd = 7
Socket not ready, repolling fd = 7
Socket not ready, repolling fd = 7
Socket not ready, repolling fd = 7
Socket not ready, repolling fd = 7
Socket not ready, repolling fd = 7
Socket not ready, repolling fd = 7
Socket not ready, repolling fd = 7
Socket not ready, repolling fd = 7
Socket not ready, repolling fd = 7
Socket not ready, repolling fd = 7
Socket not ready, repolling fd = 7
Socket not ready, repolling fd = 7
Socket not ready, repolling fd = 7
Socket not ready, repolling fd = 7
Socket not ready, repolling fd = 7
Socket not ready, repolling fd = 7
Socket not ready, repolling fd = 7
Socket not ready, repolling fd = 7
Socket not ready, repolling fd = 7
Socket not ready, repolling fd = 7
Socket not ready, repolling fd = 7
Socket not ready, repolling fd = 7
Socket not ready, repolling fd = 7
Socket not ready, repolling fd = 7
Socket not ready, repolling fd = 7
Socket not ready, repolling fd = 7
Socket not ready, repolling fd = 7
Socket not ready, repolling fd = 7
Socket not ready, repolling fd = 7
Socket not ready, repolling fd = 7
Socket not ready, repolling fd = 7
Socket not ready, repolling fd = 7
Socket not ready, repolling fd = 7
Socket not ready, repolling fd = 7
Socket not ready, repolling fd = 7
Socket not ready, repolling fd = 7
Socket not ready, repolling fd = 7
Socket not ready, repolling fd = 7
Socket not ready, repolling fd = 7
Socket not ready, repolling fd = 7
Socket not ready, repolling fd = 7
Socket not ready, repolling fd = 7
Socket not ready, repolling fd = 7
Socket not ready, repolling fd = 7
Socket not ready, repolling fd = 7
Socket not ready, repolling fd = 7
Socket not ready, repolling fd = 7
Socket not ready, repolling fd = 7
Socket not ready, repolling fd = 7
Socket not ready, repolling fd = 7
Socket not ready, repolling fd = 7
Socket not ready, repolling fd = 7
Socket not ready, repolling fd = 7
Socket not ready, repolling fd = 7
Socket not ready, repolling fd = 7
Socket not ready, repolling fd = 7
Socket not ready, repolling fd = 7
Socket not ready, repolling fd = 7
Socket not ready, repolling fd = 7
Socket not ready, repolling fd = 7
Socket not ready, repolling fd = 7
Socket not ready, repolling fd = 7
Socket not ready, repolling fd = 7
Socket not ready, repolling fd = 7
Socket not ready, repolling fd = 7
Socket not ready, repolling fd = 7
Socket not ready, repolling fd = 7
Socket not ready, repolling fd = 7
Socket not ready, repolling fd = 7
Socket not ready, repolling fd = 7
Socket not ready, repolling fd = 7
Socket not ready, repolling fd = 7
Socket not ready, repolling fd = 7
Socket not ready, repolling fd = 7
Socket not ready, repolling fd = 7
Socket not ready, repolling fd = 7
Socket not ready, repolling fd = 7
Socket not ready, repolling fd = 7
Socket not ready, repolling fd = 7
Socket not ready, repolling fd = 7
Socket not ready, repolling fd = 7
Socket not ready, repolling fd = 7
Socket not ready, repolling fd = 7
Socket not ready, repolling fd = 7
Socket not ready, repolling fd = 7
Socket not ready, repolling fd = 7
Socket not ready, repolling fd = 7
Socket not ready, repolling fd = 7
Socket not ready, repolling fd = 7
Socket not ready, repolling fd = 7
Socket not ready, repolling fd = 7
Socket not ready, repolling fd = 7
Socket not ready, repolling fd = 7
Socket not ready, repolling fd = 7
Socket not ready, repolling fd = 7
Socket not ready, repolling fd = 7
Socket not ready, repolling fd = 7
Socket not ready, repolling fd = 7
Socket not ready, repolling fd = 7
Socket not ready, repolling fd = 7
Socket not ready, repolling fd = 7
Socket not ready, repolling fd = 7
Socket not ready, repolling fd = 7
Socket not ready, repolling fd = 7
Socket not ready, repolling fd = 7
Socket not ready, repolling fd = 7
Socket not ready, repolling fd = 7
Socket not ready, repolling fd = 7
Socket not ready, repolling fd = 7
Socket not ready, repolling fd = 7
Socket not ready, repolling fd = 7
Socket not ready, repolling fd = 7
Socket not ready, repolling fd = 7
Socket not ready, repolling fd = 7
Socket not ready, repolling fd = 7
Socket not ready, repolling fd = 7
Socket not ready, repolling fd = 7
Socket not ready, repolling fd = 7
Socket not ready, repolling fd = 7
Socket not ready, repolling fd = 7
Socket not ready, repolling fd = 7
Socket not ready, repolling fd = 7
Socket not ready, repolling fd = 7
Socket not ready, repolling fd = 7
Socket not ready, repolling fd = 7
Socket not ready, repolling fd = 7
Socket not ready, repolling fd = 7
Socket not ready, repolling fd = 7
Socket not ready, repolling fd = 7
Socket not ready, repolling fd = 7
Socket not ready, repolling fd = 7
Socket not ready, repolling fd = 7
Socket not ready, repolling fd = 7
Socket not ready, repolling fd = 7
Socket not ready, repolling fd = 7
Socket not ready, repolling fd = 7
Socket not ready, repolling fd = 7
Socket not ready, repolling fd = 7
Socket not ready, repolling fd = 7
Socket not ready, repolling fd = 7
Socket not ready, repolling fd = 7
Socket not ready, repolling fd = 7
Socket not ready, repolling fd = 7
Socket not ready, repolling fd = 7
Socket not ready, repolling fd = 7
Socket not ready, repolling fd = 7
Socket not ready, repolling fd = 7
Socket not ready, repolling fd = 7
Socket not ready, repolling fd = 7
Socket not ready, repolling fd = 7
Socket not ready, repolling fd = 7
Socket not ready, repolling fd = 7
Socket not ready, repolling fd = 7
Socket not ready, repolling fd = 7
Socket not ready, repolling fd = 7
Socket not ready, repolling fd = 7
Socket not ready, repolling fd = 7
Socket not ready, repolling fd = 7
Socket not ready, repolling fd = 7
Socket not ready, repolling fd = 7
Socket not ready, repolling fd = 7
Socket not ready, repolling fd = 7
Socket not ready, repolling fd = 7
Socket not ready, repolling fd = 7
Socket not ready, repolling fd = 7
Socket not ready, repolling fd = 7
Socket not ready, repolling fd = 7
Socket not ready, repolling fd = 7
Socket not ready, repolling fd = 7
Socket not ready, repolling fd = 7
Socket not ready, repolling fd = 7
Socket not ready, repolling fd = 7
Socket not ready, repolling fd = 7
Socket not ready, repolling fd = 7
Socket not ready, repolling fd = 7
Socket not ready, repolling fd = 7
Socket not ready, repolling fd = 7
Socket not ready, repolling fd = 7
Socket not ready, repolling fd = 7
Socket not ready, repolling fd = 7
Socket not ready, repolling fd = 7
Socket not ready, repolling fd = 7
Socket not ready, repolling fd = 7
Socket not ready, repolling fd = 7
Socket not ready, repolling fd = 7
Socket not ready, repolling fd = 7
Socket not ready, repolling fd = 7
Socket not ready, repolling fd = 7
Socket not ready, repolling fd = 7
Socket not ready, repolling fd = 7
Socket not ready, repolling fd = 7
Socket not ready, repolling fd = 7
Socket not ready, repolling fd = 7
Socket not ready, repolling fd = 7
Socket not ready, repolling fd = 7
Socket not ready, repolling fd = 7
Socket not ready, repolling fd = 7
Socket not ready, repolling fd = 7
Socket not ready, repolling fd = 7
Socket not ready, repolling fd = 7
Socket not ready, repolling fd = 7
Socket not ready, repolling fd = 7
Socket not ready, repolling fd = 7
Socket not ready, repolling fd = 7
Socket not ready, repolling fd = 7
Socket not ready, repolling fd = 7
Socket not ready, repolling fd = 7
Socket not ready, repolling fd = 7
Socket not ready, repolling fd = 7
Socket not ready, repolling fd = 7
Socket not ready, repolling fd = 7
Socket not ready, repolling fd = 7
Socket not ready, repolling fd = 7
Socket not ready, repolling fd = 7
Socket not ready, repolling fd = 7
Socket not ready, repolling fd = 7
Socket not ready, repolling fd = 7
Socket not ready, repolling fd = 7
Socket not ready, repolling fd = 7
Socket not ready, repolling fd = 7
Socket not ready, repolling fd = 7
Socket not ready, repolling fd = 7
Socket not ready, repolling fd = 7
Socket not ready, repolling fd = 7
Socket not ready, repolling fd = 7
Socket not ready, repolling fd = 7
Socket not ready, repolling fd = 7
Socket not ready, repolling fd = 7
Socket not ready, repolling fd = 7
Socket not ready, repolling fd = 7
Socket not ready, repolling fd = 7
Socket not ready, repolling fd = 7
Socket not ready, repolling fd = 7
Socket not ready, repolling fd = 7
Socket not ready, repolling fd = 7
Socket not ready, repolling fd = 7
Socket not ready, repolling fd = 7
Socket not ready, repolling fd = 7
Socket not ready, repolling fd = 7
Socket not ready, repolling fd = 7
Socket not ready, repolling fd = 7
Socket not ready, repolling fd = 7
Socket not ready, repolling fd = 7
Socket not ready, repolling fd = 7
Socket not ready, repolling fd = 7
Socket not ready, repolling fd = 7
Socket not ready, repolling fd = 7
Socket not ready, repolling fd = 7
Socket not ready, repolling fd = 7
Socket not ready, repolling fd = 7
Socket not ready, repolling fd = 7
Socket not ready, repolling fd = 7
Socket not ready, repolling fd = 7
Socket not ready, repolling fd = 7
Socket not ready, repolling fd = 7
Socket not ready, repolling fd = 7
Socket not ready, repolling fd = 7
Socket not ready, repolling fd = 7
Socket not ready, repolling fd = 7
Socket not ready, repolling fd = 7
Socket not ready, repolling fd = 7
Socket not ready, repolling fd = 7
Socket not ready, repolling fd = 7
Socket not ready, repolling fd = 7
Socket not ready, repolling fd = 7
Socket not ready, repolling fd = 7
Socket not ready, repolling fd = 7
Socket not ready, repolling fd = 7
Socket not ready, repolling fd = 7
Socket not ready, repolling fd = 7
Socket not ready, repolling fd = 7
Socket not ready, repolling fd = 7
Socket not ready, repolling fd = 7
Socket not ready, repolling fd = 7
Socket not ready, repolling fd = 7
Socket not ready, repolling fd = 7
Socket not ready, repolling fd = 7
Socket not ready, repolling fd = 7
Socket not ready, repolling fd = 7
Socket not ready, repolling fd = 7
Socket not ready, repolling fd = 7
Socket not ready, repolling fd = 7
Socket not ready, repolling fd = 7
Socket not ready, repolling fd = 7
Socket not ready, repolling fd = 7
Socket not ready, repolling fd = 7
Socket not ready, repolling fd = 7
Socket not ready, repolling fd = 7
Socket not ready, repolling fd = 7
Socket not ready, repolling fd = 7
Socket not ready, repolling fd = 7
Socket not ready, repolling fd = 7
Socket not ready, repolling fd = 7
Socket not ready, repolling fd = 7
Socket not ready, repolling fd = 7
Socket not ready, repolling fd = 7
Socket not ready, repolling fd = 7
Socket not ready, repolling fd = 7
Socket not ready, repolling fd = 7
Socket not ready, repolling fd = 7
Socket not ready, repolling fd = 7
Socket not ready, repolling fd = 7
Socket not ready, repolling fd = 7
Socket not ready, repolling fd = 7
Socket not ready, repolling fd = 7
Socket not ready, repolling fd = 7
Socket not ready, repolling fd = 7
Socket not ready, repolling fd = 7
Socket not ready, repolling fd = 7
Socket not ready, repolling fd = 7
Socket not ready, repolling fd = 7
Socket not ready, repolling fd = 7
Socket not ready, repolling fd = 7
Socket not ready, repolling fd = 7
Socket not ready, repolling fd = 7
Socket not ready, repolling fd = 7
Socket not ready, repolling fd = 7
Socket not ready, repolling fd = 7
Socket not ready, repolling fd = 7
Socket not ready, repolling fd = 7
Socket not ready, repolling fd = 7
Socket not ready, repolling fd = 7
Socket not ready, repolling fd = 7
Socket not ready, repolling fd = 7
Socket not ready, repolling fd = 7
Socket not ready, repolling fd = 7
Socket not ready, repolling fd = 7
Socket not ready, repolling fd = 7
Socket not ready, repolling fd = 7
Socket not ready, repolling fd = 7
Socket not ready, repolling fd = 7
Socket not ready, repolling fd = 7
Socket not ready, repolling fd = 7
Socket not ready, repolling fd = 7
Socket not ready, repolling fd = 7
Socket not ready, repolling fd = 7
Socket not ready, repolling fd = 7
Socket not ready, repolling fd = 7
Socket not ready, repolling fd = 7
Socket not ready, repolling fd = 7
Socket not ready, repolling fd = 7
Socket not ready, repolling fd = 7
Socket not ready, repolling fd = 7
Socket not ready, repolling fd = 7
Socket not ready, repolling fd = 7
Socket not ready, repolling fd = 7
Socket not ready, repolling fd = 7
Socket not ready, repolling fd = 7
Socket not ready, repolling fd = 7
Socket not ready, repolling fd = 7
Socket not ready, repolling fd = 7
Socket not ready, repolling fd = 7
Socket not ready, repolling fd = 7
Socket not ready, repolling fd = 7
Socket not ready, repolling fd = 7
Socket not ready, repolling fd = 7
Socket not ready, repolling fd = 7
Socket not ready, repolling fd = 7
Socket not ready, repolling fd = 7
Socket not ready, repolling fd = 7
Socket not ready, repolling fd = 7
Socket not ready, repolling fd = 7
Socket not ready, repolling fd = 7
Socket not ready, repolling fd = 7
Socket not ready, repolling fd = 7
Socket not ready, repolling fd = 7
Socket not ready, repolling fd = 7
Socket not ready, repolling fd = 7
Socket not ready, repolling fd = 7
Socket not ready, repolling fd = 7
Socket not ready, repolling fd = 7
Socket not ready, repolling fd = 7
Socket not ready, repolling fd = 7
Socket not ready, repolling fd = 7
Socket not ready, repolling fd = 7
Socket not ready, repolling fd = 7
Socket not ready, repolling fd = 7
Socket not ready, repolling fd = 7
Socket not ready, repolling fd = 7
Socket not ready, repolling fd = 7
Socket not ready, repolling fd = 7
Socket not ready, repolling fd = 7
Socket not ready, repolling fd = 7
Socket not ready, repolling fd = 7
Socket not ready, repolling fd = 7
Socket not ready, repolling fd = 7
Socket not ready, repolling fd = 7
Socket not ready, repolling fd = 7
Socket not ready, repolling fd = 7
Socket not ready, repolling fd = 7
Socket not ready, repolling fd = 7
Socket not ready, repolling fd = 7
Socket not ready, repolling fd = 7
Socket not ready, repolling fd = 7
Socket not ready, repolling fd = 7
Socket not ready, repolling fd = 7
Socket not ready, repolling fd = 7
Socket not ready, repolling fd = 7
Socket not ready, repolling fd = 7
Socket not ready, repolling fd = 7
Socket not ready, repolling fd = 7
Socket not ready, repolling fd = 7
Socket not ready, repolling fd = 7
Socket not ready, repolling fd = 7
Socket not ready, repolling fd = 7
Socket not ready, repolling fd = 7
Socket not ready, repolling fd = 7
Socket not ready, repolling fd = 7
Socket not ready, repolling fd = 7
Socket not ready, repolling fd = 7
Socket not ready, repolling fd = 7
Socket not ready, repolling fd = 7
Socket not ready, repolling fd = 7
Socket not ready, repolling fd = 7
Socket not ready, repolling fd = 7
Socket not ready, repolling fd = 7
Socket not ready, repolling fd = 7
Socket not ready, repolling fd = 7
Socket not ready, repolling fd = 7
Socket not ready, repolling fd = 7
Socket not ready, repolling fd = 7
Socket not ready, repolling fd = 7
Socket not ready, repolling fd = 7
Socket not ready, repolling fd = 7
Socket not ready, repolling fd = 7
Socket not ready, repolling fd = 7
Socket not ready, repolling fd = 7
Socket not ready, repolling fd = 7
Socket not ready, repolling fd = 7
Socket not ready, repolling fd = 7
Socket not ready, repolling fd = 7
Socket not ready, repolling fd = 7
Socket not ready, repolling fd = 7
Socket not ready, repolling fd = 7
Socket not ready, repolling fd = 7
Socket not ready, repolling fd = 7
Socket not ready, repolling fd = 7
Socket not ready, repolling fd = 7
Socket not ready, repolling fd = 7
Socket not ready, repolling fd = 7
Socket not ready, repolling fd = 7
Socket not ready, repolling fd = 7
Socket not ready, repolling fd = 7
Socket not ready, repolling fd = 7
Socket not ready, repolling fd = 7
Socket not ready, repolling fd = 7
Socket not ready, repolling fd = 7
Socket not ready, repolling fd = 7
Socket not ready, repolling fd = 7
Socket not ready, repolling fd = 7
Socket not ready, repolling fd = 7
Socket not ready, repolling fd = 7
Socket not ready, repolling fd = 7
Socket not ready, repolling fd = 7
Socket not ready, repolling fd = 7
Socket not ready, repolling fd = 7
Socket not ready, repolling fd = 7
Socket not ready, repolling fd = 7
Socket not ready, repolling fd = 7
Socket not ready, repolling fd = 7
Socket not ready, repolling fd = 7
Socket not ready, repolling fd = 7
Socket not ready, repolling fd = 7
Socket not ready, repolling fd = 7
Socket not ready, repolling fd = 7
Socket not ready, repolling fd = 7
Socket not ready, repolling fd = 7
Socket not ready, repolling fd = 7
Socket not ready, repolling fd = 7
Socket not ready, repolling fd = 7
Socket not ready, repolling fd = 7
Socket not ready, repolling fd = 7
Socket not ready, repolling fd = 7
Socket not ready, repolling fd = 7
Socket not ready, repolling fd = 7
Socket not ready, repolling fd = 7
Socket not ready, repolling fd = 7
Socket not ready, repolling fd = 7
Socket not ready, repolling fd = 7
Socket not ready, repolling fd = 7
Socket not ready, repolling fd = 7
Socket not ready, repolling fd = 7
Socket not ready, repolling fd = 7
Socket not ready, repolling fd = 7
Socket not ready, repolling fd = 7
Socket not ready, repolling fd = 7
Socket not ready, repolling fd = 7
Socket not ready, repolling fd = 7
Socket not ready, repolling fd = 7
Socket not ready, repolling fd = 7
Socket not ready, repolling fd = 7
Socket not ready, repolling fd = 7
Socket not ready, repolling fd = 7
Socket not ready, repolling fd = 7
Socket not ready, repolling fd = 7
Socket not ready, repolling fd = 7
Socket not ready, repolling fd = 7
Socket not ready, repolling fd = 7
Socket not ready, repolling fd = 7
Socket not ready, repolling fd = 7
Socket not ready, repolling fd = 7
Socket not ready, repolling fd = 7
Socket not ready, repolling fd = 7
Socket not ready, repolling fd = 7
Socket not ready, repolling fd = 7
Socket not ready, repolling fd = 7
Socket not ready, repolling fd = 7
Socket not ready, repolling fd = 7
Socket not ready, repolling fd = 7
Socket not ready, repolling fd = 7
Socket not ready, repolling fd = 7
Socket not ready, repolling fd = 7
Socket not ready, repolling fd = 7
Socket not ready, repolling fd = 7
Socket not ready, repolling fd = 7
Socket not ready, repolling fd = 7
Socket not ready, repolling fd = 7
Socket not ready, repolling fd = 7
Socket not ready, repolling fd = 7
Socket not ready, repolling fd = 7
Socket not ready, repolling fd = 7
Socket not ready, repolling fd = 7
Socket not ready, repolling fd = 7
Socket not ready, repolling fd = 7
Socket not ready, repolling fd = 7
Socket not ready, repolling fd = 7
Socket not ready, repolling fd = 7
Socket not ready, repolling fd = 7
Socket not ready, repolling fd = 7
Socket not ready, repolling fd = 7
Socket not ready, repolling fd = 7
Socket not ready, repolling fd = 7
Socket not ready, repolling fd = 7
Socket not ready, repolling fd = 7
Socket not ready, repolling fd = 7
Socket not ready, repolling fd = 7
Socket not ready, repolling fd = 7
Socket not ready, repolling fd = 7
Socket not ready, repolling fd = 7
Socket not ready, repolling fd = 7
Socket not ready, repolling fd = 7
Socket not ready, repolling fd = 7
Socket not ready, repolling fd = 7
Socket not ready, repolling fd = 7
Socket not ready, repolling fd = 7
Socket not ready, repolling fd = 7
Socket not ready, repolling fd = 7
Socket not ready, repolling fd = 7
Socket not ready, repolling fd = 7
Socket not ready, repolling fd = 7
Socket not ready, repolling fd = 7
Socket not ready, repolling fd = 7
Socket not ready, repolling fd = 7
Socket not ready, repolling fd = 7
Socket not ready, repolling fd = 7
Socket not ready, repolling fd = 7
Socket not ready, repolling fd = 7
Socket not ready, repolling fd = 7
Socket not ready, repolling fd = 7
Socket not ready, repolling fd = 7
Socket not ready, repolling fd = 7
Socket not ready, repolling fd = 7
Socket not ready, repolling fd = 7
Socket not ready, repolling fd = 7
Socket not ready, repolling fd = 7
Socket not ready, repolling fd = 7
Socket not ready, repolling fd = 7
Socket not ready, repolling fd = 7
Socket not ready, repolling fd = 7
Socket not ready, repolling fd = 7
Socket not ready, repolling fd = 7
Socket not ready, repolling fd = 7
Socket not ready, repolling fd = 7
Socket not ready, repolling fd = 7
Socket not ready, repolling fd = 7
Socket not ready, repolling fd = 7
Socket not ready, repolling fd = 7
Socket not ready, repolling fd = 7
Socket not ready, repolling fd = 7
Socket not ready, repolling fd = 7
Socket not ready, repolling fd = 7
Socket not ready, repolling fd = 7
Socket not ready, repolling fd = 7
Socket not ready, repolling fd = 7
Socket not ready, repolling fd = 7
Socket not ready, repolling fd = 7
Socket not ready, repolling fd = 7
Socket not ready, repolling fd = 7
Socket not ready, repolling fd = 7
Socket not ready, repolling fd = 7
Socket not ready, repolling fd = 7
Socket not ready, repolling fd = 7
Socket not ready, repolling fd = 7
Socket not ready, repolling fd = 7
Socket not ready, repolling fd = 7
Socket not ready, repolling fd = 7
Socket not ready, repolling fd = 7
Socket not ready, repolling fd = 7
Socket not ready, repolling fd = 7
Socket not ready, repolling fd = 7
Socket not ready, repolling fd = 7
Socket not ready, repolling fd = 7
Socket not ready, repolling fd = 7
Socket not ready, repolling fd = 7
Socket not ready, repolling fd = 7
Socket not ready, repolling fd = 7
Socket not ready, repolling fd = 7
Socket not ready, repolling fd = 7
Socket not ready, repolling fd = 7
Socket not ready, repolling fd = 7
Socket not ready, repolling fd = 7
Socket not ready, repolling fd = 7
Socket not ready, repolling fd = 7
Socket not ready, repolling fd = 7
Socket not ready, repolling fd = 7
Socket not ready, repolling fd = 7
Socket not ready, repolling fd = 7
Socket not ready, repolling fd = 7
Socket not ready, repolling fd = 7
Socket not ready, repolling fd = 7
Socket not ready, repolling fd = 7
Socket not ready, repolling fd = 7
Socket not ready, repolling fd = 7
Socket not ready, repolling fd = 7
Socket not ready, repolling fd = 7
Socket not ready, repolling fd = 7
Socket not ready, repolling fd = 7
Socket not ready, repolling fd = 7
Socket not ready, repolling fd = 7
Socket not ready, repolling fd = 7
Socket not ready, repolling fd = 7
Socket not ready, repolling fd = 7
Socket not ready, repolling fd = 7
Socket not ready, repolling fd = 7
Socket not ready, repolling fd = 7
Socket not ready, repolling fd = 7
Socket not ready, repolling fd = 7
Socket not ready, repolling fd = 7
Socket not ready, repolling fd = 7
Socket not ready, repolling fd = 7
Socket not ready, repolling fd = 7
Socket not ready, repolling fd = 7
Socket not ready, repolling fd = 7
Socket not ready, repolling fd = 7
Socket not ready, repolling fd = 7
Socket not ready, repolling fd = 7
Socket not ready, repolling fd = 7
Socket not ready, repolling fd = 7
Socket not ready, repolling fd = 7
Socket not ready, repolling fd = 7
Socket not ready, repolling fd = 7
Socket not ready, repolling fd = 7
Socket not ready, repolling fd = 7
Socket not ready, repolling fd = 7
Socket not ready, repolling fd = 7
Socket not ready, repolling fd = 7
Socket not ready, repolling fd = 7
Socket not ready, repolling fd = 7
Socket not ready, repolling fd = 7
Socket not ready, repolling fd = 7
Socket not ready, repolling fd = 7
Socket not ready, repolling fd = 7
Socket not ready, repolling fd = 7
Socket not ready, repolling fd = 7
Socket not ready, repolling fd = 7
Socket not ready, repolling fd = 7
Socket not ready, repolling fd = 7
Socket not ready, repolling fd = 7
Socket not ready, repolling fd = 7
Socket not ready, repolling fd = 7
Socket not ready, repolling fd = 7
Socket not ready, repolling fd = 7
Socket not ready, repolling fd = 7
Socket not ready, repolling fd = 7
Socket not ready, repolling fd = 7
Socket not ready, repolling fd = 7
Socket not ready, repolling fd = 7
Socket not ready, repolling fd = 7
Socket not ready, repolling fd = 7
Socket not ready, repolling fd = 7
Socket not ready, repolling fd = 7
Socket not ready, repolling fd = 7
Socket not ready, repolling fd = 7
Socket not ready, repolling fd = 7
Socket not ready, repolling fd = 7
Socket not ready, repolling fd = 7
Socket not ready, repolling fd = 7
Socket not ready, repolling fd = 7
Socket not ready, repolling fd = 7
Socket not ready, repolling fd = 7
Socket not ready, repolling fd = 7
Socket not ready, repolling fd = 7
Socket not ready, repolling fd = 7
Socket not ready, repolling fd = 7
Socket not ready, repolling fd = 7
Socket not ready, repolling fd = 7
Socket not ready, repolling fd = 7
Socket not ready, repolling fd = 7
Socket not ready, repolling fd = 7
Socket not ready, repolling fd = 7
Socket not ready, repolling fd = 7
Socket not ready, repolling fd = 7
Socket not ready, repolling fd = 7
Socket not ready, repolling fd = 7
Socket not ready, repolling fd = 7
Socket not ready, repolling fd = 7
Socket not ready, repolling fd = 7
Socket not ready, repolling fd = 7
Socket not ready, repolling fd = 7
Socket not ready, repolling fd = 7
Socket not ready, repolling fd = 7
Socket not ready, repolling fd = 7
Socket not ready, repolling fd = 7
Socket not ready, repolling fd = 7
Socket not ready, repolling fd = 7
Socket not ready, repolling fd = 7
Socket not ready, repolling fd = 7
Socket not ready, repolling fd = 7
Socket not ready, repolling fd = 7
Socket not ready, repolling fd = 7
Socket not ready, repolling fd = 7
Socket not ready, repolling fd = 7
Socket not ready, repolling fd = 7
Socket not ready, repolling fd = 7
Socket not ready, repolling fd = 7
Socket not ready, repolling fd = 7
Socket not ready, repolling fd = 7
Socket not ready, repolling fd = 7
Socket not ready, repolling fd = 7
Socket not ready, repolling fd = 7
Socket not ready, repolling fd = 7
Socket not ready, repolling fd = 7
Socket not ready, repolling fd = 7
Socket not ready, repolling fd = 7
Socket not ready, repolling fd = 7
Socket not ready, repolling fd = 7
Socket not ready, repolling fd = 7
Socket not ready, repolling fd = 7
Socket not ready, repolling fd = 7
Socket not ready, repolling fd = 7
Socket not ready, repolling fd = 7
Socket not ready, repolling fd = 7
Socket not ready, repolling fd = 7
Socket not ready, repolling fd = 7
Socket not ready, repolling fd = 7
Socket not ready, repolling fd = 7
Socket not ready, repolling fd = 7
Socket not ready, repolling fd = 7
Socket not ready, repolling fd = 7
Socket not ready, repolling fd = 7
Socket not ready, repolling fd = 7
Socket not ready, repolling fd = 7
Socket not ready, repolling fd = 7
Socket not ready, repolling fd = 7
Socket not ready, repolling fd = 7
Socket not ready, repolling fd = 7
Socket not ready, repolling fd = 7
Socket not ready, repolling fd = 7
Socket not ready, repolling fd = 7
Socket not ready, repolling fd = 7
Socket not ready, repolling fd = 7
Socket not ready, repolling fd = 7
Socket not ready, repolling fd = 7
Socket not ready, repolling fd = 7
Socket not ready, repolling fd = 7
Socket not ready, repolling fd = 7
Socket not ready, repolling fd = 7
Socket not ready, repolling fd = 7
Socket not ready, repolling fd = 7
Socket not ready, repolling fd = 7
Socket not ready, repolling fd = 7
Socket not ready, repolling fd = 7
Socket not ready, repolling fd = 7
Socket not ready, repolling fd = 7
Socket not ready, repolling fd = 7
Socket not ready, repolling fd = 7
Socket not ready, repolling fd = 7
Socket not ready, repolling fd = 7
Socket not ready, repolling fd = 7
Socket not ready, repolling fd = 7
Socket not ready, repolling fd = 7
Socket not ready, repolling fd = 7
Socket not ready, repolling fd = 7
Socket not ready, repolling fd = 7
Socket not ready, repolling fd = 7
Socket not ready, repolling fd = 7
Socket not ready, repolling fd = 7
Socket not ready, repolling fd = 7
Socket not ready, repolling fd = 7
Socket not ready, repolling fd = 7
Socket not ready, repolling fd = 7
Socket not ready, repolling fd = 7
Socket not ready, repolling fd = 7
Socket not ready, repolling fd = 7
Socket not ready, repolling fd = 7
Socket not ready, repolling fd = 7
Socket not ready, repolling fd = 7
Socket not ready, repolling fd = 7
Socket not ready, repolling fd = 7
Socket not ready, repolling fd = 7
Socket not ready, repolling fd = 7
Socket not ready, repolling fd = 7
Socket not ready, repolling fd = 7
Socket not ready, repolling fd = 7
Socket not ready, repolling fd = 7
Socket not ready, repolling fd = 7
Socket not ready, repolling fd = 7
Socket not ready, repolling fd = 7
Socket not ready, repolling fd = 7
Socket not ready, repolling fd = 7
Socket not ready, repolling fd = 7
Socket not ready, repolling fd = 7
Socket not ready, repolling fd = 7
Socket not ready, repolling fd = 7
Socket not ready, repolling fd = 7
Socket not ready, repolling fd = 7
Socket not ready, repolling fd = 7
Socket not ready, repolling fd = 7
Socket not ready, repolling fd = 7
Socket not ready, repolling fd = 7
Socket not ready, repolling fd = 7
Socket not ready, repolling fd = 7
Socket not ready, repolling fd = 7
Socket not ready, repolling fd = 7
Socket not ready, repolling fd = 7
Socket not ready, repolling fd = 7
Socket not ready, repolling fd = 7
Socket not ready, repolling fd = 7
Socket not ready, repolling fd = 7
Socket not ready, repolling fd = 7
Socket not ready, repolling fd = 7
Socket not ready, repolling fd = 7
Socket not ready, repolling fd = 7
Socket not ready, repolling fd = 7
Socket not ready, repolling fd = 7
Socket not ready, repolling fd = 7
Socket not ready, repolling fd = 7
Socket not ready, repolling fd = 7
Socket not ready, repolling fd = 7
Socket not ready, repolling fd = 7
Socket not ready, repolling fd = 7
Socket not ready, repolling fd = 7
Socket not ready, repolling fd = 7
Socket not ready, repolling fd = 7
Socket not ready, repolling fd = 7
Socket not ready, repolling fd = 7
Socket not ready, repolling fd = 7
Socket not ready, repolling fd = 7
Socket not ready, repolling fd = 7
Socket not ready, repolling fd = 7
Socket not ready, repolling fd = 7
Socket not ready, repolling fd = 7
Socket not ready, repolling fd = 7
Socket not ready, repolling fd = 7
Socket not ready, repolling fd = 7
Socket not ready, repolling fd = 7
Socket not ready, repolling fd = 7
Socket not ready, repolling fd = 7
Socket not ready, repolling fd = 7
Socket not ready, repolling fd = 7
Socket not ready, repolling fd = 7
Socket not ready, repolling fd = 7
Socket not ready, repolling fd = 7
Socket not ready, repolling fd = 7
Socket not ready, repolling fd = 7
Socket not ready, repolling fd = 7
Socket not ready, repolling fd = 7
Socket not ready, repolling fd = 7
Socket not ready, repolling fd = 7
Socket not ready, repolling fd = 7
Socket not ready, repolling fd = 7
Socket not ready, repolling fd = 7
Socket not ready, repolling fd = 7
Socket not ready, repolling fd = 7
Socket not ready, repolling fd = 7
Socket not ready, repolling fd = 7
Socket not ready, repolling fd = 7
Socket not ready, repolling fd = 7
Socket not ready, repolling fd = 7
Socket not ready, repolling fd = 7
Socket not ready, repolling fd = 7
Socket not ready, repolling fd = 7
Socket not ready, repolling fd = 7
Socket not ready, repolling fd = 7
Socket not ready, repolling fd = 7
Socket not ready, repolling fd = 7
Socket not ready, repolling fd = 7
Socket not ready, repolling fd = 7
Socket not ready, repolling fd = 7
Socket not ready, repolling fd = 7
Socket not ready, repolling fd = 7
Socket not ready, repolling fd = 7
Socket not ready, repolling fd = 7
Socket not ready, repolling fd = 7
Socket not ready, repolling fd = 7
Socket not ready, repolling fd = 7
Socket not ready, repolling fd = 7
Socket not ready, repolling fd = 7
Socket not ready, repolling fd = 7
Socket not ready, repolling fd = 7
Socket not ready, repolling fd = 7
Socket not ready, repolling fd = 7
Socket not ready, repolling fd = 7
Socket not ready, repolling fd = 7
Socket not ready, repolling fd = 7
Socket not ready, repolling fd = 7
Socket not ready, repolling fd = 7
Socket not ready, repolling fd = 7
Socket not ready, repolling fd = 7
Socket not ready, repolling fd = 7
Socket not ready, repolling fd = 7
Socket not ready, repolling fd = 7
Socket not ready, repolling fd = 7
Socket not ready, repolling fd = 7
Socket not ready, repolling fd = 7
Socket not ready, repolling fd = 7
Socket not ready, repolling fd = 7
Socket not ready, repolling fd = 7
Socket not ready, repolling fd = 7
Socket not ready, repolling fd = 7
Socket not ready, repolling fd = 7
Socket not ready, repolling fd = 7
Socket not ready, repolling fd = 7
Socket not ready, repolling fd = 7
Socket not ready, repolling fd = 7
Socket not ready, repolling fd = 7
Socket not ready, repolling fd = 7
Socket not ready, repolling fd = 7
Socket not ready, repolling fd = 7
Socket not ready, repolling fd = 7
Socket not ready, repolling fd = 7
Socket not ready, repolling fd = 7
Socket not ready, repolling fd = 7
Socket not ready, repolling fd = 7
Socket not ready, repolling fd = 7
Socket not ready, repolling fd = 7
Socket not ready, repolling fd = 7
Socket not ready, repolling fd = 7
Socket not ready, repolling fd = 7
Socket not ready, repolling fd = 7
Socket not ready, repolling fd = 7
Socket not ready, repolling fd = 7
Socket not ready, repolling fd = 7
Socket not ready, repolling fd = 7
Socket not ready, repolling fd = 7
Socket not ready, repolling fd = 7
Socket not ready, repolling fd = 7
Socket not ready, repolling fd = 7
Socket not ready, repolling fd = 7
Socket not ready, repolling fd = 7
Socket not ready, repolling fd = 7
Socket not ready, repolling fd = 7
Socket not ready, repolling fd = 7
Socket not ready, repolling fd = 7
Socket not ready, repolling fd = 7
Socket not ready, repolling fd = 7
Socket not ready, repolling fd = 7
Socket not ready, repolling fd = 7
Socket not ready, repolling fd = 7
Socket not ready, repolling fd = 7
Socket not ready, repolling fd = 7
Socket not ready, repolling fd = 7
Socket not ready, repolling fd = 7
Socket not ready, repolling fd = 7
Socket not ready, repolling fd = 7
Socket not ready, repolling fd = 7
Socket not ready, repolling fd = 7
Socket not ready, repolling fd = 7
Socket not ready, repolling fd = 7
Socket not ready, repolling fd = 7
Socket not ready, repolling fd = 7
Socket not ready, repolling fd = 7
Socket not ready, repolling fd = 7
Socket not ready, repolling fd = 7
Socket not ready, repolling fd = 7
Socket not ready, repolling fd = 7
Socket not ready, repolling fd = 7
Socket not ready, repolling fd = 7
Socket not ready, repolling fd = 7
Socket not ready, repolling fd = 7
Socket not ready, repolling fd = 7
Socket not ready, repolling fd = 7
Socket not ready, repolling fd = 7
Socket not ready, repolling fd = 7
Socket not ready, repolling fd = 7
Socket not ready, repolling fd = 7
Socket not ready, repolling fd = 7
Socket not ready, repolling fd = 7
Socket not ready, repolling fd = 7
Socket not ready, repolling fd = 7
Socket not ready, repolling fd = 7
Socket not ready, repolling fd = 7
Socket not ready, repolling fd = 7
Socket not ready, repolling fd = 7
Socket not ready, repolling fd = 7
Socket not ready, repolling fd = 7
Socket not ready, repolling fd = 7
Socket not ready, repolling fd = 7
Socket not ready, repolling fd = 7
Socket not ready, repolling fd = 7
Socket not ready, repolling fd = 7
Socket not ready, repolling fd = 7
Socket not ready, repolling fd = 7
Socket not ready, repolling fd = 7
Socket not ready, repolling fd = 7
Socket not ready, repolling fd = 7
Socket not ready, repolling fd = 7
Socket not ready, repolling fd = 7
Socket not ready, repolling fd = 7
Socket not ready, repolling fd = 7
Socket not ready, repolling fd = 7
Socket not ready, repolling fd = 7
Socket not ready, repolling fd = 7
Socket not ready, repolling fd = 7
Socket not ready, repolling fd = 7
Socket not ready, repolling fd = 7
Socket not ready, repolling fd = 7
Socket not ready, repolling fd = 7
Socket not ready, repolling fd = 7
Socket not ready, repolling fd = 7
Socket not ready, repolling fd = 7
Socket not ready, repolling fd = 7
Socket not ready, repolling fd = 7
Socket not ready, repolling fd = 7
Socket not ready, repolling fd = 7
Socket not ready, repolling fd = 7
Socket not ready, repolling fd = 7
Socket not ready, repolling fd = 7
Socket not ready, repolling fd = 7
Socket not ready, repolling fd = 7
Socket not ready, repolling fd = 7
Socket not ready, repolling fd = 7
Socket not ready, repolling fd = 7
Socket not ready, repolling fd = 7
Socket not ready, repolling fd = 7
Socket not ready, repolling fd = 7
Socket not ready, repolling fd = 7
Socket not ready, repolling fd = 7
Socket not ready, repolling fd = 7
Socket not ready, repolling fd = 7
Socket not ready, repolling fd = 7
Socket not ready, repolling fd = 7
Socket not ready, repolling fd = 7
Socket not ready, repolling fd = 7
Socket not ready, repolling fd = 7
Socket not ready, repolling fd = 7
Socket not ready, repolling fd = 7
Socket not ready, repolling fd = 7
Socket not ready, repolling fd = 7
Socket not ready, repolling fd = 7
Socket not ready, repolling fd = 7
Socket not ready, repolling fd = 7
Socket not ready, repolling fd = 7
Socket not ready, repolling fd = 7
Socket not ready, repolling fd = 7
Socket not ready, repolling fd = 7
Socket not ready, repolling fd = 7
Socket not ready, repolling fd = 7
Socket not ready, repolling fd = 7
Socket not ready, repolling fd = 7
Socket not ready, repolling fd = 7
Socket not ready, repolling fd = 7
Socket not ready, repolling fd = 7
Socket not ready, repolling fd = 7
Socket not ready, repolling fd = 7
Socket not ready, repolling fd = 7
Socket not ready, repolling fd = 7
Socket not ready, repolling fd = 7
Socket not ready, repolling fd = 7
Socket not ready, repolling fd = 7
Socket not ready, repolling fd = 7
Socket not ready, repolling fd = 7
Socket not ready, repolling fd = 7
Socket not ready, repolling fd = 7
Socket not ready, repolling fd = 7
Socket not ready, repolling fd = 7
Socket not ready, repolling fd = 7
Socket not ready, repolling fd = 7
Socket not ready, repolling fd = 7
Socket not ready, repolling fd = 7
Socket not ready, repolling fd = 7
Socket not ready, repolling fd = 7
Socket not ready, repolling fd = 7
Socket not ready, repolling fd = 7
Socket not ready, repolling fd = 7
Socket not ready, repolling fd = 7
Socket not ready, repolling fd = 7
Socket not ready, repolling fd = 7
Socket not ready, repolling fd = 7
Socket not ready, repolling fd = 7
Socket not ready, repolling fd = 7
Socket not ready, repolling fd = 7
Socket not ready, repolling fd = 7
Socket not ready, repolling fd = 7
Socket not ready, repolling fd = 7
Socket not ready, repolling fd = 7
Socket not ready, repolling fd = 7
Socket not ready, repolling fd = 7
Socket not ready, repolling fd = 7
Socket not ready, repolling fd = 7
Socket not ready, repolling fd = 7
Socket not ready, repolling fd = 7
Socket not ready, repolling fd = 7
Socket not ready, repolling fd = 7
Socket not ready, repolling fd = 7
Socket not ready, repolling fd = 7
Socket not ready, repolling fd = 7
Socket not ready, repolling fd = 7
Socket not ready, repolling fd = 7
Socket not ready, repolling fd = 7
Socket not ready, repolling fd = 7
Socket not ready, repolling fd = 7
Socket not ready, repolling fd = 7
Socket not ready, repolling fd = 7
Socket not ready, repolling fd = 7
Socket not ready, repolling fd = 7
Socket not ready, repolling fd = 7
Socket not ready, repolling fd = 7
Socket not ready, repolling fd = 7
Socket not ready, repolling fd = 7
Socket not ready, repolling fd = 7
Socket not ready, repolling fd = 7
Socket not ready, repolling fd = 7
Socket not ready, repolling fd = 7
Socket not ready, repolling fd = 7
Socket not ready, repolling fd = 7
Socket not ready, repolling fd = 7
Socket not ready, repolling fd = 7
Socket not ready, repolling fd = 7
Socket not ready, repolling fd = 7
Socket not ready, repolling fd = 7
Socket not ready, repolling fd = 7
Socket not ready, repolling fd = 7
Socket not ready, repolling fd = 7
Socket not ready, repolling fd = 7
Socket not ready, repolling fd = 7
Socket not ready, repolling fd = 7
Socket not ready, repolling fd = 7
Socket not ready, repolling fd = 7
Socket not ready, repolling fd = 7
Socket not ready, repolling fd = 7
Socket not ready, repolling fd = 7
Socket not ready, repolling fd = 7
Socket not ready, repolling fd = 7
Socket not ready, repolling fd = 7
Socket not ready, repolling fd = 7
Socket not ready, repolling fd = 7
Socket not ready, repolling fd = 7
Socket not ready, repolling fd = 7
Socket not ready, repolling fd = 7
Socket not ready, repolling fd = 7
Socket not ready, repolling fd = 7
Socket not ready, repolling fd = 7
Socket not ready, repolling fd = 7
Socket not ready, repolling fd = 7
Socket not ready, repolling fd = 7
Socket not ready, repolling fd = 7
Socket not ready, repolling fd = 7
Socket not ready, repolling fd = 7
Socket not ready, repolling fd = 7
Socket not ready, repolling fd = 7
Socket not ready, repolling fd = 7
Socket not ready, repolling fd = 7
Socket not ready, repolling fd = 7
Socket not ready, repolling fd = 7
Socket not ready, repolling fd = 7
Socket not ready, repolling fd = 7
Socket not ready, repolling fd = 7
Socket not ready, repolling fd = 7
Socket not ready, repolling fd = 7
Socket not ready, repolling fd = 7
Socket not ready, repolling fd = 7
Socket not ready, repolling fd = 7
Socket not ready, repolling fd = 7
Socket not ready, repolling fd = 7
Socket not ready, repolling fd = 7
Socket not ready, repolling fd = 7
Socket not ready, repolling fd = 7
Socket not ready, repolling fd = 7
Socket not ready, repolling fd = 7
Socket not ready, repolling fd = 7
Socket not ready, repolling fd = 7
Socket not ready, repolling fd = 7
Socket not ready, repolling fd = 7
Socket not ready, repolling fd = 7
Socket not ready, repolling fd = 7
Socket not ready, repolling fd = 7
Socket not ready, repolling fd = 7
Socket not ready, repolling fd = 7
Socket not ready, repolling fd = 7
Socket not ready, repolling fd = 7
Socket not ready, repolling fd = 7
Socket not ready, repolling fd = 7
Socket not ready, repolling fd = 7
Socket not ready, repolling fd = 7
Socket not ready, repolling fd = 7
Socket not ready, repolling fd = 7
Socket not ready, repolling fd = 7
Socket not ready, repolling fd = 7
Socket not ready, repolling fd = 7
Socket not ready, repolling fd = 7
Socket not ready, repolling fd = 7
Socket not ready, repolling fd = 7
Socket not ready, repolling fd = 7
Socket not ready, repolling fd = 7
Socket not ready, repolling fd = 7
Socket not ready, repolling fd = 7
Socket not ready, repolling fd = 7
Socket not ready, repolling fd = 7
Socket not ready, repolling fd = 7
Socket not ready, repolling fd = 7
Socket not ready, repolling fd = 7
Socket not ready, repolling fd = 7
Socket not ready, repolling fd = 7
Socket not ready, repolling fd = 7
Socket not ready, repolling fd = 7
Socket not ready, repolling fd = 7
Socket not ready, repolling fd = 7
Socket not ready, repolling fd = 7
Socket not ready, repolling fd = 7
Socket not ready, repolling fd = 7
Socket not ready, repolling fd = 7
Socket not ready, repolling fd = 7
Socket not ready, repolling fd = 7
Socket not ready, repolling fd = 7
Socket not ready, repolling fd = 7
Socket not ready, repolling fd = 7
Socket not ready, repolling fd = 7
Socket not ready, repolling fd = 7
Socket not ready, repolling fd = 7
Socket not ready, repolling fd = 7
Socket not ready, repolling fd = 7
Socket not ready, repolling fd = 7
Socket not ready, repolling fd = 7
Socket not ready, repolling fd = 7
Socket not ready, repolling fd = 7
Socket not ready, repolling fd = 7
Socket not ready, repolling fd = 7
Socket not ready, repolling fd = 7
Socket not ready, repolling fd = 7
Socket not ready, repolling fd = 7
Socket not ready, repolling fd = 7
Socket not ready, repolling fd = 7
Socket not ready, repolling fd = 7
Socket not ready, repolling fd = 7
Socket not ready, repolling fd = 7
Socket not ready, repolling fd = 7
Socket not ready, repolling fd = 7
Socket not ready, repolling fd = 7
Socket not ready, repolling fd = 7
Socket not ready, repolling fd = 7
Socket not ready, repolling fd = 7
Socket not ready, repolling fd = 7
Socket not ready, repolling fd = 7
Socket not ready, repolling fd = 7
Socket not ready, repolling fd = 7
Socket not ready, repolling fd = 7
Socket not ready, repolling fd = 7
Socket not ready, repolling fd = 7
Socket not ready, repolling fd = 7
Socket not ready, repolling fd = 7
Socket not ready, repolling fd = 7
Socket not ready, repolling fd = 7
Socket not ready, repolling fd = 7
Socket not ready, repolling fd = 7
Socket not ready, repolling fd = 7
Socket not ready, repolling fd = 7
Socket not ready, repolling fd = 7
Socket not ready, repolling fd = 7
Socket not ready, repolling fd = 7
Socket not ready, repolling fd = 7
Socket not ready, repolling fd = 7
Socket not ready, repolling fd = 7
Socket not ready, repolling fd = 7
Socket not ready, repolling fd = 7
Socket not ready, repolling fd = 7
Socket not ready, repolling fd = 7
Socket not ready, repolling fd = 7
Socket not ready, repolling fd = 7
Socket not ready, repolling fd = 7
Socket not ready, repolling fd = 7
Socket not ready, repolling fd = 7
Socket not ready, repolling fd = 7
Socket not ready, repolling fd = 7
Socket not ready, repolling fd = 7
Socket not ready, repolling fd = 7
Socket not ready, repolling fd = 7
Socket not ready, repolling fd = 7
Socket not ready, repolling fd = 7
Socket not ready, repolling fd = 7
Socket not ready, repolling fd = 7
Socket not ready, repolling fd = 7
Socket not ready, repolling fd = 7
Socket not ready, repolling fd = 7
Socket not ready, repolling fd = 7
Socket not ready, repolling fd = 7
Socket not ready, repolling fd = 7
Socket not ready, repolling fd = 7
Socket not ready, repolling fd = 7
Socket not ready, repolling fd = 7
Socket not ready, repolling fd = 7
Socket not ready, repolling fd = 7
Socket not ready, repolling fd = 7
Socket not ready, repolling fd = 7
Socket not ready, repolling fd = 7
Socket not ready, repolling fd = 7
Socket not ready, repolling fd = 7
Socket not ready, repolling fd = 7
Socket not ready, repolling fd = 7
Socket not ready, repolling fd = 7
Socket not ready, repolling fd = 7
Socket not ready, repolling fd = 7
Socket not ready, repolling fd = 7
Socket not ready, repolling fd = 7
Socket not ready, repolling fd = 7
Socket not ready, repolling fd = 7
Socket not ready, repolling fd = 7
Socket not ready, repolling fd = 7
Socket not ready, repolling fd = 7
Socket not ready, repolling fd = 7
Socket not ready, repolling fd = 7
Socket not ready, repolling fd = 7
Socket not ready, repolling fd = 7
Socket not ready, repolling fd = 7
Socket not ready, repolling fd = 7
Socket not ready, repolling fd = 7
Socket not ready, repolling fd = 7
Socket not ready, repolling fd = 7
Socket not ready, repolling fd = 7
Socket not ready, repolling fd = 7
Socket not ready, repolling fd = 7
Socket not ready, repolling fd = 7
Socket not ready, repolling fd = 7
Socket not ready, repolling fd = 7
Socket not ready, repolling fd = 7
Socket not ready, repolling fd = 7
Socket not ready, repolling fd = 7
Socket not ready, repolling fd = 7
Socket not ready, repolling fd = 7
Socket not ready, repolling fd = 7
Socket not ready, repolling fd = 7
Socket not ready, repolling fd = 7
Socket not ready, repolling fd = 7
Socket not ready, repolling fd = 7
Socket not ready, repolling fd = 7
Socket not ready, repolling fd = 7
Socket not ready, repolling fd = 7
Socket not ready, repolling fd = 7
Socket not ready, repolling fd = 7
Socket not ready, repolling fd = 7
Socket not ready, repolling fd = 7
Socket not ready, repolling fd = 7
Socket not ready, repolling fd = 7
Socket not ready, repolling fd = 7
Socket not ready, repolling fd = 7
Socket not ready, repolling fd = 7
Socket not ready, repolling fd = 7
Socket not ready, repolling fd = 7
Socket not ready, repolling fd = 7
Socket not ready, repolling fd = 7
Socket not ready, repolling fd = 7
Socket not ready, repolling fd = 7
Socket not ready, repolling fd = 7
Socket not ready, repolling fd = 7
Socket not ready, repolling fd = 7
Socket not ready, repolling fd = 7
Socket not ready, repolling fd = 7
Socket not ready, repolling fd = 7
Socket not ready, repolling fd = 7
Socket not ready, repolling fd = 7
Socket not ready, repolling fd = 7
Socket not ready, repolling fd = 7
Socket not ready, repolling fd = 7
Socket not ready, repolling fd = 7
Socket not ready, repolling fd = 7
Socket not ready, repolling fd = 7
Socket not ready, repolling fd = 7
Socket not ready, repolling fd = 7
Socket not ready, repolling fd = 7
Socket not ready, repolling fd = 7
Socket not ready, repolling fd = 7
Socket not ready, repolling fd = 7
Socket not ready, repolling fd = 7
Socket not ready, repolling fd = 7
Socket not ready, repolling fd = 7
Socket not ready, repolling fd = 7
Socket not ready, repolling fd = 7
Socket not ready, repolling fd = 7
Socket not ready, repolling fd = 7
Socket not ready, repolling fd = 7
Socket not ready, repolling fd = 7
Socket not ready, repolling fd = 7
Socket not ready, repolling fd = 7
Socket not ready, repolling fd = 7
Socket not ready, repolling fd = 7
Socket not ready, repolling fd = 7
Socket not ready, repolling fd = 7
Socket not ready, repolling fd = 7
Socket not ready, repolling fd = 7
Socket not ready, repolling fd = 7
Socket not ready, repolling fd = 7
Socket not ready, repolling fd = 7
Socket not ready, repolling fd = 7
Socket not ready, repolling fd = 7
Socket not ready, repolling fd = 7
Socket not ready, repolling fd = 7
Socket not ready, repolling fd = 7
Socket not ready, repolling fd = 7
Socket not ready, repolling fd = 7
Socket not ready, repolling fd = 7
Socket not ready, repolling fd = 7
Socket not ready, repolling fd = 7
Socket not ready, repolling fd = 7
Socket not ready, repolling fd = 7
Socket not ready, repolling fd = 7
Socket not ready, repolling fd = 7
Socket not ready, repolling fd = 7
Socket not ready, repolling fd = 7
Socket not ready, repolling fd = 7
Socket not ready, repolling fd = 7
Socket not ready, repolling fd = 7
Socket not ready, repolling fd = 7
Socket not ready, repolling fd = 7
Socket not ready, repolling fd = 7
Socket not ready, repolling fd = 7
Socket not ready, repolling fd = 7
Socket not ready, repolling fd = 7
Socket not ready, repolling fd = 7
Socket not ready, repolling fd = 7
Socket not ready, repolling fd = 7
Socket not ready, repolling fd = 7
Socket not ready, repolling fd = 7
Socket not ready, repolling fd = 7
Socket not ready, repolling fd = 7
Socket not ready, repolling fd = 7
Socket not ready, repolling fd = 7
Socket not ready, repolling fd = 7
Socket not ready, repolling fd = 7
Socket not ready, repolling fd = 7
Socket not ready, repolling fd = 7
Socket not ready, repolling fd = 7
Socket not ready, repolling fd = 7
Socket not ready, repolling fd = 7
Socket not ready, repolling fd = 7
Socket not ready, repolling fd = 7
Socket not ready, repolling fd = 7
Socket not ready, repolling fd = 7
Socket not ready, repolling fd = 7
Socket not ready, repolling fd = 7
Socket not ready, repolling fd = 7
Socket not ready, repolling fd = 7
Socket not ready, repolling fd = 7
Socket not ready, repolling fd = 7
Socket not ready, repolling fd = 7
Socket not ready, repolling fd = 7
Socket not ready, repolling fd = 7
Socket not ready, repolling fd = 9
Socket not ready, repolling fd = 9
Socket not ready, repolling fd = 9
Socket not ready, repolling fd = 9
Socket not ready, repolling fd = 9
Socket not ready, repolling fd = 9
Socket not ready, repolling fd = 9
Socket not ready, repolling fd = 9
Socket not ready, repolling fd = 9
Socket not ready, repolling fd = 9
Socket not ready, repolling fd = 9
Socket not ready, repolling fd = 9
Socket not ready, repolling fd = 9
Socket not ready, repolling fd = 9
Socket not ready, repolling fd = 9
Socket not ready, repolling fd = 9
Socket not ready, repolling fd = 9
Socket not ready, repolling fd = 9
Socket not ready, repolling fd = 9
Socket not ready, repolling fd = 9
Socket not ready, repolling fd = 9
Socket not ready, repolling fd = 9
Socket not ready, repolling fd = 9
Socket not ready, repolling fd = 9
Socket not ready, repolling fd = 9
Socket not ready, repolling fd = 9
Socket not ready, repolling fd = 9
Socket not ready, repolling fd = 9
Socket not ready, repolling fd = 9
Socket not ready, repolling fd = 9
Socket not ready, repolling fd = 9
Socket not ready, repolling fd = 9
Socket not ready, repolling fd = 9
Socket not ready, repolling fd = 9
Socket not ready, repolling fd = 9
Socket not ready, repolling fd = 9
Socket not ready, repolling fd = 9
Socket not ready, repolling fd = 9
Socket not ready, repolling fd = 9
Socket not ready, repolling fd = 9
Socket not ready, repolling fd = 9
Socket not ready, repolling fd = 9
Socket not ready, repolling fd = 9
Socket not ready, repolling fd = 9
Socket not ready, repolling fd = 9
Socket not ready, repolling fd = 9
Socket not ready, repolling fd = 9
Socket not ready, repolling fd = 9
Socket not ready, repolling fd = 9
Socket not ready, repolling fd = 9
Socket not ready, repolling fd = 9
Socket not ready, repolling fd = 9
Socket not ready, repolling fd = 9
Socket not ready, repolling fd = 9
Socket not ready, repolling fd = 9
Socket not ready, repolling fd = 9
Socket not ready, repolling fd = 9
Socket not ready, repolling fd = 9
Socket not ready, repolling fd = 9
Socket not ready, repolling fd = 9
Socket not ready, repolling fd = 9
Socket not ready, repolling fd = 9
Socket not ready, repolling fd = 9
Socket not ready, repolling fd = 9
Socket not ready, repolling fd = 9
Socket not ready, repolling fd = 9
Socket not ready, repolling fd = 9
Socket not ready, repolling fd = 9
Socket not ready, repolling fd = 9
Socket not ready, repolling fd = 9
Socket not ready, repolling fd = 9
Socket not ready, repolling fd = 9
Socket not ready, repolling fd = 9
Socket not ready, repolling fd = 9
Socket not ready, repolling fd = 9
Socket not ready, repolling fd = 9
Socket not ready, repolling fd = 9
Socket not ready, repolling fd = 9
Socket not ready, repolling fd = 9
Socket not ready, repolling fd = 9
Socket not ready, repolling fd = 9
Socket not ready, repolling fd = 9
Socket not ready, repolling fd = 9
Socket not ready, repolling fd = 9
Socket not ready, repolling fd = 9
Socket not ready, repolling fd = 9
Socket not ready, repolling fd = 9
Socket not ready, repolling fd = 9
Socket not ready, repolling fd = 9
Socket not ready, repolling fd = 9
Socket not ready, repolling fd = 9
Socket not ready, repolling fd = 9
Socket not ready, repolling fd = 9
Socket not ready, repolling fd = 9
Socket not ready, repolling fd = 9
Socket not ready, repolling fd = 9
Socket not ready, repolling fd = 9
Socket not ready, repolling fd = 9
Socket not ready, repolling fd = 9
Socket not ready, repolling fd = 9
Socket not ready, repolling fd = 9
Socket not ready, repolling fd = 9
Socket not ready, repolling fd = 9
Socket not ready, repolling fd = 9
Socket not ready, repolling fd = 9
Socket not ready, repolling fd = 9
Socket not ready, repolling fd = 9
Socket not ready, repolling fd = 9
Socket not ready, repolling fd = 9
Socket not ready, repolling fd = 9
Socket not ready, repolling fd = 9
Socket not ready, repolling fd = 9
Socket not ready, repolling fd = 9
Socket not ready, repolling fd = 9
Socket not ready, repolling fd = 9
Socket not ready, repolling fd = 9
Socket not ready, repolling fd = 9
Socket not ready, repolling fd = 9
Socket not ready, repolling fd = 9
Socket not ready, repolling fd = 9
Socket not ready, repolling fd = 9
Socket not ready, repolling fd = 9
Socket not ready, repolling fd = 9
Socket not ready, repolling fd = 9
Socket not ready, repolling fd = 9
Socket not ready, repolling fd = 9
Socket not ready, repolling fd = 9
Socket not ready, repolling fd = 9
Socket not ready, repolling fd = 9
Socket not ready, repolling fd = 9
Socket not ready, repolling fd = 9
Socket not ready, repolling fd = 9
Socket not ready, repolling fd = 9
Socket not ready, repolling fd = 9
Socket not ready, repolling fd = 9
Socket not ready, repolling fd = 9
Socket not ready, repolling fd = 9
Socket not ready, repolling fd = 9
Socket not ready, repolling fd = 9
Socket not ready, repolling fd = 9
Socket not ready, repolling fd = 9
Socket not ready, repolling fd = 9
Socket not ready, repolling fd = 9
Socket not ready, repolling fd = 9
Socket not ready, repolling fd = 9
Socket not ready, repolling fd = 9
Socket not ready, repolling fd = 9
Socket not ready, repolling fd = 9
Socket not ready, repolling fd = 9
Socket not ready, repolling fd = 9
Socket not ready, repolling fd = 9
Socket not ready, repolling fd = 9
Socket not ready, repolling fd = 9
Socket not ready, repolling fd = 9
Socket not ready, repolling fd = 9
Socket not ready, repolling fd = 9
Socket not ready, repolling fd = 9
Socket not ready, repolling fd = 9
Socket not ready, repolling fd = 9
Socket not ready, repolling fd = 9
Socket not ready, repolling fd = 9
Socket not ready, repolling fd = 9
Socket not ready, repolling fd = 9
Socket not ready, repolling fd = 9
Socket not ready, repolling fd = 9
Socket not ready, repolling fd = 9
Socket not ready, repolling fd = 9
Socket not ready, repolling fd = 9
Socket not ready, repolling fd = 9
Socket not ready, repolling fd = 9
Socket not ready, repolling fd = 9
Socket not ready, repolling fd = 9
Socket not ready, repolling fd = 9
Socket not ready, repolling fd = 9
Socket not ready, repolling fd = 9
Socket not ready, repolling fd = 9
Socket not ready, repolling fd = 9
Socket not ready, repolling fd = 9
Socket not ready, repolling fd = 9
Socket not ready, repolling fd = 9
Socket not ready, repolling fd = 9
Socket not ready, repolling fd = 9
Socket not ready, repolling fd = 9
Socket not ready, repolling fd = 9
Socket not ready, repolling fd = 9
Socket not ready, repolling fd = 9
Socket not ready, repolling fd = 9
Socket not ready, repolling fd = 9
Socket not ready, repolling fd = 9
Socket not ready, repolling fd = 9
Socket not ready, repolling fd = 9
Socket not ready, repolling fd = 9
Socket not ready, repolling fd = 9
Socket not ready, repolling fd = 9
Socket not ready, repolling fd = 9
Socket not ready, repolling fd = 9
Socket not ready, repolling fd = 9
Socket not ready, repolling fd = 9
Socket not ready, repolling fd = 9
Socket not ready, repolling fd = 9
Socket not ready, repolling fd = 9
Socket not ready, repolling fd = 9
Socket not ready, repolling fd = 9
Socket not ready, repolling fd = 9
Socket not ready, repolling fd = 9
Socket not ready, repolling fd = 9
Socket not ready, repolling fd = 9
Socket not ready, repolling fd = 9
Socket not ready, repolling fd = 9
Socket not ready, repolling fd = 9
Socket not ready, repolling fd = 9
Socket not ready, repolling fd = 9
Socket not ready, repolling fd = 9
Socket not ready, repolling fd = 9
Socket not ready, repolling fd = 9
Socket not ready, repolling fd = 9
Socket not ready, repolling fd = 9
Socket not ready, repolling fd = 9
Socket not ready, repolling fd = 9
Socket not ready, repolling fd = 9
Socket not ready, repolling fd = 9
Socket not ready, repolling fd = 9
Socket not ready, repolling fd = 9
Socket not ready, repolling fd = 9
Socket not ready, repolling fd = 9
Socket not ready, repolling fd = 9
Socket not ready, repolling fd = 9
Socket not ready, repolling fd = 9
Socket not ready, repolling fd = 9
Socket not ready, repolling fd = 9
Socket not ready, repolling fd = 9
Socket not ready, repolling fd = 9
Socket not ready, repolling fd = 9
Socket not ready, repolling fd = 9
Socket not ready, repolling fd = 9
Socket not ready, repolling fd = 9
Socket not ready, repolling fd = 9
Socket not ready, repolling fd = 9
Socket not ready, repolling fd = 9
Socket not ready, repolling fd = 9
Socket not ready, repolling fd = 9
Socket not ready, repolling fd = 9
Socket not ready, repolling fd = 9
Socket not ready, repolling fd = 9
Socket not ready, repolling fd = 9
Socket not ready, repolling fd = 9
Socket not ready, repolling fd = 9
Socket not ready, repolling fd = 9
Socket not ready, repolling fd = 9
Socket not ready, repolling fd = 9
Socket not ready, repolling fd = 9
Socket not ready, repolling fd = 9
Socket not ready, repolling fd = 9
Socket not ready, repolling fd = 9
Socket not ready, repolling fd = 9
Socket not ready, repolling fd = 9
Socket not ready, repolling fd = 9
Socket not ready, repolling fd = 9
Socket not ready, repolling fd = 9
Socket not ready, repolling fd = 9
Socket not ready, repolling fd = 9
Socket not ready, repolling fd = 9
Socket not ready, repolling fd = 9
Socket not ready, repolling fd = 9
Socket not ready, repolling fd = 9
Socket not ready, repolling fd = 9
Socket not ready, repolling fd = 9
Socket not ready, repolling fd = 9
Socket not ready, repolling fd = 9
Socket not ready, repolling fd = 9
Socket not ready, repolling fd = 9
Socket not ready, repolling fd = 9
Socket not ready, repolling fd = 9
Socket not ready, repolling fd = 9
Socket not ready, repolling fd = 9
Socket not ready, repolling fd = 9
Socket not ready, repolling fd = 9
Socket not ready, repolling fd = 9
Socket not ready, repolling fd = 9
Socket not ready, repolling fd = 9
Socket not ready, repolling fd = 9
Socket not ready, repolling fd = 9
Socket not ready, repolling fd = 9
Socket not ready, repolling fd = 9
Socket not ready, repolling fd = 9
Socket not ready, repolling fd = 9
Socket not ready, repolling fd = 9
Socket not ready, repolling fd = 9
Socket not ready, repolling fd = 9
Socket not ready, repolling fd = 9
Socket not ready, repolling fd = 9
Socket not ready, repolling fd = 9
Socket not ready, repolling fd = 9
Socket not ready, repolling fd = 9
Socket not ready, repolling fd = 9
Socket not ready, repolling fd = 9
Socket not ready, repolling fd = 9
Socket not ready, repolling fd = 9
Socket not ready, repolling fd = 9
Socket not ready, repolling fd = 9
Socket not ready, repolling fd = 9
Socket not ready, repolling fd = 9
Socket not ready, repolling fd = 9
Socket not ready, repolling fd = 9
Socket not ready, repolling fd = 9
Socket not ready, repolling fd = 9
Socket not ready, repolling fd = 9
Socket not ready, repolling fd = 9
Socket not ready, repolling fd = 9
Socket not ready, repolling fd = 9
Socket not ready, repolling fd = 9
Socket not ready, repolling fd = 9
Socket not ready, repolling fd = 9
Socket not ready, repolling fd = 9
Socket not ready, repolling fd = 9
Socket not ready, repolling fd = 9
Socket not ready, repolling fd = 9
Socket not ready, repolling fd = 9
Socket not ready, repolling fd = 9
Socket not ready, repolling fd = 9
Socket not ready, repolling fd = 9
Socket not ready, repolling fd = 9
Socket not ready, repolling fd = 9
Socket not ready, repolling fd = 9
Socket not ready, repolling fd = 9
Socket not ready, repolling fd = 9
Socket not ready, repolling fd = 9
Socket not ready, repolling fd = 9
Socket not ready, repolling fd = 9
Socket not ready, repolling fd = 9
Socket not ready, repolling fd = 9
Socket not ready, repolling fd = 9
Socket not ready, repolling fd = 9
Socket not ready, repolling fd = 9
Socket not ready, repolling fd = 9
Socket not ready, repolling fd = 9
Socket not ready, repolling fd = 9
Socket not ready, repolling fd = 9
Socket not ready, repolling fd = 9
Socket not ready, repolling fd = 9
Socket not ready, repolling fd = 9
Socket not ready, repolling fd = 9
Socket not ready, repolling fd = 9
Socket not ready, repolling fd = 9
Socket not ready, repolling fd = 9
Socket not ready, repolling fd = 9
Socket not ready, repolling fd = 9
Socket not ready, repolling fd = 9
Socket not ready, repolling fd = 9
Socket not ready, repolling fd = 9
Socket not ready, repolling fd = 9
Socket not ready, repolling fd = 9
Socket not ready, repolling fd = 9
Socket not ready, repolling fd = 9
Socket not ready, repolling fd = 9
Socket not ready, repolling fd = 9
Socket not ready, repolling fd = 9
Socket not ready, repolling fd = 9
Socket not ready, repolling fd = 9
Socket not ready, repolling fd = 9
Socket not ready, repolling fd = 9
Socket not ready, repolling fd = 9
Socket not ready, repolling fd = 9
Socket not ready, repolling fd = 9
Socket not ready, repolling fd = 9
Socket not ready, repolling fd = 9
Socket not ready, repolling fd = 9
Socket not ready, repolling fd = 9
Socket not ready, repolling fd = 9
Socket not ready, repolling fd = 9
Socket not ready, repolling fd = 9
Socket not ready, repolling fd = 9
Socket not ready, repolling fd = 9
Socket not ready, repolling fd = 9
Socket not ready, repolling fd = 9
Socket not ready, repolling fd = 9
Socket not ready, repolling fd = 9
Socket not ready, repolling fd = 9
Socket not ready, repolling fd = 9
Socket not ready, repolling fd = 9
Socket not ready, repolling fd = 9
Socket not ready, repolling fd = 9
Socket not ready, repolling fd = 9
Socket not ready, repolling fd = 9
Socket not ready, repolling fd = 9
Socket not ready, repolling fd = 9
Socket not ready, repolling fd = 9
Socket not ready, repolling fd = 9
Socket not ready, repolling fd = 9
Socket not ready, repolling fd = 9
Socket not ready, repolling fd = 9
Socket not ready, repolling fd = 9
Socket not ready, repolling fd = 9
Socket not ready, repolling fd = 9
Socket not ready, repolling fd = 9
Socket not ready, repolling fd = 9
Socket not ready, repolling fd = 9
Socket not ready, repolling fd = 9
Socket not ready, repolling fd = 9
Socket not ready, repolling fd = 9
Socket not ready, repolling fd = 9
Socket not ready, repolling fd = 9
Socket not ready, repolling fd = 9
Socket not ready, repolling fd = 9
Socket not ready, repolling fd = 9
Socket not ready, repolling fd = 9
Socket not ready, repolling fd = 9
Socket not ready, repolling fd = 9
Socket not ready, repolling fd = 9
Socket not ready, repolling fd = 9
Socket not ready, repolling fd = 9
Socket not ready, repolling fd = 9
Socket not ready, repolling fd = 9
Socket not ready, repolling fd = 9
Socket not ready, repolling fd = 9
Socket not ready, repolling fd = 9
Socket not ready, repolling fd = 9
Socket not ready, repolling fd = 9
Socket not ready, repolling fd = 9
Socket not ready, repolling fd = 9
Socket not ready, repolling fd = 9
Socket not ready, repolling fd = 9
Socket not ready, repolling fd = 9
Socket not ready, repolling fd = 9
Socket not ready, repolling fd = 9
Socket not ready, repolling fd = 9
Socket not ready, repolling fd = 9
Socket not ready, repolling fd = 9
Socket not ready, repolling fd = 9
Socket not ready, repolling fd = 9
Socket not ready, repolling fd = 9
Socket not ready, repolling fd = 9
Socket not ready, repolling fd = 9
Socket not ready, repolling fd = 9
Socket not ready, repolling fd = 9
Socket not ready, repolling fd = 9
Socket not ready, repolling fd = 9
Socket not ready, repolling fd = 9
Socket not ready, repolling fd = 9
Socket not ready, repolling fd = 9
Socket not ready, repolling fd = 9
Socket not ready, repolling fd = 9
Socket not ready, repolling fd = 9
Socket not ready, repolling fd = 9
Socket not ready, repolling fd = 9
Socket not ready, repolling fd = 9
Socket not ready, repolling fd = 9
Socket not ready, repolling fd = 9
Socket not ready, repolling fd = 9
Socket not ready, repolling fd = 9
Socket not ready, repolling fd = 9
Socket not ready, repolling fd = 9
Socket not ready, repolling fd = 9
Socket not ready, repolling fd = 9
Socket not ready, repolling fd = 9
Socket not ready, repolling fd = 9
Socket not ready, repolling fd = 9
Socket not ready, repolling fd = 9
Socket not ready, repolling fd = 9
Socket not ready, repolling fd = 9
Socket not ready, repolling fd = 9
Socket not ready, repolling fd = 9
Socket not ready, repolling fd = 9
Socket not ready, repolling fd = 9
Socket not ready, repolling fd = 9
Socket not ready, repolling fd = 9
Socket not ready, repolling fd = 9
Socket not ready, repolling fd = 9
Socket not ready, repolling fd = 9
Socket not ready, repolling fd = 9
Socket not ready, repolling fd = 9
Socket not ready, repolling fd = 9
Socket not ready, repolling fd = 9
Socket not ready, repolling fd = 9
Socket not ready, repolling fd = 9
Socket not ready, repolling fd = 9
Socket not ready, repolling fd = 9
Socket not ready, repolling fd = 9
Socket not ready, repolling fd = 9
Socket not ready, repolling fd = 9
Socket not ready, repolling fd = 9
Socket not ready, repolling fd = 9
Socket not ready, repolling fd = 9
Socket not ready, repolling fd = 9
Socket not ready, repolling fd = 9
Socket not ready, repolling fd = 9
Socket not ready, repolling fd = 9
Socket not ready, repolling fd = 9
Socket not ready, repolling fd = 9
Socket not ready, repolling fd = 9
Socket not ready, repolling fd = 9
Socket not ready, repolling fd = 9
Socket not ready, repolling fd = 9
Socket not ready, repolling fd = 9
Socket not ready, repolling fd = 9
Socket not ready, repolling fd = 9
Socket not ready, repolling fd = 9
Socket not ready, repolling fd = 9
Socket not ready, repolling fd = 9
Socket not ready, repolling fd = 9
Socket not ready, repolling fd = 9
Socket not ready, repolling fd = 9
Socket not ready, repolling fd = 9
Socket not ready, repolling fd = 9
Socket not ready, repolling fd = 9
Socket not ready, repolling fd = 9
Socket not ready, repolling fd = 9
Socket not ready, repolling fd = 9
Socket not ready, repolling fd = 9
Socket not ready, repolling fd = 9
Socket not ready, repolling fd = 9
Socket not ready, repolling fd = 9
Socket not ready, repolling fd = 9
Socket not ready, repolling fd = 9
Socket not ready, repolling fd = 9
Socket not ready, repolling fd = 9
Socket not ready, repolling fd = 9
Socket not ready, repolling fd = 9
Socket not ready, repolling fd = 9
Socket not ready, repolling fd = 9
Socket not ready, repolling fd = 9
Socket not ready, repolling fd = 9
Socket not ready, repolling fd = 9
Socket not ready, repolling fd = 9
Socket not ready, repolling fd = 9
Socket not ready, repolling fd = 9
Socket not ready, repolling fd = 9
Socket not ready, repolling fd = 9
Socket not ready, repolling fd = 9
Socket not ready, repolling fd = 9
Socket not ready, repolling fd = 9
Socket not ready, repolling fd = 9
Socket not ready, repolling fd = 9
Socket not ready, repolling fd = 9
Socket not ready, repolling fd = 9
Socket not ready, repolling fd = 9
Socket not ready, repolling fd = 9
Socket not ready, repolling fd = 9
Socket not ready, repolling fd = 9
Socket not ready, repolling fd = 9
Socket not ready, repolling fd = 9
Socket not ready, repolling fd = 9
Socket not ready, repolling fd = 9
Socket not ready, repolling fd = 9
Socket not ready, repolling fd = 9
Socket not ready, repolling fd = 9
Socket not ready, repolling fd = 9
Socket not ready, repolling fd = 9
Socket not ready, repolling fd = 9
Socket not ready, repolling fd = 9
Socket not ready, repolling fd = 9
Socket not ready, repolling fd = 9
Socket not ready, repolling fd = 9
Socket not ready, repolling fd = 9
Socket not ready, repolling fd = 9
Socket not ready, repolling fd = 9
Socket not ready, repolling fd = 9
Socket not ready, repolling fd = 9
Socket not ready, repolling fd = 9
Socket not ready, repolling fd = 9
Socket not ready, repolling fd = 9
Socket not ready, repolling fd = 9
Socket not ready, repolling fd = 9
Socket not ready, repolling fd = 9
Socket not ready, repolling fd = 9
Socket not ready, repolling fd = 9
Socket not ready, repolling fd = 9
Socket not ready, repolling fd = 9
Socket not ready, repolling fd = 9
Socket not ready, repolling fd = 9
Socket not ready, repolling fd = 9
Socket not ready, repolling fd = 9
Socket not ready, repolling fd = 9
Socket not ready, repolling fd = 9
Socket not ready, repolling fd = 9
Socket not ready, repolling fd = 9
Socket not ready, repolling fd = 9
Socket not ready, repolling fd = 9
Socket not ready, repolling fd = 9
Socket not ready, repolling fd = 9
Socket not ready, repolling fd = 9
Socket not ready, repolling fd = 9
Socket not ready, repolling fd = 9
Socket not ready, repolling fd = 9
Socket not ready, repolling fd = 9
Socket not ready, repolling fd = 9
Socket not ready, repolling fd = 9
Socket not ready, repolling fd = 9
Socket not ready, repolling fd = 9
Socket not ready, repolling fd = 9
Socket not ready, repolling fd = 9
Socket not ready, repolling fd = 9
Socket not ready, repolling fd = 9
Socket not ready, repolling fd = 9
Socket not ready, repolling fd = 9
Socket not ready, repolling fd = 9
Socket not ready, repolling fd = 9
Socket not ready, repolling fd = 9
Socket not ready, repolling fd = 9
Socket not ready, repolling fd = 9
Socket not ready, repolling fd = 9
Socket not ready, repolling fd = 9
Socket not ready, repolling fd = 9
Socket not ready, repolling fd = 9
Socket not ready, repolling fd = 9
Socket not ready, repolling fd = 9
Socket not ready, repolling fd = 9
Socket not ready, repolling fd = 9
Socket not ready, repolling fd = 9
Socket not ready, repolling fd = 9
Socket not ready, repolling fd = 9
Socket not ready, repolling fd = 9
Socket not ready, repolling fd = 9
Socket not ready, repolling fd = 9
Socket not ready, repolling fd = 9
Socket not ready, repolling fd = 9
Socket not ready, repolling fd = 9
Socket not ready, repolling fd = 9
Socket not ready, repolling fd = 9
Socket not ready, repolling fd = 9
Socket not ready, repolling fd = 9
Socket not ready, repolling fd = 9
Socket not ready, repolling fd = 9
Socket not ready, repolling fd = 9
Socket not ready, repolling fd = 9
Socket not ready, repolling fd = 9
Socket not ready, repolling fd = 9
Socket not ready, repolling fd = 9
Socket not ready, repolling fd = 9
Socket not ready, repolling fd = 9
Socket not ready, repolling fd = 9
Socket not ready, repolling fd = 9
Socket not ready, repolling fd = 9
Socket not ready, repolling fd = 9
Socket not ready, repolling fd = 9
Socket not ready, repolling fd = 9
Socket not ready, repolling fd = 9
Socket not ready, repolling fd = 9
Socket not ready, repolling fd = 9
Socket not ready, repolling fd = 9
Socket not ready, repolling fd = 9
Socket not ready, repolling fd = 9
Socket not ready, repolling fd = 9
Socket not ready, repolling fd = 9
Socket not ready, repolling fd = 9
Socket not ready, repolling fd = 9
Socket not ready, repolling fd = 9
Socket not ready, repolling fd = 9
Socket not ready, repolling fd = 9
Socket not ready, repolling fd = 9
Socket not ready, repolling fd = 9
Socket not ready, repolling fd = 9
Socket not ready, repolling fd = 9
Socket not ready, repolling fd = 9
Socket not ready, repolling fd = 9
Socket not ready, repolling fd = 9
Socket not ready, repolling fd = 9
Socket not ready, repolling fd = 9
Socket not ready, repolling fd = 9
Socket not ready, repolling fd = 9
Socket not ready, repolling fd = 9
Socket not ready, repolling fd = 9
Socket not ready, repolling fd = 9
Socket not ready, repolling fd = 9
Socket not ready, repolling fd = 9
Socket not ready, repolling fd = 9
Socket not ready, repolling fd = 9
Socket not ready, repolling fd = 9
Socket not ready, repolling fd = 9
Socket not ready, repolling fd = 9
Socket not ready, repolling fd = 9
Socket not ready, repolling fd = 9
Socket not ready, repolling fd = 9
Socket not ready, repolling fd = 9
Socket not ready, repolling fd = 9
Socket not ready, repolling fd = 9
Socket not ready, repolling fd = 9
Socket not ready, repolling fd = 9
Socket not ready, repolling fd = 9
Socket not ready, repolling fd = 9
Socket not ready, repolling fd = 9
Socket not ready, repolling fd = 9
Socket not ready, repolling fd = 9
Socket not ready, repolling fd = 9
Socket not ready, repolling fd = 9
Socket not ready, repolling fd = 9
Socket not ready, repolling fd = 9
Socket not ready, repolling fd = 9
Socket not ready, repolling fd = 9
Socket not ready, repolling fd = 9
Socket not ready, repolling fd = 9
Socket not ready, repolling fd = 9
Socket not ready, repolling fd = 9
Socket not ready, repolling fd = 9
Socket not ready, repolling fd = 9
Socket not ready, repolling fd = 9
Socket not ready, repolling fd = 9
Socket not ready, repolling fd = 9
Socket not ready, repolling fd = 9
Socket not ready, repolling fd = 9
Socket not ready, repolling fd = 9
Socket not ready, repolling fd = 9
Socket not ready, repolling fd = 9
Socket not ready, repolling fd = 9
Socket not ready, repolling fd = 9
Socket not ready, repolling fd = 9
Socket not ready, repolling fd = 9
Socket not ready, repolling fd = 9
Socket not ready, repolling fd = 9
Socket not ready, repolling fd = 9
Socket not ready, repolling fd = 9
Socket not ready, repolling fd = 9
Socket not ready, repolling fd = 9
Socket not ready, repolling fd = 9
Socket not ready, repolling fd = 9
Socket not ready, repolling fd = 9
Socket not ready, repolling fd = 9
Socket not ready, repolling fd = 9
Socket not ready, repolling fd = 9
Socket not ready, repolling fd = 9
Socket not ready, repolling fd = 9
Socket not ready, repolling fd = 9
Socket not ready, repolling fd = 9
Socket not ready, repolling fd = 9
Socket not ready, repolling fd = 9
Socket not ready, repolling fd = 9
Socket not ready, repolling fd = 9
Socket not ready, repolling fd = 9
Socket not ready, repolling fd = 9
Socket not ready, repolling fd = 9
Socket not ready, repolling fd = 9
Socket not ready, repolling fd = 9
Socket not ready, repolling fd = 9
Socket not ready, repolling fd = 9
Socket not ready, repolling fd = 9
Socket not ready, repolling fd = 9
Socket not ready, repolling fd = 9
Socket not ready, repolling fd = 9
Socket not ready, repolling fd = 9
Socket not ready, repolling fd = 9
Socket not ready, repolling fd = 9
Socket not ready, repolling fd = 9
Socket not ready, repolling fd = 9
Socket not ready, repolling fd = 9
Socket not ready, repolling fd = 9
Socket not ready, repolling fd = 9
Socket not ready, repolling fd = 9
Socket not ready, repolling fd = 9
Socket not ready, repolling fd = 9
Socket not ready, repolling fd = 9
Socket not ready, repolling fd = 9
Socket not ready, repolling fd = 9
Socket not ready, repolling fd = 9
Socket not ready, repolling fd = 9
Socket not ready, repolling fd = 9
Socket not ready, repolling fd = 9
Socket not ready, repolling fd = 9
Socket not ready, repolling fd = 9
Socket not ready, repolling fd = 9
Socket not ready, repolling fd = 9
Socket not ready, repolling fd = 9
Socket not ready, repolling fd = 9
Socket not ready, repolling fd = 9
Socket not ready, repolling fd = 9
Socket not ready, repolling fd = 9
Socket not ready, repolling fd = 9
Socket not ready, repolling fd = 9
Socket not ready, repolling fd = 9
Socket not ready, repolling fd = 9
Socket not ready, repolling fd = 9
Socket not ready, repolling fd = 9
Socket not ready, repolling fd = 9
Socket not ready, repolling fd = 9
Socket not ready, repolling fd = 9
Socket not ready, repolling fd = 9
Socket not ready, repolling fd = 9
Socket not ready, repolling fd = 9
Socket not ready, repolling fd = 9
Socket not ready, repolling fd = 9
Socket not ready, repolling fd = 9
Socket not ready, repolling fd = 9
Socket not ready, repolling fd = 9
Socket not ready, repolling fd = 9
Socket not ready, repolling fd = 9
Socket not ready, repolling fd = 9
Socket not ready, repolling fd = 9
Socket not ready, repolling fd = 9
Socket not ready, repolling fd = 9
Socket not ready, repolling fd = 9
Socket not ready, repolling fd = 9
Socket not ready, repolling fd = 9
Socket not ready, repolling fd = 9
Socket not ready, repolling fd = 9
Socket not ready, repolling fd = 9
Socket not ready, repolling fd = 9
Socket not ready, repolling fd = 9
Socket not ready, repolling fd = 9
Socket not ready, repolling fd = 9
Socket not ready, repolling fd = 9
Socket not ready, repolling fd = 9
Socket not ready, repolling fd = 9
Socket not ready, repolling fd = 9
Socket not ready, repolling fd = 9
Socket not ready, repolling fd = 9
Socket not ready, repolling fd = 9
Socket not ready, repolling fd = 9
Socket not ready, repolling fd = 9
Socket not ready, repolling fd = 9
Socket not ready, repolling fd = 9
Socket not ready, repolling fd = 9
Socket not ready, repolling fd = 9
Socket not ready, repolling fd = 9
Socket not ready, repolling fd = 9
Socket not ready, repolling fd = 9
Socket not ready, repolling fd = 9
Socket not ready, repolling fd = 9
Socket not ready, repolling fd = 9
Socket not ready, repolling fd = 9
Socket not ready, repolling fd = 9
Socket not ready, repolling fd = 9
Socket not ready, repolling fd = 9
Socket not ready, repolling fd = 9
Socket not ready, repolling fd = 9
Socket not ready, repolling fd = 9
Socket not ready, repolling fd = 9
Socket not ready, repolling fd = 9
Socket not ready, repolling fd = 9
Socket not ready, repolling fd = 9
Socket not ready, repolling fd = 9
Socket not ready, repolling fd = 9
Socket not ready, repolling fd = 9
Socket not ready, repolling fd = 9
Socket not ready, repolling fd = 9
Socket not ready, repolling fd = 9
Socket not ready, repolling fd = 9
Socket not ready, repolling fd = 9
Socket not ready, repolling fd = 9
Socket not ready, repolling fd = 9
Socket not ready, repolling fd = 9
Socket not ready, repolling fd = 9
Socket not ready, repolling fd = 9
Socket not ready, repolling fd = 9
Socket not ready, repolling fd = 9
Socket not ready, repolling fd = 9
Socket not ready, repolling fd = 9
Socket not ready, repolling fd = 9
Socket not ready, repolling fd = 9
Socket not ready, repolling fd = 9
Socket not ready, repolling fd = 9
Socket not ready, repolling fd = 9
Socket not ready, repolling fd = 9
Socket not ready, repolling fd = 9
Socket not ready, repolling fd = 9
Socket not ready, repolling fd = 9
Socket not ready, repolling fd = 9
Socket not ready, repolling fd = 9
Socket not ready, repolling fd = 9
Socket not ready, repolling fd = 9
Socket not ready, repolling fd = 9
Socket not ready, repolling fd = 9
Socket not ready, repolling fd = 9
Socket not ready, repolling fd = 9
Socket not ready, repolling fd = 9
Socket not ready, repolling fd = 9
Socket not ready, repolling fd = 9
Socket not ready, repolling fd = 9
Socket not ready, repolling fd = 9
Socket not ready, repolling fd = 9
Socket not ready, repolling fd = 9
Socket not ready, repolling fd = 9
Socket not ready, repolling fd = 9
Socket not ready, repolling fd = 9
Socket not ready, repolling fd = 9
Socket not ready, repolling fd = 9
Socket not ready, repolling fd = 9
Socket not ready, repolling fd = 9
Socket not ready, repolling fd = 9
Socket not ready, repolling fd = 9
Socket not ready, repolling fd = 9
Socket not ready, repolling fd = 9
Socket not ready, repolling fd = 9
Socket not ready, repolling fd = 9
Socket not ready, repolling fd = 9
Socket not ready, repolling fd = 9
Socket not ready, repolling fd = 9
Socket not ready, repolling fd = 9
Socket not ready, repolling fd = 9
Socket not ready, repolling fd = 9
Socket not ready, repolling fd = 9
Socket not ready, repolling fd = 9
Socket not ready, repolling fd = 9
Socket not ready, repolling fd = 9
Socket not ready, repolling fd = 9
Socket not ready, repolling fd = 9
Socket not ready, repolling fd = 9
Socket not ready, repolling fd = 9
Socket not ready, repolling fd = 9
Socket not ready, repolling fd = 9
Socket not ready, repolling fd = 9
Socket not ready, repolling fd = 9
Socket not ready, repolling fd = 9
Socket not ready, repolling fd = 9
Socket not ready, repolling fd = 9
Socket not ready, repolling fd = 9
Socket not ready, repolling fd = 9
Socket not ready, repolling fd = 9
Socket not ready, repolling fd = 9
Socket not ready, repolling fd = 9
Socket not ready, repolling fd = 9
Socket not ready, repolling fd = 9
Socket not ready, repolling fd = 9
Socket not ready, repolling fd = 9
Socket not ready, repolling fd = 9
Socket not ready, repolling fd = 9
Socket not ready, repolling fd = 9
Socket not ready, repolling fd = 9
Socket not ready, repolling fd = 9
Socket not ready, repolling fd = 9
Socket not ready, repolling fd = 9
Socket not ready, repolling fd = 9
Socket not ready, repolling fd = 9
Socket not ready, repolling fd = 9
Socket not ready, repolling fd = 9
Socket not ready, repolling fd = 9
Socket not ready, repolling fd = 9
Socket not ready, repolling fd = 9
Socket not ready, repolling fd = 9
Socket not ready, repolling fd = 9
Socket not ready, repolling fd = 9
Socket not ready, repolling fd = 9
Socket not ready, repolling fd = 9
Socket not ready, repolling fd = 9
Socket not ready, repolling fd = 9
Socket not ready, repolling fd = 9
Socket not ready, repolling fd = 9
Socket not ready, repolling fd = 9
Socket not ready, repolling fd = 9
Socket not ready, repolling fd = 9
Socket not ready, repolling fd = 9
Socket not ready, repolling fd = 9
Socket not ready, repolling fd = 9
Socket not ready, repolling fd = 9
Socket not ready, repolling fd = 9
Socket not ready, repolling fd = 9
Socket not ready, repolling fd = 9
Socket not ready, repolling fd = 9
Socket not ready, repolling fd = 9
Socket not ready, repolling fd = 9
Socket not ready, repolling fd = 9
Socket not ready, repolling fd = 9
Socket not ready, repolling fd = 9
Socket not ready, repolling fd = 9
Socket not ready, repolling fd = 9
Socket not ready, repolling fd = 9
Socket not ready, repolling fd = 9
Socket not ready, repolling fd = 9
Socket not ready, repolling fd = 9
Socket not ready, repolling fd = 9
Socket not ready, repolling fd = 9
Socket not ready, repolling fd = 9
Socket not ready, repolling fd = 9
Socket not ready, repolling fd = 9
Socket not ready, repolling fd = 9
Socket not ready, repolling fd = 9
Socket not ready, repolling fd = 9
Socket not ready, repolling fd = 9
Socket not ready, repolling fd = 9
Socket not ready, repolling fd = 9
Socket not ready, repolling fd = 9
Socket not ready, repolling fd = 9
Socket not ready, repolling fd = 9
Socket not ready, repolling fd = 9
Socket not ready, repolling fd = 9
Socket not ready, repolling fd = 9
Socket not ready, repolling fd = 9
Socket not ready, repolling fd = 9
Socket not ready, repolling fd = 9
Socket not ready, repolling fd = 9
Socket not ready, repolling fd = 9
Socket not ready, repolling fd = 9
Socket not ready, repolling fd = 9
Socket not ready, repolling fd = 9
Socket not ready, repolling fd = 9
Socket not ready, repolling fd = 9
Socket not ready, repolling fd = 9
Socket not ready, repolling fd = 9
Socket not ready, repolling fd = 9
Socket not ready, repolling fd = 9
Socket not ready, repolling fd = 9
Socket not ready, repolling fd = 9
Socket not ready, repolling fd = 9
Socket not ready, repolling fd = 9
Socket not ready, repolling fd = 9
Socket not ready, repolling fd = 9
Socket not ready, repolling fd = 9
Socket not ready, repolling fd = 9
Socket not ready, repolling fd = 9
Socket not ready, repolling fd = 9
Socket not ready, repolling fd = 9
Socket not ready, repolling fd = 9
Socket not ready, repolling fd = 9
Socket not ready, repolling fd = 9
Socket not ready, repolling fd = 9
Socket not ready, repolling fd = 9
Socket not ready, repolling fd = 9
Socket not ready, repolling fd = 9
Socket not ready, repolling fd = 9
Socket not ready, repolling fd = 9
Socket not ready, repolling fd = 9
Socket not ready, repolling fd = 9
Socket not ready, repolling fd = 9
Socket not ready, repolling fd = 9
Socket not ready, repolling fd = 9
Socket not ready, repolling fd = 9
Socket not ready, repolling fd = 9
Socket not ready, repolling fd = 9
Socket not ready, repolling fd = 9
Socket not ready, repolling fd = 9
Socket not ready, repolling fd = 9
Socket not ready, repolling fd = 9
Socket not ready, repolling fd = 9
Socket not ready, repolling fd = 9
Socket not ready, repolling fd = 9
Socket not ready, repolling fd = 9
Socket not ready, repolling fd = 9
Socket not ready, repolling fd = 9
Socket not ready, repolling fd = 9
Socket not ready, repolling fd = 9
Socket not ready, repolling fd = 9
Socket not ready, repolling fd = 9
Socket not ready, repolling fd = 9
Socket not ready, repolling fd = 9
Socket not ready, repolling fd = 9
Socket not ready, repolling fd = 9
Socket not ready, repolling fd = 9
Socket not ready, repolling fd = 9
Socket not ready, repolling fd = 9
Socket not ready, repolling fd = 9
Socket not ready, repolling fd = 9
Socket not ready, repolling fd = 9
Socket not ready, repolling fd = 9
Socket not ready, repolling fd = 9
Socket not ready, repolling fd = 9
Socket not ready, repolling fd = 9
Socket not ready, repolling fd = 9
Socket not ready, repolling fd = 9
Socket not ready, repolling fd = 9
Socket not ready, repolling fd = 9
Socket not ready, repolling fd = 9
Socket not ready, repolling fd = 9
Socket not ready, repolling fd = 9
Socket not ready, repolling fd = 9
Socket not ready, repolling fd = 9
Socket not ready, repolling fd = 9
Socket not ready, repolling fd = 9
Socket not ready, repolling fd = 9
Socket not ready, repolling fd = 9
Socket not ready, repolling fd = 9
Socket not ready, repolling fd = 9
Socket not ready, repolling fd = 9
Socket not ready, repolling fd = 9
Socket not ready, repolling fd = 9
Socket not ready, repolling fd = 9
Socket not ready, repolling fd = 9
Socket not ready, repolling fd = 9
Socket not ready, repolling fd = 9
Socket not ready, repolling fd = 9
Socket not ready, repolling fd = 9
Socket not ready, repolling fd = 9
Socket not ready, repolling fd = 9
Socket not ready, repolling fd = 9
Socket not ready, repolling fd = 9
Socket not ready, repolling fd = 9
Socket not ready, repolling fd = 9
Socket not ready, repolling fd = 9
Socket not ready, repolling fd = 9
Socket not ready, repolling fd = 9
Socket not ready, repolling fd = 9
Socket not ready, repolling fd = 9
Socket not ready, repolling fd = 9
Socket not ready, repolling fd = 9
Socket not ready, repolling fd = 9
Socket not ready, repolling fd = 9
Socket not ready, repolling fd = 9
Socket not ready, repolling fd = 9
Socket not ready, repolling fd = 9
Socket not ready, repolling fd = 9
Socket not ready, repolling fd = 9
Socket not ready, repolling fd = 9
Socket not ready, repolling fd = 9
Socket not ready, repolling fd = 9
Socket not ready, repolling fd = 9
Socket not ready, repolling fd = 9
Socket not ready, repolling fd = 9
Socket not ready, repolling fd = 9
Socket not ready, repolling fd = 9
Socket not ready, repolling fd = 9
Socket not ready, repolling fd = 9
Socket not ready, repolling fd = 9
Socket not ready, repolling fd = 9
Socket not ready, repolling fd = 9
Socket not ready, repolling fd = 9
Socket not ready, repolling fd = 9
Socket not ready, repolling fd = 9
Socket not ready, repolling fd = 9
Socket not ready, repolling fd = 9
Socket not ready, repolling fd = 9
Socket not ready, repolling fd = 9
Socket not ready, repolling fd = 9
Socket not ready, repolling fd = 9
Socket not ready, repolling fd = 9
Socket not ready, repolling fd = 9
Socket not ready, repolling fd = 9
Socket not ready, repolling fd = 9
Socket not ready, repolling fd = 9
Socket not ready, repolling fd = 9
Socket not ready, repolling fd = 9
Socket not ready, repolling fd = 9
Socket not ready, repolling fd = 9
Socket not ready, repolling fd = 9
Socket not ready, repolling fd = 9
Socket not ready, repolling fd = 9
Socket not ready, repolling fd = 9
Socket not ready, repolling fd = 9
Socket not ready, repolling fd = 9
Socket not ready, repolling fd = 9
Socket not ready, repolling fd = 9
Socket not ready, repolling fd = 9
Socket not ready, repolling fd = 9
Socket not ready, repolling fd = 9
Socket not ready, repolling fd = 9
Socket not ready, repolling fd = 9
Socket not ready, repolling fd = 9
Socket not ready, repolling fd = 9
Socket not ready, repolling fd = 9
Socket not ready, repolling fd = 9
Socket not ready, repolling fd = 9
Socket not ready, repolling fd = 9
Socket not ready, repolling fd = 9
Socket not ready, repolling fd = 9
Socket not ready, repolling fd = 9
Socket not ready, repolling fd = 9
Socket not ready, repolling fd = 9
Socket not ready, repolling fd = 9
Socket not ready, repolling fd = 9
Socket not ready, repolling fd = 9
Socket not ready, repolling fd = 9
Socket not ready, repolling fd = 9
Socket not ready, repolling fd = 9
Socket not ready, repolling fd = 9
Socket not ready, repolling fd = 9
Socket not ready, repolling fd = 9
Socket not ready, repolling fd = 9
Socket not ready, repolling fd = 9
Socket not ready, repolling fd = 9
Socket not ready, repolling fd = 9
Socket not ready, repolling fd = 9
Socket not ready, repolling fd = 9
Socket not ready, repolling fd = 9
Socket not ready, repolling fd = 9
Socket not ready, repolling fd = 9
Socket not ready, repolling fd = 9
Socket not ready, repolling fd = 9
Socket not ready, repolling fd = 9
Socket not ready, repolling fd = 9
Socket not ready, repolling fd = 9
Socket not ready, repolling fd = 9
Socket not ready, repolling fd = 9
Socket not ready, repolling fd = 9
Socket not ready, repolling fd = 9
Socket not ready, repolling fd = 9
Socket not ready, repolling fd = 9
Socket not ready, repolling fd = 9
Socket not ready, repolling fd = 9
Socket not ready, repolling fd = 9
Socket not ready, repolling fd = 9
Socket not ready, repolling fd = 9
Socket not ready, repolling fd = 9
Socket not ready, repolling fd = 9
Socket not ready, repolling fd = 9
Socket not ready, repolling fd = 9
Socket not ready, repolling fd = 9
Socket not ready, repolling fd = 9
Socket not ready, repolling fd = 9
Socket not ready, repolling fd = 9
Socket not ready, repolling fd = 9
Socket not ready, repolling fd = 9
Socket not ready, repolling fd = 9
Socket not ready, repolling fd = 9
Socket not ready, repolling fd = 9
Socket not ready, repolling fd = 9
Socket not ready, repolling fd = 9
Socket not ready, repolling fd = 9
Socket not ready, repolling fd = 9
Socket not ready, repolling fd = 9
Socket not ready, repolling fd = 9
Socket not ready, repolling fd = 9
Socket not ready, repolling fd = 9
Socket not ready, repolling fd = 9
Socket not ready, repolling fd = 9
Socket not ready, repolling fd = 9
Socket not ready, repolling fd = 9
Socket not ready, repolling fd = 9
Socket not ready, repolling fd = 9
Socket not ready, repolling fd = 9
Socket not ready, repolling fd = 9
Socket not ready, repolling fd = 9
Socket not ready, repolling fd = 9
Socket not ready, repolling fd = 9
Socket not ready, repolling fd = 9
Socket not ready, repolling fd = 9
Socket not ready, repolling fd = 9
Socket not ready, repolling fd = 9
Socket not ready, repolling fd = 9
Socket not ready, repolling fd = 9
Socket not ready, repolling fd = 9
Socket not ready, repolling fd = 9
Socket not ready, repolling fd = 9
Socket not ready, repolling fd = 9
Socket not ready, repolling fd = 9
Socket not ready, repolling fd = 9
Socket not ready, repolling fd = 9
Socket not ready, repolling fd = 9
Socket not ready, repolling fd = 9
Socket not ready, repolling fd = 9
Socket not ready, repolling fd = 9
Socket not ready, repolling fd = 9
Socket not ready, repolling fd = 9
Socket not ready, repolling fd = 9
Socket not ready, repolling fd = 9
Socket not ready, repolling fd = 9
Socket not ready, repolling fd = 9
Socket not ready, repolling fd = 9
Socket not ready, repolling fd = 9
Socket not ready, repolling fd = 9
Socket not ready, repolling fd = 9
Socket not ready, repolling fd = 9
Socket not ready, repolling fd = 9
Socket not ready, repolling fd = 9
Socket not ready, repolling fd = 9
Socket not ready, repolling fd = 9
Socket not ready, repolling fd = 9
Socket not ready, repolling fd = 9
Socket not ready, repolling fd = 9
Socket not ready, repolling fd = 9
Socket not ready, repolling fd = 9
Socket not ready, repolling fd = 9
Socket not ready, repolling fd = 9
Socket not ready, repolling fd = 9
Socket not ready, repolling fd = 9
Socket not ready, repolling fd = 9
Socket not ready, repolling fd = 9
Socket not ready, repolling fd = 9
Socket not ready, repolling fd = 9
Socket not ready, repolling fd = 9
Socket not ready, repolling fd = 9
Socket not ready, repolling fd = 9
Socket not ready, repolling fd = 9
Socket not ready, repolling fd = 9
Socket not ready, repolling fd = 9
Socket not ready, repolling fd = 9
Socket not ready, repolling fd = 9
Socket not ready, repolling fd = 9
Socket not ready, repolling fd = 9
Socket not ready, repolling fd = 9
Socket not ready, repolling fd = 9
Socket not ready, repolling fd = 9
Socket not ready, repolling fd = 9
Socket not ready, repolling fd = 9
Socket not ready, repolling fd = 9
Socket not ready, repolling fd = 9
Socket not ready, repolling fd = 9
Socket not ready, repolling fd = 9
Socket not ready, repolling fd = 9
Socket not ready, repolling fd = 9
Socket not ready, repolling fd = 9
Socket not ready, repolling fd = 9
Socket not ready, repolling fd = 9
Socket not ready, repolling fd = 9
Socket not ready, repolling fd = 9
Socket not ready, repolling fd = 9
Socket not ready, repolling fd = 9
Socket not ready, repolling fd = 9
Socket not ready, repolling fd = 9
Socket not ready, repolling fd = 9
Socket not ready, repolling fd = 9
Socket not ready, repolling fd = 9
Socket not ready, repolling fd = 9
Socket not ready, repolling fd = 9
Socket not ready, repolling fd = 9
Socket not ready, repolling fd = 9
Socket not ready, repolling fd = 9
Socket not ready, repolling fd = 9
Socket not ready, repolling fd = 9
Socket not ready, repolling fd = 9
Socket not ready, repolling fd = 9
Socket not ready, repolling fd = 9
Socket not ready, repolling fd = 9
Socket not ready, repolling fd = 9
Socket not ready, repolling fd = 9
Socket not ready, repolling fd = 9
Socket not ready, repolling fd = 9
Socket not ready, repolling fd = 9
Socket not ready, repolling fd = 9
Socket not ready, repolling fd = 9
Socket not ready, repolling fd = 9
Socket not ready, repolling fd = 9
Socket not ready, repolling fd = 9
Socket not ready, repolling fd = 9
Socket not ready, repolling fd = 9
Socket not ready, repolling fd = 9
Socket not ready, repolling fd = 9
Socket not ready, repolling fd = 9
Socket not ready, repolling fd = 9
Socket not ready, repolling fd = 9
Socket not ready, repolling fd = 9
Socket not ready, repolling fd = 9
Socket not ready, repolling fd = 9
Socket not ready, repolling fd = 9
Socket not ready, repolling fd = 9
Socket not ready, repolling fd = 9
Socket not ready, repolling fd = 9
Socket not ready, repolling fd = 9
Socket not ready, repolling fd = 9
Socket not ready, repolling fd = 9
Socket not ready, repolling fd = 9
Socket not ready, repolling fd = 9
Socket not ready, repolling fd = 9
Socket not ready, repolling fd = 9
Socket not ready, repolling fd = 9
Socket not ready, repolling fd = 9
Socket not ready, repolling fd = 9
Socket not ready, repolling fd = 9
Socket not ready, repolling fd = 9
Socket not ready, repolling fd = 9
Socket not ready, repolling fd = 9
Socket not ready, repolling fd = 9
Socket not ready, repolling fd = 9
Socket not ready, repolling fd = 9
Socket not ready, repolling fd = 9
Socket not ready, repolling fd = 9
Socket not ready, repolling fd = 9
Socket not ready, repolling fd = 9
Socket not ready, repolling fd = 9
Socket not ready, repolling fd = 9
Socket not ready, repolling fd = 9
Socket not ready, repolling fd = 9
Socket not ready, repolling fd = 9
Socket not ready, repolling fd = 9
Socket not ready, repolling fd = 9
Socket not ready, repolling fd = 9
Socket not ready, repolling fd = 9
Socket not ready, repolling fd = 9
Socket not ready, repolling fd = 9
Socket not ready, repolling fd = 9
Socket not ready, repolling fd = 9
Socket not ready, repolling fd = 9
Socket not ready, repolling fd = 9
Socket not ready, repolling fd = 9
Socket not ready, repolling fd = 9
Socket not ready, repolling fd = 9
Socket not ready, repolling fd = 9
Socket not ready, repolling fd = 9
Socket not ready, repolling fd = 9
Socket not ready, repolling fd = 9
Socket not ready, repolling fd = 9
Socket not ready, repolling fd = 9
Socket not ready, repolling fd = 9
Socket not ready, repolling fd = 9
Socket not ready, repolling fd = 9
Socket not ready, repolling fd = 9
Socket not ready, repolling fd = 9
Socket not ready, repolling fd = 9
Socket not ready, repolling fd = 9
Socket not ready, repolling fd = 9
Socket not ready, repolling fd = 9
Socket not ready, repolling fd = 9
Socket not ready, repolling fd = 9
Socket not ready, repolling fd = 9
Socket not ready, repolling fd = 9
Socket not ready, repolling fd = 9
Socket not ready, repolling fd = 9
Socket not ready, repolling fd = 9
Socket not ready, repolling fd = 9
Socket not ready, repolling fd = 9
Socket not ready, repolling fd = 9
Socket not ready, repolling fd = 9
Socket not ready, repolling fd = 9
Socket not ready, repolling fd = 9
Socket not ready, repolling fd = 9
Socket not ready, repolling fd = 9
Socket not ready, repolling fd = 9
Socket not ready, repolling fd = 9
Socket not ready, repolling fd = 9
Socket not ready, repolling fd = 9
Socket not ready, repolling fd = 9
Socket not ready, repolling fd = 9
Socket not ready, repolling fd = 9
Socket not ready, repolling fd = 9
Socket not ready, repolling fd = 9
Socket not ready, repolling fd = 9
Socket not ready, repolling fd = 9
Socket not ready, repolling fd = 9
Socket not ready, repolling fd = 9
Socket not ready, repolling fd = 9
Socket not ready, repolling fd = 9
Socket not ready, repolling fd = 9
Socket not ready, repolling fd = 9
Socket not ready, repolling fd = 9
Socket not ready, repolling fd = 9
Socket not ready, repolling fd = 9
Socket not ready, repolling fd = 9
Socket not ready, repolling fd = 9
Socket not ready, repolling fd = 9
Socket not ready, repolling fd = 9
Socket not ready, repolling fd = 9
Socket not ready, repolling fd = 9
Socket not ready, repolling fd = 9
Socket not ready, repolling fd = 9
Socket not ready, repolling fd = 9
Socket not ready, repolling fd = 9
Socket not ready, repolling fd = 9
Socket not ready, repolling fd = 9
Socket not ready, repolling fd = 9
Socket not ready, repolling fd = 9
Socket not ready, repolling fd = 9
Socket not ready, repolling fd = 9
Socket not ready, repolling fd = 9
Socket not ready, repolling fd = 9
Socket not ready, repolling fd = 9
Socket not ready, repolling fd = 9
Socket not ready, repolling fd = 9
Socket not ready, repolling fd = 9
Socket not ready, repolling fd = 9
Socket not ready, repolling fd = 9
Socket not ready, repolling fd = 9
Socket not ready, repolling fd = 9
Socket not ready, repolling fd = 9
Socket not ready, repolling fd = 9
Socket not ready, repolling fd = 9
Socket not ready, repolling fd = 9
Socket not ready, repolling fd = 9
Socket not ready, repolling fd = 9
Socket not ready, repolling fd = 9
Socket not ready, repolling fd = 9
Socket not ready, repolling fd = 9
Socket not ready, repolling fd = 9
Socket not ready, repolling fd = 9
Socket not ready, repolling fd = 9
Socket not ready, repolling fd = 9
Socket not ready, repolling fd = 9
Socket not ready, repolling fd = 9
Socket not ready, repolling fd = 9
Socket not ready, repolling fd = 9
Socket not ready, repolling fd = 9
Socket not ready, repolling fd = 9
Socket not ready, repolling fd = 9
Socket not ready, repolling fd = 9
Socket not ready, repolling fd = 9
Socket not ready, repolling fd = 9
Socket not ready, repolling fd = 9
Socket not ready, repolling fd = 9
Socket not ready, repolling fd = 9
Socket not ready, repolling fd = 9
Socket not ready, repolling fd = 9
Socket not ready, repolling fd = 9
Socket not ready, repolling fd = 9
Socket not ready, repolling fd = 9
Socket not ready, repolling fd = 9
Socket not ready, repolling fd = 9
Socket not ready, repolling fd = 9
Socket not ready, repolling fd = 9
Socket not ready, repolling fd = 9
Socket not ready, repolling fd = 9
Socket not ready, repolling fd = 9
Socket not ready, repolling fd = 9
Socket not ready, repolling fd = 9
Socket not ready, repolling fd = 9
Socket not ready, repolling fd = 9
Socket not ready, repolling fd = 9
Socket not ready, repolling fd = 9
Socket not ready, repolling fd = 9
Socket not ready, repolling fd = 9
Socket not ready, repolling fd = 9
Socket not ready, repolling fd = 9
Socket not ready, repolling fd = 9
Socket not ready, repolling fd = 9
Socket not ready, repolling fd = 9
Socket not ready, repolling fd = 9
Socket not ready, repolling fd = 9
Socket not ready, repolling fd = 9
Socket not ready, repolling fd = 9
Socket not ready, repolling fd = 9
Socket not ready, repolling fd = 9
Socket not ready, repolling fd = 9
Socket not ready, repolling fd = 9
Socket not ready, repolling fd = 9
Socket not ready, repolling fd = 9
Socket not ready, repolling fd = 9
Socket not ready, repolling fd = 9
Socket not ready, repolling fd = 9
Socket not ready, repolling fd = 9
Socket not ready, repolling fd = 9
Socket not ready, repolling fd = 9
Socket not ready, repolling fd = 9
Socket not ready, repolling fd = 9
Socket not ready, repolling fd = 9
Socket not ready, repolling fd = 9
Socket not ready, repolling fd = 9
Socket not ready, repolling fd = 9
Socket not ready, repolling fd = 9
Socket not ready, repolling fd = 9
Socket not ready, repolling fd = 9
Socket not ready, repolling fd = 9
Socket not ready, repolling fd = 9
Socket not ready, repolling fd = 9
Socket not ready, repolling fd = 9
Socket not ready, repolling fd = 9
Socket not ready, repolling fd = 9
Socket not ready, repolling fd = 9
Socket not ready, repolling fd = 9
Socket not ready, repolling fd = 9
Socket not ready, repolling fd = 9
Socket not ready, repolling fd = 9
Socket not ready, repolling fd = 9
Socket not ready, repolling fd = 9
Socket not ready, repolling fd = 9
Socket not ready, repolling fd = 9
Socket not ready, repolling fd = 9
Socket not ready, repolling fd = 9
Socket not ready, repolling fd = 9
Socket not ready, repolling fd = 9
Socket not ready, repolling fd = 9
Socket not ready, repolling fd = 9
Socket not ready, repolling fd = 9
Socket not ready, repolling fd = 9
Socket not ready, repolling fd = 9
Socket not ready, repolling fd = 9
Socket not ready, repolling fd = 9
Socket not ready, repolling fd = 9
Socket not ready, repolling fd = 9
Socket not ready, repolling fd = 9
Socket not ready, repolling fd = 9
Socket not ready, repolling fd = 9
Socket not ready, repolling fd = 9
Socket not ready, repolling fd = 9
Socket not ready, repolling fd = 9
Socket not ready, repolling fd = 9
Socket not ready, repolling fd = 9
Socket not ready, repolling fd = 9
Socket not ready, repolling fd = 9
Socket not ready, repolling fd = 9
Socket not ready, repolling fd = 9
Socket not ready, repolling fd = 9
Socket not ready, repolling fd = 9
Socket not ready, repolling fd = 9
Socket not ready, repolling fd = 9
Socket not ready, repolling fd = 9
Socket not ready, repolling fd = 9
Socket not ready, repolling fd = 9
Socket not ready, repolling fd = 9
Socket not ready, repolling fd = 9
Socket not ready, repolling fd = 9
Socket not ready, repolling fd = 9
Socket not ready, repolling fd = 9
Socket not ready, repolling fd = 9
Socket not ready, repolling fd = 9
Socket not ready, repolling fd = 9
Socket not ready, repolling fd = 9
Socket not ready, repolling fd = 9
Socket not ready, repolling fd = 9
Socket not ready, repolling fd = 9
Socket not ready, repolling fd = 9
Socket not ready, repolling fd = 9
Socket not ready, repolling fd = 9
Socket not ready, repolling fd = 9
Socket not ready, repolling fd = 9
Socket not ready, repolling fd = 9
Socket not ready, repolling fd = 9
Socket not ready, repolling fd = 9
Socket not ready, repolling fd = 9
Socket not ready, repolling fd = 9
Socket not ready, repolling fd = 9
Socket not ready, repolling fd = 9
Socket not ready, repolling fd = 9
Socket not ready, repolling fd = 9
Socket not ready, repolling fd = 9
Socket not ready, repolling fd = 9
Socket not ready, repolling fd = 9
Socket not ready, repolling fd = 9
Socket not ready, repolling fd = 9
Socket not ready, repolling fd = 9
Socket not ready, repolling fd = 9
Socket not ready, repolling fd = 9
Socket not ready, repolling fd = 9
Socket not ready, repolling fd = 9
Socket not ready, repolling fd = 9
Socket not ready, repolling fd = 9
Socket not ready, repolling fd = 9
Socket not ready, repolling fd = 9
Socket not ready, repolling fd = 9
Socket not ready, repolling fd = 9
Socket not ready, repolling fd = 9
Socket not ready, repolling fd = 9
Socket not ready, repolling fd = 9
Socket not ready, repolling fd = 9
Socket not ready, repolling fd = 9
Socket not ready, repolling fd = 9
Socket not ready, repolling fd = 9
Socket not ready, repolling fd = 9
Socket not ready, repolling fd = 9
Socket not ready, repolling fd = 9
Socket not ready, repolling fd = 9
Socket not ready, repolling fd = 9
Socket not ready, repolling fd = 9
Socket not ready, repolling fd = 9
Socket not ready, repolling fd = 9
Socket not ready, repolling fd = 9
Socket not ready, repolling fd = 9
Socket not ready, repolling fd = 9
Socket not ready, repolling fd = 9
Socket not ready, repolling fd = 9
Socket not ready, repolling fd = 9
Socket not ready, repolling fd = 9
Socket not ready, repolling fd = 9
Socket not ready, repolling fd = 9
Socket not ready, repolling fd = 9
Socket not ready, repolling fd = 9
Socket not ready, repolling fd = 9
Socket not ready, repolling fd = 9
Socket not ready, repolling fd = 9
Socket not ready, repolling fd = 9
Socket not ready, repolling fd = 9
Socket not ready, repolling fd = 9
Socket not ready, repolling fd = 9
Socket not ready, repolling fd = 9
Socket not ready, repolling fd = 9
Socket not ready, repolling fd = 9
Socket not ready, repolling fd = 9
Socket not ready, repolling fd = 9
Socket not ready, repolling fd = 9
Socket not ready, repolling fd = 9
Socket not ready, repolling fd = 9
Socket not ready, repolling fd = 9
Socket not ready, repolling fd = 9
Socket not ready, repolling fd = 9
Socket not ready, repolling fd = 9
Socket not ready, repolling fd = 9
Socket not ready, repolling fd = 9
Socket not ready, repolling fd = 9
Socket not ready, repolling fd = 9
Socket not ready, repolling fd = 9
Socket not ready, repolling fd = 9
Socket not ready, repolling fd = 9
Socket not ready, repolling fd = 9
Socket not ready, repolling fd = 9
Socket not ready, repolling fd = 9
Socket not ready, repolling fd = 9
Socket not ready, repolling fd = 9
Socket not ready, repolling fd = 9
Socket not ready, repolling fd = 9
Socket not ready, repolling fd = 9
Socket not ready, repolling fd = 9
Socket not ready, repolling fd = 9
Socket not ready, repolling fd = 9
Socket not ready, repolling fd = 9
Socket not ready, repolling fd = 9
Socket not ready, repolling fd = 9
Socket not ready, repolling fd = 9
Socket not ready, repolling fd = 9
Socket not ready, repolling fd = 9
Socket not ready, repolling fd = 9
Socket not ready, repolling fd = 9
Socket not ready, repolling fd = 9
Socket not ready, repolling fd = 9
Socket not ready, repolling fd = 9
Socket not ready, repolling fd = 9
Socket not ready, repolling fd = 9
Socket not ready, repolling fd = 9
Socket not ready, repolling fd = 9
Socket not ready, repolling fd = 9
Socket not ready, repolling fd = 9
Socket not ready, repolling fd = 9
Socket not ready, repolling fd = 9
Socket not ready, repolling fd = 9
Socket not ready, repolling fd = 9
Socket not ready, repolling fd = 9
Socket not ready, repolling fd = 9
Socket not ready, repolling fd = 9
Socket not ready, repolling fd = 9
Socket not ready, repolling fd = 9
Socket not ready, repolling fd = 9
Socket not ready, repolling fd = 9
Socket not ready, repolling fd = 9
Socket not ready, repolling fd = 9
Socket not ready, repolling fd = 9
Socket not ready, repolling fd = 9
Socket not ready, repolling fd = 9
Socket not ready, repolling fd = 9
Socket not ready, repolling fd = 9
Socket not ready, repolling fd = 9
Socket not ready, repolling fd = 9
Socket not ready, repolling fd = 9
Socket not ready, repolling fd = 9
Socket not ready, repolling fd = 9
Socket not ready, repolling fd = 9
Socket not ready, repolling fd = 9
Socket not ready, repolling fd = 9
Socket not ready, repolling fd = 9
Socket not ready, repolling fd = 9
Socket not ready, repolling fd = 9
Socket not ready, repolling fd = 9
Socket not ready, repolling fd = 9
Socket not ready, repolling fd = 9
Socket not ready, repolling fd = 9
Socket not ready, repolling fd = 9
Socket not ready, repolling fd = 9
Socket not ready, repolling fd = 9
Socket not ready, repolling fd = 9
Socket not ready, repolling fd = 9
Socket not ready, repolling fd = 9
Socket not ready, repolling fd = 9
Socket not ready, repolling fd = 9
Socket not ready, repolling fd = 9
Socket not ready, repolling fd = 9
Socket not ready, repolling fd = 9
Socket not ready, repolling fd = 9
Socket not ready, repolling fd = 9
Socket not ready, repolling fd = 9
Socket not ready, repolling fd = 9
Socket not ready, repolling fd = 9
Socket not ready, repolling fd = 9
Socket not ready, repolling fd = 9
Socket not ready, repolling fd = 9
Socket not ready, repolling fd = 9
Socket not ready, repolling fd = 9
Socket not ready, repolling fd = 9
Socket not ready, repolling fd = 9
Socket not ready, repolling fd = 9
Socket not ready, repolling fd = 9
Socket not ready, repolling fd = 9
Socket not ready, repolling fd = 9
Socket not ready, repolling fd = 9
Socket not ready, repolling fd = 9
Socket not ready, repolling fd = 9
Socket not ready, repolling fd = 9
Socket not ready, repolling fd = 9
Socket not ready, repolling fd = 9
Socket not ready, repolling fd = 9
Socket not ready, repolling fd = 9
Socket not ready, repolling fd = 9
Socket not ready, repolling fd = 9
Socket not ready, repolling fd = 9
Socket not ready, repolling fd = 9
Socket not ready, repolling fd = 9
Socket not ready, repolling fd = 9
Socket not ready, repolling fd = 9
Socket not ready, repolling fd = 9
Socket not ready, repolling fd = 9
Socket not ready, repolling fd = 9
Socket not ready, repolling fd = 9
Socket not ready, repolling fd = 9
Socket not ready, repolling fd = 9
Socket not ready, repolling fd = 9
Socket not ready, repolling fd = 9
Socket not ready, repolling fd = 9
Socket not ready, repolling fd = 9
Socket not ready, repolling fd = 9
Socket not ready, repolling fd = 9
Socket not ready, repolling fd = 9
Socket not ready, repolling fd = 9
Socket not ready, repolling fd = 9
Socket not ready, repolling fd = 9
Socket not ready, repolling fd = 9
Socket not ready, repolling fd = 9
Socket not ready, repolling fd = 9
Socket not ready, repolling fd = 9
Socket not ready, repolling fd = 9
Socket not ready, repolling fd = 7
Socket not ready, repolling fd = 7
Socket not ready, repolling fd = 7
Socket not ready, repolling fd = 7
Socket not ready, repolling fd = 7
Socket not ready, repolling fd = 7
Socket not ready, repolling fd = 7
Socket not ready, repolling fd = 7
Socket not ready, repolling fd = 7
Socket not ready, repolling fd = 7
Socket not ready, repolling fd = 7
Socket not ready, repolling fd = 7
Socket not ready, repolling fd = 7
Socket not ready, repolling fd = 7
Socket not ready, repolling fd = 7
Socket not ready, repolling fd = 7
Socket not ready, repolling fd = 7
Socket not ready, repolling fd = 7
Socket not ready, repolling fd = 7
Socket not ready, repolling fd = 7
Socket not ready, repolling fd = 7
Socket not ready, repolling fd = 7
Socket not ready, repolling fd = 7
Socket not ready, repolling fd = 7
Socket not ready, repolling fd = 7
Socket not ready, repolling fd = 7
Socket not ready, repolling fd = 7
Socket not ready, repolling fd = 7
Socket not ready, repolling fd = 7
Socket not ready, repolling fd = 7
Socket not ready, repolling fd = 7
Socket not ready, repolling fd = 7
Socket not ready, repolling fd = 7
Socket not ready, repolling fd = 7
Socket not ready, repolling fd = 7
Socket not ready, repolling fd = 7
Socket not ready, repolling fd = 7
Socket not ready, repolling fd = 7
Socket not ready, repolling fd = 7
Socket not ready, repolling fd = 7
Socket not ready, repolling fd = 7
Socket not ready, repolling fd = 7
Socket not ready, repolling fd = 7
Socket not ready, repolling fd = 7
Socket not ready, repolling fd = 7
Socket not ready, repolling fd = 7
Socket not ready, repolling fd = 7
Socket not ready, repolling fd = 7
Socket not ready, repolling fd = 7
Socket not ready, repolling fd = 7
Socket not ready, repolling fd = 7
Socket not ready, repolling fd = 7
Socket not ready, repolling fd = 7
Socket not ready, repolling fd = 7
Socket not ready, repolling fd = 7
Socket not ready, repolling fd = 7
Socket not ready, repolling fd = 7
Socket not ready, repolling fd = 7
Socket not ready, repolling fd = 7
Socket not ready, repolling fd = 7
Socket not ready, repolling fd = 7
Socket not ready, repolling fd = 7
Socket not ready, repolling fd = 7
Socket not ready, repolling fd = 7
Socket not ready, repolling fd = 7
Socket not ready, repolling fd = 7
Socket not ready, repolling fd = 7
Socket not ready, repolling fd = 7
Socket not ready, repolling fd = 7
Socket not ready, repolling fd = 7
Socket not ready, repolling fd = 7
Socket not ready, repolling fd = 7
Socket not ready, repolling fd = 7
Socket not ready, repolling fd = 7
Socket not ready, repolling fd = 7
Socket not ready, repolling fd = 7
Socket not ready, repolling fd = 7
Socket not ready, repolling fd = 7
Socket not ready, repolling fd = 7
Socket not ready, repolling fd = 7
Socket not ready, repolling fd = 7
Socket not ready, repolling fd = 7
Socket not ready, repolling fd = 7
Socket not ready, repolling fd = 7
Socket not ready, repolling fd = 7
Socket not ready, repolling fd = 7
Socket not ready, repolling fd = 7
Socket not ready, repolling fd = 7
Socket not ready, repolling fd = 7
Socket not ready, repolling fd = 7
Socket not ready, repolling fd = 7
Socket not ready, repolling fd = 7
Socket not ready, repolling fd = 7
Socket not ready, repolling fd = 7
Socket not ready, repolling fd = 7
Socket not ready, repolling fd = 7
Socket not ready, repolling fd = 7
Socket not ready, repolling fd = 7
Socket not ready, repolling fd = 7
Socket not ready, repolling fd = 7
Socket not ready, repolling fd = 7
Socket not ready, repolling fd = 7
Socket not ready, repolling fd = 7
Socket not ready, repolling fd = 7
Socket not ready, repolling fd = 7
Socket not ready, repolling fd = 7
Socket not ready, repolling fd = 7
Socket not ready, repolling fd = 7
Socket not ready, repolling fd = 7
Socket not ready, repolling fd = 7
Socket not ready, repolling fd = 7
Socket not ready, repolling fd = 7
Socket not ready, repolling fd = 7
Socket not ready, repolling fd = 7
Socket not ready, repolling fd = 7
Socket not ready, repolling fd = 7
Socket not ready, repolling fd = 7
Socket not ready, repolling fd = 7
Socket not ready, repolling fd = 7
Socket not ready, repolling fd = 7
Socket not ready, repolling fd = 7
Socket not ready, repolling fd = 7
Socket not ready, repolling fd = 7
Socket not ready, repolling fd = 7
Socket not ready, repolling fd = 7
Socket not ready, repolling fd = 7
Socket not ready, repolling fd = 7
Socket not ready, repolling fd = 7
Socket not ready, repolling fd = 7
Socket not ready, repolling fd = 7
Socket not ready, repolling fd = 7
Socket not ready, repolling fd = 7
Socket not ready, repolling fd = 7
Socket not ready, repolling fd = 7
Socket not ready, repolling fd = 7
Socket not ready, repolling fd = 7
Socket not ready, repolling fd = 7
Socket not ready, repolling fd = 7
Socket not ready, repolling fd = 7
Socket not ready, repolling fd = 7
Socket not ready, repolling fd = 7
Socket not ready, repolling fd = 7
Socket not ready, repolling fd = 7
Socket not ready, repolling fd = 7
Socket not ready, repolling fd = 7
Socket not ready, repolling fd = 7
Socket not ready, repolling fd = 7
Socket not ready, repolling fd = 7
Socket not ready, repolling fd = 7
Socket not ready, repolling fd = 7
Socket not ready, repolling fd = 7
Socket not ready, repolling fd = 7
Socket not ready, repolling fd = 7
Socket not ready, repolling fd = 7
Socket not ready, repolling fd = 7
Socket not ready, repolling fd = 7
Socket not ready, repolling fd = 7
Socket not ready, repolling fd = 7
Socket not ready, repolling fd = 7
Socket not ready, repolling fd = 7
Socket not ready, repolling fd = 7
Socket not ready, repolling fd = 7
Socket not ready, repolling fd = 7
Socket not ready, repolling fd = 7
Socket not ready, repolling fd = 7
Socket not ready, repolling fd = 7
Socket not ready, repolling fd = 7
Socket not ready, repolling fd = 7
Socket not ready, repolling fd = 7
Socket not ready, repolling fd = 7
Socket not ready, repolling fd = 7
Socket not ready, repolling fd = 7
Socket not ready, repolling fd = 7
Socket not ready, repolling fd = 7
Socket not ready, repolling fd = 7
Socket not ready, repolling fd = 7
Socket not ready, repolling fd = 7
Socket not ready, repolling fd = 7
Socket not ready, repolling fd = 7
Socket not ready, repolling fd = 7
Socket not ready, repolling fd = 7
Socket not ready, repolling fd = 7
Socket not ready, repolling fd = 7
Socket not ready, repolling fd = 7
Socket not ready, repolling fd = 7
Socket not ready, repolling fd = 7
Socket not ready, repolling fd = 7
Socket not ready, repolling fd = 7
Socket not ready, repolling fd = 7
Socket not ready, repolling fd = 7
Socket not ready, repolling fd = 7
Socket not ready, repolling fd = 7
Socket not ready, repolling fd = 7
Socket not ready, repolling fd = 7
Socket not ready, repolling fd = 7
Socket not ready, repolling fd = 7
Socket not ready, repolling fd = 7
Socket not ready, repolling fd = 7
Socket not ready, repolling fd = 7
Socket not ready, repolling fd = 7
Socket not ready, repolling fd = 7
Socket not ready, repolling fd = 7
Socket not ready, repolling fd = 7
Socket not ready, repolling fd = 7
Socket not ready, repolling fd = 7
Socket not ready, repolling fd = 7
Socket not ready, repolling fd = 7
Socket not ready, repolling fd = 7
Socket not ready, repolling fd = 7
Socket not ready, repolling fd = 7
Socket not ready, repolling fd = 7
Socket not ready, repolling fd = 7
Socket not ready, repolling fd = 7
Socket not ready, repolling fd = 7
Socket not ready, repolling fd = 7
Socket not ready, repolling fd = 7
Socket not ready, repolling fd = 7
Socket not ready, repolling fd = 7
Socket not ready, repolling fd = 7
Socket not ready, repolling fd = 7
Socket not ready, repolling fd = 7
Socket not ready, repolling fd = 7
Socket not ready, repolling fd = 7
Socket not ready, repolling fd = 7
Socket not ready, repolling fd = 7
Socket not ready, repolling fd = 7
Socket not ready, repolling fd = 7
Socket not ready, repolling fd = 7
Socket not ready, repolling fd = 7
Socket not ready, repolling fd = 7
Socket not ready, repolling fd = 7
Socket not ready, repolling fd = 7
Socket not ready, repolling fd = 7
Socket not ready, repolling fd = 7
Socket not ready, repolling fd = 7
Socket not ready, repolling fd = 7
Socket not ready, repolling fd = 7
Socket not ready, repolling fd = 7
Socket not ready, repolling fd = 7
Socket not ready, repolling fd = 7
Socket not ready, repolling fd = 7
Socket not ready, repolling fd = 7
Socket not ready, repolling fd = 7
Socket not ready, repolling fd = 7
Socket not ready, repolling fd = 7
Socket not ready, repolling fd = 7
Socket not ready, repolling fd = 7
Socket not ready, repolling fd = 7
Socket not ready, repolling fd = 7
Socket not ready, repolling fd = 7
Socket not ready, repolling fd = 7
Socket not ready, repolling fd = 7
Socket not ready, repolling fd = 7
Socket not ready, repolling fd = 7
Socket not ready, repolling fd = 7
Socket not ready, repolling fd = 7
Socket not ready, repolling fd = 7
Socket not ready, repolling fd = 7
Socket not ready, repolling fd = 7
Socket not ready, repolling fd = 7
Socket not ready, repolling fd = 7
Socket not ready, repolling fd = 7
Socket not ready, repolling fd = 7
Socket not ready, repolling fd = 7
Socket not ready, repolling fd = 7
Socket not ready, repolling fd = 7
Socket not ready, repolling fd = 7
Socket not ready, repolling fd = 7
Socket not ready, repolling fd = 7
Socket not ready, repolling fd = 7
Socket not ready, repolling fd = 7
Socket not ready, repolling fd = 7
Socket not ready, repolling fd = 7
Socket not ready, repolling fd = 7
Socket not ready, repolling fd = 7
Socket not ready, repolling fd = 7
Socket not ready, repolling fd = 7
Socket not ready, repolling fd = 7
Socket not ready, repolling fd = 7
Socket not ready, repolling fd = 7
Socket not ready, repolling fd = 7
Socket not ready, repolling fd = 7
Socket not ready, repolling fd = 7
Socket not ready, repolling fd = 7
Socket not ready, repolling fd = 7
Socket not ready, repolling fd = 7
Socket not ready, repolling fd = 7
Socket not ready, repolling fd = 7
Socket not ready, repolling fd = 7
Socket not ready, repolling fd = 7
Socket not ready, repolling fd = 7
Socket not ready, repolling fd = 7
Socket not ready, repolling fd = 7
Socket not ready, repolling fd = 7
Socket not ready, repolling fd = 7
Socket not ready, repolling fd = 7
Socket not ready, repolling fd = 7
Socket not ready, repolling fd = 7
Socket not ready, repolling fd = 7
Socket not ready, repolling fd = 7
Socket not ready, repolling fd = 7
Socket not ready, repolling fd = 7
Socket not ready, repolling fd = 7
Socket not ready, repolling fd = 7
Socket not ready, repolling fd = 7
Socket not ready, repolling fd = 7
Socket not ready, repolling fd = 7
Socket not ready, repolling fd = 7
Socket not ready, repolling fd = 7
Socket not ready, repolling fd = 7
Socket not ready, repolling fd = 7
Socket not ready, repolling fd = 7
Socket not ready, repolling fd = 7
Socket not ready, repolling fd = 7
Socket not ready, repolling fd = 7
Socket not ready, repolling fd = 7
Socket not ready, repolling fd = 7
Socket not ready, repolling fd = 7
Socket not ready, repolling fd = 7
Socket not ready, repolling fd = 7
Socket not ready, repolling fd = 7
Socket not ready, repolling fd = 7
Socket not ready, repolling fd = 7
Socket not ready, repolling fd = 7
Socket not ready, repolling fd = 7
Socket not ready, repolling fd = 7
Socket not ready, repolling fd = 7
Socket not ready, repolling fd = 7
Socket not ready, repolling fd = 7
Socket not ready, repolling fd = 7
Socket not ready, repolling fd = 7
Socket not ready, repolling fd = 7
Socket not ready, repolling fd = 7
Socket not ready, repolling fd = 7
Socket not ready, repolling fd = 7
Socket not ready, repolling fd = 7
Socket not ready, repolling fd = 7
Socket not ready, repolling fd = 7
Socket not ready, repolling fd = 7
Socket not ready, repolling fd = 7
Socket not ready, repolling fd = 7
Socket not ready, repolling fd = 7
Socket not ready, repolling fd = 7
Socket not ready, repolling fd = 7
Socket not ready, repolling fd = 7
Socket not ready, repolling fd = 7
Socket not ready, repolling fd = 7
Socket not ready, repolling fd = 7
Socket not ready, repolling fd = 7
Socket not ready, repolling fd = 7
Socket not ready, repolling fd = 7
Socket not ready, repolling fd = 7
Socket not ready, repolling fd = 7
Socket not ready, repolling fd = 7
Socket not ready, repolling fd = 7
Socket not ready, repolling fd = 7
Socket not ready, repolling fd = 7
Socket not ready, repolling fd = 7
Socket not ready, repolling fd = 7
Socket not ready, repolling fd = 7
Socket not ready, repolling fd = 7
Socket not ready, repolling fd = 7
Socket not ready, repolling fd = 7
Socket not ready, repolling fd = 7
Socket not ready, repolling fd = 7
Socket not ready, repolling fd = 7
Socket not ready, repolling fd = 7
Socket not ready, repolling fd = 7
Socket not ready, repolling fd = 7
Socket not ready, repolling fd = 7
Socket not ready, repolling fd = 7
Socket not ready, repolling fd = 7
Socket not ready, repolling fd = 7
Socket not ready, repolling fd = 7
Socket not ready, repolling fd = 7
Socket not ready, repolling fd = 7
Socket not ready, repolling fd = 7
Socket not ready, repolling fd = 7
Socket not ready, repolling fd = 7
Socket not ready, repolling fd = 7
Socket not ready, repolling fd = 7
Socket not ready, repolling fd = 7
Socket not ready, repolling fd = 7
Socket not ready, repolling fd = 7
Socket not ready, repolling fd = 7
Socket not ready, repolling fd = 7
Socket not ready, repolling fd = 7
Socket not ready, repolling fd = 7
Socket not ready, repolling fd = 7
Socket not ready, repolling fd = 7
Socket not ready, repolling fd = 7
Socket not ready, repolling fd = 7
Socket not ready, repolling fd = 7
Socket not ready, repolling fd = 7
Socket not ready, repolling fd = 7
Socket not ready, repolling fd = 7
Socket not ready, repolling fd = 7
Socket not ready, repolling fd = 7
Socket not ready, repolling fd = 7
Socket not ready, repolling fd = 7
Socket not ready, repolling fd = 7
Socket not ready, repolling fd = 7
Socket not ready, repolling fd = 7
Socket not ready, repolling fd = 7
Socket not ready, repolling fd = 7
Socket not ready, repolling fd = 7
Socket not ready, repolling fd = 7
Socket not ready, repolling fd = 7
Socket not ready, repolling fd = 7
Socket not ready, repolling fd = 7
Socket not ready, repolling fd = 7
Socket not ready, repolling fd = 7
Socket not ready, repolling fd = 7
Socket not ready, repolling fd = 7
Socket not ready, repolling fd = 7
Socket not ready, repolling fd = 7
Socket not ready, repolling fd = 7
Socket not ready, repolling fd = 7
Socket not ready, repolling fd = 7
Socket not ready, repolling fd = 7
Socket not ready, repolling fd = 7
Socket not ready, repolling fd = 7
Socket not ready, repolling fd = 7
Socket not ready, repolling fd = 7
Socket not ready, repolling fd = 7
Socket not ready, repolling fd = 7
Socket not ready, repolling fd = 7
Socket not ready, repolling fd = 7
Socket not ready, repolling fd = 7
Socket not ready, repolling fd = 7
Socket not ready, repolling fd = 7
Socket not ready, repolling fd = 7
Socket not ready, repolling fd = 7
Socket not ready, repolling fd = 7
Socket not ready, repolling fd = 7
Socket not ready, repolling fd = 7
Socket not ready, repolling fd = 7
Socket not ready, repolling fd = 7
Socket not ready, repolling fd = 7
Socket not ready, repolling fd = 7
Socket not ready, repolling fd = 7
Socket not ready, repolling fd = 7
Socket not ready, repolling fd = 7
Socket not ready, repolling fd = 7
Socket not ready, repolling fd = 7
Socket not ready, repolling fd = 7
Socket not ready, repolling fd = 7
Socket not ready, repolling fd = 7
Socket not ready, repolling fd = 7
Socket not ready, repolling fd = 7
Socket not ready, repolling fd = 7
Socket not ready, repolling fd = 7
Socket not ready, repolling fd = 7
Socket not ready, repolling fd = 7
Socket not ready, repolling fd = 7
Socket not ready, repolling fd = 7
Socket not ready, repolling fd = 7
Socket not ready, repolling fd = 7
Socket not ready, repolling fd = 7
Socket not ready, repolling fd = 7
Socket not ready, repolling fd = 7
Socket not ready, repolling fd = 7
Socket not ready, repolling fd = 7
Socket not ready, repolling fd = 7
Socket not ready, repolling fd = 7
Socket not ready, repolling fd = 7
Socket not ready, repolling fd = 7
Socket not ready, repolling fd = 7
Socket not ready, repolling fd = 7
Socket not ready, repolling fd = 7
Socket not ready, repolling fd = 7
Socket not ready, repolling fd = 7
Socket not ready, repolling fd = 7
Socket not ready, repolling fd = 7
Socket not ready, repolling fd = 7
Socket not ready, repolling fd = 7
Socket not ready, repolling fd = 7
Socket not ready, repolling fd = 7
Socket not ready, repolling fd = 7
Socket not ready, repolling fd = 7
Socket not ready, repolling fd = 7
Socket not ready, repolling fd = 7
Socket not ready, repolling fd = 7
Socket not ready, repolling fd = 7
Socket not ready, repolling fd = 7
Socket not ready, repolling fd = 7
Socket not ready, repolling fd = 7
Socket not ready, repolling fd = 7
Socket not ready, repolling fd = 7
Socket not ready, repolling fd = 7
Socket not ready, repolling fd = 7
Socket not ready, repolling fd = 7
Socket not ready, repolling fd = 7
Socket not ready, repolling fd = 7
Socket not ready, repolling fd = 7
Socket not ready, repolling fd = 7
Socket not ready, repolling fd = 7
Socket not ready, repolling fd = 7
Socket not ready, repolling fd = 7
Socket not ready, repolling fd = 7
Socket not ready, repolling fd = 7
Socket not ready, repolling fd = 7
Socket not ready, repolling fd = 7
Socket not ready, repolling fd = 7
Socket not ready, repolling fd = 7
Socket not ready, repolling fd = 7
Socket not ready, repolling fd = 8
Socket not ready, repolling fd = 8
Socket not ready, repolling fd = 8
Socket not ready, repolling fd = 8
Socket not ready, repolling fd = 8
Socket not ready, repolling fd = 8
Socket not ready, repolling fd = 8
Socket not ready, repolling fd = 8
Socket not ready, repolling fd = 8
Socket not ready, repolling fd = 8
Socket not ready, repolling fd = 8
Socket not ready, repolling fd = 8
Socket not ready, repolling fd = 8
Socket not ready, repolling fd = 8
Socket not ready, repolling fd = 8
Socket not ready, repolling fd = 8
Socket not ready, repolling fd = 8
Socket not ready, repolling fd = 8
Socket not ready, repolling fd = 8
Socket not ready, repolling fd = 8
Socket not ready, repolling fd = 8
Socket not ready, repolling fd = 8
Socket not ready, repolling fd = 8
Socket not ready, repolling fd = 8
Socket not ready, repolling fd = 8
Socket not ready, repolling fd = 8
Socket not ready, repolling fd = 8
Socket not ready, repolling fd = 8
Socket not ready, repolling fd = 8
Socket not ready, repolling fd = 8
Socket not ready, repolling fd = 8
Socket not ready, repolling fd = 8
Socket not ready, repolling fd = 8
Socket not ready, repolling fd = 8
Socket not ready, repolling fd = 8
Socket not ready, repolling fd = 8
Socket not ready, repolling fd = 8
Socket not ready, repolling fd = 8
Socket not ready, repolling fd = 8
Socket not ready, repolling fd = 8
Socket not ready, repolling fd = 8
Socket not ready, repolling fd = 8
Socket not ready, repolling fd = 8
Socket not ready, repolling fd = 8
Socket not ready, repolling fd = 8
Socket not ready, repolling fd = 8
Socket not ready, repolling fd = 8
Socket not ready, repolling fd = 8
Socket not ready, repolling fd = 8
Socket not ready, repolling fd = 8
Socket not ready, repolling fd = 8
Socket not ready, repolling fd = 8
Socket not ready, repolling fd = 8
Socket not ready, repolling fd = 8
Socket not ready, repolling fd = 8
Socket not ready, repolling fd = 8
Socket not ready, repolling fd = 8
Socket not ready, repolling fd = 8
Socket not ready, repolling fd = 8
Socket not ready, repolling fd = 8
Socket not ready, repolling fd = 8
Socket not ready, repolling fd = 8
Socket not ready, repolling fd = 8
Socket not ready, repolling fd = 8
Socket not ready, repolling fd = 8
Socket not ready, repolling fd = 8
Socket not ready, repolling fd = 8
Socket not ready, repolling fd = 8
Socket not ready, repolling fd = 8
Socket not ready, repolling fd = 8
Socket not ready, repolling fd = 8
Socket not ready, repolling fd = 8
Socket not ready, repolling fd = 8
Socket not ready, repolling fd = 8
Socket not ready, repolling fd = 8
Socket not ready, repolling fd = 8
Socket not ready, repolling fd = 8
Socket not ready, repolling fd = 8
Socket not ready, repolling fd = 8
Socket not ready, repolling fd = 8
Socket not ready, repolling fd = 8
Socket not ready, repolling fd = 8
Socket not ready, repolling fd = 8
Socket not ready, repolling fd = 8
Socket not ready, repolling fd = 8
Socket not ready, repolling fd = 8
Socket not ready, repolling fd = 8
Socket not ready, repolling fd = 8
Socket not ready, repolling fd = 8
Socket not ready, repolling fd = 8
Socket not ready, repolling fd = 8
Socket not ready, repolling fd = 8
Socket not ready, repolling fd = 8
Socket not ready, repolling fd = 8
Socket not ready, repolling fd = 8
Socket not ready, repolling fd = 8
Socket not ready, repolling fd = 8
Socket not ready, repolling fd = 8
Socket not ready, repolling fd = 8
Socket not ready, repolling fd = 8
Socket not ready, repolling fd = 8
Socket not ready, repolling fd = 8
Socket not ready, repolling fd = 8
Socket not ready, repolling fd = 8
Socket not ready, repolling fd = 8
Socket not ready, repolling fd = 8
Socket not ready, repolling fd = 8
Socket not ready, repolling fd = 8
Socket not ready, repolling fd = 8
Socket not ready, repolling fd = 8
Socket not ready, repolling fd = 8
Socket not ready, repolling fd = 8
Socket not ready, repolling fd = 8
Socket not ready, repolling fd = 8
Socket not ready, repolling fd = 8
Socket not ready, repolling fd = 8
Socket not ready, repolling fd = 8
Socket not ready, repolling fd = 8
Socket not ready, repolling fd = 8
Socket not ready, repolling fd = 8
Socket not ready, repolling fd = 8
Socket not ready, repolling fd = 8
Socket not ready, repolling fd = 8
Socket not ready, repolling fd = 8
Socket not ready, repolling fd = 8
Socket not ready, repolling fd = 8
Socket not ready, repolling fd = 8
Socket not ready, repolling fd = 8
Socket not ready, repolling fd = 8
Socket not ready, repolling fd = 8
Socket not ready, repolling fd = 8
Socket not ready, repolling fd = 8
Socket not ready, repolling fd = 8
Socket not ready, repolling fd = 8
Socket not ready, repolling fd = 8
Socket not ready, repolling fd = 8
Socket not ready, repolling fd = 8
Socket not ready, repolling fd = 8
Socket not ready, repolling fd = 8
Socket not ready, repolling fd = 8
Socket not ready, repolling fd = 8
Socket not ready, repolling fd = 8
Socket not ready, repolling fd = 8
Socket not ready, repolling fd = 8
Socket not ready, repolling fd = 8
Socket not ready, repolling fd = 8
Socket not ready, repolling fd = 8
Socket not ready, repolling fd = 8
Socket not ready, repolling fd = 8
Socket not ready, repolling fd = 8
Socket not ready, repolling fd = 8
Socket not ready, repolling fd = 8
Socket not ready, repolling fd = 8
Socket not ready, repolling fd = 8
Socket not ready, repolling fd = 8
Socket not ready, repolling fd = 8
Socket not ready, repolling fd = 8
Socket not ready, repolling fd = 8
Socket not ready, repolling fd = 8
Socket not ready, repolling fd = 8
Socket not ready, repolling fd = 8
Socket not ready, repolling fd = 8
Socket not ready, repolling fd = 8
Socket not ready, repolling fd = 8
Socket not ready, repolling fd = 8
Socket not ready, repolling fd = 8
Socket not ready, repolling fd = 8
Socket not ready, repolling fd = 8
Socket not ready, repolling fd = 8
Socket not ready, repolling fd = 8
Socket not ready, repolling fd = 8
Socket not ready, repolling fd = 8
Socket not ready, repolling fd = 8
Socket not ready, repolling fd = 8
Socket not ready, repolling fd = 8
Socket not ready, repolling fd = 8
Socket not ready, repolling fd = 8
Socket not ready, repolling fd = 8
Socket not ready, repolling fd = 8
Socket not ready, repolling fd = 8
Socket not ready, repolling fd = 8
Socket not ready, repolling fd = 8
Socket not ready, repolling fd = 8
Socket not ready, repolling fd = 8
Socket not ready, repolling fd = 8
Socket not ready, repolling fd = 8
Socket not ready, repolling fd = 8
Socket not ready, repolling fd = 8
Socket not ready, repolling fd = 8
Socket not ready, repolling fd = 8
Socket not ready, repolling fd = 8
Socket not ready, repolling fd = 8
Socket not ready, repolling fd = 8
Socket not ready, repolling fd = 8
Socket not ready, repolling fd = 8
Socket not ready, repolling fd = 8
Socket not ready, repolling fd = 8
Socket not ready, repolling fd = 8
Socket not ready, repolling fd = 8
Socket not ready, repolling fd = 8
Socket not ready, repolling fd = 8
Socket not ready, repolling fd = 8
Socket not ready, repolling fd = 8
Socket not ready, repolling fd = 8
Socket not ready, repolling fd = 8
Socket not ready, repolling fd = 8
Socket not ready, repolling fd = 8
Socket not ready, repolling fd = 8
Socket not ready, repolling fd = 8
Socket not ready, repolling fd = 8
Socket not ready, repolling fd = 8
Socket not ready, repolling fd = 8
Socket not ready, repolling fd = 8
Socket not ready, repolling fd = 8
Socket not ready, repolling fd = 8
Socket not ready, repolling fd = 8
Socket not ready, repolling fd = 8
Socket not ready, repolling fd = 8
Socket not ready, repolling fd = 8
Socket not ready, repolling fd = 8
Socket not ready, repolling fd = 8
Socket not ready, repolling fd = 8
Socket not ready, repolling fd = 8
Socket not ready, repolling fd = 8
Socket not ready, repolling fd = 8
Socket not ready, repolling fd = 8
Socket not ready, repolling fd = 8
Socket not ready, repolling fd = 8
Socket not ready, repolling fd = 8
Socket not ready, repolling fd = 8
Socket not ready, repolling fd = 8
Socket not ready, repolling fd = 8
Socket not ready, repolling fd = 8
Socket not ready, repolling fd = 8
Socket not ready, repolling fd = 8
Socket not ready, repolling fd = 8
Socket not ready, repolling fd = 8
Socket not ready, repolling fd = 8
Socket not ready, repolling fd = 8
Socket not ready, repolling fd = 8
Socket not ready, repolling fd = 8
Socket not ready, repolling fd = 8
Socket not ready, repolling fd = 8
Socket not ready, repolling fd = 8
Socket not ready, repolling fd = 8
Socket not ready, repolling fd = 8
Socket not ready, repolling fd = 8
Socket not ready, repolling fd = 8
Socket not ready, repolling fd = 8
Socket not ready, repolling fd = 8
Socket not ready, repolling fd = 8
Socket not ready, repolling fd = 8
Socket not ready, repolling fd = 8
Socket not ready, repolling fd = 8
Socket not ready, repolling fd = 8
Socket not ready, repolling fd = 8
Socket not ready, repolling fd = 8
Socket not ready, repolling fd = 8
Socket not ready, repolling fd = 8
Socket not ready, repolling fd = 8
Socket not ready, repolling fd = 8
Socket not ready, repolling fd = 8
Socket not ready, repolling fd = 8
Socket not ready, repolling fd = 8
Socket not ready, repolling fd = 8
Socket not ready, repolling fd = 8
Socket not ready, repolling fd = 8
Socket not ready, repolling fd = 8
Socket not ready, repolling fd = 8
Socket not ready, repolling fd = 8
Socket not ready, repolling fd = 8
Socket not ready, repolling fd = 8
Socket not ready, repolling fd = 8
Socket not ready, repolling fd = 8
Socket not ready, repolling fd = 8
Socket not ready, repolling fd = 8
Socket not ready, repolling fd = 8
Socket not ready, repolling fd = 8
Socket not ready, repolling fd = 8
Socket not ready, repolling fd = 8
Socket not ready, repolling fd = 8
Socket not ready, repolling fd = 8
Socket not ready, repolling fd = 8
Socket not ready, repolling fd = 8
Socket not ready, repolling fd = 8
Socket not ready, repolling fd = 8
Socket not ready, repolling fd = 8
Socket not ready, repolling fd = 8
Socket not ready, repolling fd = 8
Socket not ready, repolling fd = 8
Socket not ready, repolling fd = 8
Socket not ready, repolling fd = 8
Socket not ready, repolling fd = 8
Socket not ready, repolling fd = 8
Socket not ready, repolling fd = 8
Socket not ready, repolling fd = 8
Socket not ready, repolling fd = 8
Socket not ready, repolling fd = 8
Socket not ready, repolling fd = 8
Socket not ready, repolling fd = 8
Socket not ready, repolling fd = 8
Socket not ready, repolling fd = 8
Socket not ready, repolling fd = 8
Socket not ready, repolling fd = 8
Socket not ready, repolling fd = 8
Socket not ready, repolling fd = 8
Socket not ready, repolling fd = 8
Socket not ready, repolling fd = 8
Socket not ready, repolling fd = 8
Socket not ready, repolling fd = 8
Socket not ready, repolling fd = 8
Socket not ready, repolling fd = 8
Socket not ready, repolling fd = 8
Socket not ready, repolling fd = 8
Socket not ready, repolling fd = 8
Socket not ready, repolling fd = 8
Socket not ready, repolling fd = 8
Socket not ready, repolling fd = 8
Socket not ready, repolling fd = 8
Socket not ready, repolling fd = 8
Socket not ready, repolling fd = 8
Socket not ready, repolling fd = 8
Socket not ready, repolling fd = 8
Socket not ready, repolling fd = 8
Socket not ready, repolling fd = 8
Socket not ready, repolling fd = 8
Socket not ready, repolling fd = 8
Socket not ready, repolling fd = 8
Socket not ready, repolling fd = 8
Socket not ready, repolling fd = 8
Socket not ready, repolling fd = 8
Socket not ready, repolling fd = 8
Socket not ready, repolling fd = 8
Socket not ready, repolling fd = 8
Socket not ready, repolling fd = 8
Socket not ready, repolling fd = 8
Socket not ready, repolling fd = 8
Socket not ready, repolling fd = 8
Socket not ready, repolling fd = 8
Socket not ready, repolling fd = 8
Socket not ready, repolling fd = 8
Socket not ready, repolling fd = 8
Socket not ready, repolling fd = 8
Socket not ready, repolling fd = 8
Socket not ready, repolling fd = 8
Socket not ready, repolling fd = 8
Socket not ready, repolling fd = 8
Socket not ready, repolling fd = 8
Socket not ready, repolling fd = 8
Socket not ready, repolling fd = 8
Socket not ready, repolling fd = 8
Socket not ready, repolling fd = 8
Socket not ready, repolling fd = 8
Socket not ready, repolling fd = 8
Socket not ready, repolling fd = 8
Socket not ready, repolling fd = 8
Socket not ready, repolling fd = 8
Socket not ready, repolling fd = 8
Socket not ready, repolling fd = 8
Socket not ready, repolling fd = 8
Socket not ready, repolling fd = 8
Socket not ready, repolling fd = 8
Socket not ready, repolling fd = 8
Socket not ready, repolling fd = 8
Socket not ready, repolling fd = 8
Socket not ready, repolling fd = 8
Socket not ready, repolling fd = 8
Socket not ready, repolling fd = 8
Socket not ready, repolling fd = 8
Socket not ready, repolling fd = 8
Socket not ready, repolling fd = 8
Socket not ready, repolling fd = 8
Socket not ready, repolling fd = 8
Socket not ready, repolling fd = 8
Socket not ready, repolling fd = 8
Socket not ready, repolling fd = 8
Socket not ready, repolling fd = 8
Socket not ready, repolling fd = 8
Socket not ready, repolling fd = 8
Socket not ready, repolling fd = 8
Socket not ready, repolling fd = 8
Socket not ready, repolling fd = 8
Socket not ready, repolling fd = 8
Socket not ready, repolling fd = 8
Socket not ready, repolling fd = 8
Socket not ready, repolling fd = 8
Socket not ready, repolling fd = 8
Socket not ready, repolling fd = 8
Socket not ready, repolling fd = 8
Socket not ready, repolling fd = 8
Socket not ready, repolling fd = 8
Socket not ready, repolling fd = 8
Socket not ready, repolling fd = 8
Socket not ready, repolling fd = 8
Socket not ready, repolling fd = 8
Socket not ready, repolling fd = 8
Socket not ready, repolling fd = 8
Socket not ready, repolling fd = 8
Socket not ready, repolling fd = 8
Socket not ready, repolling fd = 8
Socket not ready, repolling fd = 8
Socket not ready, repolling fd = 8
Socket not ready, repolling fd = 8
Socket not ready, repolling fd = 8
Socket not ready, repolling fd = 8
Socket not ready, repolling fd = 8
Socket not ready, repolling fd = 8
Socket not ready, repolling fd = 8
Socket not ready, repolling fd = 8
Socket not ready, repolling fd = 8
Socket not ready, repolling fd = 8
Socket not ready, repolling fd = 8
Socket not ready, repolling fd = 8
Socket not ready, repolling fd = 8
Socket not ready, repolling fd = 8
Socket not ready, repolling fd = 8
Socket not ready, repolling fd = 8
Socket not ready, repolling fd = 8
Socket not ready, repolling fd = 8
Socket not ready, repolling fd = 8
Socket not ready, repolling fd = 8
Socket not ready, repolling fd = 8
Socket not ready, repolling fd = 8
Socket not ready, repolling fd = 8
Socket not ready, repolling fd = 8
Socket not ready, repolling fd = 8
Socket not ready, repolling fd = 8
Socket not ready, repolling fd = 8
Socket not ready, repolling fd = 8
Socket not ready, repolling fd = 8
Socket not ready, repolling fd = 8
Socket not ready, repolling fd = 8
Socket not ready, repolling fd = 8
Socket not ready, repolling fd = 8
Socket not ready, repolling fd = 8
Socket not ready, repolling fd = 8
Socket not ready, repolling fd = 8
Socket not ready, repolling fd = 8
Socket not ready, repolling fd = 8
Socket not ready, repolling fd = 8
Socket not ready, repolling fd = 8
Socket not ready, repolling fd = 8
Socket not ready, repolling fd = 8
Socket not ready, repolling fd = 8
Socket not ready, repolling fd = 8
Socket not ready, repolling fd = 8
Socket not ready, repolling fd = 8
Socket not ready, repolling fd = 8
Socket not ready, repolling fd = 8
Socket not ready, repolling fd = 8
Socket not ready, repolling fd = 8
Socket not ready, repolling fd = 8
Socket not ready, repolling fd = 8
Socket not ready, repolling fd = 8
Socket not ready, repolling fd = 8
Socket not ready, repolling fd = 8
Socket not ready, repolling fd = 8
Socket not ready, repolling fd = 8
Socket not ready, repolling fd = 8
Socket not ready, repolling fd = 8
Socket not ready, repolling fd = 8
Socket not ready, repolling fd = 8
Socket not ready, repolling fd = 8
Socket not ready, repolling fd = 8
Socket not ready, repolling fd = 8
Socket not ready, repolling fd = 8
Socket not ready, repolling fd = 8
Socket not ready, repolling fd = 8
Socket not ready, repolling fd = 8
Socket not ready, repolling fd = 8
Socket not ready, repolling fd = 8
Socket not ready, repolling fd = 8
Socket not ready, repolling fd = 8
Socket not ready, repolling fd = 8
Socket not ready, repolling fd = 8
Socket not ready, repolling fd = 8
Socket not ready, repolling fd = 8
Socket not ready, repolling fd = 8
Socket not ready, repolling fd = 8
Socket not ready, repolling fd = 8
Socket not ready, repolling fd = 8
Socket not ready, repolling fd = 8
Socket not ready, repolling fd = 8
Socket not ready, repolling fd = 8
Socket not ready, repolling fd = 8
Socket not ready, repolling fd = 8
Socket not ready, repolling fd = 8
Socket not ready, repolling fd = 8
Socket not ready, repolling fd = 8
Socket not ready, repolling fd = 8
Socket not ready, repolling fd = 8
Socket not ready, repolling fd = 8
Socket not ready, repolling fd = 8
Socket not ready, repolling fd = 8
Socket not ready, repolling fd = 8
Socket not ready, repolling fd = 8
Socket not ready, repolling fd = 8
Socket not ready, repolling fd = 8
Socket not ready, repolling fd = 8
Socket not ready, repolling fd = 8
Socket not ready, repolling fd = 8
Socket not ready, repolling fd = 8
Socket not ready, repolling fd = 8
Socket not ready, repolling fd = 8
Socket not ready, repolling fd = 8
Socket not ready, repolling fd = 8
Socket not ready, repolling fd = 8
Socket not ready, repolling fd = 8
Socket not ready, repolling fd = 8
Socket not ready, repolling fd = 8
Socket not ready, repolling fd = 8
Socket not ready, repolling fd = 8
Socket not ready, repolling fd = 8
Socket not ready, repolling fd = 8
Socket not ready, repolling fd = 8
Socket not ready, repolling fd = 8
Socket not ready, repolling fd = 8
Socket not ready, repolling fd = 8
Socket not ready, repolling fd = 8
Socket not ready, repolling fd = 8
Socket not ready, repolling fd = 8
Socket not ready, repolling fd = 8
Socket not ready, repolling fd = 8
Socket not ready, repolling fd = 8
Socket not ready, repolling fd = 8
Socket not ready, repolling fd = 8
Socket not ready, repolling fd = 8
Socket not ready, repolling fd = 8
Socket not ready, repolling fd = 8
Socket not ready, repolling fd = 8
Socket not ready, repolling fd = 8
Socket not ready, repolling fd = 8
Socket not ready, repolling fd = 8
Socket not ready, repolling fd = 8
Socket not ready, repolling fd = 8
Socket not ready, repolling fd = 8
Socket not ready, repolling fd = 8
Socket not ready, repolling fd = 8
Socket not ready, repolling fd = 8
Socket not ready, repolling fd = 8
Socket not ready, repolling fd = 8
Socket not ready, repolling fd = 8
Socket not ready, repolling fd = 8
Socket not ready, repolling fd = 8
Socket not ready, repolling fd = 8
Socket not ready, repolling fd = 8
Socket not ready, repolling fd = 8
Socket not ready, repolling fd = 8
Socket not ready, repolling fd = 8
Socket not ready, repolling fd = 8
Socket not ready, repolling fd = 8
Socket not ready, repolling fd = 8
Socket not ready, repolling fd = 8
Socket not ready, repolling fd = 8
Socket not ready, repolling fd = 8
Socket not ready, repolling fd = 8
Socket not ready, repolling fd = 8
Socket not ready, repolling fd = 8
Socket not ready, repolling fd = 8
Socket not ready, repolling fd = 8
Socket not ready, repolling fd = 8
Socket not ready, repolling fd = 8
Socket not ready, repolling fd = 8
Socket not ready, repolling fd = 8
Socket not ready, repolling fd = 8
Socket not ready, repolling fd = 8
Socket not ready, repolling fd = 7
Socket not ready, repolling fd = 7
Socket not ready, repolling fd = 7
Socket not ready, repolling fd = 7
Socket not ready, repolling fd = 7
Socket not ready, repolling fd = 7
Socket not ready, repolling fd = 7
Socket not ready, repolling fd = 7
Socket not ready, repolling fd = 7
Socket not ready, repolling fd = 7
Socket not ready, repolling fd = 7
Socket not ready, repolling fd = 7
Socket not ready, repolling fd = 7
Socket not ready, repolling fd = 7
Socket not ready, repolling fd = 7
Socket not ready, repolling fd = 7
Socket not ready, repolling fd = 7
Socket not ready, repolling fd = 7
Socket not ready, repolling fd = 7
Socket not ready, repolling fd = 7
Socket not ready, repolling fd = 7
Socket not ready, repolling fd = 7
Socket not ready, repolling fd = 7
Socket not ready, repolling fd = 7
Socket not ready, repolling fd = 7
Socket not ready, repolling fd = 7
Socket not ready, repolling fd = 7
Socket not ready, repolling fd = 7
Socket not ready, repolling fd = 7
Socket not ready, repolling fd = 7
Socket not ready, repolling fd = 7
Socket not ready, repolling fd = 7
Socket not ready, repolling fd = 7
Socket not ready, repolling fd = 7
Socket not ready, repolling fd = 7
Socket not ready, repolling fd = 7
Socket not ready, repolling fd = 7
Socket not ready, repolling fd = 7
Socket not ready, repolling fd = 7
Socket not ready, repolling fd = 7
Socket not ready, repolling fd = 7
Socket not ready, repolling fd = 7
Socket not ready, repolling fd = 7
Socket not ready, repolling fd = 7
Socket not ready, repolling fd = 7
Socket not ready, repolling fd = 7
Socket not ready, repolling fd = 7
Socket not ready, repolling fd = 7
Socket not ready, repolling fd = 7
Socket not ready, repolling fd = 7
Socket not ready, repolling fd = 7
Socket not ready, repolling fd = 7
Socket not ready, repolling fd = 7
Socket not ready, repolling fd = 7
Socket not ready, repolling fd = 7
Socket not ready, repolling fd = 7
Socket not ready, repolling fd = 7
Socket not ready, repolling fd = 7
Socket not ready, repolling fd = 7
Socket not ready, repolling fd = 7
Socket not ready, repolling fd = 7
Socket not ready, repolling fd = 7
Socket not ready, repolling fd = 7
Socket not ready, repolling fd = 7
Socket not ready, repolling fd = 7
Socket not ready, repolling fd = 7
Socket not ready, repolling fd = 7
Socket not ready, repolling fd = 7
Socket not ready, repolling fd = 7
Socket not ready, repolling fd = 7
Socket not ready, repolling fd = 7
Socket not ready, repolling fd = 7
Socket not ready, repolling fd = 7
Socket not ready, repolling fd = 7
Socket not ready, repolling fd = 7
Socket not ready, repolling fd = 7
Socket not ready, repolling fd = 7
Socket not ready, repolling fd = 7
Socket not ready, repolling fd = 7
Socket not ready, repolling fd = 7
Socket not ready, repolling fd = 7
Socket not ready, repolling fd = 7
Socket not ready, repolling fd = 7
Socket not ready, repolling fd = 7
Socket not ready, repolling fd = 7
Socket not ready, repolling fd = 7
Socket not ready, repolling fd = 7
Socket not ready, repolling fd = 7
Socket not ready, repolling fd = 7
Socket not ready, repolling fd = 7
Socket not ready, repolling fd = 7
Socket not ready, repolling fd = 7
Socket not ready, repolling fd = 7
Socket not ready, repolling fd = 7
Socket not ready, repolling fd = 7
Socket not ready, repolling fd = 7
Socket not ready, repolling fd = 7
Socket not ready, repolling fd = 7
Socket not ready, repolling fd = 7
Socket not ready, repolling fd = 7
Socket not ready, repolling fd = 7
Socket not ready, repolling fd = 7
Socket not ready, repolling fd = 7
Socket not ready, repolling fd = 7
Socket not ready, repolling fd = 7
Socket not ready, repolling fd = 7
Socket not ready, repolling fd = 7
Socket not ready, repolling fd = 7
Socket not ready, repolling fd = 7
Socket not ready, repolling fd = 7
Socket not ready, repolling fd = 7
Socket not ready, repolling fd = 7
Socket not ready, repolling fd = 7
Socket not ready, repolling fd = 7
Socket not ready, repolling fd = 7
Socket not ready, repolling fd = 7
Socket not ready, repolling fd = 7
Socket not ready, repolling fd = 7
Socket not ready, repolling fd = 7
Socket not ready, repolling fd = 7
Socket not ready, repolling fd = 7
Socket not ready, repolling fd = 7
Socket not ready, repolling fd = 7
Socket not ready, repolling fd = 7
Socket not ready, repolling fd = 7
Socket not ready, repolling fd = 7
Socket not ready, repolling fd = 7
Socket not ready, repolling fd = 7
Socket not ready, repolling fd = 7
Socket not ready, repolling fd = 7
Socket not ready, repolling fd = 7
Socket not ready, repolling fd = 7
Socket not ready, repolling fd = 7
Socket not ready, repolling fd = 7
Socket not ready, repolling fd = 7
Socket not ready, repolling fd = 7
Socket not ready, repolling fd = 7
Socket not ready, repolling fd = 7
Socket not ready, repolling fd = 7
Socket not ready, repolling fd = 7
Socket not ready, repolling fd = 7
Socket not ready, repolling fd = 7
Socket not ready, repolling fd = 7
Socket not ready, repolling fd = 7
Socket not ready, repolling fd = 7
Socket not ready, repolling fd = 7
Socket not ready, repolling fd = 7
Socket not ready, repolling fd = 7
Socket not ready, repolling fd = 7
Socket not ready, repolling fd = 7
Socket not ready, repolling fd = 7
Socket not ready, repolling fd = 7
Socket not ready, repolling fd = 7
Socket not ready, repolling fd = 7
Socket not ready, repolling fd = 7
Socket not ready, repolling fd = 7
Socket not ready, repolling fd = 7
Socket not ready, repolling fd = 7
Socket not ready, repolling fd = 7
Socket not ready, repolling fd = 7
Socket not ready, repolling fd = 7
Socket not ready, repolling fd = 7
Socket not ready, repolling fd = 7
Socket not ready, repolling fd = 7
Socket not ready, repolling fd = 7
Socket not ready, repolling fd = 7
Socket not ready, repolling fd = 7
Socket not ready, repolling fd = 7
Socket not ready, repolling fd = 7
Socket not ready, repolling fd = 7
Socket not ready, repolling fd = 7
Socket not ready, repolling fd = 7
Socket not ready, repolling fd = 7
Socket not ready, repolling fd = 7
Socket not ready, repolling fd = 7
Socket not ready, repolling fd = 7
Socket not ready, repolling fd = 7
Socket not ready, repolling fd = 7
Socket not ready, repolling fd = 7
Socket not ready, repolling fd = 7
Socket not ready, repolling fd = 7
Socket not ready, repolling fd = 7
Socket not ready, repolling fd = 7
Socket not ready, repolling fd = 7
Socket not ready, repolling fd = 7
Socket not ready, repolling fd = 7
Socket not ready, repolling fd = 7
Socket not ready, repolling fd = 7
Socket not ready, repolling fd = 7
Socket not ready, repolling fd = 7
Socket not ready, repolling fd = 7
Socket not ready, repolling fd = 7
Socket not ready, repolling fd = 7
Socket not ready, repolling fd = 7
Socket not ready, repolling fd = 7
Socket not ready, repolling fd = 7
Socket not ready, repolling fd = 7
Socket not ready, repolling fd = 7
Socket not ready, repolling fd = 7
Socket not ready, repolling fd = 7
Socket not ready, repolling fd = 7
Socket not ready, repolling fd = 7
Socket not ready, repolling fd = 7
Socket not ready, repolling fd = 7
Socket not ready, repolling fd = 7
Socket not ready, repolling fd = 7
Socket not ready, repolling fd = 7
Socket not ready, repolling fd = 7
Socket not ready, repolling fd = 7
Socket not ready, repolling fd = 7
Socket not ready, repolling fd = 7
Socket not ready, repolling fd = 7
Socket not ready, repolling fd = 7
Socket not ready, repolling fd = 7
Socket not ready, repolling fd = 7
Socket not ready, repolling fd = 7
Socket not ready, repolling fd = 7
Socket not ready, repolling fd = 7
Socket not ready, repolling fd = 7
Socket not ready, repolling fd = 7
Socket not ready, repolling fd = 7
Socket not ready, repolling fd = 7
Socket not ready, repolling fd = 7
Socket not ready, repolling fd = 7
Socket not ready, repolling fd = 7
Socket not ready, repolling fd = 7
Socket not ready, repolling fd = 7
Socket not ready, repolling fd = 7
Socket not ready, repolling fd = 7
Socket not ready, repolling fd = 7
Socket not ready, repolling fd = 7
Socket not ready, repolling fd = 7
Socket not ready, repolling fd = 7
Socket not ready, repolling fd = 7
Socket not ready, repolling fd = 7
Socket not ready, repolling fd = 7
Socket not ready, repolling fd = 7
Socket not ready, repolling fd = 7
Socket not ready, repolling fd = 7
Socket not ready, repolling fd = 7
Socket not ready, repolling fd = 7
Socket not ready, repolling fd = 7
Socket not ready, repolling fd = 7
Socket not ready, repolling fd = 7
Socket not ready, repolling fd = 7
Socket not ready, repolling fd = 7
Socket not ready, repolling fd = 7
Socket not ready, repolling fd = 7
Socket not ready, repolling fd = 7
Socket not ready, repolling fd = 7
Socket not ready, repolling fd = 7
Socket not ready, repolling fd = 7
Socket not ready, repolling fd = 7
Socket not ready, repolling fd = 7
Socket not ready, repolling fd = 7
Socket not ready, repolling fd = 7
Socket not ready, repolling fd = 7
Socket not ready, repolling fd = 7
Socket not ready, repolling fd = 7
Socket not ready, repolling fd = 7
Socket not ready, repolling fd = 7
Socket not ready, repolling fd = 7
Socket not ready, repolling fd = 7
Socket not ready, repolling fd = 7
Socket not ready, repolling fd = 7
Socket not ready, repolling fd = 7
Socket not ready, repolling fd = 7
Socket not ready, repolling fd = 7
Socket not ready, repolling fd = 7
Socket not ready, repolling fd = 7
Socket not ready, repolling fd = 7
Socket not ready, repolling fd = 7
Socket not ready, repolling fd = 7
Socket not ready, repolling fd = 7
Socket not ready, repolling fd = 7
Socket not ready, repolling fd = 7
Socket not ready, repolling fd = 7
Socket not ready, repolling fd = 7
Socket not ready, repolling fd = 7
Socket not ready, repolling fd = 7
Socket not ready, repolling fd = 7
Socket not ready, repolling fd = 7
Socket not ready, repolling fd = 7
Socket not ready, repolling fd = 7
Socket not ready, repolling fd = 7
Socket not ready, repolling fd = 7
Socket not ready, repolling fd = 7
Socket not ready, repolling fd = 7
Socket not ready, repolling fd = 7
Socket not ready, repolling fd = 7
Socket not ready, repolling fd = 7
Socket not ready, repolling fd = 7
Socket not ready, repolling fd = 7
Socket not ready, repolling fd = 7
Socket not ready, repolling fd = 7
Socket not ready, repolling fd = 7
Socket not ready, repolling fd = 7
Socket not ready, repolling fd = 7
Socket not ready, repolling fd = 7
Socket not ready, repolling fd = 7
Socket not ready, repolling fd = 7
Socket not ready, repolling fd = 7
Socket not ready, repolling fd = 7
Socket not ready, repolling fd = 7
Socket not ready, repolling fd = 7
Socket not ready, repolling fd = 7
Socket not ready, repolling fd = 7
Socket not ready, repolling fd = 7
Socket not ready, repolling fd = 7
Socket not ready, repolling fd = 7
Socket not ready, repolling fd = 7
Socket not ready, repolling fd = 7
Socket not ready, repolling fd = 7
Socket not ready, repolling fd = 7
Socket not ready, repolling fd = 7
Socket not ready, repolling fd = 7
Socket not ready, repolling fd = 7
Socket not ready, repolling fd = 7
Socket not ready, repolling fd = 7
Socket not ready, repolling fd = 7
Socket not ready, repolling fd = 7
Socket not ready, repolling fd = 7
Socket not ready, repolling fd = 7
Socket not ready, repolling fd = 7
Socket not ready, repolling fd = 7
Socket not ready, repolling fd = 7
Socket not ready, repolling fd = 7
Socket not ready, repolling fd = 7
Socket not ready, repolling fd = 7
Socket not ready, repolling fd = 7
Socket not ready, repolling fd = 7
Socket not ready, repolling fd = 7
Socket not ready, repolling fd = 7
Socket not ready, repolling fd = 7
Socket not ready, repolling fd = 7
Socket not ready, repolling fd = 7
Socket not ready, repolling fd = 7
Socket not ready, repolling fd = 7
Socket not ready, repolling fd = 7
Socket not ready, repolling fd = 7
Socket not ready, repolling fd = 7
Socket not ready, repolling fd = 7
Socket not ready, repolling fd = 7
Socket not ready, repolling fd = 7
Socket not ready, repolling fd = 7
Socket not ready, repolling fd = 7
Socket not ready, repolling fd = 7
Socket not ready, repolling fd = 7
Socket not ready, repolling fd = 7
Socket not ready, repolling fd = 7
Socket not ready, repolling fd = 7
Socket not ready, repolling fd = 7
Socket not ready, repolling fd = 7
Socket not ready, repolling fd = 7
Socket not ready, repolling fd = 7
Socket not ready, repolling fd = 7
Socket not ready, repolling fd = 7
Socket not ready, repolling fd = 7
Socket not ready, repolling fd = 7
Socket not ready, repolling fd = 7
Socket not ready, repolling fd = 7
Socket not ready, repolling fd = 7
Socket not ready, repolling fd = 7
Socket not ready, repolling fd = 7
Socket not ready, repolling fd = 7
Socket not ready, repolling fd = 7
Socket not ready, repolling fd = 7
Socket not ready, repolling fd = 7
Socket not ready, repolling fd = 7
Socket not ready, repolling fd = 7
Socket not ready, repolling fd = 7
Socket not ready, repolling fd = 7
Socket not ready, repolling fd = 7
Socket not ready, repolling fd = 7
Socket not ready, repolling fd = 7
Socket not ready, repolling fd = 7
Socket not ready, repolling fd = 7
Socket not ready, repolling fd = 7
Socket not ready, repolling fd = 7
Socket not ready, repolling fd = 7
Socket not ready, repolling fd = 7
Socket not ready, repolling fd = 7
Socket not ready, repolling fd = 7
Socket not ready, repolling fd = 7
Socket not ready, repolling fd = 7
Socket not ready, repolling fd = 7
Socket not ready, repolling fd = 7
Socket not ready, repolling fd = 7
Socket not ready, repolling fd = 7
Socket not ready, repolling fd = 7
Socket not ready, repolling fd = 7
Socket not ready, repolling fd = 7
Socket not ready, repolling fd = 7
Socket not ready, repolling fd = 7
Socket not ready, repolling fd = 7
Socket not ready, repolling fd = 7
Socket not ready, repolling fd = 7
Socket not ready, repolling fd = 7
Socket not ready, repolling fd = 7
Socket not ready, repolling fd = 7
Socket not ready, repolling fd = 7
Socket not ready, repolling fd = 7
Socket not ready, repolling fd = 7
Socket not ready, repolling fd = 7
Socket not ready, repolling fd = 7
Socket not ready, repolling fd = 7
Socket not ready, repolling fd = 7
Socket not ready, repolling fd = 7
Socket not ready, repolling fd = 7
Socket not ready, repolling fd = 7
Socket not ready, repolling fd = 7
Socket not ready, repolling fd = 7
Socket not ready, repolling fd = 9
Socket not ready, repolling fd = 9
Socket not ready, repolling fd = 9
Socket not ready, repolling fd = 9
Socket not ready, repolling fd = 9
Socket not ready, repolling fd = 9
Socket not ready, repolling fd = 9
Socket not ready, repolling fd = 9
Socket not ready, repolling fd = 9
Socket not ready, repolling fd = 9
Socket not ready, repolling fd = 9
Socket not ready, repolling fd = 9
Socket not ready, repolling fd = 9
Socket not ready, repolling fd = 9
Socket not ready, repolling fd = 9
Socket not ready, repolling fd = 9
Socket not ready, repolling fd = 9
Socket not ready, repolling fd = 9
Socket not ready, repolling fd = 9
Socket not ready, repolling fd = 9
Socket not ready, repolling fd = 9
Socket not ready, repolling fd = 9
Socket not ready, repolling fd = 9
Socket not ready, repolling fd = 9
Socket not ready, repolling fd = 9
Socket not ready, repolling fd = 9
Socket not ready, repolling fd = 9
Socket not ready, repolling fd = 9
Socket not ready, repolling fd = 9
Socket not ready, repolling fd = 9
Socket not ready, repolling fd = 9
Socket not ready, repolling fd = 9
Socket not ready, repolling fd = 9
Socket not ready, repolling fd = 9
Socket not ready, repolling fd = 9
Socket not ready, repolling fd = 9
Socket not ready, repolling fd = 9
Socket not ready, repolling fd = 9
Socket not ready, repolling fd = 9
Socket not ready, repolling fd = 9
Socket not ready, repolling fd = 9
Socket not ready, repolling fd = 9
Socket not ready, repolling fd = 9
Socket not ready, repolling fd = 9
Socket not ready, repolling fd = 9
Socket not ready, repolling fd = 9
Socket not ready, repolling fd = 9
Socket not ready, repolling fd = 9
Socket not ready, repolling fd = 9
Socket not ready, repolling fd = 9
Socket not ready, repolling fd = 9
Socket not ready, repolling fd = 9
Socket not ready, repolling fd = 9
Socket not ready, repolling fd = 9
Socket not ready, repolling fd = 9
Socket not ready, repolling fd = 9
Socket not ready, repolling fd = 9
Socket not ready, repolling fd = 9
Socket not ready, repolling fd = 9
Socket not ready, repolling fd = 9
Socket not ready, repolling fd = 9
Socket not ready, repolling fd = 9
Socket not ready, repolling fd = 9
Socket not ready, repolling fd = 9
Socket not ready, repolling fd = 9
Socket not ready, repolling fd = 9
Socket not ready, repolling fd = 9
Socket not ready, repolling fd = 9
Socket not ready, repolling fd = 9
Socket not ready, repolling fd = 9
Socket not ready, repolling fd = 9
Socket not ready, repolling fd = 9
Socket not ready, repolling fd = 9
Socket not ready, repolling fd = 9
Socket not ready, repolling fd = 9
Socket not ready, repolling fd = 9
Socket not ready, repolling fd = 9
Socket not ready, repolling fd = 9
Socket not ready, repolling fd = 9
Socket not ready, repolling fd = 9
Socket not ready, repolling fd = 9
Socket not ready, repolling fd = 9
Socket not ready, repolling fd = 9
Socket not ready, repolling fd = 9
Socket not ready, repolling fd = 9
Socket not ready, repolling fd = 9
Socket not ready, repolling fd = 9
Socket not ready, repolling fd = 9
Socket not ready, repolling fd = 9
Socket not ready, repolling fd = 9
Socket not ready, repolling fd = 9
Socket not ready, repolling fd = 9
Socket not ready, repolling fd = 9
Socket not ready, repolling fd = 9
Socket not ready, repolling fd = 9
Socket not ready, repolling fd = 9
Socket not ready, repolling fd = 9
Socket not ready, repolling fd = 9
Socket not ready, repolling fd = 9
Socket not ready, repolling fd = 9
Socket not ready, repolling fd = 9
Socket not ready, repolling fd = 9
Socket not ready, repolling fd = 9
Socket not ready, repolling fd = 9
Socket not ready, repolling fd = 9
Socket not ready, repolling fd = 9
Socket not ready, repolling fd = 9
Socket not ready, repolling fd = 9
Socket not ready, repolling fd = 9
Socket not ready, repolling fd = 9
Socket not ready, repolling fd = 9
Socket not ready, repolling fd = 9
Socket not ready, repolling fd = 9
Socket not ready, repolling fd = 9
Socket not ready, repolling fd = 9
Socket not ready, repolling fd = 9
Socket not ready, repolling fd = 9
Socket not ready, repolling fd = 9
Socket not ready, repolling fd = 9
Socket not ready, repolling fd = 9
Socket not ready, repolling fd = 9
Socket not ready, repolling fd = 9
Socket not ready, repolling fd = 9
Socket not ready, repolling fd = 9
Socket not ready, repolling fd = 9
Socket not ready, repolling fd = 9
Socket not ready, repolling fd = 9
Socket not ready, repolling fd = 9
Socket not ready, repolling fd = 9
Socket not ready, repolling fd = 9
Socket not ready, repolling fd = 9
Socket not ready, repolling fd = 9
Socket not ready, repolling fd = 9
Socket not ready, repolling fd = 9
Socket not ready, repolling fd = 9
Socket not ready, repolling fd = 9
Socket not ready, repolling fd = 9
Socket not ready, repolling fd = 9
Socket not ready, repolling fd = 9
Socket not ready, repolling fd = 9
Socket not ready, repolling fd = 9
Socket not ready, repolling fd = 9
Socket not ready, repolling fd = 9
Socket not ready, repolling fd = 9
Socket not ready, repolling fd = 9
Socket not ready, repolling fd = 9
Socket not ready, repolling fd = 9
Socket not ready, repolling fd = 9
Socket not ready, repolling fd = 9
Socket not ready, repolling fd = 9
Socket not ready, repolling fd = 9
Socket not ready, repolling fd = 9
Socket not ready, repolling fd = 9
Socket not ready, repolling fd = 9
Socket not ready, repolling fd = 9
Socket not ready, repolling fd = 9
Socket not ready, repolling fd = 9
Socket not ready, repolling fd = 9
Socket not ready, repolling fd = 9
Socket not ready, repolling fd = 9
Socket not ready, repolling fd = 9
Socket not ready, repolling fd = 9
Socket not ready, repolling fd = 9
Socket not ready, repolling fd = 9
Socket not ready, repolling fd = 9
Socket not ready, repolling fd = 9
Socket not ready, repolling fd = 9
Socket not ready, repolling fd = 9
Socket not ready, repolling fd = 9
Socket not ready, repolling fd = 9
Socket not ready, repolling fd = 9
Socket not ready, repolling fd = 9
Socket not ready, repolling fd = 9
Socket not ready, repolling fd = 9
Socket not ready, repolling fd = 9
Socket not ready, repolling fd = 9
Socket not ready, repolling fd = 9
Socket not ready, repolling fd = 9
Socket not ready, repolling fd = 9
Socket not ready, repolling fd = 9
Socket not ready, repolling fd = 9
Socket not ready, repolling fd = 9
Socket not ready, repolling fd = 9
Socket not ready, repolling fd = 9
Socket not ready, repolling fd = 9
Socket not ready, repolling fd = 9
Socket not ready, repolling fd = 9
Socket not ready, repolling fd = 9
Socket not ready, repolling fd = 9
Socket not ready, repolling fd = 9
Socket not ready, repolling fd = 9
Socket not ready, repolling fd = 9
Socket not ready, repolling fd = 9
Socket not ready, repolling fd = 9
Socket not ready, repolling fd = 9
Socket not ready, repolling fd = 9
Socket not ready, repolling fd = 9
Socket not ready, repolling fd = 9
Socket not ready, repolling fd = 9
Socket not ready, repolling fd = 9
Socket not ready, repolling fd = 9
Socket not ready, repolling fd = 9
Socket not ready, repolling fd = 9
Socket not ready, repolling fd = 9
Socket not ready, repolling fd = 9
Socket not ready, repolling fd = 9
Socket not ready, repolling fd = 9
Socket not ready, repolling fd = 9
Socket not ready, repolling fd = 9
Socket not ready, repolling fd = 9
Socket not ready, repolling fd = 9
Socket not ready, repolling fd = 9
Socket not ready, repolling fd = 9
Socket not ready, repolling fd = 9
Socket not ready, repolling fd = 9
Socket not ready, repolling fd = 9
Socket not ready, repolling fd = 9
Socket not ready, repolling fd = 9
Socket not ready, repolling fd = 9
Socket not ready, repolling fd = 9
Socket not ready, repolling fd = 9
Socket not ready, repolling fd = 9
Socket not ready, repolling fd = 9
Socket not ready, repolling fd = 9
Socket not ready, repolling fd = 9
Socket not ready, repolling fd = 9
Socket not ready, repolling fd = 9
Socket not ready, repolling fd = 9
Socket not ready, repolling fd = 9
Socket not ready, repolling fd = 9
Socket not ready, repolling fd = 9
Socket not ready, repolling fd = 9
Socket not ready, repolling fd = 9
Socket not ready, repolling fd = 9
Socket not ready, repolling fd = 9
Socket not ready, repolling fd = 9
Socket not ready, repolling fd = 9
Socket not ready, repolling fd = 9
Socket not ready, repolling fd = 9
Socket not ready, repolling fd = 9
Socket not ready, repolling fd = 9
Socket not ready, repolling fd = 9
Socket not ready, repolling fd = 9
Socket not ready, repolling fd = 9
Socket not ready, repolling fd = 9
Socket not ready, repolling fd = 9
Socket not ready, repolling fd = 9
Socket not ready, repolling fd = 9
Socket not ready, repolling fd = 9
Socket not ready, repolling fd = 9
Socket not ready, repolling fd = 9
Socket not ready, repolling fd = 9
Socket not ready, repolling fd = 9
Socket not ready, repolling fd = 9
Socket not ready, repolling fd = 9
Socket not ready, repolling fd = 9
Socket not ready, repolling fd = 9
Socket not ready, repolling fd = 9
Socket not ready, repolling fd = 9
Socket not ready, repolling fd = 9
Socket not ready, repolling fd = 9
Socket not ready, repolling fd = 9
Socket not ready, repolling fd = 9
Socket not ready, repolling fd = 9
Socket not ready, repolling fd = 9
Socket not ready, repolling fd = 9
Socket not ready, repolling fd = 9
Socket not ready, repolling fd = 9
Socket not ready, repolling fd = 9
Socket not ready, repolling fd = 9
Socket not ready, repolling fd = 9
Socket not ready, repolling fd = 9
Socket not ready, repolling fd = 9
Socket not ready, repolling fd = 9
Socket not ready, repolling fd = 9
Socket not ready, repolling fd = 9
Socket not ready, repolling fd = 9
Socket not ready, repolling fd = 9
Socket not ready, repolling fd = 9
Socket not ready, repolling fd = 9
Socket not ready, repolling fd = 9
Socket not ready, repolling fd = 9
Socket not ready, repolling fd = 9
Socket not ready, repolling fd = 9
Socket not ready, repolling fd = 9
Socket not ready, repolling fd = 9
Socket not ready, repolling fd = 9
Socket not ready, repolling fd = 9
Socket not ready, repolling fd = 9
Socket not ready, repolling fd = 9
Socket not ready, repolling fd = 9
Socket not ready, repolling fd = 9
Socket not ready, repolling fd = 9
Socket not ready, repolling fd = 9
Socket not ready, repolling fd = 9
Socket not ready, repolling fd = 9
Socket not ready, repolling fd = 9
Socket not ready, repolling fd = 9
Socket not ready, repolling fd = 9
Socket not ready, repolling fd = 9
Socket not ready, repolling fd = 9
Socket not ready, repolling fd = 9
Socket not ready, repolling fd = 9
Socket not ready, repolling fd = 9
Socket not ready, repolling fd = 9
Socket not ready, repolling fd = 9
Socket not ready, repolling fd = 9
Socket not ready, repolling fd = 9
Socket not ready, repolling fd = 9
Socket not ready, repolling fd = 9
Socket not ready, repolling fd = 9
Socket not ready, repolling fd = 9
Socket not ready, repolling fd = 9
Socket not ready, repolling fd = 9
Socket not ready, repolling fd = 9
Socket not ready, repolling fd = 9
Socket not ready, repolling fd = 9
Socket not ready, repolling fd = 9
Socket not ready, repolling fd = 9
Socket not ready, repolling fd = 9
Socket not ready, repolling fd = 9
Socket not ready, repolling fd = 9
Socket not ready, repolling fd = 9
Socket not ready, repolling fd = 9
Socket not ready, repolling fd = 9
Socket not ready, repolling fd = 9
Socket not ready, repolling fd = 9
Socket not ready, repolling fd = 9
Socket not ready, repolling fd = 9
Socket not ready, repolling fd = 9
Socket not ready, repolling fd = 9
Socket not ready, repolling fd = 9
Socket not ready, repolling fd = 9
Socket not ready, repolling fd = 9
Socket not ready, repolling fd = 9
Socket not ready, repolling fd = 9
Socket not ready, repolling fd = 9
Socket not ready, repolling fd = 9
Socket not ready, repolling fd = 9
Socket not ready, repolling fd = 9
Socket not ready, repolling fd = 9
Socket not ready, repolling fd = 9
Socket not ready, repolling fd = 9
Socket not ready, repolling fd = 9
Socket not ready, repolling fd = 9
Socket not ready, repolling fd = 9
Socket not ready, repolling fd = 9
Socket not ready, repolling fd = 9
Socket not ready, repolling fd = 9
Socket not ready, repolling fd = 9
Socket not ready, repolling fd = 9
Socket not ready, repolling fd = 9
Socket not ready, repolling fd = 9
Socket not ready, repolling fd = 9
Socket not ready, repolling fd = 9
Socket not ready, repolling fd = 9
Socket not ready, repolling fd = 9
Socket not ready, repolling fd = 9
Socket not ready, repolling fd = 9
Socket not ready, repolling fd = 9
Socket not ready, repolling fd = 9
Socket not ready, repolling fd = 9
Socket not ready, repolling fd = 9
Socket not ready, repolling fd = 9
Socket not ready, repolling fd = 9
Socket not ready, repolling fd = 9
Socket not ready, repolling fd = 9
Socket not ready, repolling fd = 9
Socket not ready, repolling fd = 9
Socket not ready, repolling fd = 9
Socket not ready, repolling fd = 9
Socket not ready, repolling fd = 9
Socket not ready, repolling fd = 9
Socket not ready, repolling fd = 9
Socket not ready, repolling fd = 9
Socket not ready, repolling fd = 9
Socket not ready, repolling fd = 9
Socket not ready, repolling fd = 9
Socket not ready, repolling fd = 9
Socket not ready, repolling fd = 9
Socket not ready, repolling fd = 9
Socket not ready, repolling fd = 9
Socket not ready, repolling fd = 9
Socket not ready, repolling fd = 9
Socket not ready, repolling fd = 9
Socket not ready, repolling fd = 9
Socket not ready, repolling fd = 9
Socket not ready, repolling fd = 9
Socket not ready, repolling fd = 9
Socket not ready, repolling fd = 9
Socket not ready, repolling fd = 9
Socket not ready, repolling fd = 9
Socket not ready, repolling fd = 9
Socket not ready, repolling fd = 9
Socket not ready, repolling fd = 9
Socket not ready, repolling fd = 9
Socket not ready, repolling fd = 9
Socket not ready, repolling fd = 9
Socket not ready, repolling fd = 9
Socket not ready, repolling fd = 9
Socket not ready, repolling fd = 9
Socket not ready, repolling fd = 9
Socket not ready, repolling fd = 9
Socket not ready, repolling fd = 9
Socket not ready, repolling fd = 9
Socket not ready, repolling fd = 9
Socket not ready, repolling fd = 9
Socket not ready, repolling fd = 9
Socket not ready, repolling fd = 9
Socket not ready, repolling fd = 9
Socket not ready, repolling fd = 9
Socket not ready, repolling fd = 9
Socket not ready, repolling fd = 9
Socket not ready, repolling fd = 9
Socket not ready, repolling fd = 9
Socket not ready, repolling fd = 9
Socket not ready, repolling fd = 9
Socket not ready, repolling fd = 9
Socket not ready, repolling fd = 9
Socket not ready, repolling fd = 9
Socket not ready, repolling fd = 9
Socket not ready, repolling fd = 9
Socket not ready, repolling fd = 9
Socket not ready, repolling fd = 9
Socket not ready, repolling fd = 9
Socket not ready, repolling fd = 9
Socket not ready, repolling fd = 9
Socket not ready, repolling fd = 9
Socket not ready, repolling fd = 9
Socket not ready, repolling fd = 9
Socket not ready, repolling fd = 9
Socket not ready, repolling fd = 9
Socket not ready, repolling fd = 9
Socket not ready, repolling fd = 9
Socket not ready, repolling fd = 9
Socket not ready, repolling fd = 9
Socket not ready, repolling fd = 9
Socket not ready, repolling fd = 9
Socket not ready, repolling fd = 9
Socket not ready, repolling fd = 9
Socket not ready, repolling fd = 9
Socket not ready, repolling fd = 9
Socket not ready, repolling fd = 9
Socket not ready, repolling fd = 9
Socket not ready, repolling fd = 9
Socket not ready, repolling fd = 9
Socket not ready, repolling fd = 9
Socket not ready, repolling fd = 9
Socket not ready, repolling fd = 9
Socket not ready, repolling fd = 9
Socket not ready, repolling fd = 9
Socket not ready, repolling fd = 9
Socket not ready, repolling fd = 9
Socket not ready, repolling fd = 9
Socket not ready, repolling fd = 9
Socket not ready, repolling fd = 9
Socket not ready, repolling fd = 9
Socket not ready, repolling fd = 9
Socket not ready, repolling fd = 9
Socket not ready, repolling fd = 9
Socket not ready, repolling fd = 9
Socket not ready, repolling fd = 9
Socket not ready, repolling fd = 9
Socket not ready, repolling fd = 9
Socket not ready, repolling fd = 9
Socket not ready, repolling fd = 9
Socket not ready, repolling fd = 9
Socket not ready, repolling fd = 9
Socket not ready, repolling fd = 9
Socket not ready, repolling fd = 9
Socket not ready, repolling fd = 9
Socket not ready, repolling fd = 9
Socket not ready, repolling fd = 9
Socket not ready, repolling fd = 9
Socket not ready, repolling fd = 9
Socket not ready, repolling fd = 9
Socket not ready, repolling fd = 9
Socket not ready, repolling fd = 9
Socket not ready, repolling fd = 9
Socket not ready, repolling fd = 9
Socket not ready, repolling fd = 9
Socket not ready, repolling fd = 9
Socket not ready, repolling fd = 9
Socket not ready, repolling fd = 9
Socket not ready, repolling fd = 9
Socket not ready, repolling fd = 9
Socket not ready, repolling fd = 9
Socket not ready, repolling fd = 9
Socket not ready, repolling fd = 9
Socket not ready, repolling fd = 9
Socket not ready, repolling fd = 9
Socket not ready, repolling fd = 9
Socket not ready, repolling fd = 9
Socket not ready, repolling fd = 9
Socket not ready, repolling fd = 9
Socket not ready, repolling fd = 9
Socket not ready, repolling fd = 9
Socket not ready, repolling fd = 9
Socket not ready, repolling fd = 9
Socket not ready, repolling fd = 9
Socket not ready, repolling fd = 9
Socket not ready, repolling fd = 9
Socket not ready, repolling fd = 9
Socket not ready, repolling fd = 9
Socket not ready, repolling fd = 9
Socket not ready, repolling fd = 9
Socket not ready, repolling fd = 9
Socket not ready, repolling fd = 9
Socket not ready, repolling fd = 9
Socket not ready, repolling fd = 9
Socket not ready, repolling fd = 9
Socket not ready, repolling fd = 9
Socket not ready, repolling fd = 9
Socket not ready, repolling fd = 9
Socket not ready, repolling fd = 9
Socket not ready, repolling fd = 9
Socket not ready, repolling fd = 9
Socket not ready, repolling fd = 9
Socket not ready, repolling fd = 9
Socket not ready, repolling fd = 9
Socket not ready, repolling fd = 9
Socket not ready, repolling fd = 9
Socket not ready, repolling fd = 9
Socket not ready, repolling fd = 9
Socket not ready, repolling fd = 9
Socket not ready, repolling fd = 9
Socket not ready, repolling fd = 9
Socket not ready, repolling fd = 9
Socket not ready, repolling fd = 9
Socket not ready, repolling fd = 9
Socket not ready, repolling fd = 9
Socket not ready, repolling fd = 9
Socket not ready, repolling fd = 9
Socket not ready, repolling fd = 9
Socket not ready, repolling fd = 9
Socket not ready, repolling fd = 9
Socket not ready, repolling fd = 9
Socket not ready, repolling fd = 9
Socket not ready, repolling fd = 9
Socket not ready, repolling fd = 9
Socket not ready, repolling fd = 9
Socket not ready, repolling fd = 9
Socket not ready, repolling fd = 9
Socket not ready, repolling fd = 9
Socket not ready, repolling fd = 9
Socket not ready, repolling fd = 9
Socket not ready, repolling fd = 9
Socket not ready, repolling fd = 9
Socket not ready, repolling fd = 9
Socket not ready, repolling fd = 9
Socket not ready, repolling fd = 9
Socket not ready, repolling fd = 9
Socket not ready, repolling fd = 9
Socket not ready, repolling fd = 9
Socket not ready, repolling fd = 9
Socket not ready, repolling fd = 9
Socket not ready, repolling fd = 9
Socket not ready, repolling fd = 9
Socket not ready, repolling fd = 9
Socket not ready, repolling fd = 9
Socket not ready, repolling fd = 9
Socket not ready, repolling fd = 9
Socket not ready, repolling fd = 9
Socket not ready, repolling fd = 9
Socket not ready, repolling fd = 9
Socket not ready, repolling fd = 9
Socket not ready, repolling fd = 9
Socket not ready, repolling fd = 9
Socket not ready, repolling fd = 9
Socket not ready, repolling fd = 9
Socket not ready, repolling fd = 9
Socket not ready, repolling fd = 9
Socket not ready, repolling fd = 9
Socket not ready, repolling fd = 9
Socket not ready, repolling fd = 9
Socket not ready, repolling fd = 9
Socket not ready, repolling fd = 9
Socket not ready, repolling fd = 9
Socket not ready, repolling fd = 9
Socket not ready, repolling fd = 9
Socket not ready, repolling fd = 9
Socket not ready, repolling fd = 9
Socket not ready, repolling fd = 9
Socket not ready, repolling fd = 9
Socket not ready, repolling fd = 9
Socket not ready, repolling fd = 9
Socket not ready, repolling fd = 9
Socket not ready, repolling fd = 9
Socket not ready, repolling fd = 9
Socket not ready, repolling fd = 9
Socket not ready, repolling fd = 9
Socket not ready, repolling fd = 9
Socket not ready, repolling fd = 9
Socket not ready, repolling fd = 9
Socket not ready, repolling fd = 9
Socket not ready, repolling fd = 9
Socket not ready, repolling fd = 9
Socket not ready, repolling fd = 9
Socket not ready, repolling fd = 9
Socket not ready, repolling fd = 9
Socket not ready, repolling fd = 9
Socket not ready, repolling fd = 9
Socket not ready, repolling fd = 9
Socket not ready, repolling fd = 9
Socket not ready, repolling fd = 9
Socket not ready, repolling fd = 9
Socket not ready, repolling fd = 9
Socket not ready, repolling fd = 9
Socket not ready, repolling fd = 9
Socket not ready, repolling fd = 9
Socket not ready, repolling fd = 9
Socket not ready, repolling fd = 9
Socket not ready, repolling fd = 9
Socket not ready, repolling fd = 9
Socket not ready, repolling fd = 9
Socket not ready, repolling fd = 9
Socket not ready, repolling fd = 9
Socket not ready, repolling fd = 9
Socket not ready, repolling fd = 9
Socket not ready, repolling fd = 9
Socket not ready, repolling fd = 9
Socket not ready, repolling fd = 9
Socket not ready, repolling fd = 9
Socket not ready, repolling fd = 9
Socket not ready, repolling fd = 9
Socket not ready, repolling fd = 9
Socket not ready, repolling fd = 9
Socket not ready, repolling fd = 9
Socket not ready, repolling fd = 9
Socket not ready, repolling fd = 9
Socket not ready, repolling fd = 9
Socket not ready, repolling fd = 9
Socket not ready, repolling fd = 9
Socket not ready, repolling fd = 9
Socket not ready, repolling fd = 9
Socket not ready, repolling fd = 9
Socket not ready, repolling fd = 9
Socket not ready, repolling fd = 9
Socket not ready, repolling fd = 9
Socket not ready, repolling fd = 9
Socket not ready, repolling fd = 9
Socket not ready, repolling fd = 9
Socket not ready, repolling fd = 9
Socket not ready, repolling fd = 9
Socket not ready, repolling fd = 9
Socket not ready, repolling fd = 9
Socket not ready, repolling fd = 9
Socket not ready, repolling fd = 9
Socket not ready, repolling fd = 9
Socket not ready, repolling fd = 9
Socket not ready, repolling fd = 9
Socket not ready, repolling fd = 9
Socket not ready, repolling fd = 9
Socket not ready, repolling fd = 9
Socket not ready, repolling fd = 9
Socket not ready, repolling fd = 9
Socket not ready, repolling fd = 9
Socket not ready, repolling fd = 9
Socket not ready, repolling fd = 9
Socket not ready, repolling fd = 9
Socket not ready, repolling fd = 9
Socket not ready, repolling fd = 9
Socket not ready, repolling fd = 9
Socket not ready, repolling fd = 9
Socket not ready, repolling fd = 9
Socket not ready, repolling fd = 9
Socket not ready, repolling fd = 9
Socket not ready, repolling fd = 9
Socket not ready, repolling fd = 9
Socket not ready, repolling fd = 9
Socket not ready, repolling fd = 9
Socket not ready, repolling fd = 9
Socket not ready, repolling fd = 9
Socket not ready, repolling fd = 9
Socket not ready, repolling fd = 9
Socket not ready, repolling fd = 9
Socket not ready, repolling fd = 9
Socket not ready, repolling fd = 9
Socket not ready, repolling fd = 9
Socket not ready, repolling fd = 9
Socket not ready, repolling fd = 9
Socket not ready, repolling fd = 9
Socket not ready, repolling fd = 9
Socket not ready, repolling fd = 9
Socket not ready, repolling fd = 9
Socket not ready, repolling fd = 9
Socket not ready, repolling fd = 9
Socket not ready, repolling fd = 9
Socket not ready, repolling fd = 9
Socket not ready, repolling fd = 9
Socket not ready, repolling fd = 9
Socket not ready, repolling fd = 9
Socket not ready, repolling fd = 9
Socket not ready, repolling fd = 9
Socket not ready, repolling fd = 9
Socket not ready, repolling fd = 9
Socket not ready, repolling fd = 9
Socket not ready, repolling fd = 9
Socket not ready, repolling fd = 9
Socket not ready, repolling fd = 9
Socket not ready, repolling fd = 9
Socket not ready, repolling fd = 9
Socket not ready, repolling fd = 9
Socket not ready, repolling fd = 9
Socket not ready, repolling fd = 9
Socket not ready, repolling fd = 9
Socket not ready, repolling fd = 9
Socket not ready, repolling fd = 9
Socket not ready, repolling fd = 9
Socket not ready, repolling fd = 9
Socket not ready, repolling fd = 9
Socket not ready, repolling fd = 9
Socket not ready, repolling fd = 9
Socket not ready, repolling fd = 9
Socket not ready, repolling fd = 9
Socket not ready, repolling fd = 9
Socket not ready, repolling fd = 9
Socket not ready, repolling fd = 9
Socket not ready, repolling fd = 9
Socket not ready, repolling fd = 9
Socket not ready, repolling fd = 9
Socket not ready, repolling fd = 9
Socket not ready, repolling fd = 9
Socket not ready, repolling fd = 9
Socket not ready, repolling fd = 9
Socket not ready, repolling fd = 9
Socket not ready, repolling fd = 9
Socket not ready, repolling fd = 9
Socket not ready, repolling fd = 9
Socket not ready, repolling fd = 9
Socket not ready, repolling fd = 9
Socket not ready, repolling fd = 9
Socket not ready, repolling fd = 9
Socket not ready, repolling fd = 9
Socket not ready, repolling fd = 9
Socket not ready, repolling fd = 9
Socket not ready, repolling fd = 9
Socket not ready, repolling fd = 9
Socket not ready, repolling fd = 9
Socket not ready, repolling fd = 9
Socket not ready, repolling fd = 9
Socket not ready, repolling fd = 9
Socket not ready, repolling fd = 9
Socket not ready, repolling fd = 9
Socket not ready, repolling fd = 9
Socket not ready, repolling fd = 9
Socket not ready, repolling fd = 9
Socket not ready, repolling fd = 9
Socket not ready, repolling fd = 9
Socket not ready, repolling fd = 9
Socket not ready, repolling fd = 9
Socket not ready, repolling fd = 9
Socket not ready, repolling fd = 9
Socket not ready, repolling fd = 9
Socket not ready, repolling fd = 9
Socket not ready, repolling fd = 9
Socket not ready, repolling fd = 9
Socket not ready, repolling fd = 9
Socket not ready, repolling fd = 9
Socket not ready, repolling fd = 9
Socket not ready, repolling fd = 9
Socket not ready, repolling fd = 9
Socket not ready, repolling fd = 9
Socket not ready, repolling fd = 9
Socket not ready, repolling fd = 9
Socket not ready, repolling fd = 9
Socket not ready, repolling fd = 9
Socket not ready, repolling fd = 9
Socket not ready, repolling fd = 9
Socket not ready, repolling fd = 9
Socket not ready, repolling fd = 9
Socket not ready, repolling fd = 9
Socket not ready, repolling fd = 9
Socket not ready, repolling fd = 9
Socket not ready, repolling fd = 9
Socket not ready, repolling fd = 9
Socket not ready, repolling fd = 9
Socket not ready, repolling fd = 9
Socket not ready, repolling fd = 9
Socket not ready, repolling fd = 9
Socket not ready, repolling fd = 9
Socket not ready, repolling fd = 9
Socket not ready, repolling fd = 9
Socket not ready, repolling fd = 9
Socket not ready, repolling fd = 9
Socket not ready, repolling fd = 9
Socket not ready, repolling fd = 9
Socket not ready, repolling fd = 9
Socket not ready, repolling fd = 9
Socket not ready, repolling fd = 9
Socket not ready, repolling fd = 9
Socket not ready, repolling fd = 9
Socket not ready, repolling fd = 9
Socket not ready, repolling fd = 9
Socket not ready, repolling fd = 9
Socket not ready, repolling fd = 9
Socket not ready, repolling fd = 9
Socket not ready, repolling fd = 9
Socket not ready, repolling fd = 9
Socket not ready, repolling fd = 9
Socket not ready, repolling fd = 9
Socket not ready, repolling fd = 9
Socket not ready, repolling fd = 9
Socket not ready, repolling fd = 9
Socket not ready, repolling fd = 9
Socket not ready, repolling fd = 9
Socket not ready, repolling fd = 9
Socket not ready, repolling fd = 9
Socket not ready, repolling fd = 9
Socket not ready, repolling fd = 9
Socket not ready, repolling fd = 9
Socket not ready, repolling fd = 9
Socket not ready, repolling fd = 9
Socket not ready, repolling fd = 9
Socket not ready, repolling fd = 9
Socket not ready, repolling fd = 9
Socket not ready, repolling fd = 9
Socket not ready, repolling fd = 9
Socket not ready, repolling fd = 9
Socket not ready, repolling fd = 9
Socket not ready, repolling fd = 9
Socket not ready, repolling fd = 9
Socket not ready, repolling fd = 9
Socket not ready, repolling fd = 9
Socket not ready, repolling fd = 9
Socket not ready, repolling fd = 9
Socket not ready, repolling fd = 9
Socket not ready, repolling fd = 9
Socket not ready, repolling fd = 9
Socket not ready, repolling fd = 9
Socket not ready, repolling fd = 9
Socket not ready, repolling fd = 9
Socket not ready, repolling fd = 9
Socket not ready, repolling fd = 9
Socket not ready, repolling fd = 9
Socket not ready, repolling fd = 9
Socket not ready, repolling fd = 9
Socket not ready, repolling fd = 9
Socket not ready, repolling fd = 9
Socket not ready, repolling fd = 9
Socket not ready, repolling fd = 9
Socket not ready, repolling fd = 9
Socket not ready, repolling fd = 9
Socket not ready, repolling fd = 9
Socket not ready, repolling fd = 9
Socket not ready, repolling fd = 9
Socket not ready, repolling fd = 9
Socket not ready, repolling fd = 9
Socket not ready, repolling fd = 9
Socket not ready, repolling fd = 9
Socket not ready, repolling fd = 9
Socket not ready, repolling fd = 9
Socket not ready, repolling fd = 9
Socket not ready, repolling fd = 9
Socket not ready, repolling fd = 9
Socket not ready, repolling fd = 9
Socket not ready, repolling fd = 9
Socket not ready, repolling fd = 9
Socket not ready, repolling fd = 9
Socket not ready, repolling fd = 9
Socket not ready, repolling fd = 9
Socket not ready, repolling fd = 9
Socket not ready, repolling fd = 9
Socket not ready, repolling fd = 9
Socket not ready, repolling fd = 9
Socket not ready, repolling fd = 9
Socket not ready, repolling fd = 9
Socket not ready, repolling fd = 9
Socket not ready, repolling fd = 9
Socket not ready, repolling fd = 9
Socket not ready, repolling fd = 9
Socket not ready, repolling fd = 9
Socket not ready, repolling fd = 9
Socket not ready, repolling fd = 9
Socket not ready, repolling fd = 9
Socket not ready, repolling fd = 9
Socket not ready, repolling fd = 9
Socket not ready, repolling fd = 9
Socket not ready, repolling fd = 9
Socket not ready, repolling fd = 9
Socket not ready, repolling fd = 9
Socket not ready, repolling fd = 9
Socket not ready, repolling fd = 9
Socket not ready, repolling fd = 9
Socket not ready, repolling fd = 9
Socket not ready, repolling fd = 9
Socket not ready, repolling fd = 9
Socket not ready, repolling fd = 9
Socket not ready, repolling fd = 9
Socket not ready, repolling fd = 9
Socket not ready, repolling fd = 9
Socket not ready, repolling fd = 9
Socket not ready, repolling fd = 9
Socket not ready, repolling fd = 9
Socket not ready, repolling fd = 9
Socket not ready, repolling fd = 9
Socket not ready, repolling fd = 9
Socket not ready, repolling fd = 9
Socket not ready, repolling fd = 9
Socket not ready, repolling fd = 9
Socket not ready, repolling fd = 9
Socket not ready, repolling fd = 9
Socket not ready, repolling fd = 9
Socket not ready, repolling fd = 9
Socket not ready, repolling fd = 9
Socket not ready, repolling fd = 9
Socket not ready, repolling fd = 9
Socket not ready, repolling fd = 9
Socket not ready, repolling fd = 9
Socket not ready, repolling fd = 9
Socket not ready, repolling fd = 9
Socket not ready, repolling fd = 9
Socket not ready, repolling fd = 9
Socket not ready, repolling fd = 9
Socket not ready, repolling fd = 9
Socket not ready, repolling fd = 9
Socket not ready, repolling fd = 9
Socket not ready, repolling fd = 9
Socket not ready, repolling fd = 9
Socket not ready, repolling fd = 9
Socket not ready, repolling fd = 9
Socket not ready, repolling fd = 9
Socket not ready, repolling fd = 9
Socket not ready, repolling fd = 9
Socket not ready, repolling fd = 9
Socket not ready, repolling fd = 9
Socket not ready, repolling fd = 9
Socket not ready, repolling fd = 9
Socket not ready, repolling fd = 9
Socket not ready, repolling fd = 9
Socket not ready, repolling fd = 9
Socket not ready, repolling fd = 9
Socket not ready, repolling fd = 9
Socket not ready, repolling fd = 9
Socket not ready, repolling fd = 9
Socket not ready, repolling fd = 9
Socket not ready, repolling fd = 9
Socket not ready, repolling fd = 9
Socket not ready, repolling fd = 9
Socket not ready, repolling fd = 9
Socket not ready, repolling fd = 9
Socket not ready, repolling fd = 9
Socket not ready, repolling fd = 9
Socket not ready, repolling fd = 9
Socket not ready, repolling fd = 9
Socket not ready, repolling fd = 9
Socket not ready, repolling fd = 9
Socket not ready, repolling fd = 9
Socket not ready, repolling fd = 9
Socket not ready, repolling fd = 9
Socket not ready, repolling fd = 9
Socket not ready, repolling fd = 9
Socket not ready, repolling fd = 9
Socket not ready, repolling fd = 9
Socket not ready, repolling fd = 9
Socket not ready, repolling fd = 9
Socket not ready, repolling fd = 9
Socket not ready, repolling fd = 9
Socket not ready, repolling fd = 9
Socket not ready, repolling fd = 9
Socket not ready, repolling fd = 9
Socket not ready, repolling fd = 9
Socket not ready, repolling fd = 9
Socket not ready, repolling fd = 9
Socket not ready, repolling fd = 9
Socket not ready, repolling fd = 9
Socket not ready, repolling fd = 9
Socket not ready, repolling fd = 9
Socket not ready, repolling fd = 9
Socket not ready, repolling fd = 9
Socket not ready, repolling fd = 9
Socket not ready, repolling fd = 9
Socket not ready, repolling fd = 9
Socket not ready, repolling fd = 9
Socket not ready, repolling fd = 9
Socket not ready, repolling fd = 9
Socket not ready, repolling fd = 9
Socket not ready, repolling fd = 9
Socket not ready, repolling fd = 9
Socket not ready, repolling fd = 9
Socket not ready, repolling fd = 9
Socket not ready, repolling fd = 9
Socket not ready, repolling fd = 9
Socket not ready, repolling fd = 9
Socket not ready, repolling fd = 9
Socket not ready, repolling fd = 9
Socket not ready, repolling fd = 9
Socket not ready, repolling fd = 9
Socket not ready, repolling fd = 9
Socket not ready, repolling fd = 9
Socket not ready, repolling fd = 9
Socket not ready, repolling fd = 9
Socket not ready, repolling fd = 9
Socket not ready, repolling fd = 9
Socket not ready, repolling fd = 9
Socket not ready, repolling fd = 9
Socket not ready, repolling fd = 9
Socket not ready, repolling fd = 9
Socket not ready, repolling fd = 9
Socket not ready, repolling fd = 9
Socket not ready, repolling fd = 9
Socket not ready, repolling fd = 9
Socket not ready, repolling fd = 9
Socket not ready, repolling fd = 9
Socket not ready, repolling fd = 9
Socket not ready, repolling fd = 9
Socket not ready, repolling fd = 9
Socket not ready, repolling fd = 9
Socket not ready, repolling fd = 9
Socket not ready, repolling fd = 9
Socket not ready, repolling fd = 9
Socket not ready, repolling fd = 9
Socket not ready, repolling fd = 9
Socket not ready, repolling fd = 9
Socket not ready, repolling fd = 9
Socket not ready, repolling fd = 9
Socket not ready, repolling fd = 9
Socket not ready, repolling fd = 9
Socket not ready, repolling fd = 9
Socket not ready, repolling fd = 9
Socket not ready, repolling fd = 9
Socket not ready, repolling fd = 9
Socket not ready, repolling fd = 9
Socket not ready, repolling fd = 9
Socket not ready, repolling fd = 9
Socket not ready, repolling fd = 9
Socket not ready, repolling fd = 9
Socket not ready, repolling fd = 9
Socket not ready, repolling fd = 9
Socket not ready, repolling fd = 9
Socket not ready, repolling fd = 9
Socket not ready, repolling fd = 9
Socket not ready, repolling fd = 9
Socket not ready, repolling fd = 9
Socket not ready, repolling fd = 9
Socket not ready, repolling fd = 9
Socket not ready, repolling fd = 9
Socket not ready, repolling fd = 9
Socket not ready, repolling fd = 9
Socket not ready, repolling fd = 9
Socket not ready, repolling fd = 9
Socket not ready, repolling fd = 9
Socket not ready, repolling fd = 9
Socket not ready, repolling fd = 9
Socket not ready, repolling fd = 9
Socket not ready, repolling fd = 9
Socket not ready, repolling fd = 9
Socket not ready, repolling fd = 9
Socket not ready, repolling fd = 9
Socket not ready, repolling fd = 9
Socket not ready, repolling fd = 9
Socket not ready, repolling fd = 9
Socket not ready, repolling fd = 9
Socket not ready, repolling fd = 9
Socket not ready, repolling fd = 9
Socket not ready, repolling fd = 9
Socket not ready, repolling fd = 9
Socket not ready, repolling fd = 9
Socket not ready, repolling fd = 9
Socket not ready, repolling fd = 9
Socket not ready, repolling fd = 9
Socket not ready, repolling fd = 9
Socket not ready, repolling fd = 9
Socket not ready, repolling fd = 9
Socket not ready, repolling fd = 9
Socket not ready, repolling fd = 9
Socket not ready, repolling fd = 9
Socket not ready, repolling fd = 9
Socket not ready, repolling fd = 9
Socket not ready, repolling fd = 9
Socket not ready, repolling fd = 9
Socket not ready, repolling fd = 9
Socket not ready, repolling fd = 9
Socket not ready, repolling fd = 9
Socket not ready, repolling fd = 9
Socket not ready, repolling fd = 9
Socket not ready, repolling fd = 9
Socket not ready, repolling fd = 9
Socket not ready, repolling fd = 9
Socket not ready, repolling fd = 9
Socket not ready, repolling fd = 9
Socket not ready, repolling fd = 9
Socket not ready, repolling fd = 9
Socket not ready, repolling fd = 9
Socket not ready, repolling fd = 9
Socket not ready, repolling fd = 9
Socket not ready, repolling fd = 9
Socket not ready, repolling fd = 9
Socket not ready, repolling fd = 9
Socket not ready, repolling fd = 9
Socket not ready, repolling fd = 9
Socket not ready, repolling fd = 9
Socket not ready, repolling fd = 9
Socket not ready, repolling fd = 9
Socket not ready, repolling fd = 9
Socket not ready, repolling fd = 9
Socket not ready, repolling fd = 9
Socket not ready, repolling fd = 9
Socket not ready, repolling fd = 9
Socket not ready, repolling fd = 9
Socket not ready, repolling fd = 9
Socket not ready, repolling fd = 9
Socket not ready, repolling fd = 9
Socket not ready, repolling fd = 9
Socket not ready, repolling fd = 9
Socket not ready, repolling fd = 9
Socket not ready, repolling fd = 9
Socket not ready, repolling fd = 9
Socket not ready, repolling fd = 9
Socket not ready, repolling fd = 9
Socket not ready, repolling fd = 9
Socket not ready, repolling fd = 9
Socket not ready, repolling fd = 9
Socket not ready, repolling fd = 9
Socket not ready, repolling fd = 9
Socket not ready, repolling fd = 9
Socket not ready, repolling fd = 9
Socket not ready, repolling fd = 9
Socket not ready, repolling fd = 9
Socket not ready, repolling fd = 9
Socket not ready, repolling fd = 9
Socket not ready, repolling fd = 9
Socket not ready, repolling fd = 9
Socket not ready, repolling fd = 9
Socket not ready, repolling fd = 9
Socket not ready, repolling fd = 9
Socket not ready, repolling fd = 9
Socket not ready, repolling fd = 9
Socket not ready, repolling fd = 9
Socket not ready, repolling fd = 9
Socket not ready, repolling fd = 9
Socket not ready, repolling fd = 9
Socket not ready, repolling fd = 9
Socket not ready, repolling fd = 9
Socket not ready, repolling fd = 9
Socket not ready, repolling fd = 9
Socket not ready, repolling fd = 9
Socket not ready, repolling fd = 9
Socket not ready, repolling fd = 9
Socket not ready, repolling fd = 9
Socket not ready, repolling fd = 9
Socket not ready, repolling fd = 9
Socket not ready, repolling fd = 9
Socket not ready, repolling fd = 9
Socket not ready, repolling fd = 9
Socket not ready, repolling fd = 9
Socket not ready, repolling fd = 9
Socket not ready, repolling fd = 9
Socket not ready, repolling fd = 9
Socket not ready, repolling fd = 9
Socket not ready, repolling fd = 9
Socket not ready, repolling fd = 9
Socket not ready, repolling fd = 9
Socket not ready, repolling fd = 9
Socket not ready, repolling fd = 9
Socket not ready, repolling fd = 9
Socket not ready, repolling fd = 9
Socket not ready, repolling fd = 9
Socket not ready, repolling fd = 9
Socket not ready, repolling fd = 9
Socket not ready, repolling fd = 9
Socket not ready, repolling fd = 9
Socket not ready, repolling fd = 9
Socket not ready, repolling fd = 9
Socket not ready, repolling fd = 9
Socket not ready, repolling fd = 9
Socket not ready, repolling fd = 9
Socket not ready, repolling fd = 9
Socket not ready, repolling fd = 9
Socket not ready, repolling fd = 9
Socket not ready, repolling fd = 9
Socket not ready, repolling fd = 9
Socket not ready, repolling fd = 9
Socket not ready, repolling fd = 9
Socket not ready, repolling fd = 9
Socket not ready, repolling fd = 9
Socket not ready, repolling fd = 9
Socket not ready, repolling fd = 9
Socket not ready, repolling fd = 9
Socket not ready, repolling fd = 9
Socket not ready, repolling fd = 9
Socket not ready, repolling fd = 9
Socket not ready, repolling fd = 9
Socket not ready, repolling fd = 9
Socket not ready, repolling fd = 9
Socket not ready, repolling fd = 9
Socket not ready, repolling fd = 9
Socket not ready, repolling fd = 9
Socket not ready, repolling fd = 9
Socket not ready, repolling fd = 9
Socket not ready, repolling fd = 9
Socket not ready, repolling fd = 9
Socket not ready, repolling fd = 9
Socket not ready, repolling fd = 9
Socket not ready, repolling fd = 9
Socket not ready, repolling fd = 9
Socket not ready, repolling fd = 9
Socket not ready, repolling fd = 9
Socket not ready, repolling fd = 9
Socket not ready, repolling fd = 9
Socket not ready, repolling fd = 9
Socket not ready, repolling fd = 9
Socket not ready, repolling fd = 9
Socket not ready, repolling fd = 9
Socket not ready, repolling fd = 9
Socket not ready, repolling fd = 9
Socket not ready, repolling fd = 9
Socket not ready, repolling fd = 9
Socket not ready, repolling fd = 9
Socket not ready, repolling fd = 9
Socket not ready, repolling fd = 9
Socket not ready, repolling fd = 9
Socket not ready, repolling fd = 9
Socket not ready, repolling fd = 9
Socket not ready, repolling fd = 9
Socket not ready, repolling fd = 9
Socket not ready, repolling fd = 9
Socket not ready, repolling fd = 9
Socket not ready, repolling fd = 9
Socket not ready, repolling fd = 9
Socket not ready, repolling fd = 9
Socket not ready, repolling fd = 9
Socket not ready, repolling fd = 9
Socket not ready, repolling fd = 9
Socket not ready, repolling fd = 9
Socket not ready, repolling fd = 9
Socket not ready, repolling fd = 9
Socket not ready, repolling fd = 9
Socket not ready, repolling fd = 9
Socket not ready, repolling fd = 9
Socket not ready, repolling fd = 9
Socket not ready, repolling fd = 9
Socket not ready, repolling fd = 9
Socket not ready, repolling fd = 9
Socket not ready, repolling fd = 9
Socket not ready, repolling fd = 9
Socket not ready, repolling fd = 9
Socket not ready, repolling fd = 9
Socket not ready, repolling fd = 9
Socket not ready, repolling fd = 9
Socket not ready, repolling fd = 9
Socket not ready, repolling fd = 9
Socket not ready, repolling fd = 9
Socket not ready, repolling fd = 9
Socket not ready, repolling fd = 9
Socket not ready, repolling fd = 9
Socket not ready, repolling fd = 9
Socket not ready, repolling fd = 9
Socket not ready, repolling fd = 9
Socket not ready, repolling fd = 9
Socket not ready, repolling fd = 9
Socket not ready, repolling fd = 9
Socket not ready, repolling fd = 9
Socket not ready, repolling fd = 9
Socket not ready, repolling fd = 9
Socket not ready, repolling fd = 9
Socket not ready, repolling fd = 9
Socket not ready, repolling fd = 9
Socket not ready, repolling fd = 9
Socket not ready, repolling fd = 9
Socket not ready, repolling fd = 9
Socket not ready, repolling fd = 9
Socket not ready, repolling fd = 9
Socket not ready, repolling fd = 9
Socket not ready, repolling fd = 9
Socket not ready, repolling fd = 9
Socket not ready, repolling fd = 9
Socket not ready, repolling fd = 9
Socket not ready, repolling fd = 9
Socket not ready, repolling fd = 9
Socket not ready, repolling fd = 9
Socket not ready, repolling fd = 9
Socket not ready, repolling fd = 9
Socket not ready, repolling fd = 9
Socket not ready, repolling fd = 9
Socket not ready, repolling fd = 9
Socket not ready, repolling fd = 9
Socket not ready, repolling fd = 9
Socket not ready, repolling fd = 9
Socket not ready, repolling fd = 9
Socket not ready, repolling fd = 9
Socket not ready, repolling fd = 9
Socket not ready, repolling fd = 9
Socket not ready, repolling fd = 9
Socket not ready, repolling fd = 9
Socket not ready, repolling fd = 9
Socket not ready, repolling fd = 9
Socket not ready, repolling fd = 9
Socket not ready, repolling fd = 9
Socket not ready, repolling fd = 9
Socket not ready, repolling fd = 9
Socket not ready, repolling fd = 9
Socket not ready, repolling fd = 9
Socket not ready, repolling fd = 9
Socket not ready, repolling fd = 9
Socket not ready, repolling fd = 9
Socket not ready, repolling fd = 9
Socket not ready, repolling fd = 9
Socket not ready, repolling fd = 9
Socket not ready, repolling fd = 9
Socket not ready, repolling fd = 9
Socket not ready, repolling fd = 9
Socket not ready, repolling fd = 9
Socket not ready, repolling fd = 9
Socket not ready, repolling fd = 9
Socket not ready, repolling fd = 9
Socket not ready, repolling fd = 9
Socket not ready, repolling fd = 9
Socket not ready, repolling fd = 9
Socket not ready, repolling fd = 9
Socket not ready, repolling fd = 9
Socket not ready, repolling fd = 9
Socket not ready, repolling fd = 9
Socket not ready, repolling fd = 9
Socket not ready, repolling fd = 9
Socket not ready, repolling fd = 9
Socket not ready, repolling fd = 9
Socket not ready, repolling fd = 9
Socket not ready, repolling fd = 9
Socket not ready, repolling fd = 9
Socket not ready, repolling fd = 9
Socket not ready, repolling fd = 9
Socket not ready, repolling fd = 9
Socket not ready, repolling fd = 9
Socket not ready, repolling fd = 9
Socket not ready, repolling fd = 9
Socket not ready, repolling fd = 9
Socket not ready, repolling fd = 9
Socket not ready, repolling fd = 9
Socket not ready, repolling fd = 9
Socket not ready, repolling fd = 9
Socket not ready, repolling fd = 9
Socket not ready, repolling fd = 9
Socket not ready, repolling fd = 9
Socket not ready, repolling fd = 9
Socket not ready, repolling fd = 9
Socket not ready, repolling fd = 9
Socket not ready, repolling fd = 9
Socket not ready, repolling fd = 9
Socket not ready, repolling fd = 9
Socket not ready, repolling fd = 9
Socket not ready, repolling fd = 9
Socket not ready, repolling fd = 9
Socket not ready, repolling fd = 9
Socket not ready, repolling fd = 9
Socket not ready, repolling fd = 9
Socket not ready, repolling fd = 9
Socket not ready, repolling fd = 9
Socket not ready, repolling fd = 9
Socket not ready, repolling fd = 9
Socket not ready, repolling fd = 9
Socket not ready, repolling fd = 9
Socket not ready, repolling fd = 9
Socket not ready, repolling fd = 9
Socket not ready, repolling fd = 9
Socket not ready, repolling fd = 9
Socket not ready, repolling fd = 9
Socket not ready, repolling fd = 9
Socket not ready, repolling fd = 9
Socket not ready, repolling fd = 9
Socket not ready, repolling fd = 9
Socket not ready, repolling fd = 9
Socket not ready, repolling fd = 9
Socket not ready, repolling fd = 9
Socket not ready, repolling fd = 9
Socket not ready, repolling fd = 9
Socket not ready, repolling fd = 9
Socket not ready, repolling fd = 9
Socket not ready, repolling fd = 9
Socket not ready, repolling fd = 9
Socket not ready, repolling fd = 9
Socket not ready, repolling fd = 9
Socket not ready, repolling fd = 9
Socket not ready, repolling fd = 9
Socket not ready, repolling fd = 9
Socket not ready, repolling fd = 9
Socket not ready, repolling fd = 9
Socket not ready, repolling fd = 9
Socket not ready, repolling fd = 9
Socket not ready, repolling fd = 9
Socket not ready, repolling fd = 9
Socket not ready, repolling fd = 9
Socket not ready, repolling fd = 9
Socket not ready, repolling fd = 9
Socket not ready, repolling fd = 9
Socket not ready, repolling fd = 9
Socket not ready, repolling fd = 9
Socket not ready, repolling fd = 9
Socket not ready, repolling fd = 9
Socket not ready, repolling fd = 9
Socket not ready, repolling fd = 9
Socket not ready, repolling fd = 9
Socket not ready, repolling fd = 9
Socket not ready, repolling fd = 9
Socket not ready, repolling fd = 9
Socket not ready, repolling fd = 9
Socket not ready, repolling fd = 9
Socket not ready, repolling fd = 9
Socket not ready, repolling fd = 9
Socket not ready, repolling fd = 9
Socket not ready, repolling fd = 9
Socket not ready, repolling fd = 9
Socket not ready, repolling fd = 9
Socket not ready, repolling fd = 9
Socket not ready, repolling fd = 9
Socket not ready, repolling fd = 9
Socket not ready, repolling fd = 9
Socket not ready, repolling fd = 9
Socket not ready, repolling fd = 9
Socket not ready, repolling fd = 9
Socket not ready, repolling fd = 9
Socket not ready, repolling fd = 9
Socket not ready, repolling fd = 9
Socket not ready, repolling fd = 9
Socket not ready, repolling fd = 9
Socket not ready, repolling fd = 9
Socket not ready, repolling fd = 9
Socket not ready, repolling fd = 9
Socket not ready, repolling fd = 9
Socket not ready, repolling fd = 9
Socket not ready, repolling fd = 9
Socket not ready, repolling fd = 9
Socket not ready, repolling fd = 9
Socket not ready, repolling fd = 9
Socket not ready, repolling fd = 9
Socket not ready, repolling fd = 9
Socket not ready, repolling fd = 9
Socket not ready, repolling fd = 9
Socket not ready, repolling fd = 9
Socket not ready, repolling fd = 9
Socket not ready, repolling fd = 9
Socket not ready, repolling fd = 9
Socket not ready, repolling fd = 9
Socket not ready, repolling fd = 9
Socket not ready, repolling fd = 9
Socket not ready, repolling fd = 9
Socket not ready, repolling fd = 9
Socket not ready, repolling fd = 9
Socket not ready, repolling fd = 9
Socket not ready, repolling fd = 9
Socket not ready, repolling fd = 9
Socket not ready, repolling fd = 9
Socket not ready, repolling fd = 9
Socket not ready, repolling fd = 9
Socket not ready, repolling fd = 9
Socket not ready, repolling fd = 9
Socket not ready, repolling fd = 9
Socket not ready, repolling fd = 9
Socket not ready, repolling fd = 9
Socket not ready, repolling fd = 9
Socket not ready, repolling fd = 9
Socket not ready, repolling fd = 9
Socket not ready, repolling fd = 9
Socket not ready, repolling fd = 9
Socket not ready, repolling fd = 9
Socket not ready, repolling fd = 9
Socket not ready, repolling fd = 9
Socket not ready, repolling fd = 9
Socket not ready, repolling fd = 9
Socket not ready, repolling fd = 9
Socket not ready, repolling fd = 9
Socket not ready, repolling fd = 9
Socket not ready, repolling fd = 9
Socket not ready, repolling fd = 9
Socket not ready, repolling fd = 9
Socket not ready, repolling fd = 9
Socket not ready, repolling fd = 9
Socket not ready, repolling fd = 9
Socket not ready, repolling fd = 9
Socket not ready, repolling fd = 9
Socket not ready, repolling fd = 9
Socket not ready, repolling fd = 9
Socket not ready, repolling fd = 9
Socket not ready, repolling fd = 9
Socket not ready, repolling fd = 9
Socket not ready, repolling fd = 9
Socket not ready, repolling fd = 9
Socket not ready, repolling fd = 9
Socket not ready, repolling fd = 9
Socket not ready, repolling fd = 9
Socket not ready, repolling fd = 9
Socket not ready, repolling fd = 9
Socket not ready, repolling fd = 9
Socket not ready, repolling fd = 9
Socket not ready, repolling fd = 9
Socket not ready, repolling fd = 9
Socket not ready, repolling fd = 9
Socket not ready, repolling fd = 9
Socket not ready, repolling fd = 9
Socket not ready, repolling fd = 9
Socket not ready, repolling fd = 9
Socket not ready, repolling fd = 9
Socket not ready, repolling fd = 9
Socket not ready, repolling fd = 9
Socket not ready, repolling fd = 9
Socket not ready, repolling fd = 9
Socket not ready, repolling fd = 9
Socket not ready, repolling fd = 9
Socket not ready, repolling fd = 9
Socket not ready, repolling fd = 9
Socket not ready, repolling fd = 9
Socket not ready, repolling fd = 9
Socket not ready, repolling fd = 9
Socket not ready, repolling fd = 9
Socket not ready, repolling fd = 9
Socket not ready, repolling fd = 9
Socket not ready, repolling fd = 9
Socket not ready, repolling fd = 9
Socket not ready, repolling fd = 9
Socket not ready, repolling fd = 9
Socket not ready, repolling fd = 9
Socket not ready, repolling fd = 9
Socket not ready, repolling fd = 9
Socket not ready, repolling fd = 9
Socket not ready, repolling fd = 9
Socket not ready, repolling fd = 9
Socket not ready, repolling fd = 9
Socket not ready, repolling fd = 9
Socket not ready, repolling fd = 9
Socket not ready, repolling fd = 9
Socket not ready, repolling fd = 9
Socket not ready, repolling fd = 9
Socket not ready, repolling fd = 9
Socket not ready, repolling fd = 9
Socket not ready, repolling fd = 9
Socket not ready, repolling fd = 9
Socket not ready, repolling fd = 9
Socket not ready, repolling fd = 9
Socket not ready, repolling fd = 9
Socket not ready, repolling fd = 9
Socket not ready, repolling fd = 9
Socket not ready, repolling fd = 9
Socket not ready, repolling fd = 9
Socket not ready, repolling fd = 9
Socket not ready, repolling fd = 9
Socket not ready, repolling fd = 9
Socket not ready, repolling fd = 9
Socket not ready, repolling fd = 9
Socket not ready, repolling fd = 9
Socket not ready, repolling fd = 9
Socket not ready, repolling fd = 9
Socket not ready, repolling fd = 9
Socket not ready, repolling fd = 9
Socket not ready, repolling fd = 9
Socket not ready, repolling fd = 9
Socket not ready, repolling fd = 9
Socket not ready, repolling fd = 9
Socket not ready, repolling fd = 9
Socket not ready, repolling fd = 9
Socket not ready, repolling fd = 9
Socket not ready, repolling fd = 9
Socket not ready, repolling fd = 9
Socket not ready, repolling fd = 9
Socket not ready, repolling fd = 9
Socket not ready, repolling fd = 9
Socket not ready, repolling fd = 9
Socket not ready, repolling fd = 9
Socket not ready, repolling fd = 9
Socket not ready, repolling fd = 9
Socket not ready, repolling fd = 9
Socket not ready, repolling fd = 9
Socket not ready, repolling fd = 9
Socket not ready, repolling fd = 9
Socket not ready, repolling fd = 9
Socket not ready, repolling fd = 9
Socket not ready, repolling fd = 9
Socket not ready, repolling fd = 9
Socket not ready, repolling fd = 9
Socket not ready, repolling fd = 9
Socket not ready, repolling fd = 9
Socket not ready, repolling fd = 9
Socket not ready, repolling fd = 9
Socket not ready, repolling fd = 9
Socket not ready, repolling fd = 9
Socket not ready, repolling fd = 9
Socket not ready, repolling fd = 9
Socket not ready, repolling fd = 9
Socket not ready, repolling fd = 9
Socket not ready, repolling fd = 9
Socket not ready, repolling fd = 9
Socket not ready, repolling fd = 9
Socket not ready, repolling fd = 9
Socket not ready, repolling fd = 9
Socket not ready, repolling fd = 9
Socket not ready, repolling fd = 9
Socket not ready, repolling fd = 9
Socket not ready, repolling fd = 9
Socket not ready, repolling fd = 9
Socket not ready, repolling fd = 9
Socket not ready, repolling fd = 9
Socket not ready, repolling fd = 9
Socket not ready, repolling fd = 9
Socket not ready, repolling fd = 9
Socket not ready, repolling fd = 9
Socket not ready, repolling fd = 9
Socket not ready, repolling fd = 9
Socket not ready, repolling fd = 9
Socket not ready, repolling fd = 9
Socket not ready, repolling fd = 9
Socket not ready, repolling fd = 9
Socket not ready, repolling fd = 9
Socket not ready, repolling fd = 9
Socket not ready, repolling fd = 9
Socket not ready, repolling fd = 9
Socket not ready, repolling fd = 9
Socket not ready, repolling fd = 9
Socket not ready, repolling fd = 9
Socket not ready, repolling fd = 9
Socket not ready, repolling fd = 9
Socket not ready, repolling fd = 9
Socket not ready, repolling fd = 9
Socket not ready, repolling fd = 9
Socket not ready, repolling fd = 9
Socket not ready, repolling fd = 9
Socket not ready, repolling fd = 9
Socket not ready, repolling fd = 9
Socket not ready, repolling fd = 9
Socket not ready, repolling fd = 9
Socket not ready, repolling fd = 9
Socket not ready, repolling fd = 9
Socket not ready, repolling fd = 9
Socket not ready, repolling fd = 9
Socket not ready, repolling fd = 9
Socket not ready, repolling fd = 9
Socket not ready, repolling fd = 9
Socket not ready, repolling fd = 9
Socket not ready, repolling fd = 9
Socket not ready, repolling fd = 9
Socket not ready, repolling fd = 9
Socket not ready, repolling fd = 9
Socket not ready, repolling fd = 9
Socket not ready, repolling fd = 9
Socket not ready, repolling fd = 9
Socket not ready, repolling fd = 9
Socket not ready, repolling fd = 9
Socket not ready, repolling fd = 9
Socket not ready, repolling fd = 9
Socket not ready, repolling fd = 9
Socket not ready, repolling fd = 9
Socket not ready, repolling fd = 9
Socket not ready, repolling fd = 9
Socket not ready, repolling fd = 9
Socket not ready, repolling fd = 9
Socket not ready, repolling fd = 9
Socket not ready, repolling fd = 9
Socket not ready, repolling fd = 9
Socket not ready, repolling fd = 9
Socket not ready, repolling fd = 9
Socket not ready, repolling fd = 9
Socket not ready, repolling fd = 9
Socket not ready, repolling fd = 9
Socket not ready, repolling fd = 9
Socket not ready, repolling fd = 9
Socket not ready, repolling fd = 9
Socket not ready, repolling fd = 9
Socket not ready, repolling fd = 9
Socket not ready, repolling fd = 9
Socket not ready, repolling fd = 9
Socket not ready, repolling fd = 9
Socket not ready, repolling fd = 9
Socket not ready, repolling fd = 9
Socket not ready, repolling fd = 9
Socket not ready, repolling fd = 9
Socket not ready, repolling fd = 9
Socket not ready, repolling fd = 9
Socket not ready, repolling fd = 9
Socket not ready, repolling fd = 9
Socket not ready, repolling fd = 9
Socket not ready, repolling fd = 9
Socket not ready, repolling fd = 9
Socket not ready, repolling fd = 9
Socket not ready, repolling fd = 9
Socket not ready, repolling fd = 9
Socket not ready, repolling fd = 9
Socket not ready, repolling fd = 9
Socket not ready, repolling fd = 9
Socket not ready, repolling fd = 9
Socket not ready, repolling fd = 9
Socket not ready, repolling fd = 9
Socket not ready, repolling fd = 9
Socket not ready, repolling fd = 9
Socket not ready, repolling fd = 9
Socket not ready, repolling fd = 9
Socket not ready, repolling fd = 9
Socket not ready, repolling fd = 9
Socket not ready, repolling fd = 9
Socket not ready, repolling fd = 9
Socket not ready, repolling fd = 9
Socket not ready, repolling fd = 9
Socket not ready, repolling fd = 9
Socket not ready, repolling fd = 9
Socket not ready, repolling fd = 9
Socket not ready, repolling fd = 9
Socket not ready, repolling fd = 9
Socket not ready, repolling fd = 9
Socket not ready, repolling fd = 9
Socket not ready, repolling fd = 9
Socket not ready, repolling fd = 9
Socket not ready, repolling fd = 9
Socket not ready, repolling fd = 9
Socket not ready, repolling fd = 9
Socket not ready, repolling fd = 9
Socket not ready, repolling fd = 9
Socket not ready, repolling fd = 9
Socket not ready, repolling fd = 9
Socket not ready, repolling fd = 9
Socket not ready, repolling fd = 9
Socket not ready, repolling fd = 9
Socket not ready, repolling fd = 9
Socket not ready, repolling fd = 9
Socket not ready, repolling fd = 9
Socket not ready, repolling fd = 9
Socket not ready, repolling fd = 9
Socket not ready, repolling fd = 9
Socket not ready, repolling fd = 9
Socket not ready, repolling fd = 9
Socket not ready, repolling fd = 9
Socket not ready, repolling fd = 9
Socket not ready, repolling fd = 9
Socket not ready, repolling fd = 9
Socket not ready, repolling fd = 9
Socket not ready, repolling fd = 9
Socket not ready, repolling fd = 9
Socket not ready, repolling fd = 9
Socket not ready, repolling fd = 9
Socket not ready, repolling fd = 9
Socket not ready, repolling fd = 9
Socket not ready, repolling fd = 9
Socket not ready, repolling fd = 9
Socket not ready, repolling fd = 9
Socket not ready, repolling fd = 9
Socket not ready, repolling fd = 9
Socket not ready, repolling fd = 9
Socket not ready, repolling fd = 9
Socket not ready, repolling fd = 9
Socket not ready, repolling fd = 9
Socket not ready, repolling fd = 9
Socket not ready, repolling fd = 9
Socket not ready, repolling fd = 9
Socket not ready, repolling fd = 9
Socket not ready, repolling fd = 9
Socket not ready, repolling fd = 9
Socket not ready, repolling fd = 9
Socket not ready, repolling fd = 9
Socket not ready, repolling fd = 9
Socket not ready, repolling fd = 9
Socket not ready, repolling fd = 9
Socket not ready, repolling fd = 9
Socket not ready, repolling fd = 9
Socket not ready, repolling fd = 9
Socket not ready, repolling fd = 9
Socket not ready, repolling fd = 9
Socket not ready, repolling fd = 9
Socket not ready, repolling fd = 9
Socket not ready, repolling fd = 9
Socket not ready, repolling fd = 9
Socket not ready, repolling fd = 9
Socket not ready, repolling fd = 9
Socket not ready, repolling fd = 9
Socket not ready, repolling fd = 9
Socket not ready, repolling fd = 9
Socket not ready, repolling fd = 9
Socket not ready, repolling fd = 9
Socket not ready, repolling fd = 9
Socket not ready, repolling fd = 9
Socket not ready, repolling fd = 9
Socket not ready, repolling fd = 9
Socket not ready, repolling fd = 9
Socket not ready, repolling fd = 9
Socket not ready, repolling fd = 9
Socket not ready, repolling fd = 9
Socket not ready, repolling fd = 9
Socket not ready, repolling fd = 9
Socket not ready, repolling fd = 9
Socket not ready, repolling fd = 9
Socket not ready, repolling fd = 9
Socket not ready, repolling fd = 9
Socket not ready, repolling fd = 9
Socket not ready, repolling fd = 9
Socket not ready, repolling fd = 9
Socket not ready, repolling fd = 9
Socket not ready, repolling fd = 9
Socket not ready, repolling fd = 9
Socket not ready, repolling fd = 9
Socket not ready, repolling fd = 9
Socket not ready, repolling fd = 9
Socket not ready, repolling fd = 9
Socket not ready, repolling fd = 9
Socket not ready, repolling fd = 9
Socket not ready, repolling fd = 9
Socket not ready, repolling fd = 9
Socket not ready, repolling fd = 9
Socket not ready, repolling fd = 9
Socket not ready, repolling fd = 9
Socket not ready, repolling fd = 9
Socket not ready, repolling fd = 9
Socket not ready, repolling fd = 9
Socket not ready, repolling fd = 9
Socket not ready, repolling fd = 9
Socket not ready, repolling fd = 9
Socket not ready, repolling fd = 9
Socket not ready, repolling fd = 9
Socket not ready, repolling fd = 9
Socket not ready, repolling fd = 9
Socket not ready, repolling fd = 9
Socket not ready, repolling fd = 9
Socket not ready, repolling fd = 9
Socket not ready, repolling fd = 9
Socket not ready, repolling fd = 9
Socket not ready, repolling fd = 9
Socket not ready, repolling fd = 9
Socket not ready, repolling fd = 9
Socket not ready, repolling fd = 9
Socket not ready, repolling fd = 9
Socket not ready, repolling fd = 9
Socket not ready, repolling fd = 9
Socket not ready, repolling fd = 9
Socket not ready, repolling fd = 9
Socket not ready, repolling fd = 9
Socket not ready, repolling fd = 9
Socket not ready, repolling fd = 9
Socket not ready, repolling fd = 9
Socket not ready, repolling fd = 9
Socket not ready, repolling fd = 9
Socket not ready, repolling fd = 9
Socket not ready, repolling fd = 9
Socket not ready, repolling fd = 9
Socket not ready, repolling fd = 9
Socket not ready, repolling fd = 9
Socket not ready, repolling fd = 9
Socket not ready, repolling fd = 9
Socket not ready, repolling fd = 9
Socket not ready, repolling fd = 9
Socket not ready, repolling fd = 9
Socket not ready, repolling fd = 9
Socket not ready, repolling fd = 9
Socket not ready, repolling fd = 9
Socket not ready, repolling fd = 9
Socket not ready, repolling fd = 9
Socket not ready, repolling fd = 9
Socket not ready, repolling fd = 9
Socket not ready, repolling fd = 9
Socket not ready, repolling fd = 9
Socket not ready, repolling fd = 9
Socket not ready, repolling fd = 9
Socket not ready, repolling fd = 9
Socket not ready, repolling fd = 9
Socket not ready, repolling fd = 9
Socket not ready, repolling fd = 9
Socket not ready, repolling fd = 9
Socket not ready, repolling fd = 9
Socket not ready, repolling fd = 9
Socket not ready, repolling fd = 9
Socket not ready, repolling fd = 9
Socket not ready, repolling fd = 9
Socket not ready, repolling fd = 9
Socket not ready, repolling fd = 9
Socket not ready, repolling fd = 9
Socket not ready, repolling fd = 9
Socket not ready, repolling fd = 9
Socket not ready, repolling fd = 9
Socket not ready, repolling fd = 9
Socket not ready, repolling fd = 9
Socket not ready, repolling fd = 9
Socket not ready, repolling fd = 9
Socket not ready, repolling fd = 9
Socket not ready, repolling fd = 9
Socket not ready, repolling fd = 9
Socket not ready, repolling fd = 9
Socket not ready, repolling fd = 9
Socket not ready, repolling fd = 9
Socket not ready, repolling fd = 9
Socket not ready, repolling fd = 9
Socket not ready, repolling fd = 9
Socket not ready, repolling fd = 9
Socket not ready, repolling fd = 9
Socket not ready, repolling fd = 9
Socket not ready, repolling fd = 9
Socket not ready, repolling fd = 9
Socket not ready, repolling fd = 9
Socket not ready, repolling fd = 9
Socket not ready, repolling fd = 9
Socket not ready, repolling fd = 9
Socket not ready, repolling fd = 9
Socket not ready, repolling fd = 9
Socket not ready, repolling fd = 9
Socket not ready, repolling fd = 9
Socket not ready, repolling fd = 9
Socket not ready, repolling fd = 9
Socket not ready, repolling fd = 9
Socket not ready, repolling fd = 9
Socket not ready, repolling fd = 9
Socket not ready, repolling fd = 9
Socket not ready, repolling fd = 9
Socket not ready, repolling fd = 9
Socket not ready, repolling fd = 9
Socket not ready, repolling fd = 9
Socket not ready, repolling fd = 9
Socket not ready, repolling fd = 9
Socket not ready, repolling fd = 9
Socket not ready, repolling fd = 9
Socket not ready, repolling fd = 9
Socket not ready, repolling fd = 9
Socket not ready, repolling fd = 9
Socket not ready, repolling fd = 9
Socket not ready, repolling fd = 9
Socket not ready, repolling fd = 9
Socket not ready, repolling fd = 9
Socket not ready, repolling fd = 9
Socket not ready, repolling fd = 9
Socket not ready, repolling fd = 9
Socket not ready, repolling fd = 9
Socket not ready, repolling fd = 9
Socket not ready, repolling fd = 9
Socket not ready, repolling fd = 9
Socket not ready, repolling fd = 9
Socket not ready, repolling fd = 9
Socket not ready, repolling fd = 9
Socket not ready, repolling fd = 9
Socket not ready, repolling fd = 9
Socket not ready, repolling fd = 9
Socket not ready, repolling fd = 9
Socket not ready, repolling fd = 9
Socket not ready, repolling fd = 9
Socket not ready, repolling fd = 9
Socket not ready, repolling fd = 9
Socket not ready, repolling fd = 9
Socket not ready, repolling fd = 9
Socket not ready, repolling fd = 9
Socket not ready, repolling fd = 9
Socket not ready, repolling fd = 9
Socket not ready, repolling fd = 9
Socket not ready, repolling fd = 9
Socket not ready, repolling fd = 9
Socket not ready, repolling fd = 9
Socket not ready, repolling fd = 9
Socket not ready, repolling fd = 9
Socket not ready, repolling fd = 9
Socket not ready, repolling fd = 9
Socket not ready, repolling fd = 9
Socket not ready, repolling fd = 9
Socket not ready, repolling fd = 9
Socket not ready, repolling fd = 9
Socket not ready, repolling fd = 9
Socket not ready, repolling fd = 9
Socket not ready, repolling fd = 9
Socket not ready, repolling fd = 9
Socket not ready, repolling fd = 9
Socket not ready, repolling fd = 9
Socket not ready, repolling fd = 9
Socket not ready, repolling fd = 9
Socket not ready, repolling fd = 9
Socket not ready, repolling fd = 9
Socket not ready, repolling fd = 9
Socket not ready, repolling fd = 9
Socket not ready, repolling fd = 9
Socket not ready, repolling fd = 9
Socket not ready, repolling fd = 9
Socket not ready, repolling fd = 9
Socket not ready, repolling fd = 9
Socket not ready, repolling fd = 9
Socket not ready, repolling fd = 9
Socket not ready, repolling fd = 9
Socket not ready, repolling fd = 9
Socket not ready, repolling fd = 9
Socket not ready, repolling fd = 9
Socket not ready, repolling fd = 9
Socket not ready, repolling fd = 9
Socket not ready, repolling fd = 9
Socket not ready, repolling fd = 9
Socket not ready, repolling fd = 9
Socket not ready, repolling fd = 9
Socket not ready, repolling fd = 9
Socket not ready, repolling fd = 9
Socket not ready, repolling fd = 9
Socket not ready, repolling fd = 9
Socket not ready, repolling fd = 9
Socket not ready, repolling fd = 9
Socket not ready, repolling fd = 9
Socket not ready, repolling fd = 9
Socket not ready, repolling fd = 9
Socket not ready, repolling fd = 9
Socket not ready, repolling fd = 9
Socket not ready, repolling fd = 9
Socket not ready, repolling fd = 9
Socket not ready, repolling fd = 9
Socket not ready, repolling fd = 9
Socket not ready, repolling fd = 9
Socket not ready, repolling fd = 9
Socket not ready, repolling fd = 9
Socket not ready, repolling fd = 9
Socket not ready, repolling fd = 9
Socket not ready, repolling fd = 9
Socket not ready, repolling fd = 9
Socket not ready, repolling fd = 9
Socket not ready, repolling fd = 9
Socket not ready, repolling fd = 9
Socket not ready, repolling fd = 9
Socket not ready, repolling fd = 9
Socket not ready, repolling fd = 9
Socket not ready, repolling fd = 9
Socket not ready, repolling fd = 9
Socket not ready, repolling fd = 9
Socket not ready, repolling fd = 9
Socket not ready, repolling fd = 9
Socket not ready, repolling fd = 9
Socket not ready, repolling fd = 9
Socket not ready, repolling fd = 9
Socket not ready, repolling fd = 9
Socket not ready, repolling fd = 9
Socket not ready, repolling fd = 9
Socket not ready, repolling fd = 9
Socket not ready, repolling fd = 9
Socket not ready, repolling fd = 9
Socket not ready, repolling fd = 9
Socket not ready, repolling fd = 9
Socket not ready, repolling fd = 9
Socket not ready, repolling fd = 9
Socket not ready, repolling fd = 9
Socket not ready, repolling fd = 9
Socket not ready, repolling fd = 9
Socket not ready, repolling fd = 9
Socket not ready, repolling fd = 9
Socket not ready, repolling fd = 9
Socket not ready, repolling fd = 9
Socket not ready, repolling fd = 9
Socket not ready, repolling fd = 9
Socket not ready, repolling fd = 9
Socket not ready, repolling fd = 9
Socket not ready, repolling fd = 9
Socket not ready, repolling fd = 9
Socket not ready, repolling fd = 9
Socket not ready, repolling fd = 9
Socket not ready, repolling fd = 9
Socket not ready, repolling fd = 9
Socket not ready, repolling fd = 9
Socket not ready, repolling fd = 9
Socket not ready, repolling fd = 9
Socket not ready, repolling fd = 9
Socket not ready, repolling fd = 9
Socket not ready, repolling fd = 9
Socket not ready, repolling fd = 9
Socket not ready, repolling fd = 9
Socket not ready, repolling fd = 9
Socket not ready, repolling fd = 9
Socket not ready, repolling fd = 9
Socket not ready, repolling fd = 9
Socket not ready, repolling fd = 9
Socket not ready, repolling fd = 9
Socket not ready, repolling fd = 9
Socket not ready, repolling fd = 9
Socket not ready, repolling fd = 9
Socket not ready, repolling fd = 9
Socket not ready, repolling fd = 9
Socket not ready, repolling fd = 9
Socket not ready, repolling fd = 9
Socket not ready, repolling fd = 9
Socket not ready, repolling fd = 9
Socket not ready, repolling fd = 9
Socket not ready, repolling fd = 9
Socket not ready, repolling fd = 9
Socket not ready, repolling fd = 9
Socket not ready, repolling fd = 9
Socket not ready, repolling fd = 9
Socket not ready, repolling fd = 9
Socket not ready, repolling fd = 9
Socket not ready, repolling fd = 9
Socket not ready, repolling fd = 9
Socket not ready, repolling fd = 9
Socket not ready, repolling fd = 9
Socket not ready, repolling fd = 9
Socket not ready, repolling fd = 9
Socket not ready, repolling fd = 9
Socket not ready, repolling fd = 9
Socket not ready, repolling fd = 9
Socket not ready, repolling fd = 9
Socket not ready, repolling fd = 9
Socket not ready, repolling fd = 9
Socket not ready, repolling fd = 9
Socket not ready, repolling fd = 9
Socket not ready, repolling fd = 9
Socket not ready, repolling fd = 9
Socket not ready, repolling fd = 9
Socket not ready, repolling fd = 9
Socket not ready, repolling fd = 9
Socket not ready, repolling fd = 9
Socket not ready, repolling fd = 9
Socket not ready, repolling fd = 9
Socket not ready, repolling fd = 9
Socket not ready, repolling fd = 9
Socket not ready, repolling fd = 9
Socket not ready, repolling fd = 9
Socket not ready, repolling fd = 9
Socket not ready, repolling fd = 9
Socket not ready, repolling fd = 9
Socket not ready, repolling fd = 9
Socket not ready, repolling fd = 9
Socket not ready, repolling fd = 9
Socket not ready, repolling fd = 9
Socket not ready, repolling fd = 9
Socket not ready, repolling fd = 9
Socket not ready, repolling fd = 9
Socket not ready, repolling fd = 9
Socket not ready, repolling fd = 9
Socket not ready, repolling fd = 9
Socket not ready, repolling fd = 9
Socket not ready, repolling fd = 9
Socket not ready, repolling fd = 9
Socket not ready, repolling fd = 9
Socket not ready, repolling fd = 9
Socket not ready, repolling fd = 9
Socket not ready, repolling fd = 9
Socket not ready, repolling fd = 9
Socket not ready, repolling fd = 9
Socket not ready, repolling fd = 9
Socket not ready, repolling fd = 9
Socket not ready, repolling fd = 9
Socket not ready, repolling fd = 9
Socket not ready, repolling fd = 9
Socket not ready, repolling fd = 9
Socket not ready, repolling fd = 9
Socket not ready, repolling fd = 9
Socket not ready, repolling fd = 9
Socket not ready, repolling fd = 9
Socket not ready, repolling fd = 9
Socket not ready, repolling fd = 9
Socket not ready, repolling fd = 9
Socket not ready, repolling fd = 9
Socket not ready, repolling fd = 9
Socket not ready, repolling fd = 9
Socket not ready, repolling fd = 9
Socket not ready, repolling fd = 9
Socket not ready, repolling fd = 9
Socket not ready, repolling fd = 9
Socket not ready, repolling fd = 9
Socket not ready, repolling fd = 9
Socket not ready, repolling fd = 9
Socket not ready, repolling fd = 9
Socket not ready, repolling fd = 9
Socket not ready, repolling fd = 9
Socket not ready, repolling fd = 9
Socket not ready, repolling fd = 9
Socket not ready, repolling fd = 9
Socket not ready, repolling fd = 9
Socket not ready, repolling fd = 9
Socket not ready, repolling fd = 9
Socket not ready, repolling fd = 9
Socket not ready, repolling fd = 9
Socket not ready, repolling fd = 9
Socket not ready, repolling fd = 9
Socket not ready, repolling fd = 9
Socket not ready, repolling fd = 9
Socket not ready, repolling fd = 9
Socket not ready, repolling fd = 9
Socket not ready, repolling fd = 9
Socket not ready, repolling fd = 9
Socket not ready, repolling fd = 9
Socket not ready, repolling fd = 9
Socket not ready, repolling fd = 9
Socket not ready, repolling fd = 9
Socket not ready, repolling fd = 9
Socket not ready, repolling fd = 9
Socket not ready, repolling fd = 9
Socket not ready, repolling fd = 9
Socket not ready, repolling fd = 9
Socket not ready, repolling fd = 9
Socket not ready, repolling fd = 9
Socket not ready, repolling fd = 9
Socket not ready, repolling fd = 9
Socket not ready, repolling fd = 9
Socket not ready, repolling fd = 9
Socket not ready, repolling fd = 9
Socket not ready, repolling fd = 9
Socket not ready, repolling fd = 9
Socket not ready, repolling fd = 9
Socket not ready, repolling fd = 9
Socket not ready, repolling fd = 9
Socket not ready, repolling fd = 9
Socket not ready, repolling fd = 9
Socket not ready, repolling fd = 9
Socket not ready, repolling fd = 9
Socket not ready, repolling fd = 9
Socket not ready, repolling fd = 9
Socket not ready, repolling fd = 9
Socket not ready, repolling fd = 9
Socket not ready, repolling fd = 9
Socket not ready, repolling fd = 9
Socket not ready, repolling fd = 9
Socket not ready, repolling fd = 9
Socket not ready, repolling fd = 9
Socket not ready, repolling fd = 9
Socket not ready, repolling fd = 9
Socket not ready, repolling fd = 9
Socket not ready, repolling fd = 9
Socket not ready, repolling fd = 9
Socket not ready, repolling fd = 9
Socket not ready, repolling fd = 9
Socket not ready, repolling fd = 9
Socket not ready, repolling fd = 9
Socket not ready, repolling fd = 9
Socket not ready, repolling fd = 9
Socket not ready, repolling fd = 9
Socket not ready, repolling fd = 9
Socket not ready, repolling fd = 9
Socket not ready, repolling fd = 9
Socket not ready, repolling fd = 9
Socket not ready, repolling fd = 9
Socket not ready, repolling fd = 9
Socket not ready, repolling fd = 9
Socket not ready, repolling fd = 9
Socket not ready, repolling fd = 9
Socket not ready, repolling fd = 9
Socket not ready, repolling fd = 9
Socket not ready, repolling fd = 9
Socket not ready, repolling fd = 9
Socket not ready, repolling fd = 9
Socket not ready, repolling fd = 9
Socket not ready, repolling fd = 9
Socket not ready, repolling fd = 9
Socket not ready, repolling fd = 9
Socket not ready, repolling fd = 9
Socket not ready, repolling fd = 9
Socket not ready, repolling fd = 9
Socket not ready, repolling fd = 9
Socket not ready, repolling fd = 9
Socket not ready, repolling fd = 9
Socket not ready, repolling fd = 9
Socket not ready, repolling fd = 9
Socket not ready, repolling fd = 9
Socket not ready, repolling fd = 9
Socket not ready, repolling fd = 9
Socket not ready, repolling fd = 9
Socket not ready, repolling fd = 9
Socket not ready, repolling fd = 9
Socket not ready, repolling fd = 9
Socket not ready, repolling fd = 9
Socket not ready, repolling fd = 9
Socket not ready, repolling fd = 9
Socket not ready, repolling fd = 9
Socket not ready, repolling fd = 9
Socket not ready, repolling fd = 9
Socket not ready, repolling fd = 9
Socket not ready, repolling fd = 9
Socket not ready, repolling fd = 9
Socket not ready, repolling fd = 9
Socket not ready, repolling fd = 9
Socket not ready, repolling fd = 9
Socket not ready, repolling fd = 9
Socket not ready, repolling fd = 9
Socket not ready, repolling fd = 9
Socket not ready, repolling fd = 9
Socket not ready, repolling fd = 9
Socket not ready, repolling fd = 9
Socket not ready, repolling fd = 9
Socket not ready, repolling fd = 9
Socket not ready, repolling fd = 9
Socket not ready, repolling fd = 9
Socket not ready, repolling fd = 9
Socket not ready, repolling fd = 9
Socket not ready, repolling fd = 9
Socket not ready, repolling fd = 9
Socket not ready, repolling fd = 9
Socket not ready, repolling fd = 9
Socket not ready, repolling fd = 9
Socket not ready, repolling fd = 9
Socket not ready, repolling fd = 9
Socket not ready, repolling fd = 9
Socket not ready, repolling fd = 9
Socket not ready, repolling fd = 9
Socket not ready, repolling fd = 9
Socket not ready, repolling fd = 9
Socket not ready, repolling fd = 9
Socket not ready, repolling fd = 9
Socket not ready, repolling fd = 9
Socket not ready, repolling fd = 9
Socket not ready, repolling fd = 9
Socket not ready, repolling fd = 9
Socket not ready, repolling fd = 9
Socket not ready, repolling fd = 9
Socket not ready, repolling fd = 9
Socket not ready, repolling fd = 9
Socket not ready, repolling fd = 9
Socket not ready, repolling fd = 9
Socket not ready, repolling fd = 9
Socket not ready, repolling fd = 9
Socket not ready, repolling fd = 9
Socket not ready, repolling fd = 9
Socket not ready, repolling fd = 9
Socket not ready, repolling fd = 9
Socket not ready, repolling fd = 9
Socket not ready, repolling fd = 9
Socket not ready, repolling fd = 9
Socket not ready, repolling fd = 9
Socket not ready, repolling fd = 9
Socket not ready, repolling fd = 9
Socket not ready, repolling fd = 9
Socket not ready, repolling fd = 9
Socket not ready, repolling fd = 9
Socket not ready, repolling fd = 9
Socket not ready, repolling fd = 9
Socket not ready, repolling fd = 9
Socket not ready, repolling fd = 9
Socket not ready, repolling fd = 9
Socket not ready, repolling fd = 9
Socket not ready, repolling fd = 9
Socket not ready, repolling fd = 9
Socket not ready, repolling fd = 9
Socket not ready, repolling fd = 9
Socket not ready, repolling fd = 9
Socket not ready, repolling fd = 9
Socket not ready, repolling fd = 9
Socket not ready, repolling fd = 9
Socket not ready, repolling fd = 9
Socket not ready, repolling fd = 9
Socket not ready, repolling fd = 9
Socket not ready, repolling fd = 9
Socket not ready, repolling fd = 9
Socket not ready, repolling fd = 9
Socket not ready, repolling fd = 9
Socket not ready, repolling fd = 9
Socket not ready, repolling fd = 9
Socket not ready, repolling fd = 9
Socket not ready, repolling fd = 9
Socket not ready, repolling fd = 9
Socket not ready, repolling fd = 9
Socket not ready, repolling fd = 9
Socket not ready, repolling fd = 9
Socket not ready, repolling fd = 9
Socket not ready, repolling fd = 9
Socket not ready, repolling fd = 9
Socket not ready, repolling fd = 9
Socket not ready, repolling fd = 9
Socket not ready, repolling fd = 9
Socket not ready, repolling fd = 9
Socket not ready, repolling fd = 9
Socket not ready, repolling fd = 9
Socket not ready, repolling fd = 9
Socket not ready, repolling fd = 9
Socket not ready, repolling fd = 9
Socket not ready, repolling fd = 9
Socket not ready, repolling fd = 9
Socket not ready, repolling fd = 9
Socket not ready, repolling fd = 9
Socket not ready, repolling fd = 9
Socket not ready, repolling fd = 9
Socket not ready, repolling fd = 9
Socket not ready, repolling fd = 9
Socket not ready, repolling fd = 9
Socket not ready, repolling fd = 9
Socket not ready, repolling fd = 9
Socket not ready, repolling fd = 9
Socket not ready, repolling fd = 9
Socket not ready, repolling fd = 9
Socket not ready, repolling fd = 9
Socket not ready, repolling fd = 9
Socket not ready, repolling fd = 9
Socket not ready, repolling fd = 9
Socket not ready, repolling fd = 9
Socket not ready, repolling fd = 9
Socket not ready, repolling fd = 9
Socket not ready, repolling fd = 9
Socket not ready, repolling fd = 9
Socket not ready, repolling fd = 9
Socket not ready, repolling fd = 9
Socket not ready, repolling fd = 9
Socket not ready, repolling fd = 9
Socket not ready, repolling fd = 9
Socket not ready, repolling fd = 9
Socket not ready, repolling fd = 9
Socket not ready, repolling fd = 9
Socket not ready, repolling fd = 9
Socket not ready, repolling fd = 9
Socket not ready, repolling fd = 9
Socket not ready, repolling fd = 9
Socket not ready, repolling fd = 9
Socket not ready, repolling fd = 9
Socket not ready, repolling fd = 9
Socket not ready, repolling fd = 9
Socket not ready, repolling fd = 9
Socket not ready, repolling fd = 9
Socket not ready, repolling fd = 9
Socket not ready, repolling fd = 9
Socket not ready, repolling fd = 9
Socket not ready, repolling fd = 9
Socket not ready, repolling fd = 9
Socket not ready, repolling fd = 9
Socket not ready, repolling fd = 9
Socket not ready, repolling fd = 9
Socket not ready, repolling fd = 9
Socket not ready, repolling fd = 9
Socket not ready, repolling fd = 9
Socket not ready, repolling fd = 9
Socket not ready, repolling fd = 9
Socket not ready, repolling fd = 9
Socket not ready, repolling fd = 9
Socket not ready, repolling fd = 9
Socket not ready, repolling fd = 9
Socket not ready, repolling fd = 9
Socket not ready, repolling fd = 9
Socket not ready, repolling fd = 9
Socket not ready, repolling fd = 9
Socket not ready, repolling fd = 9
Socket not ready, repolling fd = 9
Socket not ready, repolling fd = 9
Socket not ready, repolling fd = 9
Socket not ready, repolling fd = 9
Socket not ready, repolling fd = 9
Socket not ready, repolling fd = 9
Socket not ready, repolling fd = 9
Socket not ready, repolling fd = 9
Socket not ready, repolling fd = 9
Socket not ready, repolling fd = 9
Socket not ready, repolling fd = 9
Socket not ready, repolling fd = 9
Socket not ready, repolling fd = 9
Socket not ready, repolling fd = 9
Socket not ready, repolling fd = 9
Socket not ready, repolling fd = 9
Socket not ready, repolling fd = 9
Socket not ready, repolling fd = 9
Socket not ready, repolling fd = 9
Socket not ready, repolling fd = 9
Socket not ready, repolling fd = 9
Socket not ready, repolling fd = 9
Socket not ready, repolling fd = 9
Socket not ready, repolling fd = 9
Socket not ready, repolling fd = 9
Socket not ready, repolling fd = 9
Socket not ready, repolling fd = 9
Socket not ready, repolling fd = 9
Socket not ready, repolling fd = 9
Socket not ready, repolling fd = 9
Socket not ready, repolling fd = 9
Socket not ready, repolling fd = 9
Socket not ready, repolling fd = 9
Socket not ready, repolling fd = 9
Socket not ready, repolling fd = 9
Socket not ready, repolling fd = 9
Socket not ready, repolling fd = 9
Socket not ready, repolling fd = 9
Socket not ready, repolling fd = 9
Socket not ready, repolling fd = 9
Socket not ready, repolling fd = 9
Socket not ready, repolling fd = 9
Socket not ready, repolling fd = 9
Socket not ready, repolling fd = 9
Socket not ready, repolling fd = 9
Socket not ready, repolling fd = 9
Socket not ready, repolling fd = 9
Socket not ready, repolling fd = 9
Socket not ready, repolling fd = 9
Socket not ready, repolling fd = 9
Socket not ready, repolling fd = 9
Socket not ready, repolling fd = 9
Socket not ready, repolling fd = 9
Socket not ready, repolling fd = 9
Socket not ready, repolling fd = 9
Socket not ready, repolling fd = 9
Socket not ready, repolling fd = 9
Socket not ready, repolling fd = 9
Socket not ready, repolling fd = 9
Socket not ready, repolling fd = 9
Socket not ready, repolling fd = 9
Socket not ready, repolling fd = 9
Socket not ready, repolling fd = 9
Socket not ready, repolling fd = 9
Socket not ready, repolling fd = 9
Socket not ready, repolling fd = 9
Socket not ready, repolling fd = 9
Socket not ready, repolling fd = 9
Socket not ready, repolling fd = 9
Socket not ready, repolling fd = 9
Socket not ready, repolling fd = 9
Socket not ready, repolling fd = 9
Socket not ready, repolling fd = 9
Socket not ready, repolling fd = 9
Socket not ready, repolling fd = 9
Socket not ready, repolling fd = 9
Socket not ready, repolling fd = 9
Socket not ready, repolling fd = 9
Socket not ready, repolling fd = 9
Socket not ready, repolling fd = 9
Socket not ready, repolling fd = 9
Socket not ready, repolling fd = 9
Socket not ready, repolling fd = 9
Socket not ready, repolling fd = 9
Socket not ready, repolling fd = 9
Socket not ready, repolling fd = 9
Socket not ready, repolling fd = 9
Socket not ready, repolling fd = 9
Socket not ready, repolling fd = 9
Socket not ready, repolling fd = 9
Socket not ready, repolling fd = 9
Socket not ready, repolling fd = 9
Socket not ready, repolling fd = 9
Socket not ready, repolling fd = 9
Socket not ready, repolling fd = 9
Socket not ready, repolling fd = 9
Socket not ready, repolling fd = 9
Socket not ready, repolling fd = 9
Socket not ready, repolling fd = 9
Socket not ready, repolling fd = 9
Socket not ready, repolling fd = 9
Socket not ready, repolling fd = 9
Socket not ready, repolling fd = 9
Socket not ready, repolling fd = 9
Socket not ready, repolling fd = 9
Socket not ready, repolling fd = 9
Socket not ready, repolling fd = 9
Socket not ready, repolling fd = 9
Socket not ready, repolling fd = 9
Socket not ready, repolling fd = 9
Socket not ready, repolling fd = 9
Socket not ready, repolling fd = 9
Socket not ready, repolling fd = 9
Socket not ready, repolling fd = 9
Socket not ready, repolling fd = 9
Socket not ready, repolling fd = 9
Socket not ready, repolling fd = 9
Socket not ready, repolling fd = 9
Socket not ready, repolling fd = 9
Socket not ready, repolling fd = 9
Socket not ready, repolling fd = 9
Socket not ready, repolling fd = 9
Socket not ready, repolling fd = 9
Socket not ready, repolling fd = 9
Socket not ready, repolling fd = 9
Socket not ready, repolling fd = 9
Socket not ready, repolling fd = 9
Socket not ready, repolling fd = 9
Socket not ready, repolling fd = 9
Socket not ready, repolling fd = 9
Socket not ready, repolling fd = 9
Socket not ready, repolling fd = 9
Socket not ready, repolling fd = 9
Socket not ready, repolling fd = 9
Socket not ready, repolling fd = 9
Socket not ready, repolling fd = 9
Socket not ready, repolling fd = 9
Socket not ready, repolling fd = 9
Socket not ready, repolling fd = 9
Socket not ready, repolling fd = 9
Socket not ready, repolling fd = 9
Socket not ready, repolling fd = 9
Socket not ready, repolling fd = 9
Socket not ready, repolling fd = 9
Socket not ready, repolling fd = 9
Socket not ready, repolling fd = 9
Socket not ready, repolling fd = 9
Socket not ready, repolling fd = 9
Socket not ready, repolling fd = 9
Socket not ready, repolling fd = 9
Socket not ready, repolling fd = 9
Socket not ready, repolling fd = 9
Socket not ready, repolling fd = 9
Socket not ready, repolling fd = 9
Socket not ready, repolling fd = 9
Socket not ready, repolling fd = 9
Socket not ready, repolling fd = 9
Socket not ready, repolling fd = 9
Socket not ready, repolling fd = 9
Socket not ready, repolling fd = 9
Socket not ready, repolling fd = 9
Socket not ready, repolling fd = 9
Socket not ready, repolling fd = 9
Socket not ready, repolling fd = 9
Socket not ready, repolling fd = 9
Socket not ready, repolling fd = 9
Socket not ready, repolling fd = 9
Socket not ready, repolling fd = 9
Socket not ready, repolling fd = 9
Socket not ready, repolling fd = 9
Socket not ready, repolling fd = 9
Socket not ready, repolling fd = 9
Socket not ready, repolling fd = 9
Socket not ready, repolling fd = 9
Socket not ready, repolling fd = 9
Socket not ready, repolling fd = 9
Socket not ready, repolling fd = 9
Socket not ready, repolling fd = 9
Socket not ready, repolling fd = 9
Socket not ready, repolling fd = 9
Socket not ready, repolling fd = 9
Socket not ready, repolling fd = 9
Socket not ready, repolling fd = 9
Socket not ready, repolling fd = 9
Socket not ready, repolling fd = 9
Socket not ready, repolling fd = 9
Socket not ready, repolling fd = 9
Socket not ready, repolling fd = 9
Socket not ready, repolling fd = 9
Socket not ready, repolling fd = 9
Socket not ready, repolling fd = 9
Socket not ready, repolling fd = 9
Socket not ready, repolling fd = 9
Socket not ready, repolling fd = 9
Socket not ready, repolling fd = 9
Socket not ready, repolling fd = 9
Socket not ready, repolling fd = 9
Socket not ready, repolling fd = 9
Socket not ready, repolling fd = 9
Socket not ready, repolling fd = 9
Socket not ready, repolling fd = 9
Socket not ready, repolling fd = 9
Socket not ready, repolling fd = 9
Socket not ready, repolling fd = 9
Socket not ready, repolling fd = 9
Socket not ready, repolling fd = 9
Socket not ready, repolling fd = 9
Socket not ready, repolling fd = 9
Socket not ready, repolling fd = 9
Socket not ready, repolling fd = 9
Socket not ready, repolling fd = 9
Socket not ready, repolling fd = 9
Socket not ready, repolling fd = 9
Socket not ready, repolling fd = 9
Socket not ready, repolling fd = 9
Socket not ready, repolling fd = 9
Socket not ready, repolling fd = 9
Socket not ready, repolling fd = 9
Socket not ready, repolling fd = 9
Socket not ready, repolling fd = 9
Socket not ready, repolling fd = 9
Socket not ready, repolling fd = 9
Socket not ready, repolling fd = 9
Socket not ready, repolling fd = 9
Socket not ready, repolling fd = 9
Socket not ready, repolling fd = 9
Socket not ready, repolling fd = 9
Socket not ready, repolling fd = 9
Socket not ready, repolling fd = 9
Socket not ready, repolling fd = 9
Socket not ready, repolling fd = 9
Socket not ready, repolling fd = 9
Socket not ready, repolling fd = 9
Socket not ready, repolling fd = 9
Socket not ready, repolling fd = 9
Socket not ready, repolling fd = 9
Socket not ready, repolling fd = 9
Socket not ready, repolling fd = 9
Socket not ready, repolling fd = 9
Socket not ready, repolling fd = 9
Socket not ready, repolling fd = 9
Socket not ready, repolling fd = 9
Socket not ready, repolling fd = 9
Socket not ready, repolling fd = 9
Socket not ready, repolling fd = 9
Socket not ready, repolling fd = 9
Socket not ready, repolling fd = 9
Socket not ready, repolling fd = 9
Socket not ready, repolling fd = 9
Socket not ready, repolling fd = 9
Socket not ready, repolling fd = 9
Socket not ready, repolling fd = 9
Socket not ready, repolling fd = 9
Socket not ready, repolling fd = 9
Socket not ready, repolling fd = 9
Socket not ready, repolling fd = 9
Socket not ready, repolling fd = 9
Socket not ready, repolling fd = 9
Socket not ready, repolling fd = 9
Socket not ready, repolling fd = 9
Socket not ready, repolling fd = 9
Socket not ready, repolling fd = 9
Socket not ready, repolling fd = 9
Socket not ready, repolling fd = 9
Socket not ready, repolling fd = 9
Socket not ready, repolling fd = 9
Socket not ready, repolling fd = 9
Socket not ready, repolling fd = 9
Socket not ready, repolling fd = 9
Socket not ready, repolling fd = 9
Socket not ready, repolling fd = 9
Socket not ready, repolling fd = 9
Socket not ready, repolling fd = 9
Socket not ready, repolling fd = 9
Socket not ready, repolling fd = 9
Socket not ready, repolling fd = 9
Socket not ready, repolling fd = 9
Socket not ready, repolling fd = 9
Socket not ready, repolling fd = 9
Socket not ready, repolling fd = 9
Socket not ready, repolling fd = 9
Socket not ready, repolling fd = 9
Socket not ready, repolling fd = 9
Socket not ready, repolling fd = 9
Socket not ready, repolling fd = 9
Socket not ready, repolling fd = 9
Socket not ready, repolling fd = 9
Socket not ready, repolling fd = 9
Socket not ready, repolling fd = 9
Socket not ready, repolling fd = 9
Socket not ready, repolling fd = 9
Socket not ready, repolling fd = 9
Socket not ready, repolling fd = 9
Socket not ready, repolling fd = 9
Socket not ready, repolling fd = 9
Socket not ready, repolling fd = 9
Socket not ready, repolling fd = 9
Socket not ready, repolling fd = 9
Socket not ready, repolling fd = 9
Socket not ready, repolling fd = 9
Socket not ready, repolling fd = 9
Socket not ready, repolling fd = 9
Socket not ready, repolling fd = 9
Socket not ready, repolling fd = 9
Socket not ready, repolling fd = 9
Socket not ready, repolling fd = 9
Socket not ready, repolling fd = 9
Socket not ready, repolling fd = 9
Socket not ready, repolling fd = 9
Socket not ready, repolling fd = 9
Socket not ready, repolling fd = 9
Socket not ready, repolling fd = 9
Socket not ready, repolling fd = 9
Socket not ready, repolling fd = 9
Socket not ready, repolling fd = 9
Socket not ready, repolling fd = 9
Socket not ready, repolling fd = 9
Socket not ready, repolling fd = 9
Socket not ready, repolling fd = 9
Socket not ready, repolling fd = 9
Socket not ready, repolling fd = 9
Socket not ready, repolling fd = 9
Socket not ready, repolling fd = 9
Socket not ready, repolling fd = 9
Socket not ready, repolling fd = 9
Socket not ready, repolling fd = 9
Socket not ready, repolling fd = 9
Socket not ready, repolling fd = 9
Socket not ready, repolling fd = 9
Socket not ready, repolling fd = 9
Socket not ready, repolling fd = 9
Socket not ready, repolling fd = 9
Socket not ready, repolling fd = 9
Socket not ready, repolling fd = 9
Socket not ready, repolling fd = 9
Socket not ready, repolling fd = 9
Socket not ready, repolling fd = 9
Socket not ready, repolling fd = 9
Socket not ready, repolling fd = 9
Socket not ready, repolling fd = 9
Socket not ready, repolling fd = 9
Socket not ready, repolling fd = 9
Socket not ready, repolling fd = 9
Socket not ready, repolling fd = 9
Socket not ready, repolling fd = 9
Socket not ready, repolling fd = 9
Socket not ready, repolling fd = 9
Socket not ready, repolling fd = 9
Socket not ready, repolling fd = 9
Socket not ready, repolling fd = 9
Socket not ready, repolling fd = 9
Socket not ready, repolling fd = 9
Socket not ready, repolling fd = 9
Socket not ready, repolling fd = 9
Socket not ready, repolling fd = 9
Socket not ready, repolling fd = 9
Socket not ready, repolling fd = 9
Socket not ready, repolling fd = 9
Socket not ready, repolling fd = 9
Socket not ready, repolling fd = 9
Socket not ready, repolling fd = 9
Socket not ready, repolling fd = 9
Socket not ready, repolling fd = 9
Socket not ready, repolling fd = 9
Socket not ready, repolling fd = 9
Socket not ready, repolling fd = 9
Socket not ready, repolling fd = 9
Socket not ready, repolling fd = 9
Socket not ready, repolling fd = 9
Socket not ready, repolling fd = 9
Socket not ready, repolling fd = 9
Socket not ready, repolling fd = 9
Socket not ready, repolling fd = 9
Socket not ready, repolling fd = 9
Socket not ready, repolling fd = 9
Socket not ready, repolling fd = 9
Socket not ready, repolling fd = 9
Socket not ready, repolling fd = 9
Socket not ready, repolling fd = 9
Socket not ready, repolling fd = 9
Socket not ready, repolling fd = 9
Socket not ready, repolling fd = 9
Socket not ready, repolling fd = 9
Socket not ready, repolling fd = 9
Socket not ready, repolling fd = 9
Socket not ready, repolling fd = 9
Socket not ready, repolling fd = 9
Socket not ready, repolling fd = 9
Socket not ready, repolling fd = 9
Socket not ready, repolling fd = 9
Socket not ready, repolling fd = 9
Socket not ready, repolling fd = 9
Socket not ready, repolling fd = 9
Socket not ready, repolling fd = 9
Socket not ready, repolling fd = 9
Socket not ready, repolling fd = 9
Socket not ready, repolling fd = 9
Socket not ready, repolling fd = 9
Socket not ready, repolling fd = 9
Socket not ready, repolling fd = 9
Socket not ready, repolling fd = 9
Socket not ready, repolling fd = 9
Socket not ready, repolling fd = 9
Socket not ready, repolling fd = 9
Socket not ready, repolling fd = 9
Socket not ready, repolling fd = 9
Socket not ready, repolling fd = 9
Socket not ready, repolling fd = 9
Socket not ready, repolling fd = 9
Socket not ready, repolling fd = 9
Socket not ready, repolling fd = 7
Socket not ready, repolling fd = 7
Socket not ready, repolling fd = 7
Socket not ready, repolling fd = 7
Socket not ready, repolling fd = 7
Socket not ready, repolling fd = 7
Socket not ready, repolling fd = 7
Socket not ready, repolling fd = 7
Socket not ready, repolling fd = 7
Socket not ready, repolling fd = 7
Socket not ready, repolling fd = 7
Socket not ready, repolling fd = 7
Socket not ready, repolling fd = 7
Socket not ready, repolling fd = 7
Socket not ready, repolling fd = 7
Socket not ready, repolling fd = 7
Socket not ready, repolling fd = 7
Socket not ready, repolling fd = 7
Socket not ready, repolling fd = 7
Socket not ready, repolling fd = 7
Socket not ready, repolling fd = 7
Socket not ready, repolling fd = 7
Socket not ready, repolling fd = 7
Socket not ready, repolling fd = 7
Socket not ready, repolling fd = 7
Socket not ready, repolling fd = 7
Socket not ready, repolling fd = 7
Socket not ready, repolling fd = 7
Socket not ready, repolling fd = 7
Socket not ready, repolling fd = 7
Socket not ready, repolling fd = 7
Socket not ready, repolling fd = 7
Socket not ready, repolling fd = 7
Socket not ready, repolling fd = 7
Socket not ready, repolling fd = 7
Socket not ready, repolling fd = 7
Socket not ready, repolling fd = 7
Socket not ready, repolling fd = 7
Socket not ready, repolling fd = 7
Socket not ready, repolling fd = 7
Socket not ready, repolling fd = 7
Socket not ready, repolling fd = 7
Socket not ready, repolling fd = 7
Socket not ready, repolling fd = 7
Socket not ready, repolling fd = 7
Socket not ready, repolling fd = 7
Socket not ready, repolling fd = 7
Socket not ready, repolling fd = 7
Socket not ready, repolling fd = 7
Socket not ready, repolling fd = 7
Socket not ready, repolling fd = 7
Socket not ready, repolling fd = 7
Socket not ready, repolling fd = 7
Socket not ready, repolling fd = 7
Socket not ready, repolling fd = 7
Socket not ready, repolling fd = 7
Socket not ready, repolling fd = 7
Socket not ready, repolling fd = 7
Socket not ready, repolling fd = 7
Socket not ready, repolling fd = 7
Socket not ready, repolling fd = 7
Socket not ready, repolling fd = 7
Socket not ready, repolling fd = 7
Socket not ready, repolling fd = 7
Socket not ready, repolling fd = 7
Socket not ready, repolling fd = 7
Socket not ready, repolling fd = 7
Socket not ready, repolling fd = 7
Socket not ready, repolling fd = 7
Socket not ready, repolling fd = 7
Socket not ready, repolling fd = 7
Socket not ready, repolling fd = 7
Socket not ready, repolling fd = 7
Socket not ready, repolling fd = 7
Socket not ready, repolling fd = 7
Socket not ready, repolling fd = 7
Socket not ready, repolling fd = 7
Socket not ready, repolling fd = 7
Socket not ready, repolling fd = 7
Socket not ready, repolling fd = 7
Socket not ready, repolling fd = 7
Socket not ready, repolling fd = 7
Socket not ready, repolling fd = 7
Socket not ready, repolling fd = 7
Socket not ready, repolling fd = 7
Socket not ready, repolling fd = 7
Socket not ready, repolling fd = 7
Socket not ready, repolling fd = 7
Socket not ready, repolling fd = 7
Socket not ready, repolling fd = 7
Socket not ready, repolling fd = 7
Socket not ready, repolling fd = 7
Socket not ready, repolling fd = 7
Socket not ready, repolling fd = 7
Socket not ready, repolling fd = 7
Socket not ready, repolling fd = 7
Socket not ready, repolling fd = 7
Socket not ready, repolling fd = 7
Socket not ready, repolling fd = 7
Socket not ready, repolling fd = 7
Socket not ready, repolling fd = 7
Socket not ready, repolling fd = 7
Socket not ready, repolling fd = 7
Socket not ready, repolling fd = 7
Socket not ready, repolling fd = 7
Socket not ready, repolling fd = 7
Socket not ready, repolling fd = 7
Socket not ready, repolling fd = 7
Socket not ready, repolling fd = 7
Socket not ready, repolling fd = 7
Socket not ready, repolling fd = 7
Socket not ready, repolling fd = 7
Socket not ready, repolling fd = 7
Socket not ready, repolling fd = 7
Socket not ready, repolling fd = 7
Socket not ready, repolling fd = 7
Socket not ready, repolling fd = 7
Socket not ready, repolling fd = 7
Socket not ready, repolling fd = 7
Socket not ready, repolling fd = 7
Socket not ready, repolling fd = 7
Socket not ready, repolling fd = 7
Socket not ready, repolling fd = 7
Socket not ready, repolling fd = 7
Socket not ready, repolling fd = 7
Socket not ready, repolling fd = 7
Socket not ready, repolling fd = 7
Socket not ready, repolling fd = 7
Socket not ready, repolling fd = 7
Socket not ready, repolling fd = 7
Socket not ready, repolling fd = 7
Socket not ready, repolling fd = 7
Socket not ready, repolling fd = 7
Socket not ready, repolling fd = 7
Socket not ready, repolling fd = 7
Socket not ready, repolling fd = 7
Socket not ready, repolling fd = 7
Socket not ready, repolling fd = 7
Socket not ready, repolling fd = 7
Socket not ready, repolling fd = 7
Socket not ready, repolling fd = 7
Socket not ready, repolling fd = 7
Socket not ready, repolling fd = 7
Socket not ready, repolling fd = 7
Socket not ready, repolling fd = 7
Socket not ready, repolling fd = 7
Socket not ready, repolling fd = 7
Socket not ready, repolling fd = 7
Socket not ready, repolling fd = 7
Socket not ready, repolling fd = 7
Socket not ready, repolling fd = 7
Socket not ready, repolling fd = 7
Socket not ready, repolling fd = 7
Socket not ready, repolling fd = 7
Socket not ready, repolling fd = 7
Socket not ready, repolling fd = 7
Socket not ready, repolling fd = 7
Socket not ready, repolling fd = 7
Socket not ready, repolling fd = 7
Socket not ready, repolling fd = 7
Socket not ready, repolling fd = 7
Socket not ready, repolling fd = 7
Socket not ready, repolling fd = 7
Socket not ready, repolling fd = 7
Socket not ready, repolling fd = 7
Socket not ready, repolling fd = 7
Socket not ready, repolling fd = 7
Socket not ready, repolling fd = 7
Socket not ready, repolling fd = 7
Socket not ready, repolling fd = 7
Socket not ready, repolling fd = 7
Socket not ready, repolling fd = 7
Socket not ready, repolling fd = 7
Socket not ready, repolling fd = 7
Socket not ready, repolling fd = 7
Socket not ready, repolling fd = 7
Socket not ready, repolling fd = 7
Socket not ready, repolling fd = 7
Socket not ready, repolling fd = 7
Socket not ready, repolling fd = 7
Socket not ready, repolling fd = 7
Socket not ready, repolling fd = 7
Socket not ready, repolling fd = 7
Socket not ready, repolling fd = 7
Socket not ready, repolling fd = 7
Socket not ready, repolling fd = 7
Socket not ready, repolling fd = 7
Socket not ready, repolling fd = 7
Socket not ready, repolling fd = 7
Socket not ready, repolling fd = 7
Socket not ready, repolling fd = 7
Socket not ready, repolling fd = 7
Socket not ready, repolling fd = 7
Socket not ready, repolling fd = 7
Socket not ready, repolling fd = 7
Socket not ready, repolling fd = 7
Socket not ready, repolling fd = 7
Socket not ready, repolling fd = 7
Socket not ready, repolling fd = 7
Socket not ready, repolling fd = 7
Socket not ready, repolling fd = 7
Socket not ready, repolling fd = 7
Socket not ready, repolling fd = 7
Socket not ready, repolling fd = 7
Socket not ready, repolling fd = 7
Socket not ready, repolling fd = 7
Socket not ready, repolling fd = 7
Socket not ready, repolling fd = 7
Socket not ready, repolling fd = 7
Socket not ready, repolling fd = 7
Socket not ready, repolling fd = 7
Socket not ready, repolling fd = 7
Socket not ready, repolling fd = 7
Socket not ready, repolling fd = 7
Socket not ready, repolling fd = 7
Socket not ready, repolling fd = 7
Socket not ready, repolling fd = 7
Socket not ready, repolling fd = 7
Socket not ready, repolling fd = 7
Socket not ready, repolling fd = 7
Socket not ready, repolling fd = 7
Socket not ready, repolling fd = 7
Socket not ready, repolling fd = 7
Socket not ready, repolling fd = 7
Socket not ready, repolling fd = 7
Socket not ready, repolling fd = 7
Socket not ready, repolling fd = 7
Socket not ready, repolling fd = 7
Socket not ready, repolling fd = 7
Socket not ready, repolling fd = 7
Socket not ready, repolling fd = 7
Socket not ready, repolling fd = 7
Socket not ready, repolling fd = 7
Socket not ready, repolling fd = 7
Socket not ready, repolling fd = 7
Socket not ready, repolling fd = 7
Socket not ready, repolling fd = 7
Socket not ready, repolling fd = 7
Socket not ready, repolling fd = 7
Socket not ready, repolling fd = 7
Socket not ready, repolling fd = 7
Socket not ready, repolling fd = 7
Socket not ready, repolling fd = 7
Socket not ready, repolling fd = 7
Socket not ready, repolling fd = 7
Socket not ready, repolling fd = 7
Socket not ready, repolling fd = 7
Socket not ready, repolling fd = 7
Socket not ready, repolling fd = 7
Socket not ready, repolling fd = 7
Socket not ready, repolling fd = 7
Socket not ready, repolling fd = 7
Socket not ready, repolling fd = 7
Socket not ready, repolling fd = 7
Socket not ready, repolling fd = 7
Socket not ready, repolling fd = 7
Socket not ready, repolling fd = 7
Socket not ready, repolling fd = 7
Socket not ready, repolling fd = 7
Socket not ready, repolling fd = 7
Socket not ready, repolling fd = 7
Socket not ready, repolling fd = 7
Socket not ready, repolling fd = 7
Socket not ready, repolling fd = 7
Socket not ready, repolling fd = 7
Socket not ready, repolling fd = 7
Socket not ready, repolling fd = 7
Socket not ready, repolling fd = 7
Socket not ready, repolling fd = 7
Socket not ready, repolling fd = 7
Socket not ready, repolling fd = 7
Socket not ready, repolling fd = 7
Socket not ready, repolling fd = 7
Socket not ready, repolling fd = 7
Socket not ready, repolling fd = 7
Socket not ready, repolling fd = 7
Socket not ready, repolling fd = 7
Socket not ready, repolling fd = 7
Socket not ready, repolling fd = 7
Socket not ready, repolling fd = 7
Socket not ready, repolling fd = 7
Socket not ready, repolling fd = 7
Socket not ready, repolling fd = 7
Socket not ready, repolling fd = 7
Socket not ready, repolling fd = 7
Socket not ready, repolling fd = 7
Socket not ready, repolling fd = 7
Socket not ready, repolling fd = 7
Socket not ready, repolling fd = 7
Socket not ready, repolling fd = 7
Socket not ready, repolling fd = 7
Socket not ready, repolling fd = 7
Socket not ready, repolling fd = 7
Socket not ready, repolling fd = 7
Socket not ready, repolling fd = 7
Socket not ready, repolling fd = 7
Socket not ready, repolling fd = 7
Socket not ready, repolling fd = 7
Socket not ready, repolling fd = 7
Socket not ready, repolling fd = 7
Socket not ready, repolling fd = 7
Socket not ready, repolling fd = 7
Socket not ready, repolling fd = 7
Socket not ready, repolling fd = 7
Socket not ready, repolling fd = 7
Socket not ready, repolling fd = 7
Socket not ready, repolling fd = 7
Socket not ready, repolling fd = 7
Socket not ready, repolling fd = 7
Socket not ready, repolling fd = 7
Socket not ready, repolling fd = 7
Socket not ready, repolling fd = 7
Socket not ready, repolling fd = 7
Socket not ready, repolling fd = 7
Socket not ready, repolling fd = 7
Socket not ready, repolling fd = 7
Socket not ready, repolling fd = 7
Socket not ready, repolling fd = 7
Socket not ready, repolling fd = 7
Socket not ready, repolling fd = 7
Socket not ready, repolling fd = 7
Socket not ready, repolling fd = 7
Socket not ready, repolling fd = 7
Socket not ready, repolling fd = 7
Socket not ready, repolling fd = 7
Socket not ready, repolling fd = 7
Socket not ready, repolling fd = 7
Socket not ready, repolling fd = 7
Socket not ready, repolling fd = 7
Socket not ready, repolling fd = 7
Socket not ready, repolling fd = 7
Socket not ready, repolling fd = 7
Socket not ready, repolling fd = 7
Socket not ready, repolling fd = 7
Socket not ready, repolling fd = 7
Socket not ready, repolling fd = 7
Socket not ready, repolling fd = 7
Socket not ready, repolling fd = 7
Socket not ready, repolling fd = 7
Socket not ready, repolling fd = 7
Socket not ready, repolling fd = 7
Socket not ready, repolling fd = 7
Socket not ready, repolling fd = 7
Socket not ready, repolling fd = 7
Socket not ready, repolling fd = 7
Socket not ready, repolling fd = 7
Socket not ready, repolling fd = 7
Socket not ready, repolling fd = 7
Socket not ready, repolling fd = 7
Socket not ready, repolling fd = 7
Socket not ready, repolling fd = 7
Socket not ready, repolling fd = 7
Socket not ready, repolling fd = 7
Socket not ready, repolling fd = 7
Socket not ready, repolling fd = 7
Socket not ready, repolling fd = 7
Socket not ready, repolling fd = 7
Socket not ready, repolling fd = 7
Socket not ready, repolling fd = 7
Socket not ready, repolling fd = 7
Socket not ready, repolling fd = 7
Socket not ready, repolling fd = 7
Socket not ready, repolling fd = 7
Socket not ready, repolling fd = 7
Socket not ready, repolling fd = 7
Socket not ready, repolling fd = 7
Socket not ready, repolling fd = 7
Socket not ready, repolling fd = 7
Socket not ready, repolling fd = 7
Socket not ready, repolling fd = 7
Socket not ready, repolling fd = 7
Socket not ready, repolling fd = 7
Socket not ready, repolling fd = 7
Socket not ready, repolling fd = 7
Socket not ready, repolling fd = 7
Socket not ready, repolling fd = 7
Socket not ready, repolling fd = 7
Socket not ready, repolling fd = 7
Socket not ready, repolling fd = 7
Socket not ready, repolling fd = 7
Socket not ready, repolling fd = 7
Socket not ready, repolling fd = 7
Socket not ready, repolling fd = 7
Socket not ready, repolling fd = 7
Socket not ready, repolling fd = 7
Socket not ready, repolling fd = 7
Socket not ready, repolling fd = 7
Socket not ready, repolling fd = 7
Socket not ready, repolling fd = 7
Socket not ready, repolling fd = 7
Socket not ready, repolling fd = 7
Socket not ready, repolling fd = 7
Socket not ready, repolling fd = 7
Socket not ready, repolling fd = 7
Socket not ready, repolling fd = 7
Socket not ready, repolling fd = 7
Socket not ready, repolling fd = 7
Socket not ready, repolling fd = 7
Socket not ready, repolling fd = 7
Socket not ready, repolling fd = 7
Socket not ready, repolling fd = 7
Socket not ready, repolling fd = 7
Socket not ready, repolling fd = 7
Socket not ready, repolling fd = 7
Socket not ready, repolling fd = 7
Socket not ready, repolling fd = 7
Socket not ready, repolling fd = 7
Socket not ready, repolling fd = 7
Socket not ready, repolling fd = 7
Socket not ready, repolling fd = 7
Socket not ready, repolling fd = 7
Socket not ready, repolling fd = 7
Socket not ready, repolling fd = 7
Socket not ready, repolling fd = 7
Socket not ready, repolling fd = 7
Socket not ready, repolling fd = 7
Socket not ready, repolling fd = 7
Socket not ready, repolling fd = 7
Socket not ready, repolling fd = 7
Socket not ready, repolling fd = 7
Socket not ready, repolling fd = 7
Socket not ready, repolling fd = 7
Socket not ready, repolling fd = 7
Socket not ready, repolling fd = 7
Socket not ready, repolling fd = 7
Socket not ready, repolling fd = 7
Socket not ready, repolling fd = 7
Socket not ready, repolling fd = 7
Socket not ready, repolling fd = 7
Socket not ready, repolling fd = 7
Socket not ready, repolling fd = 7
Socket not ready, repolling fd = 7
Socket not ready, repolling fd = 7
Socket not ready, repolling fd = 7
Socket not ready, repolling fd = 7
Socket not ready, repolling fd = 7
Socket not ready, repolling fd = 7
Socket not ready, repolling fd = 7
Socket not ready, repolling fd = 7
Socket not ready, repolling fd = 7
Socket not ready, repolling fd = 7
Socket not ready, repolling fd = 7
Socket not ready, repolling fd = 7
Socket not ready, repolling fd = 7
Socket not ready, repolling fd = 7
Socket not ready, repolling fd = 7
Socket not ready, repolling fd = 7
Socket not ready, repolling fd = 7
Socket not ready, repolling fd = 7
Socket not ready, repolling fd = 7
Socket not ready, repolling fd = 7
Socket not ready, repolling fd = 7
Socket not ready, repolling fd = 7
Socket not ready, repolling fd = 7
Socket not ready, repolling fd = 7
Socket not ready, repolling fd = 7
Socket not ready, repolling fd = 7
Socket not ready, repolling fd = 7
Socket not ready, repolling fd = 7
Socket not ready, repolling fd = 7
Socket not ready, repolling fd = 7
Socket not ready, repolling fd = 7
Socket not ready, repolling fd = 7
Socket not ready, repolling fd = 7
Socket not ready, repolling fd = 7
Socket not ready, repolling fd = 7
Socket not ready, repolling fd = 7
Socket not ready, repolling fd = 7
Socket not ready, repolling fd = 7
Socket not ready, repolling fd = 7
Socket not ready, repolling fd = 7
Socket not ready, repolling fd = 7
Socket not ready, repolling fd = 7
Socket not ready, repolling fd = 7
Socket not ready, repolling fd = 7
Socket not ready, repolling fd = 7
Socket not ready, repolling fd = 7
Socket not ready, repolling fd = 7
Socket not ready, repolling fd = 7
Socket not ready, repolling fd = 7
Socket not ready, repolling fd = 7
Socket not ready, repolling fd = 7
Socket not ready, repolling fd = 7
Socket not ready, repolling fd = 7
Socket not ready, repolling fd = 7
Socket not ready, repolling fd = 7
Socket not ready, repolling fd = 7
Socket not ready, repolling fd = 7
Socket not ready, repolling fd = 7
Socket not ready, repolling fd = 7
Socket not ready, repolling fd = 7
Socket not ready, repolling fd = 7
Socket not ready, repolling fd = 7
Socket not ready, repolling fd = 7
Socket not ready, repolling fd = 7
Socket not ready, repolling fd = 7
Socket not ready, repolling fd = 7
Socket not ready, repolling fd = 7
Socket not ready, repolling fd = 7
Socket not ready, repolling fd = 7
Socket not ready, repolling fd = 7
Socket not ready, repolling fd = 7
Socket not ready, repolling fd = 7
Socket not ready, repolling fd = 7
Socket not ready, repolling fd = 7
Socket not ready, repolling fd = 7
Socket not ready, repolling fd = 7
Socket not ready, repolling fd = 7
Socket not ready, repolling fd = 7
Socket not ready, repolling fd = 7
Socket not ready, repolling fd = 7
Socket not ready, repolling fd = 7
Socket not ready, repolling fd = 7
Socket not ready, repolling fd = 7
Socket not ready, repolling fd = 7
Socket not ready, repolling fd = 7
Socket not ready, repolling fd = 7
Socket not ready, repolling fd = 7
Socket not ready, repolling fd = 7
Socket not ready, repolling fd = 7
Socket not ready, repolling fd = 7
Socket not ready, repolling fd = 7
Socket not ready, repolling fd = 7
Socket not ready, repolling fd = 7
Socket not ready, repolling fd = 7
Socket not ready, repolling fd = 7
Socket not ready, repolling fd = 7
Socket not ready, repolling fd = 7
Socket not ready, repolling fd = 7
Socket not ready, repolling fd = 7
Socket not ready, repolling fd = 7
Socket not ready, repolling fd = 7
Socket not ready, repolling fd = 7
Socket not ready, repolling fd = 7
Socket not ready, repolling fd = 7
Socket not ready, repolling fd = 7
Socket not ready, repolling fd = 7
Socket not ready, repolling fd = 7
Socket not ready, repolling fd = 7
Socket not ready, repolling fd = 7
Socket not ready, repolling fd = 7
Socket not ready, repolling fd = 7
Socket not ready, repolling fd = 7
Socket not ready, repolling fd = 7
Socket not ready, repolling fd = 7
Socket not ready, repolling fd = 7
Socket not ready, repolling fd = 7
Socket not ready, repolling fd = 7
Socket not ready, repolling fd = 7
Socket not ready, repolling fd = 7
Socket not ready, repolling fd = 7
Socket not ready, repolling fd = 7
Socket not ready, repolling fd = 7
Socket not ready, repolling fd = 7
Socket not ready, repolling fd = 7
Socket not ready, repolling fd = 7
Socket not ready, repolling fd = 7
Socket not ready, repolling fd = 7
Socket not ready, repolling fd = 7
Socket not ready, repolling fd = 7
Socket not ready, repolling fd = 7
Socket not ready, repolling fd = 7
Socket not ready, repolling fd = 7
Socket not ready, repolling fd = 7
Socket not ready, repolling fd = 7
Socket not ready, repolling fd = 7
Socket not ready, repolling fd = 7
Socket not ready, repolling fd = 7
Socket not ready, repolling fd = 7
Socket not ready, repolling fd = 7
Socket not ready, repolling fd = 7
Socket not ready, repolling fd = 7
Socket not ready, repolling fd = 7
Socket not ready, repolling fd = 7
Socket not ready, repolling fd = 7
Socket not ready, repolling fd = 7
Socket not ready, repolling fd = 7
Socket not ready, repolling fd = 7
Socket not ready, repolling fd = 7
Socket not ready, repolling fd = 7
Socket not ready, repolling fd = 7
Socket not ready, repolling fd = 7
Socket not ready, repolling fd = 7
Socket not ready, repolling fd = 7
Socket not ready, repolling fd = 7
Socket not ready, repolling fd = 7
Socket not ready, repolling fd = 7
Socket not ready, repolling fd = 7
Socket not ready, repolling fd = 7
Socket not ready, repolling fd = 7
Socket not ready, repolling fd = 7
Socket not ready, repolling fd = 7
Socket not ready, repolling fd = 7
Socket not ready, repolling fd = 7
Socket not ready, repolling fd = 7
Socket not ready, repolling fd = 7
Socket not ready, repolling fd = 7
Socket not ready, repolling fd = 7
Socket not ready, repolling fd = 7
Socket not ready, repolling fd = 7
Socket not ready, repolling fd = 7
Socket not ready, repolling fd = 7
Socket not ready, repolling fd = 7
Socket not ready, repolling fd = 7
Socket not ready, repolling fd = 7
Socket not ready, repolling fd = 7
Socket not ready, repolling fd = 7
Socket not ready, repolling fd = 7
Socket not ready, repolling fd = 7
Socket not ready, repolling fd = 7
Socket not ready, repolling fd = 7
Socket not ready, repolling fd = 7
Socket not ready, repolling fd = 7
Socket not ready, repolling fd = 7
Socket not ready, repolling fd = 7
Socket not ready, repolling fd = 7
Socket not ready, repolling fd = 7
Socket not ready, repolling fd = 7
Socket not ready, repolling fd = 7
Socket not ready, repolling fd = 7
Socket not ready, repolling fd = 7
Socket not ready, repolling fd = 7
Socket not ready, repolling fd = 7
Socket not ready, repolling fd = 7
Socket not ready, repolling fd = 7
Socket not ready, repolling fd = 7
Socket not ready, repolling fd = 7
Socket not ready, repolling fd = 7
Socket not ready, repolling fd = 7
Socket not ready, repolling fd = 7
Socket not ready, repolling fd = 7
Socket not ready, repolling fd = 7
Socket not ready, repolling fd = 7
Socket not ready, repolling fd = 7
Socket not ready, repolling fd = 7
Socket not ready, repolling fd = 7
Socket not ready, repolling fd = 7
Socket not ready, repolling fd = 7
Socket not ready, repolling fd = 7
Socket not ready, repolling fd = 7
Socket not ready, repolling fd = 7
Socket not ready, repolling fd = 7
Socket not ready, repolling fd = 7
Socket not ready, repolling fd = 7
Socket not ready, repolling fd = 7
Socket not ready, repolling fd = 7
Socket not ready, repolling fd = 7
Socket not ready, repolling fd = 7
Socket not ready, repolling fd = 7
Socket not ready, repolling fd = 7
Socket not ready, repolling fd = 7
Socket not ready, repolling fd = 7
Socket not ready, repolling fd = 7
Socket not ready, repolling fd = 7
Socket not ready, repolling fd = 7
Socket not ready, repolling fd = 7
Socket not ready, repolling fd = 7
Socket not ready, repolling fd = 7
Socket not ready, repolling fd = 7
Socket not ready, repolling fd = 7
Socket not ready, repolling fd = 7
Socket not ready, repolling fd = 7
Socket not ready, repolling fd = 7
Socket not ready, repolling fd = 7
Socket not ready, repolling fd = 7
Socket not ready, repolling fd = 7
Socket not ready, repolling fd = 7
Socket not ready, repolling fd = 7
Socket not ready, repolling fd = 7
Socket not ready, repolling fd = 7
Socket not ready, repolling fd = 7
Socket not ready, repolling fd = 7
Socket not ready, repolling fd = 7
Socket not ready, repolling fd = 7
Socket not ready, repolling fd = 7
Socket not ready, repolling fd = 7
Socket not ready, repolling fd = 7
Socket not ready, repolling fd = 7
Socket not ready, repolling fd = 7
Socket not ready, repolling fd = 7
Socket not ready, repolling fd = 7
Socket not ready, repolling fd = 7
Socket not ready, repolling fd = 7
Socket not ready, repolling fd = 7
Socket not ready, repolling fd = 7
Socket not ready, repolling fd = 7
Socket not ready, repolling fd = 7
Socket not ready, repolling fd = 7
Socket not ready, repolling fd = 7
Socket not ready, repolling fd = 7
Socket not ready, repolling fd = 7
Socket not ready, repolling fd = 7
Socket not ready, repolling fd = 7
Socket not ready, repolling fd = 7
Socket not ready, repolling fd = 7
Socket not ready, repolling fd = 7
Socket not ready, repolling fd = 7
Socket not ready, repolling fd = 7
Socket not ready, repolling fd = 7
Socket not ready, repolling fd = 7
Socket not ready, repolling fd = 7
Socket not ready, repolling fd = 7
Socket not ready, repolling fd = 7
Socket not ready, repolling fd = 7
Socket not ready, repolling fd = 7
Socket not ready, repolling fd = 7
Socket not ready, repolling fd = 7
Socket not ready, repolling fd = 7
Socket not ready, repolling fd = 7
Socket not ready, repolling fd = 7
Socket not ready, repolling fd = 7
Socket not ready, repolling fd = 7
Socket not ready, repolling fd = 7
Socket not ready, repolling fd = 7
Socket not ready, repolling fd = 7
Socket not ready, repolling fd = 7
Socket not ready, repolling fd = 7
Socket not ready, repolling fd = 7
Socket not ready, repolling fd = 7
Socket not ready, repolling fd = 7
Socket not ready, repolling fd = 7
Socket not ready, repolling fd = 7
Socket not ready, repolling fd = 7
Socket not ready, repolling fd = 7
Socket not ready, repolling fd = 7
Socket not ready, repolling fd = 7
Socket not ready, repolling fd = 7
Socket not ready, repolling fd = 7
Socket not ready, repolling fd = 7
Socket not ready, repolling fd = 7
Socket not ready, repolling fd = 7
Socket not ready, repolling fd = 7
Socket not ready, repolling fd = 7
Socket not ready, repolling fd = 7
Socket not ready, repolling fd = 7
Socket not ready, repolling fd = 7
Socket not ready, repolling fd = 7
Socket not ready, repolling fd = 7
Socket not ready, repolling fd = 7
Socket not ready, repolling fd = 7
Socket not ready, repolling fd = 7
Socket not ready, repolling fd = 7
Socket not ready, repolling fd = 7
Socket not ready, repolling fd = 7
Socket not ready, repolling fd = 7
Socket not ready, repolling fd = 7
Socket not ready, repolling fd = 7
Socket not ready, repolling fd = 7
Socket not ready, repolling fd = 7
Socket not ready, repolling fd = 7
Socket not ready, repolling fd = 7
Socket not ready, repolling fd = 7
Socket not ready, repolling fd = 7
Socket not ready, repolling fd = 7
Socket not ready, repolling fd = 7
Socket not ready, repolling fd = 7
Socket not ready, repolling fd = 7
Socket not ready, repolling fd = 7
Socket not ready, repolling fd = 7
Socket not ready, repolling fd = 7
Socket not ready, repolling fd = 7
Socket not ready, repolling fd = 7
Socket not ready, repolling fd = 7
Socket not ready, repolling fd = 7
Socket not ready, repolling fd = 7
Socket not ready, repolling fd = 7
Socket not ready, repolling fd = 7
Socket not ready, repolling fd = 7
Socket not ready, repolling fd = 7
Socket not ready, repolling fd = 7
Socket not ready, repolling fd = 7
Socket not ready, repolling fd = 7
Socket not ready, repolling fd = 7
Socket not ready, repolling fd = 7
Socket not ready, repolling fd = 7
Socket not ready, repolling fd = 7
Socket not ready, repolling fd = 7
Socket not ready, repolling fd = 7
Socket not ready, repolling fd = 7
Socket not ready, repolling fd = 7
Socket not ready, repolling fd = 7
Socket not ready, repolling fd = 7
Socket not ready, repolling fd = 7
Socket not ready, repolling fd = 7
Socket not ready, repolling fd = 7
Socket not ready, repolling fd = 7
Socket not ready, repolling fd = 7
Socket not ready, repolling fd = 7
Socket not ready, repolling fd = 7
Socket not ready, repolling fd = 7
Socket not ready, repolling fd = 7
Socket not ready, repolling fd = 7
Socket not ready, repolling fd = 7
Socket not ready, repolling fd = 7
Socket not ready, repolling fd = 7
Socket not ready, repolling fd = 7
Socket not ready, repolling fd = 7
Socket not ready, repolling fd = 7
Socket not ready, repolling fd = 7
Socket not ready, repolling fd = 7
Socket not ready, repolling fd = 7
Socket not ready, repolling fd = 7
Socket not ready, repolling fd = 7
Socket not ready, repolling fd = 7
Socket not ready, repolling fd = 7
Socket not ready, repolling fd = 7
Socket not ready, repolling fd = 7
Socket not ready, repolling fd = 7
Socket not ready, repolling fd = 7
Socket not ready, repolling fd = 7
Socket not ready, repolling fd = 7
Socket not ready, repolling fd = 7
Socket not ready, repolling fd = 7
Socket not ready, repolling fd = 7
Socket not ready, repolling fd = 7
Socket not ready, repolling fd = 7
Socket not ready, repolling fd = 7
Socket not ready, repolling fd = 7
Socket not ready, repolling fd = 7
Socket not ready, repolling fd = 7
Socket not ready, repolling fd = 7
Socket not ready, repolling fd = 7
Socket not ready, repolling fd = 7
Socket not ready, repolling fd = 7
Socket not ready, repolling fd = 7
Socket not ready, repolling fd = 7
Socket not ready, repolling fd = 7
Socket not ready, repolling fd = 7
Socket not ready, repolling fd = 7
Socket not ready, repolling fd = 7
Socket not ready, repolling fd = 7
Socket not ready, repolling fd = 7
Socket not ready, repolling fd = 7
Socket not ready, repolling fd = 7
Socket not ready, repolling fd = 7
Socket not ready, repolling fd = 7
Socket not ready, repolling fd = 7
Socket not ready, repolling fd = 7
Socket not ready, repolling fd = 7
Socket not ready, repolling fd = 7
Socket not ready, repolling fd = 7
Socket not ready, repolling fd = 7
Socket not ready, repolling fd = 7
Socket not ready, repolling fd = 7
Socket not ready, repolling fd = 7
Socket not ready, repolling fd = 7
Socket not ready, repolling fd = 7
Socket not ready, repolling fd = 7
Socket not ready, repolling fd = 7
Socket not ready, repolling fd = 7
Socket not ready, repolling fd = 7
Socket not ready, repolling fd = 7
Socket not ready, repolling fd = 7
Socket not ready, repolling fd = 7
Socket not ready, repolling fd = 7
Socket not ready, repolling fd = 7
Socket not ready, repolling fd = 7
Socket not ready, repolling fd = 7
Socket not ready, repolling fd = 7
Socket not ready, repolling fd = 7
Socket not ready, repolling fd = 7
Socket not ready, repolling fd = 7
Socket not ready, repolling fd = 7
Socket not ready, repolling fd = 7
Socket not ready, repolling fd = 7
Socket not ready, repolling fd = 7
Socket not ready, repolling fd = 7
Socket not ready, repolling fd = 7
Socket not ready, repolling fd = 7
Socket not ready, repolling fd = 7
Socket not ready, repolling fd = 7
Socket not ready, repolling fd = 7
Socket not ready, repolling fd = 7
Socket not ready, repolling fd = 7
Socket not ready, repolling fd = 7
Socket not ready, repolling fd = 7
Socket not ready, repolling fd = 7
Socket not ready, repolling fd = 7
Socket not ready, repolling fd = 7
Socket not ready, repolling fd = 7
Socket not ready, repolling fd = 7
Socket not ready, repolling fd = 7
Socket not ready, repolling fd = 7
Socket not ready, repolling fd = 7
Socket not ready, repolling fd = 7
Socket not ready, repolling fd = 7
Socket not ready, repolling fd = 7
Socket not ready, repolling fd = 7
Socket not ready, repolling fd = 7
Socket not ready, repolling fd = 7
Socket not ready, repolling fd = 7
Socket not ready, repolling fd = 7
Socket not ready, repolling fd = 7
Socket not ready, repolling fd = 7
Socket not ready, repolling fd = 7
Socket not ready, repolling fd = 7
Socket not ready, repolling fd = 7
Socket not ready, repolling fd = 7
Socket not ready, repolling fd = 7
Socket not ready, repolling fd = 7
Socket not ready, repolling fd = 7
Socket not ready, repolling fd = 7
Socket not ready, repolling fd = 7
Socket not ready, repolling fd = 7
Socket not ready, repolling fd = 7
Socket not ready, repolling fd = 7
Socket not ready, repolling fd = 7
Socket not ready, repolling fd = 7
Socket not ready, repolling fd = 7
Socket not ready, repolling fd = 7
Socket not ready, repolling fd = 7
Socket not ready, repolling fd = 7
Socket not ready, repolling fd = 7
Socket not ready, repolling fd = 7
Socket not ready, repolling fd = 7
Socket not ready, repolling fd = 7
Socket not ready, repolling fd = 7
Socket not ready, repolling fd = 7
Socket not ready, repolling fd = 7
Socket not ready, repolling fd = 7
Socket not ready, repolling fd = 7
Socket not ready, repolling fd = 7
Socket not ready, repolling fd = 7
Socket not ready, repolling fd = 7
Socket not ready, repolling fd = 7
Socket not ready, repolling fd = 7
Socket not ready, repolling fd = 7
Socket not ready, repolling fd = 7
Socket not ready, repolling fd = 7
Socket not ready, repolling fd = 7
Socket not ready, repolling fd = 7
Socket not ready, repolling fd = 7
Socket not ready, repolling fd = 7
Socket not ready, repolling fd = 7
Socket not ready, repolling fd = 7
Socket not ready, repolling fd = 7
Socket not ready, repolling fd = 7
Socket not ready, repolling fd = 7
Socket not ready, repolling fd = 7
Socket not ready, repolling fd = 7
Socket not ready, repolling fd = 7
Socket not ready, repolling fd = 7
Socket not ready, repolling fd = 7
Socket not ready, repolling fd = 7
Socket not ready, repolling fd = 7
Socket not ready, repolling fd = 7
Socket not ready, repolling fd = 7
Socket not ready, repolling fd = 7
Socket not ready, repolling fd = 7
Socket not ready, repolling fd = 7
Socket not ready, repolling fd = 7
Socket not ready, repolling fd = 7
Socket not ready, repolling fd = 7
Socket not ready, repolling fd = 7
Socket not ready, repolling fd = 7
Socket not ready, repolling fd = 7
Socket not ready, repolling fd = 7
Socket not ready, repolling fd = 7
Socket not ready, repolling fd = 7
Socket not ready, repolling fd = 7
Socket not ready, repolling fd = 7
Socket not ready, repolling fd = 7
Socket not ready, repolling fd = 7
Socket not ready, repolling fd = 7
Socket not ready, repolling fd = 7
Socket not ready, repolling fd = 7
Socket not ready, repolling fd = 7
Socket not ready, repolling fd = 7
Socket not ready, repolling fd = 7
Socket not ready, repolling fd = 7
Socket not ready, repolling fd = 7
Socket not ready, repolling fd = 7
Socket not ready, repolling fd = 7
Socket not ready, repolling fd = 7
Socket not ready, repolling fd = 7
Socket not ready, repolling fd = 7
Socket not ready, repolling fd = 7
Socket not ready, repolling fd = 7
Socket not ready, repolling fd = 7
Socket not ready, repolling fd = 7
Socket not ready, repolling fd = 7
Socket not ready, repolling fd = 7
Socket not ready, repolling fd = 7
Socket not ready, repolling fd = 7
Socket not ready, repolling fd = 7
Socket not ready, repolling fd = 7
Socket not ready, repolling fd = 7
Socket not ready, repolling fd = 7
Socket not ready, repolling fd = 7
Socket not ready, repolling fd = 7
Socket not ready, repolling fd = 7
Socket not ready, repolling fd = 7
Socket not ready, repolling fd = 7
Socket not ready, repolling fd = 7
Socket not ready, repolling fd = 7
Socket not ready, repolling fd = 7
Socket not ready, repolling fd = 7
Socket not ready, repolling fd = 7
Socket not ready, repolling fd = 7
Socket not ready, repolling fd = 7
Socket not ready, repolling fd = 7
Socket not ready, repolling fd = 7
Socket not ready, repolling fd = 7
Socket not ready, repolling fd = 7
Socket not ready, repolling fd = 7
Socket not ready, repolling fd = 7
Socket not ready, repolling fd = 7
Socket not ready, repolling fd = 7
Socket not ready, repolling fd = 7
Socket not ready, repolling fd = 7
Socket not ready, repolling fd = 7
Socket not ready, repolling fd = 7
Socket not ready, repolling fd = 7
Socket not ready, repolling fd = 7
Socket not ready, repolling fd = 7
Socket not ready, repolling fd = 7
Socket not ready, repolling fd = 7
Socket not ready, repolling fd = 7
Socket not ready, repolling fd = 7
Socket not ready, repolling fd = 7
Socket not ready, repolling fd = 7
Socket not ready, repolling fd = 7
Socket not ready, repolling fd = 7
Socket not ready, repolling fd = 7
Socket not ready, repolling fd = 7
Socket not ready, repolling fd = 7
Socket not ready, repolling fd = 7
Socket not ready, repolling fd = 7
Socket not ready, repolling fd = 7
Socket not ready, repolling fd = 7
Socket not ready, repolling fd = 7
Socket not ready, repolling fd = 7
Socket not ready, repolling fd = 7
Socket not ready, repolling fd = 7
Socket not ready, repolling fd = 7
Socket not ready, repolling fd = 7
Socket not ready, repolling fd = 7
Socket not ready, repolling fd = 7
Socket not ready, repolling fd = 7
Socket not ready, repolling fd = 7
Socket not ready, repolling fd = 7
Socket not ready, repolling fd = 7
Socket not ready, repolling fd = 7
Socket not ready, repolling fd = 7
Socket not ready, repolling fd = 7
Socket not ready, repolling fd = 7
Socket not ready, repolling fd = 7
Socket not ready, repolling fd = 7
Socket not ready, repolling fd = 7
Socket not ready, repolling fd = 7
Socket not ready, repolling fd = 7
Socket not ready, repolling fd = 7
Socket not ready, repolling fd = 7
Socket not ready, repolling fd = 7
Socket not ready, repolling fd = 7
Socket not ready, repolling fd = 7
Socket not ready, repolling fd = 7
Socket not ready, repolling fd = 7
Socket not ready, repolling fd = 7
Socket not ready, repolling fd = 7
Socket not ready, repolling fd = 7
Socket not ready, repolling fd = 7
Socket not ready, repolling fd = 7
Socket not ready, repolling fd = 7
Socket not ready, repolling fd = 7
Socket not ready, repolling fd = 7
Socket not ready, repolling fd = 7
Socket not ready, repolling fd = 7
Socket not ready, repolling fd = 7
Socket not ready, repolling fd = 7
Socket not ready, repolling fd = 7
Socket not ready, repolling fd = 7
Socket not ready, repolling fd = 7
Socket not ready, repolling fd = 7
Socket not ready, repolling fd = 7
Socket not ready, repolling fd = 7
Socket not ready, repolling fd = 7
Socket not ready, repolling fd = 7
Socket not ready, repolling fd = 7
Socket not ready, repolling fd = 7
Socket not ready, repolling fd = 7
Socket not ready, repolling fd = 7
Socket not ready, repolling fd = 7
Socket not ready, repolling fd = 7
Socket not ready, repolling fd = 7
Socket not ready, repolling fd = 7
Socket not ready, repolling fd = 7
Socket not ready, repolling fd = 7
Socket not ready, repolling fd = 7
Socket not ready, repolling fd = 7
Socket not ready, repolling fd = 7
Socket not ready, repolling fd = 7
Socket not ready, repolling fd = 7
Socket not ready, repolling fd = 7
Socket not ready, repolling fd = 7
Socket not ready, repolling fd = 7
Socket not ready, repolling fd = 7
Socket not ready, repolling fd = 7
Socket not ready, repolling fd = 7
Socket not ready, repolling fd = 7
Socket not ready, repolling fd = 7
Socket not ready, repolling fd = 7
Socket not ready, repolling fd = 7
Socket not ready, repolling fd = 7
Socket not ready, repolling fd = 7
Socket not ready, repolling fd = 7
Socket not ready, repolling fd = 7
Socket not ready, repolling fd = 7
Socket not ready, repolling fd = 7
Socket not ready, repolling fd = 7
Socket not ready, repolling fd = 7
Socket not ready, repolling fd = 7
Socket not ready, repolling fd = 7
Socket not ready, repolling fd = 7
Socket not ready, repolling fd = 7
Socket not ready, repolling fd = 7
Socket not ready, repolling fd = 7
Socket not ready, repolling fd = 7
Socket not ready, repolling fd = 7
Socket not ready, repolling fd = 7
Socket not ready, repolling fd = 7
Socket not ready, repolling fd = 7
Socket not ready, repolling fd = 7
Socket not ready, repolling fd = 7
Socket not ready, repolling fd = 7
Socket not ready, repolling fd = 7
Socket not ready, repolling fd = 7
Socket not ready, repolling fd = 7
Socket not ready, repolling fd = 7
Socket not ready, repolling fd = 7
Socket not ready, repolling fd = 7
Socket not ready, repolling fd = 7
Socket not ready, repolling fd = 7
Socket not ready, repolling fd = 7
Socket not ready, repolling fd = 7
Socket not ready, repolling fd = 7
Socket not ready, repolling fd = 7
Socket not ready, repolling fd = 7
Socket not ready, repolling fd = 7
Socket not ready, repolling fd = 7
Socket not ready, repolling fd = 7
Socket not ready, repolling fd = 7
Socket not ready, repolling fd = 7
Socket not ready, repolling fd = 7
Socket not ready, repolling fd = 7
Socket not ready, repolling fd = 7
Socket not ready, repolling fd = 7
Socket not ready, repolling fd = 7
Socket not ready, repolling fd = 7
Socket not ready, repolling fd = 7
Socket not ready, repolling fd = 7
Socket not ready, repolling fd = 7
Socket not ready, repolling fd = 7
Socket not ready, repolling fd = 7
Socket not ready, repolling fd = 7
Socket not ready, repolling fd = 7
Socket not ready, repolling fd = 7
Socket not ready, repolling fd = 7
Socket not ready, repolling fd = 7
Socket not ready, repolling fd = 7
Socket not ready, repolling fd = 7
Socket not ready, repolling fd = 7
Socket not ready, repolling fd = 7
Socket not ready, repolling fd = 7
Socket not ready, repolling fd = 7
Socket not ready, repolling fd = 7
Socket not ready, repolling fd = 7
Socket not ready, repolling fd = 7
Socket not ready, repolling fd = 7
Socket not ready, repolling fd = 7
Socket not ready, repolling fd = 7
Socket not ready, repolling fd = 7
Socket not ready, repolling fd = 7
Socket not ready, repolling fd = 7
Socket not ready, repolling fd = 7
Socket not ready, repolling fd = 7
Socket not ready, repolling fd = 7
Socket not ready, repolling fd = 7
Socket not ready, repolling fd = 7
Socket not ready, repolling fd = 7
Socket not ready, repolling fd = 7
Socket not ready, repolling fd = 7
Socket not ready, repolling fd = 7
Socket not ready, repolling fd = 7
Socket not ready, repolling fd = 7
Socket not ready, repolling fd = 7
Socket not ready, repolling fd = 7
Socket not ready, repolling fd = 7
Socket not ready, repolling fd = 7
Socket not ready, repolling fd = 7
Socket not ready, repolling fd = 7
Socket not ready, repolling fd = 7
Socket not ready, repolling fd = 7
Socket not ready, repolling fd = 7
Socket not ready, repolling fd = 7
Socket not ready, repolling fd = 7
Socket not ready, repolling fd = 7
Socket not ready, repolling fd = 7
Socket not ready, repolling fd = 7
Socket not ready, repolling fd = 7
Socket not ready, repolling fd = 7
Socket not ready, repolling fd = 7
Socket not ready, repolling fd = 7
Socket not ready, repolling fd = 7
Socket not ready, repolling fd = 7
Socket not ready, repolling fd = 7
Socket not ready, repolling fd = 7
Socket not ready, repolling fd = 7
Socket not ready, repolling fd = 7
Socket not ready, repolling fd = 7
Socket not ready, repolling fd = 7
Socket not ready, repolling fd = 7
Socket not ready, repolling fd = 7
Socket not ready, repolling fd = 7
Socket not ready, repolling fd = 7
Socket not ready, repolling fd = 7
Socket not ready, repolling fd = 7
Socket not ready, repolling fd = 7
Socket not ready, repolling fd = 7
Socket not ready, repolling fd = 7
Socket not ready, repolling fd = 7
Socket not ready, repolling fd = 7
Socket not ready, repolling fd = 7
Socket not ready, repolling fd = 7
Socket not ready, repolling fd = 7
Socket not ready, repolling fd = 7
Socket not ready, repolling fd = 7
Socket not ready, repolling fd = 7
Socket not ready, repolling fd = 7
Socket not ready, repolling fd = 7
Socket not ready, repolling fd = 7
Socket not ready, repolling fd = 7
Socket not ready, repolling fd = 7
Socket not ready, repolling fd = 7
Socket not ready, repolling fd = 7
Socket not ready, repolling fd = 7
Socket not ready, repolling fd = 7
Socket not ready, repolling fd = 7
Socket not ready, repolling fd = 7
Socket not ready, repolling fd = 7
Socket not ready, repolling fd = 7
Socket not ready, repolling fd = 7
Socket not ready, repolling fd = 7
Socket not ready, repolling fd = 7
Socket not ready, repolling fd = 7
Socket not ready, repolling fd = 7
Socket not ready, repolling fd = 7
Socket not ready, repolling fd = 7
Socket not ready, repolling fd = 7
Socket not ready, repolling fd = 7
Socket not ready, repolling fd = 7
Socket not ready, repolling fd = 7
Socket not ready, repolling fd = 7
Socket not ready, repolling fd = 7
Socket not ready, repolling fd = 7
Socket not ready, repolling fd = 7
Socket not ready, repolling fd = 7
Socket not ready, repolling fd = 7
Socket not ready, repolling fd = 7
Socket not ready, repolling fd = 7
Socket not ready, repolling fd = 7
Socket not ready, repolling fd = 7
Socket not ready, repolling fd = 7
Socket not ready, repolling fd = 7
Socket not ready, repolling fd = 7
Socket not ready, repolling fd = 7
Socket not ready, repolling fd = 7
Socket not ready, repolling fd = 7
Socket not ready, repolling fd = 7
Socket not ready, repolling fd = 7
Socket not ready, repolling fd = 7
Socket not ready, repolling fd = 7
Socket not ready, repolling fd = 7
Socket not ready, repolling fd = 7
Socket not ready, repolling fd = 7
Socket not ready, repolling fd = 7
Socket not ready, repolling fd = 7
Socket not ready, repolling fd = 7
Socket not ready, repolling fd = 7
Socket not ready, repolling fd = 7
Socket not ready, repolling fd = 7
Socket not ready, repolling fd = 7
Socket not ready, repolling fd = 7
Socket not ready, repolling fd = 7
Socket not ready, repolling fd = 7
Socket not ready, repolling fd = 7
Socket not ready, repolling fd = 7
Socket not ready, repolling fd = 7
Socket not ready, repolling fd = 7
Socket not ready, repolling fd = 7
Socket not ready, repolling fd = 7
Socket not ready, repolling fd = 7
Socket not ready, repolling fd = 7
Socket not ready, repolling fd = 7
Socket not ready, repolling fd = 7
Socket not ready, repolling fd = 7
Socket not ready, repolling fd = 7
Socket not ready, repolling fd = 7
Socket not ready, repolling fd = 7
Socket not ready, repolling fd = 7
Socket not ready, repolling fd = 7
Socket not ready, repolling fd = 7
Socket not ready, repolling fd = 7
Socket not ready, repolling fd = 7
Socket not ready, repolling fd = 7
Socket not ready, repolling fd = 7
Socket not ready, repolling fd = 7
Socket not ready, repolling fd = 7
Socket not ready, repolling fd = 7
Socket not ready, repolling fd = 7
Socket not ready, repolling fd = 7
Socket not ready, repolling fd = 7
Socket not ready, repolling fd = 7
Socket not ready, repolling fd = 7
Socket not ready, repolling fd = 7
Socket not ready, repolling fd = 7
Socket not ready, repolling fd = 7
Socket not ready, repolling fd = 7
Socket not ready, repolling fd = 7
Socket not ready, repolling fd = 7
Socket not ready, repolling fd = 7
Socket not ready, repolling fd = 7
Socket not ready, repolling fd = 7
Socket not ready, repolling fd = 7
Socket not ready, repolling fd = 7
Socket not ready, repolling fd = 7
Socket not ready, repolling fd = 7
Socket not ready, repolling fd = 7
Socket not ready, repolling fd = 7
Socket not ready, repolling fd = 7
Socket not ready, repolling fd = 7
Socket not ready, repolling fd = 7
Socket not ready, repolling fd = 7
Socket not ready, repolling fd = 7
Socket not ready, repolling fd = 7
Socket not ready, repolling fd = 7
Socket not ready, repolling fd = 7
Socket not ready, repolling fd = 7
Socket not ready, repolling fd = 7
Socket not ready, repolling fd = 7
Socket not ready, repolling fd = 7
Socket not ready, repolling fd = 7
Socket not ready, repolling fd = 7
Socket not ready, repolling fd = 7
Socket not ready, repolling fd = 7
Socket not ready, repolling fd = 7
Socket not ready, repolling fd = 7
Socket not ready, repolling fd = 7
Socket not ready, repolling fd = 7
Socket not ready, repolling fd = 7
Socket not ready, repolling fd = 8
Socket not ready, repolling fd = 9
Socket not ready, repolling fd = 9
Socket not ready, repolling fd = 9
Socket not ready, repolling fd = 9
Socket not ready, repolling fd = 9
Socket not ready, repolling fd = 9
Socket not ready, repolling fd = 9
Socket not ready, repolling fd = 9
Socket not ready, repolling fd = 9
Socket not ready, repolling fd = 9
Socket not ready, repolling fd = 9
Socket not ready, repolling fd = 9
Socket not ready, repolling fd = 9
Socket not ready, repolling fd = 9
Socket not ready, repolling fd = 9
Socket not ready, repolling fd = 9
Socket not ready, repolling fd = 9
Socket not ready, repolling fd = 9
Socket not ready, repolling fd = 9
Socket not ready, repolling fd = 9
Socket not ready, repolling fd = 9
Socket not ready, repolling fd = 9
Socket not ready, repolling fd = 9
Socket not ready, repolling fd = 9
Socket not ready, repolling fd = 9
Socket not ready, repolling fd = 9
Socket not ready, repolling fd = 9
Socket not ready, repolling fd = 9
Socket not ready, repolling fd = 9
Socket not ready, repolling fd = 9
Socket not ready, repolling fd = 9
Socket not ready, repolling fd = 9
Socket not ready, repolling fd = 9
Socket not ready, repolling fd = 9
Socket not ready, repolling fd = 9
Socket not ready, repolling fd = 9
Socket not ready, repolling fd = 9
Socket not ready, repolling fd = 9
Socket not ready, repolling fd = 9
Socket not ready, repolling fd = 9
Socket not ready, repolling fd = 9
Socket not ready, repolling fd = 9
Socket not ready, repolling fd = 9
Socket not ready, repolling fd = 9
Socket not ready, repolling fd = 9
Socket not ready, repolling fd = 9
Socket not ready, repolling fd = 9
Socket not ready, repolling fd = 9
Socket not ready, repolling fd = 9
Socket not ready, repolling fd = 9
Socket not ready, repolling fd = 9
Socket not ready, repolling fd = 9
Socket not ready, repolling fd = 9
Socket not ready, repolling fd = 9
Socket not ready, repolling fd = 9
Socket not ready, repolling fd = 9
Socket not ready, repolling fd = 9
Socket not ready, repolling fd = 9
Socket not ready, repolling fd = 9
Socket not ready, repolling fd = 9
Socket not ready, repolling fd = 9
Socket not ready, repolling fd = 9
Socket not ready, repolling fd = 9
Socket not ready, repolling fd = 9
Socket not ready, repolling fd = 9
Socket not ready, repolling fd = 9
Socket not ready, repolling fd = 9
Socket not ready, repolling fd = 9
Socket not ready, repolling fd = 9
Socket not ready, repolling fd = 9
Socket not ready, repolling fd = 9
Socket not ready, repolling fd = 9
Socket not ready, repolling fd = 9
Socket not ready, repolling fd = 9
Socket not ready, repolling fd = 9
Socket not ready, repolling fd = 9
Socket not ready, repolling fd = 9
Socket not ready, repolling fd = 9
Socket not ready, repolling fd = 9
Socket not ready, repolling fd = 9
Socket not ready, repolling fd = 9
Socket not ready, repolling fd = 9
Socket not ready, repolling fd = 9
Socket not ready, repolling fd = 9
Socket not ready, repolling fd = 9
Socket not ready, repolling fd = 9
Socket not ready, repolling fd = 9
Socket not ready, repolling fd = 9
Socket not ready, repolling fd = 9
Socket not ready, repolling fd = 9
Socket not ready, repolling fd = 9
Socket not ready, repolling fd = 9
Socket not ready, repolling fd = 9
Socket not ready, repolling fd = 9
Socket not ready, repolling fd = 9
Socket not ready, repolling fd = 9
Socket not ready, repolling fd = 9
Socket not ready, repolling fd = 9
Socket not ready, repolling fd = 9
Socket not ready, repolling fd = 9
Socket not ready, repolling fd = 9
Socket not ready, repolling fd = 9
Socket not ready, repolling fd = 9
Socket not ready, repolling fd = 9
Socket not ready, repolling fd = 9
Socket not ready, repolling fd = 9
Socket not ready, repolling fd = 9
Socket not ready, repolling fd = 9
Socket not ready, repolling fd = 9
Socket not ready, repolling fd = 9
Socket not ready, repolling fd = 9
Socket not ready, repolling fd = 9
Socket not ready, repolling fd = 9
Socket not ready, repolling fd = 9
Socket not ready, repolling fd = 9
Socket not ready, repolling fd = 9
Socket not ready, repolling fd = 9
Socket not ready, repolling fd = 9
Socket not ready, repolling fd = 9
Socket not ready, repolling fd = 9
Socket not ready, repolling fd = 9
Socket not ready, repolling fd = 9
Socket not ready, repolling fd = 9
Socket not ready, repolling fd = 9
Socket not ready, repolling fd = 9
Socket not ready, repolling fd = 9
Socket not ready, repolling fd = 9
Socket not ready, repolling fd = 9
Socket not ready, repolling fd = 9
Socket not ready, repolling fd = 9
Socket not ready, repolling fd = 9
Socket not ready, repolling fd = 9
Socket not ready, repolling fd = 9
Socket not ready, repolling fd = 9
Socket not ready, repolling fd = 9
Socket not ready, repolling fd = 9
Socket not ready, repolling fd = 9
Socket not ready, repolling fd = 9
Socket not ready, repolling fd = 9
Socket not ready, repolling fd = 9
Socket not ready, repolling fd = 9
Socket not ready, repolling fd = 9
Socket not ready, repolling fd = 9
Socket not ready, repolling fd = 9
Socket not ready, repolling fd = 9
Socket not ready, repolling fd = 9
Socket not ready, repolling fd = 9
Socket not ready, repolling fd = 9
Socket not ready, repolling fd = 9
Socket not ready, repolling fd = 9
Socket not ready, repolling fd = 9
Socket not ready, repolling fd = 9
Socket not ready, repolling fd = 9
Socket not ready, repolling fd = 9
Socket not ready, repolling fd = 9
Socket not ready, repolling fd = 9
Socket not ready, repolling fd = 9
Socket not ready, repolling fd = 9
Socket not ready, repolling fd = 9
Socket not ready, repolling fd = 9
Socket not ready, repolling fd = 9
Socket not ready, repolling fd = 7
Socket not ready, repolling fd = 7
Socket not ready, repolling fd = 7
Socket not ready, repolling fd = 7
Socket not ready, repolling fd = 7
Socket not ready, repolling fd = 7
Socket not ready, repolling fd = 7
Socket not ready, repolling fd = 7
Socket not ready, repolling fd = 7
Socket not ready, repolling fd = 7
Socket not ready, repolling fd = 7
Socket not ready, repolling fd = 7
Socket not ready, repolling fd = 7
Socket not ready, repolling fd = 7
Socket not ready, repolling fd = 7
Socket not ready, repolling fd = 7
Socket not ready, repolling fd = 7
Socket not ready, repolling fd = 7
Socket not ready, repolling fd = 7
Socket not ready, repolling fd = 7
Socket not ready, repolling fd = 7
Socket not ready, repolling fd = 7
Socket not ready, repolling fd = 7
Socket not ready, repolling fd = 7
Socket not ready, repolling fd = 7
Socket not ready, repolling fd = 7
Socket not ready, repolling fd = 7
Socket not ready, repolling fd = 7
Socket not ready, repolling fd = 7
Socket not ready, repolling fd = 7
Socket not ready, repolling fd = 7
Socket not ready, repolling fd = 7
Socket not ready, repolling fd = 7
Socket not ready, repolling fd = 7
Socket not ready, repolling fd = 7
Socket not ready, repolling fd = 7
Socket not ready, repolling fd = 7
Socket not ready, repolling fd = 7
Socket not ready, repolling fd = 7
Socket not ready, repolling fd = 7
Socket not ready, repolling fd = 7
Socket not ready, repolling fd = 7
Socket not ready, repolling fd = 7
Socket not ready, repolling fd = 7
Socket not ready, repolling fd = 7
Socket not ready, repolling fd = 7
Socket not ready, repolling fd = 7
Socket not ready, repolling fd = 7
Socket not ready, repolling fd = 7
Socket not ready, repolling fd = 7
Socket not ready, repolling fd = 7
Socket not ready, repolling fd = 7
Socket not ready, repolling fd = 7
Socket not ready, repolling fd = 7
Socket not ready, repolling fd = 7
Socket not ready, repolling fd = 7
Socket not ready, repolling fd = 7
Socket not ready, repolling fd = 7
Socket not ready, repolling fd = 7
Socket not ready, repolling fd = 7
Socket not ready, repolling fd = 7
Socket not ready, repolling fd = 7
Socket not ready, repolling fd = 7
Socket not ready, repolling fd = 7
Socket not ready, repolling fd = 7
Socket not ready, repolling fd = 7
Socket not ready, repolling fd = 7
Socket not ready, repolling fd = 7
Socket not ready, repolling fd = 7
Socket not ready, repolling fd = 7
Socket not ready, repolling fd = 7
Socket not ready, repolling fd = 7
Socket not ready, repolling fd = 7
Socket not ready, repolling fd = 7
Socket not ready, repolling fd = 7
Socket not ready, repolling fd = 7
Socket not ready, repolling fd = 7
Socket not ready, repolling fd = 7
Socket not ready, repolling fd = 7
Socket not ready, repolling fd = 7
Socket not ready, repolling fd = 7
Socket not ready, repolling fd = 7
Socket not ready, repolling fd = 7
Socket not ready, repolling fd = 7
Socket not ready, repolling fd = 7
Socket not ready, repolling fd = 7
Socket not ready, repolling fd = 7
Socket not ready, repolling fd = 7
Socket not ready, repolling fd = 7
Socket not ready, repolling fd = 7
Socket not ready, repolling fd = 7
Socket not ready, repolling fd = 7
Socket not ready, repolling fd = 7
Socket not ready, repolling fd = 7
Socket not ready, repolling fd = 7
Socket not ready, repolling fd = 7
Socket not ready, repolling fd = 7
Socket not ready, repolling fd = 7
Socket not ready, repolling fd = 7
Socket not ready, repolling fd = 7
Socket not ready, repolling fd = 7
Socket not ready, repolling fd = 7
Socket not ready, repolling fd = 7
Socket not ready, repolling fd = 7
Socket not ready, repolling fd = 7
Socket not ready, repolling fd = 7
Socket not ready, repolling fd = 7
Socket not ready, repolling fd = 7
Socket not ready, repolling fd = 7
Socket not ready, repolling fd = 7
Socket not ready, repolling fd = 7
Socket not ready, repolling fd = 7
Socket not ready, repolling fd = 7
Socket not ready, repolling fd = 7
Socket not ready, repolling fd = 7
Socket not ready, repolling fd = 7
Socket not ready, repolling fd = 7
Socket not ready, repolling fd = 7
Socket not ready, repolling fd = 7
Socket not ready, repolling fd = 7
Socket not ready, repolling fd = 7
Socket not ready, repolling fd = 7
Socket not ready, repolling fd = 7
Socket not ready, repolling fd = 7
Socket not ready, repolling fd = 7
Socket not ready, repolling fd = 7
Socket not ready, repolling fd = 7
Socket not ready, repolling fd = 7
Socket not ready, repolling fd = 7
Socket not ready, repolling fd = 7
Socket not ready, repolling fd = 7
Socket not ready, repolling fd = 7
Socket not ready, repolling fd = 7
Socket not ready, repolling fd = 7
Socket not ready, repolling fd = 7
Socket not ready, repolling fd = 7
Socket not ready, repolling fd = 7
Socket not ready, repolling fd = 7
Socket not ready, repolling fd = 7
Socket not ready, repolling fd = 7
Socket not ready, repolling fd = 7
Socket not ready, repolling fd = 7
Socket not ready, repolling fd = 7
Socket not ready, repolling fd = 7
Socket not ready, repolling fd = 7
Socket not ready, repolling fd = 7
Socket not ready, repolling fd = 7
Socket not ready, repolling fd = 7
Socket not ready, repolling fd = 7
Socket not ready, repolling fd = 7
Socket not ready, repolling fd = 7
Socket not ready, repolling fd = 7
Socket not ready, repolling fd = 7
Socket not ready, repolling fd = 7
Socket not ready, repolling fd = 7
Socket not ready, repolling fd = 7
Socket not ready, repolling fd = 7
Socket not ready, repolling fd = 7
Socket not ready, repolling fd = 7
Socket not ready, repolling fd = 7
Socket not ready, repolling fd = 7
Socket not ready, repolling fd = 7
Socket not ready, repolling fd = 7
Socket not ready, repolling fd = 7
Socket not ready, repolling fd = 7
Socket not ready, repolling fd = 7
Socket not ready, repolling fd = 7
Socket not ready, repolling fd = 7
Socket not ready, repolling fd = 7
Socket not ready, repolling fd = 7
Socket not ready, repolling fd = 7
Socket not ready, repolling fd = 7
Socket not ready, repolling fd = 7
Socket not ready, repolling fd = 7
Socket not ready, repolling fd = 7
Socket not ready, repolling fd = 7
Socket not ready, repolling fd = 7
Socket not ready, repolling fd = 7
Socket not ready, repolling fd = 7
Socket not ready, repolling fd = 7
Socket not ready, repolling fd = 7
Socket not ready, repolling fd = 7
Socket not ready, repolling fd = 7
Socket not ready, repolling fd = 7
Socket not ready, repolling fd = 7
Socket not ready, repolling fd = 7
Socket not ready, repolling fd = 7
Socket not ready, repolling fd = 7
Socket not ready, repolling fd = 7
Socket not ready, repolling fd = 7
Socket not ready, repolling fd = 7
Socket not ready, repolling fd = 7
Socket not ready, repolling fd = 7
Socket not ready, repolling fd = 7
Socket not ready, repolling fd = 7
Socket not ready, repolling fd = 7
Socket not ready, repolling fd = 7
Socket not ready, repolling fd = 7
Socket not ready, repolling fd = 7
Socket not ready, repolling fd = 7
Socket not ready, repolling fd = 7
Socket not ready, repolling fd = 9
Socket not ready, repolling fd = 9
Socket not ready, repolling fd = 9
Socket not ready, repolling fd = 9
Socket not ready, repolling fd = 9
Socket not ready, repolling fd = 9
Socket not ready, repolling fd = 9
Socket not ready, repolling fd = 9
Socket not ready, repolling fd = 9
Socket not ready, repolling fd = 9
Socket not ready, repolling fd = 9
Socket not ready, repolling fd = 9
Socket not ready, repolling fd = 9
Socket not ready, repolling fd = 9
Socket not ready, repolling fd = 9
Socket not ready, repolling fd = 9
Socket not ready, repolling fd = 9
Socket not ready, repolling fd = 9
Socket not ready, repolling fd = 9
Socket not ready, repolling fd = 9
Socket not ready, repolling fd = 9
Socket not ready, repolling fd = 9
Socket not ready, repolling fd = 9
Socket not ready, repolling fd = 9
Socket not ready, repolling fd = 9
Socket not ready, repolling fd = 9
Socket not ready, repolling fd = 9
Socket not ready, repolling fd = 9
Socket not ready, repolling fd = 9
Socket not ready, repolling fd = 9
Socket not ready, repolling fd = 9
Socket not ready, repolling fd = 9
Socket not ready, repolling fd = 9
Socket not ready, repolling fd = 9
Socket not ready, repolling fd = 9
Socket not ready, repolling fd = 9
Socket not ready, repolling fd = 9
Socket not ready, repolling fd = 9
Socket not ready, repolling fd = 9
Socket not ready, repolling fd = 9
Socket not ready, repolling fd = 9
Socket not ready, repolling fd = 9
Socket not ready, repolling fd = 9
Socket not ready, repolling fd = 9
Socket not ready, repolling fd = 9
Socket not ready, repolling fd = 9
Socket not ready, repolling fd = 9
Socket not ready, repolling fd = 9
Socket not ready, repolling fd = 9
Socket not ready, repolling fd = 9
Socket not ready, repolling fd = 9
Socket not ready, repolling fd = 9
Socket not ready, repolling fd = 9
Socket not ready, repolling fd = 9
Socket not ready, repolling fd = 9
Socket not ready, repolling fd = 9
Socket not ready, repolling fd = 9
Socket not ready, repolling fd = 9
Socket not ready, repolling fd = 9
Socket not ready, repolling fd = 9
Socket not ready, repolling fd = 9
Socket not ready, repolling fd = 9
Socket not ready, repolling fd = 9
Socket not ready, repolling fd = 9
Socket not ready, repolling fd = 9
Socket not ready, repolling fd = 9
Socket not ready, repolling fd = 9
Socket not ready, repolling fd = 9
Socket not ready, repolling fd = 9
Socket not ready, repolling fd = 9
Socket not ready, repolling fd = 9
Socket not ready, repolling fd = 9
Socket not ready, repolling fd = 9
Socket not ready, repolling fd = 9
Socket not ready, repolling fd = 9
Socket not ready, repolling fd = 9
Socket not ready, repolling fd = 9
Socket not ready, repolling fd = 9
Socket not ready, repolling fd = 9
Socket not ready, repolling fd = 9
Socket not ready, repolling fd = 9
Socket not ready, repolling fd = 9
Socket not ready, repolling fd = 9
Socket not ready, repolling fd = 9
Socket not ready, repolling fd = 9
Socket not ready, repolling fd = 9
Socket not ready, repolling fd = 9
Socket not ready, repolling fd = 9
Socket not ready, repolling fd = 9
Socket not ready, repolling fd = 9
Socket not ready, repolling fd = 9
Socket not ready, repolling fd = 9
Socket not ready, repolling fd = 9
Socket not ready, repolling fd = 9
Socket not ready, repolling fd = 9
Socket not ready, repolling fd = 9
Socket not ready, repolling fd = 9
Socket not ready, repolling fd = 9
Socket not ready, repolling fd = 9
Socket not ready, repolling fd = 9
Socket not ready, repolling fd = 9
Socket not ready, repolling fd = 9
Socket not ready, repolling fd = 9
Socket not ready, repolling fd = 9
Socket not ready, repolling fd = 9
Socket not ready, repolling fd = 9
Socket not ready, repolling fd = 9
Socket not ready, repolling fd = 9
Socket not ready, repolling fd = 9
Socket not ready, repolling fd = 9
Socket not ready, repolling fd = 9
Socket not ready, repolling fd = 9
Socket not ready, repolling fd = 9
Socket not ready, repolling fd = 9
Socket not ready, repolling fd = 9
Socket not ready, repolling fd = 9
Socket not ready, repolling fd = 9
Socket not ready, repolling fd = 9
Socket not ready, repolling fd = 9
Socket not ready, repolling fd = 9
Socket not ready, repolling fd = 9
Socket not ready, repolling fd = 9
Socket not ready, repolling fd = 9
Socket not ready, repolling fd = 9
Socket not ready, repolling fd = 9
Socket not ready, repolling fd = 9
Socket not ready, repolling fd = 9
Socket not ready, repolling fd = 9
Socket not ready, repolling fd = 9
Socket not ready, repolling fd = 9
Socket not ready, repolling fd = 9
Socket not ready, repolling fd = 9
Socket not ready, repolling fd = 9
Socket not ready, repolling fd = 9
Socket not ready, repolling fd = 9
Socket not ready, repolling fd = 9
Socket not ready, repolling fd = 9
Socket not ready, repolling fd = 9
Socket not ready, repolling fd = 9
Socket not ready, repolling fd = 9
Socket not ready, repolling fd = 9
Socket not ready, repolling fd = 9
Socket not ready, repolling fd = 9
Socket not ready, repolling fd = 9
Socket not ready, repolling fd = 9
Socket not ready, repolling fd = 9
Socket not ready, repolling fd = 9
Socket not ready, repolling fd = 9
Socket not ready, repolling fd = 9
Socket not ready, repolling fd = 9
Socket not ready, repolling fd = 9
Socket not ready, repolling fd = 9
Socket not ready, repolling fd = 9
Socket not ready, repolling fd = 9
Socket not ready, repolling fd = 9
Socket not ready, repolling fd = 9
Socket not ready, repolling fd = 9
Socket not ready, repolling fd = 9
Socket not ready, repolling fd = 9
Socket not ready, repolling fd = 9
Socket not ready, repolling fd = 9
Socket not ready, repolling fd = 9
Socket not ready, repolling fd = 9
Socket not ready, repolling fd = 9
Socket not ready, repolling fd = 9
Socket not ready, repolling fd = 9
Socket not ready, repolling fd = 9
Socket not ready, repolling fd = 9
Socket not ready, repolling fd = 9
Socket not ready, repolling fd = 9
Socket not ready, repolling fd = 9
Socket not ready, repolling fd = 9
Socket not ready, repolling fd = 9
Socket not ready, repolling fd = 9
Socket not ready, repolling fd = 9
Socket not ready, repolling fd = 9
Socket not ready, repolling fd = 9
Socket not ready, repolling fd = 9
Socket not ready, repolling fd = 9
Socket not ready, repolling fd = 9
Socket not ready, repolling fd = 9
Socket not ready, repolling fd = 9
Socket not ready, repolling fd = 9
Socket not ready, repolling fd = 9
Socket not ready, repolling fd = 9
Socket not ready, repolling fd = 9
Socket not ready, repolling fd = 9
Socket not ready, repolling fd = 9
Socket not ready, repolling fd = 9
Socket not ready, repolling fd = 9
Socket not ready, repolling fd = 9
Socket not ready, repolling fd = 9
Socket not ready, repolling fd = 9
Socket not ready, repolling fd = 9
Socket not ready, repolling fd = 9
Socket not ready, repolling fd = 9
Socket not ready, repolling fd = 9
Socket not ready, repolling fd = 9
Socket not ready, repolling fd = 9
Socket not ready, repolling fd = 9
Socket not ready, repolling fd = 9
Socket not ready, repolling fd = 9
Socket not ready, repolling fd = 9
Socket not ready, repolling fd = 9
Socket not ready, repolling fd = 9
Socket not ready, repolling fd = 9
Socket not ready, repolling fd = 9
Socket not ready, repolling fd = 9
Socket not ready, repolling fd = 9
Socket not ready, repolling fd = 9
Socket not ready, repolling fd = 9
Socket not ready, repolling fd = 9
Socket not ready, repolling fd = 9
Socket not ready, repolling fd = 9
Socket not ready, repolling fd = 9
Socket not ready, repolling fd = 9
Socket not ready, repolling fd = 9
Socket not ready, repolling fd = 9
Socket not ready, repolling fd = 9
Socket not ready, repolling fd = 9
Socket not ready, repolling fd = 9
Socket not ready, repolling fd = 9
Socket not ready, repolling fd = 9
Socket not ready, repolling fd = 9
Socket not ready, repolling fd = 9
Socket not ready, repolling fd = 9
Socket not ready, repolling fd = 9
Socket not ready, repolling fd = 9
Socket not ready, repolling fd = 9
Socket not ready, repolling fd = 9
Socket not ready, repolling fd = 9
Socket not ready, repolling fd = 9
Socket not ready, repolling fd = 9
Socket not ready, repolling fd = 9
Socket not ready, repolling fd = 9
Socket not ready, repolling fd = 9
Socket not ready, repolling fd = 9
Socket not ready, repolling fd = 9
Socket not ready, repolling fd = 9
Socket not ready, repolling fd = 9
Socket not ready, repolling fd = 9
Socket not ready, repolling fd = 9
Socket not ready, repolling fd = 9
Socket not ready, repolling fd = 9
Socket not ready, repolling fd = 9
Socket not ready, repolling fd = 9
Socket not ready, repolling fd = 9
Socket not ready, repolling fd = 9
Socket not ready, repolling fd = 9
Socket not ready, repolling fd = 9
Socket not ready, repolling fd = 9
Socket not ready, repolling fd = 9
Socket not ready, repolling fd = 9
Socket not ready, repolling fd = 9
Socket not ready, repolling fd = 9
Socket not ready, repolling fd = 9
Socket not ready, repolling fd = 9
Socket not ready, repolling fd = 9
Socket not ready, repolling fd = 9
Socket not ready, repolling fd = 9
Socket not ready, repolling fd = 9
Socket not ready, repolling fd = 9
Socket not ready, repolling fd = 9
Socket not ready, repolling fd = 9
Socket not ready, repolling fd = 9
Socket not ready, repolling fd = 9
Socket not ready, repolling fd = 9
Socket not ready, repolling fd = 9
Socket not ready, repolling fd = 9
Socket not ready, repolling fd = 9
Socket not ready, repolling fd = 9
Socket not ready, repolling fd = 9
Socket not ready, repolling fd = 9
Socket not ready, repolling fd = 9
Socket not ready, repolling fd = 9
Socket not ready, repolling fd = 9
Socket not ready, repolling fd = 9
Socket not ready, repolling fd = 9
Socket not ready, repolling fd = 9
Socket not ready, repolling fd = 9
Socket not ready, repolling fd = 9
Socket not ready, repolling fd = 9
Socket not ready, repolling fd = 9
Socket not ready, repolling fd = 9
Socket not ready, repolling fd = 9
Socket not ready, repolling fd = 9
Socket not ready, repolling fd = 9
Socket not ready, repolling fd = 9
Socket not ready, repolling fd = 9
Socket not ready, repolling fd = 9
Socket not ready, repolling fd = 9
Socket not ready, repolling fd = 9
Socket not ready, repolling fd = 9
Socket not ready, repolling fd = 9
Socket not ready, repolling fd = 9
Socket not ready, repolling fd = 9
Socket not ready, repolling fd = 9
Socket not ready, repolling fd = 9
Socket not ready, repolling fd = 9
Socket not ready, repolling fd = 9
Socket not ready, repolling fd = 9
Socket not ready, repolling fd = 9
Socket not ready, repolling fd = 9
Socket not ready, repolling fd = 9
Socket not ready, repolling fd = 9
Socket not ready, repolling fd = 9
Socket not ready, repolling fd = 9
Socket not ready, repolling fd = 9
Socket not ready, repolling fd = 9
Socket not ready, repolling fd = 9
Socket not ready, repolling fd = 9
Socket not ready, repolling fd = 9
Socket not ready, repolling fd = 9
Socket not ready, repolling fd = 9
Socket not ready, repolling fd = 9
Socket not ready, repolling fd = 9
Socket not ready, repolling fd = 9
Socket not ready, repolling fd = 9
Socket not ready, repolling fd = 9
Socket not ready, repolling fd = 9
Socket not ready, repolling fd = 9
Socket not ready, repolling fd = 9
Socket not ready, repolling fd = 9
Socket not ready, repolling fd = 9
Socket not ready, repolling fd = 9
Socket not ready, repolling fd = 9
Socket not ready, repolling fd = 9
Socket not ready, repolling fd = 9
Socket not ready, repolling fd = 9
Socket not ready, repolling fd = 9
Socket not ready, repolling fd = 9
Socket not ready, repolling fd = 9
Socket not ready, repolling fd = 9
Socket not ready, repolling fd = 9
Socket not ready, repolling fd = 9
Socket not ready, repolling fd = 9
Socket not ready, repolling fd = 9
Socket not ready, repolling fd = 9
Socket not ready, repolling fd = 9
Socket not ready, repolling fd = 9
Socket not ready, repolling fd = 7
Socket not ready, repolling fd = 7
Socket not ready, repolling fd = 7
Socket not ready, repolling fd = 7
Socket not ready, repolling fd = 7
Socket not ready, repolling fd = 7
Socket not ready, repolling fd = 7
Socket not ready, repolling fd = 7
Socket not ready, repolling fd = 7
Socket not ready, repolling fd = 7
Socket not ready, repolling fd = 7
Socket not ready, repolling fd = 7
Socket not ready, repolling fd = 7
Socket not ready, repolling fd = 7
Socket not ready, repolling fd = 7
Socket not ready, repolling fd = 7
Socket not ready, repolling fd = 7
Socket not ready, repolling fd = 7
Socket not ready, repolling fd = 7
Socket not ready, repolling fd = 7
Socket not ready, repolling fd = 7
Socket not ready, repolling fd = 7
Socket not ready, repolling fd = 7
Socket not ready, repolling fd = 7
Socket not ready, repolling fd = 7
Socket not ready, repolling fd = 7
Socket not ready, repolling fd = 7
Socket not ready, repolling fd = 7
Socket not ready, repolling fd = 7
Socket not ready, repolling fd = 7
Socket not ready, repolling fd = 7
Socket not ready, repolling fd = 7
Socket not ready, repolling fd = 7
Socket not ready, repolling fd = 7
Socket not ready, repolling fd = 7
Socket not ready, repolling fd = 7
Socket not ready, repolling fd = 7
Socket not ready, repolling fd = 7
Socket not ready, repolling fd = 7
Socket not ready, repolling fd = 7
Socket not ready, repolling fd = 7
Socket not ready, repolling fd = 7
Socket not ready, repolling fd = 7
Socket not ready, repolling fd = 7
Socket not ready, repolling fd = 7
Socket not ready, repolling fd = 7
Socket not ready, repolling fd = 7
Socket not ready, repolling fd = 7
Socket not ready, repolling fd = 7
Socket not ready, repolling fd = 7
Socket not ready, repolling fd = 7
Socket not ready, repolling fd = 7
Socket not ready, repolling fd = 7
Socket not ready, repolling fd = 7
Socket not ready, repolling fd = 7
Socket not ready, repolling fd = 7
Socket not ready, repolling fd = 7
Socket not ready, repolling fd = 7
Socket not ready, repolling fd = 7
Socket not ready, repolling fd = 7
Socket not ready, repolling fd = 7
Socket not ready, repolling fd = 7
Socket not ready, repolling fd = 7
Socket not ready, repolling fd = 7
Socket not ready, repolling fd = 7
Socket not ready, repolling fd = 7
Socket not ready, repolling fd = 7
Socket not ready, repolling fd = 7
Socket not ready, repolling fd = 7
Socket not ready, repolling fd = 7
Socket not ready, repolling fd = 7
Socket not ready, repolling fd = 7
Socket not ready, repolling fd = 7
Socket not ready, repolling fd = 7
Socket not ready, repolling fd = 7
Socket not ready, repolling fd = 7
Socket not ready, repolling fd = 7
Socket not ready, repolling fd = 7
Socket not ready, repolling fd = 7
Socket not ready, repolling fd = 7
Socket not ready, repolling fd = 7
Socket not ready, repolling fd = 7
Socket not ready, repolling fd = 7
Socket not ready, repolling fd = 7
Socket not ready, repolling fd = 7
Socket not ready, repolling fd = 7
Socket not ready, repolling fd = 7
Socket not ready, repolling fd = 7
Socket not ready, repolling fd = 7
Socket not ready, repolling fd = 7
Socket not ready, repolling fd = 7
Socket not ready, repolling fd = 7
Socket not ready, repolling fd = 7
Socket not ready, repolling fd = 7
Socket not ready, repolling fd = 7
Socket not ready, repolling fd = 7
Socket not ready, repolling fd = 7
Socket not ready, repolling fd = 7
Socket not ready, repolling fd = 7
Socket not ready, repolling fd = 7
Socket not ready, repolling fd = 7
Socket not ready, repolling fd = 7
Socket not ready, repolling fd = 7
Socket not ready, repolling fd = 7
Socket not ready, repolling fd = 7
Socket not ready, repolling fd = 7
Socket not ready, repolling fd = 7
Socket not ready, repolling fd = 7
Socket not ready, repolling fd = 7
Socket not ready, repolling fd = 7
Socket not ready, repolling fd = 7
Socket not ready, repolling fd = 7
Socket not ready, repolling fd = 7
Socket not ready, repolling fd = 7
Socket not ready, repolling fd = 7
Socket not ready, repolling fd = 7
Socket not ready, repolling fd = 7
Socket not ready, repolling fd = 7
Socket not ready, repolling fd = 7
Socket not ready, repolling fd = 7
Socket not ready, repolling fd = 7
Socket not ready, repolling fd = 7
Socket not ready, repolling fd = 7
Socket not ready, repolling fd = 7
Socket not ready, repolling fd = 7
Socket not ready, repolling fd = 7
Socket not ready, repolling fd = 7
Socket not ready, repolling fd = 7
Socket not ready, repolling fd = 7
Socket not ready, repolling fd = 7
Socket not ready, repolling fd = 7
Socket not ready, repolling fd = 7
Socket not ready, repolling fd = 7
Socket not ready, repolling fd = 7
Socket not ready, repolling fd = 7
Socket not ready, repolling fd = 7
Socket not ready, repolling fd = 7
Socket not ready, repolling fd = 7
Socket not ready, repolling fd = 7
Socket not ready, repolling fd = 7
Socket not ready, repolling fd = 7
Socket not ready, repolling fd = 7
Socket not ready, repolling fd = 7
Socket not ready, repolling fd = 7
Socket not ready, repolling fd = 7
Socket not ready, repolling fd = 7
Socket not ready, repolling fd = 7
Socket not ready, repolling fd = 7
Socket not ready, repolling fd = 7
Socket not ready, repolling fd = 7
Socket not ready, repolling fd = 7
Socket not ready, repolling fd = 7
Socket not ready, repolling fd = 7
Socket not ready, repolling fd = 7
Socket not ready, repolling fd = 7
Socket not ready, repolling fd = 7
Socket not ready, repolling fd = 7
Socket not ready, repolling fd = 7
Socket not ready, repolling fd = 7
Socket not ready, repolling fd = 7
Socket not ready, repolling fd = 7
Socket not ready, repolling fd = 7
Socket not ready, repolling fd = 7
Socket not ready, repolling fd = 7
Socket not ready, repolling fd = 7
Socket not ready, repolling fd = 7
Socket not ready, repolling fd = 7
Socket not ready, repolling fd = 7
Socket not ready, repolling fd = 7
Socket not ready, repolling fd = 7
Socket not ready, repolling fd = 7
Socket not ready, repolling fd = 7
Socket not ready, repolling fd = 7
Socket not ready, repolling fd = 7
Socket not ready, repolling fd = 7
Socket not ready, repolling fd = 7
Socket not ready, repolling fd = 7
Socket not ready, repolling fd = 7
Socket not ready, repolling fd = 7
Socket not ready, repolling fd = 7
Socket not ready, repolling fd = 7
Socket not ready, repolling fd = 7
Socket not ready, repolling fd = 7
Socket not ready, repolling fd = 7
Socket not ready, repolling fd = 7
Socket not ready, repolling fd = 7
Socket not ready, repolling fd = 7
Socket not ready, repolling fd = 7
Socket not ready, repolling fd = 7
Socket not ready, repolling fd = 7
Socket not ready, repolling fd = 7
Socket not ready, repolling fd = 7
Socket not ready, repolling fd = 7
Socket not ready, repolling fd = 7
Socket not ready, repolling fd = 7
Socket not ready, repolling fd = 7
Socket not ready, repolling fd = 7
Socket not ready, repolling fd = 7
Socket not ready, repolling fd = 7
Socket not ready, repolling fd = 7
Socket not ready, repolling fd = 7
Socket not ready, repolling fd = 7
Socket not ready, repolling fd = 7
Socket not ready, repolling fd = 7
Socket not ready, repolling fd = 7
Socket not ready, repolling fd = 7
Socket not ready, repolling fd = 7
Socket not ready, repolling fd = 7
Socket not ready, repolling fd = 7
Socket not ready, repolling fd = 7
Socket not ready, repolling fd = 7
Socket not ready, repolling fd = 7
Socket not ready, repolling fd = 7
Socket not ready, repolling fd = 7
Socket not ready, repolling fd = 7
Socket not ready, repolling fd = 7
Socket not ready, repolling fd = 7
Socket not ready, repolling fd = 7
Socket not ready, repolling fd = 7
Socket not ready, repolling fd = 7
Socket not ready, repolling fd = 7
Socket not ready, repolling fd = 7
Socket not ready, repolling fd = 7
Socket not ready, repolling fd = 7
Socket not ready, repolling fd = 7
Socket not ready, repolling fd = 7
Socket not ready, repolling fd = 7
Socket not ready, repolling fd = 7
Socket not ready, repolling fd = 7
Socket not ready, repolling fd = 7
Socket not ready, repolling fd = 7
Socket not ready, repolling fd = 7
Socket not ready, repolling fd = 7
Socket not ready, repolling fd = 7
Socket not ready, repolling fd = 7
Socket not ready, repolling fd = 7
Socket not ready, repolling fd = 7
Socket not ready, repolling fd = 7
Socket not ready, repolling fd = 7
Socket not ready, repolling fd = 7
Socket not ready, repolling fd = 7
Socket not ready, repolling fd = 7
Socket not ready, repolling fd = 7
Socket not ready, repolling fd = 7
Socket not ready, repolling fd = 7
Socket not ready, repolling fd = 7
Socket not ready, repolling fd = 7
Socket not ready, repolling fd = 7
Socket not ready, repolling fd = 7
Socket not ready, repolling fd = 7
Socket not ready, repolling fd = 7
Socket not ready, repolling fd = 7
Socket not ready, repolling fd = 7
Socket not ready, repolling fd = 7
Socket not ready, repolling fd = 7
Socket not ready, repolling fd = 7
Socket not ready, repolling fd = 7
Socket not ready, repolling fd = 7
Socket not ready, repolling fd = 7
Socket not ready, repolling fd = 7
Socket not ready, repolling fd = 7
Socket not ready, repolling fd = 7
Socket not ready, repolling fd = 7
Socket not ready, repolling fd = 7
Socket not ready, repolling fd = 7
Socket not ready, repolling fd = 7
Socket not ready, repolling fd = 7
Socket not ready, repolling fd = 7
Socket not ready, repolling fd = 7
Socket not ready, repolling fd = 7
Socket not ready, repolling fd = 7
Socket not ready, repolling fd = 7
Socket not ready, repolling fd = 7
Socket not ready, repolling fd = 7
Socket not ready, repolling fd = 7
Socket not ready, repolling fd = 7
Socket not ready, repolling fd = 7
Socket not ready, repolling fd = 7
Socket not ready, repolling fd = 7
Socket not ready, repolling fd = 7
Socket not ready, repolling fd = 7
Socket not ready, repolling fd = 7
Socket not ready, repolling fd = 7
Socket not ready, repolling fd = 7
Socket not ready, repolling fd = 7
Socket not ready, repolling fd = 7
Socket not ready, repolling fd = 7
Socket not ready, repolling fd = 7
Socket not ready, repolling fd = 7
Socket not ready, repolling fd = 7
Socket not ready, repolling fd = 7
Socket not ready, repolling fd = 7
Socket not ready, repolling fd = 7
Socket not ready, repolling fd = 7
Socket not ready, repolling fd = 7
Socket not ready, repolling fd = 7
Socket not ready, repolling fd = 7
Socket not ready, repolling fd = 7
Socket not ready, repolling fd = 7
Socket not ready, repolling fd = 7
Socket not ready, repolling fd = 7
Socket not ready, repolling fd = 7
Socket not ready, repolling fd = 7
Socket not ready, repolling fd = 7
Socket not ready, repolling fd = 7
Socket not ready, repolling fd = 7
Socket not ready, repolling fd = 7
Socket not ready, repolling fd = 7
Socket not ready, repolling fd = 7
Socket not ready, repolling fd = 7
Socket not ready, repolling fd = 7
Socket not ready, repolling fd = 7
Socket not ready, repolling fd = 7
Socket not ready, repolling fd = 7
Socket not ready, repolling fd = 7
Socket not ready, repolling fd = 7
Socket not ready, repolling fd = 7
Socket not ready, repolling fd = 7
Socket not ready, repolling fd = 7
Socket not ready, repolling fd = 7
Socket not ready, repolling fd = 7
Socket not ready, repolling fd = 7
Socket not ready, repolling fd = 7
Socket not ready, repolling fd = 7
Socket not ready, repolling fd = 7
Socket not ready, repolling fd = 7
Socket not ready, repolling fd = 7
Socket not ready, repolling fd = 7
Socket not ready, repolling fd = 7
Socket not ready, repolling fd = 7
Socket not ready, repolling fd = 7
Socket not ready, repolling fd = 7
Socket not ready, repolling fd = 7
Socket not ready, repolling fd = 7
Socket not ready, repolling fd = 7
Socket not ready, repolling fd = 7
Socket not ready, repolling fd = 7
Socket not ready, repolling fd = 7
Socket not ready, repolling fd = 7
Socket not ready, repolling fd = 7
Socket not ready, repolling fd = 7
Socket not ready, repolling fd = 7
Socket not ready, repolling fd = 7
Socket not ready, repolling fd = 7
Socket not ready, repolling fd = 7
Socket not ready, repolling fd = 7
Socket not ready, repolling fd = 7
Socket not ready, repolling fd = 7
Socket not ready, repolling fd = 7
Socket not ready, repolling fd = 7
Socket not ready, repolling fd = 7
Socket not ready, repolling fd = 7
Socket not ready, repolling fd = 7
Socket not ready, repolling fd = 7
Socket not ready, repolling fd = 7
Socket not ready, repolling fd = 7
Socket not ready, repolling fd = 7
Socket not ready, repolling fd = 7
Socket not ready, repolling fd = 7
Socket not ready, repolling fd = 7
Socket not ready, repolling fd = 7
Socket not ready, repolling fd = 7
Socket not ready, repolling fd = 7
Socket not ready, repolling fd = 7
Socket not ready, repolling fd = 7
Socket not ready, repolling fd = 7
Socket not ready, repolling fd = 7
Socket not ready, repolling fd = 7
Socket not ready, repolling fd = 7
Socket not ready, repolling fd = 7
Socket not ready, repolling fd = 7
Socket not ready, repolling fd = 7
Socket not ready, repolling fd = 7
Socket not ready, repolling fd = 7
Socket not ready, repolling fd = 7
Socket not ready, repolling fd = 7
Socket not ready, repolling fd = 7
Socket not ready, repolling fd = 7
Socket not ready, repolling fd = 7
Socket not ready, repolling fd = 7
Socket not ready, repolling fd = 7
Socket not ready, repolling fd = 7
Socket not ready, repolling fd = 7
Socket not ready, repolling fd = 7
Socket not ready, repolling fd = 7
Socket not ready, repolling fd = 7
Socket not ready, repolling fd = 7
Socket not ready, repolling fd = 7
Socket not ready, repolling fd = 7
Socket not ready, repolling fd = 7
Socket not ready, repolling fd = 7
Socket not ready, repolling fd = 7
Socket not ready, repolling fd = 7
Socket not ready, repolling fd = 7
Socket not ready, repolling fd = 7
Socket not ready, repolling fd = 7
Socket not ready, repolling fd = 7
Socket not ready, repolling fd = 7
Socket not ready, repolling fd = 7
Socket not ready, repolling fd = 7
Socket not ready, repolling fd = 7
Socket not ready, repolling fd = 7
Socket not ready, repolling fd = 7
Socket not ready, repolling fd = 7
Socket not ready, repolling fd = 7
Socket not ready, repolling fd = 7
Socket not ready, repolling fd = 7
Socket not ready, repolling fd = 7
Socket not ready, repolling fd = 7
Socket not ready, repolling fd = 7
Socket not ready, repolling fd = 7
Socket not ready, repolling fd = 7
Socket not ready, repolling fd = 7
Socket not ready, repolling fd = 7
Socket not ready, repolling fd = 7
Socket not ready, repolling fd = 7
Socket not ready, repolling fd = 7
Socket not ready, repolling fd = 7
Socket not ready, repolling fd = 7
Socket not ready, repolling fd = 7
Socket not ready, repolling fd = 7
Socket not ready, repolling fd = 7
Socket not ready, repolling fd = 7
Socket not ready, repolling fd = 7
Socket not ready, repolling fd = 7
Socket not ready, repolling fd = 7
Socket not ready, repolling fd = 7
Socket not ready, repolling fd = 7
Socket not ready, repolling fd = 7
Socket not ready, repolling fd = 7
Socket not ready, repolling fd = 7
Socket not ready, repolling fd = 7
Socket not ready, repolling fd = 7
Socket not ready, repolling fd = 7
Socket not ready, repolling fd = 7
Socket not ready, repolling fd = 7
Socket not ready, repolling fd = 7
Socket not ready, repolling fd = 7
Socket not ready, repolling fd = 7
Socket not ready, repolling fd = 7
Socket not ready, repolling fd = 7
Socket not ready, repolling fd = 7
Socket not ready, repolling fd = 7
Socket not ready, repolling fd = 7
Socket not ready, repolling fd = 7
Socket not ready, repolling fd = 7
Socket not ready, repolling fd = 7
Socket not ready, repolling fd = 7
Socket not ready, repolling fd = 7
Socket not ready, repolling fd = 7
Socket not ready, repolling fd = 7
Socket not ready, repolling fd = 7
Socket not ready, repolling fd = 7
Socket not ready, repolling fd = 7
Socket not ready, repolling fd = 7
Socket not ready, repolling fd = 7
Socket not ready, repolling fd = 7
Socket not ready, repolling fd = 7
Socket not ready, repolling fd = 7
Socket not ready, repolling fd = 7
Socket not ready, repolling fd = 7
Socket not ready, repolling fd = 7
Socket not ready, repolling fd = 7
Socket not ready, repolling fd = 7
Socket not ready, repolling fd = 7
Socket not ready, repolling fd = 7
Socket not ready, repolling fd = 7
Socket not ready, repolling fd = 7
Socket not ready, repolling fd = 7
Socket not ready, repolling fd = 7
Socket not ready, repolling fd = 7
Socket not ready, repolling fd = 7
Socket not ready, repolling fd = 7
Socket not ready, repolling fd = 7
Socket not ready, repolling fd = 7
Socket not ready, repolling fd = 7
Socket not ready, repolling fd = 7
Socket not ready, repolling fd = 7
Socket not ready, repolling fd = 7
Socket not ready, repolling fd = 7
Socket not ready, repolling fd = 7
Socket not ready, repolling fd = 7
Socket not ready, repolling fd = 7
Socket not ready, repolling fd = 7
Socket not ready, repolling fd = 7
Socket not ready, repolling fd = 7
Socket not ready, repolling fd = 7
Socket not ready, repolling fd = 7
Socket not ready, repolling fd = 7
Socket not ready, repolling fd = 7
Socket not ready, repolling fd = 7
Socket not ready, repolling fd = 7
Socket not ready, repolling fd = 7
Socket not ready, repolling fd = 7
Socket not ready, repolling fd = 7
Socket not ready, repolling fd = 7
Socket not ready, repolling fd = 7
Socket not ready, repolling fd = 7
Socket not ready, repolling fd = 7
Socket not ready, repolling fd = 7
Socket not ready, repolling fd = 7
Socket not ready, repolling fd = 7
Socket not ready, repolling fd = 7
Socket not ready, repolling fd = 7
Socket not ready, repolling fd = 7
Socket not ready, repolling fd = 7
Socket not ready, repolling fd = 7
Socket not ready, repolling fd = 7
Socket not ready, repolling fd = 7
Socket not ready, repolling fd = 7
Socket not ready, repolling fd = 7
Socket not ready, repolling fd = 7
Socket not ready, repolling fd = 7
Socket not ready, repolling fd = 7
Socket not ready, repolling fd = 7
Socket not ready, repolling fd = 7
Socket not ready, repolling fd = 7
Socket not ready, repolling fd = 7
Socket not ready, repolling fd = 7
Socket not ready, repolling fd = 7
Socket not ready, repolling fd = 7
Socket not ready, repolling fd = 7
Socket not ready, repolling fd = 7
Socket not ready, repolling fd = 7
Socket not ready, repolling fd = 7
Socket not ready, repolling fd = 7
Socket not ready, repolling fd = 7
Socket not ready, repolling fd = 7
Socket not ready, repolling fd = 7
Socket not ready, repolling fd = 7
Socket not ready, repolling fd = 7
Socket not ready, repolling fd = 7
Socket not ready, repolling fd = 7
Socket not ready, repolling fd = 7
Socket not ready, repolling fd = 7
Socket not ready, repolling fd = 7
Socket not ready, repolling fd = 7
Socket not ready, repolling fd = 7
Socket not ready, repolling fd = 7
Socket not ready, repolling fd = 7
Socket not ready, repolling fd = 7
Socket not ready, repolling fd = 7
Socket not ready, repolling fd = 7
Socket not ready, repolling fd = 7
Socket not ready, repolling fd = 7
Socket not ready, repolling fd = 7
Socket not ready, repolling fd = 7
Socket not ready, repolling fd = 7
Socket not ready, repolling fd = 7
Socket not ready, repolling fd = 7
Socket not ready, repolling fd = 7
Socket not ready, repolling fd = 7
Socket not ready, repolling fd = 7
Socket not ready, repolling fd = 7
Socket not ready, repolling fd = 7
Socket not ready, repolling fd = 7
Socket not ready, repolling fd = 7
Socket not ready, repolling fd = 7
Socket not ready, repolling fd = 7
Socket not ready, repolling fd = 7
Socket not ready, repolling fd = 7
Socket not ready, repolling fd = 7
Socket not ready, repolling fd = 7
Socket not ready, repolling fd = 7
Socket not ready, repolling fd = 7
Socket not ready, repolling fd = 7
Socket not ready, repolling fd = 7
Socket not ready, repolling fd = 7
Socket not ready, repolling fd = 7
Socket not ready, repolling fd = 7
Socket not ready, repolling fd = 7
Socket not ready, repolling fd = 7
Socket not ready, repolling fd = 7
Socket not ready, repolling fd = 7
Socket not ready, repolling fd = 7
Socket not ready, repolling fd = 7
Socket not ready, repolling fd = 7
Socket not ready, repolling fd = 7
Socket not ready, repolling fd = 7
Socket not ready, repolling fd = 7
Socket not ready, repolling fd = 7
Socket not ready, repolling fd = 7
Socket not ready, repolling fd = 7
Socket not ready, repolling fd = 7
Socket not ready, repolling fd = 7
Socket not ready, repolling fd = 7
Socket not ready, repolling fd = 7
Socket not ready, repolling fd = 7
Socket not ready, repolling fd = 7
Socket not ready, repolling fd = 7
Socket not ready, repolling fd = 7
Socket not ready, repolling fd = 7
Socket not ready, repolling fd = 7
Socket not ready, repolling fd = 7
Socket not ready, repolling fd = 7
Socket not ready, repolling fd = 7
Socket not ready, repolling fd = 7
Socket not ready, repolling fd = 7
Socket not ready, repolling fd = 7
Socket not ready, repolling fd = 7
Socket not ready, repolling fd = 7
Socket not ready, repolling fd = 7
Socket not ready, repolling fd = 7
Socket not ready, repolling fd = 7
Socket not ready, repolling fd = 7
Socket not ready, repolling fd = 7
Socket not ready, repolling fd = 7
Socket not ready, repolling fd = 7
Socket not ready, repolling fd = 7
Socket not ready, repolling fd = 7
Socket not ready, repolling fd = 7
Socket not ready, repolling fd = 7
Socket not ready, repolling fd = 7
Socket not ready, repolling fd = 7
Socket not ready, repolling fd = 7
Socket not ready, repolling fd = 7
Socket not ready, repolling fd = 7
Socket not ready, repolling fd = 7
Socket not ready, repolling fd = 7
Socket not ready, repolling fd = 7
Socket not ready, repolling fd = 7
Socket not ready, repolling fd = 7
Socket not ready, repolling fd = 7
Socket not ready, repolling fd = 7
Socket not ready, repolling fd = 7
Socket not ready, repolling fd = 7
Socket not ready, repolling fd = 7
Socket not ready, repolling fd = 7
Socket not ready, repolling fd = 7
Socket not ready, repolling fd = 7
Socket not ready, repolling fd = 7
Socket not ready, repolling fd = 7
Socket not ready, repolling fd = 7
Socket not ready, repolling fd = 7
Socket not ready, repolling fd = 7
Socket not ready, repolling fd = 7
Socket not ready, repolling fd = 7
Socket not ready, repolling fd = 7
Socket not ready, repolling fd = 7
Socket not ready, repolling fd = 7
Socket not ready, repolling fd = 7
Socket not ready, repolling fd = 7
Socket not ready, repolling fd = 7
Socket not ready, repolling fd = 7
Socket not ready, repolling fd = 7
Socket not ready, repolling fd = 7
Socket not ready, repolling fd = 7
Socket not ready, repolling fd = 7
Socket not ready, repolling fd = 7
Socket not ready, repolling fd = 7
Socket not ready, repolling fd = 7
Socket not ready, repolling fd = 7
Socket not ready, repolling fd = 7
Socket not ready, repolling fd = 7
Socket not ready, repolling fd = 7
Socket not ready, repolling fd = 7
Socket not ready, repolling fd = 7
Socket not ready, repolling fd = 7
Socket not ready, repolling fd = 7
Socket not ready, repolling fd = 7
Socket not ready, repolling fd = 7
Socket not ready, repolling fd = 7
Socket not ready, repolling fd = 7
Socket not ready, repolling fd = 7
Socket not ready, repolling fd = 7
Socket not ready, repolling fd = 7
Socket not ready, repolling fd = 7
Socket not ready, repolling fd = 7
Socket not ready, repolling fd = 7
Socket not ready, repolling fd = 9
Socket not ready, repolling fd = 9
Socket not ready, repolling fd = 9
Socket not ready, repolling fd = 9
Socket not ready, repolling fd = 9
Socket not ready, repolling fd = 9
Socket not ready, repolling fd = 9
Socket not ready, repolling fd = 9
Socket not ready, repolling fd = 9
Socket not ready, repolling fd = 9
Socket not ready, repolling fd = 9
Socket not ready, repolling fd = 9
Socket not ready, repolling fd = 9
Socket not ready, repolling fd = 9
Socket not ready, repolling fd = 9
Socket not ready, repolling fd = 9
Socket not ready, repolling fd = 9
Socket not ready, repolling fd = 9
Socket not ready, repolling fd = 9
Socket not ready, repolling fd = 9
Socket not ready, repolling fd = 9
Socket not ready, repolling fd = 9
Socket not ready, repolling fd = 9
Socket not ready, repolling fd = 9
Socket not ready, repolling fd = 9
Socket not ready, repolling fd = 9
Socket not ready, repolling fd = 9
Socket not ready, repolling fd = 9
Socket not ready, repolling fd = 9
Socket not ready, repolling fd = 9
Socket not ready, repolling fd = 9
Socket not ready, repolling fd = 9
Socket not ready, repolling fd = 9
Socket not ready, repolling fd = 9
Socket not ready, repolling fd = 9
Socket not ready, repolling fd = 9
Socket not ready, repolling fd = 9
Socket not ready, repolling fd = 9
Socket not ready, repolling fd = 9
Socket not ready, repolling fd = 9
Socket not ready, repolling fd = 9
Socket not ready, repolling fd = 9
Socket not ready, repolling fd = 9
Socket not ready, repolling fd = 9
Socket not ready, repolling fd = 9
Socket not ready, repolling fd = 9
Socket not ready, repolling fd = 9
Socket not ready, repolling fd = 9
Socket not ready, repolling fd = 9
Socket not ready, repolling fd = 9
Socket not ready, repolling fd = 9
Socket not ready, repolling fd = 9
Socket not ready, repolling fd = 9
Socket not ready, repolling fd = 9
Socket not ready, repolling fd = 9
Socket not ready, repolling fd = 9
Socket not ready, repolling fd = 9
Socket not ready, repolling fd = 9
Socket not ready, repolling fd = 9
Socket not ready, repolling fd = 9
Socket not ready, repolling fd = 9
Socket not ready, repolling fd = 9
Socket not ready, repolling fd = 9
Socket not ready, repolling fd = 9
Socket not ready, repolling fd = 9
Socket not ready, repolling fd = 9
Socket not ready, repolling fd = 9
Socket not ready, repolling fd = 9
Socket not ready, repolling fd = 9
Socket not ready, repolling fd = 9
Socket not ready, repolling fd = 9
Socket not ready, repolling fd = 9
Socket not ready, repolling fd = 9
Socket not ready, repolling fd = 9
Socket not ready, repolling fd = 9
Socket not ready, repolling fd = 9
Socket not ready, repolling fd = 9
Socket not ready, repolling fd = 9
Socket not ready, repolling fd = 9
Socket not ready, repolling fd = 9
Socket not ready, repolling fd = 9
Socket not ready, repolling fd = 9
Socket not ready, repolling fd = 9
Socket not ready, repolling fd = 9
Socket not ready, repolling fd = 9
Socket not ready, repolling fd = 9
Socket not ready, repolling fd = 9
Socket not ready, repolling fd = 9
Socket not ready, repolling fd = 9
Socket not ready, repolling fd = 9
Socket not ready, repolling fd = 9
Socket not ready, repolling fd = 9
Socket not ready, repolling fd = 9
Socket not ready, repolling fd = 9
Socket not ready, repolling fd = 9
Socket not ready, repolling fd = 9
Socket not ready, repolling fd = 9
Socket not ready, repolling fd = 9
Socket not ready, repolling fd = 9
Socket not ready, repolling fd = 9
Socket not ready, repolling fd = 9
Socket not ready, repolling fd = 9
Socket not ready, repolling fd = 9
Socket not ready, repolling fd = 9
Socket not ready, repolling fd = 9
Socket not ready, repolling fd = 9
Socket not ready, repolling fd = 9
Socket not ready, repolling fd = 9
Socket not ready, repolling fd = 9
Socket not ready, repolling fd = 9
Socket not ready, repolling fd = 9
Socket not ready, repolling fd = 9
Socket not ready, repolling fd = 9
Socket not ready, repolling fd = 9
Socket not ready, repolling fd = 9
Socket not ready, repolling fd = 9
Socket not ready, repolling fd = 9
Socket not ready, repolling fd = 9
Socket not ready, repolling fd = 9
Socket not ready, repolling fd = 9
Socket not ready, repolling fd = 9
Socket not ready, repolling fd = 9
Socket not ready, repolling fd = 9
Socket not ready, repolling fd = 9
Socket not ready, repolling fd = 9
Socket not ready, repolling fd = 9
Socket not ready, repolling fd = 9
Socket not ready, repolling fd = 9
Socket not ready, repolling fd = 9
Socket not ready, repolling fd = 9
Socket not ready, repolling fd = 9
Socket not ready, repolling fd = 9
Socket not ready, repolling fd = 9
Socket not ready, repolling fd = 9
Socket not ready, repolling fd = 9
Socket not ready, repolling fd = 9
Socket not ready, repolling fd = 9
Socket not ready, repolling fd = 9
Socket not ready, repolling fd = 9
Socket not ready, repolling fd = 9
Socket not ready, repolling fd = 9
Socket not ready, repolling fd = 9
Socket not ready, repolling fd = 9
Socket not ready, repolling fd = 9
Socket not ready, repolling fd = 9
Socket not ready, repolling fd = 9
Socket not ready, repolling fd = 9
Socket not ready, repolling fd = 9
Socket not ready, repolling fd = 9
Socket not ready, repolling fd = 9
Socket not ready, repolling fd = 9
Socket not ready, repolling fd = 9
Socket not ready, repolling fd = 9
Socket not ready, repolling fd = 9
Socket not ready, repolling fd = 9
Socket not ready, repolling fd = 9
Socket not ready, repolling fd = 9
Socket not ready, repolling fd = 9
Socket not ready, repolling fd = 9
Socket not ready, repolling fd = 9
Socket not ready, repolling fd = 9
Socket not ready, repolling fd = 9
Socket not ready, repolling fd = 9
Socket not ready, repolling fd = 9
Socket not ready, repolling fd = 9
Socket not ready, repolling fd = 9
Socket not ready, repolling fd = 9
Socket not ready, repolling fd = 9
Socket not ready, repolling fd = 9
Socket not ready, repolling fd = 9
Socket not ready, repolling fd = 9
Socket not ready, repolling fd = 9
Socket not ready, repolling fd = 9
Socket not ready, repolling fd = 9
Socket not ready, repolling fd = 9
Socket not ready, repolling fd = 9
Socket not ready, repolling fd = 9
Socket not ready, repolling fd = 9
Socket not ready, repolling fd = 9
Socket not ready, repolling fd = 9
Socket not ready, repolling fd = 9
Socket not ready, repolling fd = 9
Socket not ready, repolling fd = 9
Socket not ready, repolling fd = 9
Socket not ready, repolling fd = 9
Socket not ready, repolling fd = 9
Socket not ready, repolling fd = 9
Socket not ready, repolling fd = 9
Socket not ready, repolling fd = 9
Socket not ready, repolling fd = 9
Socket not ready, repolling fd = 9
Socket not ready, repolling fd = 9
Socket not ready, repolling fd = 9
Socket not ready, repolling fd = 9
Socket not ready, repolling fd = 9
Socket not ready, repolling fd = 9
Socket not ready, repolling fd = 9
Socket not ready, repolling fd = 9
Socket not ready, repolling fd = 9
Socket not ready, repolling fd = 9
Socket not ready, repolling fd = 9
Socket not ready, repolling fd = 9
Socket not ready, repolling fd = 9
Socket not ready, repolling fd = 9
Socket not ready, repolling fd = 9
Socket not ready, repolling fd = 9
Socket not ready, repolling fd = 9
Socket not ready, repolling fd = 9
Socket not ready, repolling fd = 9
Socket not ready, repolling fd = 9
Socket not ready, repolling fd = 9
Socket not ready, repolling fd = 9
Socket not ready, repolling fd = 9
Socket not ready, repolling fd = 9
Socket not ready, repolling fd = 9
Socket not ready, repolling fd = 9
Socket not ready, repolling fd = 9
Socket not ready, repolling fd = 9
Socket not ready, repolling fd = 9
Socket not ready, repolling fd = 9
Socket not ready, repolling fd = 9
Socket not ready, repolling fd = 9
Socket not ready, repolling fd = 9
Socket not ready, repolling fd = 9
Socket not ready, repolling fd = 9
Socket not ready, repolling fd = 9
Socket not ready, repolling fd = 9
Socket not ready, repolling fd = 9
Socket not ready, repolling fd = 9
Socket not ready, repolling fd = 9
Socket not ready, repolling fd = 9
Socket not ready, repolling fd = 9
Socket not ready, repolling fd = 9
Socket not ready, repolling fd = 9
Socket not ready, repolling fd = 9
Socket not ready, repolling fd = 9
Socket not ready, repolling fd = 9
Socket not ready, repolling fd = 9
Socket not ready, repolling fd = 9
Socket not ready, repolling fd = 9
Socket not ready, repolling fd = 9
Socket not ready, repolling fd = 9
Socket not ready, repolling fd = 9
Socket not ready, repolling fd = 9
Socket not ready, repolling fd = 9
Socket not ready, repolling fd = 9
Socket not ready, repolling fd = 9
Socket not ready, repolling fd = 9
Socket not ready, repolling fd = 9
Socket not ready, repolling fd = 9
Socket not ready, repolling fd = 9
Socket not ready, repolling fd = 9
Socket not ready, repolling fd = 9
Socket not ready, repolling fd = 9
Socket not ready, repolling fd = 9
Socket not ready, repolling fd = 9
Socket not ready, repolling fd = 9
Socket not ready, repolling fd = 9
Socket not ready, repolling fd = 9
Socket not ready, repolling fd = 9
Socket not ready, repolling fd = 9
Socket not ready, repolling fd = 9
Socket not ready, repolling fd = 9
Socket not ready, repolling fd = 9
Socket not ready, repolling fd = 9
Socket not ready, repolling fd = 9
Socket not ready, repolling fd = 9
Socket not ready, repolling fd = 9
Socket not ready, repolling fd = 9
Socket not ready, repolling fd = 9
Socket not ready, repolling fd = 9
Socket not ready, repolling fd = 9
Socket not ready, repolling fd = 9
Socket not ready, repolling fd = 9
Socket not ready, repolling fd = 9
Socket not ready, repolling fd = 9
Socket not ready, repolling fd = 9
Socket not ready, repolling fd = 9
Socket not ready, repolling fd = 9
Socket not ready, repolling fd = 9
Socket not ready, repolling fd = 9
Socket not ready, repolling fd = 9
Socket not ready, repolling fd = 9
Socket not ready, repolling fd = 9
Socket not ready, repolling fd = 9
Socket not ready, repolling fd = 9
Socket not ready, repolling fd = 9
Socket not ready, repolling fd = 9
Socket not ready, repolling fd = 9
Socket not ready, repolling fd = 9
Socket not ready, repolling fd = 9
Socket not ready, repolling fd = 9
Socket not ready, repolling fd = 9
Socket not ready, repolling fd = 9
Socket not ready, repolling fd = 9
Socket not ready, repolling fd = 7
Socket not ready, repolling fd = 7
Socket not ready, repolling fd = 7
Socket not ready, repolling fd = 7
Socket not ready, repolling fd = 7
Socket not ready, repolling fd = 7
Socket not ready, repolling fd = 7
Socket not ready, repolling fd = 7
Socket not ready, repolling fd = 7
Socket not ready, repolling fd = 7
Socket not ready, repolling fd = 7
Socket not ready, repolling fd = 7
Socket not ready, repolling fd = 7
Socket not ready, repolling fd = 7
Socket not ready, repolling fd = 7
Socket not ready, repolling fd = 7
Socket not ready, repolling fd = 7
Socket not ready, repolling fd = 7
Socket not ready, repolling fd = 7
Socket not ready, repolling fd = 7
Socket not ready, repolling fd = 7
Socket not ready, repolling fd = 7
Socket not ready, repolling fd = 7
Socket not ready, repolling fd = 7
Socket not ready, repolling fd = 7
Socket not ready, repolling fd = 7
Socket not ready, repolling fd = 7
Socket not ready, repolling fd = 7
Socket not ready, repolling fd = 7
Socket not ready, repolling fd = 7
Socket not ready, repolling fd = 7
Socket not ready, repolling fd = 7
Socket not ready, repolling fd = 7
Socket not ready, repolling fd = 7
Socket not ready, repolling fd = 7
Socket not ready, repolling fd = 7
Socket not ready, repolling fd = 7
Socket not ready, repolling fd = 7
Socket not ready, repolling fd = 7
Socket not ready, repolling fd = 7
Socket not ready, repolling fd = 7
Socket not ready, repolling fd = 7
Socket not ready, repolling fd = 7
Socket not ready, repolling fd = 7
Socket not ready, repolling fd = 7
Socket not ready, repolling fd = 7
Socket not ready, repolling fd = 7
Socket not ready, repolling fd = 7
Socket not ready, repolling fd = 7
Socket not ready, repolling fd = 7
Socket not ready, repolling fd = 7
Socket not ready, repolling fd = 7
Socket not ready, repolling fd = 7
Socket not ready, repolling fd = 7
Socket not ready, repolling fd = 7
Socket not ready, repolling fd = 7
Socket not ready, repolling fd = 7
Socket not ready, repolling fd = 7
Socket not ready, repolling fd = 7
Socket not ready, repolling fd = 7
Socket not ready, repolling fd = 7
Socket not ready, repolling fd = 7
Socket not ready, repolling fd = 7
Socket not ready, repolling fd = 7
Socket not ready, repolling fd = 7
Socket not ready, repolling fd = 7
Socket not ready, repolling fd = 7
Socket not ready, repolling fd = 7
Socket not ready, repolling fd = 7
Socket not ready, repolling fd = 7
Socket not ready, repolling fd = 7
Socket not ready, repolling fd = 7
Socket not ready, repolling fd = 7
Socket not ready, repolling fd = 7
Socket not ready, repolling fd = 7
Socket not ready, repolling fd = 7
Socket not ready, repolling fd = 7
Socket not ready, repolling fd = 7
Socket not ready, repolling fd = 7
Socket not ready, repolling fd = 7
Socket not ready, repolling fd = 7
Socket not ready, repolling fd = 7
Socket not ready, repolling fd = 7
Socket not ready, repolling fd = 7
Socket not ready, repolling fd = 7
Socket not ready, repolling fd = 7
Socket not ready, repolling fd = 7
Socket not ready, repolling fd = 7
Socket not ready, repolling fd = 7
Socket not ready, repolling fd = 7
Socket not ready, repolling fd = 7
Socket not ready, repolling fd = 7
Socket not ready, repolling fd = 7
Socket not ready, repolling fd = 7
Socket not ready, repolling fd = 7
Socket not ready, repolling fd = 7
Socket not ready, repolling fd = 7
Socket not ready, repolling fd = 7
Socket not ready, repolling fd = 7
Socket not ready, repolling fd = 7
Socket not ready, repolling fd = 7
Socket not ready, repolling fd = 7
Socket not ready, repolling fd = 7
Socket not ready, repolling fd = 7
Socket not ready, repolling fd = 7
Socket not ready, repolling fd = 7
Socket not ready, repolling fd = 7
Socket not ready, repolling fd = 7
Socket not ready, repolling fd = 7
Socket not ready, repolling fd = 7
Socket not ready, repolling fd = 7
Socket not ready, repolling fd = 7
Socket not ready, repolling fd = 7
Socket not ready, repolling fd = 7
Socket not ready, repolling fd = 7
Socket not ready, repolling fd = 7
Socket not ready, repolling fd = 7
Socket not ready, repolling fd = 7
Socket not ready, repolling fd = 7
Socket not ready, repolling fd = 7
Socket not ready, repolling fd = 7
Socket not ready, repolling fd = 7
Socket not ready, repolling fd = 7
Socket not ready, repolling fd = 7
Socket not ready, repolling fd = 7
Socket not ready, repolling fd = 7
Socket not ready, repolling fd = 7
Socket not ready, repolling fd = 7
Socket not ready, repolling fd = 7
Socket not ready, repolling fd = 7
Socket not ready, repolling fd = 7
Socket not ready, repolling fd = 7
Socket not ready, repolling fd = 7
Socket not ready, repolling fd = 7
Socket not ready, repolling fd = 7
Socket not ready, repolling fd = 7
Socket not ready, repolling fd = 7
Socket not ready, repolling fd = 7
Socket not ready, repolling fd = 7
Socket not ready, repolling fd = 7
Socket not ready, repolling fd = 7
Socket not ready, repolling fd = 7
Socket not ready, repolling fd = 7
Socket not ready, repolling fd = 7
Socket not ready, repolling fd = 7
Socket not ready, repolling fd = 7
Socket not ready, repolling fd = 7
Socket not ready, repolling fd = 7
Socket not ready, repolling fd = 7
Socket not ready, repolling fd = 7
Socket not ready, repolling fd = 7
Socket not ready, repolling fd = 7
Socket not ready, repolling fd = 7
Socket not ready, repolling fd = 7
Socket not ready, repolling fd = 7
Socket not ready, repolling fd = 7
Socket not ready, repolling fd = 7
Socket not ready, repolling fd = 7
Socket not ready, repolling fd = 7
Socket not ready, repolling fd = 7
Socket not ready, repolling fd = 7
Socket not ready, repolling fd = 7
Socket not ready, repolling fd = 7
Socket not ready, repolling fd = 7
Socket not ready, repolling fd = 7
Socket not ready, repolling fd = 7
Socket not ready, repolling fd = 7
Socket not ready, repolling fd = 7
Socket not ready, repolling fd = 7
Socket not ready, repolling fd = 7
Socket not ready, repolling fd = 7
Socket not ready, repolling fd = 7
Socket not ready, repolling fd = 7
Socket not ready, repolling fd = 7
Socket not ready, repolling fd = 7
Socket not ready, repolling fd = 7
Socket not ready, repolling fd = 7
Socket not ready, repolling fd = 7
Socket not ready, repolling fd = 7
Socket not ready, repolling fd = 7
Socket not ready, repolling fd = 7
Socket not ready, repolling fd = 7
Socket not ready, repolling fd = 7
Socket not ready, repolling fd = 7
Socket not ready, repolling fd = 7
Socket not ready, repolling fd = 7
Socket not ready, repolling fd = 7
Socket not ready, repolling fd = 7
Socket not ready, repolling fd = 7
Socket not ready, repolling fd = 7
Socket not ready, repolling fd = 7
Socket not ready, repolling fd = 7
Socket not ready, repolling fd = 7
Socket not ready, repolling fd = 7
Socket not ready, repolling fd = 7
Socket not ready, repolling fd = 7
Socket not ready, repolling fd = 7
Socket not ready, repolling fd = 7
Socket not ready, repolling fd = 7
Socket not ready, repolling fd = 7
Socket not ready, repolling fd = 7
Socket not ready, repolling fd = 7
Socket not ready, repolling fd = 7
Socket not ready, repolling fd = 7
Socket not ready, repolling fd = 7
Socket not ready, repolling fd = 7
Socket not ready, repolling fd = 7
Socket not ready, repolling fd = 7
Socket not ready, repolling fd = 7
Socket not ready, repolling fd = 7
Socket not ready, repolling fd = 7
Socket not ready, repolling fd = 7
Socket not ready, repolling fd = 7
Socket not ready, repolling fd = 7
Socket not ready, repolling fd = 7
Socket not ready, repolling fd = 7
Socket not ready, repolling fd = 7
Socket not ready, repolling fd = 7
Socket not ready, repolling fd = 7
Socket not ready, repolling fd = 7
Socket not ready, repolling fd = 7
Socket not ready, repolling fd = 7
Socket not ready, repolling fd = 7
Socket not ready, repolling fd = 7
Socket not ready, repolling fd = 7
Socket not ready, repolling fd = 7
Socket not ready, repolling fd = 7
Socket not ready, repolling fd = 7
Socket not ready, repolling fd = 7
Socket not ready, repolling fd = 7
Socket not ready, repolling fd = 7
Socket not ready, repolling fd = 7
Socket not ready, repolling fd = 7
Socket not ready, repolling fd = 7
Socket not ready, repolling fd = 7
Socket not ready, repolling fd = 7
Socket not ready, repolling fd = 7
Socket not ready, repolling fd = 7
Socket not ready, repolling fd = 7
Socket not ready, repolling fd = 7
Socket not ready, repolling fd = 7
Socket not ready, repolling fd = 7
Socket not ready, repolling fd = 7
Socket not ready, repolling fd = 7
Socket not ready, repolling fd = 7
Socket not ready, repolling fd = 7
Socket not ready, repolling fd = 7
Socket not ready, repolling fd = 7
Socket not ready, repolling fd = 7
Socket not ready, repolling fd = 7
Socket not ready, repolling fd = 7
Socket not ready, repolling fd = 7
Socket not ready, repolling fd = 7
Socket not ready, repolling fd = 7
Socket not ready, repolling fd = 7
Socket not ready, repolling fd = 7
Socket not ready, repolling fd = 7
Socket not ready, repolling fd = 7
Socket not ready, repolling fd = 7
Socket not ready, repolling fd = 7
Socket not ready, repolling fd = 7
Socket not ready, repolling fd = 7
Socket not ready, repolling fd = 7
Socket not ready, repolling fd = 7
Socket not ready, repolling fd = 7
Socket not ready, repolling fd = 7
Socket not ready, repolling fd = 7
Socket not ready, repolling fd = 7
Socket not ready, repolling fd = 7
Socket not ready, repolling fd = 7
Socket not ready, repolling fd = 7
Socket not ready, repolling fd = 7
Socket not ready, repolling fd = 7
Socket not ready, repolling fd = 7
Socket not ready, repolling fd = 7
Socket not ready, repolling fd = 7
Socket not ready, repolling fd = 7
Socket not ready, repolling fd = 7
Socket not ready, repolling fd = 7
Socket not ready, repolling fd = 7
Socket not ready, repolling fd = 7
Socket not ready, repolling fd = 7
Socket not ready, repolling fd = 7
Socket not ready, repolling fd = 7
Socket not ready, repolling fd = 7
Socket not ready, repolling fd = 7
Socket not ready, repolling fd = 7
Socket not ready, repolling fd = 7
Socket not ready, repolling fd = 7
Socket not ready, repolling fd = 7
Socket not ready, repolling fd = 7
Socket not ready, repolling fd = 7
Socket not ready, repolling fd = 7
Socket not ready, repolling fd = 7
Socket not ready, repolling fd = 7
Socket not ready, repolling fd = 7
Socket not ready, repolling fd = 7
Socket not ready, repolling fd = 7
Socket not ready, repolling fd = 7
Socket not ready, repolling fd = 7
Socket not ready, repolling fd = 7
Socket not ready, repolling fd = 7
Socket not ready, repolling fd = 7
Socket not ready, repolling fd = 7
Socket not ready, repolling fd = 7
Socket not ready, repolling fd = 7
Socket not ready, repolling fd = 7
Socket not ready, repolling fd = 7
Socket not ready, repolling fd = 7
Socket not ready, repolling fd = 7
Socket not ready, repolling fd = 7
Socket not ready, repolling fd = 7
Socket not ready, repolling fd = 7
Socket not ready, repolling fd = 7
Socket not ready, repolling fd = 7
Socket not ready, repolling fd = 7
Socket not ready, repolling fd = 7
Socket not ready, repolling fd = 7
Socket not ready, repolling fd = 7
Socket not ready, repolling fd = 7
Socket not ready, repolling fd = 7
Socket not ready, repolling fd = 7
Socket not ready, repolling fd = 7
Socket not ready, repolling fd = 7
Socket not ready, repolling fd = 7
Socket not ready, repolling fd = 7
Socket not ready, repolling fd = 7
Socket not ready, repolling fd = 7
Socket not ready, repolling fd = 7
Socket not ready, repolling fd = 7
Socket not ready, repolling fd = 7
Socket not ready, repolling fd = 7
Socket not ready, repolling fd = 7
Socket not ready, repolling fd = 7
Socket not ready, repolling fd = 7
Socket not ready, repolling fd = 7
Socket not ready, repolling fd = 7
Socket not ready, repolling fd = 7
Socket not ready, repolling fd = 7
Socket not ready, repolling fd = 7
Socket not ready, repolling fd = 7
Socket not ready, repolling fd = 7
Socket not ready, repolling fd = 7
Socket not ready, repolling fd = 7
Socket not ready, repolling fd = 7
Socket not ready, repolling fd = 7
Socket not ready, repolling fd = 7
Socket not ready, repolling fd = 7
Socket not ready, repolling fd = 7
Socket not ready, repolling fd = 7
Socket not ready, repolling fd = 7
Socket not ready, repolling fd = 7
Socket not ready, repolling fd = 7
Socket not ready, repolling fd = 7
Socket not ready, repolling fd = 7
Socket not ready, repolling fd = 7
Socket not ready, repolling fd = 7
Socket not ready, repolling fd = 7
Socket not ready, repolling fd = 7
Socket not ready, repolling fd = 7
Socket not ready, repolling fd = 7
Socket not ready, repolling fd = 7
Socket not ready, repolling fd = 7
Socket not ready, repolling fd = 7
Socket not ready, repolling fd = 7
Socket not ready, repolling fd = 7
Socket not ready, repolling fd = 7
Socket not ready, repolling fd = 7
Socket not ready, repolling fd = 7
Socket not ready, repolling fd = 7
Socket not ready, repolling fd = 7
Socket not ready, repolling fd = 7
Socket not ready, repolling fd = 7
Socket not ready, repolling fd = 7
Socket not ready, repolling fd = 7
Socket not ready, repolling fd = 7
Socket not ready, repolling fd = 7
Socket not ready, repolling fd = 7
Socket not ready, repolling fd = 7
Socket not ready, repolling fd = 7
Socket not ready, repolling fd = 7
Socket not ready, repolling fd = 7
Socket not ready, repolling fd = 7
Socket not ready, repolling fd = 7
Socket not ready, repolling fd = 7
Socket not ready, repolling fd = 7
Socket not ready, repolling fd = 7
Socket not ready, repolling fd = 7
Socket not ready, repolling fd = 7
Socket not ready, repolling fd = 7
Socket not ready, repolling fd = 7
Socket not ready, repolling fd = 7
Socket not ready, repolling fd = 7
Socket not ready, repolling fd = 7
Socket not ready, repolling fd = 7
Socket not ready, repolling fd = 7
Socket not ready, repolling fd = 7
Socket not ready, repolling fd = 7
Socket not ready, repolling fd = 7
Socket not ready, repolling fd = 7
Socket not ready, repolling fd = 7
Socket not ready, repolling fd = 7
Socket not ready, repolling fd = 7
Socket not ready, repolling fd = 7
Socket not ready, repolling fd = 7
Socket not ready, repolling fd = 7
Socket not ready, repolling fd = 7
Socket not ready, repolling fd = 7
Socket not ready, repolling fd = 7
Socket not ready, repolling fd = 7
Socket not ready, repolling fd = 7
Socket not ready, repolling fd = 7
Socket not ready, repolling fd = 7
Socket not ready, repolling fd = 7
Socket not ready, repolling fd = 7
Socket not ready, repolling fd = 7
Socket not ready, repolling fd = 7
Socket not ready, repolling fd = 7
Socket not ready, repolling fd = 7
Socket not ready, repolling fd = 7
Socket not ready, repolling fd = 7
Socket not ready, repolling fd = 7
Socket not ready, repolling fd = 7
Socket not ready, repolling fd = 7
Socket not ready, repolling fd = 7
Socket not ready, repolling fd = 7
Socket not ready, repolling fd = 7
Socket not ready, repolling fd = 7
Socket not ready, repolling fd = 7
Socket not ready, repolling fd = 7
Socket not ready, repolling fd = 7
Socket not ready, repolling fd = 7
Socket not ready, repolling fd = 7
Socket not ready, repolling fd = 7
Socket not ready, repolling fd = 7
Socket not ready, repolling fd = 7
Socket not ready, repolling fd = 7
Socket not ready, repolling fd = 7
Socket not ready, repolling fd = 7
Socket not ready, repolling fd = 7
Socket not ready, repolling fd = 7
Socket not ready, repolling fd = 7
Socket not ready, repolling fd = 7
Socket not ready, repolling fd = 7
Socket not ready, repolling fd = 7
Socket not ready, repolling fd = 7
Socket not ready, repolling fd = 7
Socket not ready, repolling fd = 7
Socket not ready, repolling fd = 7
Socket not ready, repolling fd = 7
Socket not ready, repolling fd = 7
Socket not ready, repolling fd = 7
Socket not ready, repolling fd = 7
Socket not ready, repolling fd = 7
Socket not ready, repolling fd = 7
Socket not ready, repolling fd = 7
Socket not ready, repolling fd = 7
Socket not ready, repolling fd = 7
Socket not ready, repolling fd = 7
Socket not ready, repolling fd = 7
Socket not ready, repolling fd = 7
Socket not ready, repolling fd = 7
Socket not ready, repolling fd = 7
Socket not ready, repolling fd = 7
Socket not ready, repolling fd = 7
Socket not ready, repolling fd = 7
Socket not ready, repolling fd = 7
Socket not ready, repolling fd = 7
Socket not ready, repolling fd = 7
Socket not ready, repolling fd = 7
Socket not ready, repolling fd = 7
Socket not ready, repolling fd = 7
Socket not ready, repolling fd = 7
Socket not ready, repolling fd = 7
Socket not ready, repolling fd = 7
Socket not ready, repolling fd = 7
Socket not ready, repolling fd = 7
Socket not ready, repolling fd = 7
Socket not ready, repolling fd = 7
Socket not ready, repolling fd = 7
Socket not ready, repolling fd = 7
Socket not ready, repolling fd = 7
Socket not ready, repolling fd = 7
Socket not ready, repolling fd = 7
Socket not ready, repolling fd = 7
Socket not ready, repolling fd = 7
Socket not ready, repolling fd = 7
Socket not ready, repolling fd = 7
Socket not ready, repolling fd = 7
Socket not ready, repolling fd = 7
Socket not ready, repolling fd = 7
Socket not ready, repolling fd = 7
Socket not ready, repolling fd = 7
Socket not ready, repolling fd = 7
Socket not ready, repolling fd = 7
Socket not ready, repolling fd = 7
Socket not ready, repolling fd = 7
Socket not ready, repolling fd = 7
Socket not ready, repolling fd = 7
Socket not ready, repolling fd = 7
Socket not ready, repolling fd = 7
Socket not ready, repolling fd = 7
Socket not ready, repolling fd = 7
Socket not ready, repolling fd = 7
Socket not ready, repolling fd = 7
Socket not ready, repolling fd = 7
Socket not ready, repolling fd = 7
Socket not ready, repolling fd = 7
Socket not ready, repolling fd = 7
Socket not ready, repolling fd = 7
Socket not ready, repolling fd = 7
Socket not ready, repolling fd = 7
Socket not ready, repolling fd = 7
Socket not ready, repolling fd = 7
Socket not ready, repolling fd = 7
Socket not ready, repolling fd = 7
Socket not ready, repolling fd = 7
Socket not ready, repolling fd = 7
Socket not ready, repolling fd = 7
Socket not ready, repolling fd = 7
Socket not ready, repolling fd = 7
Socket not ready, repolling fd = 7
Socket not ready, repolling fd = 7
Socket not ready, repolling fd = 7
Socket not ready, repolling fd = 7
Socket not ready, repolling fd = 7
Socket not ready, repolling fd = 7
Socket not ready, repolling fd = 7
Socket not ready, repolling fd = 7
Socket not ready, repolling fd = 7
Socket not ready, repolling fd = 7
Socket not ready, repolling fd = 7
Socket not ready, repolling fd = 7
Socket not ready, repolling fd = 7
Socket not ready, repolling fd = 7
Socket not ready, repolling fd = 7
Socket not ready, repolling fd = 7
Socket not ready, repolling fd = 7
Socket not ready, repolling fd = 7
Socket not ready, repolling fd = 7
Socket not ready, repolling fd = 7
Socket not ready, repolling fd = 7
Socket not ready, repolling fd = 7
Socket not ready, repolling fd = 7
Socket not ready, repolling fd = 7
Socket not ready, repolling fd = 7
Socket not ready, repolling fd = 7
Socket not ready, repolling fd = 7
Socket not ready, repolling fd = 7
Socket not ready, repolling fd = 7
Socket not ready, repolling fd = 7
Socket not ready, repolling fd = 7
Socket not ready, repolling fd = 7
Socket not ready, repolling fd = 7
Socket not ready, repolling fd = 7
Socket not ready, repolling fd = 7
Socket not ready, repolling fd = 7
Socket not ready, repolling fd = 7
Socket not ready, repolling fd = 7
Socket not ready, repolling fd = 7
Socket not ready, repolling fd = 7
Socket not ready, repolling fd = 7
Socket not ready, repolling fd = 7
Socket not ready, repolling fd = 7
Socket not ready, repolling fd = 7
Socket not ready, repolling fd = 7
Socket not ready, repolling fd = 7
Socket not ready, repolling fd = 7
Socket not ready, repolling fd = 7
Socket not ready, repolling fd = 7
Socket not ready, repolling fd = 7
Socket not ready, repolling fd = 7
Socket not ready, repolling fd = 7
Socket not ready, repolling fd = 7
Socket not ready, repolling fd = 7
Socket not ready, repolling fd = 7
Socket not ready, repolling fd = 7
Socket not ready, repolling fd = 7
Socket not ready, repolling fd = 7
Socket not ready, repolling fd = 7
Socket not ready, repolling fd = 7
Socket not ready, repolling fd = 7
Socket not ready, repolling fd = 7
Socket not ready, repolling fd = 7
Socket not ready, repolling fd = 7
Socket not ready, repolling fd = 7
Socket not ready, repolling fd = 7
Socket not ready, repolling fd = 7
Socket not ready, repolling fd = 7
Socket not ready, repolling fd = 7
Socket not ready, repolling fd = 7
Socket not ready, repolling fd = 7
Socket not ready, repolling fd = 7
Socket not ready, repolling fd = 7
Socket not ready, repolling fd = 7
Socket not ready, repolling fd = 7
Socket not ready, repolling fd = 7
Socket not ready, repolling fd = 7
Socket not ready, repolling fd = 7
Socket not ready, repolling fd = 7
Socket not ready, repolling fd = 7
Socket not ready, repolling fd = 7
Socket not ready, repolling fd = 7
Socket not ready, repolling fd = 7
Socket not ready, repolling fd = 7
Socket not ready, repolling fd = 7
Socket not ready, repolling fd = 7
Socket not ready, repolling fd = 7
Socket not ready, repolling fd = 7
Socket not ready, repolling fd = 7
Socket not ready, repolling fd = 7
Socket not ready, repolling fd = 7
Socket not ready, repolling fd = 7
Socket not ready, repolling fd = 7
Socket not ready, repolling fd = 7
Socket not ready, repolling fd = 7
Socket not ready, repolling fd = 7
Socket not ready, repolling fd = 7
Socket not ready, repolling fd = 7
Socket not ready, repolling fd = 7
Socket not ready, repolling fd = 7
Socket not ready, repolling fd = 7
Socket not ready, repolling fd = 7
Socket not ready, repolling fd = 7
Socket not ready, repolling fd = 7
Socket not ready, repolling fd = 7
Socket not ready, repolling fd = 7
Socket not ready, repolling fd = 7
Socket not ready, repolling fd = 7
Socket not ready, repolling fd = 7
Socket not ready, repolling fd = 7
Socket not ready, repolling fd = 7
Socket not ready, repolling fd = 7
Socket not ready, repolling fd = 7
Socket not ready, repolling fd = 7
Socket not ready, repolling fd = 7
Socket not ready, repolling fd = 7
Socket not ready, repolling fd = 7
Socket not ready, repolling fd = 7
Socket not ready, repolling fd = 7
Socket not ready, repolling fd = 7
Socket not ready, repolling fd = 7
Socket not ready, repolling fd = 7
Socket not ready, repolling fd = 7
Socket not ready, repolling fd = 7
Socket not ready, repolling fd = 7
Socket not ready, repolling fd = 7
Socket not ready, repolling fd = 7
Socket not ready, repolling fd = 7
Socket not ready, repolling fd = 7
Socket not ready, repolling fd = 7
Socket not ready, repolling fd = 7
Socket not ready, repolling fd = 7
Socket not ready, repolling fd = 7
Socket not ready, repolling fd = 7
Socket not ready, repolling fd = 7
Socket not ready, repolling fd = 7
Socket not ready, repolling fd = 7
Socket not ready, repolling fd = 7
Socket not ready, repolling fd = 7
Socket not ready, repolling fd = 7
Socket not ready, repolling fd = 7
Socket not ready, repolling fd = 7
Socket not ready, repolling fd = 7
Socket not ready, repolling fd = 7
Socket not ready, repolling fd = 7
Socket not ready, repolling fd = 7
Socket not ready, repolling fd = 7
Socket not ready, repolling fd = 7
Socket not ready, repolling fd = 7
Socket not ready, repolling fd = 7
Socket not ready, repolling fd = 7
Socket not ready, repolling fd = 7
Socket not ready, repolling fd = 7
Socket not ready, repolling fd = 7
Socket not ready, repolling fd = 7
Socket not ready, repolling fd = 7
Socket not ready, repolling fd = 7
Socket not ready, repolling fd = 7
Socket not ready, repolling fd = 7
Socket not ready, repolling fd = 7
Socket not ready, repolling fd = 7
Socket not ready, repolling fd = 7
Socket not ready, repolling fd = 7
Socket not ready, repolling fd = 7
Socket not ready, repolling fd = 7
Socket not ready, repolling fd = 7
Socket not ready, repolling fd = 7
Socket not ready, repolling fd = 7
Socket not ready, repolling fd = 7
Socket not ready, repolling fd = 7
Socket not ready, repolling fd = 7
Socket not ready, repolling fd = 7
Socket not ready, repolling fd = 7
Socket not ready, repolling fd = 7
Socket not ready, repolling fd = 7
Socket not ready, repolling fd = 7
Socket not ready, repolling fd = 7
Socket not ready, repolling fd = 7
Socket not ready, repolling fd = 7
Socket not ready, repolling fd = 7
Socket not ready, repolling fd = 7
Socket not ready, repolling fd = 7
Socket not ready, repolling fd = 7
Socket not ready, repolling fd = 7
Socket not ready, repolling fd = 7
Socket not ready, repolling fd = 7
Socket not ready, repolling fd = 7
Socket not ready, repolling fd = 7
Socket not ready, repolling fd = 7
Socket not ready, repolling fd = 7
Socket not ready, repolling fd = 7
Socket not ready, repolling fd = 7
Socket not ready, repolling fd = 7
Socket not ready, repolling fd = 7
Socket not ready, repolling fd = 7
Socket not ready, repolling fd = 7
Socket not ready, repolling fd = 7
Socket not ready, repolling fd = 7
Socket not ready, repolling fd = 7
Socket not ready, repolling fd = 7
Socket not ready, repolling fd = 7
Socket not ready, repolling fd = 7
Socket not ready, repolling fd = 7
Socket not ready, repolling fd = 7
Socket not ready, repolling fd = 7
Socket not ready, repolling fd = 7
Socket not ready, repolling fd = 7
Socket not ready, repolling fd = 7
Socket not ready, repolling fd = 7
Socket not ready, repolling fd = 7
Socket not ready, repolling fd = 7
Socket not ready, repolling fd = 7
Socket not ready, repolling fd = 7
Socket not ready, repolling fd = 7
Socket not ready, repolling fd = 7
Socket not ready, repolling fd = 7
Socket not ready, repolling fd = 7
Socket not ready, repolling fd = 7
Socket not ready, repolling fd = 7
Socket not ready, repolling fd = 7
Socket not ready, repolling fd = 7
Socket not ready, repolling fd = 7
Socket not ready, repolling fd = 7
Socket not ready, repolling fd = 7
Socket not ready, repolling fd = 7
Socket not ready, repolling fd = 7
Socket not ready, repolling fd = 7
Socket not ready, repolling fd = 7
Socket not ready, repolling fd = 7
Socket not ready, repolling fd = 7
Socket not ready, repolling fd = 7
Socket not ready, repolling fd = 7
Socket not ready, repolling fd = 7
Socket not ready, repolling fd = 7
Socket not ready, repolling fd = 7
Socket not ready, repolling fd = 7
Socket not ready, repolling fd = 7
Socket not ready, repolling fd = 7
Socket not ready, repolling fd = 7
Socket not ready, repolling fd = 7
Socket not ready, repolling fd = 7
Socket not ready, repolling fd = 7
Socket not ready, repolling fd = 7
Socket not ready, repolling fd = 7
Socket not ready, repolling fd = 7
Socket not ready, repolling fd = 7
Socket not ready, repolling fd = 7
Socket not ready, repolling fd = 7
Socket not ready, repolling fd = 7
Socket not ready, repolling fd = 7
Socket not ready, repolling fd = 7
Socket not ready, repolling fd = 7
Socket not ready, repolling fd = 7
Socket not ready, repolling fd = 7
Socket not ready, repolling fd = 7
Socket not ready, repolling fd = 7
Socket not ready, repolling fd = 7
Socket not ready, repolling fd = 7
Socket not ready, repolling fd = 7
Socket not ready, repolling fd = 7
Socket not ready, repolling fd = 7
Socket not ready, repolling fd = 7
Socket not ready, repolling fd = 7
Socket not ready, repolling fd = 7
Socket not ready, repolling fd = 7
Socket not ready, repolling fd = 7
Socket not ready, repolling fd = 7
Socket not ready, repolling fd = 7
Socket not ready, repolling fd = 7
Socket not ready, repolling fd = 7
Socket not ready, repolling fd = 7
Socket not ready, repolling fd = 7
Socket not ready, repolling fd = 7
Socket not ready, repolling fd = 7
Socket not ready, repolling fd = 7
Socket not ready, repolling fd = 7
Socket not ready, repolling fd = 7
Socket not ready, repolling fd = 7
Socket not ready, repolling fd = 7
Socket not ready, repolling fd = 7
Socket not ready, repolling fd = 7
Socket not ready, repolling fd = 7
Socket not ready, repolling fd = 7
Socket not ready, repolling fd = 7
Socket not ready, repolling fd = 7
Socket not ready, repolling fd = 7
Socket not ready, repolling fd = 7
Socket not ready, repolling fd = 7
Socket not ready, repolling fd = 7
Socket not ready, repolling fd = 7
Socket not ready, repolling fd = 7
Socket not ready, repolling fd = 7
Socket not ready, repolling fd = 7
Socket not ready, repolling fd = 7
Socket not ready, repolling fd = 7
Socket not ready, repolling fd = 7
Socket not ready, repolling fd = 7
Socket not ready, repolling fd = 7
Socket not ready, repolling fd = 7
Socket not ready, repolling fd = 7
Socket not ready, repolling fd = 7
Socket not ready, repolling fd = 7
Socket not ready, repolling fd = 7
Socket not ready, repolling fd = 7
Socket not ready, repolling fd = 7
Socket not ready, repolling fd = 7
Socket not ready, repolling fd = 7
Socket not ready, repolling fd = 7
Socket not ready, repolling fd = 7
Socket not ready, repolling fd = 7
Socket not ready, repolling fd = 7
Socket not ready, repolling fd = 7
Socket not ready, repolling fd = 7
Socket not ready, repolling fd = 7
Socket not ready, repolling fd = 7
Socket not ready, repolling fd = 7
Socket not ready, repolling fd = 7
Socket not ready, repolling fd = 7
Socket not ready, repolling fd = 7
Socket not ready, repolling fd = 7
Socket not ready, repolling fd = 7
Socket not ready, repolling fd = 7
Socket not ready, repolling fd = 7
Socket not ready, repolling fd = 7
Socket not ready, repolling fd = 7
Socket not ready, repolling fd = 7
Socket not ready, repolling fd = 7
Socket not ready, repolling fd = 7
Socket not ready, repolling fd = 7
Socket not ready, repolling fd = 7
Socket not ready, repolling fd = 7
Socket not ready, repolling fd = 7
Socket not ready, repolling fd = 7
Socket not ready, repolling fd = 7
Socket not ready, repolling fd = 7
Socket not ready, repolling fd = 7
Socket not ready, repolling fd = 7
Socket not ready, repolling fd = 7
Socket not ready, repolling fd = 7
Socket not ready, repolling fd = 7
Socket not ready, repolling fd = 7
Socket not ready, repolling fd = 7
Socket not ready, repolling fd = 7
Socket not ready, repolling fd = 7
Socket not ready, repolling fd = 7
Socket not ready, repolling fd = 7
Socket not ready, repolling fd = 7
Socket not ready, repolling fd = 7
Socket not ready, repolling fd = 7
Socket not ready, repolling fd = 7
Socket not ready, repolling fd = 7
Socket not ready, repolling fd = 7
Socket not ready, repolling fd = 7
Socket not ready, repolling fd = 7
Socket not ready, repolling fd = 7
Socket not ready, repolling fd = 7
Socket not ready, repolling fd = 7
Socket not ready, repolling fd = 7
Socket not ready, repolling fd = 7
Socket not ready, repolling fd = 7
Socket not ready, repolling fd = 7
Socket not ready, repolling fd = 7
Socket not ready, repolling fd = 7
Socket not ready, repolling fd = 7
Socket not ready, repolling fd = 7
Socket not ready, repolling fd = 7
Socket not ready, repolling fd = 7
Socket not ready, repolling fd = 7
Socket not ready, repolling fd = 7
Socket not ready, repolling fd = 7
Socket not ready, repolling fd = 7
Socket not ready, repolling fd = 7
Socket not ready, repolling fd = 7
Socket not ready, repolling fd = 7
Socket not ready, repolling fd = 7
Socket not ready, repolling fd = 7
Socket not ready, repolling fd = 7
Socket not ready, repolling fd = 7
Socket not ready, repolling fd = 7
Socket not ready, repolling fd = 7
Socket not ready, repolling fd = 7
Socket not ready, repolling fd = 7
Socket not ready, repolling fd = 7
Socket not ready, repolling fd = 7
Socket not ready, repolling fd = 7
Socket not ready, repolling fd = 7
Socket not ready, repolling fd = 7
Socket not ready, repolling fd = 7
Socket not ready, repolling fd = 7
Socket not ready, repolling fd = 7
Socket not ready, repolling fd = 7
Socket not ready, repolling fd = 7
Socket not ready, repolling fd = 7
Socket not ready, repolling fd = 7
Socket not ready, repolling fd = 7
Socket not ready, repolling fd = 7
Socket not ready, repolling fd = 7
Socket not ready, repolling fd = 7
Socket not ready, repolling fd = 7
Socket not ready, repolling fd = 7
Socket not ready, repolling fd = 7
Socket not ready, repolling fd = 7
Socket not ready, repolling fd = 7
Socket not ready, repolling fd = 7
Socket not ready, repolling fd = 7
Socket not ready, repolling fd = 7
Socket not ready, repolling fd = 7
Socket not ready, repolling fd = 7
Socket not ready, repolling fd = 7
Socket not ready, repolling fd = 7
Socket not ready, repolling fd = 7
Socket not ready, repolling fd = 7
Socket not ready, repolling fd = 7
Socket not ready, repolling fd = 7
Socket not ready, repolling fd = 7
Socket not ready, repolling fd = 7
Socket not ready, repolling fd = 7
Socket not ready, repolling fd = 7
Socket not ready, repolling fd = 7
Socket not ready, repolling fd = 7
Socket not ready, repolling fd = 7
Socket not ready, repolling fd = 7
Socket not ready, repolling fd = 7
Socket not ready, repolling fd = 7
Socket not ready, repolling fd = 7
Socket not ready, repolling fd = 7
Socket not ready, repolling fd = 7
Socket not ready, repolling fd = 7
Socket not ready, repolling fd = 7
Socket not ready, repolling fd = 7
Socket not ready, repolling fd = 7
Socket not ready, repolling fd = 7
Socket not ready, repolling fd = 7
Socket not ready, repolling fd = 7
Socket not ready, repolling fd = 7
Socket not ready, repolling fd = 7
Socket not ready, repolling fd = 7
Socket not ready, repolling fd = 7
Socket not ready, repolling fd = 7
Socket not ready, repolling fd = 7
Socket not ready, repolling fd = 7
Socket not ready, repolling fd = 7
Socket not ready, repolling fd = 7
Socket not ready, repolling fd = 7
Socket not ready, repolling fd = 7
Socket not ready, repolling fd = 7
Socket not ready, repolling fd = 7
Socket not ready, repolling fd = 7
Socket not ready, repolling fd = 7
Socket not ready, repolling fd = 7
Socket not ready, repolling fd = 7
Socket not ready, repolling fd = 7
Socket not ready, repolling fd = 7
Socket not ready, repolling fd = 7
Socket not ready, repolling fd = 7
Socket not ready, repolling fd = 7
Socket not ready, repolling fd = 7
Socket not ready, repolling fd = 7
Socket not ready, repolling fd = 7
Socket not ready, repolling fd = 7
Socket not ready, repolling fd = 7
Socket not ready, repolling fd = 7
Socket not ready, repolling fd = 7
Socket not ready, repolling fd = 7
Socket not ready, repolling fd = 7
Socket not ready, repolling fd = 7
Socket not ready, repolling fd = 7
Socket not ready, repolling fd = 7
Socket not ready, repolling fd = 7
Socket not ready, repolling fd = 7
Socket not ready, repolling fd = 7
Socket not ready, repolling fd = 7
Socket not ready, repolling fd = 7
Socket not ready, repolling fd = 7
Socket not ready, repolling fd = 7
Socket not ready, repolling fd = 7
Socket not ready, repolling fd = 7
Socket not ready, repolling fd = 7
Socket not ready, repolling fd = 7
Socket not ready, repolling fd = 7
Socket not ready, repolling fd = 7
Socket not ready, repolling fd = 7
Socket not ready, repolling fd = 7
Socket not ready, repolling fd = 7
Socket not ready, repolling fd = 7
Socket not ready, repolling fd = 7
Socket not ready, repolling fd = 7
Socket not ready, repolling fd = 7
Socket not ready, repolling fd = 7
Socket not ready, repolling fd = 7
Socket not ready, repolling fd = 7
Socket not ready, repolling fd = 7
Socket not ready, repolling fd = 7
Socket not ready, repolling fd = 7
Socket not ready, repolling fd = 7
Socket not ready, repolling fd = 7
Socket not ready, repolling fd = 7
Socket not ready, repolling fd = 7
Socket not ready, repolling fd = 7
Socket not ready, repolling fd = 7
Socket not ready, repolling fd = 7
Socket not ready, repolling fd = 7
Socket not ready, repolling fd = 7
Socket not ready, repolling fd = 7
Socket not ready, repolling fd = 7
Socket not ready, repolling fd = 7
Socket not ready, repolling fd = 7
Socket not ready, repolling fd = 7
Socket not ready, repolling fd = 7
Socket not ready, repolling fd = 7
Socket not ready, repolling fd = 7
Socket not ready, repolling fd = 7
Socket not ready, repolling fd = 7
Socket not ready, repolling fd = 7
Socket not ready, repolling fd = 7
Socket not ready, repolling fd = 7
Socket not ready, repolling fd = 7
Socket not ready, repolling fd = 7
Socket not ready, repolling fd = 7
Socket not ready, repolling fd = 7
Socket not ready, repolling fd = 7
Socket not ready, repolling fd = 7
Socket not ready, repolling fd = 7
Socket not ready, repolling fd = 7
Socket not ready, repolling fd = 7
Socket not ready, repolling fd = 7
Socket not ready, repolling fd = 7
Socket not ready, repolling fd = 7
Socket not ready, repolling fd = 7
Socket not ready, repolling fd = 7
Socket not ready, repolling fd = 7
Socket not ready, repolling fd = 7
Socket not ready, repolling fd = 7
Socket not ready, repolling fd = 7
Socket not ready, repolling fd = 7
Socket not ready, repolling fd = 7
Socket not ready, repolling fd = 7
Socket not ready, repolling fd = 7
Socket not ready, repolling fd = 7
Socket not ready, repolling fd = 7
Socket not ready, repolling fd = 7
Socket not ready, repolling fd = 7
Socket not ready, repolling fd = 7
Socket not ready, repolling fd = 7
Socket not ready, repolling fd = 7
Socket not ready, repolling fd = 7
Socket not ready, repolling fd = 7
Socket not ready, repolling fd = 7
Socket not ready, repolling fd = 7
Socket not ready, repolling fd = 7
Socket not ready, repolling fd = 7
Socket not ready, repolling fd = 7
Socket not ready, repolling fd = 7
Socket not ready, repolling fd = 7
Socket not ready, repolling fd = 7
Socket not ready, repolling fd = 7
Socket not ready, repolling fd = 7
Socket not ready, repolling fd = 7
Socket not ready, repolling fd = 7
Socket not ready, repolling fd = 7
Socket not ready, repolling fd = 7
Socket not ready, repolling fd = 7
Socket not ready, repolling fd = 7
Socket not ready, repolling fd = 7
Socket not ready, repolling fd = 7
Socket not ready, repolling fd = 7
Socket not ready, repolling fd = 7
Socket not ready, repolling fd = 7
Socket not ready, repolling fd = 7
Socket not ready, repolling fd = 7
Socket not ready, repolling fd = 7
Socket not ready, repolling fd = 7
Socket not ready, repolling fd = 7
Socket not ready, repolling fd = 7
Socket not ready, repolling fd = 7
Socket not ready, repolling fd = 7
Socket not ready, repolling fd = 7
Socket not ready, repolling fd = 7
Socket not ready, repolling fd = 7
Socket not ready, repolling fd = 7
Socket not ready, repolling fd = 7
Socket not ready, repolling fd = 7
Socket not ready, repolling fd = 7
Socket not ready, repolling fd = 7
Socket not ready, repolling fd = 7
Socket not ready, repolling fd = 7
Socket not ready, repolling fd = 7
Socket not ready, repolling fd = 7
Socket not ready, repolling fd = 7
Socket not ready, repolling fd = 7
Socket not ready, repolling fd = 7
Socket not ready, repolling fd = 7
Socket not ready, repolling fd = 7
Socket not ready, repolling fd = 7
Socket not ready, repolling fd = 7
Socket not ready, repolling fd = 7
Socket not ready, repolling fd = 7
Socket not ready, repolling fd = 7
Socket not ready, repolling fd = 7
Socket not ready, repolling fd = 7
Socket not ready, repolling fd = 7
Socket not ready, repolling fd = 7
Socket not ready, repolling fd = 7
Socket not ready, repolling fd = 7
Socket not ready, repolling fd = 7
Socket not ready, repolling fd = 7
Socket not ready, repolling fd = 7
Socket not ready, repolling fd = 7
Socket not ready, repolling fd = 7
Socket not ready, repolling fd = 7
Socket not ready, repolling fd = 7
Socket not ready, repolling fd = 7
Socket not ready, repolling fd = 7
Socket not ready, repolling fd = 7
Socket not ready, repolling fd = 7
Socket not ready, repolling fd = 7
Socket not ready, repolling fd = 7
Socket not ready, repolling fd = 7
Socket not ready, repolling fd = 7
Socket not ready, repolling fd = 7
Socket not ready, repolling fd = 7
Socket not ready, repolling fd = 7
Socket not ready, repolling fd = 7
Socket not ready, repolling fd = 7
Socket not ready, repolling fd = 7
Socket not ready, repolling fd = 7
Socket not ready, repolling fd = 7
Socket not ready, repolling fd = 7
Socket not ready, repolling fd = 7
Socket not ready, repolling fd = 7
Socket not ready, repolling fd = 7
Socket not ready, repolling fd = 7
Socket not ready, repolling fd = 7
Socket not ready, repolling fd = 7
Socket not ready, repolling fd = 7
Socket not ready, repolling fd = 7
Socket not ready, repolling fd = 7
Socket not ready, repolling fd = 7
Socket not ready, repolling fd = 7
Socket not ready, repolling fd = 7
Socket not ready, repolling fd = 7
Socket not ready, repolling fd = 7
Socket not ready, repolling fd = 7
Socket not ready, repolling fd = 7
Socket not ready, repolling fd = 7
Socket not ready, repolling fd = 7
Socket not ready, repolling fd = 7
Socket not ready, repolling fd = 7
Socket not ready, repolling fd = 7
Socket not ready, repolling fd = 7
Socket not ready, repolling fd = 7
Socket not ready, repolling fd = 7
Socket not ready, repolling fd = 7
Socket not ready, repolling fd = 7
Socket not ready, repolling fd = 7
Socket not ready, repolling fd = 7
Socket not ready, repolling fd = 7
Socket not ready, repolling fd = 7
Socket not ready, repolling fd = 7
Socket not ready, repolling fd = 7
Socket not ready, repolling fd = 7
Socket not ready, repolling fd = 7
Socket not ready, repolling fd = 7
Socket not ready, repolling fd = 7
Socket not ready, repolling fd = 7
Socket not ready, repolling fd = 7
Socket not ready, repolling fd = 7
Socket not ready, repolling fd = 7
Socket not ready, repolling fd = 7
Socket not ready, repolling fd = 7
Socket not ready, repolling fd = 7
Socket not ready, repolling fd = 7
Socket not ready, repolling fd = 7
Socket not ready, repolling fd = 7
Socket not ready, repolling fd = 7
Socket not ready, repolling fd = 7
Socket not ready, repolling fd = 7
Socket not ready, repolling fd = 7
Socket not ready, repolling fd = 7
Socket not ready, repolling fd = 7
Socket not ready, repolling fd = 7
Socket not ready, repolling fd = 7
Socket not ready, repolling fd = 7
Socket not ready, repolling fd = 7
Socket not ready, repolling fd = 7
Socket not ready, repolling fd = 7
Socket not ready, repolling fd = 7
Socket not ready, repolling fd = 7
Socket not ready, repolling fd = 7
Socket not ready, repolling fd = 7
Socket not ready, repolling fd = 7
Socket not ready, repolling fd = 7
Socket not ready, repolling fd = 7
Socket not ready, repolling fd = 7
Socket not ready, repolling fd = 7
Socket not ready, repolling fd = 7
Socket not ready, repolling fd = 7
Socket not ready, repolling fd = 7
Socket not ready, repolling fd = 7
Socket not ready, repolling fd = 7
Socket not ready, repolling fd = 7
Socket not ready, repolling fd = 7
Socket not ready, repolling fd = 7
Socket not ready, repolling fd = 7
Socket not ready, repolling fd = 7
Socket not ready, repolling fd = 7
Socket not ready, repolling fd = 7
Socket not ready, repolling fd = 7
Socket not ready, repolling fd = 7
Socket not ready, repolling fd = 7
Socket not ready, repolling fd = 7
Socket not ready, repolling fd = 7
Socket not ready, repolling fd = 7
Socket not ready, repolling fd = 7
Socket not ready, repolling fd = 7
Socket not ready, repolling fd = 7
Socket not ready, repolling fd = 7
Socket not ready, repolling fd = 7
Socket not ready, repolling fd = 7
Socket not ready, repolling fd = 7
Socket not ready, repolling fd = 7
Socket not ready, repolling fd = 7
Socket not ready, repolling fd = 7
Socket not ready, repolling fd = 7
Socket not ready, repolling fd = 7
Socket not ready, repolling fd = 7
Socket not ready, repolling fd = 7
Socket not ready, repolling fd = 7
Socket not ready, repolling fd = 7
Socket not ready, repolling fd = 7
Socket not ready, repolling fd = 7
Socket not ready, repolling fd = 7
Socket not ready, repolling fd = 7
Socket not ready, repolling fd = 7
Socket not ready, repolling fd = 7
Socket not ready, repolling fd = 7
Socket not ready, repolling fd = 7
Socket not ready, repolling fd = 7
Socket not ready, repolling fd = 7
Socket not ready, repolling fd = 7
Socket not ready, repolling fd = 7
Socket not ready, repolling fd = 7
Socket not ready, repolling fd = 7
Socket not ready, repolling fd = 7
Socket not ready, repolling fd = 7
Socket not ready, repolling fd = 7
Socket not ready, repolling fd = 7
Socket not ready, repolling fd = 7
Socket not ready, repolling fd = 7
Socket not ready, repolling fd = 7
Socket not ready, repolling fd = 7
Socket not ready, repolling fd = 7
Socket not ready, repolling fd = 7
Socket not ready, repolling fd = 7
Socket not ready, repolling fd = 7
Socket not ready, repolling fd = 7
Socket not ready, repolling fd = 7
Socket not ready, repolling fd = 7
Socket not ready, repolling fd = 7
Socket not ready, repolling fd = 7
Socket not ready, repolling fd = 7
Socket not ready, repolling fd = 7
Socket not ready, repolling fd = 7
Socket not ready, repolling fd = 7
Socket not ready, repolling fd = 7
Socket not ready, repolling fd = 7
Socket not ready, repolling fd = 7
Socket not ready, repolling fd = 7
Socket not ready, repolling fd = 7
Socket not ready, repolling fd = 7
Socket not ready, repolling fd = 7
Socket not ready, repolling fd = 7
Socket not ready, repolling fd = 7
Socket not ready, repolling fd = 7
Socket not ready, repolling fd = 7
Socket not ready, repolling fd = 7
Socket not ready, repolling fd = 7
Socket not ready, repolling fd = 7
Socket not ready, repolling fd = 7
Socket not ready, repolling fd = 7
Socket not ready, repolling fd = 7
Socket not ready, repolling fd = 7
Socket not ready, repolling fd = 7
Socket not ready, repolling fd = 7
Socket not ready, repolling fd = 7
Socket not ready, repolling fd = 7
Socket not ready, repolling fd = 7
Socket not ready, repolling fd = 7
Socket not ready, repolling fd = 7
Socket not ready, repolling fd = 7
Socket not ready, repolling fd = 7
Socket not ready, repolling fd = 7
Socket not ready, repolling fd = 7
Socket not ready, repolling fd = 7
Socket not ready, repolling fd = 7
Socket not ready, repolling fd = 7
Socket not ready, repolling fd = 7
Socket not ready, repolling fd = 7
Socket not ready, repolling fd = 7
Socket not ready, repolling fd = 7
Socket not ready, repolling fd = 7
Socket not ready, repolling fd = 7
Socket not ready, repolling fd = 7
Socket not ready, repolling fd = 7
Socket not ready, repolling fd = 7
Socket not ready, repolling fd = 7
Socket not ready, repolling fd = 7
Socket not ready, repolling fd = 7
Socket not ready, repolling fd = 7
Socket not ready, repolling fd = 7
Socket not ready, repolling fd = 7
Socket not ready, repolling fd = 7
Socket not ready, repolling fd = 7
Socket not ready, repolling fd = 7
Socket not ready, repolling fd = 7
Socket not ready, repolling fd = 7
Socket not ready, repolling fd = 7
Socket not ready, repolling fd = 7
Socket not ready, repolling fd = 7
Socket not ready, repolling fd = 7
Socket not ready, repolling fd = 7
Socket not ready, repolling fd = 7
Socket not ready, repolling fd = 7
Socket not ready, repolling fd = 7
Socket not ready, repolling fd = 7
Socket not ready, repolling fd = 7
Socket not ready, repolling fd = 7
Socket not ready, repolling fd = 7
Socket not ready, repolling fd = 7
Socket not ready, repolling fd = 7
Socket not ready, repolling fd = 7
Socket not ready, repolling fd = 7
Socket not ready, repolling fd = 7
Socket not ready, repolling fd = 7
Socket not ready, repolling fd = 7
Socket not ready, repolling fd = 7
Socket not ready, repolling fd = 7
Socket not ready, repolling fd = 7
Socket not ready, repolling fd = 7
Socket not ready, repolling fd = 7
Socket not ready, repolling fd = 7
Socket not ready, repolling fd = 7
Socket not ready, repolling fd = 7
Socket not ready, repolling fd = 7
Socket not ready, repolling fd = 7
Socket not ready, repolling fd = 7
Socket not ready, repolling fd = 7
Socket not ready, repolling fd = 7
Socket not ready, repolling fd = 7
Socket not ready, repolling fd = 7
Socket not ready, repolling fd = 7
Socket not ready, repolling fd = 7
Socket not ready, repolling fd = 7
Socket not ready, repolling fd = 7
Socket not ready, repolling fd = 7
Socket not ready, repolling fd = 7
Socket not ready, repolling fd = 7
Socket not ready, repolling fd = 7
Socket not ready, repolling fd = 7
Socket not ready, repolling fd = 7
Socket not ready, repolling fd = 7
Socket not ready, repolling fd = 7
Socket not ready, repolling fd = 7
Socket not ready, repolling fd = 7
Socket not ready, repolling fd = 7
Socket not ready, repolling fd = 7
Socket not ready, repolling fd = 7
Socket not ready, repolling fd = 7
Socket not ready, repolling fd = 7
Socket not ready, repolling fd = 7
Socket not ready, repolling fd = 7
Socket not ready, repolling fd = 7
Socket not ready, repolling fd = 7
Socket not ready, repolling fd = 7
Socket not ready, repolling fd = 7
Socket not ready, repolling fd = 7
Socket not ready, repolling fd = 7
Socket not ready, repolling fd = 7
Socket not ready, repolling fd = 7
Socket not ready, repolling fd = 7
Socket not ready, repolling fd = 7
Socket not ready, repolling fd = 7
Socket not ready, repolling fd = 7
Socket not ready, repolling fd = 7
Socket not ready, repolling fd = 7
Socket not ready, repolling fd = 7
Socket not ready, repolling fd = 7
Socket not ready, repolling fd = 7
Socket not ready, repolling fd = 7
Socket not ready, repolling fd = 7
Socket not ready, repolling fd = 7
Socket not ready, repolling fd = 7
Socket not ready, repolling fd = 7
Socket not ready, repolling fd = 7
Socket not ready, repolling fd = 7
Socket not ready, repolling fd = 7
Socket not ready, repolling fd = 7
Socket not ready, repolling fd = 7
Socket not ready, repolling fd = 7
Socket not ready, repolling fd = 7
Socket not ready, repolling fd = 7
Socket not ready, repolling fd = 7
Socket not ready, repolling fd = 7
Socket not ready, repolling fd = 7
Socket not ready, repolling fd = 7
Socket not ready, repolling fd = 7
Socket not ready, repolling fd = 7
Socket not ready, repolling fd = 7
Socket not ready, repolling fd = 7
Socket not ready, repolling fd = 7
Socket not ready, repolling fd = 7
Socket not ready, repolling fd = 7
Socket not ready, repolling fd = 7
Socket not ready, repolling fd = 7
Socket not ready, repolling fd = 7
Socket not ready, repolling fd = 7
Socket not ready, repolling fd = 7
Socket not ready, repolling fd = 7
Socket not ready, repolling fd = 7
Socket not ready, repolling fd = 7
Socket not ready, repolling fd = 7
Socket not ready, repolling fd = 7
Socket not ready, repolling fd = 7
Socket not ready, repolling fd = 7
Socket not ready, repolling fd = 7
Socket not ready, repolling fd = 7
Socket not ready, repolling fd = 7
Socket not ready, repolling fd = 7
Socket not ready, repolling fd = 7
Socket not ready, repolling fd = 7
Socket not ready, repolling fd = 7
Socket not ready, repolling fd = 7
Socket not ready, repolling fd = 7
Socket not ready, repolling fd = 7
Socket not ready, repolling fd = 7
Socket not ready, repolling fd = 7
Socket not ready, repolling fd = 7
Socket not ready, repolling fd = 7
Socket not ready, repolling fd = 7
Socket not ready, repolling fd = 7
Socket not ready, repolling fd = 7
Socket not ready, repolling fd = 7
Socket not ready, repolling fd = 7
Socket not ready, repolling fd = 7
Socket not ready, repolling fd = 7
Socket not ready, repolling fd = 8
Socket not ready, repolling fd = 9
Socket not ready, repolling fd = 9
Socket not ready, repolling fd = 9
Socket not ready, repolling fd = 9
Socket not ready, repolling fd = 9
Socket not ready, repolling fd = 9
Socket not ready, repolling fd = 9
Socket not ready, repolling fd = 9
Socket not ready, repolling fd = 9
Socket not ready, repolling fd = 9
Socket not ready, repolling fd = 9
Socket not ready, repolling fd = 9
Socket not ready, repolling fd = 9
Socket not ready, repolling fd = 9
Socket not ready, repolling fd = 9
Socket not ready, repolling fd = 9
Socket not ready, repolling fd = 9
Socket not ready, repolling fd = 9
Socket not ready, repolling fd = 9
Socket not ready, repolling fd = 9
Socket not ready, repolling fd = 9
Socket not ready, repolling fd = 9
Socket not ready, repolling fd = 9
Socket not ready, repolling fd = 9
Socket not ready, repolling fd = 9
Socket not ready, repolling fd = 9
Socket not ready, repolling fd = 9
Socket not ready, repolling fd = 9
Socket not ready, repolling fd = 9
Socket not ready, repolling fd = 9
Socket not ready, repolling fd = 9
Socket not ready, repolling fd = 9
Socket not ready, repolling fd = 9
Socket not ready, repolling fd = 9
Socket not ready, repolling fd = 9
Socket not ready, repolling fd = 9
Socket not ready, repolling fd = 9
Socket not ready, repolling fd = 9
Socket not ready, repolling fd = 9
Socket not ready, repolling fd = 9
Socket not ready, repolling fd = 9
Socket not ready, repolling fd = 9
Socket not ready, repolling fd = 9
Socket not ready, repolling fd = 9
Socket not ready, repolling fd = 9
Socket not ready, repolling fd = 9
Socket not ready, repolling fd = 9
Socket not ready, repolling fd = 9
Socket not ready, repolling fd = 9
Socket not ready, repolling fd = 9
Socket not ready, repolling fd = 9
Socket not ready, repolling fd = 9
Socket not ready, repolling fd = 9
Socket not ready, repolling fd = 9
Socket not ready, repolling fd = 9
Socket not ready, repolling fd = 9
Socket not ready, repolling fd = 9
Socket not ready, repolling fd = 9
Socket not ready, repolling fd = 9
Socket not ready, repolling fd = 9
Socket not ready, repolling fd = 9
Socket not ready, repolling fd = 9
Socket not ready, repolling fd = 9
Socket not ready, repolling fd = 9
Socket not ready, repolling fd = 9
Socket not ready, repolling fd = 9
Socket not ready, repolling fd = 9
Socket not ready, repolling fd = 9
Socket not ready, repolling fd = 9
Socket not ready, repolling fd = 9
Socket not ready, repolling fd = 9
Socket not ready, repolling fd = 9
Socket not ready, repolling fd = 9
Socket not ready, repolling fd = 9
Socket not ready, repolling fd = 9
Socket not ready, repolling fd = 9
Socket not ready, repolling fd = 9
Socket not ready, repolling fd = 9
Socket not ready, repolling fd = 9
Socket not ready, repolling fd = 9
Socket not ready, repolling fd = 9
Socket not ready, repolling fd = 9
Socket not ready, repolling fd = 9
Socket not ready, repolling fd = 9
Socket not ready, repolling fd = 9
Socket not ready, repolling fd = 9
Socket not ready, repolling fd = 9
Socket not ready, repolling fd = 9
Socket not ready, repolling fd = 9
Socket not ready, repolling fd = 9
Socket not ready, repolling fd = 9
Socket not ready, repolling fd = 9
Socket not ready, repolling fd = 9
Socket not ready, repolling fd = 9
Socket not ready, repolling fd = 9
Socket not ready, repolling fd = 9
Socket not ready, repolling fd = 9
Socket not ready, repolling fd = 9
Socket not ready, repolling fd = 9
Socket not ready, repolling fd = 9
Socket not ready, repolling fd = 9
Socket not ready, repolling fd = 9
Socket not ready, repolling fd = 9
Socket not ready, repolling fd = 9
Socket not ready, repolling fd = 9
Socket not ready, repolling fd = 9
Socket not ready, repolling fd = 9
Socket not ready, repolling fd = 9
Socket not ready, repolling fd = 9
Socket not ready, repolling fd = 9
Socket not ready, repolling fd = 9
Socket not ready, repolling fd = 9
Socket not ready, repolling fd = 9
Socket not ready, repolling fd = 9
Socket not ready, repolling fd = 9
Socket not ready, repolling fd = 9
Socket not ready, repolling fd = 9
Socket not ready, repolling fd = 9
Socket not ready, repolling fd = 9
Socket not ready, repolling fd = 9
Socket not ready, repolling fd = 9
Socket not ready, repolling fd = 9
Socket not ready, repolling fd = 9
Socket not ready, repolling fd = 9
Socket not ready, repolling fd = 9
Socket not ready, repolling fd = 9
Socket not ready, repolling fd = 9
Socket not ready, repolling fd = 9
Socket not ready, repolling fd = 9
Socket not ready, repolling fd = 9
Socket not ready, repolling fd = 9
Socket not ready, repolling fd = 9
Socket not ready, repolling fd = 9
Socket not ready, repolling fd = 9
Socket not ready, repolling fd = 9
Socket not ready, repolling fd = 9
Socket not ready, repolling fd = 9
Socket not ready, repolling fd = 9
Socket not ready, repolling fd = 9
Socket not ready, repolling fd = 9
Socket not ready, repolling fd = 9
Socket not ready, repolling fd = 9
Socket not ready, repolling fd = 9
Socket not ready, repolling fd = 9
Socket not ready, repolling fd = 9
Socket not ready, repolling fd = 9
Socket not ready, repolling fd = 9
Socket not ready, repolling fd = 9
Socket not ready, repolling fd = 9
Socket not ready, repolling fd = 9
Socket not ready, repolling fd = 9
Socket not ready, repolling fd = 9
Socket not ready, repolling fd = 9
Socket not ready, repolling fd = 9
Socket not ready, repolling fd = 9
Socket not ready, repolling fd = 9
Socket not ready, repolling fd = 9
Socket not ready, repolling fd = 9
Socket not ready, repolling fd = 9
Socket not ready, repolling fd = 9
Socket not ready, repolling fd = 9
Socket not ready, repolling fd = 9
Socket not ready, repolling fd = 9
Socket not ready, repolling fd = 9
Socket not ready, repolling fd = 9
Socket not ready, repolling fd = 9
Socket not ready, repolling fd = 9
Socket not ready, repolling fd = 9
Socket not ready, repolling fd = 9
Socket not ready, repolling fd = 9
Socket not ready, repolling fd = 9
Socket not ready, repolling fd = 9
Socket not ready, repolling fd = 9
Socket not ready, repolling fd = 9
Socket not ready, repolling fd = 9
Socket not ready, repolling fd = 9
Socket not ready, repolling fd = 9
Socket not ready, repolling fd = 9
Socket not ready, repolling fd = 9
Socket not ready, repolling fd = 9
Socket not ready, repolling fd = 9
Socket not ready, repolling fd = 9
Socket not ready, repolling fd = 9
Socket not ready, repolling fd = 9
Socket not ready, repolling fd = 9
Socket not ready, repolling fd = 9
Socket not ready, repolling fd = 9
Socket not ready, repolling fd = 9
Socket not ready, repolling fd = 9
Socket not ready, repolling fd = 9
Socket not ready, repolling fd = 9
Socket not ready, repolling fd = 9
Socket not ready, repolling fd = 9
Socket not ready, repolling fd = 9
Socket not ready, repolling fd = 9
Socket not ready, repolling fd = 9
Socket not ready, repolling fd = 9
Socket not ready, repolling fd = 9
Socket not ready, repolling fd = 9
Socket not ready, repolling fd = 9
Socket not ready, repolling fd = 9
Socket not ready, repolling fd = 9
Socket not ready, repolling fd = 9
Socket not ready, repolling fd = 9
Socket not ready, repolling fd = 9
Socket not ready, repolling fd = 9
Socket not ready, repolling fd = 9
Socket not ready, repolling fd = 9
Socket not ready, repolling fd = 8
Socket not ready, repolling fd = 8
Socket not ready, repolling fd = 8
Socket not ready, repolling fd = 8
Socket not ready, repolling fd = 8
Socket not ready, repolling fd = 8
Socket not ready, repolling fd = 8
Socket not ready, repolling fd = 8
Socket not ready, repolling fd = 8
Socket not ready, repolling fd = 8
Socket not ready, repolling fd = 8
Socket not ready, repolling fd = 8
Socket not ready, repolling fd = 8
Socket not ready, repolling fd = 8
Socket not ready, repolling fd = 8
Socket not ready, repolling fd = 8
Socket not ready, repolling fd = 8
Socket not ready, repolling fd = 8
Socket not ready, repolling fd = 8
Socket not ready, repolling fd = 8
Socket not ready, repolling fd = 8
Socket not ready, repolling fd = 8
Socket not ready, repolling fd = 8
Socket not ready, repolling fd = 8
Socket not ready, repolling fd = 8
Socket not ready, repolling fd = 8
Socket not ready, repolling fd = 8
Socket not ready, repolling fd = 8
Socket not ready, repolling fd = 8
Socket not ready, repolling fd = 8
Socket not ready, repolling fd = 8
Socket not ready, repolling fd = 8
Socket not ready, repolling fd = 8
Socket not ready, repolling fd = 8
Socket not ready, repolling fd = 8
Socket not ready, repolling fd = 8
Socket not ready, repolling fd = 8
Socket not ready, repolling fd = 8
Socket not ready, repolling fd = 8
Socket not ready, repolling fd = 8
Socket not ready, repolling fd = 8
Socket not ready, repolling fd = 8
Socket not ready, repolling fd = 8
Socket not ready, repolling fd = 8
Socket not ready, repolling fd = 8
Socket not ready, repolling fd = 8
Socket not ready, repolling fd = 8
Socket not ready, repolling fd = 8
Socket not ready, repolling fd = 8
Socket not ready, repolling fd = 8
Socket not ready, repolling fd = 8
Socket not ready, repolling fd = 8
Socket not ready, repolling fd = 8
Socket not ready, repolling fd = 8
Socket not ready, repolling fd = 8
Socket not ready, repolling fd = 8
Socket not ready, repolling fd = 8
Socket not ready, repolling fd = 8
Socket not ready, repolling fd = 8
Socket not ready, repolling fd = 8
Socket not ready, repolling fd = 8
Socket not ready, repolling fd = 8
Socket not ready, repolling fd = 8
Socket not ready, repolling fd = 8
Socket not ready, repolling fd = 8
Socket not ready, repolling fd = 8
Socket not ready, repolling fd = 8
Socket not ready, repolling fd = 8
Socket not ready, repolling fd = 8
Socket not ready, repolling fd = 8
Socket not ready, repolling fd = 8
Socket not ready, repolling fd = 8
Socket not ready, repolling fd = 8
Socket not ready, repolling fd = 8
Socket not ready, repolling fd = 8
Socket not ready, repolling fd = 8
Socket not ready, repolling fd = 8
Socket not ready, repolling fd = 8
Socket not ready, repolling fd = 8
Socket not ready, repolling fd = 8
Socket not ready, repolling fd = 8
Socket not ready, repolling fd = 8
Socket not ready, repolling fd = 8
Socket not ready, repolling fd = 8
Socket not ready, repolling fd = 8
Socket not ready, repolling fd = 8
Socket not ready, repolling fd = 8
Socket not ready, repolling fd = 8
Socket not ready, repolling fd = 8
Socket not ready, repolling fd = 8
Socket not ready, repolling fd = 8
Socket not ready, repolling fd = 8
Socket not ready, repolling fd = 8
Socket not ready, repolling fd = 8
Socket not ready, repolling fd = 8
Socket not ready, repolling fd = 8
Socket not ready, repolling fd = 8
Socket not ready, repolling fd = 8
Socket not ready, repolling fd = 8
Socket not ready, repolling fd = 8
Socket not ready, repolling fd = 8
Socket not ready, repolling fd = 8
Socket not ready, repolling fd = 8
Socket not ready, repolling fd = 8
Socket not ready, repolling fd = 8
Socket not ready, repolling fd = 8
Socket not ready, repolling fd = 8
Socket not ready, repolling fd = 8
Socket not ready, repolling fd = 8
Socket not ready, repolling fd = 8
Socket not ready, repolling fd = 8
Socket not ready, repolling fd = 8
Socket not ready, repolling fd = 8
Socket not ready, repolling fd = 8
Socket not ready, repolling fd = 8
Socket not ready, repolling fd = 8
Socket not ready, repolling fd = 8
Socket not ready, repolling fd = 8
Socket not ready, repolling fd = 8
Socket not ready, repolling fd = 8
Socket not ready, repolling fd = 8
Socket not ready, repolling fd = 8
Socket not ready, repolling fd = 8
Socket not ready, repolling fd = 8
Socket not ready, repolling fd = 8
Socket not ready, repolling fd = 8
Socket not ready, repolling fd = 8
Socket not ready, repolling fd = 8
Socket not ready, repolling fd = 8
Socket not ready, repolling fd = 8
Socket not ready, repolling fd = 8
Socket not ready, repolling fd = 8
Socket not ready, repolling fd = 8
Socket not ready, repolling fd = 8
Socket not ready, repolling fd = 8
Socket not ready, repolling fd = 8
Socket not ready, repolling fd = 8
Socket not ready, repolling fd = 8
Socket not ready, repolling fd = 8
Socket not ready, repolling fd = 8
Socket not ready, repolling fd = 8
Socket not ready, repolling fd = 8
Socket not ready, repolling fd = 8
Socket not ready, repolling fd = 8
Socket not ready, repolling fd = 8
Socket not ready, repolling fd = 8
Socket not ready, repolling fd = 8
Socket not ready, repolling fd = 8
Socket not ready, repolling fd = 8
Socket not ready, repolling fd = 8
Socket not ready, repolling fd = 8
Socket not ready, repolling fd = 8
Socket not ready, repolling fd = 8
Socket not ready, repolling fd = 8
Socket not ready, repolling fd = 8
Socket not ready, repolling fd = 8
Socket not ready, repolling fd = 8
Socket not ready, repolling fd = 8
Socket not ready, repolling fd = 8
Socket not ready, repolling fd = 8
Socket not ready, repolling fd = 8
Socket not ready, repolling fd = 8
Socket not ready, repolling fd = 8
Socket not ready, repolling fd = 8
Socket not ready, repolling fd = 8
Socket not ready, repolling fd = 8
Socket not ready, repolling fd = 8
Socket not ready, repolling fd = 8
Socket not ready, repolling fd = 8
Socket not ready, repolling fd = 8
Socket not ready, repolling fd = 8
Socket not ready, repolling fd = 8
Socket not ready, repolling fd = 8
Socket not ready, repolling fd = 8
Socket not ready, repolling fd = 8
Socket not ready, repolling fd = 8
Socket not ready, repolling fd = 8
Socket not ready, repolling fd = 8
Socket not ready, repolling fd = 8
Socket not ready, repolling fd = 8
Socket not ready, repolling fd = 8
Socket not ready, repolling fd = 8
Socket not ready, repolling fd = 8
Socket not ready, repolling fd = 8
Socket not ready, repolling fd = 8
Socket not ready, repolling fd = 8
Socket not ready, repolling fd = 8
Socket not ready, repolling fd = 8
Socket not ready, repolling fd = 8
Socket not ready, repolling fd = 8
Socket not ready, repolling fd = 8
Socket not ready, repolling fd = 8
Socket not ready, repolling fd = 8
Socket not ready, repolling fd = 8
Socket not ready, repolling fd = 8
Socket not ready, repolling fd = 8
Socket not ready, repolling fd = 8
Socket not ready, repolling fd = 8
Socket not ready, repolling fd = 8
Socket not ready, repolling fd = 8
Socket not ready, repolling fd = 8
Socket not ready, repolling fd = 8
Socket not ready, repolling fd = 8
Socket not ready, repolling fd = 8
Socket not ready, repolling fd = 8
Socket not ready, repolling fd = 8
Socket not ready, repolling fd = 8
Socket not ready, repolling fd = 8
Socket not ready, repolling fd = 8
Socket not ready, repolling fd = 8
Socket not ready, repolling fd = 8
Socket not ready, repolling fd = 8
Socket not ready, repolling fd = 8
Socket not ready, repolling fd = 8
Socket not ready, repolling fd = 8
Socket not ready, repolling fd = 8
Socket not ready, repolling fd = 8
Socket not ready, repolling fd = 8
Socket not ready, repolling fd = 8
Socket not ready, repolling fd = 8
Socket not ready, repolling fd = 8
Socket not ready, repolling fd = 8
Socket not ready, repolling fd = 8
Socket not ready, repolling fd = 8
Socket not ready, repolling fd = 8
Socket not ready, repolling fd = 8
Socket not ready, repolling fd = 8
Socket not ready, repolling fd = 8
Socket not ready, repolling fd = 8
Socket not ready, repolling fd = 8
Socket not ready, repolling fd = 8
Socket not ready, repolling fd = 8
Socket not ready, repolling fd = 8
Socket not ready, repolling fd = 8
Socket not ready, repolling fd = 8
Socket not ready, repolling fd = 8
Socket not ready, repolling fd = 8
Socket not ready, repolling fd = 8
Socket not ready, repolling fd = 8
Socket not ready, repolling fd = 8
Socket not ready, repolling fd = 8
Socket not ready, repolling fd = 8
Socket not ready, repolling fd = 8
Socket not ready, repolling fd = 8
Socket not ready, repolling fd = 8
Socket not ready, repolling fd = 8
Socket not ready, repolling fd = 8
Socket not ready, repolling fd = 8
Socket not ready, repolling fd = 8
Socket not ready, repolling fd = 8
Socket not ready, repolling fd = 8
Socket not ready, repolling fd = 8
Socket not ready, repolling fd = 8
Socket not ready, repolling fd = 8
Socket not ready, repolling fd = 8
Socket not ready, repolling fd = 8
Socket not ready, repolling fd = 8
Socket not ready, repolling fd = 8
Socket not ready, repolling fd = 8
Socket not ready, repolling fd = 8
Socket not ready, repolling fd = 8
Socket not ready, repolling fd = 8
Socket not ready, repolling fd = 8
Socket not ready, repolling fd = 8
Socket not ready, repolling fd = 8
Socket not ready, repolling fd = 8
Socket not ready, repolling fd = 8
Socket not ready, repolling fd = 8
Socket not ready, repolling fd = 8
Socket not ready, repolling fd = 8
Socket not ready, repolling fd = 8
Socket not ready, repolling fd = 8
Socket not ready, repolling fd = 8
Socket not ready, repolling fd = 8
Socket not ready, repolling fd = 8
Socket not ready, repolling fd = 8
Socket not ready, repolling fd = 8
Socket not ready, repolling fd = 8
Socket not ready, repolling fd = 8
Socket not ready, repolling fd = 8
Socket not ready, repolling fd = 8
Socket not ready, repolling fd = 8
Socket not ready, repolling fd = 8
Socket not ready, repolling fd = 8
Socket not ready, repolling fd = 8
Socket not ready, repolling fd = 8
Socket not ready, repolling fd = 8
Socket not ready, repolling fd = 8
Socket not ready, repolling fd = 8
Socket not ready, repolling fd = 8
Socket not ready, repolling fd = 8
Socket not ready, repolling fd = 8
Socket not ready, repolling fd = 8
Socket not ready, repolling fd = 8
Socket not ready, repolling fd = 8
Socket not ready, repolling fd = 8
Socket not ready, repolling fd = 8
Socket not ready, repolling fd = 8
Socket not ready, repolling fd = 7
Socket not ready, repolling fd = 7
Socket not ready, repolling fd = 7
Socket not ready, repolling fd = 7
Socket not ready, repolling fd = 7
Socket not ready, repolling fd = 7
Socket not ready, repolling fd = 7
Socket not ready, repolling fd = 7
Socket not ready, repolling fd = 7
Socket not ready, repolling fd = 7
Socket not ready, repolling fd = 7
Socket not ready, repolling fd = 7
Socket not ready, repolling fd = 7
Socket not ready, repolling fd = 7
Socket not ready, repolling fd = 7
Socket not ready, repolling fd = 7
Socket not ready, repolling fd = 7
Socket not ready, repolling fd = 7
Socket not ready, repolling fd = 7
Socket not ready, repolling fd = 7
Socket not ready, repolling fd = 7
Socket not ready, repolling fd = 7
Socket not ready, repolling fd = 7
Socket not ready, repolling fd = 7
Socket not ready, repolling fd = 7
Socket not ready, repolling fd = 7
Socket not ready, repolling fd = 7
Socket not ready, repolling fd = 7
Socket not ready, repolling fd = 7
Socket not ready, repolling fd = 7
Socket not ready, repolling fd = 7
Socket not ready, repolling fd = 7
Socket not ready, repolling fd = 7
Socket not ready, repolling fd = 7
Socket not ready, repolling fd = 7
Socket not ready, repolling fd = 7
Socket not ready, repolling fd = 7
Socket not ready, repolling fd = 7
Socket not ready, repolling fd = 7
Socket not ready, repolling fd = 7
Socket not ready, repolling fd = 7
Socket not ready, repolling fd = 7
Socket not ready, repolling fd = 7
Socket not ready, repolling fd = 7
Socket not ready, repolling fd = 7
Socket not ready, repolling fd = 7
Socket not ready, repolling fd = 7
Socket not ready, repolling fd = 7
Socket not ready, repolling fd = 7
Socket not ready, repolling fd = 7
Socket not ready, repolling fd = 7
Socket not ready, repolling fd = 7
Socket not ready, repolling fd = 7
Socket not ready, repolling fd = 7
Socket not ready, repolling fd = 7
Socket not ready, repolling fd = 7
Socket not ready, repolling fd = 7
Socket not ready, repolling fd = 7
Socket not ready, repolling fd = 7
Socket not ready, repolling fd = 7
Socket not ready, repolling fd = 7
Socket not ready, repolling fd = 7
Socket not ready, repolling fd = 7
Socket not ready, repolling fd = 9
Socket not ready, repolling fd = 9
Socket not ready, repolling fd = 9
Socket not ready, repolling fd = 9
Socket not ready, repolling fd = 9
Socket not ready, repolling fd = 9
Socket not ready, repolling fd = 9
Socket not ready, repolling fd = 9
Socket not ready, repolling fd = 9
Socket not ready, repolling fd = 9
Socket not ready, repolling fd = 9
Socket not ready, repolling fd = 9
Socket not ready, repolling fd = 9
Socket not ready, repolling fd = 9
Socket not ready, repolling fd = 9
Socket not ready, repolling fd = 9
Socket not ready, repolling fd = 9
Socket not ready, repolling fd = 9
Socket not ready, repolling fd = 9
Socket not ready, repolling fd = 9
Socket not ready, repolling fd = 9
Socket not ready, repolling fd = 9
Socket not ready, repolling fd = 9
Socket not ready, repolling fd = 9
Socket not ready, repolling fd = 9
Socket not ready, repolling fd = 9
Socket not ready, repolling fd = 9
Socket not ready, repolling fd = 9
Socket not ready, repolling fd = 9
Socket not ready, repolling fd = 9
Socket not ready, repolling fd = 9
Socket not ready, repolling fd = 9
Socket not ready, repolling fd = 9
Socket not ready, repolling fd = 9
Socket not ready, repolling fd = 9
Socket not ready, repolling fd = 9
Socket not ready, repolling fd = 9
Socket not ready, repolling fd = 9
Socket not ready, repolling fd = 9
Socket not ready, repolling fd = 9
Socket not ready, repolling fd = 9
Socket not ready, repolling fd = 9
Socket not ready, repolling fd = 9
Socket not ready, repolling fd = 9
Socket not ready, repolling fd = 9
Socket not ready, repolling fd = 9
Socket not ready, repolling fd = 9
Socket not ready, repolling fd = 9
Socket not ready, repolling fd = 9
Socket not ready, repolling fd = 9
Socket not ready, repolling fd = 9
Socket not ready, repolling fd = 9
Socket not ready, repolling fd = 9
Socket not ready, repolling fd = 9
Socket not ready, repolling fd = 9
Socket not ready, repolling fd = 9
Socket not ready, repolling fd = 9
Socket not ready, repolling fd = 9
Socket not ready, repolling fd = 9
Socket not ready, repolling fd = 9
Socket not ready, repolling fd = 9
Socket not ready, repolling fd = 9
Socket not ready, repolling fd = 9
Socket not ready, repolling fd = 9
Socket not ready, repolling fd = 9
Socket not ready, repolling fd = 9
Socket not ready, repolling fd = 9
Socket not ready, repolling fd = 9
Socket not ready, repolling fd = 9
Socket not ready, repolling fd = 9
Socket not ready, repolling fd = 9
Socket not ready, repolling fd = 9
Socket not ready, repolling fd = 9
Socket not ready, repolling fd = 9
Socket not ready, repolling fd = 9
Socket not ready, repolling fd = 9
Socket not ready, repolling fd = 9
Socket not ready, repolling fd = 9
Socket not ready, repolling fd = 9
Socket not ready, repolling fd = 9
Socket not ready, repolling fd = 9
Socket not ready, repolling fd = 9
Socket not ready, repolling fd = 9
Socket not ready, repolling fd = 9
Socket not ready, repolling fd = 9
Socket not ready, repolling fd = 9
Socket not ready, repolling fd = 9
Socket not ready, repolling fd = 9
Socket not ready, repolling fd = 9
Socket not ready, repolling fd = 9
Socket not ready, repolling fd = 9
Socket not ready, repolling fd = 9
Socket not ready, repolling fd = 9
Socket not ready, repolling fd = 9
Socket not ready, repolling fd = 9
Socket not ready, repolling fd = 9
Socket not ready, repolling fd = 9
Socket not ready, repolling fd = 9
Socket not ready, repolling fd = 9
Socket not ready, repolling fd = 9
Socket not ready, repolling fd = 9
Socket not ready, repolling fd = 9
Socket not ready, repolling fd = 9
Socket not ready, repolling fd = 9
Socket not ready, repolling fd = 9
Socket not ready, repolling fd = 9
Socket not ready, repolling fd = 9
Socket not ready, repolling fd = 9
Socket not ready, repolling fd = 9
Socket not ready, repolling fd = 9
Socket not ready, repolling fd = 9
Socket not ready, repolling fd = 9
Socket not ready, repolling fd = 9
Socket not ready, repolling fd = 9
Socket not ready, repolling fd = 9
Socket not ready, repolling fd = 9
Socket not ready, repolling fd = 9
Socket not ready, repolling fd = 9
Socket not ready, repolling fd = 9
Socket not ready, repolling fd = 9
Socket not ready, repolling fd = 9
Socket not ready, repolling fd = 9
Socket not ready, repolling fd = 9
Socket not ready, repolling fd = 9
Socket not ready, repolling fd = 9
Socket not ready, repolling fd = 9
Socket not ready, repolling fd = 9
Socket not ready, repolling fd = 9
Socket not ready, repolling fd = 9
Socket not ready, repolling fd = 9
Socket not ready, repolling fd = 9
Socket not ready, repolling fd = 9
Socket not ready, repolling fd = 9
Socket not ready, repolling fd = 9
Socket not ready, repolling fd = 9
Socket not ready, repolling fd = 9
Socket not ready, repolling fd = 9
Socket not ready, repolling fd = 9
Socket not ready, repolling fd = 9
Socket not ready, repolling fd = 9
Socket not ready, repolling fd = 9
Socket not ready, repolling fd = 9
Socket not ready, repolling fd = 9
Socket not ready, repolling fd = 9
Socket not ready, repolling fd = 9
Socket not ready, repolling fd = 9
Socket not ready, repolling fd = 9
Socket not ready, repolling fd = 9
Socket not ready, repolling fd = 9
Socket not ready, repolling fd = 9
Socket not ready, repolling fd = 9
Socket not ready, repolling fd = 9
Socket not ready, repolling fd = 9
Socket not ready, repolling fd = 9
Socket not ready, repolling fd = 9
Socket not ready, repolling fd = 9
Socket not ready, repolling fd = 9
Socket not ready, repolling fd = 9
Socket not ready, repolling fd = 9
Socket not ready, repolling fd = 9
Socket not ready, repolling fd = 9
Socket not ready, repolling fd = 9
Socket not ready, repolling fd = 9
Socket not ready, repolling fd = 9
Socket not ready, repolling fd = 9
Socket not ready, repolling fd = 9
Socket not ready, repolling fd = 9
Socket not ready, repolling fd = 9
Socket not ready, repolling fd = 9
Socket not ready, repolling fd = 9
Socket not ready, repolling fd = 9
Socket not ready, repolling fd = 9
Socket not ready, repolling fd = 9
Socket not ready, repolling fd = 9
Socket not ready, repolling fd = 9
Socket not ready, repolling fd = 9
Socket not ready, repolling fd = 9
Socket not ready, repolling fd = 9
Socket not ready, repolling fd = 9
Socket not ready, repolling fd = 9
Socket not ready, repolling fd = 9
Socket not ready, repolling fd = 9
Socket not ready, repolling fd = 9
Socket not ready, repolling fd = 9
Socket not ready, repolling fd = 9
Socket not ready, repolling fd = 9
Socket not ready, repolling fd = 9
Socket not ready, repolling fd = 9
Socket not ready, repolling fd = 9
Socket not ready, repolling fd = 9
Socket not ready, repolling fd = 9
Socket not ready, repolling fd = 9
Socket not ready, repolling fd = 9
Socket not ready, repolling fd = 9
Socket not ready, repolling fd = 9
Socket not ready, repolling fd = 9
Socket not ready, repolling fd = 9
Socket not ready, repolling fd = 9
Socket not ready, repolling fd = 9
Socket not ready, repolling fd = 9
Socket not ready, repolling fd = 9
Socket not ready, repolling fd = 9
Socket not ready, repolling fd = 9
Socket not ready, repolling fd = 9
Socket not ready, repolling fd = 9
Socket not ready, repolling fd = 9
Socket not ready, repolling fd = 9
Socket not ready, repolling fd = 9
Socket not ready, repolling fd = 9
Socket not ready, repolling fd = 9
Socket not ready, repolling fd = 9
Socket not ready, repolling fd = 9
Socket not ready, repolling fd = 9
Socket not ready, repolling fd = 9
Socket not ready, repolling fd = 9
Socket not ready, repolling fd = 9
Socket not ready, repolling fd = 9
Socket not ready, repolling fd = 9
Socket not ready, repolling fd = 9
Socket not ready, repolling fd = 9
Socket not ready, repolling fd = 9
Socket not ready, repolling fd = 9
Socket not ready, repolling fd = 9
Socket not ready, repolling fd = 9
Socket not ready, repolling fd = 9
Socket not ready, repolling fd = 9
Socket not ready, repolling fd = 9
Socket not ready, repolling fd = 9
Socket not ready, repolling fd = 9
Socket not ready, repolling fd = 9
Socket not ready, repolling fd = 9
Socket not ready, repolling fd = 9
Socket not ready, repolling fd = 9
Socket not ready, repolling fd = 9
Socket not ready, repolling fd = 9
Socket not ready, repolling fd = 9
Socket not ready, repolling fd = 9
Socket not ready, repolling fd = 9
Socket not ready, repolling fd = 9
Socket not ready, repolling fd = 9
Socket not ready, repolling fd = 9
Socket not ready, repolling fd = 9
Socket not ready, repolling fd = 9
Socket not ready, repolling fd = 9
Socket not ready, repolling fd = 9
Socket not ready, repolling fd = 9
Socket not ready, repolling fd = 9
Socket not ready, repolling fd = 9
Socket not ready, repolling fd = 9
Socket not ready, repolling fd = 9
Socket not ready, repolling fd = 9
Socket not ready, repolling fd = 9
Socket not ready, repolling fd = 9
Socket not ready, repolling fd = 9
Socket not ready, repolling fd = 9
Socket not ready, repolling fd = 9
Socket not ready, repolling fd = 9
Socket not ready, repolling fd = 9
Socket not ready, repolling fd = 7
Socket not ready, repolling fd = 7
Socket not ready, repolling fd = 7
Socket not ready, repolling fd = 7
Socket not ready, repolling fd = 7
Socket not ready, repolling fd = 7
Socket not ready, repolling fd = 7
Socket not ready, repolling fd = 7
Socket not ready, repolling fd = 7
Socket not ready, repolling fd = 7
Socket not ready, repolling fd = 7
Socket not ready, repolling fd = 7
Socket not ready, repolling fd = 7
Socket not ready, repolling fd = 7
Socket not ready, repolling fd = 7
Socket not ready, repolling fd = 7
Socket not ready, repolling fd = 7
Socket not ready, repolling fd = 7
Socket not ready, repolling fd = 7
Socket not ready, repolling fd = 7
Socket not ready, repolling fd = 7
Socket not ready, repolling fd = 7
Socket not ready, repolling fd = 7
Socket not ready, repolling fd = 7
Socket not ready, repolling fd = 7
Socket not ready, repolling fd = 7
Socket not ready, repolling fd = 7
Socket not ready, repolling fd = 7
Socket not ready, repolling fd = 7
Socket not ready, repolling fd = 7
Socket not ready, repolling fd = 7
Socket not ready, repolling fd = 8
Socket not ready, repolling fd = 8
Socket not ready, repolling fd = 8
Socket not ready, repolling fd = 8
Socket not ready, repolling fd = 8
Socket not ready, repolling fd = 8
Socket not ready, repolling fd = 8
Socket not ready, repolling fd = 8
Socket not ready, repolling fd = 8
Socket not ready, repolling fd = 8
Socket not ready, repolling fd = 8
Socket not ready, repolling fd = 8
Socket not ready, repolling fd = 8
Socket not ready, repolling fd = 8
Socket not ready, repolling fd = 8
Socket not ready, repolling fd = 8
Socket not ready, repolling fd = 8
Socket not ready, repolling fd = 8
Socket not ready, repolling fd = 8
Socket not ready, repolling fd = 8
Socket not ready, repolling fd = 8
Socket not ready, repolling fd = 8
Socket not ready, repolling fd = 8
Socket not ready, repolling fd = 8
Socket not ready, repolling fd = 8
Socket not ready, repolling fd = 8
Socket not ready, repolling fd = 8
Socket not ready, repolling fd = 8
Socket not ready, repolling fd = 8
Socket not ready, repolling fd = 8
Socket not ready, repolling fd = 8
Socket not ready, repolling fd = 8
Socket not ready, repolling fd = 8
Socket not ready, repolling fd = 8
Socket not ready, repolling fd = 8
Socket not ready, repolling fd = 8
Socket not ready, repolling fd = 8
Socket not ready, repolling fd = 8
Socket not ready, repolling fd = 8
Socket not ready, repolling fd = 8
Socket not ready, repolling fd = 8
Socket not ready, repolling fd = 8
Socket not ready, repolling fd = 8
Socket not ready, repolling fd = 8
Socket not ready, repolling fd = 8
Socket not ready, repolling fd = 8
Socket not ready, repolling fd = 8
Socket not ready, repolling fd = 8
Socket not ready, repolling fd = 8
Socket not ready, repolling fd = 8
Socket not ready, repolling fd = 8
Socket not ready, repolling fd = 8
Socket not ready, repolling fd = 8
Socket not ready, repolling fd = 8
Socket not ready, repolling fd = 8
Socket not ready, repolling fd = 8
Socket not ready, repolling fd = 8
Socket not ready, repolling fd = 8
Socket not ready, repolling fd = 8
Socket not ready, repolling fd = 8
Socket not ready, repolling fd = 8
Socket not ready, repolling fd = 8
Socket not ready, repolling fd = 8
Socket not ready, repolling fd = 8
Socket not ready, repolling fd = 8
Socket not ready, repolling fd = 8
Socket not ready, repolling fd = 8
Socket not ready, repolling fd = 8
Socket not ready, repolling fd = 8
Socket not ready, repolling fd = 8
Socket not ready, repolling fd = 8
Socket not ready, repolling fd = 8
Socket not ready, repolling fd = 8
Socket not ready, repolling fd = 8
Socket not ready, repolling fd = 8
Socket not ready, repolling fd = 8
Socket not ready, repolling fd = 8
Socket not ready, repolling fd = 8
Socket not ready, repolling fd = 8
Socket not ready, repolling fd = 8
Socket not ready, repolling fd = 8
Socket not ready, repolling fd = 8
Socket not ready, repolling fd = 8
Socket not ready, repolling fd = 8
Socket not ready, repolling fd = 8
Socket not ready, repolling fd = 8
Socket not ready, repolling fd = 8
Socket not ready, repolling fd = 8
Socket not ready, repolling fd = 8
Socket not ready, repolling fd = 8
Socket not ready, repolling fd = 8
Socket not ready, repolling fd = 8
Socket not ready, repolling fd = 8
Socket not ready, repolling fd = 8
Socket not ready, repolling fd = 8
Socket not ready, repolling fd = 8
Socket not ready, repolling fd = 8
Socket not ready, repolling fd = 8
Socket not ready, repolling fd = 8
Socket not ready, repolling fd = 8
Socket not ready, repolling fd = 8
Socket not ready, repolling fd = 8
Socket not ready, repolling fd = 8
Socket not ready, repolling fd = 8
Socket not ready, repolling fd = 8
Socket not ready, repolling fd = 8
Socket not ready, repolling fd = 8
Socket not ready, repolling fd = 8
Socket not ready, repolling fd = 8
Socket not ready, repolling fd = 8
Socket not ready, repolling fd = 8
Socket not ready, repolling fd = 8
Socket not ready, repolling fd = 8
Socket not ready, repolling fd = 8
Socket not ready, repolling fd = 8
Socket not ready, repolling fd = 8
Socket not ready, repolling fd = 8
Socket not ready, repolling fd = 8
Socket not ready, repolling fd = 8
Socket not ready, repolling fd = 8
Socket not ready, repolling fd = 8
Socket not ready, repolling fd = 8
Socket not ready, repolling fd = 8
Socket not ready, repolling fd = 8
Socket not ready, repolling fd = 8
Socket not ready, repolling fd = 8
Socket not ready, repolling fd = 8
Socket not ready, repolling fd = 8
Socket not ready, repolling fd = 8
Socket not ready, repolling fd = 8
Socket not ready, repolling fd = 8
Socket not ready, repolling fd = 8
Socket not ready, repolling fd = 8
Socket not ready, repolling fd = 8
Socket not ready, repolling fd = 8
Socket not ready, repolling fd = 8
Socket not ready, repolling fd = 8
Socket not ready, repolling fd = 8
Socket not ready, repolling fd = 8
Socket not ready, repolling fd = 8
Socket not ready, repolling fd = 8
Socket not ready, repolling fd = 8
Socket not ready, repolling fd = 8
Socket not ready, repolling fd = 8
Socket not ready, repolling fd = 8
Socket not ready, repolling fd = 8
Socket not ready, repolling fd = 8
Socket not ready, repolling fd = 8
Socket not ready, repolling fd = 8
Socket not ready, repolling fd = 8
Socket not ready, repolling fd = 8
Socket not ready, repolling fd = 8
Socket not ready, repolling fd = 8
Socket not ready, repolling fd = 8
Socket not ready, repolling fd = 8
Socket not ready, repolling fd = 8
Socket not ready, repolling fd = 8
Socket not ready, repolling fd = 8
Socket not ready, repolling fd = 8
Socket not ready, repolling fd = 8
Socket not ready, repolling fd = 8
Socket not ready, repolling fd = 8
Socket not ready, repolling fd = 8
Socket not ready, repolling fd = 8
Socket not ready, repolling fd = 8
Socket not ready, repolling fd = 8
Socket not ready, repolling fd = 8
Socket not ready, repolling fd = 8
Socket not ready, repolling fd = 8
Socket not ready, repolling fd = 8
Socket not ready, repolling fd = 8
Socket not ready, repolling fd = 8
Socket not ready, repolling fd = 8
Socket not ready, repolling fd = 8
Socket not ready, repolling fd = 8
Socket not ready, repolling fd = 8
Socket not ready, repolling fd = 8
Socket not ready, repolling fd = 8
Socket not ready, repolling fd = 8
Socket not ready, repolling fd = 8
Socket not ready, repolling fd = 8
Socket not ready, repolling fd = 8
Socket not ready, repolling fd = 8
Socket not ready, repolling fd = 8
Socket not ready, repolling fd = 8
Socket not ready, repolling fd = 8
Socket not ready, repolling fd = 8
Socket not ready, repolling fd = 8
Socket not ready, repolling fd = 8
Socket not ready, repolling fd = 8
Socket not ready, repolling fd = 8
Socket not ready, repolling fd = 8
Socket not ready, repolling fd = 8
Socket not ready, repolling fd = 8
Socket not ready, repolling fd = 8
Socket not ready, repolling fd = 8
Socket not ready, repolling fd = 8
Socket not ready, repolling fd = 8
Socket not ready, repolling fd = 8
Socket not ready, repolling fd = 8
Socket not ready, repolling fd = 8
Socket not ready, repolling fd = 8
Socket not ready, repolling fd = 8
Socket not ready, repolling fd = 8
Socket not ready, repolling fd = 8
Socket not ready, repolling fd = 8
Socket not ready, repolling fd = 8
Socket not ready, repolling fd = 8
Socket not ready, repolling fd = 8
Socket not ready, repolling fd = 8
Socket not ready, repolling fd = 8
Socket not ready, repolling fd = 8
Socket not ready, repolling fd = 8
Socket not ready, repolling fd = 8
Socket not ready, repolling fd = 8
Socket not ready, repolling fd = 8
Socket not ready, repolling fd = 8
Socket not ready, repolling fd = 8
Socket not ready, repolling fd = 8
Socket not ready, repolling fd = 8
Socket not ready, repolling fd = 8
Socket not ready, repolling fd = 8
Socket not ready, repolling fd = 8
Socket not ready, repolling fd = 8
Socket not ready, repolling fd = 8
Socket not ready, repolling fd = 8
Socket not ready, repolling fd = 8
Socket not ready, repolling fd = 8
Socket not ready, repolling fd = 8
Socket not ready, repolling fd = 8
Socket not ready, repolling fd = 8
Socket not ready, repolling fd = 8
Socket not ready, repolling fd = 8
Socket not ready, repolling fd = 8
Socket not ready, repolling fd = 8
Socket not ready, repolling fd = 8
Socket not ready, repolling fd = 8
Socket not ready, repolling fd = 8
Socket not ready, repolling fd = 8
Socket not ready, repolling fd = 8
Socket not ready, repolling fd = 8
Socket not ready, repolling fd = 8
Socket not ready, repolling fd = 8
Socket not ready, repolling fd = 8
Socket not ready, repolling fd = 8
Socket not ready, repolling fd = 8
Socket not ready, repolling fd = 8
Socket not ready, repolling fd = 8
Socket not ready, repolling fd = 8
Socket not ready, repolling fd = 8
Socket not ready, repolling fd = 8
Socket not ready, repolling fd = 8
Socket not ready, repolling fd = 8
Socket not ready, repolling fd = 8
Socket not ready, repolling fd = 8
Socket not ready, repolling fd = 8
Socket not ready, repolling fd = 8
Socket not ready, repolling fd = 8
Socket not ready, repolling fd = 8
Socket not ready, repolling fd = 8
Socket not ready, repolling fd = 8
Socket not ready, repolling fd = 8
Socket not ready, repolling fd = 8
Socket not ready, repolling fd = 8
Socket not ready, repolling fd = 8
Socket not ready, repolling fd = 8
Socket not ready, repolling fd = 8
Socket not ready, repolling fd = 8
Socket not ready, repolling fd = 8
Socket not ready, repolling fd = 8
Socket not ready, repolling fd = 8
Socket not ready, repolling fd = 8
Socket not ready, repolling fd = 8
Socket not ready, repolling fd = 8
Socket not ready, repolling fd = 8
Socket not ready, repolling fd = 8
Socket not ready, repolling fd = 8
Socket not ready, repolling fd = 8
Socket not ready, repolling fd = 8
Socket not ready, repolling fd = 8
Socket not ready, repolling fd = 8
Socket not ready, repolling fd = 8
Socket not ready, repolling fd = 8
Socket not ready, repolling fd = 8
Socket not ready, repolling fd = 8
Socket not ready, repolling fd = 8
Socket not ready, repolling fd = 8
Socket not ready, repolling fd = 8
Socket not ready, repolling fd = 8
Socket not ready, repolling fd = 8
Socket not ready, repolling fd = 8
Socket not ready, repolling fd = 8
Socket not ready, repolling fd = 8
Socket not ready, repolling fd = 8
Socket not ready, repolling fd = 8
Socket not ready, repolling fd = 8
Socket not ready, repolling fd = 8
Socket not ready, repolling fd = 8
Socket not ready, repolling fd = 8
Socket not ready, repolling fd = 8
Socket not ready, repolling fd = 8
Socket not ready, repolling fd = 8
Socket not ready, repolling fd = 8
Socket not ready, repolling fd = 8
Socket not ready, repolling fd = 8
Socket not ready, repolling fd = 8
Socket not ready, repolling fd = 8
Socket not ready, repolling fd = 8
Socket not ready, repolling fd = 8
Socket not ready, repolling fd = 8
Socket not ready, repolling fd = 8
Socket not ready, repolling fd = 8
Socket not ready, repolling fd = 8
Socket not ready, repolling fd = 8
Socket not ready, repolling fd = 8
Socket not ready, repolling fd = 8
Socket not ready, repolling fd = 8
Socket not ready, repolling fd = 8
Socket not ready, repolling fd = 8
Socket not ready, repolling fd = 8
Socket not ready, repolling fd = 8
Socket not ready, repolling fd = 8
Socket not ready, repolling fd = 8
Socket not ready, repolling fd = 8
Socket not ready, repolling fd = 8
Socket not ready, repolling fd = 8
Socket not ready, repolling fd = 8
Socket not ready, repolling fd = 8
Socket not ready, repolling fd = 8
Socket not ready, repolling fd = 8
Socket not ready, repolling fd = 8
Socket not ready, repolling fd = 8
Socket not ready, repolling fd = 8
Socket not ready, repolling fd = 8
Socket not ready, repolling fd = 8
Socket not ready, repolling fd = 8
Socket not ready, repolling fd = 8
Socket not ready, repolling fd = 8
Socket not ready, repolling fd = 8
Socket not ready, repolling fd = 8
Socket not ready, repolling fd = 8
Socket not ready, repolling fd = 8
Socket not ready, repolling fd = 8
Socket not ready, repolling fd = 8
Socket not ready, repolling fd = 8
Socket not ready, repolling fd = 8
Socket not ready, repolling fd = 8
Socket not ready, repolling fd = 8
Socket not ready, repolling fd = 8
Socket not ready, repolling fd = 8
Socket not ready, repolling fd = 8
Socket not ready, repolling fd = 8
Socket not ready, repolling fd = 8
Socket not ready, repolling fd = 8
Socket not ready, repolling fd = 8
Socket not ready, repolling fd = 8
Socket not ready, repolling fd = 8
Socket not ready, repolling fd = 8
Socket not ready, repolling fd = 8
Socket not ready, repolling fd = 8
Socket not ready, repolling fd = 8
Socket not ready, repolling fd = 8
Socket not ready, repolling fd = 8
Socket not ready, repolling fd = 8
Socket not ready, repolling fd = 8
Socket not ready, repolling fd = 8
Socket not ready, repolling fd = 8
Socket not ready, repolling fd = 8
Socket not ready, repolling fd = 8
Socket not ready, repolling fd = 8
Socket not ready, repolling fd = 8
Socket not ready, repolling fd = 8
Socket not ready, repolling fd = 8
Socket not ready, repolling fd = 8
Socket not ready, repolling fd = 8
Socket not ready, repolling fd = 8
Socket not ready, repolling fd = 8
Socket not ready, repolling fd = 8
Socket not ready, repolling fd = 8
Socket not ready, repolling fd = 8
Socket not ready, repolling fd = 8
Socket not ready, repolling fd = 8
Socket not ready, repolling fd = 8
Socket not ready, repolling fd = 8
Socket not ready, repolling fd = 8
Socket not ready, repolling fd = 8
Socket not ready, repolling fd = 8
Socket not ready, repolling fd = 8
Socket not ready, repolling fd = 8
Socket not ready, repolling fd = 8
Socket not ready, repolling fd = 8
Socket not ready, repolling fd = 8
Socket not ready, repolling fd = 8
Socket not ready, repolling fd = 8
Socket not ready, repolling fd = 8
Socket not ready, repolling fd = 8
Socket not ready, repolling fd = 8
Socket not ready, repolling fd = 8
Socket not ready, repolling fd = 8
Socket not ready, repolling fd = 8
Socket not ready, repolling fd = 8
Socket not ready, repolling fd = 8
Socket not ready, repolling fd = 8
Socket not ready, repolling fd = 8
Socket not ready, repolling fd = 8
Socket not ready, repolling fd = 8
Socket not ready, repolling fd = 8
Socket not ready, repolling fd = 8
Socket not ready, repolling fd = 8
Socket not ready, repolling fd = 8
Socket not ready, repolling fd = 8
Socket not ready, repolling fd = 8
Socket not ready, repolling fd = 8
Socket not ready, repolling fd = 8
Socket not ready, repolling fd = 8
Socket not ready, repolling fd = 8
Socket not ready, repolling fd = 8
Socket not ready, repolling fd = 8
Socket not ready, repolling fd = 8
Socket not ready, repolling fd = 8
Socket not ready, repolling fd = 8
Socket not ready, repolling fd = 8
Socket not ready, repolling fd = 8
Socket not ready, repolling fd = 8
Socket not ready, repolling fd = 8
Socket not ready, repolling fd = 8
Socket not ready, repolling fd = 8
Socket not ready, repolling fd = 8
Socket not ready, repolling fd = 8
Socket not ready, repolling fd = 8
Socket not ready, repolling fd = 8
Socket not ready, repolling fd = 8
Socket not ready, repolling fd = 8
Socket not ready, repolling fd = 8
Socket not ready, repolling fd = 8
Socket not ready, repolling fd = 8
Socket not ready, repolling fd = 8
Socket not ready, repolling fd = 8
Socket not ready, repolling fd = 8
Socket not ready, repolling fd = 8
Socket not ready, repolling fd = 8
Socket not ready, repolling fd = 8
Socket not ready, repolling fd = 8
Socket not ready, repolling fd = 8
Socket not ready, repolling fd = 8
Socket not ready, repolling fd = 8
Socket not ready, repolling fd = 8
Socket not ready, repolling fd = 8
Socket not ready, repolling fd = 8
Socket not ready, repolling fd = 8
Socket not ready, repolling fd = 8
Socket not ready, repolling fd = 8
Socket not ready, repolling fd = 8
Socket not ready, repolling fd = 8
Socket not ready, repolling fd = 8
Socket not ready, repolling fd = 8
Socket not ready, repolling fd = 8
Socket not ready, repolling fd = 8
Socket not ready, repolling fd = 8
Socket not ready, repolling fd = 8
Socket not ready, repolling fd = 8
Socket not ready, repolling fd = 8
Socket not ready, repolling fd = 8
Socket not ready, repolling fd = 8
Socket not ready, repolling fd = 8
Socket not ready, repolling fd = 8
Socket not ready, repolling fd = 8
Socket not ready, repolling fd = 8
Socket not ready, repolling fd = 8
Socket not ready, repolling fd = 8
Socket not ready, repolling fd = 8
Socket not ready, repolling fd = 8
Socket not ready, repolling fd = 8
Socket not ready, repolling fd = 8
Socket not ready, repolling fd = 8
Socket not ready, repolling fd = 8
Socket not ready, repolling fd = 8
Socket not ready, repolling fd = 8
Socket not ready, repolling fd = 8
Socket not ready, repolling fd = 8
Socket not ready, repolling fd = 8
Socket not ready, repolling fd = 8
Socket not ready, repolling fd = 8
Socket not ready, repolling fd = 8
Socket not ready, repolling fd = 8
Socket not ready, repolling fd = 8
Socket not ready, repolling fd = 8
Socket not ready, repolling fd = 8
Socket not ready, repolling fd = 8
Socket not ready, repolling fd = 8
Socket not ready, repolling fd = 8
Socket not ready, repolling fd = 8
Socket not ready, repolling fd = 8
Socket not ready, repolling fd = 8
Socket not ready, repolling fd = 8
Socket not ready, repolling fd = 8
Socket not ready, repolling fd = 8
Socket not ready, repolling fd = 8
Socket not ready, repolling fd = 8
Socket not ready, repolling fd = 8
Socket not ready, repolling fd = 8
Socket not ready, repolling fd = 8
Socket not ready, repolling fd = 8
Socket not ready, repolling fd = 8
Socket not ready, repolling fd = 8
Socket not ready, repolling fd = 8
Socket not ready, repolling fd = 8
Socket not ready, repolling fd = 8
Socket not ready, repolling fd = 8
Socket not ready, repolling fd = 8
Socket not ready, repolling fd = 8
Socket not ready, repolling fd = 8
Socket not ready, repolling fd = 8
Socket not ready, repolling fd = 8
Socket not ready, repolling fd = 8
Socket not ready, repolling fd = 8
Socket not ready, repolling fd = 8
Socket not ready, repolling fd = 8
Socket not ready, repolling fd = 8
Socket not ready, repolling fd = 8
Socket not ready, repolling fd = 8
Socket not ready, repolling fd = 8
Socket not ready, repolling fd = 8
Socket not ready, repolling fd = 8
Socket not ready, repolling fd = 8
Socket not ready, repolling fd = 8
Socket not ready, repolling fd = 8
Socket not ready, repolling fd = 8
Socket not ready, repolling fd = 8
Socket not ready, repolling fd = 8
Socket not ready, repolling fd = 8
Socket not ready, repolling fd = 8
Socket not ready, repolling fd = 8
Socket not ready, repolling fd = 8
Socket not ready, repolling fd = 8
Socket not ready, repolling fd = 8
Socket not ready, repolling fd = 8
Socket not ready, repolling fd = 8
Socket not ready, repolling fd = 8
Socket not ready, repolling fd = 8
Socket not ready, repolling fd = 8
Socket not ready, repolling fd = 8
Socket not ready, repolling fd = 8
Socket not ready, repolling fd = 8
Socket not ready, repolling fd = 8
Socket not ready, repolling fd = 8
Socket not ready, repolling fd = 8
Socket not ready, repolling fd = 8
Socket not ready, repolling fd = 8
Socket not ready, repolling fd = 8
Socket not ready, repolling fd = 8
Socket not ready, repolling fd = 8
Socket not ready, repolling fd = 8
Socket not ready, repolling fd = 8
Socket not ready, repolling fd = 8
Socket not ready, repolling fd = 8
Socket not ready, repolling fd = 8
Socket not ready, repolling fd = 8
Socket not ready, repolling fd = 8
Socket not ready, repolling fd = 8
Socket not ready, repolling fd = 8
Socket not ready, repolling fd = 8
Socket not ready, repolling fd = 8
Socket not ready, repolling fd = 8
Socket not ready, repolling fd = 8
Socket not ready, repolling fd = 8
Socket not ready, repolling fd = 8
Socket not ready, repolling fd = 8
Socket not ready, repolling fd = 8
Socket not ready, repolling fd = 8
Socket not ready, repolling fd = 8
Socket not ready, repolling fd = 8
Socket not ready, repolling fd = 8
Socket not ready, repolling fd = 8
Socket not ready, repolling fd = 8
Socket not ready, repolling fd = 8
Socket not ready, repolling fd = 8
Socket not ready, repolling fd = 8
Socket not ready, repolling fd = 8
Socket not ready, repolling fd = 8
Socket not ready, repolling fd = 8
Socket not ready, repolling fd = 8
Socket not ready, repolling fd = 8
Socket not ready, repolling fd = 8
Socket not ready, repolling fd = 8
Socket not ready, repolling fd = 8
Socket not ready, repolling fd = 8
Socket not ready, repolling fd = 8
Socket not ready, repolling fd = 8
Socket not ready, repolling fd = 8
Socket not ready, repolling fd = 8
Socket not ready, repolling fd = 8
Socket not ready, repolling fd = 8
Socket not ready, repolling fd = 8
Socket not ready, repolling fd = 8
Socket not ready, repolling fd = 8
Socket not ready, repolling fd = 8
Socket not ready, repolling fd = 8
Socket not ready, repolling fd = 8
Socket not ready, repolling fd = 8
Socket not ready, repolling fd = 8
Socket not ready, repolling fd = 8
Socket not ready, repolling fd = 8
Socket not ready, repolling fd = 8
Socket not ready, repolling fd = 8
Socket not ready, repolling fd = 8
Socket not ready, repolling fd = 8
Socket not ready, repolling fd = 8
Socket not ready, repolling fd = 8
Socket not ready, repolling fd = 8
Socket not ready, repolling fd = 8
Socket not ready, repolling fd = 8
Socket not ready, repolling fd = 8
Socket not ready, repolling fd = 8
Socket not ready, repolling fd = 8
Socket not ready, repolling fd = 8
Socket not ready, repolling fd = 8
Socket not ready, repolling fd = 8
Socket not ready, repolling fd = 8
Socket not ready, repolling fd = 8
Socket not ready, repolling fd = 8
Socket not ready, repolling fd = 8
Socket not ready, repolling fd = 8
Socket not ready, repolling fd = 8
Socket not ready, repolling fd = 8
Socket not ready, repolling fd = 8
Socket not ready, repolling fd = 8
Socket not ready, repolling fd = 8
Socket not ready, repolling fd = 8
Socket not ready, repolling fd = 8
Socket not ready, repolling fd = 8
Socket not ready, repolling fd = 8
Socket not ready, repolling fd = 8
Socket not ready, repolling fd = 8
Socket not ready, repolling fd = 8
Socket not ready, repolling fd = 8
Socket not ready, repolling fd = 8
Socket not ready, repolling fd = 8
Socket not ready, repolling fd = 8
Socket not ready, repolling fd = 8
Socket not ready, repolling fd = 8
Socket not ready, repolling fd = 8
Socket not ready, repolling fd = 8
Socket not ready, repolling fd = 8
Socket not ready, repolling fd = 8
Socket not ready, repolling fd = 8
Socket not ready, repolling fd = 8
Socket not ready, repolling fd = 8
Socket not ready, repolling fd = 8
Socket not ready, repolling fd = 8
Socket not ready, repolling fd = 8
Socket not ready, repolling fd = 8
Socket not ready, repolling fd = 8
Socket not ready, repolling fd = 8
Socket not ready, repolling fd = 8
Socket not ready, repolling fd = 8
Socket not ready, repolling fd = 8
Socket not ready, repolling fd = 8
Socket not ready, repolling fd = 8
Socket not ready, repolling fd = 8
Socket not ready, repolling fd = 8
Socket not ready, repolling fd = 8
Socket not ready, repolling fd = 8
Socket not ready, repolling fd = 8
Socket not ready, repolling fd = 8
Socket not ready, repolling fd = 8
Socket not ready, repolling fd = 8
Socket not ready, repolling fd = 8
Socket not ready, repolling fd = 8
Socket not ready, repolling fd = 8
Socket not ready, repolling fd = 8
Socket not ready, repolling fd = 8
Socket not ready, repolling fd = 8
Socket not ready, repolling fd = 8
Socket not ready, repolling fd = 8
Socket not ready, repolling fd = 8
Socket not ready, repolling fd = 8
Socket not ready, repolling fd = 8
Socket not ready, repolling fd = 8
Socket not ready, repolling fd = 8
Socket not ready, repolling fd = 8
Socket not ready, repolling fd = 8
Socket not ready, repolling fd = 8
Socket not ready, repolling fd = 8
Socket not ready, repolling fd = 8
Socket not ready, repolling fd = 8
Socket not ready, repolling fd = 8
Socket not ready, repolling fd = 8
Socket not ready, repolling fd = 8
Socket not ready, repolling fd = 8
Socket not ready, repolling fd = 8
Socket not ready, repolling fd = 8
Socket not ready, repolling fd = 8
Socket not ready, repolling fd = 8
Socket not ready, repolling fd = 8
Socket not ready, repolling fd = 8
Socket not ready, repolling fd = 8
Socket not ready, repolling fd = 8
Socket not ready, repolling fd = 8
Socket not ready, repolling fd = 8
Socket not ready, repolling fd = 8
Socket not ready, repolling fd = 8
Socket not ready, repolling fd = 8
Socket not ready, repolling fd = 8
Socket not ready, repolling fd = 8
Socket not ready, repolling fd = 8
Socket not ready, repolling fd = 8
Socket not ready, repolling fd = 8
Socket not ready, repolling fd = 8
Socket not ready, repolling fd = 8
Socket not ready, repolling fd = 8
Socket not ready, repolling fd = 8
Socket not ready, repolling fd = 8
Socket not ready, repolling fd = 8
Socket not ready, repolling fd = 8
Socket not ready, repolling fd = 8
Socket not ready, repolling fd = 8
Socket not ready, repolling fd = 8
Socket not ready, repolling fd = 8
Socket not ready, repolling fd = 8
Socket not ready, repolling fd = 8
Socket not ready, repolling fd = 8
Socket not ready, repolling fd = 8
Socket not ready, repolling fd = 8
Socket not ready, repolling fd = 8
Socket not ready, repolling fd = 8
Socket not ready, repolling fd = 8
Socket not ready, repolling fd = 8
Socket not ready, repolling fd = 8
Socket not ready, repolling fd = 8
Socket not ready, repolling fd = 8
Socket not ready, repolling fd = 8
Socket not ready, repolling fd = 8
Socket not ready, repolling fd = 8
Socket not ready, repolling fd = 8
Socket not ready, repolling fd = 8
Socket not ready, repolling fd = 8
Socket not ready, repolling fd = 8
Socket not ready, repolling fd = 8
Socket not ready, repolling fd = 8
Socket not ready, repolling fd = 8
Socket not ready, repolling fd = 8
Socket not ready, repolling fd = 8
Socket not ready, repolling fd = 8
Socket not ready, repolling fd = 8
Socket not ready, repolling fd = 8
Socket not ready, repolling fd = 8
Socket not ready, repolling fd = 8
Socket not ready, repolling fd = 8
Socket not ready, repolling fd = 8
Socket not ready, repolling fd = 8
Socket not ready, repolling fd = 8
Socket not ready, repolling fd = 8
Socket not ready, repolling fd = 8
Socket not ready, repolling fd = 8
Socket not ready, repolling fd = 8
Socket not ready, repolling fd = 8
Socket not ready, repolling fd = 8
Socket not ready, repolling fd = 8
Socket not ready, repolling fd = 8
Socket not ready, repolling fd = 8
Socket not ready, repolling fd = 8
Socket not ready, repolling fd = 8
Socket not ready, repolling fd = 8
Socket not ready, repolling fd = 8
Socket not ready, repolling fd = 8
Socket not ready, repolling fd = 8
Socket not ready, repolling fd = 8
Socket not ready, repolling fd = 8
Socket not ready, repolling fd = 8
Socket not ready, repolling fd = 8
Socket not ready, repolling fd = 8
Socket not ready, repolling fd = 8
Socket not ready, repolling fd = 8
Socket not ready, repolling fd = 8
Socket not ready, repolling fd = 8
Socket not ready, repolling fd = 8
Socket not ready, repolling fd = 8
Socket not ready, repolling fd = 8
Socket not ready, repolling fd = 8
Socket not ready, repolling fd = 8
Socket not ready, repolling fd = 8
Socket not ready, repolling fd = 8
Socket not ready, repolling fd = 8
Socket not ready, repolling fd = 8
Socket not ready, repolling fd = 8
Socket not ready, repolling fd = 8
Socket not ready, repolling fd = 8
Socket not ready, repolling fd = 8
Socket not ready, repolling fd = 8
Socket not ready, repolling fd = 8
Socket not ready, repolling fd = 8
Socket not ready, repolling fd = 8
Socket not ready, repolling fd = 8
Socket not ready, repolling fd = 8
Socket not ready, repolling fd = 8
Socket not ready, repolling fd = 8
Socket not ready, repolling fd = 8
Socket not ready, repolling fd = 8
Socket not ready, repolling fd = 8
Socket not ready, repolling fd = 8
Socket not ready, repolling fd = 8
Socket not ready, repolling fd = 8
Socket not ready, repolling fd = 8
Socket not ready, repolling fd = 8
Socket not ready, repolling fd = 8
Socket not ready, repolling fd = 8
Socket not ready, repolling fd = 8
Socket not ready, repolling fd = 8
Socket not ready, repolling fd = 8
Socket not ready, repolling fd = 8
Socket not ready, repolling fd = 8
Socket not ready, repolling fd = 8
Socket not ready, repolling fd = 8
Socket not ready, repolling fd = 8
Socket not ready, repolling fd = 8
Socket not ready, repolling fd = 8
Socket not ready, repolling fd = 8
Socket not ready, repolling fd = 8
Socket not ready, repolling fd = 8
Socket not ready, repolling fd = 8
Socket not ready, repolling fd = 8
Socket not ready, repolling fd = 8
Socket not ready, repolling fd = 8
Socket not ready, repolling fd = 8
Socket not ready, repolling fd = 8
Socket not ready, repolling fd = 8
Socket not ready, repolling fd = 8
Socket not ready, repolling fd = 8
Socket not ready, repolling fd = 8
Socket not ready, repolling fd = 8
Socket not ready, repolling fd = 8
Socket not ready, repolling fd = 8
Socket not ready, repolling fd = 8
Socket not ready, repolling fd = 8
Socket not ready, repolling fd = 8
Socket not ready, repolling fd = 8
Socket not ready, repolling fd = 8
Socket not ready, repolling fd = 8
Socket not ready, repolling fd = 8
Socket not ready, repolling fd = 8
Socket not ready, repolling fd = 8
Socket not ready, repolling fd = 8
Socket not ready, repolling fd = 8
Socket not ready, repolling fd = 8
Socket not ready, repolling fd = 8
Socket not ready, repolling fd = 8
Socket not ready, repolling fd = 8
Socket not ready, repolling fd = 8
Socket not ready, repolling fd = 8
Socket not ready, repolling fd = 8
Socket not ready, repolling fd = 8
Socket not ready, repolling fd = 8
Socket not ready, repolling fd = 8
Socket not ready, repolling fd = 8
Socket not ready, repolling fd = 8
Socket not ready, repolling fd = 8
Socket not ready, repolling fd = 8
Socket not ready, repolling fd = 8
Socket not ready, repolling fd = 8
Socket not ready, repolling fd = 8
Socket not ready, repolling fd = 8
Socket not ready, repolling fd = 8
Socket not ready, repolling fd = 8
Socket not ready, repolling fd = 8
Socket not ready, repolling fd = 8
Socket not ready, repolling fd = 8
Socket not ready, repolling fd = 8
Socket not ready, repolling fd = 8
Socket not ready, repolling fd = 8
Socket not ready, repolling fd = 8
Socket not ready, repolling fd = 8
Socket not ready, repolling fd = 8
Socket not ready, repolling fd = 8
Socket not ready, repolling fd = 8
Socket not ready, repolling fd = 8
Socket not ready, repolling fd = 8
Socket not ready, repolling fd = 8
Socket not ready, repolling fd = 8
Socket not ready, repolling fd = 8
Socket not ready, repolling fd = 8
Socket not ready, repolling fd = 8
Socket not ready, repolling fd = 8
Socket not ready, repolling fd = 8
Socket not ready, repolling fd = 8
Socket not ready, repolling fd = 8
Socket not ready, repolling fd = 8
Socket not ready, repolling fd = 8
Socket not ready, repolling fd = 8
Socket not ready, repolling fd = 8
Socket not ready, repolling fd = 8
Socket not ready, repolling fd = 8
Socket not ready, repolling fd = 8
Socket not ready, repolling fd = 8
Socket not ready, repolling fd = 8
Socket not ready, repolling fd = 8
Socket not ready, repolling fd = 8
Socket not ready, repolling fd = 8
Socket not ready, repolling fd = 8
Socket not ready, repolling fd = 8
Socket not ready, repolling fd = 8
Socket not ready, repolling fd = 8
Socket not ready, repolling fd = 8
Socket not ready, repolling fd = 8
Socket not ready, repolling fd = 8
Socket not ready, repolling fd = 8
Socket not ready, repolling fd = 8
Socket not ready, repolling fd = 8
Socket not ready, repolling fd = 8
Socket not ready, repolling fd = 8
Socket not ready, repolling fd = 8
Socket not ready, repolling fd = 8
Socket not ready, repolling fd = 8
Socket not ready, repolling fd = 8
Socket not ready, repolling fd = 8
Socket not ready, repolling fd = 8
Socket not ready, repolling fd = 8
Socket not ready, repolling fd = 8
Socket not ready, repolling fd = 8
Socket not ready, repolling fd = 8
Socket not ready, repolling fd = 8
Socket not ready, repolling fd = 8
Socket not ready, repolling fd = 8
Socket not ready, repolling fd = 8
Socket not ready, repolling fd = 8
Socket not ready, repolling fd = 8
Socket not ready, repolling fd = 8
Socket not ready, repolling fd = 8
Socket not ready, repolling fd = 8
Socket not ready, repolling fd = 8
Socket not ready, repolling fd = 8
Socket not ready, repolling fd = 8
Socket not ready, repolling fd = 8
Socket not ready, repolling fd = 8
Socket not ready, repolling fd = 8
Socket not ready, repolling fd = 8
Socket not ready, repolling fd = 8
Socket not ready, repolling fd = 8
Socket not ready, repolling fd = 8
Socket not ready, repolling fd = 8
Socket not ready, repolling fd = 8
Socket not ready, repolling fd = 8
Socket not ready, repolling fd = 8
Socket not ready, repolling fd = 8
Socket not ready, repolling fd = 8
Socket not ready, repolling fd = 8
Socket not ready, repolling fd = 8
Socket not ready, repolling fd = 8
Socket not ready, repolling fd = 8
Socket not ready, repolling fd = 8
Socket not ready, repolling fd = 8
Socket not ready, repolling fd = 8
Socket not ready, repolling fd = 8
Socket not ready, repolling fd = 8
Socket not ready, repolling fd = 8
Socket not ready, repolling fd = 8
Socket not ready, repolling fd = 8
Socket not ready, repolling fd = 8
Socket not ready, repolling fd = 8
Socket not ready, repolling fd = 8
Socket not ready, repolling fd = 8
Socket not ready, repolling fd = 8
Socket not ready, repolling fd = 8
Socket not ready, repolling fd = 8
Socket not ready, repolling fd = 8
Socket not ready, repolling fd = 8
Socket not ready, repolling fd = 8
Socket not ready, repolling fd = 8
Socket not ready, repolling fd = 8
Socket not ready, repolling fd = 8
Socket not ready, repolling fd = 8
Socket not ready, repolling fd = 8
Socket not ready, repolling fd = 8
Socket not ready, repolling fd = 8
Socket not ready, repolling fd = 8
Socket not ready, repolling fd = 8
Socket not ready, repolling fd = 8
Socket not ready, repolling fd = 8
Socket not ready, repolling fd = 8
Socket not ready, repolling fd = 8
Socket not ready, repolling fd = 8
Socket not ready, repolling fd = 8
Socket not ready, repolling fd = 8
Socket not ready, repolling fd = 8
Socket not ready, repolling fd = 8
Socket not ready, repolling fd = 8
Socket not ready, repolling fd = 8
Socket not ready, repolling fd = 8
Socket not ready, repolling fd = 8
Socket not ready, repolling fd = 8
Socket not ready, repolling fd = 8
Socket not ready, repolling fd = 8
Socket not ready, repolling fd = 8
Socket not ready, repolling fd = 8
Socket not ready, repolling fd = 8
Socket not ready, repolling fd = 8
Socket not ready, repolling fd = 8
Socket not ready, repolling fd = 8
Socket not ready, repolling fd = 8
Socket not ready, repolling fd = 8
Socket not ready, repolling fd = 8
Socket not ready, repolling fd = 8
Socket not ready, repolling fd = 8
Socket not ready, repolling fd = 8
Socket not ready, repolling fd = 8
Socket not ready, repolling fd = 8
Socket not ready, repolling fd = 8
Socket not ready, repolling fd = 8
Socket not ready, repolling fd = 8
Socket not ready, repolling fd = 8
Socket not ready, repolling fd = 8
Socket not ready, repolling fd = 8
Socket not ready, repolling fd = 8
Socket not ready, repolling fd = 8
Socket not ready, repolling fd = 8
Socket not ready, repolling fd = 8
Socket not ready, repolling fd = 8
Socket not ready, repolling fd = 8
Socket not ready, repolling fd = 8
Socket not ready, repolling fd = 8
Socket not ready, repolling fd = 8
Socket not ready, repolling fd = 8
Socket not ready, repolling fd = 8
Socket not ready, repolling fd = 8
Socket not ready, repolling fd = 8
Socket not ready, repolling fd = 8
Socket not ready, repolling fd = 8
Socket not ready, repolling fd = 8
Socket not ready, repolling fd = 8
Socket not ready, repolling fd = 8
Socket not ready, repolling fd = 8
Socket not ready, repolling fd = 8
Socket not ready, repolling fd = 8
Socket not ready, repolling fd = 8
Socket not ready, repolling fd = 8
Socket not ready, repolling fd = 8
Socket not ready, repolling fd = 8
Socket not ready, repolling fd = 8
Socket not ready, repolling fd = 8
Socket not ready, repolling fd = 8
Socket not ready, repolling fd = 8
Socket not ready, repolling fd = 8
Socket not ready, repolling fd = 8
Socket not ready, repolling fd = 8
Socket not ready, repolling fd = 8
Socket not ready, repolling fd = 8
Socket not ready, repolling fd = 8
Socket not ready, repolling fd = 8
Socket not ready, repolling fd = 8
Socket not ready, repolling fd = 8
Socket not ready, repolling fd = 8
Socket not ready, repolling fd = 8
Socket not ready, repolling fd = 8
Socket not ready, repolling fd = 8
Socket not ready, repolling fd = 8
Socket not ready, repolling fd = 8
Socket not ready, repolling fd = 8
Socket not ready, repolling fd = 8
Socket not ready, repolling fd = 8
Socket not ready, repolling fd = 8
Socket not ready, repolling fd = 8
Socket not ready, repolling fd = 8
Socket not ready, repolling fd = 8
Socket not ready, repolling fd = 8
Socket not ready, repolling fd = 8
Socket not ready, repolling fd = 8
Socket not ready, repolling fd = 8
Socket not ready, repolling fd = 8
Socket not ready, repolling fd = 8
Socket not ready, repolling fd = 8
Socket not ready, repolling fd = 8
Socket not ready, repolling fd = 8
Socket not ready, repolling fd = 8
Socket not ready, repolling fd = 8
Socket not ready, repolling fd = 8
Socket not ready, repolling fd = 8
Socket not ready, repolling fd = 8
Socket not ready, repolling fd = 8
Socket not ready, repolling fd = 8
Socket not ready, repolling fd = 8
Socket not ready, repolling fd = 8
Socket not ready, repolling fd = 8
Socket not ready, repolling fd = 8
Socket not ready, repolling fd = 8
Socket not ready, repolling fd = 8
Socket not ready, repolling fd = 8
Socket not ready, repolling fd = 8
Socket not ready, repolling fd = 8
Socket not ready, repolling fd = 8
Socket not ready, repolling fd = 8
Socket not ready, repolling fd = 8
Socket not ready, repolling fd = 8
Socket not ready, repolling fd = 8
Socket not ready, repolling fd = 8
Socket not ready, repolling fd = 8
Socket not ready, repolling fd = 8
Socket not ready, repolling fd = 8
Socket not ready, repolling fd = 8
Socket not ready, repolling fd = 8
Socket not ready, repolling fd = 8
Socket not ready, repolling fd = 8
Socket not ready, repolling fd = 8
Socket not ready, repolling fd = 8
Socket not ready, repolling fd = 8
Socket not ready, repolling fd = 8
Socket not ready, repolling fd = 8
Socket not ready, repolling fd = 8
Socket not ready, repolling fd = 8
Socket not ready, repolling fd = 8
Socket not ready, repolling fd = 8
Socket not ready, repolling fd = 8
Socket not ready, repolling fd = 8
Socket not ready, repolling fd = 8
Socket not ready, repolling fd = 8
Socket not ready, repolling fd = 8
Socket not ready, repolling fd = 8
Socket not ready, repolling fd = 8
Socket not ready, repolling fd = 8
Socket not ready, repolling fd = 8
Socket not ready, repolling fd = 8
Socket not ready, repolling fd = 8
Socket not ready, repolling fd = 8
Socket not ready, repolling fd = 8
Socket not ready, repolling fd = 8
Socket not ready, repolling fd = 8
Socket not ready, repolling fd = 8
Socket not ready, repolling fd = 8
Socket not ready, repolling fd = 8
Socket not ready, repolling fd = 8
Socket not ready, repolling fd = 8
Socket not ready, repolling fd = 8
Socket not ready, repolling fd = 8
Socket not ready, repolling fd = 8
Socket not ready, repolling fd = 8
Socket not ready, repolling fd = 8
Socket not ready, repolling fd = 8
Socket not ready, repolling fd = 8
Socket not ready, repolling fd = 8
Socket not ready, repolling fd = 8
Socket not ready, repolling fd = 8
Socket not ready, repolling fd = 8
Socket not ready, repolling fd = 8
Socket not ready, repolling fd = 8
Socket not ready, repolling fd = 8
Socket not ready, repolling fd = 8
Socket not ready, repolling fd = 8
Socket not ready, repolling fd = 8
Socket not ready, repolling fd = 8
Socket not ready, repolling fd = 8
Socket not ready, repolling fd = 8
Socket not ready, repolling fd = 8
Socket not ready, repolling fd = 8
Socket not ready, repolling fd = 8
Socket not ready, repolling fd = 8
Socket not ready, repolling fd = 8
Socket not ready, repolling fd = 8
Socket not ready, repolling fd = 8
Socket not ready, repolling fd = 8
Socket not ready, repolling fd = 8
Socket not ready, repolling fd = 8
Socket not ready, repolling fd = 8
Socket not ready, repolling fd = 8
Socket not ready, repolling fd = 8
Socket not ready, repolling fd = 8
Socket not ready, repolling fd = 8
Socket not ready, repolling fd = 8
Socket not ready, repolling fd = 8
Socket not ready, repolling fd = 8
Socket not ready, repolling fd = 8
Socket not ready, repolling fd = 8
Socket not ready, repolling fd = 8
Socket not ready, repolling fd = 8
Socket not ready, repolling fd = 8
Socket not ready, repolling fd = 8
Socket not ready, repolling fd = 8
Socket not ready, repolling fd = 8
Socket not ready, repolling fd = 8
Socket not ready, repolling fd = 8
Socket not ready, repolling fd = 8
Socket not ready, repolling fd = 8
Socket not ready, repolling fd = 8
Socket not ready, repolling fd = 8
Socket not ready, repolling fd = 8
Socket not ready, repolling fd = 8
Socket not ready, repolling fd = 8
Socket not ready, repolling fd = 8
Socket not ready, repolling fd = 8
Socket not ready, repolling fd = 8
Socket not ready, repolling fd = 8
Socket not ready, repolling fd = 8
Socket not ready, repolling fd = 8
Socket not ready, repolling fd = 8
Socket not ready, repolling fd = 8
Socket not ready, repolling fd = 8
Socket not ready, repolling fd = 8
Socket not ready, repolling fd = 8
Socket not ready, repolling fd = 8
Socket not ready, repolling fd = 8
Socket not ready, repolling fd = 8
Socket not ready, repolling fd = 8
Socket not ready, repolling fd = 8
Socket not ready, repolling fd = 8
Socket not ready, repolling fd = 8
Socket not ready, repolling fd = 8
Socket not ready, repolling fd = 8
Socket not ready, repolling fd = 8
Socket not ready, repolling fd = 8
Socket not ready, repolling fd = 8
Socket not ready, repolling fd = 8
Socket not ready, repolling fd = 8
Socket not ready, repolling fd = 8
Socket not ready, repolling fd = 8
Socket not ready, repolling fd = 8
Socket not ready, repolling fd = 8
Socket not ready, repolling fd = 8
Socket not ready, repolling fd = 8
Socket not ready, repolling fd = 8
Socket not ready, repolling fd = 8
Socket not ready, repolling fd = 8
Socket not ready, repolling fd = 8
Socket not ready, repolling fd = 8
Socket not ready, repolling fd = 8
Socket not ready, repolling fd = 8
Socket not ready, repolling fd = 8
Socket not ready, repolling fd = 8
Socket not ready, repolling fd = 8
Socket not ready, repolling fd = 8
Socket not ready, repolling fd = 8
Socket not ready, repolling fd = 8
Socket not ready, repolling fd = 8
Socket not ready, repolling fd = 8
Socket not ready, repolling fd = 8
Socket not ready, repolling fd = 8
Socket not ready, repolling fd = 8
Socket not ready, repolling fd = 8
Socket not ready, repolling fd = 8
Socket not ready, repolling fd = 8
Socket not ready, repolling fd = 8
Socket not ready, repolling fd = 8
Socket not ready, repolling fd = 8
Socket not ready, repolling fd = 8
Socket not ready, repolling fd = 8
Socket not ready, repolling fd = 8
Socket not ready, repolling fd = 8
Socket not ready, repolling fd = 8
Socket not ready, repolling fd = 8
Socket not ready, repolling fd = 8
Socket not ready, repolling fd = 8
Socket not ready, repolling fd = 8
Socket not ready, repolling fd = 8
Socket not ready, repolling fd = 8
Socket not ready, repolling fd = 8
Socket not ready, repolling fd = 8
Socket not ready, repolling fd = 8
Socket not ready, repolling fd = 8
Socket not ready, repolling fd = 8
Socket not ready, repolling fd = 8
Socket not ready, repolling fd = 8
Socket not ready, repolling fd = 8
Socket not ready, repolling fd = 8
Socket not ready, repolling fd = 8
Socket not ready, repolling fd = 8
Socket not ready, repolling fd = 8
Socket not ready, repolling fd = 8
Socket not ready, repolling fd = 8
Socket not ready, repolling fd = 8
Socket not ready, repolling fd = 8
Socket not ready, repolling fd = 8
Socket not ready, repolling fd = 8
Socket not ready, repolling fd = 8
Socket not ready, repolling fd = 8
Socket not ready, repolling fd = 8
Socket not ready, repolling fd = 8
Socket not ready, repolling fd = 8
Socket not ready, repolling fd = 8
Socket not ready, repolling fd = 8
Socket not ready, repolling fd = 8
Socket not ready, repolling fd = 8
Socket not ready, repolling fd = 8
Socket not ready, repolling fd = 8
Socket not ready, repolling fd = 8
Socket not ready, repolling fd = 8
Socket not ready, repolling fd = 8
Socket not ready, repolling fd = 8
Socket not ready, repolling fd = 8
Socket not ready, repolling fd = 8
Socket not ready, repolling fd = 8
Socket not ready, repolling fd = 8
Socket not ready, repolling fd = 8
Socket not ready, repolling fd = 8
Socket not ready, repolling fd = 8
Socket not ready, repolling fd = 8
Socket not ready, repolling fd = 8
Socket not ready, repolling fd = 8
Socket not ready, repolling fd = 8
Socket not ready, repolling fd = 8
Socket not ready, repolling fd = 8
Socket not ready, repolling fd = 8
Socket not ready, repolling fd = 8
Socket not ready, repolling fd = 8
Socket not ready, repolling fd = 8
Socket not ready, repolling fd = 8
Socket not ready, repolling fd = 8
Socket not ready, repolling fd = 8
Socket not ready, repolling fd = 8
Socket not ready, repolling fd = 8
Socket not ready, repolling fd = 8
Socket not ready, repolling fd = 8
Socket not ready, repolling fd = 8
Socket not ready, repolling fd = 8
Socket not ready, repolling fd = 8
Socket not ready, repolling fd = 8
Socket not ready, repolling fd = 8
Socket not ready, repolling fd = 8
Socket not ready, repolling fd = 8
Socket not ready, repolling fd = 8
Socket not ready, repolling fd = 8
Socket not ready, repolling fd = 8
Socket not ready, repolling fd = 8
Socket not ready, repolling fd = 8
Socket not ready, repolling fd = 8
Socket not ready, repolling fd = 8
Socket not ready, repolling fd = 8
Socket not ready, repolling fd = 8
Socket not ready, repolling fd = 8
Socket not ready, repolling fd = 8
Socket not ready, repolling fd = 8
Socket not ready, repolling fd = 8
Socket not ready, repolling fd = 8
Socket not ready, repolling fd = 8
Socket not ready, repolling fd = 8
Socket not ready, repolling fd = 8
Socket not ready, repolling fd = 8
Socket not ready, repolling fd = 8
Socket not ready, repolling fd = 8
Socket not ready, repolling fd = 8
Socket not ready, repolling fd = 8
Socket not ready, repolling fd = 8
Socket not ready, repolling fd = 8
Socket not ready, repolling fd = 8
Socket not ready, repolling fd = 8
Socket not ready, repolling fd = 8
Socket not ready, repolling fd = 8
Socket not ready, repolling fd = 8
Socket not ready, repolling fd = 8
Socket not ready, repolling fd = 8
Socket not ready, repolling fd = 8
Socket not ready, repolling fd = 8
Socket not ready, repolling fd = 8
Socket not ready, repolling fd = 8
Socket not ready, repolling fd = 8
Socket not ready, repolling fd = 8
Socket not ready, repolling fd = 8
Socket not ready, repolling fd = 8
Socket not ready, repolling fd = 8
Socket not ready, repolling fd = 8
Socket not ready, repolling fd = 8
Socket not ready, repolling fd = 8
Socket not ready, repolling fd = 8
Socket not ready, repolling fd = 8
Socket not ready, repolling fd = 8
Socket not ready, repolling fd = 8
Socket not ready, repolling fd = 8
Socket not ready, repolling fd = 8
Socket not ready, repolling fd = 8
Socket not ready, repolling fd = 8
Socket not ready, repolling fd = 8
Socket not ready, repolling fd = 8
Socket not ready, repolling fd = 8
Socket not ready, repolling fd = 8
Socket not ready, repolling fd = 8
Socket not ready, repolling fd = 8
Socket not ready, repolling fd = 8
Socket not ready, repolling fd = 8
Socket not ready, repolling fd = 8
Socket not ready, repolling fd = 8
Socket not ready, repolling fd = 8
Socket not ready, repolling fd = 8
Socket not ready, repolling fd = 8
Socket not ready, repolling fd = 8
Socket not ready, repolling fd = 8
Socket not ready, repolling fd = 8
Socket not ready, repolling fd = 8
Socket not ready, repolling fd = 8
Socket not ready, repolling fd = 8
Socket not ready, repolling fd = 8
Socket not ready, repolling fd = 8
Socket not ready, repolling fd = 8
Socket not ready, repolling fd = 8
Socket not ready, repolling fd = 8
Socket not ready, repolling fd = 8
Socket not ready, repolling fd = 8
Socket not ready, repolling fd = 8
Socket not ready, repolling fd = 8
Socket not ready, repolling fd = 8
Socket not ready, repolling fd = 8
Socket not ready, repolling fd = 8
Socket not ready, repolling fd = 8
Socket not ready, repolling fd = 8
Socket not ready, repolling fd = 8
Socket not ready, repolling fd = 8
Socket not ready, repolling fd = 8
Socket not ready, repolling fd = 8
Socket not ready, repolling fd = 8
Socket not ready, repolling fd = 8
Socket not ready, repolling fd = 8
Socket not ready, repolling fd = 8
Socket not ready, repolling fd = 8
Socket not ready, repolling fd = 8
Socket not ready, repolling fd = 8
Socket not ready, repolling fd = 8
Socket not ready, repolling fd = 8
Socket not ready, repolling fd = 8
Socket not ready, repolling fd = 8
Socket not ready, repolling fd = 8
Socket not ready, repolling fd = 8
Socket not ready, repolling fd = 8
Socket not ready, repolling fd = 8
Socket not ready, repolling fd = 8
Socket not ready, repolling fd = 8
Socket not ready, repolling fd = 8
Socket not ready, repolling fd = 8
Socket not ready, repolling fd = 8
Socket not ready, repolling fd = 8
Socket not ready, repolling fd = 8
Socket not ready, repolling fd = 8
Socket not ready, repolling fd = 8
Socket not ready, repolling fd = 8
Socket not ready, repolling fd = 8
Socket not ready, repolling fd = 8
Socket not ready, repolling fd = 8
Socket not ready, repolling fd = 8
Socket not ready, repolling fd = 8
Socket not ready, repolling fd = 8
Socket not ready, repolling fd = 8
Socket not ready, repolling fd = 8
Socket not ready, repolling fd = 8
Socket not ready, repolling fd = 8
Socket not ready, repolling fd = 8
Socket not ready, repolling fd = 8
Socket not ready, repolling fd = 8
Socket not ready, repolling fd = 8
Socket not ready, repolling fd = 8
Socket not ready, repolling fd = 8
Socket not ready, repolling fd = 8
Socket not ready, repolling fd = 8
Socket not ready, repolling fd = 8
Socket not ready, repolling fd = 8
Socket not ready, repolling fd = 8
Socket not ready, repolling fd = 8
Socket not ready, repolling fd = 8
Socket not ready, repolling fd = 8
Socket not ready, repolling fd = 8
Socket not ready, repolling fd = 8
Socket not ready, repolling fd = 8
Socket not ready, repolling fd = 8
Socket not ready, repolling fd = 8
Socket not ready, repolling fd = 8
Socket not ready, repolling fd = 8
Socket not ready, repolling fd = 8
Socket not ready, repolling fd = 8
Socket not ready, repolling fd = 8
Socket not ready, repolling fd = 8
Socket not ready, repolling fd = 8
Socket not ready, repolling fd = 8
Socket not ready, repolling fd = 8
Socket not ready, repolling fd = 8
Socket not ready, repolling fd = 8
Socket not ready, repolling fd = 8
Socket not ready, repolling fd = 8
Socket not ready, repolling fd = 8
Socket not ready, repolling fd = 8
Socket not ready, repolling fd = 8
Socket not ready, repolling fd = 8
Socket not ready, repolling fd = 8
Socket not ready, repolling fd = 8
Socket not ready, repolling fd = 8
Socket not ready, repolling fd = 8
Socket not ready, repolling fd = 8
Socket not ready, repolling fd = 8
Socket not ready, repolling fd = 8
Socket not ready, repolling fd = 8
Socket not ready, repolling fd = 8
Socket not ready, repolling fd = 8
Socket not ready, repolling fd = 8
Socket not ready, repolling fd = 8
Socket not ready, repolling fd = 8
Socket not ready, repolling fd = 8
Socket not ready, repolling fd = 8
Socket not ready, repolling fd = 8
Socket not ready, repolling fd = 8
Socket not ready, repolling fd = 8
Socket not ready, repolling fd = 8
Socket not ready, repolling fd = 8
Socket not ready, repolling fd = 8
Socket not ready, repolling fd = 8
Socket not ready, repolling fd = 8
Socket not ready, repolling fd = 8
Socket not ready, repolling fd = 8
Socket not ready, repolling fd = 8
Socket not ready, repolling fd = 8
Socket not ready, repolling fd = 8
Socket not ready, repolling fd = 8
Socket not ready, repolling fd = 8
Socket not ready, repolling fd = 8
Socket not ready, repolling fd = 8
Socket not ready, repolling fd = 8
Socket not ready, repolling fd = 8
Socket not ready, repolling fd = 8
Socket not ready, repolling fd = 8
Socket not ready, repolling fd = 8
Socket not ready, repolling fd = 8
Socket not ready, repolling fd = 8
Socket not ready, repolling fd = 8
Socket not ready, repolling fd = 8
Socket not ready, repolling fd = 8
Socket not ready, repolling fd = 8
Socket not ready, repolling fd = 8
Socket not ready, repolling fd = 8
Socket not ready, repolling fd = 8
Socket not ready, repolling fd = 8
Socket not ready, repolling fd = 8
Socket not ready, repolling fd = 8
Socket not ready, repolling fd = 8
Socket not ready, repolling fd = 8
Socket not ready, repolling fd = 8
Socket not ready, repolling fd = 8
Socket not ready, repolling fd = 8
Socket not ready, repolling fd = 8
Socket not ready, repolling fd = 8
Socket not ready, repolling fd = 8
Socket not ready, repolling fd = 8
Socket not ready, repolling fd = 8
Socket not ready, repolling fd = 8
Socket not ready, repolling fd = 8
Socket not ready, repolling fd = 8
Socket not ready, repolling fd = 8
Socket not ready, repolling fd = 8
Socket not ready, repolling fd = 8
Socket not ready, repolling fd = 8
Socket not ready, repolling fd = 8
Socket not ready, repolling fd = 8
Socket not ready, repolling fd = 8
Socket not ready, repolling fd = 8
Socket not ready, repolling fd = 8
Socket not ready, repolling fd = 8
Socket not ready, repolling fd = 8
Socket not ready, repolling fd = 8
Socket not ready, repolling fd = 8
Socket not ready, repolling fd = 8
Socket not ready, repolling fd = 8
Socket not ready, repolling fd = 8
Socket not ready, repolling fd = 8
Socket not ready, repolling fd = 8
Socket not ready, repolling fd = 8
Socket not ready, repolling fd = 8
Socket not ready, repolling fd = 8
Socket not ready, repolling fd = 8
Socket not ready, repolling fd = 8
Socket not ready, repolling fd = 8
Socket not ready, repolling fd = 8
Socket not ready, repolling fd = 8
Socket not ready, repolling fd = 8
Socket not ready, repolling fd = 8
Socket not ready, repolling fd = 8
Socket not ready, repolling fd = 8
Socket not ready, repolling fd = 8
Socket not ready, repolling fd = 8
Socket not ready, repolling fd = 8
Socket not ready, repolling fd = 8
Socket not ready, repolling fd = 8
Socket not ready, repolling fd = 8
Socket not ready, repolling fd = 8
Socket not ready, repolling fd = 8
Socket not ready, repolling fd = 8
Socket not ready, repolling fd = 8
Socket not ready, repolling fd = 8
Socket not ready, repolling fd = 8
Socket not ready, repolling fd = 8
Socket not ready, repolling fd = 8
Socket not ready, repolling fd = 8
Socket not ready, repolling fd = 8
Socket not ready, repolling fd = 8
Socket not ready, repolling fd = 8
Socket not ready, repolling fd = 8
Socket not ready, repolling fd = 8
Socket not ready, repolling fd = 8
Socket not ready, repolling fd = 8
Socket not ready, repolling fd = 8
Socket not ready, repolling fd = 8
Socket not ready, repolling fd = 8
Socket not ready, repolling fd = 8
Socket not ready, repolling fd = 8
Socket not ready, repolling fd = 8
Socket not ready, repolling fd = 8
Socket not ready, repolling fd = 8
Socket not ready, repolling fd = 8
Socket not ready, repolling fd = 8
Socket not ready, repolling fd = 8
Socket not ready, repolling fd = 8
Socket not ready, repolling fd = 8
Socket not ready, repolling fd = 8
Socket not ready, repolling fd = 8
Socket not ready, repolling fd = 8
Socket not ready, repolling fd = 8
Socket not ready, repolling fd = 8
Socket not ready, repolling fd = 8
Socket not ready, repolling fd = 8
Socket not ready, repolling fd = 8
Socket not ready, repolling fd = 8
Socket not ready, repolling fd = 8
Socket not ready, repolling fd = 8
Socket not ready, repolling fd = 8
Socket not ready, repolling fd = 8
Socket not ready, repolling fd = 8
Socket not ready, repolling fd = 8
Socket not ready, repolling fd = 8
Socket not ready, repolling fd = 8
Socket not ready, repolling fd = 8
Socket not ready, repolling fd = 8
Socket not ready, repolling fd = 8
Socket not ready, repolling fd = 8
Socket not ready, repolling fd = 8
Socket not ready, repolling fd = 8
Socket not ready, repolling fd = 8
Socket not ready, repolling fd = 8
Socket not ready, repolling fd = 8
Socket not ready, repolling fd = 8
Socket not ready, repolling fd = 8
Socket not ready, repolling fd = 8
Socket not ready, repolling fd = 8
Socket not ready, repolling fd = 8
Socket not ready, repolling fd = 8
Socket not ready, repolling fd = 8
Socket not ready, repolling fd = 8
Socket not ready, repolling fd = 8
Socket not ready, repolling fd = 8
Socket not ready, repolling fd = 8
Socket not ready, repolling fd = 8
Socket not ready, repolling fd = 8
Socket not ready, repolling fd = 8
Socket not ready, repolling fd = 8
Socket not ready, repolling fd = 8
Socket not ready, repolling fd = 8
Socket not ready, repolling fd = 8
Socket not ready, repolling fd = 8
Socket not ready, repolling fd = 8
Socket not ready, repolling fd = 8
Socket not ready, repolling fd = 8
Socket not ready, repolling fd = 8
Socket not ready, repolling fd = 8
Socket not ready, repolling fd = 8
Socket not ready, repolling fd = 8
Socket not ready, repolling fd = 8
Socket not ready, repolling fd = 8
Socket not ready, repolling fd = 8
Socket not ready, repolling fd = 8
Socket not ready, repolling fd = 8
Socket not ready, repolling fd = 8
Socket not ready, repolling fd = 8
Socket not ready, repolling fd = 8
Socket not ready, repolling fd = 8
Socket not ready, repolling fd = 8
Socket not ready, repolling fd = 8
Socket not ready, repolling fd = 8
Socket not ready, repolling fd = 8
Socket not ready, repolling fd = 8
Socket not ready, repolling fd = 8
Socket not ready, repolling fd = 8
Socket not ready, repolling fd = 8
Socket not ready, repolling fd = 8
Socket not ready, repolling fd = 8
Socket not ready, repolling fd = 8
Socket not ready, repolling fd = 8
Socket not ready, repolling fd = 8
Socket not ready, repolling fd = 8
Socket not ready, repolling fd = 8
Socket not ready, repolling fd = 8
Socket not ready, repolling fd = 8
Socket not ready, repolling fd = 8
Socket not ready, repolling fd = 8
Socket not ready, repolling fd = 8
Socket not ready, repolling fd = 8
Socket not ready, repolling fd = 8
Socket not ready, repolling fd = 8
Socket not ready, repolling fd = 8
Socket not ready, repolling fd = 8
Socket not ready, repolling fd = 8
Socket not ready, repolling fd = 8
Socket not ready, repolling fd = 8
Socket not ready, repolling fd = 8
Socket not ready, repolling fd = 8
Socket not ready, repolling fd = 8
Socket not ready, repolling fd = 8
Socket not ready, repolling fd = 8
Socket not ready, repolling fd = 8
Socket not ready, repolling fd = 8
Socket not ready, repolling fd = 8
Socket not ready, repolling fd = 8
Socket not ready, repolling fd = 8
Socket not ready, repolling fd = 8
Socket not ready, repolling fd = 8
Socket not ready, repolling fd = 8
Socket not ready, repolling fd = 8
Socket not ready, repolling fd = 8
Socket not ready, repolling fd = 8
Socket not ready, repolling fd = 8
Socket not ready, repolling fd = 8
Socket not ready, repolling fd = 8
Socket not ready, repolling fd = 8
Socket not ready, repolling fd = 8
Socket not ready, repolling fd = 8
Socket not ready, repolling fd = 8
Socket not ready, repolling fd = 8
Socket not ready, repolling fd = 8
Socket not ready, repolling fd = 8
Socket not ready, repolling fd = 8
Socket not ready, repolling fd = 8
Socket not ready, repolling fd = 8
Socket not ready, repolling fd = 8
Socket not ready, repolling fd = 8
Socket not ready, repolling fd = 8
Socket not ready, repolling fd = 8
Socket not ready, repolling fd = 8
Socket not ready, repolling fd = 8
Socket not ready, repolling fd = 8
Socket not ready, repolling fd = 8
Socket not ready, repolling fd = 8
Socket not ready, repolling fd = 8
Socket not ready, repolling fd = 8
Socket not ready, repolling fd = 8
Socket not ready, repolling fd = 8
Socket not ready, repolling fd = 8
Socket not ready, repolling fd = 8
Socket not ready, repolling fd = 8
Socket not ready, repolling fd = 8
Socket not ready, repolling fd = 8
Socket not ready, repolling fd = 8
Socket not ready, repolling fd = 8
Socket not ready, repolling fd = 8
Socket not ready, repolling fd = 8
Socket not ready, repolling fd = 8
Socket not ready, repolling fd = 8
Socket not ready, repolling fd = 8
Socket not ready, repolling fd = 8
Socket not ready, repolling fd = 8
Socket not ready, repolling fd = 8
Socket not ready, repolling fd = 8
Socket not ready, repolling fd = 8
Socket not ready, repolling fd = 8
Socket not ready, repolling fd = 8
Socket not ready, repolling fd = 8
Socket not ready, repolling fd = 8
Socket not ready, repolling fd = 8
Socket not ready, repolling fd = 8
Socket not ready, repolling fd = 8
Socket not ready, repolling fd = 8
Socket not ready, repolling fd = 8
Socket not ready, repolling fd = 8
Socket not ready, repolling fd = 8
Socket not ready, repolling fd = 8
Socket not ready, repolling fd = 8
Socket not ready, repolling fd = 8
Socket not ready, repolling fd = 8
Socket not ready, repolling fd = 8
Socket not ready, repolling fd = 8
Socket not ready, repolling fd = 8
Socket not ready, repolling fd = 8
Socket not ready, repolling fd = 8
Socket not ready, repolling fd = 8
Socket not ready, repolling fd = 8
Socket not ready, repolling fd = 8
Socket not ready, repolling fd = 8
Socket not ready, repolling fd = 8
Socket not ready, repolling fd = 8
Socket not ready, repolling fd = 8
Socket not ready, repolling fd = 8
Socket not ready, repolling fd = 8
Socket not ready, repolling fd = 8
Socket not ready, repolling fd = 8
Socket not ready, repolling fd = 8
Socket not ready, repolling fd = 8
Socket not ready, repolling fd = 8
Socket not ready, repolling fd = 8
Socket not ready, repolling fd = 8
Socket not ready, repolling fd = 8
Socket not ready, repolling fd = 8
Socket not ready, repolling fd = 8
Socket not ready, repolling fd = 8
Socket not ready, repolling fd = 8
Socket not ready, repolling fd = 8
Socket not ready, repolling fd = 8
Socket not ready, repolling fd = 8
Socket not ready, repolling fd = 8
Socket not ready, repolling fd = 8
Socket not ready, repolling fd = 8
Socket not ready, repolling fd = 8
Socket not ready, repolling fd = 8
Socket not ready, repolling fd = 8
Socket not ready, repolling fd = 8
Socket not ready, repolling fd = 8
Socket not ready, repolling fd = 8
Socket not ready, repolling fd = 8
Socket not ready, repolling fd = 8
Socket not ready, repolling fd = 8
Socket not ready, repolling fd = 8
Socket not ready, repolling fd = 8
Socket not ready, repolling fd = 8
Socket not ready, repolling fd = 8
Socket not ready, repolling fd = 8
Socket not ready, repolling fd = 8
Socket not ready, repolling fd = 8
Socket not ready, repolling fd = 8
Socket not ready, repolling fd = 8
Socket not ready, repolling fd = 8
Socket not ready, repolling fd = 8
Socket not ready, repolling fd = 8
Socket not ready, repolling fd = 8
Socket not ready, repolling fd = 8
Socket not ready, repolling fd = 8
Socket not ready, repolling fd = 8
Socket not ready, repolling fd = 8
Socket not ready, repolling fd = 8
Socket not ready, repolling fd = 8
Socket not ready, repolling fd = 8
Socket not ready, repolling fd = 8
Socket not ready, repolling fd = 8
Socket not ready, repolling fd = 8
Socket not ready, repolling fd = 8
Socket not ready, repolling fd = 8
Socket not ready, repolling fd = 8
Socket not ready, repolling fd = 8
Socket not ready, repolling fd = 8
Socket not ready, repolling fd = 8
Socket not ready, repolling fd = 8
Socket not ready, repolling fd = 8
Socket not ready, repolling fd = 8
Socket not ready, repolling fd = 8
Socket not ready, repolling fd = 8
Socket not ready, repolling fd = 8
Socket not ready, repolling fd = 8
Socket not ready, repolling fd = 8
Socket not ready, repolling fd = 8
Socket not ready, repolling fd = 8
Socket not ready, repolling fd = 8
Socket not ready, repolling fd = 8
Socket not ready, repolling fd = 8
Socket not ready, repolling fd = 8
Socket not ready, repolling fd = 8
Socket not ready, repolling fd = 8
Socket not ready, repolling fd = 8
Socket not ready, repolling fd = 8
Socket not ready, repolling fd = 8
Socket not ready, repolling fd = 8
Socket not ready, repolling fd = 8
Socket not ready, repolling fd = 8
Socket not ready, repolling fd = 8
Socket not ready, repolling fd = 8
Socket not ready, repolling fd = 8
Socket not ready, repolling fd = 8
Socket not ready, repolling fd = 8
Socket not ready, repolling fd = 8
Socket not ready, repolling fd = 8
Socket not ready, repolling fd = 8
Socket not ready, repolling fd = 8
Socket not ready, repolling fd = 8
Socket not ready, repolling fd = 8
Socket not ready, repolling fd = 8
Socket not ready, repolling fd = 8
Socket not ready, repolling fd = 8
Socket not ready, repolling fd = 8
Socket not ready, repolling fd = 8
Socket not ready, repolling fd = 8
Socket not ready, repolling fd = 8
Socket not ready, repolling fd = 8
Socket not ready, repolling fd = 8
Socket not ready, repolling fd = 8
Socket not ready, repolling fd = 8
Socket not ready, repolling fd = 8
Socket not ready, repolling fd = 8
Socket not ready, repolling fd = 8
Socket not ready, repolling fd = 8
Socket not ready, repolling fd = 8
Socket not ready, repolling fd = 8
Socket not ready, repolling fd = 8
Socket not ready, repolling fd = 8
Socket not ready, repolling fd = 8
Socket not ready, repolling fd = 8
Socket not ready, repolling fd = 8
Socket not ready, repolling fd = 8
Socket not ready, repolling fd = 8
Socket not ready, repolling fd = 8
Socket not ready, repolling fd = 8
Socket not ready, repolling fd = 8
Socket not ready, repolling fd = 8
Socket not ready, repolling fd = 8
Socket not ready, repolling fd = 8
Socket not ready, repolling fd = 8
Socket not ready, repolling fd = 8
Socket not ready, repolling fd = 8
Socket not ready, repolling fd = 8
Socket not ready, repolling fd = 8
Socket not ready, repolling fd = 8
Socket not ready, repolling fd = 8
Socket not ready, repolling fd = 8
Socket not ready, repolling fd = 8
Socket not ready, repolling fd = 8
Socket not ready, repolling fd = 8
Socket not ready, repolling fd = 8
Socket not ready, repolling fd = 8
Socket not ready, repolling fd = 8
Socket not ready, repolling fd = 8
Socket not ready, repolling fd = 8
Socket not ready, repolling fd = 8
Socket not ready, repolling fd = 8
Socket not ready, repolling fd = 8
Socket not ready, repolling fd = 8
Socket not ready, repolling fd = 8
Socket not ready, repolling fd = 8
Socket not ready, repolling fd = 8
Socket not ready, repolling fd = 8
Socket not ready, repolling fd = 8
Socket not ready, repolling fd = 8
Socket not ready, repolling fd = 8
Socket not ready, repolling fd = 8
Socket not ready, repolling fd = 8
Socket not ready, repolling fd = 8
Socket not ready, repolling fd = 8
Socket not ready, repolling fd = 8
Socket not ready, repolling fd = 8
Socket not ready, repolling fd = 8
Socket not ready, repolling fd = 8
Socket not ready, repolling fd = 8
Socket not ready, repolling fd = 8
Socket not ready, repolling fd = 8
Socket not ready, repolling fd = 8
Socket not ready, repolling fd = 8
Socket not ready, repolling fd = 8
Socket not ready, repolling fd = 8
Socket not ready, repolling fd = 8
Socket not ready, repolling fd = 8
Socket not ready, repolling fd = 8
Socket not ready, repolling fd = 8
Socket not ready, repolling fd = 8
Socket not ready, repolling fd = 8
Socket not ready, repolling fd = 8
Socket not ready, repolling fd = 8
Socket not ready, repolling fd = 8
Socket not ready, repolling fd = 8
Socket not ready, repolling fd = 8
Socket not ready, repolling fd = 8
Socket not ready, repolling fd = 8
Socket not ready, repolling fd = 8
Socket not ready, repolling fd = 8
Socket not ready, repolling fd = 8
Socket not ready, repolling fd = 8
Socket not ready, repolling fd = 8
Socket not ready, repolling fd = 8
Socket not ready, repolling fd = 8
Socket not ready, repolling fd = 8
Socket not ready, repolling fd = 8
Socket not ready, repolling fd = 8
Socket not ready, repolling fd = 8
Socket not ready, repolling fd = 8
Socket not ready, repolling fd = 8
Socket not ready, repolling fd = 8
Socket not ready, repolling fd = 8
Socket not ready, repolling fd = 8
Socket not ready, repolling fd = 8
Socket not ready, repolling fd = 8
Socket not ready, repolling fd = 8
Socket not ready, repolling fd = 8
Socket not ready, repolling fd = 8
Socket not ready, repolling fd = 8
Socket not ready, repolling fd = 8
Socket not ready, repolling fd = 8
Socket not ready, repolling fd = 8
Socket not ready, repolling fd = 8
Socket not ready, repolling fd = 8
Socket not ready, repolling fd = 8
Socket not ready, repolling fd = 8
Socket not ready, repolling fd = 8
Socket not ready, repolling fd = 8
Socket not ready, repolling fd = 8
Socket not ready, repolling fd = 8
Socket not ready, repolling fd = 8
Socket not ready, repolling fd = 8
Socket not ready, repolling fd = 8
Socket not ready, repolling fd = 8
Socket not ready, repolling fd = 8
Socket not ready, repolling fd = 8
Socket not ready, repolling fd = 8
Socket not ready, repolling fd = 8
Socket not ready, repolling fd = 8
Socket not ready, repolling fd = 8
Socket not ready, repolling fd = 8
Socket not ready, repolling fd = 8
Socket not ready, repolling fd = 8
Socket not ready, repolling fd = 8
Socket not ready, repolling fd = 8
Socket not ready, repolling fd = 8
Socket not ready, repolling fd = 8
Socket not ready, repolling fd = 8
Socket not ready, repolling fd = 8
Socket not ready, repolling fd = 8
Socket not ready, repolling fd = 8
Socket not ready, repolling fd = 8
Socket not ready, repolling fd = 8
Socket not ready, repolling fd = 8
Socket not ready, repolling fd = 8
Socket not ready, repolling fd = 8
Socket not ready, repolling fd = 8
Socket not ready, repolling fd = 8
Socket not ready, repolling fd = 8
Socket not ready, repolling fd = 8
Socket not ready, repolling fd = 8
Socket not ready, repolling fd = 8
Socket not ready, repolling fd = 8
Socket not ready, repolling fd = 8
Socket not ready, repolling fd = 8
Socket not ready, repolling fd = 8
Socket not ready, repolling fd = 8
Socket not ready, repolling fd = 8
Socket not ready, repolling fd = 8
Socket not ready, repolling fd = 8
Socket not ready, repolling fd = 8
Socket not ready, repolling fd = 8
Socket not ready, repolling fd = 8
Socket not ready, repolling fd = 8
Socket not ready, repolling fd = 8
Socket not ready, repolling fd = 8
Socket not ready, repolling fd = 8
Socket not ready, repolling fd = 8
Socket not ready, repolling fd = 8
Socket not ready, repolling fd = 8
Socket not ready, repolling fd = 8
Socket not ready, repolling fd = 8
Socket not ready, repolling fd = 8
Socket not ready, repolling fd = 8
Socket not ready, repolling fd = 8
Socket not ready, repolling fd = 8
Socket not ready, repolling fd = 8
Socket not ready, repolling fd = 8
Socket not ready, repolling fd = 8
Socket not ready, repolling fd = 8
Socket not ready, repolling fd = 8
Socket not ready, repolling fd = 8
Socket not ready, repolling fd = 8
Socket not ready, repolling fd = 8
Socket not ready, repolling fd = 8
Socket not ready, repolling fd = 8
Socket not ready, repolling fd = 8
Socket not ready, repolling fd = 8
Socket not ready, repolling fd = 8
Socket not ready, repolling fd = 8
Socket not ready, repolling fd = 8
Socket not ready, repolling fd = 8
Socket not ready, repolling fd = 8
Socket not ready, repolling fd = 8
Socket not ready, repolling fd = 8
Socket not ready, repolling fd = 8
Socket not ready, repolling fd = 8
Socket not ready, repolling fd = 8
Socket not ready, repolling fd = 8
Socket not ready, repolling fd = 8
Socket not ready, repolling fd = 8
Socket not ready, repolling fd = 8
Socket not ready, repolling fd = 8
Socket not ready, repolling fd = 8
Socket not ready, repolling fd = 8
Socket not ready, repolling fd = 8
Socket not ready, repolling fd = 8
Socket not ready, repolling fd = 8
Socket not ready, repolling fd = 8
Socket not ready, repolling fd = 8
Socket not ready, repolling fd = 8
Socket not ready, repolling fd = 8
Socket not ready, repolling fd = 8
Socket not ready, repolling fd = 8
Socket not ready, repolling fd = 8
Socket not ready, repolling fd = 8
Socket not ready, repolling fd = 8
Socket not ready, repolling fd = 8
Socket not ready, repolling fd = 8
Socket not ready, repolling fd = 8
Socket not ready, repolling fd = 8
Socket not ready, repolling fd = 8
Socket not ready, repolling fd = 8
Socket not ready, repolling fd = 9
Socket not ready, repolling fd = 9
Socket not ready, repolling fd = 9
Socket not ready, repolling fd = 9
Socket not ready, repolling fd = 9
Socket not ready, repolling fd = 9
Socket not ready, repolling fd = 9
Socket not ready, repolling fd = 9
Socket not ready, repolling fd = 9
Socket not ready, repolling fd = 9
Socket not ready, repolling fd = 9
Socket not ready, repolling fd = 9
Socket not ready, repolling fd = 9
Socket not ready, repolling fd = 9
Socket not ready, repolling fd = 9
Socket not ready, repolling fd = 9
Socket not ready, repolling fd = 9
Socket not ready, repolling fd = 9
Socket not ready, repolling fd = 9
Socket not ready, repolling fd = 9
Socket not ready, repolling fd = 9
Socket not ready, repolling fd = 9
Socket not ready, repolling fd = 9
Socket not ready, repolling fd = 9
Socket not ready, repolling fd = 9
Socket not ready, repolling fd = 9
Socket not ready, repolling fd = 9
Socket not ready, repolling fd = 9
Socket not ready, repolling fd = 9
Socket not ready, repolling fd = 9
Socket not ready, repolling fd = 9
Socket not ready, repolling fd = 9
Socket not ready, repolling fd = 9
Socket not ready, repolling fd = 9
Socket not ready, repolling fd = 9
Socket not ready, repolling fd = 9
Socket not ready, repolling fd = 9
Socket not ready, repolling fd = 9
Socket not ready, repolling fd = 9
Socket not ready, repolling fd = 9
Socket not ready, repolling fd = 9
Socket not ready, repolling fd = 9
Socket not ready, repolling fd = 9
Socket not ready, repolling fd = 9
Socket not ready, repolling fd = 9
Socket not ready, repolling fd = 9
Socket not ready, repolling fd = 9
Socket not ready, repolling fd = 9
Socket not ready, repolling fd = 9
Socket not ready, repolling fd = 9
Socket not ready, repolling fd = 9
Socket not ready, repolling fd = 9
Socket not ready, repolling fd = 9
Socket not ready, repolling fd = 9
Socket not ready, repolling fd = 9
Socket not ready, repolling fd = 9
Socket not ready, repolling fd = 9
Socket not ready, repolling fd = 9
Socket not ready, repolling fd = 9
Socket not ready, repolling fd = 9
Socket not ready, repolling fd = 9
Socket not ready, repolling fd = 9
Socket not ready, repolling fd = 9
Socket not ready, repolling fd = 9
Socket not ready, repolling fd = 9
Socket not ready, repolling fd = 9
Socket not ready, repolling fd = 9
Socket not ready, repolling fd = 9
Socket not ready, repolling fd = 9
Socket not ready, repolling fd = 9
Socket not ready, repolling fd = 9
Socket not ready, repolling fd = 9
Socket not ready, repolling fd = 9
Socket not ready, repolling fd = 9
Socket not ready, repolling fd = 9
Socket not ready, repolling fd = 9
Socket not ready, repolling fd = 9
Socket not ready, repolling fd = 9
Socket not ready, repolling fd = 9
Socket not ready, repolling fd = 9
Socket not ready, repolling fd = 9
Socket not ready, repolling fd = 9
Socket not ready, repolling fd = 9
Socket not ready, repolling fd = 9
Socket not ready, repolling fd = 9
Socket not ready, repolling fd = 9
Socket not ready, repolling fd = 9
Socket not ready, repolling fd = 9
Socket not ready, repolling fd = 9
Socket not ready, repolling fd = 9
Socket not ready, repolling fd = 9
Socket not ready, repolling fd = 9
Socket not ready, repolling fd = 9
Socket not ready, repolling fd = 9
Socket not ready, repolling fd = 9
Socket not ready, repolling fd = 9
Socket not ready, repolling fd = 9
Socket not ready, repolling fd = 9
Socket not ready, repolling fd = 9
Socket not ready, repolling fd = 9
Socket not ready, repolling fd = 9
Socket not ready, repolling fd = 9
Socket not ready, repolling fd = 9
Socket not ready, repolling fd = 9
Socket not ready, repolling fd = 9
Socket not ready, repolling fd = 9
Socket not ready, repolling fd = 9
Socket not ready, repolling fd = 9
Socket not ready, repolling fd = 9
Socket not ready, repolling fd = 9
Socket not ready, repolling fd = 9
Socket not ready, repolling fd = 9
Socket not ready, repolling fd = 9
Socket not ready, repolling fd = 9
Socket not ready, repolling fd = 9
Socket not ready, repolling fd = 9
Socket not ready, repolling fd = 9
Socket not ready, repolling fd = 9
Socket not ready, repolling fd = 9
Socket not ready, repolling fd = 9
Socket not ready, repolling fd = 9
Socket not ready, repolling fd = 9
Socket not ready, repolling fd = 9
Socket not ready, repolling fd = 9
Socket not ready, repolling fd = 9
Socket not ready, repolling fd = 9
Socket not ready, repolling fd = 9
Socket not ready, repolling fd = 9
Socket not ready, repolling fd = 9
Socket not ready, repolling fd = 9
Socket not ready, repolling fd = 9
Socket not ready, repolling fd = 9
Socket not ready, repolling fd = 9
Socket not ready, repolling fd = 9
Socket not ready, repolling fd = 9
Socket not ready, repolling fd = 9
Socket not ready, repolling fd = 9
Socket not ready, repolling fd = 9
Socket not ready, repolling fd = 9
Socket not ready, repolling fd = 9
Socket not ready, repolling fd = 9
Socket not ready, repolling fd = 9
Socket not ready, repolling fd = 9
Socket not ready, repolling fd = 9
Socket not ready, repolling fd = 9
Socket not ready, repolling fd = 9
Socket not ready, repolling fd = 9
Socket not ready, repolling fd = 9
Socket not ready, repolling fd = 9
Socket not ready, repolling fd = 9
Socket not ready, repolling fd = 9
Socket not ready, repolling fd = 9
Socket not ready, repolling fd = 9
Socket not ready, repolling fd = 9
Socket not ready, repolling fd = 9
Socket not ready, repolling fd = 9
Socket not ready, repolling fd = 9
Socket not ready, repolling fd = 9
Socket not ready, repolling fd = 9
Socket not ready, repolling fd = 9
Socket not ready, repolling fd = 9
Socket not ready, repolling fd = 9
Socket not ready, repolling fd = 9
Socket not ready, repolling fd = 9
Socket not ready, repolling fd = 9
Socket not ready, repolling fd = 9
Socket not ready, repolling fd = 9
Socket not ready, repolling fd = 9
Socket not ready, repolling fd = 9
Socket not ready, repolling fd = 9
Socket not ready, repolling fd = 9
Socket not ready, repolling fd = 7
Socket not ready, repolling fd = 7
Socket not ready, repolling fd = 7
Socket not ready, repolling fd = 7
Socket not ready, repolling fd = 7
Socket not ready, repolling fd = 7
Socket not ready, repolling fd = 7
Socket not ready, repolling fd = 7
Socket not ready, repolling fd = 7
Socket not ready, repolling fd = 7
Socket not ready, repolling fd = 7
Socket not ready, repolling fd = 7
Socket not ready, repolling fd = 7
Socket not ready, repolling fd = 7
Socket not ready, repolling fd = 7
Socket not ready, repolling fd = 7
Socket not ready, repolling fd = 7
Socket not ready, repolling fd = 7
Socket not ready, repolling fd = 7
Socket not ready, repolling fd = 7
Socket not ready, repolling fd = 7
Socket not ready, repolling fd = 7
Socket not ready, repolling fd = 7
Socket not ready, repolling fd = 7
Socket not ready, repolling fd = 7
Socket not ready, repolling fd = 7
Socket not ready, repolling fd = 7
Socket not ready, repolling fd = 7
Socket not ready, repolling fd = 7
Socket not ready, repolling fd = 7
Socket not ready, repolling fd = 7
Socket not ready, repolling fd = 7
Socket not ready, repolling fd = 7
Socket not ready, repolling fd = 7
Socket not ready, repolling fd = 7
Socket not ready, repolling fd = 7
Socket not ready, repolling fd = 7
Socket not ready, repolling fd = 7
Socket not ready, repolling fd = 7
Socket not ready, repolling fd = 7
Socket not ready, repolling fd = 7
Socket not ready, repolling fd = 7
Socket not ready, repolling fd = 7
Socket not ready, repolling fd = 7
Socket not ready, repolling fd = 7
Socket not ready, repolling fd = 7
Socket not ready, repolling fd = 7
Socket not ready, repolling fd = 7
Socket not ready, repolling fd = 7
Socket not ready, repolling fd = 7
Socket not ready, repolling fd = 7
Socket not ready, repolling fd = 7
Socket not ready, repolling fd = 7
Socket not ready, repolling fd = 7
Socket not ready, repolling fd = 7
Socket not ready, repolling fd = 7
Socket not ready, repolling fd = 7
Socket not ready, repolling fd = 7
Socket not ready, repolling fd = 7
Socket not ready, repolling fd = 7
Socket not ready, repolling fd = 7
Socket not ready, repolling fd = 7
Socket not ready, repolling fd = 7
Socket not ready, repolling fd = 7
Socket not ready, repolling fd = 7
Socket not ready, repolling fd = 7
Socket not ready, repolling fd = 7
Socket not ready, repolling fd = 7
Socket not ready, repolling fd = 7
Socket not ready, repolling fd = 7
Socket not ready, repolling fd = 7
Socket not ready, repolling fd = 7
Socket not ready, repolling fd = 7
Socket not ready, repolling fd = 7
Socket not ready, repolling fd = 7
Socket not ready, repolling fd = 7
Socket not ready, repolling fd = 7
Socket not ready, repolling fd = 7
Socket not ready, repolling fd = 7
Socket not ready, repolling fd = 7
Socket not ready, repolling fd = 7
Socket not ready, repolling fd = 7
Socket not ready, repolling fd = 7
Socket not ready, repolling fd = 7
Socket not ready, repolling fd = 7
Socket not ready, repolling fd = 7
Socket not ready, repolling fd = 7
Socket not ready, repolling fd = 7
Socket not ready, repolling fd = 7
Socket not ready, repolling fd = 7
Socket not ready, repolling fd = 7
Socket not ready, repolling fd = 7
Socket not ready, repolling fd = 7
Socket not ready, repolling fd = 7
Socket not ready, repolling fd = 7
Socket not ready, repolling fd = 7
Socket not ready, repolling fd = 7
Socket not ready, repolling fd = 7
Socket not ready, repolling fd = 7
Socket not ready, repolling fd = 7
Socket not ready, repolling fd = 7
Socket not ready, repolling fd = 7
Socket not ready, repolling fd = 7
Socket not ready, repolling fd = 7
Socket not ready, repolling fd = 7
Socket not ready, repolling fd = 7
Socket not ready, repolling fd = 7
Socket not ready, repolling fd = 7
Socket not ready, repolling fd = 7
Socket not ready, repolling fd = 7
Socket not ready, repolling fd = 7
Socket not ready, repolling fd = 7
Socket not ready, repolling fd = 7
Socket not ready, repolling fd = 7
Socket not ready, repolling fd = 7
Socket not ready, repolling fd = 7
Socket not ready, repolling fd = 7
Socket not ready, repolling fd = 7
Socket not ready, repolling fd = 7
Socket not ready, repolling fd = 7
Socket not ready, repolling fd = 7
Socket not ready, repolling fd = 7
Socket not ready, repolling fd = 7
Socket not ready, repolling fd = 7
Socket not ready, repolling fd = 7
Socket not ready, repolling fd = 7
Socket not ready, repolling fd = 7
Socket not ready, repolling fd = 7
Socket not ready, repolling fd = 7
Socket not ready, repolling fd = 7
Socket not ready, repolling fd = 7
Socket not ready, repolling fd = 7
Socket not ready, repolling fd = 7
Socket not ready, repolling fd = 7
Socket not ready, repolling fd = 7
Socket not ready, repolling fd = 7
Socket not ready, repolling fd = 7
Socket not ready, repolling fd = 7
Socket not ready, repolling fd = 7
Socket not ready, repolling fd = 7
Socket not ready, repolling fd = 7
Socket not ready, repolling fd = 7
Socket not ready, repolling fd = 7
Socket not ready, repolling fd = 7
Socket not ready, repolling fd = 7
Socket not ready, repolling fd = 7
Socket not ready, repolling fd = 7
Socket not ready, repolling fd = 7
Socket not ready, repolling fd = 7
Socket not ready, repolling fd = 7
Socket not ready, repolling fd = 7
Socket not ready, repolling fd = 7
Socket not ready, repolling fd = 7
Socket not ready, repolling fd = 7
Socket not ready, repolling fd = 7
Socket not ready, repolling fd = 7
Socket not ready, repolling fd = 7
Socket not ready, repolling fd = 7
Socket not ready, repolling fd = 7
Socket not ready, repolling fd = 7
Socket not ready, repolling fd = 7
Socket not ready, repolling fd = 7
Socket not ready, repolling fd = 7
Socket not ready, repolling fd = 7
Socket not ready, repolling fd = 7
Socket not ready, repolling fd = 7
Socket not ready, repolling fd = 7
Socket not ready, repolling fd = 7
Socket not ready, repolling fd = 7
Socket not ready, repolling fd = 7
Socket not ready, repolling fd = 7
Socket not ready, repolling fd = 7
Socket not ready, repolling fd = 7
Socket not ready, repolling fd = 7
Socket not ready, repolling fd = 7
Socket not ready, repolling fd = 7
Socket not ready, repolling fd = 7
Socket not ready, repolling fd = 7
Socket not ready, repolling fd = 7
Socket not ready, repolling fd = 7
Socket not ready, repolling fd = 7
Socket not ready, repolling fd = 7
Socket not ready, repolling fd = 7
Socket not ready, repolling fd = 7
Socket not ready, repolling fd = 7
Socket not ready, repolling fd = 7
Socket not ready, repolling fd = 7
Socket not ready, repolling fd = 7
Socket not ready, repolling fd = 7
Socket not ready, repolling fd = 7
Socket not ready, repolling fd = 7
Socket not ready, repolling fd = 7
Socket not ready, repolling fd = 7
Socket not ready, repolling fd = 7
Socket not ready, repolling fd = 7
Socket not ready, repolling fd = 7
Socket not ready, repolling fd = 7
Socket not ready, repolling fd = 7
Socket not ready, repolling fd = 7
Socket not ready, repolling fd = 7
Socket not ready, repolling fd = 7
Socket not ready, repolling fd = 7
Socket not ready, repolling fd = 7
Socket not ready, repolling fd = 7
Socket not ready, repolling fd = 7
Socket not ready, repolling fd = 7
Socket not ready, repolling fd = 7
Socket not ready, repolling fd = 7
Socket not ready, repolling fd = 7
Socket not ready, repolling fd = 7
Socket not ready, repolling fd = 7
Socket not ready, repolling fd = 7
Socket not ready, repolling fd = 7
Socket not ready, repolling fd = 7
Socket not ready, repolling fd = 7
Socket not ready, repolling fd = 7
Socket not ready, repolling fd = 7
Socket not ready, repolling fd = 7
Socket not ready, repolling fd = 7
Socket not ready, repolling fd = 7
Socket not ready, repolling fd = 7
Socket not ready, repolling fd = 7
Socket not ready, repolling fd = 7
Socket not ready, repolling fd = 7
Socket not ready, repolling fd = 7
Socket not ready, repolling fd = 7
Socket not ready, repolling fd = 7
Socket not ready, repolling fd = 7
Socket not ready, repolling fd = 7
Socket not ready, repolling fd = 7
Socket not ready, repolling fd = 7
Socket not ready, repolling fd = 7
Socket not ready, repolling fd = 7
Socket not ready, repolling fd = 7
Socket not ready, repolling fd = 7
Socket not ready, repolling fd = 7
Socket not ready, repolling fd = 7
Socket not ready, repolling fd = 7
Socket not ready, repolling fd = 7
Socket not ready, repolling fd = 7
Socket not ready, repolling fd = 7
Socket not ready, repolling fd = 7
Socket not ready, repolling fd = 7
Socket not ready, repolling fd = 7
Socket not ready, repolling fd = 7
Socket not ready, repolling fd = 7
Socket not ready, repolling fd = 7
Socket not ready, repolling fd = 7
Socket not ready, repolling fd = 7
Socket not ready, repolling fd = 7
Socket not ready, repolling fd = 7
Socket not ready, repolling fd = 7
Socket not ready, repolling fd = 7
Socket not ready, repolling fd = 7
Socket not ready, repolling fd = 7
Socket not ready, repolling fd = 7
Socket not ready, repolling fd = 7
Socket not ready, repolling fd = 7
Socket not ready, repolling fd = 7
Socket not ready, repolling fd = 7
Socket not ready, repolling fd = 7
Socket not ready, repolling fd = 7
Socket not ready, repolling fd = 7
Socket not ready, repolling fd = 7
Socket not ready, repolling fd = 7
Socket not ready, repolling fd = 7
Socket not ready, repolling fd = 7
Socket not ready, repolling fd = 7
Socket not ready, repolling fd = 7
Socket not ready, repolling fd = 7
Socket not ready, repolling fd = 7
Socket not ready, repolling fd = 7
Socket not ready, repolling fd = 7
Socket not ready, repolling fd = 7
Socket not ready, repolling fd = 7
Socket not ready, repolling fd = 7
Socket not ready, repolling fd = 7
Socket not ready, repolling fd = 7
Socket not ready, repolling fd = 7
Socket not ready, repolling fd = 7
Socket not ready, repolling fd = 7
Socket not ready, repolling fd = 7
Socket not ready, repolling fd = 7
Socket not ready, repolling fd = 7
Socket not ready, repolling fd = 7
Socket not ready, repolling fd = 7
Socket not ready, repolling fd = 7
Socket not ready, repolling fd = 7
Socket not ready, repolling fd = 7
Socket not ready, repolling fd = 7
Socket not ready, repolling fd = 7
Socket not ready, repolling fd = 7
Socket not ready, repolling fd = 7
Socket not ready, repolling fd = 7
Socket not ready, repolling fd = 7
Socket not ready, repolling fd = 7
Socket not ready, repolling fd = 7
Socket not ready, repolling fd = 7
Socket not ready, repolling fd = 7
Socket not ready, repolling fd = 7
Socket not ready, repolling fd = 7
Socket not ready, repolling fd = 7
Socket not ready, repolling fd = 7
Socket not ready, repolling fd = 7
Socket not ready, repolling fd = 7
Socket not ready, repolling fd = 7
Socket not ready, repolling fd = 7
Socket not ready, repolling fd = 7
Socket not ready, repolling fd = 7
Socket not ready, repolling fd = 7
Socket not ready, repolling fd = 7
Socket not ready, repolling fd = 7
Socket not ready, repolling fd = 7
Socket not ready, repolling fd = 7
Socket not ready, repolling fd = 7
Socket not ready, repolling fd = 7
Socket not ready, repolling fd = 7
Socket not ready, repolling fd = 7
Socket not ready, repolling fd = 7
Socket not ready, repolling fd = 7
Socket not ready, repolling fd = 7
Socket not ready, repolling fd = 7
Socket not ready, repolling fd = 7
Socket not ready, repolling fd = 7
Socket not ready, repolling fd = 7
Socket not ready, repolling fd = 7
Socket not ready, repolling fd = 7
Socket not ready, repolling fd = 7
Socket not ready, repolling fd = 7
Socket not ready, repolling fd = 7
Socket not ready, repolling fd = 7
Socket not ready, repolling fd = 7
Socket not ready, repolling fd = 7
Socket not ready, repolling fd = 7
Socket not ready, repolling fd = 7
Socket not ready, repolling fd = 7
Socket not ready, repolling fd = 7
Socket not ready, repolling fd = 7
Socket not ready, repolling fd = 7
Socket not ready, repolling fd = 7
Socket not ready, repolling fd = 7
Socket not ready, repolling fd = 7
Socket not ready, repolling fd = 7
Socket not ready, repolling fd = 7
Socket not ready, repolling fd = 7
Socket not ready, repolling fd = 7
Socket not ready, repolling fd = 7
Socket not ready, repolling fd = 7
Socket not ready, repolling fd = 7
Socket not ready, repolling fd = 7
Socket not ready, repolling fd = 7
Socket not ready, repolling fd = 7
Socket not ready, repolling fd = 7
Socket not ready, repolling fd = 7
Socket not ready, repolling fd = 7
Socket not ready, repolling fd = 7
Socket not ready, repolling fd = 7
Socket not ready, repolling fd = 7
Socket not ready, repolling fd = 7
Socket not ready, repolling fd = 7
Socket not ready, repolling fd = 7
Socket not ready, repolling fd = 7
Socket not ready, repolling fd = 7
Socket not ready, repolling fd = 7
Socket not ready, repolling fd = 7
Socket not ready, repolling fd = 7
Socket not ready, repolling fd = 7
Socket not ready, repolling fd = 7
Socket not ready, repolling fd = 7
Socket not ready, repolling fd = 7
Socket not ready, repolling fd = 7
Socket not ready, repolling fd = 7
Socket not ready, repolling fd = 7
Socket not ready, repolling fd = 7
Socket not ready, repolling fd = 7
Socket not ready, repolling fd = 7
Socket not ready, repolling fd = 7
Socket not ready, repolling fd = 7
Socket not ready, repolling fd = 7
Socket not ready, repolling fd = 7
Socket not ready, repolling fd = 7
Socket not ready, repolling fd = 7
Socket not ready, repolling fd = 7
Socket not ready, repolling fd = 7
Socket not ready, repolling fd = 7
Socket not ready, repolling fd = 7
Socket not ready, repolling fd = 7
Socket not ready, repolling fd = 7
Socket not ready, repolling fd = 7
Socket not ready, repolling fd = 7
Socket not ready, repolling fd = 7
Socket not ready, repolling fd = 7
Socket not ready, repolling fd = 7
Socket not ready, repolling fd = 7
Socket not ready, repolling fd = 7
Socket not ready, repolling fd = 7
Socket not ready, repolling fd = 7
Socket not ready, repolling fd = 7
Socket not ready, repolling fd = 7
Socket not ready, repolling fd = 7
Socket not ready, repolling fd = 7
Socket not ready, repolling fd = 7
Socket not ready, repolling fd = 7
Socket not ready, repolling fd = 7
Socket not ready, repolling fd = 7
Socket not ready, repolling fd = 7
Socket not ready, repolling fd = 7
Socket not ready, repolling fd = 7
Socket not ready, repolling fd = 7
Socket not ready, repolling fd = 7
Socket not ready, repolling fd = 7
Socket not ready, repolling fd = 7
Socket not ready, repolling fd = 7
Socket not ready, repolling fd = 7
Socket not ready, repolling fd = 7
Socket not ready, repolling fd = 7
Socket not ready, repolling fd = 7
Socket not ready, repolling fd = 7
Socket not ready, repolling fd = 7
Socket not ready, repolling fd = 7
Socket not ready, repolling fd = 7
Socket not ready, repolling fd = 7
Socket not ready, repolling fd = 7
Socket not ready, repolling fd = 7
Socket not ready, repolling fd = 7
Socket not ready, repolling fd = 7
Socket not ready, repolling fd = 7
Socket not ready, repolling fd = 7
Socket not ready, repolling fd = 7
Socket not ready, repolling fd = 7
Socket not ready, repolling fd = 7
Socket not ready, repolling fd = 7
Socket not ready, repolling fd = 7
Socket not ready, repolling fd = 7
Socket not ready, repolling fd = 7
Socket not ready, repolling fd = 7
Socket not ready, repolling fd = 7
Socket not ready, repolling fd = 7
Socket not ready, repolling fd = 7
Socket not ready, repolling fd = 7
Socket not ready, repolling fd = 7
Socket not ready, repolling fd = 7
Socket not ready, repolling fd = 7
Socket not ready, repolling fd = 7
Socket not ready, repolling fd = 7
Socket not ready, repolling fd = 7
Socket not ready, repolling fd = 7
Socket not ready, repolling fd = 7
Socket not ready, repolling fd = 7
Socket not ready, repolling fd = 7
Socket not ready, repolling fd = 7
Socket not ready, repolling fd = 7
Socket not ready, repolling fd = 7
Socket not ready, repolling fd = 7
Socket not ready, repolling fd = 7
Socket not ready, repolling fd = 7
Socket not ready, repolling fd = 7
Socket not ready, repolling fd = 7
Socket not ready, repolling fd = 7
Socket not ready, repolling fd = 7
Socket not ready, repolling fd = 7
Socket not ready, repolling fd = 7
Socket not ready, repolling fd = 7
Socket not ready, repolling fd = 7
Socket not ready, repolling fd = 7
Socket not ready, repolling fd = 7
Socket not ready, repolling fd = 7
Socket not ready, repolling fd = 7
Socket not ready, repolling fd = 7
Socket not ready, repolling fd = 7
Socket not ready, repolling fd = 7
Socket not ready, repolling fd = 7
Socket not ready, repolling fd = 7
Socket not ready, repolling fd = 7
Socket not ready, repolling fd = 7
Socket not ready, repolling fd = 7
Socket not ready, repolling fd = 7
Socket not ready, repolling fd = 7
Socket not ready, repolling fd = 7
Socket not ready, repolling fd = 7
Socket not ready, repolling fd = 7
Socket not ready, repolling fd = 7
Socket not ready, repolling fd = 7
Socket not ready, repolling fd = 7
Socket not ready, repolling fd = 7
Socket not ready, repolling fd = 7
Socket not ready, repolling fd = 7
Socket not ready, repolling fd = 7
Socket not ready, repolling fd = 7
Socket not ready, repolling fd = 7
Socket not ready, repolling fd = 7
Socket not ready, repolling fd = 7
Socket not ready, repolling fd = 7
Socket not ready, repolling fd = 7
Socket not ready, repolling fd = 7
Socket not ready, repolling fd = 7
Socket not ready, repolling fd = 7
Socket not ready, repolling fd = 7
Socket not ready, repolling fd = 7
Socket not ready, repolling fd = 7
Socket not ready, repolling fd = 7
Socket not ready, repolling fd = 7
Socket not ready, repolling fd = 7
Socket not ready, repolling fd = 7
Socket not ready, repolling fd = 7
Socket not ready, repolling fd = 7
Socket not ready, repolling fd = 7
Socket not ready, repolling fd = 7
Socket not ready, repolling fd = 7
Socket not ready, repolling fd = 7
Socket not ready, repolling fd = 7
Socket not ready, repolling fd = 7
Socket not ready, repolling fd = 7
Socket not ready, repolling fd = 7
Socket not ready, repolling fd = 7
Socket not ready, repolling fd = 7
Socket not ready, repolling fd = 7
Socket not ready, repolling fd = 7
Socket not ready, repolling fd = 7
Socket not ready, repolling fd = 7
Socket not ready, repolling fd = 7
Socket not ready, repolling fd = 7
Socket not ready, repolling fd = 7
Socket not ready, repolling fd = 7
Socket not ready, repolling fd = 7
Socket not ready, repolling fd = 7
Socket not ready, repolling fd = 7
Socket not ready, repolling fd = 7
Socket not ready, repolling fd = 7
Socket not ready, repolling fd = 7
Socket not ready, repolling fd = 7
Socket not ready, repolling fd = 7
Socket not ready, repolling fd = 7
Socket not ready, repolling fd = 7
Socket not ready, repolling fd = 7
Socket not ready, repolling fd = 7
Socket not ready, repolling fd = 7
Socket not ready, repolling fd = 7
Socket not ready, repolling fd = 7
Socket not ready, repolling fd = 7
Socket not ready, repolling fd = 7
Socket not ready, repolling fd = 7
Socket not ready, repolling fd = 7
Socket not ready, repolling fd = 7
Socket not ready, repolling fd = 7
Socket not ready, repolling fd = 7
Socket not ready, repolling fd = 7
Socket not ready, repolling fd = 7
Socket not ready, repolling fd = 7
Socket not ready, repolling fd = 7
Socket not ready, repolling fd = 7
Socket not ready, repolling fd = 7
Socket not ready, repolling fd = 7
Socket not ready, repolling fd = 7
Socket not ready, repolling fd = 7
Socket not ready, repolling fd = 7
Socket not ready, repolling fd = 7
Socket not ready, repolling fd = 7
Socket not ready, repolling fd = 7
Socket not ready, repolling fd = 7
Socket not ready, repolling fd = 7
Socket not ready, repolling fd = 7
Socket not ready, repolling fd = 7
Socket not ready, repolling fd = 7
Socket not ready, repolling fd = 7
Socket not ready, repolling fd = 7
Socket not ready, repolling fd = 7
Socket not ready, repolling fd = 7
Socket not ready, repolling fd = 7
Socket not ready, repolling fd = 7
Socket not ready, repolling fd = 7
Socket not ready, repolling fd = 7
Socket not ready, repolling fd = 7
Socket not ready, repolling fd = 7
Socket not ready, repolling fd = 7
Socket not ready, repolling fd = 7
Socket not ready, repolling fd = 7
Socket not ready, repolling fd = 7
Socket not ready, repolling fd = 7
Socket not ready, repolling fd = 7
Socket not ready, repolling fd = 7
Socket not ready, repolling fd = 7
Socket not ready, repolling fd = 7
Socket not ready, repolling fd = 7
Socket not ready, repolling fd = 7
Socket not ready, repolling fd = 7
Socket not ready, repolling fd = 7
Socket not ready, repolling fd = 7
Socket not ready, repolling fd = 7
Socket not ready, repolling fd = 7
Socket not ready, repolling fd = 7
Socket not ready, repolling fd = 7
Socket not ready, repolling fd = 7
Socket not ready, repolling fd = 7
Socket not ready, repolling fd = 7
Socket not ready, repolling fd = 7
Socket not ready, repolling fd = 7
Socket not ready, repolling fd = 7
Socket not ready, repolling fd = 7
Socket not ready, repolling fd = 7
Socket not ready, repolling fd = 7
Socket not ready, repolling fd = 7
Socket not ready, repolling fd = 7
Socket not ready, repolling fd = 7
Socket not ready, repolling fd = 7
Socket not ready, repolling fd = 7
Socket not ready, repolling fd = 7
Socket not ready, repolling fd = 7
Socket not ready, repolling fd = 7
Socket not ready, repolling fd = 7
Socket not ready, repolling fd = 7
Socket not ready, repolling fd = 7
Socket not ready, repolling fd = 7
Socket not ready, repolling fd = 7
Socket not ready, repolling fd = 7
Socket not ready, repolling fd = 7
Socket not ready, repolling fd = 7
Socket not ready, repolling fd = 7
Socket not ready, repolling fd = 7
Socket not ready, repolling fd = 7
Socket not ready, repolling fd = 7
Socket not ready, repolling fd = 7
Socket not ready, repolling fd = 7
Socket not ready, repolling fd = 7
Socket not ready, repolling fd = 7
Socket not ready, repolling fd = 7
Socket not ready, repolling fd = 7
Socket not ready, repolling fd = 7
Socket not ready, repolling fd = 7
Socket not ready, repolling fd = 7
Socket not ready, repolling fd = 7
Socket not ready, repolling fd = 7
Socket not ready, repolling fd = 7
Socket not ready, repolling fd = 7
Socket not ready, repolling fd = 7
Socket not ready, repolling fd = 7
Socket not ready, repolling fd = 7
Socket not ready, repolling fd = 7
Socket not ready, repolling fd = 7
Socket not ready, repolling fd = 7
Socket not ready, repolling fd = 7
Socket not ready, repolling fd = 7
Socket not ready, repolling fd = 7
Socket not ready, repolling fd = 7
Socket not ready, repolling fd = 7
Socket not ready, repolling fd = 7
Socket not ready, repolling fd = 7
Socket not ready, repolling fd = 7
Socket not ready, repolling fd = 7
Socket not ready, repolling fd = 7
Socket not ready, repolling fd = 7
Socket not ready, repolling fd = 7
Socket not ready, repolling fd = 7
Socket not ready, repolling fd = 7
Socket not ready, repolling fd = 7
Socket not ready, repolling fd = 7
Socket not ready, repolling fd = 7
Socket not ready, repolling fd = 7
Socket not ready, repolling fd = 7
Socket not ready, repolling fd = 7
Socket not ready, repolling fd = 7
Socket not ready, repolling fd = 7
Socket not ready, repolling fd = 7
Socket not ready, repolling fd = 7
Socket not ready, repolling fd = 7
Socket not ready, repolling fd = 7
Socket not ready, repolling fd = 7
Socket not ready, repolling fd = 7
Socket not ready, repolling fd = 7
Socket not ready, repolling fd = 7
Socket not ready, repolling fd = 7
Socket not ready, repolling fd = 7
Socket not ready, repolling fd = 7
Socket not ready, repolling fd = 7
Socket not ready, repolling fd = 7
Socket not ready, repolling fd = 7
Socket not ready, repolling fd = 7
Socket not ready, repolling fd = 7
Socket not ready, repolling fd = 7
Socket not ready, repolling fd = 7
Socket not ready, repolling fd = 7
Socket not ready, repolling fd = 7
Socket not ready, repolling fd = 7
Socket not ready, repolling fd = 7
Socket not ready, repolling fd = 7
Socket not ready, repolling fd = 7
Socket not ready, repolling fd = 7
Socket not ready, repolling fd = 7
Socket not ready, repolling fd = 7
Socket not ready, repolling fd = 7
Socket not ready, repolling fd = 7
Socket not ready, repolling fd = 7
Socket not ready, repolling fd = 7
Socket not ready, repolling fd = 7
Socket not ready, repolling fd = 7
Socket not ready, repolling fd = 7
Socket not ready, repolling fd = 7
Socket not ready, repolling fd = 7
Socket not ready, repolling fd = 7
Socket not ready, repolling fd = 7
Socket not ready, repolling fd = 7
Socket not ready, repolling fd = 7
Socket not ready, repolling fd = 7
Socket not ready, repolling fd = 7
Socket not ready, repolling fd = 7
Socket not ready, repolling fd = 7
Socket not ready, repolling fd = 7
Socket not ready, repolling fd = 7
Socket not ready, repolling fd = 7
Socket not ready, repolling fd = 7
Socket not ready, repolling fd = 7
Socket not ready, repolling fd = 7
Socket not ready, repolling fd = 7
Socket not ready, repolling fd = 7
Socket not ready, repolling fd = 7
Socket not ready, repolling fd = 7
Socket not ready, repolling fd = 7
Socket not ready, repolling fd = 7
Socket not ready, repolling fd = 7
Socket not ready, repolling fd = 7
Socket not ready, repolling fd = 7
Socket not ready, repolling fd = 7
Socket not ready, repolling fd = 7
Socket not ready, repolling fd = 7
Socket not ready, repolling fd = 7
Socket not ready, repolling fd = 7
Socket not ready, repolling fd = 7
Socket not ready, repolling fd = 7
Socket not ready, repolling fd = 7
Socket not ready, repolling fd = 7
Socket not ready, repolling fd = 7
Socket not ready, repolling fd = 7
Socket not ready, repolling fd = 7
Socket not ready, repolling fd = 7
Socket not ready, repolling fd = 7
Socket not ready, repolling fd = 7
Socket not ready, repolling fd = 7
Socket not ready, repolling fd = 7
Socket not ready, repolling fd = 7
Socket not ready, repolling fd = 7
Socket not ready, repolling fd = 7
Socket not ready, repolling fd = 7
Socket not ready, repolling fd = 7
Socket not ready, repolling fd = 7
Socket not ready, repolling fd = 7
Socket not ready, repolling fd = 7
Socket not ready, repolling fd = 7
Socket not ready, repolling fd = 7
Socket not ready, repolling fd = 7
Socket not ready, repolling fd = 7
Socket not ready, repolling fd = 7
Socket not ready, repolling fd = 7
Socket not ready, repolling fd = 7
Socket not ready, repolling fd = 7
Socket not ready, repolling fd = 7
Socket not ready, repolling fd = 7
Socket not ready, repolling fd = 7
Socket not ready, repolling fd = 7
Socket not ready, repolling fd = 7
Socket not ready, repolling fd = 7
Socket not ready, repolling fd = 7
Socket not ready, repolling fd = 7
Socket not ready, repolling fd = 7
Socket not ready, repolling fd = 7
Socket not ready, repolling fd = 7
Socket not ready, repolling fd = 7
Socket not ready, repolling fd = 7
Socket not ready, repolling fd = 7
Socket not ready, repolling fd = 7
Socket not ready, repolling fd = 7
Socket not ready, repolling fd = 7
Socket not ready, repolling fd = 7
Socket not ready, repolling fd = 7
Socket not ready, repolling fd = 7
Socket not ready, repolling fd = 7
Socket not ready, repolling fd = 7
Socket not ready, repolling fd = 7
Socket not ready, repolling fd = 7
Socket not ready, repolling fd = 7
Socket not ready, repolling fd = 7
Socket not ready, repolling fd = 7
Socket not ready, repolling fd = 7
Socket not ready, repolling fd = 7
Socket not ready, repolling fd = 7
Socket not ready, repolling fd = 7
Socket not ready, repolling fd = 7
Socket not ready, repolling fd = 7
Socket not ready, repolling fd = 7
Socket not ready, repolling fd = 7
Socket not ready, repolling fd = 7
Socket not ready, repolling fd = 7
Socket not ready, repolling fd = 7
Socket not ready, repolling fd = 7
Socket not ready, repolling fd = 7
Socket not ready, repolling fd = 7
Socket not ready, repolling fd = 7
Socket not ready, repolling fd = 7
Socket not ready, repolling fd = 7
Socket not ready, repolling fd = 7
Socket not ready, repolling fd = 7
Socket not ready, repolling fd = 7
Socket not ready, repolling fd = 7
Socket not ready, repolling fd = 7
Socket not ready, repolling fd = 7
Socket not ready, repolling fd = 7
Socket not ready, repolling fd = 7
Socket not ready, repolling fd = 7
Socket not ready, repolling fd = 7
Socket not ready, repolling fd = 7
Socket not ready, repolling fd = 7
Socket not ready, repolling fd = 7
Socket not ready, repolling fd = 7
Socket not ready, repolling fd = 7
Socket not ready, repolling fd = 7
Socket not ready, repolling fd = 7
Socket not ready, repolling fd = 7
Socket not ready, repolling fd = 7
Socket not ready, repolling fd = 7
Socket not ready, repolling fd = 7
Socket not ready, repolling fd = 7
Socket not ready, repolling fd = 7
Socket not ready, repolling fd = 7
Socket not ready, repolling fd = 7
Socket not ready, repolling fd = 7
Socket not ready, repolling fd = 7
Socket not ready, repolling fd = 7
Socket not ready, repolling fd = 7
Socket not ready, repolling fd = 7
Socket not ready, repolling fd = 7
Socket not ready, repolling fd = 7
Socket not ready, repolling fd = 7
Socket not ready, repolling fd = 7
Socket not ready, repolling fd = 7
Socket not ready, repolling fd = 7
Socket not ready, repolling fd = 7
Socket not ready, repolling fd = 7
Socket not ready, repolling fd = 7
Socket not ready, repolling fd = 7
Socket not ready, repolling fd = 7
Socket not ready, repolling fd = 7
Socket not ready, repolling fd = 7
Socket not ready, repolling fd = 7
Socket not ready, repolling fd = 7
Socket not ready, repolling fd = 7
Socket not ready, repolling fd = 7
Socket not ready, repolling fd = 7
Socket not ready, repolling fd = 7
Socket not ready, repolling fd = 7
Socket not ready, repolling fd = 7
Socket not ready, repolling fd = 7
Socket not ready, repolling fd = 7
Socket not ready, repolling fd = 7
Socket not ready, repolling fd = 7
Socket not ready, repolling fd = 7
Socket not ready, repolling fd = 7
Socket not ready, repolling fd = 7
Socket not ready, repolling fd = 7
Socket not ready, repolling fd = 7
Socket not ready, repolling fd = 7
Socket not ready, repolling fd = 7
Socket not ready, repolling fd = 7
Socket not ready, repolling fd = 7
Socket not ready, repolling fd = 7
Socket not ready, repolling fd = 7
Socket not ready, repolling fd = 7
Socket not ready, repolling fd = 7
Socket not ready, repolling fd = 7
Socket not ready, repolling fd = 7
Socket not ready, repolling fd = 7
Socket not ready, repolling fd = 7
Socket not ready, repolling fd = 7
Socket not ready, repolling fd = 7
Socket not ready, repolling fd = 7
Socket not ready, repolling fd = 7
Socket not ready, repolling fd = 7
Socket not ready, repolling fd = 7
Socket not ready, repolling fd = 7
Socket not ready, repolling fd = 7
Socket not ready, repolling fd = 7
Socket not ready, repolling fd = 7
Socket not ready, repolling fd = 7
Socket not ready, repolling fd = 7
Socket not ready, repolling fd = 7
Socket not ready, repolling fd = 7
Socket not ready, repolling fd = 7
Socket not ready, repolling fd = 7
Socket not ready, repolling fd = 7
Socket not ready, repolling fd = 7
Socket not ready, repolling fd = 7
Socket not ready, repolling fd = 7
Socket not ready, repolling fd = 7
Socket not ready, repolling fd = 7
Socket not ready, repolling fd = 7
Socket not ready, repolling fd = 7
Socket not ready, repolling fd = 7
Socket not ready, repolling fd = 7
Socket not ready, repolling fd = 7
Socket not ready, repolling fd = 7
Socket not ready, repolling fd = 7
Socket not ready, repolling fd = 7
Socket not ready, repolling fd = 7
Socket not ready, repolling fd = 7
Socket not ready, repolling fd = 7
Socket not ready, repolling fd = 7
Socket not ready, repolling fd = 7
Socket not ready, repolling fd = 7
Socket not ready, repolling fd = 7
Socket not ready, repolling fd = 7
Socket not ready, repolling fd = 7
Socket not ready, repolling fd = 7
Socket not ready, repolling fd = 7
Socket not ready, repolling fd = 7
Socket not ready, repolling fd = 7
Socket not ready, repolling fd = 7
Socket not ready, repolling fd = 7
Socket not ready, repolling fd = 7
Socket not ready, repolling fd = 7
Socket not ready, repolling fd = 7
Socket not ready, repolling fd = 7
Socket not ready, repolling fd = 7
Socket not ready, repolling fd = 7
Socket not ready, repolling fd = 7
Socket not ready, repolling fd = 7
Socket not ready, repolling fd = 7
Socket not ready, repolling fd = 7
Socket not ready, repolling fd = 7
Socket not ready, repolling fd = 7
Socket not ready, repolling fd = 7
Socket not ready, repolling fd = 7
Socket not ready, repolling fd = 7
Socket not ready, repolling fd = 7
Socket not ready, repolling fd = 7
Socket not ready, repolling fd = 7
Socket not ready, repolling fd = 7
Socket not ready, repolling fd = 7
Socket not ready, repolling fd = 7
Socket not ready, repolling fd = 7
Socket not ready, repolling fd = 7
Socket not ready, repolling fd = 7
Socket not ready, repolling fd = 7
Socket not ready, repolling fd = 7
Socket not ready, repolling fd = 7
Socket not ready, repolling fd = 7
Socket not ready, repolling fd = 7
Socket not ready, repolling fd = 7
Socket not ready, repolling fd = 7
Socket not ready, repolling fd = 7
Socket not ready, repolling fd = 7
Socket not ready, repolling fd = 7
Socket not ready, repolling fd = 7
Socket not ready, repolling fd = 7
Socket not ready, repolling fd = 7
Socket not ready, repolling fd = 7
Socket not ready, repolling fd = 7
Socket not ready, repolling fd = 7
Socket not ready, repolling fd = 7
Socket not ready, repolling fd = 7
Socket not ready, repolling fd = 7
Socket not ready, repolling fd = 7
Socket not ready, repolling fd = 7
Socket not ready, repolling fd = 7
Socket not ready, repolling fd = 7
Socket not ready, repolling fd = 7
Socket not ready, repolling fd = 7
Socket not ready, repolling fd = 7
Socket not ready, repolling fd = 7
Socket not ready, repolling fd = 7
Socket not ready, repolling fd = 7
Socket not ready, repolling fd = 7
Socket not ready, repolling fd = 7
Socket not ready, repolling fd = 7
Socket not ready, repolling fd = 7
Socket not ready, repolling fd = 7
Socket not ready, repolling fd = 7
Socket not ready, repolling fd = 7
Socket not ready, repolling fd = 7
Socket not ready, repolling fd = 7
Socket not ready, repolling fd = 7
Socket not ready, repolling fd = 7
Socket not ready, repolling fd = 7
Socket not ready, repolling fd = 7
Socket not ready, repolling fd = 7
Socket not ready, repolling fd = 7
Socket not ready, repolling fd = 7
Socket not ready, repolling fd = 7
Socket not ready, repolling fd = 7
Socket not ready, repolling fd = 7
Socket not ready, repolling fd = 7
Socket not ready, repolling fd = 7
Socket not ready, repolling fd = 7
Socket not ready, repolling fd = 7
Socket not ready, repolling fd = 7
Socket not ready, repolling fd = 7
Socket not ready, repolling fd = 7
Socket not ready, repolling fd = 7
Socket not ready, repolling fd = 7
Socket not ready, repolling fd = 7
Socket not ready, repolling fd = 7
Socket not ready, repolling fd = 7
Socket not ready, repolling fd = 7
Socket not ready, repolling fd = 7
Socket not ready, repolling fd = 7
Socket not ready, repolling fd = 7
Socket not ready, repolling fd = 7
Socket not ready, repolling fd = 7
Socket not ready, repolling fd = 7
Socket not ready, repolling fd = 7
Socket not ready, repolling fd = 7
Socket not ready, repolling fd = 7
Socket not ready, repolling fd = 7
Socket not ready, repolling fd = 7
Socket not ready, repolling fd = 7
Socket not ready, repolling fd = 7
Socket not ready, repolling fd = 7
Socket not ready, repolling fd = 7
Socket not ready, repolling fd = 7
Socket not ready, repolling fd = 7
Socket not ready, repolling fd = 7
Socket not ready, repolling fd = 7
Socket not ready, repolling fd = 7
Socket not ready, repolling fd = 7
Socket not ready, repolling fd = 7
Socket not ready, repolling fd = 7
Socket not ready, repolling fd = 7
Socket not ready, repolling fd = 7
Socket not ready, repolling fd = 7
Socket not ready, repolling fd = 7
Socket not ready, repolling fd = 7
Socket not ready, repolling fd = 7
Socket not ready, repolling fd = 7
Socket not ready, repolling fd = 7
Socket not ready, repolling fd = 7
Socket not ready, repolling fd = 7
Socket not ready, repolling fd = 7
Socket not ready, repolling fd = 7
Socket not ready, repolling fd = 7
Socket not ready, repolling fd = 7
Socket not ready, repolling fd = 7
Socket not ready, repolling fd = 7
Socket not ready, repolling fd = 7
Socket not ready, repolling fd = 7
Socket not ready, repolling fd = 7
Socket not ready, repolling fd = 7
Socket not ready, repolling fd = 7
Socket not ready, repolling fd = 7
Socket not ready, repolling fd = 7
Socket not ready, repolling fd = 7
Socket not ready, repolling fd = 7
Socket not ready, repolling fd = 7
Socket not ready, repolling fd = 7
Socket not ready, repolling fd = 7
Socket not ready, repolling fd = 7
Socket not ready, repolling fd = 7
Socket not ready, repolling fd = 7
Socket not ready, repolling fd = 7
Socket not ready, repolling fd = 7
Socket not ready, repolling fd = 7
Socket not ready, repolling fd = 7
Socket not ready, repolling fd = 7
Socket not ready, repolling fd = 7
Socket not ready, repolling fd = 7
Socket not ready, repolling fd = 7
Socket not ready, repolling fd = 7
Socket not ready, repolling fd = 7
Socket not ready, repolling fd = 7
Socket not ready, repolling fd = 7
Socket not ready, repolling fd = 7
Socket not ready, repolling fd = 7
Socket not ready, repolling fd = 7
Socket not ready, repolling fd = 7
Socket not ready, repolling fd = 7
Socket not ready, repolling fd = 7
Socket not ready, repolling fd = 7
Socket not ready, repolling fd = 7
Socket not ready, repolling fd = 7
Socket not ready, repolling fd = 7
Socket not ready, repolling fd = 7
Socket not ready, repolling fd = 7
Socket not ready, repolling fd = 7
Socket not ready, repolling fd = 7
Socket not ready, repolling fd = 7
Socket not ready, repolling fd = 7
Socket not ready, repolling fd = 7
Socket not ready, repolling fd = 7
Socket not ready, repolling fd = 7
Socket not ready, repolling fd = 7
Socket not ready, repolling fd = 7
Socket not ready, repolling fd = 7
Socket not ready, repolling fd = 7
Socket not ready, repolling fd = 7
Socket not ready, repolling fd = 7
Socket not ready, repolling fd = 7
Socket not ready, repolling fd = 7
Socket not ready, repolling fd = 7
Socket not ready, repolling fd = 7
Socket not ready, repolling fd = 7
Socket not ready, repolling fd = 7
Socket not ready, repolling fd = 7
Socket not ready, repolling fd = 7
Socket not ready, repolling fd = 7
Socket not ready, repolling fd = 7
Socket not ready, repolling fd = 7
Socket not ready, repolling fd = 7
Socket not ready, repolling fd = 7
Socket not ready, repolling fd = 7
Socket not ready, repolling fd = 7
Socket not ready, repolling fd = 7
Socket not ready, repolling fd = 7
Socket not ready, repolling fd = 7
Socket not ready, repolling fd = 7
Socket not ready, repolling fd = 7
Socket not ready, repolling fd = 7
Socket not ready, repolling fd = 7
Socket not ready, repolling fd = 7
Socket not ready, repolling fd = 7
Socket not ready, repolling fd = 7
Socket not ready, repolling fd = 7
Socket not ready, repolling fd = 7
Socket not ready, repolling fd = 7
Socket not ready, repolling fd = 7
Socket not ready, repolling fd = 7
Socket not ready, repolling fd = 7
Socket not ready, repolling fd = 7
Socket not ready, repolling fd = 7
Socket not ready, repolling fd = 7
Socket not ready, repolling fd = 7
Socket not ready, repolling fd = 7
Socket not ready, repolling fd = 7
Socket not ready, repolling fd = 7
Socket not ready, repolling fd = 7
Socket not ready, repolling fd = 7
Socket not ready, repolling fd = 7
Socket not ready, repolling fd = 7
Socket not ready, repolling fd = 7
Socket not ready, repolling fd = 7
Socket not ready, repolling fd = 7
Socket not ready, repolling fd = 7
Socket not ready, repolling fd = 7
Socket not ready, repolling fd = 7
Socket not ready, repolling fd = 7
Socket not ready, repolling fd = 7
Socket not ready, repolling fd = 7
Socket not ready, repolling fd = 7
Socket not ready, repolling fd = 7
Socket not ready, repolling fd = 7
Socket not ready, repolling fd = 7
Socket not ready, repolling fd = 7
Socket not ready, repolling fd = 7
Socket not ready, repolling fd = 7
Socket not ready, repolling fd = 7
Socket not ready, repolling fd = 7
Socket not ready, repolling fd = 7
Socket not ready, repolling fd = 7
Socket not ready, repolling fd = 7
Socket not ready, repolling fd = 7
Socket not ready, repolling fd = 7
Socket not ready, repolling fd = 7
Socket not ready, repolling fd = 7
Socket not ready, repolling fd = 7
Socket not ready, repolling fd = 7
Socket not ready, repolling fd = 7
Socket not ready, repolling fd = 7
Socket not ready, repolling fd = 7
Socket not ready, repolling fd = 7
Socket not ready, repolling fd = 7
Socket not ready, repolling fd = 7
Socket not ready, repolling fd = 7
Socket not ready, repolling fd = 7
Socket not ready, repolling fd = 7
Socket not ready, repolling fd = 7
Socket not ready, repolling fd = 7
Socket not ready, repolling fd = 7
Socket not ready, repolling fd = 7
Socket not ready, repolling fd = 7
Socket not ready, repolling fd = 7
Socket not ready, repolling fd = 7
Socket not ready, repolling fd = 7
Socket not ready, repolling fd = 7
Socket not ready, repolling fd = 7
Socket not ready, repolling fd = 7
Socket not ready, repolling fd = 7
Socket not ready, repolling fd = 7
Socket not ready, repolling fd = 7
Socket not ready, repolling fd = 7
Socket not ready, repolling fd = 7
Socket not ready, repolling fd = 7
Socket not ready, repolling fd = 7
Socket not ready, repolling fd = 7
Socket not ready, repolling fd = 7
Socket not ready, repolling fd = 7
Socket not ready, repolling fd = 7
Socket not ready, repolling fd = 7
Socket not ready, repolling fd = 7
Socket not ready, repolling fd = 7
Socket not ready, repolling fd = 7
Socket not ready, repolling fd = 7
Socket not ready, repolling fd = 7
Socket not ready, repolling fd = 7
Socket not ready, repolling fd = 7
Socket not ready, repolling fd = 7
Socket not ready, repolling fd = 7
Socket not ready, repolling fd = 7
Socket not ready, repolling fd = 7
Socket not ready, repolling fd = 7
Socket not ready, repolling fd = 7
Socket not ready, repolling fd = 7
Socket not ready, repolling fd = 7
Socket not ready, repolling fd = 7
Socket not ready, repolling fd = 7
Socket not ready, repolling fd = 7
Socket not ready, repolling fd = 7
Socket not ready, repolling fd = 7
Socket not ready, repolling fd = 7
Socket not ready, repolling fd = 7
Socket not ready, repolling fd = 7
Socket not ready, repolling fd = 7
Socket not ready, repolling fd = 7
Socket not ready, repolling fd = 7
Socket not ready, repolling fd = 7
Socket not ready, repolling fd = 7
Socket not ready, repolling fd = 7
Socket not ready, repolling fd = 7
Socket not ready, repolling fd = 7
Socket not ready, repolling fd = 7
Socket not ready, repolling fd = 7
Socket not ready, repolling fd = 7
Socket not ready, repolling fd = 7
Socket not ready, repolling fd = 7
Socket not ready, repolling fd = 7
Socket not ready, repolling fd = 7
Socket not ready, repolling fd = 7
Socket not ready, repolling fd = 7
Socket not ready, repolling fd = 7
Socket not ready, repolling fd = 7
Socket not ready, repolling fd = 7
Socket not ready, repolling fd = 7
Socket not ready, repolling fd = 7
Socket not ready, repolling fd = 7
Socket not ready, repolling fd = 7
Socket not ready, repolling fd = 7
Socket not ready, repolling fd = 7
Socket not ready, repolling fd = 7
Socket not ready, repolling fd = 7
Socket not ready, repolling fd = 7
Socket not ready, repolling fd = 7
Socket not ready, repolling fd = 7
Socket not ready, repolling fd = 7
Socket not ready, repolling fd = 7
Socket not ready, repolling fd = 7
Socket not ready, repolling fd = 7
Socket not ready, repolling fd = 7
Socket not ready, repolling fd = 7
Socket not ready, repolling fd = 7
Socket not ready, repolling fd = 7
Socket not ready, repolling fd = 7
Socket not ready, repolling fd = 7
Socket not ready, repolling fd = 7
Socket not ready, repolling fd = 7
Socket not ready, repolling fd = 7
Socket not ready, repolling fd = 7
Socket not ready, repolling fd = 7
Socket not ready, repolling fd = 7
Socket not ready, repolling fd = 7
Socket not ready, repolling fd = 7
Socket not ready, repolling fd = 7
Socket not ready, repolling fd = 7
Socket not ready, repolling fd = 7
Socket not ready, repolling fd = 7
Socket not ready, repolling fd = 7
Socket not ready, repolling fd = 7
Socket not ready, repolling fd = 7
Socket not ready, repolling fd = 7
Socket not ready, repolling fd = 7
Socket not ready, repolling fd = 7
Socket not ready, repolling fd = 7
Socket not ready, repolling fd = 7
Socket not ready, repolling fd = 7
Socket not ready, repolling fd = 7
Socket not ready, repolling fd = 7
Socket not ready, repolling fd = 7
Socket not ready, repolling fd = 7
Socket not ready, repolling fd = 7
Socket not ready, repolling fd = 7
Socket not ready, repolling fd = 7
Socket not ready, repolling fd = 7
Socket not ready, repolling fd = 7
Socket not ready, repolling fd = 7
Socket not ready, repolling fd = 7
Socket not ready, repolling fd = 7
Socket not ready, repolling fd = 7
Socket not ready, repolling fd = 7
Socket not ready, repolling fd = 7
Socket not ready, repolling fd = 7
Socket not ready, repolling fd = 7
Socket not ready, repolling fd = 7
Socket not ready, repolling fd = 7
Socket not ready, repolling fd = 7
Socket not ready, repolling fd = 7
Socket not ready, repolling fd = 7
Socket not ready, repolling fd = 7
Socket not ready, repolling fd = 7
Socket not ready, repolling fd = 7
Socket not ready, repolling fd = 7
Socket not ready, repolling fd = 7
Socket not ready, repolling fd = 7
Socket not ready, repolling fd = 7
Socket not ready, repolling fd = 7
Socket not ready, repolling fd = 7
Socket not ready, repolling fd = 7
Socket not ready, repolling fd = 7
Socket not ready, repolling fd = 7
Socket not ready, repolling fd = 7
Socket not ready, repolling fd = 7
Socket not ready, repolling fd = 7
Socket not ready, repolling fd = 7
Socket not ready, repolling fd = 7
Socket not ready, repolling fd = 7
Socket not ready, repolling fd = 7
Socket not ready, repolling fd = 7
Socket not ready, repolling fd = 7
Socket not ready, repolling fd = 7
Socket not ready, repolling fd = 7
Socket not ready, repolling fd = 7
Socket not ready, repolling fd = 7
Socket not ready, repolling fd = 7
Socket not ready, repolling fd = 7
Socket not ready, repolling fd = 7
Socket not ready, repolling fd = 7
Socket not ready, repolling fd = 7
Socket not ready, repolling fd = 7
Socket not ready, repolling fd = 7
Socket not ready, repolling fd = 7
Socket not ready, repolling fd = 7
Socket not ready, repolling fd = 7
Socket not ready, repolling fd = 7
Socket not ready, repolling fd = 7
Socket not ready, repolling fd = 7
Socket not ready, repolling fd = 7
Socket not ready, repolling fd = 7
Socket not ready, repolling fd = 7
Socket not ready, repolling fd = 7
Socket not ready, repolling fd = 7
Socket not ready, repolling fd = 7
Socket not ready, repolling fd = 7
Socket not ready, repolling fd = 7
Socket not ready, repolling fd = 7
Socket not ready, repolling fd = 7
Socket not ready, repolling fd = 7
Socket not ready, repolling fd = 7
Socket not ready, repolling fd = 7
Socket not ready, repolling fd = 7
Socket not ready, repolling fd = 7
Socket not ready, repolling fd = 7
Socket not ready, repolling fd = 7
Socket not ready, repolling fd = 7
Socket not ready, repolling fd = 7
Socket not ready, repolling fd = 7
Socket not ready, repolling fd = 7
Socket not ready, repolling fd = 7
Socket not ready, repolling fd = 7
Socket not ready, repolling fd = 7
Socket not ready, repolling fd = 7
Socket not ready, repolling fd = 7
Socket not ready, repolling fd = 7
Socket not ready, repolling fd = 7
Socket not ready, repolling fd = 7
Socket not ready, repolling fd = 7
Socket not ready, repolling fd = 7
Socket not ready, repolling fd = 7
Socket not ready, repolling fd = 7
Socket not ready, repolling fd = 7
Socket not ready, repolling fd = 7
Socket not ready, repolling fd = 7
Socket not ready, repolling fd = 7
Socket not ready, repolling fd = 7
Socket not ready, repolling fd = 7
Socket not ready, repolling fd = 7
Socket not ready, repolling fd = 7
Socket not ready, repolling fd = 7
Socket not ready, repolling fd = 7
Socket not ready, repolling fd = 7
Socket not ready, repolling fd = 7
Socket not ready, repolling fd = 7
Socket not ready, repolling fd = 7
Socket not ready, repolling fd = 7
Socket not ready, repolling fd = 7
Socket not ready, repolling fd = 7
Socket not ready, repolling fd = 7
Socket not ready, repolling fd = 7
Socket not ready, repolling fd = 7
Socket not ready, repolling fd = 7
Socket not ready, repolling fd = 7
Socket not ready, repolling fd = 7
Socket not ready, repolling fd = 7
Socket not ready, repolling fd = 7
Socket not ready, repolling fd = 7
Socket not ready, repolling fd = 7
Socket not ready, repolling fd = 7
Socket not ready, repolling fd = 7
Socket not ready, repolling fd = 7
Socket not ready, repolling fd = 7
Socket not ready, repolling fd = 7
Socket not ready, repolling fd = 7
Socket not ready, repolling fd = 7
Socket not ready, repolling fd = 7
Socket not ready, repolling fd = 7
Socket not ready, repolling fd = 7
Socket not ready, repolling fd = 7
Socket not ready, repolling fd = 7
Socket not ready, repolling fd = 7
Socket not ready, repolling fd = 7
Socket not ready, repolling fd = 7
Socket not ready, repolling fd = 7
Socket not ready, repolling fd = 7
Socket not ready, repolling fd = 7
Socket not ready, repolling fd = 7
Socket not ready, repolling fd = 7
Socket not ready, repolling fd = 7
Socket not ready, repolling fd = 7
Socket not ready, repolling fd = 7
Socket not ready, repolling fd = 7
Socket not ready, repolling fd = 7
Socket not ready, repolling fd = 7
Socket not ready, repolling fd = 7
Socket not ready, repolling fd = 7
Socket not ready, repolling fd = 7
Socket not ready, repolling fd = 7
Socket not ready, repolling fd = 7
Socket not ready, repolling fd = 7
Socket not ready, repolling fd = 7
Socket not ready, repolling fd = 7
Socket not ready, repolling fd = 7
Socket not ready, repolling fd = 7
Socket not ready, repolling fd = 7
Socket not ready, repolling fd = 7
Socket not ready, repolling fd = 7
Socket not ready, repolling fd = 7
Socket not ready, repolling fd = 7
Socket not ready, repolling fd = 7
Socket not ready, repolling fd = 7
Socket not ready, repolling fd = 7
Socket not ready, repolling fd = 7
Socket not ready, repolling fd = 7
Socket not ready, repolling fd = 7
Socket not ready, repolling fd = 7
Socket not ready, repolling fd = 7
Socket not ready, repolling fd = 7
Socket not ready, repolling fd = 7
Socket not ready, repolling fd = 7
Socket not ready, repolling fd = 7
Socket not ready, repolling fd = 7
Socket not ready, repolling fd = 7
Socket not ready, repolling fd = 7
Socket not ready, repolling fd = 7
Socket not ready, repolling fd = 7
Socket not ready, repolling fd = 7
Socket not ready, repolling fd = 7
Socket not ready, repolling fd = 7
Socket not ready, repolling fd = 7
Socket not ready, repolling fd = 7
Socket not ready, repolling fd = 7
Socket not ready, repolling fd = 7
Socket not ready, repolling fd = 7
Socket not ready, repolling fd = 7
Socket not ready, repolling fd = 7
Socket not ready, repolling fd = 7
Socket not ready, repolling fd = 7
Socket not ready, repolling fd = 7
Socket not ready, repolling fd = 7
Socket not ready, repolling fd = 7
Socket not ready, repolling fd = 7
Socket not ready, repolling fd = 7
Socket not ready, repolling fd = 7
Socket not ready, repolling fd = 7
Socket not ready, repolling fd = 7
Socket not ready, repolling fd = 7
Socket not ready, repolling fd = 7
Socket not ready, repolling fd = 7
Socket not ready, repolling fd = 7
Socket not ready, repolling fd = 7
Socket not ready, repolling fd = 7
Socket not ready, repolling fd = 7
Socket not ready, repolling fd = 7
Socket not ready, repolling fd = 7
Socket not ready, repolling fd = 7
Socket not ready, repolling fd = 7
Socket not ready, repolling fd = 7
Socket not ready, repolling fd = 7
Socket not ready, repolling fd = 7
Socket not ready, repolling fd = 7
Socket not ready, repolling fd = 7
Socket not ready, repolling fd = 7
Socket not ready, repolling fd = 7
Socket not ready, repolling fd = 7
Socket not ready, repolling fd = 7
Socket not ready, repolling fd = 7
Socket not ready, repolling fd = 7
Socket not ready, repolling fd = 7
Socket not ready, repolling fd = 7
Socket not ready, repolling fd = 7
Socket not ready, repolling fd = 7
Socket not ready, repolling fd = 7
Socket not ready, repolling fd = 7
Socket not ready, repolling fd = 7
Socket not ready, repolling fd = 7
Socket not ready, repolling fd = 7
Socket not ready, repolling fd = 7
Socket not ready, repolling fd = 7
Socket not ready, repolling fd = 7
Socket not ready, repolling fd = 7
Socket not ready, repolling fd = 7
Socket not ready, repolling fd = 7
Socket not ready, repolling fd = 7
Socket not ready, repolling fd = 7
Socket not ready, repolling fd = 7
Socket not ready, repolling fd = 7
Socket not ready, repolling fd = 7
Socket not ready, repolling fd = 7
Socket not ready, repolling fd = 7
Socket not ready, repolling fd = 7
Socket not ready, repolling fd = 7
Socket not ready, repolling fd = 7
Socket not ready, repolling fd = 7
Socket not ready, repolling fd = 7
Socket not ready, repolling fd = 7
Socket not ready, repolling fd = 7
Socket not ready, repolling fd = 7
Socket not ready, repolling fd = 7
Socket not ready, repolling fd = 7
Socket not ready, repolling fd = 7
Socket not ready, repolling fd = 7
Socket not ready, repolling fd = 7
Socket not ready, repolling fd = 7
Socket not ready, repolling fd = 7
Socket not ready, repolling fd = 7
Socket not ready, repolling fd = 7
Socket not ready, repolling fd = 7
Socket not ready, repolling fd = 7
Socket not ready, repolling fd = 7
Socket not ready, repolling fd = 7
Socket not ready, repolling fd = 7
Socket not ready, repolling fd = 7
Socket not ready, repolling fd = 7
Socket not ready, repolling fd = 7
Socket not ready, repolling fd = 7
Socket not ready, repolling fd = 7
Socket not ready, repolling fd = 7
Socket not ready, repolling fd = 7
Socket not ready, repolling fd = 7
Socket not ready, repolling fd = 7
Socket not ready, repolling fd = 7
Socket not ready, repolling fd = 7
Socket not ready, repolling fd = 7
Socket not ready, repolling fd = 7
Socket not ready, repolling fd = 7
Socket not ready, repolling fd = 7
Socket not ready, repolling fd = 7
Socket not ready, repolling fd = 7
Socket not ready, repolling fd = 7
Socket not ready, repolling fd = 7
Socket not ready, repolling fd = 7
Socket not ready, repolling fd = 7
Socket not ready, repolling fd = 7
Socket not ready, repolling fd = 7
Socket not ready, repolling fd = 7
Socket not ready, repolling fd = 7
Socket not ready, repolling fd = 7
Socket not ready, repolling fd = 7
Socket not ready, repolling fd = 7
Socket not ready, repolling fd = 7
Socket not ready, repolling fd = 7
Socket not ready, repolling fd = 7
Socket not ready, repolling fd = 7
Socket not ready, repolling fd = 7
Socket not ready, repolling fd = 7
Socket not ready, repolling fd = 7
Socket not ready, repolling fd = 7
Socket not ready, repolling fd = 7
Socket not ready, repolling fd = 7
Socket not ready, repolling fd = 7
Socket not ready, repolling fd = 7
Socket not ready, repolling fd = 7
Socket not ready, repolling fd = 7
Socket not ready, repolling fd = 7
Socket not ready, repolling fd = 7
Socket not ready, repolling fd = 7
Socket not ready, repolling fd = 7
Socket not ready, repolling fd = 7
Socket not ready, repolling fd = 7
Socket not ready, repolling fd = 7
Socket not ready, repolling fd = 7
Socket not ready, repolling fd = 7
Socket not ready, repolling fd = 7
Socket not ready, repolling fd = 7
Socket not ready, repolling fd = 7
Socket not ready, repolling fd = 7
Socket not ready, repolling fd = 7
Socket not ready, repolling fd = 7
Socket not ready, repolling fd = 7
Socket not ready, repolling fd = 7
Socket not ready, repolling fd = 7
Socket not ready, repolling fd = 7
Socket not ready, repolling fd = 7
Socket not ready, repolling fd = 7
Socket not ready, repolling fd = 7
Socket not ready, repolling fd = 7
Socket not ready, repolling fd = 7
Socket not ready, repolling fd = 7
Socket not ready, repolling fd = 7
Socket not ready, repolling fd = 7
Socket not ready, repolling fd = 7
Socket not ready, repolling fd = 7
Socket not ready, repolling fd = 7
Socket not ready, repolling fd = 7
Socket not ready, repolling fd = 7
Socket not ready, repolling fd = 7
Socket not ready, repolling fd = 7
Socket not ready, repolling fd = 7
Socket not ready, repolling fd = 7
Socket not ready, repolling fd = 7
Socket not ready, repolling fd = 7
Socket not ready, repolling fd = 7
Socket not ready, repolling fd = 7
Socket not ready, repolling fd = 7
Socket not ready, repolling fd = 7
Socket not ready, repolling fd = 7
Socket not ready, repolling fd = 7
Socket not ready, repolling fd = 7
Socket not ready, repolling fd = 7
Socket not ready, repolling fd = 7
Socket not ready, repolling fd = 7
Socket not ready, repolling fd = 7
Socket not ready, repolling fd = 7
Socket not ready, repolling fd = 7
Socket not ready, repolling fd = 7
Socket not ready, repolling fd = 7
Socket not ready, repolling fd = 7
Socket not ready, repolling fd = 7
Socket not ready, repolling fd = 7
Socket not ready, repolling fd = 7
Socket not ready, repolling fd = 7
Socket not ready, repolling fd = 7
Socket not ready, repolling fd = 7
Socket not ready, repolling fd = 7
Socket not ready, repolling fd = 7
Socket not ready, repolling fd = 7
Socket not ready, repolling fd = 7
Socket not ready, repolling fd = 7
Socket not ready, repolling fd = 7
Socket not ready, repolling fd = 7
Socket not ready, repolling fd = 7
Socket not ready, repolling fd = 7
Socket not ready, repolling fd = 7
Socket not ready, repolling fd = 7
Socket not ready, repolling fd = 7
Socket not ready, repolling fd = 7
Socket not ready, repolling fd = 7
Socket not ready, repolling fd = 7
Socket not ready, repolling fd = 7
Socket not ready, repolling fd = 7
Socket not ready, repolling fd = 7
Socket not ready, repolling fd = 7
Socket not ready, repolling fd = 7
Socket not ready, repolling fd = 7
Socket not ready, repolling fd = 7
Socket not ready, repolling fd = 7
Socket not ready, repolling fd = 7
Socket not ready, repolling fd = 7
Socket not ready, repolling fd = 7
Socket not ready, repolling fd = 7
Socket not ready, repolling fd = 7
Socket not ready, repolling fd = 7
Socket not ready, repolling fd = 7
Socket not ready, repolling fd = 7
Socket not ready, repolling fd = 7
Socket not ready, repolling fd = 7
Socket not ready, repolling fd = 7
Socket not ready, repolling fd = 7
Socket not ready, repolling fd = 7
Socket not ready, repolling fd = 7
Socket not ready, repolling fd = 7
Socket not ready, repolling fd = 7
Socket not ready, repolling fd = 7
Socket not ready, repolling fd = 7
Socket not ready, repolling fd = 7
Socket not ready, repolling fd = 7
Socket not ready, repolling fd = 7
Socket not ready, repolling fd = 7
Socket not ready, repolling fd = 7
Socket not ready, repolling fd = 7
Socket not ready, repolling fd = 7
Socket not ready, repolling fd = 7
Socket not ready, repolling fd = 7
Socket not ready, repolling fd = 7
Socket not ready, repolling fd = 7
Socket not ready, repolling fd = 7
Socket not ready, repolling fd = 7
Socket not ready, repolling fd = 7
Socket not ready, repolling fd = 7
Socket not ready, repolling fd = 7
Socket not ready, repolling fd = 7
Socket not ready, repolling fd = 7
Socket not ready, repolling fd = 7
Socket not ready, repolling fd = 7
Socket not ready, repolling fd = 7
Socket not ready, repolling fd = 7
Socket not ready, repolling fd = 7
Socket not ready, repolling fd = 7
Socket not ready, repolling fd = 7
Socket not ready, repolling fd = 7
Socket not ready, repolling fd = 7
Socket not ready, repolling fd = 7
Socket not ready, repolling fd = 7
Socket not ready, repolling fd = 7
Socket not ready, repolling fd = 7
Socket not ready, repolling fd = 7
Socket not ready, repolling fd = 7
Socket not ready, repolling fd = 7
Socket not ready, repolling fd = 7
Socket not ready, repolling fd = 7
Socket not ready, repolling fd = 7
Socket not ready, repolling fd = 7
Socket not ready, repolling fd = 7
Socket not ready, repolling fd = 7
Socket not ready, repolling fd = 7
Socket not ready, repolling fd = 7
Socket not ready, repolling fd = 7
Socket not ready, repolling fd = 7
Socket not ready, repolling fd = 7
Socket not ready, repolling fd = 7
Socket not ready, repolling fd = 7
Socket not ready, repolling fd = 7
Socket not ready, repolling fd = 7
Socket not ready, repolling fd = 7
Socket not ready, repolling fd = 7
Socket not ready, repolling fd = 7
Socket not ready, repolling fd = 7
Socket not ready, repolling fd = 7
Socket not ready, repolling fd = 7
Socket not ready, repolling fd = 7
Socket not ready, repolling fd = 7
Socket not ready, repolling fd = 7
Socket not ready, repolling fd = 7
Socket not ready, repolling fd = 7
Socket not ready, repolling fd = 7
Socket not ready, repolling fd = 7
Socket not ready, repolling fd = 7
Socket not ready, repolling fd = 7
Socket not ready, repolling fd = 7
Socket not ready, repolling fd = 7
Socket not ready, repolling fd = 7
Socket not ready, repolling fd = 7
Socket not ready, repolling fd = 7
Socket not ready, repolling fd = 7
Socket not ready, repolling fd = 7
Socket not ready, repolling fd = 7
Socket not ready, repolling fd = 7
Socket not ready, repolling fd = 7
Socket not ready, repolling fd = 7
Socket not ready, repolling fd = 7
Socket not ready, repolling fd = 7
Socket not ready, repolling fd = 7
Socket not ready, repolling fd = 7
Socket not ready, repolling fd = 7
Socket not ready, repolling fd = 7
Socket not ready, repolling fd = 7
Socket not ready, repolling fd = 7
Socket not ready, repolling fd = 7
Socket not ready, repolling fd = 7
Socket not ready, repolling fd = 7
Socket not ready, repolling fd = 7
Socket not ready, repolling fd = 7
Socket not ready, repolling fd = 7
Socket not ready, repolling fd = 7
Socket not ready, repolling fd = 7
Socket not ready, repolling fd = 7
Socket not ready, repolling fd = 7
Socket not ready, repolling fd = 7
Socket not ready, repolling fd = 7
Socket not ready, repolling fd = 7
Socket not ready, repolling fd = 7
Socket not ready, repolling fd = 7
Socket not ready, repolling fd = 7
Socket not ready, repolling fd = 7
Socket not ready, repolling fd = 7
Socket not ready, repolling fd = 7
Socket not ready, repolling fd = 7
Socket not ready, repolling fd = 7
Socket not ready, repolling fd = 7
Socket not ready, repolling fd = 7
Socket not ready, repolling fd = 7
Socket not ready, repolling fd = 7
Socket not ready, repolling fd = 7
Socket not ready, repolling fd = 7
Socket not ready, repolling fd = 7
Socket not ready, repolling fd = 7
Socket not ready, repolling fd = 7
Socket not ready, repolling fd = 7
Socket not ready, repolling fd = 7
Socket not ready, repolling fd = 7
Socket not ready, repolling fd = 7
Socket not ready, repolling fd = 7
Socket not ready, repolling fd = 7
Socket not ready, repolling fd = 7
Socket not ready, repolling fd = 7
Socket not ready, repolling fd = 7
Socket not ready, repolling fd = 7
Socket not ready, repolling fd = 7
Socket not ready, repolling fd = 7
Socket not ready, repolling fd = 7
Socket not ready, repolling fd = 7
Socket not ready, repolling fd = 7
Socket not ready, repolling fd = 7
Socket not ready, repolling fd = 7
Socket not ready, repolling fd = 7
Socket not ready, repolling fd = 7
Socket not ready, repolling fd = 7
Socket not ready, repolling fd = 7
Socket not ready, repolling fd = 7
Socket not ready, repolling fd = 7
Socket not ready, repolling fd = 7
Socket not ready, repolling fd = 7
Socket not ready, repolling fd = 7
Socket not ready, repolling fd = 7
Socket not ready, repolling fd = 7
Socket not ready, repolling fd = 7
Socket not ready, repolling fd = 7
Socket not ready, repolling fd = 7
Socket not ready, repolling fd = 7
Socket not ready, repolling fd = 7
Socket not ready, repolling fd = 7
Socket not ready, repolling fd = 7
Socket not ready, repolling fd = 7
Socket not ready, repolling fd = 7
Socket not ready, repolling fd = 7
Socket not ready, repolling fd = 7
Socket not ready, repolling fd = 7
Socket not ready, repolling fd = 7
Socket not ready, repolling fd = 7
Socket not ready, repolling fd = 7
Socket not ready, repolling fd = 7
Socket not ready, repolling fd = 7
Socket not ready, repolling fd = 7
Socket not ready, repolling fd = 7
Socket not ready, repolling fd = 7
Socket not ready, repolling fd = 7
Socket not ready, repolling fd = 7
Socket not ready, repolling fd = 7
Socket not ready, repolling fd = 7
Socket not ready, repolling fd = 7
Socket not ready, repolling fd = 7
Socket not ready, repolling fd = 7
Socket not ready, repolling fd = 7
Socket not ready, repolling fd = 7
Socket not ready, repolling fd = 7
Socket not ready, repolling fd = 7
Socket not ready, repolling fd = 7
Socket not ready, repolling fd = 7
Socket not ready, repolling fd = 7
Socket not ready, repolling fd = 7
Socket not ready, repolling fd = 7
Socket not ready, repolling fd = 7
Socket not ready, repolling fd = 7
Socket not ready, repolling fd = 7
Socket not ready, repolling fd = 7
Socket not ready, repolling fd = 7
Socket not ready, repolling fd = 7
Socket not ready, repolling fd = 7
Socket not ready, repolling fd = 7
Socket not ready, repolling fd = 7
Socket not ready, repolling fd = 7
Socket not ready, repolling fd = 7
Socket not ready, repolling fd = 7
Socket not ready, repolling fd = 7
Socket not ready, repolling fd = 7
Socket not ready, repolling fd = 7
Socket not ready, repolling fd = 7
Socket not ready, repolling fd = 7
Socket not ready, repolling fd = 7
Socket not ready, repolling fd = 7
Socket not ready, repolling fd = 7
Socket not ready, repolling fd = 7
Socket not ready, repolling fd = 7
Socket not ready, repolling fd = 7
Socket not ready, repolling fd = 7
Socket not ready, repolling fd = 7
Socket not ready, repolling fd = 7
Socket not ready, repolling fd = 7
Socket not ready, repolling fd = 7
Socket not ready, repolling fd = 7
Socket not ready, repolling fd = 7
Socket not ready, repolling fd = 7
Socket not ready, repolling fd = 7
Socket not ready, repolling fd = 7
Socket not ready, repolling fd = 7
Socket not ready, repolling fd = 7
Socket not ready, repolling fd = 7
Socket not ready, repolling fd = 7
Socket not ready, repolling fd = 7
Socket not ready, repolling fd = 7
Socket not ready, repolling fd = 7
Socket not ready, repolling fd = 7
Socket not ready, repolling fd = 7
Socket not ready, repolling fd = 7
Socket not ready, repolling fd = 7
Socket not ready, repolling fd = 7
Socket not ready, repolling fd = 7
Socket not ready, repolling fd = 7
Socket not ready, repolling fd = 7
Socket not ready, repolling fd = 7
Socket not ready, repolling fd = 7
Socket not ready, repolling fd = 7
Socket not ready, repolling fd = 7
Socket not ready, repolling fd = 7
Socket not ready, repolling fd = 7
Socket not ready, repolling fd = 7
Socket not ready, repolling fd = 7
Socket not ready, repolling fd = 7
Socket not ready, repolling fd = 7
Socket not ready, repolling fd = 7
Socket not ready, repolling fd = 7
Socket not ready, repolling fd = 7
Socket not ready, repolling fd = 7
Socket not ready, repolling fd = 7
Socket not ready, repolling fd = 7
Socket not ready, repolling fd = 7
Socket not ready, repolling fd = 7
Socket not ready, repolling fd = 7
Socket not ready, repolling fd = 7
Socket not ready, repolling fd = 7
Socket not ready, repolling fd = 7
Socket not ready, repolling fd = 7
Socket not ready, repolling fd = 7
Socket not ready, repolling fd = 7
Socket not ready, repolling fd = 7
Socket not ready, repolling fd = 7
Socket not ready, repolling fd = 7
Socket not ready, repolling fd = 7
Socket not ready, repolling fd = 7
Socket not ready, repolling fd = 7
Socket not ready, repolling fd = 7
Socket not ready, repolling fd = 7
Socket not ready, repolling fd = 7
Socket not ready, repolling fd = 7
Socket not ready, repolling fd = 7
Socket not ready, repolling fd = 7
Socket not ready, repolling fd = 7
Socket not ready, repolling fd = 7
Socket not ready, repolling fd = 7
Socket not ready, repolling fd = 7
Socket not ready, repolling fd = 7
Socket not ready, repolling fd = 7
Socket not ready, repolling fd = 7
Socket not ready, repolling fd = 7
Socket not ready, repolling fd = 7
Socket not ready, repolling fd = 7
Socket not ready, repolling fd = 7
Socket not ready, repolling fd = 7
Socket not ready, repolling fd = 7
Socket not ready, repolling fd = 7
Socket not ready, repolling fd = 7
Socket not ready, repolling fd = 7
Socket not ready, repolling fd = 7
Socket not ready, repolling fd = 7
Socket not ready, repolling fd = 7
Socket not ready, repolling fd = 7
Socket not ready, repolling fd = 7
Socket not ready, repolling fd = 7
Socket not ready, repolling fd = 7
Socket not ready, repolling fd = 7
Socket not ready, repolling fd = 7
Socket not ready, repolling fd = 7
Socket not ready, repolling fd = 7
Socket not ready, repolling fd = 7
Socket not ready, repolling fd = 7
Socket not ready, repolling fd = 7
Socket not ready, repolling fd = 7
Socket not ready, repolling fd = 7
Socket not ready, repolling fd = 7
Socket not ready, repolling fd = 7
Socket not ready, repolling fd = 7
Socket not ready, repolling fd = 7
Socket not ready, repolling fd = 7
Socket not ready, repolling fd = 7
Socket not ready, repolling fd = 7
Socket not ready, repolling fd = 7
Socket not ready, repolling fd = 7
Socket not ready, repolling fd = 7
Socket not ready, repolling fd = 7
Socket not ready, repolling fd = 7
Socket not ready, repolling fd = 7
Socket not ready, repolling fd = 7
Socket not ready, repolling fd = 7
Socket not ready, repolling fd = 7
Socket not ready, repolling fd = 7
Socket not ready, repolling fd = 7
Socket not ready, repolling fd = 7
Socket not ready, repolling fd = 7
Socket not ready, repolling fd = 7
Socket not ready, repolling fd = 7
Socket not ready, repolling fd = 7
Socket not ready, repolling fd = 7
Socket not ready, repolling fd = 7
Socket not ready, repolling fd = 7
Socket not ready, repolling fd = 7
Socket not ready, repolling fd = 7
Socket not ready, repolling fd = 7
Socket not ready, repolling fd = 7
Socket not ready, repolling fd = 7
Socket not ready, repolling fd = 7
Socket not ready, repolling fd = 7
Socket not ready, repolling fd = 7
Socket not ready, repolling fd = 7
Socket not ready, repolling fd = 7
Socket not ready, repolling fd = 7
Socket not ready, repolling fd = 7
Socket not ready, repolling fd = 7
Socket not ready, repolling fd = 7
Socket not ready, repolling fd = 7
Socket not ready, repolling fd = 7
Socket not ready, repolling fd = 7
Socket not ready, repolling fd = 7
Socket not ready, repolling fd = 7
Socket not ready, repolling fd = 7
Socket not ready, repolling fd = 7
Socket not ready, repolling fd = 7
Socket not ready, repolling fd = 7
Socket not ready, repolling fd = 7
Socket not ready, repolling fd = 7
Socket not ready, repolling fd = 7
Socket not ready, repolling fd = 7
Socket not ready, repolling fd = 7
Socket not ready, repolling fd = 7
Socket not ready, repolling fd = 7
Socket not ready, repolling fd = 7
Socket not ready, repolling fd = 7
Socket not ready, repolling fd = 7
Socket not ready, repolling fd = 7
Socket not ready, repolling fd = 7
Socket not ready, repolling fd = 7
Socket not ready, repolling fd = 7
Socket not ready, repolling fd = 7
Socket not ready, repolling fd = 7
Socket not ready, repolling fd = 7
Socket not ready, repolling fd = 7
Socket not ready, repolling fd = 7
Socket not ready, repolling fd = 7
Socket not ready, repolling fd = 7
Socket not ready, repolling fd = 7
Socket not ready, repolling fd = 7
Socket not ready, repolling fd = 7
Socket not ready, repolling fd = 7
Socket not ready, repolling fd = 7
Socket not ready, repolling fd = 7
Socket not ready, repolling fd = 7
Socket not ready, repolling fd = 7
Socket not ready, repolling fd = 7
Socket not ready, repolling fd = 7
Socket not ready, repolling fd = 7
Socket not ready, repolling fd = 7
Socket not ready, repolling fd = 7
Socket not ready, repolling fd = 7
Socket not ready, repolling fd = 7
Socket not ready, repolling fd = 7
Socket not ready, repolling fd = 7
Socket not ready, repolling fd = 7
Socket not ready, repolling fd = 7
Socket not ready, repolling fd = 7
Socket not ready, repolling fd = 7
Socket not ready, repolling fd = 7
Socket not ready, repolling fd = 7
Socket not ready, repolling fd = 7
Socket not ready, repolling fd = 7
Socket not ready, repolling fd = 7
Socket not ready, repolling fd = 7
Socket not ready, repolling fd = 7
Socket not ready, repolling fd = 7
Socket not ready, repolling fd = 7
Socket not ready, repolling fd = 7
Socket not ready, repolling fd = 7
Socket not ready, repolling fd = 7
Socket not ready, repolling fd = 7
Socket not ready, repolling fd = 7
Socket not ready, repolling fd = 7
Socket not ready, repolling fd = 7
Socket not ready, repolling fd = 7
Socket not ready, repolling fd = 7
Socket not ready, repolling fd = 7
Socket not ready, repolling fd = 7
Socket not ready, repolling fd = 7
Socket not ready, repolling fd = 7
Socket not ready, repolling fd = 7
Socket not ready, repolling fd = 7
Socket not ready, repolling fd = 7
Socket not ready, repolling fd = 7
Socket not ready, repolling fd = 7
Socket not ready, repolling fd = 7
Socket not ready, repolling fd = 7
Socket not ready, repolling fd = 7
Socket not ready, repolling fd = 7
Socket not ready, repolling fd = 7
Socket not ready, repolling fd = 7
Socket not ready, repolling fd = 7
Socket not ready, repolling fd = 7
Socket not ready, repolling fd = 7
Socket not ready, repolling fd = 7
Socket not ready, repolling fd = 7
Socket not ready, repolling fd = 7
Socket not ready, repolling fd = 7
Socket not ready, repolling fd = 7
Socket not ready, repolling fd = 7
Socket not ready, repolling fd = 7
Socket not ready, repolling fd = 7
Socket not ready, repolling fd = 7
Socket not ready, repolling fd = 7
Socket not ready, repolling fd = 7
Socket not ready, repolling fd = 7
Socket not ready, repolling fd = 7
Socket not ready, repolling fd = 7
Socket not ready, repolling fd = 7
Socket not ready, repolling fd = 7
Socket not ready, repolling fd = 7
Socket not ready, repolling fd = 7
Socket not ready, repolling fd = 7
Socket not ready, repolling fd = 7
Socket not ready, repolling fd = 7
Socket not ready, repolling fd = 7
Socket not ready, repolling fd = 7
Socket not ready, repolling fd = 7
Socket not ready, repolling fd = 7
Socket not ready, repolling fd = 7
Socket not ready, repolling fd = 7
Socket not ready, repolling fd = 7
Socket not ready, repolling fd = 7
Socket not ready, repolling fd = 7
Socket not ready, repolling fd = 7
Socket not ready, repolling fd = 7
Socket not ready, repolling fd = 7
Socket not ready, repolling fd = 7
Socket not ready, repolling fd = 7
Socket not ready, repolling fd = 7
Socket not ready, repolling fd = 7
Socket not ready, repolling fd = 7
Socket not ready, repolling fd = 7
Socket not ready, repolling fd = 7
Socket not ready, repolling fd = 7
Socket not ready, repolling fd = 7
Socket not ready, repolling fd = 7
Socket not ready, repolling fd = 7
Socket not ready, repolling fd = 7
Socket not ready, repolling fd = 7
Socket not ready, repolling fd = 7
Socket not ready, repolling fd = 7
Socket not ready, repolling fd = 7
Socket not ready, repolling fd = 7
Socket not ready, repolling fd = 7
Socket not ready, repolling fd = 7
Socket not ready, repolling fd = 7
Socket not ready, repolling fd = 7
Socket not ready, repolling fd = 7
Socket not ready, repolling fd = 7
Socket not ready, repolling fd = 7
Socket not ready, repolling fd = 7
Socket not ready, repolling fd = 7
Socket not ready, repolling fd = 7
Socket not ready, repolling fd = 7
Socket not ready, repolling fd = 7
Socket not ready, repolling fd = 7
Socket not ready, repolling fd = 7
Socket not ready, repolling fd = 7
Socket not ready, repolling fd = 7
Socket not ready, repolling fd = 7
Socket not ready, repolling fd = 7
Socket not ready, repolling fd = 7
Socket not ready, repolling fd = 7
Socket not ready, repolling fd = 7
Socket not ready, repolling fd = 7
Socket not ready, repolling fd = 7
Socket not ready, repolling fd = 7
Socket not ready, repolling fd = 7
Socket not ready, repolling fd = 7
Socket not ready, repolling fd = 7
Socket not ready, repolling fd = 7
Socket not ready, repolling fd = 7
Socket not ready, repolling fd = 7
Socket not ready, repolling fd = 7
Socket not ready, repolling fd = 7
Socket not ready, repolling fd = 7
Socket not ready, repolling fd = 7
Socket not ready, repolling fd = 7
Socket not ready, repolling fd = 7
Socket not ready, repolling fd = 7
Socket not ready, repolling fd = 7
Socket not ready, repolling fd = 7
Socket not ready, repolling fd = 7
Socket not ready, repolling fd = 8
Socket not ready, repolling fd = 8
Socket not ready, repolling fd = 8
Socket not ready, repolling fd = 8
Socket not ready, repolling fd = 8
Socket not ready, repolling fd = 8
Socket not ready, repolling fd = 8
Socket not ready, repolling fd = 8
Socket not ready, repolling fd = 8
Socket not ready, repolling fd = 8
Socket not ready, repolling fd = 8
Socket not ready, repolling fd = 8
Socket not ready, repolling fd = 8
Socket not ready, repolling fd = 8
Socket not ready, repolling fd = 8
Socket not ready, repolling fd = 8
Socket not ready, repolling fd = 8
Socket not ready, repolling fd = 8
Socket not ready, repolling fd = 8
Socket not ready, repolling fd = 8
Socket not ready, repolling fd = 8
Socket not ready, repolling fd = 8
Socket not ready, repolling fd = 8
Socket not ready, repolling fd = 8
Socket not ready, repolling fd = 8
Socket not ready, repolling fd = 8
Socket not ready, repolling fd = 8
Socket not ready, repolling fd = 8
Socket not ready, repolling fd = 8
Socket not ready, repolling fd = 8
Socket not ready, repolling fd = 8
Socket not ready, repolling fd = 8
Socket not ready, repolling fd = 8
Socket not ready, repolling fd = 8
Socket not ready, repolling fd = 8
Socket not ready, repolling fd = 8
Socket not ready, repolling fd = 8
Socket not ready, repolling fd = 8
Socket not ready, repolling fd = 8
Socket not ready, repolling fd = 8
Socket not ready, repolling fd = 8
Socket not ready, repolling fd = 8
Socket not ready, repolling fd = 8
Socket not ready, repolling fd = 8
Socket not ready, repolling fd = 8
Socket not ready, repolling fd = 8
Socket not ready, repolling fd = 8
Socket not ready, repolling fd = 8
Socket not ready, repolling fd = 8
Socket not ready, repolling fd = 8
Socket not ready, repolling fd = 8
Socket not ready, repolling fd = 8
Socket not ready, repolling fd = 8
Socket not ready, repolling fd = 8
Socket not ready, repolling fd = 8
Socket not ready, repolling fd = 8
Socket not ready, repolling fd = 8
Socket not ready, repolling fd = 8
Socket not ready, repolling fd = 8
Socket not ready, repolling fd = 8
Socket not ready, repolling fd = 8
Socket not ready, repolling fd = 8
Socket not ready, repolling fd = 8
Socket not ready, repolling fd = 8
Socket not ready, repolling fd = 8
Socket not ready, repolling fd = 8
Socket not ready, repolling fd = 8
Socket not ready, repolling fd = 8
Socket not ready, repolling fd = 8
Socket not ready, repolling fd = 8
Socket not ready, repolling fd = 8
Socket not ready, repolling fd = 8
Socket not ready, repolling fd = 8
Socket not ready, repolling fd = 8
Socket not ready, repolling fd = 8
Socket not ready, repolling fd = 8
Socket not ready, repolling fd = 8
Socket not ready, repolling fd = 8
Socket not ready, repolling fd = 8
Socket not ready, repolling fd = 8
Socket not ready, repolling fd = 8
Socket not ready, repolling fd = 8
Socket not ready, repolling fd = 8
Socket not ready, repolling fd = 8
Socket not ready, repolling fd = 8
Socket not ready, repolling fd = 8
Socket not ready, repolling fd = 8
Socket not ready, repolling fd = 8
Socket not ready, repolling fd = 8
Socket not ready, repolling fd = 8
Socket not ready, repolling fd = 8
Socket not ready, repolling fd = 8
Socket not ready, repolling fd = 8
Socket not ready, repolling fd = 8
Socket not ready, repolling fd = 8
Socket not ready, repolling fd = 8
Socket not ready, repolling fd = 8
Socket not ready, repolling fd = 8
Socket not ready, repolling fd = 8
Socket not ready, repolling fd = 8
Socket not ready, repolling fd = 8
Socket not ready, repolling fd = 8
Socket not ready, repolling fd = 8
Socket not ready, repolling fd = 8
Socket not ready, repolling fd = 8
Socket not ready, repolling fd = 8
Socket not ready, repolling fd = 8
Socket not ready, repolling fd = 8
Socket not ready, repolling fd = 8
Socket not ready, repolling fd = 8
Socket not ready, repolling fd = 8
Socket not ready, repolling fd = 8
Socket not ready, repolling fd = 8
Socket not ready, repolling fd = 8
Socket not ready, repolling fd = 8
Socket not ready, repolling fd = 8
Socket not ready, repolling fd = 8
Socket not ready, repolling fd = 8
Socket not ready, repolling fd = 8
Socket not ready, repolling fd = 8
Socket not ready, repolling fd = 8
Socket not ready, repolling fd = 8
Socket not ready, repolling fd = 8
Socket not ready, repolling fd = 8
Socket not ready, repolling fd = 8
Socket not ready, repolling fd = 8
Socket not ready, repolling fd = 8
Socket not ready, repolling fd = 8
Socket not ready, repolling fd = 8
Socket not ready, repolling fd = 8
Socket not ready, repolling fd = 8
Socket not ready, repolling fd = 8
Socket not ready, repolling fd = 8
Socket not ready, repolling fd = 8
Socket not ready, repolling fd = 8
Socket not ready, repolling fd = 8
Socket not ready, repolling fd = 8
Socket not ready, repolling fd = 8
Socket not ready, repolling fd = 8
Socket not ready, repolling fd = 8
Socket not ready, repolling fd = 8
Socket not ready, repolling fd = 8
Socket not ready, repolling fd = 8
Socket not ready, repolling fd = 8
Socket not ready, repolling fd = 8
Socket not ready, repolling fd = 8
Socket not ready, repolling fd = 8
Socket not ready, repolling fd = 8
Socket not ready, repolling fd = 8
Socket not ready, repolling fd = 8
Socket not ready, repolling fd = 8
Socket not ready, repolling fd = 8
Socket not ready, repolling fd = 8
Socket not ready, repolling fd = 8
Socket not ready, repolling fd = 8
Socket not ready, repolling fd = 8
Socket not ready, repolling fd = 8
Socket not ready, repolling fd = 8
Socket not ready, repolling fd = 8
Socket not ready, repolling fd = 8
Socket not ready, repolling fd = 8
Socket not ready, repolling fd = 8
Socket not ready, repolling fd = 8
Socket not ready, repolling fd = 8
Socket not ready, repolling fd = 8
Socket not ready, repolling fd = 8
Socket not ready, repolling fd = 8
Socket not ready, repolling fd = 8
Socket not ready, repolling fd = 8
Socket not ready, repolling fd = 8
Socket not ready, repolling fd = 8
Socket not ready, repolling fd = 8
Socket not ready, repolling fd = 8
Socket not ready, repolling fd = 8
Socket not ready, repolling fd = 8
Socket not ready, repolling fd = 8
Socket not ready, repolling fd = 8
Socket not ready, repolling fd = 8
Socket not ready, repolling fd = 8
Socket not ready, repolling fd = 8
Socket not ready, repolling fd = 8
Socket not ready, repolling fd = 8
Socket not ready, repolling fd = 8
Socket not ready, repolling fd = 8
Socket not ready, repolling fd = 8
Socket not ready, repolling fd = 8
Socket not ready, repolling fd = 8
Socket not ready, repolling fd = 8
Socket not ready, repolling fd = 8
Socket not ready, repolling fd = 8
Socket not ready, repolling fd = 8
Socket not ready, repolling fd = 8
Socket not ready, repolling fd = 8
Socket not ready, repolling fd = 8
Socket not ready, repolling fd = 8
Socket not ready, repolling fd = 8
Socket not ready, repolling fd = 8
Socket not ready, repolling fd = 8
Socket not ready, repolling fd = 8
Socket not ready, repolling fd = 8
Socket not ready, repolling fd = 8
Socket not ready, repolling fd = 8
Socket not ready, repolling fd = 8
Socket not ready, repolling fd = 8
Socket not ready, repolling fd = 8
Socket not ready, repolling fd = 8
Socket not ready, repolling fd = 8
Socket not ready, repolling fd = 8
Socket not ready, repolling fd = 8
Socket not ready, repolling fd = 8
Socket not ready, repolling fd = 8
Socket not ready, repolling fd = 8
Socket not ready, repolling fd = 8
Socket not ready, repolling fd = 8
Socket not ready, repolling fd = 8
Socket not ready, repolling fd = 8
Socket not ready, repolling fd = 8
Socket not ready, repolling fd = 8
Socket not ready, repolling fd = 8
Socket not ready, repolling fd = 8
Socket not ready, repolling fd = 8
Socket not ready, repolling fd = 8
Socket not ready, repolling fd = 8
Socket not ready, repolling fd = 8
Socket not ready, repolling fd = 8
Socket not ready, repolling fd = 8
Socket not ready, repolling fd = 8
Socket not ready, repolling fd = 8
Socket not ready, repolling fd = 8
Socket not ready, repolling fd = 8
Socket not ready, repolling fd = 8
Socket not ready, repolling fd = 8
Socket not ready, repolling fd = 8
Socket not ready, repolling fd = 8
Socket not ready, repolling fd = 8
Socket not ready, repolling fd = 8
Socket not ready, repolling fd = 8
Socket not ready, repolling fd = 8
Socket not ready, repolling fd = 8
Socket not ready, repolling fd = 8
Socket not ready, repolling fd = 8
Socket not ready, repolling fd = 8
Socket not ready, repolling fd = 8
Socket not ready, repolling fd = 8
Socket not ready, repolling fd = 8
Socket not ready, repolling fd = 8
Socket not ready, repolling fd = 8
Socket not ready, repolling fd = 8
Socket not ready, repolling fd = 8
Socket not ready, repolling fd = 8
Socket not ready, repolling fd = 8
Socket not ready, repolling fd = 8
Socket not ready, repolling fd = 8
Socket not ready, repolling fd = 8
Socket not ready, repolling fd = 8
Socket not ready, repolling fd = 8
Socket not ready, repolling fd = 8
Socket not ready, repolling fd = 8
Socket not ready, repolling fd = 8
Socket not ready, repolling fd = 8
Socket not ready, repolling fd = 8
Socket not ready, repolling fd = 8
Socket not ready, repolling fd = 8
Socket not ready, repolling fd = 8
Socket not ready, repolling fd = 8
Socket not ready, repolling fd = 8
Socket not ready, repolling fd = 8
Socket not ready, repolling fd = 8
Socket not ready, repolling fd = 8
Socket not ready, repolling fd = 8
Socket not ready, repolling fd = 8
Socket not ready, repolling fd = 8
Socket not ready, repolling fd = 8
Socket not ready, repolling fd = 8
Socket not ready, repolling fd = 8
Socket not ready, repolling fd = 8
Socket not ready, repolling fd = 8
Socket not ready, repolling fd = 8
Socket not ready, repolling fd = 8
Socket not ready, repolling fd = 8
Socket not ready, repolling fd = 8
Socket not ready, repolling fd = 8
Socket not ready, repolling fd = 8
Socket not ready, repolling fd = 8
Socket not ready, repolling fd = 8
Socket not ready, repolling fd = 8
Socket not ready, repolling fd = 8
Socket not ready, repolling fd = 8
Socket not ready, repolling fd = 8
Socket not ready, repolling fd = 8
Socket not ready, repolling fd = 8
Socket not ready, repolling fd = 8
Socket not ready, repolling fd = 8
Socket not ready, repolling fd = 8
Socket not ready, repolling fd = 8
Socket not ready, repolling fd = 8
Socket not ready, repolling fd = 8
Socket not ready, repolling fd = 8
Socket not ready, repolling fd = 8
Socket not ready, repolling fd = 8
Socket not ready, repolling fd = 8
Socket not ready, repolling fd = 8
Socket not ready, repolling fd = 8
Socket not ready, repolling fd = 8
Socket not ready, repolling fd = 8
Socket not ready, repolling fd = 8
Socket not ready, repolling fd = 8
Socket not ready, repolling fd = 8
Socket not ready, repolling fd = 8
Socket not ready, repolling fd = 8
Socket not ready, repolling fd = 8
Socket not ready, repolling fd = 8
Socket not ready, repolling fd = 8
Socket not ready, repolling fd = 8
Socket not ready, repolling fd = 8
Socket not ready, repolling fd = 8
Socket not ready, repolling fd = 8
Socket not ready, repolling fd = 8
Socket not ready, repolling fd = 8
Socket not ready, repolling fd = 8
Socket not ready, repolling fd = 8
Socket not ready, repolling fd = 8
Socket not ready, repolling fd = 8
Socket not ready, repolling fd = 8
Socket not ready, repolling fd = 8
Socket not ready, repolling fd = 8
Socket not ready, repolling fd = 8
Socket not ready, repolling fd = 8
Socket not ready, repolling fd = 8
Socket not ready, repolling fd = 8
Socket not ready, repolling fd = 8
Socket not ready, repolling fd = 8
Socket not ready, repolling fd = 8
Socket not ready, repolling fd = 8
Socket not ready, repolling fd = 8
Socket not ready, repolling fd = 8
Socket not ready, repolling fd = 8
Socket not ready, repolling fd = 8
Socket not ready, repolling fd = 8
Socket not ready, repolling fd = 8
Socket not ready, repolling fd = 8
Socket not ready, repolling fd = 8
Socket not ready, repolling fd = 8
Socket not ready, repolling fd = 8
Socket not ready, repolling fd = 8
Socket not ready, repolling fd = 8
Socket not ready, repolling fd = 8
Socket not ready, repolling fd = 8
Socket not ready, repolling fd = 8
Socket not ready, repolling fd = 8
Socket not ready, repolling fd = 8
Socket not ready, repolling fd = 8
Socket not ready, repolling fd = 8
Socket not ready, repolling fd = 8
Socket not ready, repolling fd = 8
Socket not ready, repolling fd = 8
Socket not ready, repolling fd = 8
Socket not ready, repolling fd = 8
Socket not ready, repolling fd = 8
Socket not ready, repolling fd = 8
Socket not ready, repolling fd = 8
Socket not ready, repolling fd = 8
Socket not ready, repolling fd = 8
Socket not ready, repolling fd = 8
Socket not ready, repolling fd = 8
Socket not ready, repolling fd = 8
Socket not ready, repolling fd = 8
Socket not ready, repolling fd = 8
Socket not ready, repolling fd = 8
Socket not ready, repolling fd = 8
Socket not ready, repolling fd = 8
Socket not ready, repolling fd = 8
Socket not ready, repolling fd = 8
Socket not ready, repolling fd = 8
Socket not ready, repolling fd = 8
Socket not ready, repolling fd = 8
Socket not ready, repolling fd = 8
Socket not ready, repolling fd = 8
Socket not ready, repolling fd = 8
Socket not ready, repolling fd = 8
Socket not ready, repolling fd = 8
Socket not ready, repolling fd = 8
Socket not ready, repolling fd = 8
Socket not ready, repolling fd = 8
Socket not ready, repolling fd = 8
Socket not ready, repolling fd = 8
Socket not ready, repolling fd = 8
Socket not ready, repolling fd = 8
Socket not ready, repolling fd = 8
Socket not ready, repolling fd = 8
Socket not ready, repolling fd = 8
Socket not ready, repolling fd = 8
Socket not ready, repolling fd = 8
Socket not ready, repolling fd = 8
Socket not ready, repolling fd = 8
Socket not ready, repolling fd = 8
Socket not ready, repolling fd = 8
Socket not ready, repolling fd = 8
Socket not ready, repolling fd = 8
Socket not ready, repolling fd = 8
Socket not ready, repolling fd = 8
Socket not ready, repolling fd = 8
Socket not ready, repolling fd = 8
Socket not ready, repolling fd = 8
Socket not ready, repolling fd = 8
Socket not ready, repolling fd = 8
Socket not ready, repolling fd = 8
Socket not ready, repolling fd = 8
Socket not ready, repolling fd = 8
Socket not ready, repolling fd = 8
Socket not ready, repolling fd = 8
Socket not ready, repolling fd = 8
Socket not ready, repolling fd = 8
Socket not ready, repolling fd = 8
Socket not ready, repolling fd = 8
Socket not ready, repolling fd = 8
Socket not ready, repolling fd = 8
Socket not ready, repolling fd = 8
Socket not ready, repolling fd = 8
Socket not ready, repolling fd = 8
Socket not ready, repolling fd = 8
Socket not ready, repolling fd = 8
Socket not ready, repolling fd = 8
Socket not ready, repolling fd = 8
Socket not ready, repolling fd = 8
Socket not ready, repolling fd = 8
Socket not ready, repolling fd = 8
Socket not ready, repolling fd = 8
Socket not ready, repolling fd = 8
Socket not ready, repolling fd = 8
Socket not ready, repolling fd = 8
Socket not ready, repolling fd = 8
Socket not ready, repolling fd = 8
Socket not ready, repolling fd = 8
Socket not ready, repolling fd = 8
Socket not ready, repolling fd = 8
Socket not ready, repolling fd = 8
Socket not ready, repolling fd = 8
Socket not ready, repolling fd = 8
Socket not ready, repolling fd = 8
Socket not ready, repolling fd = 8
Socket not ready, repolling fd = 8
Socket not ready, repolling fd = 8
Socket not ready, repolling fd = 8
Socket not ready, repolling fd = 8
Socket not ready, repolling fd = 8
Socket not ready, repolling fd = 8
Socket not ready, repolling fd = 8
Socket not ready, repolling fd = 8
Socket not ready, repolling fd = 8
Socket not ready, repolling fd = 8
Socket not ready, repolling fd = 8
Socket not ready, repolling fd = 8
Socket not ready, repolling fd = 8
Socket not ready, repolling fd = 8
Socket not ready, repolling fd = 8
Socket not ready, repolling fd = 8
Socket not ready, repolling fd = 8
Socket not ready, repolling fd = 8
Socket not ready, repolling fd = 8
Socket not ready, repolling fd = 8
Socket not ready, repolling fd = 8
Socket not ready, repolling fd = 8
Socket not ready, repolling fd = 8
Socket not ready, repolling fd = 8
Socket not ready, repolling fd = 8
Socket not ready, repolling fd = 8
Socket not ready, repolling fd = 8
Socket not ready, repolling fd = 8
Socket not ready, repolling fd = 8
Socket not ready, repolling fd = 8
Socket not ready, repolling fd = 8
Socket not ready, repolling fd = 8
Socket not ready, repolling fd = 8
Socket not ready, repolling fd = 8
Socket not ready, repolling fd = 8
Socket not ready, repolling fd = 8
Socket not ready, repolling fd = 8
Socket not ready, repolling fd = 8
Socket not ready, repolling fd = 8
Socket not ready, repolling fd = 8
Socket not ready, repolling fd = 8
Socket not ready, repolling fd = 8
Socket not ready, repolling fd = 8
Socket not ready, repolling fd = 8
Socket not ready, repolling fd = 8
Socket not ready, repolling fd = 8
Socket not ready, repolling fd = 8
Socket not ready, repolling fd = 8
Socket not ready, repolling fd = 8
Socket not ready, repolling fd = 8
Socket not ready, repolling fd = 8
Socket not ready, repolling fd = 8
Socket not ready, repolling fd = 8
Socket not ready, repolling fd = 8
Socket not ready, repolling fd = 8
Socket not ready, repolling fd = 8
Socket not ready, repolling fd = 8
Socket not ready, repolling fd = 8
Socket not ready, repolling fd = 8
Socket not ready, repolling fd = 8
Socket not ready, repolling fd = 8
Socket not ready, repolling fd = 8
Socket not ready, repolling fd = 8
Socket not ready, repolling fd = 8
Socket not ready, repolling fd = 8
Socket not ready, repolling fd = 8
Socket not ready, repolling fd = 8
Socket not ready, repolling fd = 8
Socket not ready, repolling fd = 8
Socket not ready, repolling fd = 8
Socket not ready, repolling fd = 8
Socket not ready, repolling fd = 8
Socket not ready, repolling fd = 8
Socket not ready, repolling fd = 8
Socket not ready, repolling fd = 8
Socket not ready, repolling fd = 8
Socket not ready, repolling fd = 8
Socket not ready, repolling fd = 8
Socket not ready, repolling fd = 8
Socket not ready, repolling fd = 8
Socket not ready, repolling fd = 8
Socket not ready, repolling fd = 8
Socket not ready, repolling fd = 8
Socket not ready, repolling fd = 8
Socket not ready, repolling fd = 8
Socket not ready, repolling fd = 8
Socket not ready, repolling fd = 8
Socket not ready, repolling fd = 8
Socket not ready, repolling fd = 8
Socket not ready, repolling fd = 8
Socket not ready, repolling fd = 8
Socket not ready, repolling fd = 8
Socket not ready, repolling fd = 8
Socket not ready, repolling fd = 8
Socket not ready, repolling fd = 8
Socket not ready, repolling fd = 8
Socket not ready, repolling fd = 8
Socket not ready, repolling fd = 8
Socket not ready, repolling fd = 8
Socket not ready, repolling fd = 8
Socket not ready, repolling fd = 8
Socket not ready, repolling fd = 8
Socket not ready, repolling fd = 8
Socket not ready, repolling fd = 8
Socket not ready, repolling fd = 8
Socket not ready, repolling fd = 8
Socket not ready, repolling fd = 8
Socket not ready, repolling fd = 8
Socket not ready, repolling fd = 8
Socket not ready, repolling fd = 8
Socket not ready, repolling fd = 8
Socket not ready, repolling fd = 8
Socket not ready, repolling fd = 8
Socket not ready, repolling fd = 8
Socket not ready, repolling fd = 8
Socket not ready, repolling fd = 8
Socket not ready, repolling fd = 8
Socket not ready, repolling fd = 8
Socket not ready, repolling fd = 8
Socket not ready, repolling fd = 8
Socket not ready, repolling fd = 8
Socket not ready, repolling fd = 8
Socket not ready, repolling fd = 8
Socket not ready, repolling fd = 8
Socket not ready, repolling fd = 8
Socket not ready, repolling fd = 8
Socket not ready, repolling fd = 8
Socket not ready, repolling fd = 8
Socket not ready, repolling fd = 8
Socket not ready, repolling fd = 8
Socket not ready, repolling fd = 8
Socket not ready, repolling fd = 8
Socket not ready, repolling fd = 8
Socket not ready, repolling fd = 8
Socket not ready, repolling fd = 8
Socket not ready, repolling fd = 8
Socket not ready, repolling fd = 8
Socket not ready, repolling fd = 8
Socket not ready, repolling fd = 8
Socket not ready, repolling fd = 8
Socket not ready, repolling fd = 8
Socket not ready, repolling fd = 8
Socket not ready, repolling fd = 8
Socket not ready, repolling fd = 8
Socket not ready, repolling fd = 8
Socket not ready, repolling fd = 8
Socket not ready, repolling fd = 8
Socket not ready, repolling fd = 8
Socket not ready, repolling fd = 8
Socket not ready, repolling fd = 8
Socket not ready, repolling fd = 8
Socket not ready, repolling fd = 8
Socket not ready, repolling fd = 8
Socket not ready, repolling fd = 8
Socket not ready, repolling fd = 8
Socket not ready, repolling fd = 8
Socket not ready, repolling fd = 8
Socket not ready, repolling fd = 8
Socket not ready, repolling fd = 8
Socket not ready, repolling fd = 8
Socket not ready, repolling fd = 8
Socket not ready, repolling fd = 8
Socket not ready, repolling fd = 8
Socket not ready, repolling fd = 8
Socket not ready, repolling fd = 8
Socket not ready, repolling fd = 8
Socket not ready, repolling fd = 8
Socket not ready, repolling fd = 8
Socket not ready, repolling fd = 8
Socket not ready, repolling fd = 8
Socket not ready, repolling fd = 8
Socket not ready, repolling fd = 8
Socket not ready, repolling fd = 8
Socket not ready, repolling fd = 8
Socket not ready, repolling fd = 8
Socket not ready, repolling fd = 8
Socket not ready, repolling fd = 8
Socket not ready, repolling fd = 8
Socket not ready, repolling fd = 8
Socket not ready, repolling fd = 8
Socket not ready, repolling fd = 8
Socket not ready, repolling fd = 8
Socket not ready, repolling fd = 8
Socket not ready, repolling fd = 8
Socket not ready, repolling fd = 8
Socket not ready, repolling fd = 8
Socket not ready, repolling fd = 8
Socket not ready, repolling fd = 8
Socket not ready, repolling fd = 8
Socket not ready, repolling fd = 8
Socket not ready, repolling fd = 8
Socket not ready, repolling fd = 8
Socket not ready, repolling fd = 8
Socket not ready, repolling fd = 8
Socket not ready, repolling fd = 8
Socket not ready, repolling fd = 8
Socket not ready, repolling fd = 8
Socket not ready, repolling fd = 8
Socket not ready, repolling fd = 8
Socket not ready, repolling fd = 8
Socket not ready, repolling fd = 8
Socket not ready, repolling fd = 8
Socket not ready, repolling fd = 8
Socket not ready, repolling fd = 8
Socket not ready, repolling fd = 8
Socket not ready, repolling fd = 8
Socket not ready, repolling fd = 8
Socket not ready, repolling fd = 8
Socket not ready, repolling fd = 8
Socket not ready, repolling fd = 8
Socket not ready, repolling fd = 8
Socket not ready, repolling fd = 8
Socket not ready, repolling fd = 8
Socket not ready, repolling fd = 8
Socket not ready, repolling fd = 8
Socket not ready, repolling fd = 8
Socket not ready, repolling fd = 8
Socket not ready, repolling fd = 8
Socket not ready, repolling fd = 8
Socket not ready, repolling fd = 8
Socket not ready, repolling fd = 8
Socket not ready, repolling fd = 8
Socket not ready, repolling fd = 8
Socket not ready, repolling fd = 8
Socket not ready, repolling fd = 8
Socket not ready, repolling fd = 8
Socket not ready, repolling fd = 8
Socket not ready, repolling fd = 8
Socket not ready, repolling fd = 8
Socket not ready, repolling fd = 8
Socket not ready, repolling fd = 8
Socket not ready, repolling fd = 8
Socket not ready, repolling fd = 8
Socket not ready, repolling fd = 8
Socket not ready, repolling fd = 8
Socket not ready, repolling fd = 8
Socket not ready, repolling fd = 8
Socket not ready, repolling fd = 8
Socket not ready, repolling fd = 8
Socket not ready, repolling fd = 8
Socket not ready, repolling fd = 8
Socket not ready, repolling fd = 8
Socket not ready, repolling fd = 8
Socket not ready, repolling fd = 8
Socket not ready, repolling fd = 8
Socket not ready, repolling fd = 8
Socket not ready, repolling fd = 8
Socket not ready, repolling fd = 8
Socket not ready, repolling fd = 8
Socket not ready, repolling fd = 8
Socket not ready, repolling fd = 8
Socket not ready, repolling fd = 8
Socket not ready, repolling fd = 8
Socket not ready, repolling fd = 8
Socket not ready, repolling fd = 8
Socket not ready, repolling fd = 8
Socket not ready, repolling fd = 8
Socket not ready, repolling fd = 8
Socket not ready, repolling fd = 8
Socket not ready, repolling fd = 8
Socket not ready, repolling fd = 8
Socket not ready, repolling fd = 8
Socket not ready, repolling fd = 8
Socket not ready, repolling fd = 8
Socket not ready, repolling fd = 8
Socket not ready, repolling fd = 8
Socket not ready, repolling fd = 8
Socket not ready, repolling fd = 8
Socket not ready, repolling fd = 8
Socket not ready, repolling fd = 8
Socket not ready, repolling fd = 8
Socket not ready, repolling fd = 8
Socket not ready, repolling fd = 8
Socket not ready, repolling fd = 8
Socket not ready, repolling fd = 8
Socket not ready, repolling fd = 8
Socket not ready, repolling fd = 8
Socket not ready, repolling fd = 8
Socket not ready, repolling fd = 8
Socket not ready, repolling fd = 8
Socket not ready, repolling fd = 8
Socket not ready, repolling fd = 8
Socket not ready, repolling fd = 8
Socket not ready, repolling fd = 8
Socket not ready, repolling fd = 8
Socket not ready, repolling fd = 8
Socket not ready, repolling fd = 8
Socket not ready, repolling fd = 8
Socket not ready, repolling fd = 8
Socket not ready, repolling fd = 8
Socket not ready, repolling fd = 8
Socket not ready, repolling fd = 8
Socket not ready, repolling fd = 8
Socket not ready, repolling fd = 8
Socket not ready, repolling fd = 8
Socket not ready, repolling fd = 8
Socket not ready, repolling fd = 8
Socket not ready, repolling fd = 8
Socket not ready, repolling fd = 8
Socket not ready, repolling fd = 8
Socket not ready, repolling fd = 8
Socket not ready, repolling fd = 8
Socket not ready, repolling fd = 8
Socket not ready, repolling fd = 8
Socket not ready, repolling fd = 8
Socket not ready, repolling fd = 8
Socket not ready, repolling fd = 8
Socket not ready, repolling fd = 8
Socket not ready, repolling fd = 8
Socket not ready, repolling fd = 8
Socket not ready, repolling fd = 8
Socket not ready, repolling fd = 8
Socket not ready, repolling fd = 8
Socket not ready, repolling fd = 8
Socket not ready, repolling fd = 8
Socket not ready, repolling fd = 8
Socket not ready, repolling fd = 8
Socket not ready, repolling fd = 8
Socket not ready, repolling fd = 8
Socket not ready, repolling fd = 8
Socket not ready, repolling fd = 8
Socket not ready, repolling fd = 8
Socket not ready, repolling fd = 8
Socket not ready, repolling fd = 8
Socket not ready, repolling fd = 8
Socket not ready, repolling fd = 8
Socket not ready, repolling fd = 8
Socket not ready, repolling fd = 8
Socket not ready, repolling fd = 8
Socket not ready, repolling fd = 8
Socket not ready, repolling fd = 8
Socket not ready, repolling fd = 8
Socket not ready, repolling fd = 8
Socket not ready, repolling fd = 8
Socket not ready, repolling fd = 8
Socket not ready, repolling fd = 8
Socket not ready, repolling fd = 8
Socket not ready, repolling fd = 8
Socket not ready, repolling fd = 8
Socket not ready, repolling fd = 8
Socket not ready, repolling fd = 8
Socket not ready, repolling fd = 8
Socket not ready, repolling fd = 8
Socket not ready, repolling fd = 8
Socket not ready, repolling fd = 8
Socket not ready, repolling fd = 8
Socket not ready, repolling fd = 8
Socket not ready, repolling fd = 8
Socket not ready, repolling fd = 8
Socket not ready, repolling fd = 8
Socket not ready, repolling fd = 8
Socket not ready, repolling fd = 8
Socket not ready, repolling fd = 8
Socket not ready, repolling fd = 8
Socket not ready, repolling fd = 8
Socket not ready, repolling fd = 8
Socket not ready, repolling fd = 8
Socket not ready, repolling fd = 8
Socket not ready, repolling fd = 8
Socket not ready, repolling fd = 8
Socket not ready, repolling fd = 8
Socket not ready, repolling fd = 8
Socket not ready, repolling fd = 8
Socket not ready, repolling fd = 8
Socket not ready, repolling fd = 8
Socket not ready, repolling fd = 8
Socket not ready, repolling fd = 8
Socket not ready, repolling fd = 8
Socket not ready, repolling fd = 8
Socket not ready, repolling fd = 8
Socket not ready, repolling fd = 8
Socket not ready, repolling fd = 8
Socket not ready, repolling fd = 8
Socket not ready, repolling fd = 8
Socket not ready, repolling fd = 8
Socket not ready, repolling fd = 8
Socket not ready, repolling fd = 8
Socket not ready, repolling fd = 8
Socket not ready, repolling fd = 8
Socket not ready, repolling fd = 8
Socket not ready, repolling fd = 8
Socket not ready, repolling fd = 8
Socket not ready, repolling fd = 8
Socket not ready, repolling fd = 8
Socket not ready, repolling fd = 8
Socket not ready, repolling fd = 8
Socket not ready, repolling fd = 8
Socket not ready, repolling fd = 8
Socket not ready, repolling fd = 8
Socket not ready, repolling fd = 8
Socket not ready, repolling fd = 8
Socket not ready, repolling fd = 8
Socket not ready, repolling fd = 8
Socket not ready, repolling fd = 8
Socket not ready, repolling fd = 8
Socket not ready, repolling fd = 8
Socket not ready, repolling fd = 8
Socket not ready, repolling fd = 8
Socket not ready, repolling fd = 8
Socket not ready, repolling fd = 8
Socket not ready, repolling fd = 8
Socket not ready, repolling fd = 8
Socket not ready, repolling fd = 8
Socket not ready, repolling fd = 8
Socket not ready, repolling fd = 8
Socket not ready, repolling fd = 8
Socket not ready, repolling fd = 8
Socket not ready, repolling fd = 8
Socket not ready, repolling fd = 8
Socket not ready, repolling fd = 8
Socket not ready, repolling fd = 8
Socket not ready, repolling fd = 8
Socket not ready, repolling fd = 8
Socket not ready, repolling fd = 8
Socket not ready, repolling fd = 8
Socket not ready, repolling fd = 8
Socket not ready, repolling fd = 8
Socket not ready, repolling fd = 8
Socket not ready, repolling fd = 8
Socket not ready, repolling fd = 8
Socket not ready, repolling fd = 8
Socket not ready, repolling fd = 8
Socket not ready, repolling fd = 8
Socket not ready, repolling fd = 8
Socket not ready, repolling fd = 8
Socket not ready, repolling fd = 8
Socket not ready, repolling fd = 8
Socket not ready, repolling fd = 8
Socket not ready, repolling fd = 8
Socket not ready, repolling fd = 8
Socket not ready, repolling fd = 8
Socket not ready, repolling fd = 8
Socket not ready, repolling fd = 8
Socket not ready, repolling fd = 8
Socket not ready, repolling fd = 8
Socket not ready, repolling fd = 8
Socket not ready, repolling fd = 8
Socket not ready, repolling fd = 8
Socket not ready, repolling fd = 8
Socket not ready, repolling fd = 8
Socket not ready, repolling fd = 8
Socket not ready, repolling fd = 8
Socket not ready, repolling fd = 8
Socket not ready, repolling fd = 8
Socket not ready, repolling fd = 8
Socket not ready, repolling fd = 8
Socket not ready, repolling fd = 8
Socket not ready, repolling fd = 8
Socket not ready, repolling fd = 8
Socket not ready, repolling fd = 8
Socket not ready, repolling fd = 8
Socket not ready, repolling fd = 8
Socket not ready, repolling fd = 8
Socket not ready, repolling fd = 8
Socket not ready, repolling fd = 8
Socket not ready, repolling fd = 8
Socket not ready, repolling fd = 8
Socket not ready, repolling fd = 8
Socket not ready, repolling fd = 8
Socket not ready, repolling fd = 8
Socket not ready, repolling fd = 8
Socket not ready, repolling fd = 8
Socket not ready, repolling fd = 8
Socket not ready, repolling fd = 8
Socket not ready, repolling fd = 8
Socket not ready, repolling fd = 8
Socket not ready, repolling fd = 8
Socket not ready, repolling fd = 8
Socket not ready, repolling fd = 8
Socket not ready, repolling fd = 8
Socket not ready, repolling fd = 8
Socket not ready, repolling fd = 8
Socket not ready, repolling fd = 8
Socket not ready, repolling fd = 8
Socket not ready, repolling fd = 8
Socket not ready, repolling fd = 8
Socket not ready, repolling fd = 8
Socket not ready, repolling fd = 8
Socket not ready, repolling fd = 8
Socket not ready, repolling fd = 8
Socket not ready, repolling fd = 8
Socket not ready, repolling fd = 8
Socket not ready, repolling fd = 8
Socket not ready, repolling fd = 8
Socket not ready, repolling fd = 8
Socket not ready, repolling fd = 8
Socket not ready, repolling fd = 8
Socket not ready, repolling fd = 8
Socket not ready, repolling fd = 8
Socket not ready, repolling fd = 8
Socket not ready, repolling fd = 8
Socket not ready, repolling fd = 8
Socket not ready, repolling fd = 8
Socket not ready, repolling fd = 8
Socket not ready, repolling fd = 8
Socket not ready, repolling fd = 8
Socket not ready, repolling fd = 8
Socket not ready, repolling fd = 8
Socket not ready, repolling fd = 8
Socket not ready, repolling fd = 8
Socket not ready, repolling fd = 8
Socket not ready, repolling fd = 8
Socket not ready, repolling fd = 8
Socket not ready, repolling fd = 8
Socket not ready, repolling fd = 8
Socket not ready, repolling fd = 8
Socket not ready, repolling fd = 8
Socket not ready, repolling fd = 8
Socket not ready, repolling fd = 8
Socket not ready, repolling fd = 8
Socket not ready, repolling fd = 8
Socket not ready, repolling fd = 8
Socket not ready, repolling fd = 8
Socket not ready, repolling fd = 8
Socket not ready, repolling fd = 8
Socket not ready, repolling fd = 8
Socket not ready, repolling fd = 8
Socket not ready, repolling fd = 8
Socket not ready, repolling fd = 8
Socket not ready, repolling fd = 8
Socket not ready, repolling fd = 8
Socket not ready, repolling fd = 8
Socket not ready, repolling fd = 8
Socket not ready, repolling fd = 8
Socket not ready, repolling fd = 8
Socket not ready, repolling fd = 8
Socket not ready, repolling fd = 8
Socket not ready, repolling fd = 8
Socket not ready, repolling fd = 8
Socket not ready, repolling fd = 8
Socket not ready, repolling fd = 8
Socket not ready, repolling fd = 8
Socket not ready, repolling fd = 8
Socket not ready, repolling fd = 8
Socket not ready, repolling fd = 8
Socket not ready, repolling fd = 8
Socket not ready, repolling fd = 8
Socket not ready, repolling fd = 8
Socket not ready, repolling fd = 8
Socket not ready, repolling fd = 8
Socket not ready, repolling fd = 8
Socket not ready, repolling fd = 8
Socket not ready, repolling fd = 8
Socket not ready, repolling fd = 8
Socket not ready, repolling fd = 8
Socket not ready, repolling fd = 8
Socket not ready, repolling fd = 8
Socket not ready, repolling fd = 8
Socket not ready, repolling fd = 8
Socket not ready, repolling fd = 8
Socket not ready, repolling fd = 8
Socket not ready, repolling fd = 8
Socket not ready, repolling fd = 9
Socket not ready, repolling fd = 9
Socket not ready, repolling fd = 9
Socket not ready, repolling fd = 9
Socket not ready, repolling fd = 9
Socket not ready, repolling fd = 9
Socket not ready, repolling fd = 9
Socket not ready, repolling fd = 9
Socket not ready, repolling fd = 9
Socket not ready, repolling fd = 9
Socket not ready, repolling fd = 9
Socket not ready, repolling fd = 7
Socket not ready, repolling fd = 7
Socket not ready, repolling fd = 7
Socket not ready, repolling fd = 7
Socket not ready, repolling fd = 7
Socket not ready, repolling fd = 7
Socket not ready, repolling fd = 7
Socket not ready, repolling fd = 7
Socket not ready, repolling fd = 7
Socket not ready, repolling fd = 7
Socket not ready, repolling fd = 7
Socket not ready, repolling fd = 7
Socket not ready, repolling fd = 7
Socket not ready, repolling fd = 7
Socket not ready, repolling fd = 7
Socket not ready, repolling fd = 7
Socket not ready, repolling fd = 7
Socket not ready, repolling fd = 7
Socket not ready, repolling fd = 7
Socket not ready, repolling fd = 7
Socket not ready, repolling fd = 7
Socket not ready, repolling fd = 7
Socket not ready, repolling fd = 7
Socket not ready, repolling fd = 7
Socket not ready, repolling fd = 7
Socket not ready, repolling fd = 7
Socket not ready, repolling fd = 7
Socket not ready, repolling fd = 7
Socket not ready, repolling fd = 7
Socket not ready, repolling fd = 7
Socket not ready, repolling fd = 7
Socket not ready, repolling fd = 7
Socket not ready, repolling fd = 7
Socket not ready, repolling fd = 7
Socket not ready, repolling fd = 7
Socket not ready, repolling fd = 7
Socket not ready, repolling fd = 7
Socket not ready, repolling fd = 7
Socket not ready, repolling fd = 7
Socket not ready, repolling fd = 7
Socket not ready, repolling fd = 7
Socket not ready, repolling fd = 7
Socket not ready, repolling fd = 7
Socket not ready, repolling fd = 7
Socket not ready, repolling fd = 7
Socket not ready, repolling fd = 7
Socket not ready, repolling fd = 7
Socket not ready, repolling fd = 7
Socket not ready, repolling fd = 7
Socket not ready, repolling fd = 7
Socket not ready, repolling fd = 7
Socket not ready, repolling fd = 7
Socket not ready, repolling fd = 7
Socket not ready, repolling fd = 7
Socket not ready, repolling fd = 7
Socket not ready, repolling fd = 7
Socket not ready, repolling fd = 7
Socket not ready, repolling fd = 7
Socket not ready, repolling fd = 7
Socket not ready, repolling fd = 7
Socket not ready, repolling fd = 7
Socket not ready, repolling fd = 7
Socket not ready, repolling fd = 7
Socket not ready, repolling fd = 7
Socket not ready, repolling fd = 7
Socket not ready, repolling fd = 7
Socket not ready, repolling fd = 7
Socket not ready, repolling fd = 7
Socket not ready, repolling fd = 7
Socket not ready, repolling fd = 7
Socket not ready, repolling fd = 7
Socket not ready, repolling fd = 7
Socket not ready, repolling fd = 7
Socket not ready, repolling fd = 7
Socket not ready, repolling fd = 7
Socket not ready, repolling fd = 7
Socket not ready, repolling fd = 7
Socket not ready, repolling fd = 7
Socket not ready, repolling fd = 7
Socket not ready, repolling fd = 7
Socket not ready, repolling fd = 7
Socket not ready, repolling fd = 7
Socket not ready, repolling fd = 7
Socket not ready, repolling fd = 7
Socket not ready, repolling fd = 7
Socket not ready, repolling fd = 7
Socket not ready, repolling fd = 7
Socket not ready, repolling fd = 7
Socket not ready, repolling fd = 7
Socket not ready, repolling fd = 7
Socket not ready, repolling fd = 7
Socket not ready, repolling fd = 7
Socket not ready, repolling fd = 7
Socket not ready, repolling fd = 7
Socket not ready, repolling fd = 7
Socket not ready, repolling fd = 7
Socket not ready, repolling fd = 7
Socket not ready, repolling fd = 7
Socket not ready, repolling fd = 7
Socket not ready, repolling fd = 7
Socket not ready, repolling fd = 7
Socket not ready, repolling fd = 7
Socket not ready, repolling fd = 7
Socket not ready, repolling fd = 7
Socket not ready, repolling fd = 7
Socket not ready, repolling fd = 7
Socket not ready, repolling fd = 7
Socket not ready, repolling fd = 7
Socket not ready, repolling fd = 7
Socket not ready, repolling fd = 7
Socket not ready, repolling fd = 7
Socket not ready, repolling fd = 7
Socket not ready, repolling fd = 7
Socket not ready, repolling fd = 7
Socket not ready, repolling fd = 7
Socket not ready, repolling fd = 7
Socket not ready, repolling fd = 7
Socket not ready, repolling fd = 7
Socket not ready, repolling fd = 7
Socket not ready, repolling fd = 7
Socket not ready, repolling fd = 7
Socket not ready, repolling fd = 7
Socket not ready, repolling fd = 7
Socket not ready, repolling fd = 7
Socket not ready, repolling fd = 7
Socket not ready, repolling fd = 7
Socket not ready, repolling fd = 7
Socket not ready, repolling fd = 7
Socket not ready, repolling fd = 7
Socket not ready, repolling fd = 7
Socket not ready, repolling fd = 7
Socket not ready, repolling fd = 7
Socket not ready, repolling fd = 7
Socket not ready, repolling fd = 7
Socket not ready, repolling fd = 7
Socket not ready, repolling fd = 7
Socket not ready, repolling fd = 7
Socket not ready, repolling fd = 7
Socket not ready, repolling fd = 7
Socket not ready, repolling fd = 7
Socket not ready, repolling fd = 7
Socket not ready, repolling fd = 7
Socket not ready, repolling fd = 7
Socket not ready, repolling fd = 7
Socket not ready, repolling fd = 7
Socket not ready, repolling fd = 7
Socket not ready, repolling fd = 7
Socket not ready, repolling fd = 7
Socket not ready, repolling fd = 7
Socket not ready, repolling fd = 7
Socket not ready, repolling fd = 7
Socket not ready, repolling fd = 7
Socket not ready, repolling fd = 7
Socket not ready, repolling fd = 7
Socket not ready, repolling fd = 7
Socket not ready, repolling fd = 7
Socket not ready, repolling fd = 7
Socket not ready, repolling fd = 7
Socket not ready, repolling fd = 7
Socket not ready, repolling fd = 7
Socket not ready, repolling fd = 7
Socket not ready, repolling fd = 7
Socket not ready, repolling fd = 7
Socket not ready, repolling fd = 7
Socket not ready, repolling fd = 7
Socket not ready, repolling fd = 7
Socket not ready, repolling fd = 7
Socket not ready, repolling fd = 7
Socket not ready, repolling fd = 7
Socket not ready, repolling fd = 7
Socket not ready, repolling fd = 7
Socket not ready, repolling fd = 7
Socket not ready, repolling fd = 7
Socket not ready, repolling fd = 7
Socket not ready, repolling fd = 7
Socket not ready, repolling fd = 7
Socket not ready, repolling fd = 7
Socket not ready, repolling fd = 7
Socket not ready, repolling fd = 7
Socket not ready, repolling fd = 7
Socket not ready, repolling fd = 7
Socket not ready, repolling fd = 7
Socket not ready, repolling fd = 7
Socket not ready, repolling fd = 7
Socket not ready, repolling fd = 7
Socket not ready, repolling fd = 7
Socket not ready, repolling fd = 7
Socket not ready, repolling fd = 7
Socket not ready, repolling fd = 7
Socket not ready, repolling fd = 7
Socket not ready, repolling fd = 7
Socket not ready, repolling fd = 7
Socket not ready, repolling fd = 7
Socket not ready, repolling fd = 7
Socket not ready, repolling fd = 7
Socket not ready, repolling fd = 7
Socket not ready, repolling fd = 7
Socket not ready, repolling fd = 7
Socket not ready, repolling fd = 7
Socket not ready, repolling fd = 7
Socket not ready, repolling fd = 7
Socket not ready, repolling fd = 7
Socket not ready, repolling fd = 7
Socket not ready, repolling fd = 7
Socket not ready, repolling fd = 7
Socket not ready, repolling fd = 7
Socket not ready, repolling fd = 7
Socket not ready, repolling fd = 7
Socket not ready, repolling fd = 7
Socket not ready, repolling fd = 7
Socket not ready, repolling fd = 7
Socket not ready, repolling fd = 7
Socket not ready, repolling fd = 7
Socket not ready, repolling fd = 7
Socket not ready, repolling fd = 7
Socket not ready, repolling fd = 7
Socket not ready, repolling fd = 7
Socket not ready, repolling fd = 7
Socket not ready, repolling fd = 7
Socket not ready, repolling fd = 7
Socket not ready, repolling fd = 7
Socket not ready, repolling fd = 7
Socket not ready, repolling fd = 7
Socket not ready, repolling fd = 7
Socket not ready, repolling fd = 7
Socket not ready, repolling fd = 7
Socket not ready, repolling fd = 7
Socket not ready, repolling fd = 7
Socket not ready, repolling fd = 7
Socket not ready, repolling fd = 7
Socket not ready, repolling fd = 7
Socket not ready, repolling fd = 7
Socket not ready, repolling fd = 7
Socket not ready, repolling fd = 7
Socket not ready, repolling fd = 7
Socket not ready, repolling fd = 7
Socket not ready, repolling fd = 7
Socket not ready, repolling fd = 7
Socket not ready, repolling fd = 7
Socket not ready, repolling fd = 7
Socket not ready, repolling fd = 7
Socket not ready, repolling fd = 7
Socket not ready, repolling fd = 7
Socket not ready, repolling fd = 7
Socket not ready, repolling fd = 7
Socket not ready, repolling fd = 7
Socket not ready, repolling fd = 7
Socket not ready, repolling fd = 7
Socket not ready, repolling fd = 7
Socket not ready, repolling fd = 7
Socket not ready, repolling fd = 7
Socket not ready, repolling fd = 7
Socket not ready, repolling fd = 7
Socket not ready, repolling fd = 7
Socket not ready, repolling fd = 7
Socket not ready, repolling fd = 7
Socket not ready, repolling fd = 7
Socket not ready, repolling fd = 7
Socket not ready, repolling fd = 7
Socket not ready, repolling fd = 7
Socket not ready, repolling fd = 7
Socket not ready, repolling fd = 7
Socket not ready, repolling fd = 7
Socket not ready, repolling fd = 7
Socket not ready, repolling fd = 7
Socket not ready, repolling fd = 7
Socket not ready, repolling fd = 7
Socket not ready, repolling fd = 7
Socket not ready, repolling fd = 7
Socket not ready, repolling fd = 7
Socket not ready, repolling fd = 7
Socket not ready, repolling fd = 7
Socket not ready, repolling fd = 7
Socket not ready, repolling fd = 7
Socket not ready, repolling fd = 7
Socket not ready, repolling fd = 7
Socket not ready, repolling fd = 7
Socket not ready, repolling fd = 7
Socket not ready, repolling fd = 7
Socket not ready, repolling fd = 7
Socket not ready, repolling fd = 7
Socket not ready, repolling fd = 7
Socket not ready, repolling fd = 7
Socket not ready, repolling fd = 7
Socket not ready, repolling fd = 7
Socket not ready, repolling fd = 7
Socket not ready, repolling fd = 7
Socket not ready, repolling fd = 7
Socket not ready, repolling fd = 7
Socket not ready, repolling fd = 7
Socket not ready, repolling fd = 7
Socket not ready, repolling fd = 7
Socket not ready, repolling fd = 7
Socket not ready, repolling fd = 7
Socket not ready, repolling fd = 7
Socket not ready, repolling fd = 7
Socket not ready, repolling fd = 7
Socket not ready, repolling fd = 7
Socket not ready, repolling fd = 7
Socket not ready, repolling fd = 7
Socket not ready, repolling fd = 7
Socket not ready, repolling fd = 7
Socket not ready, repolling fd = 7
Socket not ready, repolling fd = 7
Socket not ready, repolling fd = 7
Socket not ready, repolling fd = 7
Socket not ready, repolling fd = 7
Socket not ready, repolling fd = 7
Socket not ready, repolling fd = 7
Socket not ready, repolling fd = 7
Socket not ready, repolling fd = 7
Socket not ready, repolling fd = 7
Socket not ready, repolling fd = 7
Socket not ready, repolling fd = 7
Socket not ready, repolling fd = 7
Socket not ready, repolling fd = 7
Socket not ready, repolling fd = 7
Socket not ready, repolling fd = 7
Socket not ready, repolling fd = 7
Socket not ready, repolling fd = 7
Socket not ready, repolling fd = 7
Socket not ready, repolling fd = 7
Socket not ready, repolling fd = 7
Socket not ready, repolling fd = 7
Socket not ready, repolling fd = 7
Socket not ready, repolling fd = 7
Socket not ready, repolling fd = 7
Socket not ready, repolling fd = 7
Socket not ready, repolling fd = 7
Socket not ready, repolling fd = 7
Socket not ready, repolling fd = 7
Socket not ready, repolling fd = 7
Socket not ready, repolling fd = 7
Socket not ready, repolling fd = 7
Socket not ready, repolling fd = 7
Socket not ready, repolling fd = 7
Socket not ready, repolling fd = 7
Socket not ready, repolling fd = 7
Socket not ready, repolling fd = 7
Socket not ready, repolling fd = 7
Socket not ready, repolling fd = 7
Socket not ready, repolling fd = 7
Socket not ready, repolling fd = 7
Socket not ready, repolling fd = 7
Socket not ready, repolling fd = 7
Socket not ready, repolling fd = 7
Socket not ready, repolling fd = 7
Socket not ready, repolling fd = 7
Socket not ready, repolling fd = 7
Socket not ready, repolling fd = 7
Socket not ready, repolling fd = 7
Socket not ready, repolling fd = 7
Socket not ready, repolling fd = 7
Socket not ready, repolling fd = 7
Socket not ready, repolling fd = 7
Socket not ready, repolling fd = 7
Socket not ready, repolling fd = 7
Socket not ready, repolling fd = 7
Socket not ready, repolling fd = 7
Socket not ready, repolling fd = 7
Socket not ready, repolling fd = 7
Socket not ready, repolling fd = 7
Socket not ready, repolling fd = 7
Socket not ready, repolling fd = 7
Socket not ready, repolling fd = 7
Socket not ready, repolling fd = 7
Socket not ready, repolling fd = 7
Socket not ready, repolling fd = 7
Socket not ready, repolling fd = 7
Socket not ready, repolling fd = 7
Socket not ready, repolling fd = 7
Socket not ready, repolling fd = 7
Socket not ready, repolling fd = 7
Socket not ready, repolling fd = 7
Socket not ready, repolling fd = 7
Socket not ready, repolling fd = 7
Socket not ready, repolling fd = 7
Socket not ready, repolling fd = 7
Socket not ready, repolling fd = 7
Socket not ready, repolling fd = 7
Socket not ready, repolling fd = 7
Socket not ready, repolling fd = 7
Socket not ready, repolling fd = 7
Socket not ready, repolling fd = 7
Socket not ready, repolling fd = 7
Socket not ready, repolling fd = 7
Socket not ready, repolling fd = 7
Socket not ready, repolling fd = 7
Socket not ready, repolling fd = 7
Socket not ready, repolling fd = 7
Socket not ready, repolling fd = 7
Socket not ready, repolling fd = 7
Socket not ready, repolling fd = 7
Socket not ready, repolling fd = 7
Socket not ready, repolling fd = 7
Socket not ready, repolling fd = 7
Socket not ready, repolling fd = 7
Socket not ready, repolling fd = 7
Socket not ready, repolling fd = 7
Socket not ready, repolling fd = 7
Socket not ready, repolling fd = 7
Socket not ready, repolling fd = 7
Socket not ready, repolling fd = 7
Socket not ready, repolling fd = 7
Socket not ready, repolling fd = 7
Socket not ready, repolling fd = 7
Socket not ready, repolling fd = 7
Socket not ready, repolling fd = 7
Socket not ready, repolling fd = 7
Socket not ready, repolling fd = 7
Socket not ready, repolling fd = 7
Socket not ready, repolling fd = 7
Socket not ready, repolling fd = 7
Socket not ready, repolling fd = 7
Socket not ready, repolling fd = 7
Socket not ready, repolling fd = 7
Socket not ready, repolling fd = 7
Socket not ready, repolling fd = 7
Socket not ready, repolling fd = 7
Socket not ready, repolling fd = 7
Socket not ready, repolling fd = 7
Socket not ready, repolling fd = 7
Socket not ready, repolling fd = 7
Socket not ready, repolling fd = 7
Socket not ready, repolling fd = 7
Socket not ready, repolling fd = 7
Socket not ready, repolling fd = 7
Socket not ready, repolling fd = 7
Socket not ready, repolling fd = 7
Socket not ready, repolling fd = 7
Socket not ready, repolling fd = 7
Socket not ready, repolling fd = 7
Socket not ready, repolling fd = 7
Socket not ready, repolling fd = 7
Socket not ready, repolling fd = 7
Socket not ready, repolling fd = 7
Socket not ready, repolling fd = 7
Socket not ready, repolling fd = 7
Socket not ready, repolling fd = 7
Socket not ready, repolling fd = 7
Socket not ready, repolling fd = 7
Socket not ready, repolling fd = 7
Socket not ready, repolling fd = 7
Socket not ready, repolling fd = 7
Socket not ready, repolling fd = 7
Socket not ready, repolling fd = 7
Socket not ready, repolling fd = 7
Socket not ready, repolling fd = 7
Socket not ready, repolling fd = 7
Socket not ready, repolling fd = 7
Socket not ready, repolling fd = 7
Socket not ready, repolling fd = 7
Socket not ready, repolling fd = 7
Socket not ready, repolling fd = 7
Socket not ready, repolling fd = 7
Socket not ready, repolling fd = 7
Socket not ready, repolling fd = 7
Socket not ready, repolling fd = 7
Socket not ready, repolling fd = 7
Socket not ready, repolling fd = 7
Socket not ready, repolling fd = 7
Socket not ready, repolling fd = 7
Socket not ready, repolling fd = 7
Socket not ready, repolling fd = 7
Socket not ready, repolling fd = 7
Socket not ready, repolling fd = 7
Socket not ready, repolling fd = 7
Socket not ready, repolling fd = 7
Socket not ready, repolling fd = 7
Socket not ready, repolling fd = 7
Socket not ready, repolling fd = 7
Socket not ready, repolling fd = 7
Socket not ready, repolling fd = 7
Socket not ready, repolling fd = 7
Socket not ready, repolling fd = 7
Socket not ready, repolling fd = 7
Socket not ready, repolling fd = 7
Socket not ready, repolling fd = 7
Socket not ready, repolling fd = 7
Socket not ready, repolling fd = 7
Socket not ready, repolling fd = 7
Socket not ready, repolling fd = 7
Socket not ready, repolling fd = 7
Socket not ready, repolling fd = 7
Socket not ready, repolling fd = 7
Socket not ready, repolling fd = 7
Socket not ready, repolling fd = 7
Socket not ready, repolling fd = 7
Socket not ready, repolling fd = 7
Socket not ready, repolling fd = 7
Socket not ready, repolling fd = 7
Socket not ready, repolling fd = 7
Socket not ready, repolling fd = 7
Socket not ready, repolling fd = 7
Socket not ready, repolling fd = 7
Socket not ready, repolling fd = 7
Socket not ready, repolling fd = 7
Socket not ready, repolling fd = 7
Socket not ready, repolling fd = 7
Socket not ready, repolling fd = 7
Socket not ready, repolling fd = 7
Socket not ready, repolling fd = 7
Socket not ready, repolling fd = 7
Socket not ready, repolling fd = 7
Socket not ready, repolling fd = 7
Socket not ready, repolling fd = 7
Socket not ready, repolling fd = 7
Socket not ready, repolling fd = 7
Socket not ready, repolling fd = 7
Socket not ready, repolling fd = 7
Socket not ready, repolling fd = 7
Socket not ready, repolling fd = 7
Socket not ready, repolling fd = 7
Socket not ready, repolling fd = 7
Socket not ready, repolling fd = 7
Socket not ready, repolling fd = 7
Socket not ready, repolling fd = 7
Socket not ready, repolling fd = 7
Socket not ready, repolling fd = 7
Socket not ready, repolling fd = 7
Socket not ready, repolling fd = 7
Socket not ready, repolling fd = 7
Socket not ready, repolling fd = 7
Socket not ready, repolling fd = 7
Socket not ready, repolling fd = 7
Socket not ready, repolling fd = 7
Socket not ready, repolling fd = 7
Socket not ready, repolling fd = 7
Socket not ready, repolling fd = 7
Socket not ready, repolling fd = 7
Socket not ready, repolling fd = 7
Socket not ready, repolling fd = 7
Socket not ready, repolling fd = 7
Socket not ready, repolling fd = 7
Socket not ready, repolling fd = 7
Socket not ready, repolling fd = 7
Socket not ready, repolling fd = 7
Socket not ready, repolling fd = 7
Socket not ready, repolling fd = 7
Socket not ready, repolling fd = 7
Socket not ready, repolling fd = 7
Socket not ready, repolling fd = 7
Socket not ready, repolling fd = 7
Socket not ready, repolling fd = 7
Socket not ready, repolling fd = 7
Socket not ready, repolling fd = 7
Socket not ready, repolling fd = 7
Socket not ready, repolling fd = 7
Socket not ready, repolling fd = 7
Socket not ready, repolling fd = 7
Socket not ready, repolling fd = 7
Socket not ready, repolling fd = 7
Socket not ready, repolling fd = 7
Socket not ready, repolling fd = 7
Socket not ready, repolling fd = 7
Socket not ready, repolling fd = 7
Socket not ready, repolling fd = 7
Socket not ready, repolling fd = 7
Socket not ready, repolling fd = 7
Socket not ready, repolling fd = 7
Socket not ready, repolling fd = 7
Socket not ready, repolling fd = 7
Socket not ready, repolling fd = 7
Socket not ready, repolling fd = 9
Socket not ready, repolling fd = 9
Socket not ready, repolling fd = 9
Socket not ready, repolling fd = 9
Socket not ready, repolling fd = 9
Socket not ready, repolling fd = 9
Socket not ready, repolling fd = 9
Socket not ready, repolling fd = 9
Socket not ready, repolling fd = 9
Socket not ready, repolling fd = 9
Socket not ready, repolling fd = 9
Socket not ready, repolling fd = 9
Socket not ready, repolling fd = 9
Socket not ready, repolling fd = 9
Socket not ready, repolling fd = 9
Socket not ready, repolling fd = 9
Socket not ready, repolling fd = 9
Socket not ready, repolling fd = 9
Socket not ready, repolling fd = 9
Socket not ready, repolling fd = 9
Socket not ready, repolling fd = 9
Socket not ready, repolling fd = 9
Socket not ready, repolling fd = 9
Socket not ready, repolling fd = 9
Socket not ready, repolling fd = 9
Socket not ready, repolling fd = 9
Socket not ready, repolling fd = 9
Socket not ready, repolling fd = 9
Socket not ready, repolling fd = 9
Socket not ready, repolling fd = 9
Socket not ready, repolling fd = 9
Socket not ready, repolling fd = 9
Socket not ready, repolling fd = 9
Socket not ready, repolling fd = 9
Socket not ready, repolling fd = 9
Socket not ready, repolling fd = 9
Socket not ready, repolling fd = 9
Socket not ready, repolling fd = 9
Socket not ready, repolling fd = 9
Socket not ready, repolling fd = 9
Socket not ready, repolling fd = 9
Socket not ready, repolling fd = 9
Socket not ready, repolling fd = 9
Socket not ready, repolling fd = 9
Socket not ready, repolling fd = 9
Socket not ready, repolling fd = 9
Socket not ready, repolling fd = 9
Socket not ready, repolling fd = 9
Socket not ready, repolling fd = 9
Socket not ready, repolling fd = 9
Socket not ready, repolling fd = 9
Socket not ready, repolling fd = 9
Socket not ready, repolling fd = 9
Socket not ready, repolling fd = 9
Socket not ready, repolling fd = 9
Socket not ready, repolling fd = 9
Socket not ready, repolling fd = 9
Socket not ready, repolling fd = 9
Socket not ready, repolling fd = 9
Socket not ready, repolling fd = 9
Socket not ready, repolling fd = 9
Socket not ready, repolling fd = 9
Socket not ready, repolling fd = 9
Socket not ready, repolling fd = 9
Socket not ready, repolling fd = 9
Socket not ready, repolling fd = 9
Socket not ready, repolling fd = 9
Socket not ready, repolling fd = 9
Socket not ready, repolling fd = 9
Socket not ready, repolling fd = 9
Socket not ready, repolling fd = 9
Socket not ready, repolling fd = 9
Socket not ready, repolling fd = 9
Socket not ready, repolling fd = 9
Socket not ready, repolling fd = 9
Socket not ready, repolling fd = 9
Socket not ready, repolling fd = 9
Socket not ready, repolling fd = 9
Socket not ready, repolling fd = 9
Socket not ready, repolling fd = 9
Socket not ready, repolling fd = 9
Socket not ready, repolling fd = 9
Socket not ready, repolling fd = 9
Socket not ready, repolling fd = 9
Socket not ready, repolling fd = 9
Socket not ready, repolling fd = 9
Socket not ready, repolling fd = 9
Socket not ready, repolling fd = 9
Socket not ready, repolling fd = 9
Socket not ready, repolling fd = 9
Socket not ready, repolling fd = 9
Socket not ready, repolling fd = 9
Socket not ready, repolling fd = 9
Socket not ready, repolling fd = 9
Socket not ready, repolling fd = 9
Socket not ready, repolling fd = 9
Socket not ready, repolling fd = 9
Socket not ready, repolling fd = 9
Socket not ready, repolling fd = 9
Socket not ready, repolling fd = 9
Socket not ready, repolling fd = 9
Socket not ready, repolling fd = 9
Socket not ready, repolling fd = 9
Socket not ready, repolling fd = 9
Socket not ready, repolling fd = 9
Socket not ready, repolling fd = 9
Socket not ready, repolling fd = 9
Socket not ready, repolling fd = 9
Socket not ready, repolling fd = 9
Socket not ready, repolling fd = 9
Socket not ready, repolling fd = 9
Socket not ready, repolling fd = 9
Socket not ready, repolling fd = 9
Socket not ready, repolling fd = 9
Socket not ready, repolling fd = 9
Socket not ready, repolling fd = 9
Socket not ready, repolling fd = 9
Socket not ready, repolling fd = 9
Socket not ready, repolling fd = 9
Socket not ready, repolling fd = 9
Socket not ready, repolling fd = 9
Socket not ready, repolling fd = 9
Socket not ready, repolling fd = 9
Socket not ready, repolling fd = 9
Socket not ready, repolling fd = 9
Socket not ready, repolling fd = 9
Socket not ready, repolling fd = 9
Socket not ready, repolling fd = 9
Socket not ready, repolling fd = 9
Socket not ready, repolling fd = 9
Socket not ready, repolling fd = 9
Socket not ready, repolling fd = 9
Socket not ready, repolling fd = 9
Socket not ready, repolling fd = 9
Socket not ready, repolling fd = 9
Socket not ready, repolling fd = 9
Socket not ready, repolling fd = 9
Socket not ready, repolling fd = 9
Socket not ready, repolling fd = 9
Socket not ready, repolling fd = 9
Socket not ready, repolling fd = 9
Socket not ready, repolling fd = 9
Socket not ready, repolling fd = 9
Socket not ready, repolling fd = 9
Socket not ready, repolling fd = 9
Socket not ready, repolling fd = 9
Socket not ready, repolling fd = 9
Socket not ready, repolling fd = 9
Socket not ready, repolling fd = 9
Socket not ready, repolling fd = 9
Socket not ready, repolling fd = 9
Socket not ready, repolling fd = 9
Socket not ready, repolling fd = 9
Socket not ready, repolling fd = 9
Socket not ready, repolling fd = 9
Socket not ready, repolling fd = 9
Socket not ready, repolling fd = 9
Socket not ready, repolling fd = 9
Socket not ready, repolling fd = 9
Socket not ready, repolling fd = 9
Socket not ready, repolling fd = 9
Socket not ready, repolling fd = 9
Socket not ready, repolling fd = 9
Socket not ready, repolling fd = 9
Socket not ready, repolling fd = 9
Socket not ready, repolling fd = 9
Socket not ready, repolling fd = 9
Socket not ready, repolling fd = 9
Socket not ready, repolling fd = 9
Socket not ready, repolling fd = 9
Socket not ready, repolling fd = 9
Socket not ready, repolling fd = 9
Socket not ready, repolling fd = 9
Socket not ready, repolling fd = 9
Socket not ready, repolling fd = 9
Socket not ready, repolling fd = 9
Socket not ready, repolling fd = 9
Socket not ready, repolling fd = 9
Socket not ready, repolling fd = 9
Socket not ready, repolling fd = 9
Socket not ready, repolling fd = 9
Socket not ready, repolling fd = 9
Socket not ready, repolling fd = 9
Socket not ready, repolling fd = 9
Socket not ready, repolling fd = 9
Socket not ready, repolling fd = 9
Socket not ready, repolling fd = 9
Socket not ready, repolling fd = 9
Socket not ready, repolling fd = 9
Socket not ready, repolling fd = 9
Socket not ready, repolling fd = 9
Socket not ready, repolling fd = 9
Socket not ready, repolling fd = 9
Socket not ready, repolling fd = 9
Socket not ready, repolling fd = 9
Socket not ready, repolling fd = 9
Socket not ready, repolling fd = 9
Socket not ready, repolling fd = 9
Socket not ready, repolling fd = 9
Socket not ready, repolling fd = 9
Socket not ready, repolling fd = 9
Socket not ready, repolling fd = 9
Socket not ready, repolling fd = 9
Socket not ready, repolling fd = 9
Socket not ready, repolling fd = 9
Socket not ready, repolling fd = 9
Socket not ready, repolling fd = 9
Socket not ready, repolling fd = 9
Socket not ready, repolling fd = 9
Socket not ready, repolling fd = 9
Socket not ready, repolling fd = 9
Socket not ready, repolling fd = 9
Socket not ready, repolling fd = 9
Socket not ready, repolling fd = 9
Socket not ready, repolling fd = 9
Socket not ready, repolling fd = 9
Socket not ready, repolling fd = 9
Socket not ready, repolling fd = 9
Socket not ready, repolling fd = 9
Socket not ready, repolling fd = 9
Socket not ready, repolling fd = 9
Socket not ready, repolling fd = 9
Socket not ready, repolling fd = 9
Socket not ready, repolling fd = 9
Socket not ready, repolling fd = 9
Socket not ready, repolling fd = 9
Socket not ready, repolling fd = 9
Socket not ready, repolling fd = 9
Socket not ready, repolling fd = 9
Socket not ready, repolling fd = 9
Socket not ready, repolling fd = 9
Socket not ready, repolling fd = 9
Socket not ready, repolling fd = 9
Socket not ready, repolling fd = 9
Socket not ready, repolling fd = 9
Socket not ready, repolling fd = 9
Socket not ready, repolling fd = 9
Socket not ready, repolling fd = 9
Socket not ready, repolling fd = 9
Socket not ready, repolling fd = 9
Socket not ready, repolling fd = 9
Socket not ready, repolling fd = 9
Socket not ready, repolling fd = 9
Socket not ready, repolling fd = 9
Socket not ready, repolling fd = 9
Socket not ready, repolling fd = 9
Socket not ready, repolling fd = 9
Socket not ready, repolling fd = 9
Socket not ready, repolling fd = 9
Socket not ready, repolling fd = 9
Socket not ready, repolling fd = 9
Socket not ready, repolling fd = 9
Socket not ready, repolling fd = 9
Socket not ready, repolling fd = 9
Socket not ready, repolling fd = 9
Socket not ready, repolling fd = 9
Socket not ready, repolling fd = 9
Socket not ready, repolling fd = 9
Socket not ready, repolling fd = 9
Socket not ready, repolling fd = 9
Socket not ready, repolling fd = 9
Socket not ready, repolling fd = 9
Socket not ready, repolling fd = 9
Socket not ready, repolling fd = 9
Socket not ready, repolling fd = 9
Socket not ready, repolling fd = 9
Socket not ready, repolling fd = 9
Socket not ready, repolling fd = 9
Socket not ready, repolling fd = 9
Socket not ready, repolling fd = 9
Socket not ready, repolling fd = 9
Socket not ready, repolling fd = 9
Socket not ready, repolling fd = 9
Socket not ready, repolling fd = 9
Socket not ready, repolling fd = 9
Socket not ready, repolling fd = 9
Socket not ready, repolling fd = 9
Socket not ready, repolling fd = 9
Socket not ready, repolling fd = 9
Socket not ready, repolling fd = 9
Socket not ready, repolling fd = 9
Socket not ready, repolling fd = 9
Socket not ready, repolling fd = 9
Socket not ready, repolling fd = 9
Socket not ready, repolling fd = 9
Socket not ready, repolling fd = 9
Socket not ready, repolling fd = 9
Socket not ready, repolling fd = 9
Socket not ready, repolling fd = 9
Socket not ready, repolling fd = 9
Socket not ready, repolling fd = 9
Socket not ready, repolling fd = 9
Socket not ready, repolling fd = 9
Socket not ready, repolling fd = 9
Socket not ready, repolling fd = 9
Socket not ready, repolling fd = 9
Socket not ready, repolling fd = 9
Socket not ready, repolling fd = 9
Socket not ready, repolling fd = 9
Socket not ready, repolling fd = 9
Socket not ready, repolling fd = 9
Socket not ready, repolling fd = 9
Socket not ready, repolling fd = 9
Socket not ready, repolling fd = 9
Socket not ready, repolling fd = 9
Socket not ready, repolling fd = 9
Socket not ready, repolling fd = 9
Socket not ready, repolling fd = 9
Socket not ready, repolling fd = 9
Socket not ready, repolling fd = 9
Socket not ready, repolling fd = 9
Socket not ready, repolling fd = 9
Socket not ready, repolling fd = 9
Socket not ready, repolling fd = 9
Socket not ready, repolling fd = 9
Socket not ready, repolling fd = 9
Socket not ready, repolling fd = 9
Socket not ready, repolling fd = 9
Socket not ready, repolling fd = 9
Socket not ready, repolling fd = 9
Socket not ready, repolling fd = 9
Socket not ready, repolling fd = 9
Socket not ready, repolling fd = 9
Socket not ready, repolling fd = 9
Socket not ready, repolling fd = 9
Socket not ready, repolling fd = 9
Socket not ready, repolling fd = 9
Socket not ready, repolling fd = 9
Socket not ready, repolling fd = 9
Socket not ready, repolling fd = 9
Socket not ready, repolling fd = 9
Socket not ready, repolling fd = 9
Socket not ready, repolling fd = 9
Socket not ready, repolling fd = 9
Socket not ready, repolling fd = 9
Socket not ready, repolling fd = 9
Socket not ready, repolling fd = 9
Socket not ready, repolling fd = 9
Socket not ready, repolling fd = 9
Socket not ready, repolling fd = 9
Socket not ready, repolling fd = 9
Socket not ready, repolling fd = 9
Socket not ready, repolling fd = 9
Socket not ready, repolling fd = 9
Socket not ready, repolling fd = 9
Socket not ready, repolling fd = 9
Socket not ready, repolling fd = 9
Socket not ready, repolling fd = 9
Socket not ready, repolling fd = 9
Socket not ready, repolling fd = 9
Socket not ready, repolling fd = 9
Socket not ready, repolling fd = 9
Socket not ready, repolling fd = 9
Socket not ready, repolling fd = 9
Socket not ready, repolling fd = 9
Socket not ready, repolling fd = 9
Socket not ready, repolling fd = 9
Socket not ready, repolling fd = 9
Socket not ready, repolling fd = 9
Socket not ready, repolling fd = 9
Socket not ready, repolling fd = 9
Socket not ready, repolling fd = 9
Socket not ready, repolling fd = 9
Socket not ready, repolling fd = 9
Socket not ready, repolling fd = 9
Socket not ready, repolling fd = 9
Socket not ready, repolling fd = 9
Socket not ready, repolling fd = 9
Socket not ready, repolling fd = 9
Socket not ready, repolling fd = 9
Socket not ready, repolling fd = 9
Socket not ready, repolling fd = 9
Socket not ready, repolling fd = 9
Socket not ready, repolling fd = 9
Socket not ready, repolling fd = 9
Socket not ready, repolling fd = 9
Socket not ready, repolling fd = 9
Socket not ready, repolling fd = 9
Socket not ready, repolling fd = 9
Socket not ready, repolling fd = 9
Socket not ready, repolling fd = 9
Socket not ready, repolling fd = 9
Socket not ready, repolling fd = 9
Socket not ready, repolling fd = 9
Socket not ready, repolling fd = 9
Socket not ready, repolling fd = 9
Socket not ready, repolling fd = 9
Socket not ready, repolling fd = 9
Socket not ready, repolling fd = 9
Socket not ready, repolling fd = 9
Socket not ready, repolling fd = 9
Socket not ready, repolling fd = 9
Socket not ready, repolling fd = 9
Socket not ready, repolling fd = 9
Socket not ready, repolling fd = 9
Socket not ready, repolling fd = 9
Socket not ready, repolling fd = 9
Socket not ready, repolling fd = 9
Socket not ready, repolling fd = 9
Socket not ready, repolling fd = 9
Socket not ready, repolling fd = 9
Socket not ready, repolling fd = 9
Socket not ready, repolling fd = 9
Socket not ready, repolling fd = 9
Socket not ready, repolling fd = 9
Socket not ready, repolling fd = 9
Socket not ready, repolling fd = 9
Socket not ready, repolling fd = 9
Socket not ready, repolling fd = 9
Socket not ready, repolling fd = 9
Socket not ready, repolling fd = 9
Socket not ready, repolling fd = 9
Socket not ready, repolling fd = 9
Socket not ready, repolling fd = 9
Socket not ready, repolling fd = 9
Socket not ready, repolling fd = 9
Socket not ready, repolling fd = 9
Socket not ready, repolling fd = 9
Socket not ready, repolling fd = 9
Socket not ready, repolling fd = 9
Socket not ready, repolling fd = 9
Socket not ready, repolling fd = 9
Socket not ready, repolling fd = 9
Socket not ready, repolling fd = 9
Socket not ready, repolling fd = 9
Socket not ready, repolling fd = 9
Socket not ready, repolling fd = 9
Socket not ready, repolling fd = 9
Socket not ready, repolling fd = 9
Socket not ready, repolling fd = 9
Socket not ready, repolling fd = 9
Socket not ready, repolling fd = 9
Socket not ready, repolling fd = 9
Socket not ready, repolling fd = 9
Socket not ready, repolling fd = 9
Socket not ready, repolling fd = 9
Socket not ready, repolling fd = 9
Socket not ready, repolling fd = 9
Socket not ready, repolling fd = 9
Socket not ready, repolling fd = 9
Socket not ready, repolling fd = 9
Socket not ready, repolling fd = 9
Socket not ready, repolling fd = 9
Socket not ready, repolling fd = 9
Socket not ready, repolling fd = 9
Socket not ready, repolling fd = 9
Socket not ready, repolling fd = 9
Socket not ready, repolling fd = 9
Socket not ready, repolling fd = 9
Socket not ready, repolling fd = 9
Socket not ready, repolling fd = 9
Socket not ready, repolling fd = 9
Socket not ready, repolling fd = 9
Socket not ready, repolling fd = 9
Socket not ready, repolling fd = 9
Socket not ready, repolling fd = 9
Socket not ready, repolling fd = 9
Socket not ready, repolling fd = 9
Socket not ready, repolling fd = 9
Socket not ready, repolling fd = 9
Socket not ready, repolling fd = 9
Socket not ready, repolling fd = 9
Socket not ready, repolling fd = 9
Socket not ready, repolling fd = 9
Socket not ready, repolling fd = 9
Socket not ready, repolling fd = 9
Socket not ready, repolling fd = 9
Socket not ready, repolling fd = 9
Socket not ready, repolling fd = 9
Socket not ready, repolling fd = 9
Socket not ready, repolling fd = 9
Socket not ready, repolling fd = 9
Socket not ready, repolling fd = 9
Socket not ready, repolling fd = 9
Socket not ready, repolling fd = 9
Socket not ready, repolling fd = 9
Socket not ready, repolling fd = 9
Socket not ready, repolling fd = 9
Socket not ready, repolling fd = 9
Socket not ready, repolling fd = 9
Socket not ready, repolling fd = 9
Socket not ready, repolling fd = 9
Socket not ready, repolling fd = 9
Socket not ready, repolling fd = 9
Socket not ready, repolling fd = 9
Socket not ready, repolling fd = 9
Socket not ready, repolling fd = 9
Socket not ready, repolling fd = 9
Socket not ready, repolling fd = 9
Socket not ready, repolling fd = 9
Socket not ready, repolling fd = 9
Socket not ready, repolling fd = 9
Socket not ready, repolling fd = 9
Socket not ready, repolling fd = 9
Socket not ready, repolling fd = 9
Socket not ready, repolling fd = 9
Socket not ready, repolling fd = 9
Socket not ready, repolling fd = 9
Socket not ready, repolling fd = 9
Socket not ready, repolling fd = 9
Socket not ready, repolling fd = 9
Socket not ready, repolling fd = 9
Socket not ready, repolling fd = 9
Socket not ready, repolling fd = 9
Socket not ready, repolling fd = 9
Socket not ready, repolling fd = 9
Socket not ready, repolling fd = 9
Socket not ready, repolling fd = 9
Socket not ready, repolling fd = 9
Socket not ready, repolling fd = 9
Socket not ready, repolling fd = 9
Socket not ready, repolling fd = 9
Socket not ready, repolling fd = 9
Socket not ready, repolling fd = 9
Socket not ready, repolling fd = 9
Socket not ready, repolling fd = 9
Socket not ready, repolling fd = 9
Socket not ready, repolling fd = 9
Socket not ready, repolling fd = 9
Socket not ready, repolling fd = 9
Socket not ready, repolling fd = 9
Socket not ready, repolling fd = 9
Socket not ready, repolling fd = 9
Socket not ready, repolling fd = 9
Socket not ready, repolling fd = 9
Socket not ready, repolling fd = 9
Socket not ready, repolling fd = 9
Socket not ready, repolling fd = 9
Socket not ready, repolling fd = 9
Socket not ready, repolling fd = 9
Socket not ready, repolling fd = 9
Socket not ready, repolling fd = 9
Socket not ready, repolling fd = 9
Socket not ready, repolling fd = 9
Socket not ready, repolling fd = 9
Socket not ready, repolling fd = 9
Socket not ready, repolling fd = 9
Socket not ready, repolling fd = 9
Socket not ready, repolling fd = 9
Socket not ready, repolling fd = 9
Socket not ready, repolling fd = 9
Socket not ready, repolling fd = 9
Socket not ready, repolling fd = 9
Socket not ready, repolling fd = 9
Socket not ready, repolling fd = 9
Socket not ready, repolling fd = 9
Socket not ready, repolling fd = 9
Socket not ready, repolling fd = 9
Socket not ready, repolling fd = 9
Socket not ready, repolling fd = 9
Socket not ready, repolling fd = 9
Socket not ready, repolling fd = 9
Socket not ready, repolling fd = 9
Socket not ready, repolling fd = 9
Socket not ready, repolling fd = 9
Socket not ready, repolling fd = 9
Socket not ready, repolling fd = 9
Socket not ready, repolling fd = 9
Socket not ready, repolling fd = 9
Socket not ready, repolling fd = 9
Socket not ready, repolling fd = 9
Socket not ready, repolling fd = 9
Socket not ready, repolling fd = 9
Socket not ready, repolling fd = 9
Socket not ready, repolling fd = 9
Socket not ready, repolling fd = 9
Socket not ready, repolling fd = 9
Socket not ready, repolling fd = 9
Socket not ready, repolling fd = 9
Socket not ready, repolling fd = 9
Socket not ready, repolling fd = 9
Socket not ready, repolling fd = 9
Socket not ready, repolling fd = 9
Socket not ready, repolling fd = 9
Socket not ready, repolling fd = 9
Socket not ready, repolling fd = 9
Socket not ready, repolling fd = 9
Socket not ready, repolling fd = 9
Socket not ready, repolling fd = 9
Socket not ready, repolling fd = 9
Socket not ready, repolling fd = 9
Socket not ready, repolling fd = 9
Socket not ready, repolling fd = 9
Socket not ready, repolling fd = 9
Socket not ready, repolling fd = 9
Socket not ready, repolling fd = 9
Socket not ready, repolling fd = 9
Socket not ready, repolling fd = 9
Socket not ready, repolling fd = 9
Socket not ready, repolling fd = 9
Socket not ready, repolling fd = 9
Socket not ready, repolling fd = 9
Socket not ready, repolling fd = 9
Socket not ready, repolling fd = 9
Socket not ready, repolling fd = 9
Socket not ready, repolling fd = 9
Socket not ready, repolling fd = 9
Socket not ready, repolling fd = 9
Socket not ready, repolling fd = 9
Socket not ready, repolling fd = 9
Socket not ready, repolling fd = 9
Socket not ready, repolling fd = 9
Socket not ready, repolling fd = 9
Socket not ready, repolling fd = 9
Socket not ready, repolling fd = 9
Socket not ready, repolling fd = 9
Socket not ready, repolling fd = 9
Socket not ready, repolling fd = 9
Socket not ready, repolling fd = 9
Socket not ready, repolling fd = 9
Socket not ready, repolling fd = 9
Socket not ready, repolling fd = 9
Socket not ready, repolling fd = 9
Socket not ready, repolling fd = 9
Socket not ready, repolling fd = 9
Socket not ready, repolling fd = 9
Socket not ready, repolling fd = 9
Socket not ready, repolling fd = 9
Socket not ready, repolling fd = 9
Socket not ready, repolling fd = 9
Socket not ready, repolling fd = 9
Socket not ready, repolling fd = 9
Socket not ready, repolling fd = 9
Socket not ready, repolling fd = 9
Socket not ready, repolling fd = 9
Socket not ready, repolling fd = 9
Socket not ready, repolling fd = 9
Socket not ready, repolling fd = 9
Socket not ready, repolling fd = 9
Socket not ready, repolling fd = 9
Socket not ready, repolling fd = 9
Socket not ready, repolling fd = 9
Socket not ready, repolling fd = 9
Socket not ready, repolling fd = 9
Socket not ready, repolling fd = 9
Socket not ready, repolling fd = 9
Socket not ready, repolling fd = 9
Socket not ready, repolling fd = 9
Socket not ready, repolling fd = 9
Socket not ready, repolling fd = 9
Socket not ready, repolling fd = 9
Socket not ready, repolling fd = 9
Socket not ready, repolling fd = 9
Socket not ready, repolling fd = 9
Socket not ready, repolling fd = 9
Socket not ready, repolling fd = 9
Socket not ready, repolling fd = 9
Socket not ready, repolling fd = 9
Socket not ready, repolling fd = 9
Socket not ready, repolling fd = 9
Socket not ready, repolling fd = 9
Socket not ready, repolling fd = 9
Socket not ready, repolling fd = 9
Socket not ready, repolling fd = 9
Socket not ready, repolling fd = 9
Socket not ready, repolling fd = 9
Socket not ready, repolling fd = 9
Socket not ready, repolling fd = 9
Socket not ready, repolling fd = 9
Socket not ready, repolling fd = 9
Socket not ready, repolling fd = 9
Socket not ready, repolling fd = 9
Socket not ready, repolling fd = 9
Socket not ready, repolling fd = 9
Socket not ready, repolling fd = 9
Socket not ready, repolling fd = 9
Socket not ready, repolling fd = 9
Socket not ready, repolling fd = 9
Socket not ready, repolling fd = 9
Socket not ready, repolling fd = 9
Socket not ready, repolling fd = 9
Socket not ready, repolling fd = 9
Socket not ready, repolling fd = 9
Socket not ready, repolling fd = 9
Socket not ready, repolling fd = 9
Socket not ready, repolling fd = 9
Socket not ready, repolling fd = 9
Socket not ready, repolling fd = 9
Socket not ready, repolling fd = 9
Socket not ready, repolling fd = 9
Socket not ready, repolling fd = 9
Socket not ready, repolling fd = 9
Socket not ready, repolling fd = 9
Socket not ready, repolling fd = 9
Socket not ready, repolling fd = 9
Socket not ready, repolling fd = 9
Socket not ready, repolling fd = 9
Socket not ready, repolling fd = 9
Socket not ready, repolling fd = 9
Socket not ready, repolling fd = 9
Socket not ready, repolling fd = 9
Socket not ready, repolling fd = 9
Socket not ready, repolling fd = 9
Socket not ready, repolling fd = 9
Socket not ready, repolling fd = 9
Socket not ready, repolling fd = 9
Socket not ready, repolling fd = 9
Socket not ready, repolling fd = 9
Socket not ready, repolling fd = 9
Socket not ready, repolling fd = 9
Socket not ready, repolling fd = 9
Socket not ready, repolling fd = 9
Socket not ready, repolling fd = 9
Socket not ready, repolling fd = 9
Socket not ready, repolling fd = 9
Socket not ready, repolling fd = 9
Socket not ready, repolling fd = 9
Socket not ready, repolling fd = 9
Socket not ready, repolling fd = 9
Socket not ready, repolling fd = 9
Socket not ready, repolling fd = 9
Socket not ready, repolling fd = 9
Socket not ready, repolling fd = 9
Socket not ready, repolling fd = 9
Socket not ready, repolling fd = 9
Socket not ready, repolling fd = 9
Socket not ready, repolling fd = 9
Socket not ready, repolling fd = 9
Socket not ready, repolling fd = 9
Socket not ready, repolling fd = 9
Socket not ready, repolling fd = 9
Socket not ready, repolling fd = 9
Socket not ready, repolling fd = 9
Socket not ready, repolling fd = 9
Socket not ready, repolling fd = 9
Socket not ready, repolling fd = 9
Socket not ready, repolling fd = 9
Socket not ready, repolling fd = 9
Socket not ready, repolling fd = 9
Socket not ready, repolling fd = 9
Socket not ready, repolling fd = 9
Socket not ready, repolling fd = 9
Socket not ready, repolling fd = 9
Socket not ready, repolling fd = 9
Socket not ready, repolling fd = 9
Socket not ready, repolling fd = 9
Socket not ready, repolling fd = 9
Socket not ready, repolling fd = 9
Socket not ready, repolling fd = 9
Socket not ready, repolling fd = 9
Socket not ready, repolling fd = 9
Socket not ready, repolling fd = 9
Socket not ready, repolling fd = 9
Socket not ready, repolling fd = 9
Socket not ready, repolling fd = 9
Socket not ready, repolling fd = 9
Socket not ready, repolling fd = 9
Socket not ready, repolling fd = 9
Socket not ready, repolling fd = 9
Socket not ready, repolling fd = 9
Socket not ready, repolling fd = 9
Socket not ready, repolling fd = 9
Socket not ready, repolling fd = 9
Socket not ready, repolling fd = 9
Socket not ready, repolling fd = 9
Socket not ready, repolling fd = 9
Socket not ready, repolling fd = 9
Socket not ready, repolling fd = 9
Socket not ready, repolling fd = 9
Socket not ready, repolling fd = 9
Socket not ready, repolling fd = 9
Socket not ready, repolling fd = 9
Socket not ready, repolling fd = 9
Socket not ready, repolling fd = 9
Socket not ready, repolling fd = 9
Socket not ready, repolling fd = 9
Socket not ready, repolling fd = 9
Socket not ready, repolling fd = 9
Socket not ready, repolling fd = 9
Socket not ready, repolling fd = 9
Socket not ready, repolling fd = 9
Socket not ready, repolling fd = 9
Socket not ready, repolling fd = 9
Socket not ready, repolling fd = 9
Socket not ready, repolling fd = 9
Socket not ready, repolling fd = 9
Socket not ready, repolling fd = 9
Socket not ready, repolling fd = 9
Socket not ready, repolling fd = 9
Socket not ready, repolling fd = 9
Socket not ready, repolling fd = 9
Socket not ready, repolling fd = 9
Socket not ready, repolling fd = 9
Socket not ready, repolling fd = 9
Socket not ready, repolling fd = 9
Socket not ready, repolling fd = 9
Socket not ready, repolling fd = 9
Socket not ready, repolling fd = 9
Socket not ready, repolling fd = 9
Socket not ready, repolling fd = 9
Socket not ready, repolling fd = 9
Socket not ready, repolling fd = 9
Socket not ready, repolling fd = 9
Socket not ready, repolling fd = 9
Socket not ready, repolling fd = 9
Socket not ready, repolling fd = 9
Socket not ready, repolling fd = 9
Socket not ready, repolling fd = 9
Socket not ready, repolling fd = 9
Socket not ready, repolling fd = 9
Socket not ready, repolling fd = 9
Socket not ready, repolling fd = 9
Socket not ready, repolling fd = 9
Socket not ready, repolling fd = 9
Socket not ready, repolling fd = 9
Socket not ready, repolling fd = 9
Socket not ready, repolling fd = 9
Socket not ready, repolling fd = 9
Socket not ready, repolling fd = 9
Socket not ready, repolling fd = 9
Socket not ready, repolling fd = 9
Socket not ready, repolling fd = 9
Socket not ready, repolling fd = 9
Socket not ready, repolling fd = 9
Socket not ready, repolling fd = 9
Socket not ready, repolling fd = 9
Socket not ready, repolling fd = 9
Socket not ready, repolling fd = 9
Socket not ready, repolling fd = 9
Socket not ready, repolling fd = 9
Socket not ready, repolling fd = 9
Socket not ready, repolling fd = 9
Socket not ready, repolling fd = 9
Socket not ready, repolling fd = 9
Socket not ready, repolling fd = 9
Socket not ready, repolling fd = 9
Socket not ready, repolling fd = 9
Socket not ready, repolling fd = 9
Socket not ready, repolling fd = 9
Socket not ready, repolling fd = 9
Socket not ready, repolling fd = 9
Socket not ready, repolling fd = 9
Socket not ready, repolling fd = 9
Socket not ready, repolling fd = 9
Socket not ready, repolling fd = 9
Socket not ready, repolling fd = 9
Socket not ready, repolling fd = 9
Socket not ready, repolling fd = 9
Socket not ready, repolling fd = 9
Socket not ready, repolling fd = 9
Socket not ready, repolling fd = 9
Socket not ready, repolling fd = 9
Socket not ready, repolling fd = 9
Socket not ready, repolling fd = 9
Socket not ready, repolling fd = 9
Socket not ready, repolling fd = 9
Socket not ready, repolling fd = 9
Socket not ready, repolling fd = 9
Socket not ready, repolling fd = 9
Socket not ready, repolling fd = 9
Socket not ready, repolling fd = 9
Socket not ready, repolling fd = 9
Socket not ready, repolling fd = 9
Socket not ready, repolling fd = 9
Socket not ready, repolling fd = 9
Socket not ready, repolling fd = 9
Socket not ready, repolling fd = 9
Socket not ready, repolling fd = 9
Socket not ready, repolling fd = 9
Socket not ready, repolling fd = 9
Socket not ready, repolling fd = 9
Socket not ready, repolling fd = 9
Socket not ready, repolling fd = 9
Socket not ready, repolling fd = 9
Socket not ready, repolling fd = 9
Socket not ready, repolling fd = 9
Socket not ready, repolling fd = 9
Socket not ready, repolling fd = 9
Socket not ready, repolling fd = 9
Socket not ready, repolling fd = 9
Socket not ready, repolling fd = 9
Socket not ready, repolling fd = 9
Socket not ready, repolling fd = 9
Socket not ready, repolling fd = 9
Socket not ready, repolling fd = 9
Socket not ready, repolling fd = 9
Socket not ready, repolling fd = 9
Socket not ready, repolling fd = 9
Socket not ready, repolling fd = 9
Socket not ready, repolling fd = 9
Socket not ready, repolling fd = 9
Socket not ready, repolling fd = 9
Socket not ready, repolling fd = 9
Socket not ready, repolling fd = 9
Socket not ready, repolling fd = 9
Socket not ready, repolling fd = 9
Socket not ready, repolling fd = 9
Socket not ready, repolling fd = 9
Socket not ready, repolling fd = 9
Socket not ready, repolling fd = 9
Socket not ready, repolling fd = 9
Socket not ready, repolling fd = 9
Socket not ready, repolling fd = 9
Socket not ready, repolling fd = 9
Socket not ready, repolling fd = 9
Socket not ready, repolling fd = 9
Socket not ready, repolling fd = 9
Socket not ready, repolling fd = 9
Socket not ready, repolling fd = 9
Socket not ready, repolling fd = 9
Socket not ready, repolling fd = 9
Socket not ready, repolling fd = 9
Socket not ready, repolling fd = 9
Socket not ready, repolling fd = 9
Socket not ready, repolling fd = 9
Socket not ready, repolling fd = 9
Socket not ready, repolling fd = 9
Socket not ready, repolling fd = 9
Socket not ready, repolling fd = 9
Socket not ready, repolling fd = 9
Socket not ready, repolling fd = 9
Socket not ready, repolling fd = 9
Socket not ready, repolling fd = 9
Socket not ready, repolling fd = 9
Socket not ready, repolling fd = 9
Socket not ready, repolling fd = 9
Socket not ready, repolling fd = 9
Socket not ready, repolling fd = 9
Socket not ready, repolling fd = 9
Socket not ready, repolling fd = 9
Socket not ready, repolling fd = 9
Socket not ready, repolling fd = 9
Socket not ready, repolling fd = 9
Socket not ready, repolling fd = 9
Socket not ready, repolling fd = 9
Socket not ready, repolling fd = 9
Socket not ready, repolling fd = 9
Socket not ready, repolling fd = 9
Socket not ready, repolling fd = 9
Socket not ready, repolling fd = 9
Socket not ready, repolling fd = 9
Socket not ready, repolling fd = 9
Socket not ready, repolling fd = 9
Socket not ready, repolling fd = 9
Socket not ready, repolling fd = 9
Socket not ready, repolling fd = 9
Socket not ready, repolling fd = 9
Socket not ready, repolling fd = 9
Socket not ready, repolling fd = 9
Socket not ready, repolling fd = 9
Socket not ready, repolling fd = 9
Socket not ready, repolling fd = 9
Socket not ready, repolling fd = 9
Socket not ready, repolling fd = 9
Socket not ready, repolling fd = 9
Socket not ready, repolling fd = 9
Socket not ready, repolling fd = 9
Socket not ready, repolling fd = 9
Socket not ready, repolling fd = 9
Socket not ready, repolling fd = 9
Socket not ready, repolling fd = 9
Socket not ready, repolling fd = 9
Socket not ready, repolling fd = 9
Socket not ready, repolling fd = 9
Socket not ready, repolling fd = 9
Socket not ready, repolling fd = 9
Socket not ready, repolling fd = 9
Socket not ready, repolling fd = 9
Socket not ready, repolling fd = 9
Socket not ready, repolling fd = 9
Socket not ready, repolling fd = 9
Socket not ready, repolling fd = 9
Socket not ready, repolling fd = 9
Socket not ready, repolling fd = 9
Socket not ready, repolling fd = 9
Socket not ready, repolling fd = 9
Socket not ready, repolling fd = 9
Socket not ready, repolling fd = 9
Socket not ready, repolling fd = 9
Socket not ready, repolling fd = 9
Socket not ready, repolling fd = 9
Socket not ready, repolling fd = 9
Socket not ready, repolling fd = 9
Socket not ready, repolling fd = 9
Socket not ready, repolling fd = 9
Socket not ready, repolling fd = 9
Socket not ready, repolling fd = 9
Socket not ready, repolling fd = 9
Socket not ready, repolling fd = 9
Socket not ready, repolling fd = 9
Socket not ready, repolling fd = 9
Socket not ready, repolling fd = 9
Socket not ready, repolling fd = 9
Socket not ready, repolling fd = 9
Socket not ready, repolling fd = 9
Socket not ready, repolling fd = 9
Socket not ready, repolling fd = 9
Socket not ready, repolling fd = 9
Socket not ready, repolling fd = 9
Socket not ready, repolling fd = 9
Socket not ready, repolling fd = 9
Socket not ready, repolling fd = 9
Socket not ready, repolling fd = 9
Socket not ready, repolling fd = 9
Socket not ready, repolling fd = 9
Socket not ready, repolling fd = 9
Socket not ready, repolling fd = 9
Socket not ready, repolling fd = 9
Socket not ready, repolling fd = 9
Socket not ready, repolling fd = 9
Socket not ready, repolling fd = 9
Socket not ready, repolling fd = 9
Socket not ready, repolling fd = 9
Socket not ready, repolling fd = 9
Socket not ready, repolling fd = 9
Socket not ready, repolling fd = 9
Socket not ready, repolling fd = 9
Socket not ready, repolling fd = 9
Socket not ready, repolling fd = 9
Socket not ready, repolling fd = 9
Socket not ready, repolling fd = 9
Socket not ready, repolling fd = 9
Socket not ready, repolling fd = 9
Socket not ready, repolling fd = 9
Socket not ready, repolling fd = 9
Socket not ready, repolling fd = 9
Socket not ready, repolling fd = 9
Socket not ready, repolling fd = 9
Socket not ready, repolling fd = 9
Socket not ready, repolling fd = 9
Socket not ready, repolling fd = 9
Socket not ready, repolling fd = 9
Socket not ready, repolling fd = 9
Socket not ready, repolling fd = 9
Socket not ready, repolling fd = 9
Socket not ready, repolling fd = 9
Socket not ready, repolling fd = 9
Socket not ready, repolling fd = 9
Socket not ready, repolling fd = 9
Socket not ready, repolling fd = 9
Socket not ready, repolling fd = 9
Socket not ready, repolling fd = 9
Socket not ready, repolling fd = 9
Socket not ready, repolling fd = 9
Socket not ready, repolling fd = 9
Socket not ready, repolling fd = 9
Socket not ready, repolling fd = 9
Socket not ready, repolling fd = 9
Socket not ready, repolling fd = 9
Socket not ready, repolling fd = 9
Socket not ready, repolling fd = 9
Socket not ready, repolling fd = 9
Socket not ready, repolling fd = 9
Socket not ready, repolling fd = 9
Socket not ready, repolling fd = 9
Socket not ready, repolling fd = 9
Socket not ready, repolling fd = 9
Socket not ready, repolling fd = 9
Socket not ready, repolling fd = 9
Socket not ready, repolling fd = 9
Socket not ready, repolling fd = 9
Socket not ready, repolling fd = 9
Socket not ready, repolling fd = 9
Socket not ready, repolling fd = 9
Socket not ready, repolling fd = 9
Socket not ready, repolling fd = 9
Socket not ready, repolling fd = 9
Socket not ready, repolling fd = 9
Socket not ready, repolling fd = 9
Socket not ready, repolling fd = 9
Socket not ready, repolling fd = 9
Socket not ready, repolling fd = 9
Socket not ready, repolling fd = 9
Socket not ready, repolling fd = 9
Socket not ready, repolling fd = 9
Socket not ready, repolling fd = 9
Socket not ready, repolling fd = 9
Socket not ready, repolling fd = 9
Socket not ready, repolling fd = 9
Socket not ready, repolling fd = 9
Socket not ready, repolling fd = 9
Socket not ready, repolling fd = 9
Socket not ready, repolling fd = 9
Socket not ready, repolling fd = 9
Socket not ready, repolling fd = 9
Socket not ready, repolling fd = 9
Socket not ready, repolling fd = 9
Socket not ready, repolling fd = 9
Socket not ready, repolling fd = 9
Socket not ready, repolling fd = 9
Socket not ready, repolling fd = 9
Socket not ready, repolling fd = 9
Socket not ready, repolling fd = 9
Socket not ready, repolling fd = 9
Socket not ready, repolling fd = 9
Socket not ready, repolling fd = 9
Socket not ready, repolling fd = 9
Socket not ready, repolling fd = 9
Socket not ready, repolling fd = 9
Socket not ready, repolling fd = 9
Socket not ready, repolling fd = 9
Socket not ready, repolling fd = 9
Socket not ready, repolling fd = 9
Socket not ready, repolling fd = 9
Socket not ready, repolling fd = 9
Socket not ready, repolling fd = 9
Socket not ready, repolling fd = 9
Socket not ready, repolling fd = 9
Socket not ready, repolling fd = 9
Socket not ready, repolling fd = 9
Socket not ready, repolling fd = 9
Socket not ready, repolling fd = 9
Socket not ready, repolling fd = 9
Socket not ready, repolling fd = 9
Socket not ready, repolling fd = 9
Socket not ready, repolling fd = 9
Socket not ready, repolling fd = 9
Socket not ready, repolling fd = 9
Socket not ready, repolling fd = 9
Socket not ready, repolling fd = 9
Socket not ready, repolling fd = 9
Socket not ready, repolling fd = 9
Socket not ready, repolling fd = 9
Socket not ready, repolling fd = 9
Socket not ready, repolling fd = 9
Socket not ready, repolling fd = 9
Socket not ready, repolling fd = 9
Socket not ready, repolling fd = 9
Socket not ready, repolling fd = 9
Socket not ready, repolling fd = 9
Socket not ready, repolling fd = 9
Socket not ready, repolling fd = 9
Socket not ready, repolling fd = 9
Socket not ready, repolling fd = 9
Socket not ready, repolling fd = 9
Socket not ready, repolling fd = 9
Socket not ready, repolling fd = 9
Socket not ready, repolling fd = 9
Socket not ready, repolling fd = 9
Socket not ready, repolling fd = 9
Socket not ready, repolling fd = 9
Socket not ready, repolling fd = 9
Socket not ready, repolling fd = 9
Socket not ready, repolling fd = 9
Socket not ready, repolling fd = 9
Socket not ready, repolling fd = 9
Socket not ready, repolling fd = 9
Socket not ready, repolling fd = 9
Socket not ready, repolling fd = 9
Socket not ready, repolling fd = 9
Socket not ready, repolling fd = 9
Socket not ready, repolling fd = 9
Socket not ready, repolling fd = 9
Socket not ready, repolling fd = 9
Socket not ready, repolling fd = 9
Socket not ready, repolling fd = 9
Socket not ready, repolling fd = 9
Socket not ready, repolling fd = 9
Socket not ready, repolling fd = 9
Socket not ready, repolling fd = 9
Socket not ready, repolling fd = 9
Socket not ready, repolling fd = 9
Socket not ready, repolling fd = 9
Socket not ready, repolling fd = 9
Socket not ready, repolling fd = 9
Socket not ready, repolling fd = 9
Socket not ready, repolling fd = 9
Socket not ready, repolling fd = 9
Socket not ready, repolling fd = 9
Socket not ready, repolling fd = 9
Socket not ready, repolling fd = 9
Socket not ready, repolling fd = 9
Socket not ready, repolling fd = 9
Socket not ready, repolling fd = 9
Socket not ready, repolling fd = 9
Socket not ready, repolling fd = 9
Socket not ready, repolling fd = 9
Socket not ready, repolling fd = 9
Socket not ready, repolling fd = 9
Socket not ready, repolling fd = 9
Socket not ready, repolling fd = 9
Socket not ready, repolling fd = 9
Socket not ready, repolling fd = 9
Socket not ready, repolling fd = 9
Socket not ready, repolling fd = 9
Socket not ready, repolling fd = 9
Socket not ready, repolling fd = 9
Socket not ready, repolling fd = 9
Socket not ready, repolling fd = 9
Socket not ready, repolling fd = 9
Socket not ready, repolling fd = 9
Socket not ready, repolling fd = 9
Socket not ready, repolling fd = 9
Socket not ready, repolling fd = 9
Socket not ready, repolling fd = 9
Socket not ready, repolling fd = 9
Socket not ready, repolling fd = 9
Socket not ready, repolling fd = 9
Socket not ready, repolling fd = 9
Socket not ready, repolling fd = 9
Socket not ready, repolling fd = 9
Socket not ready, repolling fd = 9
Socket not ready, repolling fd = 9
Socket not ready, repolling fd = 9
Socket not ready, repolling fd = 9
Socket not ready, repolling fd = 9
Socket not ready, repolling fd = 9
Socket not ready, repolling fd = 9
Socket not ready, repolling fd = 9
Socket not ready, repolling fd = 9
Socket not ready, repolling fd = 9
Socket not ready, repolling fd = 9
Socket not ready, repolling fd = 9
Socket not ready, repolling fd = 9
Socket not ready, repolling fd = 9
Socket not ready, repolling fd = 9
Socket not ready, repolling fd = 9
Socket not ready, repolling fd = 9
Socket not ready, repolling fd = 9
Socket not ready, repolling fd = 9
Socket not ready, repolling fd = 9
Socket not ready, repolling fd = 9
Socket not ready, repolling fd = 9
Socket not ready, repolling fd = 9
Socket not ready, repolling fd = 9
Socket not ready, repolling fd = 9
Socket not ready, repolling fd = 9
Socket not ready, repolling fd = 9
Socket not ready, repolling fd = 9
Socket not ready, repolling fd = 9
Socket not ready, repolling fd = 9
Socket not ready, repolling fd = 9
Socket not ready, repolling fd = 9
Socket not ready, repolling fd = 9
Socket not ready, repolling fd = 9
Socket not ready, repolling fd = 9
Socket not ready, repolling fd = 9
Socket not ready, repolling fd = 9
Socket not ready, repolling fd = 9
Socket not ready, repolling fd = 9
Socket not ready, repolling fd = 9
Socket not ready, repolling fd = 9
Socket not ready, repolling fd = 9
Socket not ready, repolling fd = 9
Socket not ready, repolling fd = 9
Socket not ready, repolling fd = 9
Socket not ready, repolling fd = 9
Socket not ready, repolling fd = 9
Socket not ready, repolling fd = 9
Socket not ready, repolling fd = 9
Socket not ready, repolling fd = 9
Socket not ready, repolling fd = 9
Socket not ready, repolling fd = 9
Socket not ready, repolling fd = 9
Socket not ready, repolling fd = 9
Socket not ready, repolling fd = 9
Socket not ready, repolling fd = 9
Socket not ready, repolling fd = 9
Socket not ready, repolling fd = 9
Socket not ready, repolling fd = 9
Socket not ready, repolling fd = 9
Socket not ready, repolling fd = 9
Socket not ready, repolling fd = 9
Socket not ready, repolling fd = 9
Socket not ready, repolling fd = 9
Socket not ready, repolling fd = 9
Socket not ready, repolling fd = 9
Socket not ready, repolling fd = 9
Socket not ready, repolling fd = 9
Socket not ready, repolling fd = 9
Socket not ready, repolling fd = 9
Socket not ready, repolling fd = 9
Socket not ready, repolling fd = 9
Socket not ready, repolling fd = 9
Socket not ready, repolling fd = 9
Socket not ready, repolling fd = 9
Socket not ready, repolling fd = 9
Socket not ready, repolling fd = 9
Socket not ready, repolling fd = 9
Socket not ready, repolling fd = 9
Socket not ready, repolling fd = 9
Socket not ready, repolling fd = 9
Socket not ready, repolling fd = 9
Socket not ready, repolling fd = 9
Socket not ready, repolling fd = 9
Socket not ready, repolling fd = 9
Socket not ready, repolling fd = 9
Socket not ready, repolling fd = 9
Socket not ready, repolling fd = 9
Socket not ready, repolling fd = 9
Socket not ready, repolling fd = 9
Socket not ready, repolling fd = 9
Socket not ready, repolling fd = 9
Socket not ready, repolling fd = 9
Socket not ready, repolling fd = 9
Socket not ready, repolling fd = 9
Socket not ready, repolling fd = 9
Socket not ready, repolling fd = 9
Socket not ready, repolling fd = 9
Socket not ready, repolling fd = 9
Socket not ready, repolling fd = 9
Socket not ready, repolling fd = 9
Socket not ready, repolling fd = 9
Socket not ready, repolling fd = 9
Socket not ready, repolling fd = 9
Socket not ready, repolling fd = 9
Socket not ready, repolling fd = 9
Socket not ready, repolling fd = 9
Socket not ready, repolling fd = 9
Socket not ready, repolling fd = 9
Socket not ready, repolling fd = 9
Socket not ready, repolling fd = 9
Socket not ready, repolling fd = 9
Socket not ready, repolling fd = 9
Socket not ready, repolling fd = 9
Socket not ready, repolling fd = 9
Socket not ready, repolling fd = 9
Socket not ready, repolling fd = 9
Socket not ready, repolling fd = 9
Socket not ready, repolling fd = 9
Socket not ready, repolling fd = 9
Socket not ready, repolling fd = 9
Socket not ready, repolling fd = 9
Socket not ready, repolling fd = 9
Socket not ready, repolling fd = 9
Socket not ready, repolling fd = 9
Socket not ready, repolling fd = 9
Socket not ready, repolling fd = 9
Socket not ready, repolling fd = 9
Socket not ready, repolling fd = 9
Socket not ready, repolling fd = 9
Socket not ready, repolling fd = 9
Socket not ready, repolling fd = 9
Socket not ready, repolling fd = 9
Socket not ready, repolling fd = 9
Socket not ready, repolling fd = 9
Socket not ready, repolling fd = 9
Socket not ready, repolling fd = 9
Socket not ready, repolling fd = 9
Socket not ready, repolling fd = 9
Socket not ready, repolling fd = 9
Socket not ready, repolling fd = 9
Socket not ready, repolling fd = 9
Socket not ready, repolling fd = 9
Socket not ready, repolling fd = 9
Socket not ready, repolling fd = 9
Socket not ready, repolling fd = 9
Socket not ready, repolling fd = 9
Socket not ready, repolling fd = 9
Socket not ready, repolling fd = 9
Socket not ready, repolling fd = 9
Socket not ready, repolling fd = 9
Socket not ready, repolling fd = 9
Socket not ready, repolling fd = 9
Socket not ready, repolling fd = 9
Socket not ready, repolling fd = 9
Socket not ready, repolling fd = 9
Socket not ready, repolling fd = 9
Socket not ready, repolling fd = 9
Socket not ready, repolling fd = 9
Socket not ready, repolling fd = 9
Socket not ready, repolling fd = 9
Socket not ready, repolling fd = 9
Socket not ready, repolling fd = 9
Socket not ready, repolling fd = 9
Socket not ready, repolling fd = 9
Socket not ready, repolling fd = 9
Socket not ready, repolling fd = 9
Socket not ready, repolling fd = 9
Socket not ready, repolling fd = 9
Socket not ready, repolling fd = 9
Socket not ready, repolling fd = 9
Socket not ready, repolling fd = 9
Socket not ready, repolling fd = 9
Socket not ready, repolling fd = 9
Socket not ready, repolling fd = 9
Socket not ready, repolling fd = 9
Socket not ready, repolling fd = 9
Socket not ready, repolling fd = 9
Socket not ready, repolling fd = 9
Socket not ready, repolling fd = 9
Socket not ready, repolling fd = 9
Socket not ready, repolling fd = 9
Socket not ready, repolling fd = 9
Socket not ready, repolling fd = 9
Socket not ready, repolling fd = 9
Socket not ready, repolling fd = 9
Socket not ready, repolling fd = 9
Socket not ready, repolling fd = 9
Socket not ready, repolling fd = 9
Socket not ready, repolling fd = 9
Socket not ready, repolling fd = 9
Socket not ready, repolling fd = 9
Socket not ready, repolling fd = 9
Socket not ready, repolling fd = 9
Socket not ready, repolling fd = 9
Socket not ready, repolling fd = 9
Socket not ready, repolling fd = 9
Socket not ready, repolling fd = 9
Socket not ready, repolling fd = 9
Socket not ready, repolling fd = 9
Socket not ready, repolling fd = 9
Socket not ready, repolling fd = 9
Socket not ready, repolling fd = 9
Socket not ready, repolling fd = 9
Socket not ready, repolling fd = 9
Socket not ready, repolling fd = 9
Socket not ready, repolling fd = 9
Socket not ready, repolling fd = 9
Socket not ready, repolling fd = 9
Socket not ready, repolling fd = 9
Socket not ready, repolling fd = 9
Socket not ready, repolling fd = 9
Socket not ready, repolling fd = 9
Socket not ready, repolling fd = 9
Socket not ready, repolling fd = 9
Socket not ready, repolling fd = 9
Socket not ready, repolling fd = 9
Socket not ready, repolling fd = 9
Socket not ready, repolling fd = 9
Socket not ready, repolling fd = 9
Socket not ready, repolling fd = 9
Socket not ready, repolling fd = 9
Socket not ready, repolling fd = 9
Socket not ready, repolling fd = 9
Socket not ready, repolling fd = 9
Socket not ready, repolling fd = 9
Socket not ready, repolling fd = 9
Socket not ready, repolling fd = 9
Socket not ready, repolling fd = 9
Socket not ready, repolling fd = 9
Socket not ready, repolling fd = 9
Socket not ready, repolling fd = 9
Socket not ready, repolling fd = 9
Socket not ready, repolling fd = 9
Socket not ready, repolling fd = 9
Socket not ready, repolling fd = 9
Socket not ready, repolling fd = 9
Socket not ready, repolling fd = 9
Socket not ready, repolling fd = 9
Socket not ready, repolling fd = 9
Socket not ready, repolling fd = 9
Socket not ready, repolling fd = 9
Socket not ready, repolling fd = 9
Socket not ready, repolling fd = 9
Socket not ready, repolling fd = 9
Socket not ready, repolling fd = 9
Socket not ready, repolling fd = 9
Socket not ready, repolling fd = 9
Socket not ready, repolling fd = 9
Socket not ready, repolling fd = 9
Socket not ready, repolling fd = 9
Socket not ready, repolling fd = 9
Socket not ready, repolling fd = 9
Socket not ready, repolling fd = 9
Socket not ready, repolling fd = 9
Socket not ready, repolling fd = 9
Socket not ready, repolling fd = 9
Socket not ready, repolling fd = 9
Socket not ready, repolling fd = 9
Socket not ready, repolling fd = 9
Socket not ready, repolling fd = 9
Socket not ready, repolling fd = 9
Socket not ready, repolling fd = 9
Socket not ready, repolling fd = 9
Socket not ready, repolling fd = 9
Socket not ready, repolling fd = 9
Socket not ready, repolling fd = 9
Socket not ready, repolling fd = 9
Socket not ready, repolling fd = 9
Socket not ready, repolling fd = 9
Socket not ready, repolling fd = 9
Socket not ready, repolling fd = 9
Socket not ready, repolling fd = 9
Socket not ready, repolling fd = 9
Socket not ready, repolling fd = 9
Socket not ready, repolling fd = 9
Socket not ready, repolling fd = 9
Socket not ready, repolling fd = 9
Socket not ready, repolling fd = 9
Socket not ready, repolling fd = 9
Socket not ready, repolling fd = 9
Socket not ready, repolling fd = 9
Socket not ready, repolling fd = 9
Socket not ready, repolling fd = 9
Socket not ready, repolling fd = 9
Socket not ready, repolling fd = 9
Socket not ready, repolling fd = 9
Socket not ready, repolling fd = 9
Socket not ready, repolling fd = 9
Socket not ready, repolling fd = 9
Socket not ready, repolling fd = 9
Socket not ready, repolling fd = 9
Socket not ready, repolling fd = 9
Socket not ready, repolling fd = 9
Socket not ready, repolling fd = 9
Socket not ready, repolling fd = 9
Socket not ready, repolling fd = 9
Socket not ready, repolling fd = 9
Socket not ready, repolling fd = 9
Socket not ready, repolling fd = 9
Socket not ready, repolling fd = 9
Socket not ready, repolling fd = 9
Socket not ready, repolling fd = 9
Socket not ready, repolling fd = 9
Socket not ready, repolling fd = 9
Socket not ready, repolling fd = 9
Socket not ready, repolling fd = 9
Socket not ready, repolling fd = 9
Socket not ready, repolling fd = 9
Socket not ready, repolling fd = 9
Stopping http server...
Closing epoll
Socket not ready, repolling fd = 8
Server died when recving
Disposing socket
Killing workers
Stopping worker 0
Socket not ready, repolling fd = 7
Server died when recving
Disposing socket
Closing socket: 7
Socket not ready, repolling fd = 9
Closing socket: 8
Worker stopped
HTTP Worker 0 killed
Stopping worker 1
Worker stopped
Server died when recving
Disposing socket
Closing socket: 9
HTTP Worker 1 killed
Stopping worker 2
Worker stopped
HTTP Worker 2 killed
Cleaning up stray connections
Closing socket: 5
Cleaning up extra cache stuff
